[2025-07-04T12:26:27.088+0530] {processor.py:161} INFO - Started process (PID=25107) to work on /home/tejhanagarajan/Projects/small-projects/NewsImpact/venv/lib64/python3.10/site-packages/airflow/example_dags/plugins/event_listener.py
[2025-07-04T12:26:27.088+0530] {processor.py:830} INFO - Processing file /home/tejhanagarajan/Projects/small-projects/NewsImpact/venv/lib64/python3.10/site-packages/airflow/example_dags/plugins/event_listener.py for tasks to queue
[2025-07-04T12:26:27.089+0530] {logging_mixin.py:188} INFO - [2025-07-04T12:26:27.089+0530] {dagbag.py:538} INFO - Filling up the DagBag from /home/tejhanagarajan/Projects/small-projects/NewsImpact/venv/lib64/python3.10/site-packages/airflow/example_dags/plugins/event_listener.py
[2025-07-04T12:26:27.090+0530] {processor.py:842} WARNING - No viable dags retrieved from /home/tejhanagarajan/Projects/small-projects/NewsImpact/venv/lib64/python3.10/site-packages/airflow/example_dags/plugins/event_listener.py
[2025-07-04T12:26:27.096+0530] {processor.py:183} INFO - Processing /home/tejhanagarajan/Projects/small-projects/NewsImpact/venv/lib64/python3.10/site-packages/airflow/example_dags/plugins/event_listener.py took 0.010 seconds
[2025-07-04T12:27:20.640+0530] {processor.py:161} INFO - Started process (PID=25498) to work on /home/tejhanagarajan/Projects/small-projects/NewsImpact/venv/lib64/python3.10/site-packages/airflow/example_dags/plugins/event_listener.py
[2025-07-04T12:27:20.641+0530] {processor.py:830} INFO - Processing file /home/tejhanagarajan/Projects/small-projects/NewsImpact/venv/lib64/python3.10/site-packages/airflow/example_dags/plugins/event_listener.py for tasks to queue
[2025-07-04T12:27:20.642+0530] {logging_mixin.py:188} INFO - [2025-07-04T12:27:20.641+0530] {dagbag.py:538} INFO - Filling up the DagBag from /home/tejhanagarajan/Projects/small-projects/NewsImpact/venv/lib64/python3.10/site-packages/airflow/example_dags/plugins/event_listener.py
[2025-07-04T12:27:20.644+0530] {processor.py:842} WARNING - No viable dags retrieved from /home/tejhanagarajan/Projects/small-projects/NewsImpact/venv/lib64/python3.10/site-packages/airflow/example_dags/plugins/event_listener.py
[2025-07-04T12:27:20.649+0530] {processor.py:183} INFO - Processing /home/tejhanagarajan/Projects/small-projects/NewsImpact/venv/lib64/python3.10/site-packages/airflow/example_dags/plugins/event_listener.py took 0.011 seconds
[2025-07-04T12:27:59.670+0530] {processor.py:161} INFO - Started process (PID=25788) to work on /home/tejhanagarajan/Projects/small-projects/NewsImpact/venv/lib64/python3.10/site-packages/airflow/example_dags/plugins/event_listener.py
[2025-07-04T12:27:59.670+0530] {processor.py:830} INFO - Processing file /home/tejhanagarajan/Projects/small-projects/NewsImpact/venv/lib64/python3.10/site-packages/airflow/example_dags/plugins/event_listener.py for tasks to queue
[2025-07-04T12:27:59.671+0530] {logging_mixin.py:188} INFO - [2025-07-04T12:27:59.671+0530] {dagbag.py:538} INFO - Filling up the DagBag from /home/tejhanagarajan/Projects/small-projects/NewsImpact/venv/lib64/python3.10/site-packages/airflow/example_dags/plugins/event_listener.py
[2025-07-04T12:27:59.673+0530] {processor.py:842} WARNING - No viable dags retrieved from /home/tejhanagarajan/Projects/small-projects/NewsImpact/venv/lib64/python3.10/site-packages/airflow/example_dags/plugins/event_listener.py
[2025-07-04T12:27:59.678+0530] {processor.py:183} INFO - Processing /home/tejhanagarajan/Projects/small-projects/NewsImpact/venv/lib64/python3.10/site-packages/airflow/example_dags/plugins/event_listener.py took 0.011 seconds
[2025-07-04T12:28:37.779+0530] {processor.py:161} INFO - Started process (PID=26136) to work on /home/tejhanagarajan/Projects/small-projects/NewsImpact/venv/lib64/python3.10/site-packages/airflow/example_dags/plugins/event_listener.py
[2025-07-04T12:28:37.779+0530] {processor.py:830} INFO - Processing file /home/tejhanagarajan/Projects/small-projects/NewsImpact/venv/lib64/python3.10/site-packages/airflow/example_dags/plugins/event_listener.py for tasks to queue
[2025-07-04T12:28:37.780+0530] {logging_mixin.py:188} INFO - [2025-07-04T12:28:37.780+0530] {dagbag.py:538} INFO - Filling up the DagBag from /home/tejhanagarajan/Projects/small-projects/NewsImpact/venv/lib64/python3.10/site-packages/airflow/example_dags/plugins/event_listener.py
[2025-07-04T12:28:37.781+0530] {processor.py:842} WARNING - No viable dags retrieved from /home/tejhanagarajan/Projects/small-projects/NewsImpact/venv/lib64/python3.10/site-packages/airflow/example_dags/plugins/event_listener.py
[2025-07-04T12:28:37.785+0530] {processor.py:183} INFO - Processing /home/tejhanagarajan/Projects/small-projects/NewsImpact/venv/lib64/python3.10/site-packages/airflow/example_dags/plugins/event_listener.py took 0.008 seconds
[2025-07-04T12:29:17.614+0530] {processor.py:161} INFO - Started process (PID=26486) to work on /home/tejhanagarajan/Projects/small-projects/NewsImpact/venv/lib64/python3.10/site-packages/airflow/example_dags/plugins/event_listener.py
[2025-07-04T12:29:17.616+0530] {processor.py:830} INFO - Processing file /home/tejhanagarajan/Projects/small-projects/NewsImpact/venv/lib64/python3.10/site-packages/airflow/example_dags/plugins/event_listener.py for tasks to queue
[2025-07-04T12:29:17.617+0530] {logging_mixin.py:188} INFO - [2025-07-04T12:29:17.616+0530] {dagbag.py:538} INFO - Filling up the DagBag from /home/tejhanagarajan/Projects/small-projects/NewsImpact/venv/lib64/python3.10/site-packages/airflow/example_dags/plugins/event_listener.py
[2025-07-04T12:29:17.618+0530] {processor.py:842} WARNING - No viable dags retrieved from /home/tejhanagarajan/Projects/small-projects/NewsImpact/venv/lib64/python3.10/site-packages/airflow/example_dags/plugins/event_listener.py
[2025-07-04T12:29:17.622+0530] {processor.py:183} INFO - Processing /home/tejhanagarajan/Projects/small-projects/NewsImpact/venv/lib64/python3.10/site-packages/airflow/example_dags/plugins/event_listener.py took 0.010 seconds
[2025-07-04T12:29:53.995+0530] {processor.py:161} INFO - Started process (PID=26760) to work on /home/tejhanagarajan/Projects/small-projects/NewsImpact/venv/lib64/python3.10/site-packages/airflow/example_dags/plugins/event_listener.py
[2025-07-04T12:29:53.997+0530] {processor.py:830} INFO - Processing file /home/tejhanagarajan/Projects/small-projects/NewsImpact/venv/lib64/python3.10/site-packages/airflow/example_dags/plugins/event_listener.py for tasks to queue
[2025-07-04T12:29:53.998+0530] {logging_mixin.py:188} INFO - [2025-07-04T12:29:53.998+0530] {dagbag.py:538} INFO - Filling up the DagBag from /home/tejhanagarajan/Projects/small-projects/NewsImpact/venv/lib64/python3.10/site-packages/airflow/example_dags/plugins/event_listener.py
[2025-07-04T12:29:54.000+0530] {processor.py:842} WARNING - No viable dags retrieved from /home/tejhanagarajan/Projects/small-projects/NewsImpact/venv/lib64/python3.10/site-packages/airflow/example_dags/plugins/event_listener.py
[2025-07-04T12:29:54.005+0530] {processor.py:183} INFO - Processing /home/tejhanagarajan/Projects/small-projects/NewsImpact/venv/lib64/python3.10/site-packages/airflow/example_dags/plugins/event_listener.py took 0.012 seconds
[2025-07-04T12:30:41.765+0530] {processor.py:161} INFO - Started process (PID=27088) to work on /home/tejhanagarajan/Projects/small-projects/NewsImpact/venv/lib64/python3.10/site-packages/airflow/example_dags/plugins/event_listener.py
[2025-07-04T12:30:41.768+0530] {processor.py:830} INFO - Processing file /home/tejhanagarajan/Projects/small-projects/NewsImpact/venv/lib64/python3.10/site-packages/airflow/example_dags/plugins/event_listener.py for tasks to queue
[2025-07-04T12:30:41.768+0530] {logging_mixin.py:188} INFO - [2025-07-04T12:30:41.768+0530] {dagbag.py:538} INFO - Filling up the DagBag from /home/tejhanagarajan/Projects/small-projects/NewsImpact/venv/lib64/python3.10/site-packages/airflow/example_dags/plugins/event_listener.py
[2025-07-04T12:30:41.770+0530] {processor.py:842} WARNING - No viable dags retrieved from /home/tejhanagarajan/Projects/small-projects/NewsImpact/venv/lib64/python3.10/site-packages/airflow/example_dags/plugins/event_listener.py
[2025-07-04T12:30:41.774+0530] {processor.py:183} INFO - Processing /home/tejhanagarajan/Projects/small-projects/NewsImpact/venv/lib64/python3.10/site-packages/airflow/example_dags/plugins/event_listener.py took 0.012 seconds
[2025-07-04T12:32:55.838+0530] {processor.py:161} INFO - Started process (PID=30003) to work on /home/tejhanagarajan/Projects/small-projects/NewsImpact/venv/lib64/python3.10/site-packages/airflow/example_dags/plugins/event_listener.py
[2025-07-04T12:32:55.841+0530] {processor.py:830} INFO - Processing file /home/tejhanagarajan/Projects/small-projects/NewsImpact/venv/lib64/python3.10/site-packages/airflow/example_dags/plugins/event_listener.py for tasks to queue
[2025-07-04T12:32:55.842+0530] {logging_mixin.py:188} INFO - [2025-07-04T12:32:55.841+0530] {dagbag.py:538} INFO - Filling up the DagBag from /home/tejhanagarajan/Projects/small-projects/NewsImpact/venv/lib64/python3.10/site-packages/airflow/example_dags/plugins/event_listener.py
[2025-07-04T12:32:55.844+0530] {processor.py:842} WARNING - No viable dags retrieved from /home/tejhanagarajan/Projects/small-projects/NewsImpact/venv/lib64/python3.10/site-packages/airflow/example_dags/plugins/event_listener.py
[2025-07-04T12:32:55.849+0530] {processor.py:183} INFO - Processing /home/tejhanagarajan/Projects/small-projects/NewsImpact/venv/lib64/python3.10/site-packages/airflow/example_dags/plugins/event_listener.py took 0.012 seconds
[2025-07-04T12:33:43.379+0530] {processor.py:161} INFO - Started process (PID=30339) to work on /home/tejhanagarajan/Projects/small-projects/NewsImpact/venv/lib64/python3.10/site-packages/airflow/example_dags/plugins/event_listener.py
[2025-07-04T12:33:43.381+0530] {processor.py:830} INFO - Processing file /home/tejhanagarajan/Projects/small-projects/NewsImpact/venv/lib64/python3.10/site-packages/airflow/example_dags/plugins/event_listener.py for tasks to queue
[2025-07-04T12:33:43.381+0530] {logging_mixin.py:188} INFO - [2025-07-04T12:33:43.381+0530] {dagbag.py:538} INFO - Filling up the DagBag from /home/tejhanagarajan/Projects/small-projects/NewsImpact/venv/lib64/python3.10/site-packages/airflow/example_dags/plugins/event_listener.py
[2025-07-04T12:33:43.382+0530] {processor.py:842} WARNING - No viable dags retrieved from /home/tejhanagarajan/Projects/small-projects/NewsImpact/venv/lib64/python3.10/site-packages/airflow/example_dags/plugins/event_listener.py
[2025-07-04T12:33:43.387+0530] {processor.py:183} INFO - Processing /home/tejhanagarajan/Projects/small-projects/NewsImpact/venv/lib64/python3.10/site-packages/airflow/example_dags/plugins/event_listener.py took 0.011 seconds
[2025-07-04T12:34:17.912+0530] {processor.py:161} INFO - Started process (PID=30845) to work on /home/tejhanagarajan/Projects/small-projects/NewsImpact/venv/lib64/python3.10/site-packages/airflow/example_dags/plugins/event_listener.py
[2025-07-04T12:34:17.914+0530] {processor.py:830} INFO - Processing file /home/tejhanagarajan/Projects/small-projects/NewsImpact/venv/lib64/python3.10/site-packages/airflow/example_dags/plugins/event_listener.py for tasks to queue
[2025-07-04T12:34:17.915+0530] {logging_mixin.py:188} INFO - [2025-07-04T12:34:17.915+0530] {dagbag.py:538} INFO - Filling up the DagBag from /home/tejhanagarajan/Projects/small-projects/NewsImpact/venv/lib64/python3.10/site-packages/airflow/example_dags/plugins/event_listener.py
[2025-07-04T12:34:17.916+0530] {processor.py:842} WARNING - No viable dags retrieved from /home/tejhanagarajan/Projects/small-projects/NewsImpact/venv/lib64/python3.10/site-packages/airflow/example_dags/plugins/event_listener.py
[2025-07-04T12:34:17.923+0530] {processor.py:183} INFO - Processing /home/tejhanagarajan/Projects/small-projects/NewsImpact/venv/lib64/python3.10/site-packages/airflow/example_dags/plugins/event_listener.py took 0.012 seconds
[2025-07-04T12:34:51.540+0530] {processor.py:161} INFO - Started process (PID=31091) to work on /home/tejhanagarajan/Projects/small-projects/NewsImpact/venv/lib64/python3.10/site-packages/airflow/example_dags/plugins/event_listener.py
[2025-07-04T12:34:51.545+0530] {processor.py:830} INFO - Processing file /home/tejhanagarajan/Projects/small-projects/NewsImpact/venv/lib64/python3.10/site-packages/airflow/example_dags/plugins/event_listener.py for tasks to queue
[2025-07-04T12:34:51.547+0530] {logging_mixin.py:188} INFO - [2025-07-04T12:34:51.546+0530] {dagbag.py:538} INFO - Filling up the DagBag from /home/tejhanagarajan/Projects/small-projects/NewsImpact/venv/lib64/python3.10/site-packages/airflow/example_dags/plugins/event_listener.py
[2025-07-04T12:34:51.549+0530] {processor.py:842} WARNING - No viable dags retrieved from /home/tejhanagarajan/Projects/small-projects/NewsImpact/venv/lib64/python3.10/site-packages/airflow/example_dags/plugins/event_listener.py
[2025-07-04T12:34:51.554+0530] {processor.py:183} INFO - Processing /home/tejhanagarajan/Projects/small-projects/NewsImpact/venv/lib64/python3.10/site-packages/airflow/example_dags/plugins/event_listener.py took 0.016 seconds
[2025-07-04T12:35:28.773+0530] {processor.py:161} INFO - Started process (PID=31342) to work on /home/tejhanagarajan/Projects/small-projects/NewsImpact/venv/lib64/python3.10/site-packages/airflow/example_dags/plugins/event_listener.py
[2025-07-04T12:35:28.776+0530] {processor.py:830} INFO - Processing file /home/tejhanagarajan/Projects/small-projects/NewsImpact/venv/lib64/python3.10/site-packages/airflow/example_dags/plugins/event_listener.py for tasks to queue
[2025-07-04T12:35:28.778+0530] {logging_mixin.py:188} INFO - [2025-07-04T12:35:28.777+0530] {dagbag.py:538} INFO - Filling up the DagBag from /home/tejhanagarajan/Projects/small-projects/NewsImpact/venv/lib64/python3.10/site-packages/airflow/example_dags/plugins/event_listener.py
[2025-07-04T12:35:28.781+0530] {processor.py:842} WARNING - No viable dags retrieved from /home/tejhanagarajan/Projects/small-projects/NewsImpact/venv/lib64/python3.10/site-packages/airflow/example_dags/plugins/event_listener.py
[2025-07-04T12:35:28.787+0530] {processor.py:183} INFO - Processing /home/tejhanagarajan/Projects/small-projects/NewsImpact/venv/lib64/python3.10/site-packages/airflow/example_dags/plugins/event_listener.py took 0.017 seconds
[2025-07-04T12:36:05.782+0530] {processor.py:161} INFO - Started process (PID=31694) to work on /home/tejhanagarajan/Projects/small-projects/NewsImpact/venv/lib64/python3.10/site-packages/airflow/example_dags/plugins/event_listener.py
[2025-07-04T12:36:05.784+0530] {processor.py:830} INFO - Processing file /home/tejhanagarajan/Projects/small-projects/NewsImpact/venv/lib64/python3.10/site-packages/airflow/example_dags/plugins/event_listener.py for tasks to queue
[2025-07-04T12:36:05.785+0530] {logging_mixin.py:188} INFO - [2025-07-04T12:36:05.785+0530] {dagbag.py:538} INFO - Filling up the DagBag from /home/tejhanagarajan/Projects/small-projects/NewsImpact/venv/lib64/python3.10/site-packages/airflow/example_dags/plugins/event_listener.py
[2025-07-04T12:36:05.786+0530] {processor.py:842} WARNING - No viable dags retrieved from /home/tejhanagarajan/Projects/small-projects/NewsImpact/venv/lib64/python3.10/site-packages/airflow/example_dags/plugins/event_listener.py
[2025-07-04T12:36:05.791+0530] {processor.py:183} INFO - Processing /home/tejhanagarajan/Projects/small-projects/NewsImpact/venv/lib64/python3.10/site-packages/airflow/example_dags/plugins/event_listener.py took 0.011 seconds
[2025-07-04T12:36:42.476+0530] {processor.py:161} INFO - Started process (PID=32103) to work on /home/tejhanagarajan/Projects/small-projects/NewsImpact/venv/lib64/python3.10/site-packages/airflow/example_dags/plugins/event_listener.py
[2025-07-04T12:36:42.479+0530] {processor.py:830} INFO - Processing file /home/tejhanagarajan/Projects/small-projects/NewsImpact/venv/lib64/python3.10/site-packages/airflow/example_dags/plugins/event_listener.py for tasks to queue
[2025-07-04T12:36:42.480+0530] {logging_mixin.py:188} INFO - [2025-07-04T12:36:42.480+0530] {dagbag.py:538} INFO - Filling up the DagBag from /home/tejhanagarajan/Projects/small-projects/NewsImpact/venv/lib64/python3.10/site-packages/airflow/example_dags/plugins/event_listener.py
[2025-07-04T12:36:42.482+0530] {processor.py:842} WARNING - No viable dags retrieved from /home/tejhanagarajan/Projects/small-projects/NewsImpact/venv/lib64/python3.10/site-packages/airflow/example_dags/plugins/event_listener.py
[2025-07-04T12:36:42.488+0530] {processor.py:183} INFO - Processing /home/tejhanagarajan/Projects/small-projects/NewsImpact/venv/lib64/python3.10/site-packages/airflow/example_dags/plugins/event_listener.py took 0.014 seconds
[2025-07-04T12:37:15.471+0530] {processor.py:161} INFO - Started process (PID=32342) to work on /home/tejhanagarajan/Projects/small-projects/NewsImpact/venv/lib64/python3.10/site-packages/airflow/example_dags/plugins/event_listener.py
[2025-07-04T12:37:15.473+0530] {processor.py:830} INFO - Processing file /home/tejhanagarajan/Projects/small-projects/NewsImpact/venv/lib64/python3.10/site-packages/airflow/example_dags/plugins/event_listener.py for tasks to queue
[2025-07-04T12:37:15.474+0530] {logging_mixin.py:188} INFO - [2025-07-04T12:37:15.474+0530] {dagbag.py:538} INFO - Filling up the DagBag from /home/tejhanagarajan/Projects/small-projects/NewsImpact/venv/lib64/python3.10/site-packages/airflow/example_dags/plugins/event_listener.py
[2025-07-04T12:37:15.475+0530] {processor.py:842} WARNING - No viable dags retrieved from /home/tejhanagarajan/Projects/small-projects/NewsImpact/venv/lib64/python3.10/site-packages/airflow/example_dags/plugins/event_listener.py
[2025-07-04T12:37:15.480+0530] {processor.py:183} INFO - Processing /home/tejhanagarajan/Projects/small-projects/NewsImpact/venv/lib64/python3.10/site-packages/airflow/example_dags/plugins/event_listener.py took 0.010 seconds
[2025-07-04T12:37:57.947+0530] {processor.py:161} INFO - Started process (PID=34654) to work on /home/tejhanagarajan/Projects/small-projects/NewsImpact/venv/lib64/python3.10/site-packages/airflow/example_dags/plugins/event_listener.py
[2025-07-04T12:37:57.949+0530] {processor.py:830} INFO - Processing file /home/tejhanagarajan/Projects/small-projects/NewsImpact/venv/lib64/python3.10/site-packages/airflow/example_dags/plugins/event_listener.py for tasks to queue
[2025-07-04T12:37:57.949+0530] {logging_mixin.py:188} INFO - [2025-07-04T12:37:57.949+0530] {dagbag.py:538} INFO - Filling up the DagBag from /home/tejhanagarajan/Projects/small-projects/NewsImpact/venv/lib64/python3.10/site-packages/airflow/example_dags/plugins/event_listener.py
[2025-07-04T12:37:57.950+0530] {processor.py:842} WARNING - No viable dags retrieved from /home/tejhanagarajan/Projects/small-projects/NewsImpact/venv/lib64/python3.10/site-packages/airflow/example_dags/plugins/event_listener.py
[2025-07-04T12:37:57.954+0530] {processor.py:183} INFO - Processing /home/tejhanagarajan/Projects/small-projects/NewsImpact/venv/lib64/python3.10/site-packages/airflow/example_dags/plugins/event_listener.py took 0.009 seconds
[2025-07-04T12:38:01.964+0530] {processor.py:161} INFO - Started process (PID=34700) to work on /home/tejhanagarajan/Projects/small-projects/NewsImpact/venv/lib64/python3.10/site-packages/airflow/example_dags/plugins/event_listener.py
[2025-07-04T12:38:01.964+0530] {processor.py:830} INFO - Processing file /home/tejhanagarajan/Projects/small-projects/NewsImpact/venv/lib64/python3.10/site-packages/airflow/example_dags/plugins/event_listener.py for tasks to queue
[2025-07-04T12:38:01.965+0530] {logging_mixin.py:188} INFO - [2025-07-04T12:38:01.965+0530] {dagbag.py:538} INFO - Filling up the DagBag from /home/tejhanagarajan/Projects/small-projects/NewsImpact/venv/lib64/python3.10/site-packages/airflow/example_dags/plugins/event_listener.py
[2025-07-04T12:38:01.966+0530] {processor.py:842} WARNING - No viable dags retrieved from /home/tejhanagarajan/Projects/small-projects/NewsImpact/venv/lib64/python3.10/site-packages/airflow/example_dags/plugins/event_listener.py
[2025-07-04T12:38:01.971+0530] {processor.py:183} INFO - Processing /home/tejhanagarajan/Projects/small-projects/NewsImpact/venv/lib64/python3.10/site-packages/airflow/example_dags/plugins/event_listener.py took 0.011 seconds
[2025-07-04T12:38:36.743+0530] {processor.py:161} INFO - Started process (PID=34989) to work on /home/tejhanagarajan/Projects/small-projects/NewsImpact/venv/lib64/python3.10/site-packages/airflow/example_dags/plugins/event_listener.py
[2025-07-04T12:38:36.745+0530] {processor.py:830} INFO - Processing file /home/tejhanagarajan/Projects/small-projects/NewsImpact/venv/lib64/python3.10/site-packages/airflow/example_dags/plugins/event_listener.py for tasks to queue
[2025-07-04T12:38:36.746+0530] {logging_mixin.py:188} INFO - [2025-07-04T12:38:36.746+0530] {dagbag.py:538} INFO - Filling up the DagBag from /home/tejhanagarajan/Projects/small-projects/NewsImpact/venv/lib64/python3.10/site-packages/airflow/example_dags/plugins/event_listener.py
[2025-07-04T12:38:36.748+0530] {processor.py:842} WARNING - No viable dags retrieved from /home/tejhanagarajan/Projects/small-projects/NewsImpact/venv/lib64/python3.10/site-packages/airflow/example_dags/plugins/event_listener.py
[2025-07-04T12:38:36.754+0530] {processor.py:183} INFO - Processing /home/tejhanagarajan/Projects/small-projects/NewsImpact/venv/lib64/python3.10/site-packages/airflow/example_dags/plugins/event_listener.py took 0.015 seconds
[2025-07-04T12:38:45.536+0530] {processor.py:161} INFO - Started process (PID=35075) to work on /home/tejhanagarajan/Projects/small-projects/NewsImpact/venv/lib64/python3.10/site-packages/airflow/example_dags/plugins/event_listener.py
[2025-07-04T12:38:45.537+0530] {processor.py:830} INFO - Processing file /home/tejhanagarajan/Projects/small-projects/NewsImpact/venv/lib64/python3.10/site-packages/airflow/example_dags/plugins/event_listener.py for tasks to queue
[2025-07-04T12:38:45.537+0530] {logging_mixin.py:188} INFO - [2025-07-04T12:38:45.537+0530] {dagbag.py:538} INFO - Filling up the DagBag from /home/tejhanagarajan/Projects/small-projects/NewsImpact/venv/lib64/python3.10/site-packages/airflow/example_dags/plugins/event_listener.py
[2025-07-04T12:38:45.538+0530] {processor.py:842} WARNING - No viable dags retrieved from /home/tejhanagarajan/Projects/small-projects/NewsImpact/venv/lib64/python3.10/site-packages/airflow/example_dags/plugins/event_listener.py
[2025-07-04T12:38:45.543+0530] {processor.py:183} INFO - Processing /home/tejhanagarajan/Projects/small-projects/NewsImpact/venv/lib64/python3.10/site-packages/airflow/example_dags/plugins/event_listener.py took 0.008 seconds
[2025-07-04T12:39:11.306+0530] {processor.py:161} INFO - Started process (PID=35322) to work on /home/tejhanagarajan/Projects/small-projects/NewsImpact/venv/lib64/python3.10/site-packages/airflow/example_dags/plugins/event_listener.py
[2025-07-04T12:39:11.307+0530] {processor.py:830} INFO - Processing file /home/tejhanagarajan/Projects/small-projects/NewsImpact/venv/lib64/python3.10/site-packages/airflow/example_dags/plugins/event_listener.py for tasks to queue
[2025-07-04T12:39:11.308+0530] {logging_mixin.py:188} INFO - [2025-07-04T12:39:11.308+0530] {dagbag.py:538} INFO - Filling up the DagBag from /home/tejhanagarajan/Projects/small-projects/NewsImpact/venv/lib64/python3.10/site-packages/airflow/example_dags/plugins/event_listener.py
[2025-07-04T12:39:11.309+0530] {processor.py:842} WARNING - No viable dags retrieved from /home/tejhanagarajan/Projects/small-projects/NewsImpact/venv/lib64/python3.10/site-packages/airflow/example_dags/plugins/event_listener.py
[2025-07-04T12:39:11.313+0530] {processor.py:183} INFO - Processing /home/tejhanagarajan/Projects/small-projects/NewsImpact/venv/lib64/python3.10/site-packages/airflow/example_dags/plugins/event_listener.py took 0.008 seconds
[2025-07-04T12:39:21.076+0530] {processor.py:161} INFO - Started process (PID=35419) to work on /home/tejhanagarajan/Projects/small-projects/NewsImpact/venv/lib64/python3.10/site-packages/airflow/example_dags/plugins/event_listener.py
[2025-07-04T12:39:21.076+0530] {processor.py:830} INFO - Processing file /home/tejhanagarajan/Projects/small-projects/NewsImpact/venv/lib64/python3.10/site-packages/airflow/example_dags/plugins/event_listener.py for tasks to queue
[2025-07-04T12:39:21.077+0530] {logging_mixin.py:188} INFO - [2025-07-04T12:39:21.076+0530] {dagbag.py:538} INFO - Filling up the DagBag from /home/tejhanagarajan/Projects/small-projects/NewsImpact/venv/lib64/python3.10/site-packages/airflow/example_dags/plugins/event_listener.py
[2025-07-04T12:39:21.077+0530] {processor.py:842} WARNING - No viable dags retrieved from /home/tejhanagarajan/Projects/small-projects/NewsImpact/venv/lib64/python3.10/site-packages/airflow/example_dags/plugins/event_listener.py
[2025-07-04T12:39:21.081+0530] {processor.py:183} INFO - Processing /home/tejhanagarajan/Projects/small-projects/NewsImpact/venv/lib64/python3.10/site-packages/airflow/example_dags/plugins/event_listener.py took 0.009 seconds
[2025-07-04T12:39:48.797+0530] {processor.py:161} INFO - Started process (PID=35653) to work on /home/tejhanagarajan/Projects/small-projects/NewsImpact/venv/lib64/python3.10/site-packages/airflow/example_dags/plugins/event_listener.py
[2025-07-04T12:39:48.799+0530] {processor.py:830} INFO - Processing file /home/tejhanagarajan/Projects/small-projects/NewsImpact/venv/lib64/python3.10/site-packages/airflow/example_dags/plugins/event_listener.py for tasks to queue
[2025-07-04T12:39:48.800+0530] {logging_mixin.py:188} INFO - [2025-07-04T12:39:48.800+0530] {dagbag.py:538} INFO - Filling up the DagBag from /home/tejhanagarajan/Projects/small-projects/NewsImpact/venv/lib64/python3.10/site-packages/airflow/example_dags/plugins/event_listener.py
[2025-07-04T12:39:48.802+0530] {processor.py:842} WARNING - No viable dags retrieved from /home/tejhanagarajan/Projects/small-projects/NewsImpact/venv/lib64/python3.10/site-packages/airflow/example_dags/plugins/event_listener.py
[2025-07-04T12:39:48.808+0530] {processor.py:183} INFO - Processing /home/tejhanagarajan/Projects/small-projects/NewsImpact/venv/lib64/python3.10/site-packages/airflow/example_dags/plugins/event_listener.py took 0.014 seconds
[2025-07-04T12:39:54.286+0530] {processor.py:161} INFO - Started process (PID=35710) to work on /home/tejhanagarajan/Projects/small-projects/NewsImpact/venv/lib64/python3.10/site-packages/airflow/example_dags/plugins/event_listener.py
[2025-07-04T12:39:54.286+0530] {processor.py:830} INFO - Processing file /home/tejhanagarajan/Projects/small-projects/NewsImpact/venv/lib64/python3.10/site-packages/airflow/example_dags/plugins/event_listener.py for tasks to queue
[2025-07-04T12:39:54.287+0530] {logging_mixin.py:188} INFO - [2025-07-04T12:39:54.287+0530] {dagbag.py:538} INFO - Filling up the DagBag from /home/tejhanagarajan/Projects/small-projects/NewsImpact/venv/lib64/python3.10/site-packages/airflow/example_dags/plugins/event_listener.py
[2025-07-04T12:39:54.288+0530] {processor.py:842} WARNING - No viable dags retrieved from /home/tejhanagarajan/Projects/small-projects/NewsImpact/venv/lib64/python3.10/site-packages/airflow/example_dags/plugins/event_listener.py
[2025-07-04T12:39:54.294+0530] {processor.py:183} INFO - Processing /home/tejhanagarajan/Projects/small-projects/NewsImpact/venv/lib64/python3.10/site-packages/airflow/example_dags/plugins/event_listener.py took 0.009 seconds
[2025-07-04T12:41:58.969+0530] {processor.py:161} INFO - Started process (PID=37743) to work on /home/tejhanagarajan/Projects/small-projects/NewsImpact/venv/lib64/python3.10/site-packages/airflow/example_dags/plugins/event_listener.py
[2025-07-04T12:41:58.972+0530] {processor.py:830} INFO - Processing file /home/tejhanagarajan/Projects/small-projects/NewsImpact/venv/lib64/python3.10/site-packages/airflow/example_dags/plugins/event_listener.py for tasks to queue
[2025-07-04T12:41:58.973+0530] {logging_mixin.py:188} INFO - [2025-07-04T12:41:58.972+0530] {dagbag.py:538} INFO - Filling up the DagBag from /home/tejhanagarajan/Projects/small-projects/NewsImpact/venv/lib64/python3.10/site-packages/airflow/example_dags/plugins/event_listener.py
[2025-07-04T12:41:58.975+0530] {processor.py:842} WARNING - No viable dags retrieved from /home/tejhanagarajan/Projects/small-projects/NewsImpact/venv/lib64/python3.10/site-packages/airflow/example_dags/plugins/event_listener.py
[2025-07-04T12:41:58.983+0530] {processor.py:183} INFO - Processing /home/tejhanagarajan/Projects/small-projects/NewsImpact/venv/lib64/python3.10/site-packages/airflow/example_dags/plugins/event_listener.py took 0.016 seconds
[2025-07-04T12:42:46.404+0530] {processor.py:161} INFO - Started process (PID=38133) to work on /home/tejhanagarajan/Projects/small-projects/NewsImpact/venv/lib64/python3.10/site-packages/airflow/example_dags/plugins/event_listener.py
[2025-07-04T12:42:46.406+0530] {processor.py:830} INFO - Processing file /home/tejhanagarajan/Projects/small-projects/NewsImpact/venv/lib64/python3.10/site-packages/airflow/example_dags/plugins/event_listener.py for tasks to queue
[2025-07-04T12:42:46.407+0530] {logging_mixin.py:188} INFO - [2025-07-04T12:42:46.407+0530] {dagbag.py:538} INFO - Filling up the DagBag from /home/tejhanagarajan/Projects/small-projects/NewsImpact/venv/lib64/python3.10/site-packages/airflow/example_dags/plugins/event_listener.py
[2025-07-04T12:42:46.409+0530] {processor.py:842} WARNING - No viable dags retrieved from /home/tejhanagarajan/Projects/small-projects/NewsImpact/venv/lib64/python3.10/site-packages/airflow/example_dags/plugins/event_listener.py
[2025-07-04T12:42:46.415+0530] {processor.py:183} INFO - Processing /home/tejhanagarajan/Projects/small-projects/NewsImpact/venv/lib64/python3.10/site-packages/airflow/example_dags/plugins/event_listener.py took 0.013 seconds
[2025-07-04T12:43:35.123+0530] {processor.py:161} INFO - Started process (PID=38527) to work on /home/tejhanagarajan/Projects/small-projects/NewsImpact/venv/lib64/python3.10/site-packages/airflow/example_dags/plugins/event_listener.py
[2025-07-04T12:43:35.125+0530] {processor.py:830} INFO - Processing file /home/tejhanagarajan/Projects/small-projects/NewsImpact/venv/lib64/python3.10/site-packages/airflow/example_dags/plugins/event_listener.py for tasks to queue
[2025-07-04T12:43:35.126+0530] {logging_mixin.py:188} INFO - [2025-07-04T12:43:35.126+0530] {dagbag.py:538} INFO - Filling up the DagBag from /home/tejhanagarajan/Projects/small-projects/NewsImpact/venv/lib64/python3.10/site-packages/airflow/example_dags/plugins/event_listener.py
[2025-07-04T12:43:35.127+0530] {processor.py:842} WARNING - No viable dags retrieved from /home/tejhanagarajan/Projects/small-projects/NewsImpact/venv/lib64/python3.10/site-packages/airflow/example_dags/plugins/event_listener.py
[2025-07-04T12:43:35.132+0530] {processor.py:183} INFO - Processing /home/tejhanagarajan/Projects/small-projects/NewsImpact/venv/lib64/python3.10/site-packages/airflow/example_dags/plugins/event_listener.py took 0.010 seconds
[2025-07-04T12:44:11.191+0530] {processor.py:161} INFO - Started process (PID=38784) to work on /home/tejhanagarajan/Projects/small-projects/NewsImpact/venv/lib64/python3.10/site-packages/airflow/example_dags/plugins/event_listener.py
[2025-07-04T12:44:11.194+0530] {processor.py:830} INFO - Processing file /home/tejhanagarajan/Projects/small-projects/NewsImpact/venv/lib64/python3.10/site-packages/airflow/example_dags/plugins/event_listener.py for tasks to queue
[2025-07-04T12:44:11.195+0530] {logging_mixin.py:188} INFO - [2025-07-04T12:44:11.195+0530] {dagbag.py:538} INFO - Filling up the DagBag from /home/tejhanagarajan/Projects/small-projects/NewsImpact/venv/lib64/python3.10/site-packages/airflow/example_dags/plugins/event_listener.py
[2025-07-04T12:44:11.198+0530] {processor.py:842} WARNING - No viable dags retrieved from /home/tejhanagarajan/Projects/small-projects/NewsImpact/venv/lib64/python3.10/site-packages/airflow/example_dags/plugins/event_listener.py
[2025-07-04T12:44:11.204+0530] {processor.py:183} INFO - Processing /home/tejhanagarajan/Projects/small-projects/NewsImpact/venv/lib64/python3.10/site-packages/airflow/example_dags/plugins/event_listener.py took 0.016 seconds
[2025-07-04T12:44:47.581+0530] {processor.py:161} INFO - Started process (PID=39046) to work on /home/tejhanagarajan/Projects/small-projects/NewsImpact/venv/lib64/python3.10/site-packages/airflow/example_dags/plugins/event_listener.py
[2025-07-04T12:44:47.584+0530] {processor.py:830} INFO - Processing file /home/tejhanagarajan/Projects/small-projects/NewsImpact/venv/lib64/python3.10/site-packages/airflow/example_dags/plugins/event_listener.py for tasks to queue
[2025-07-04T12:44:47.584+0530] {logging_mixin.py:188} INFO - [2025-07-04T12:44:47.584+0530] {dagbag.py:538} INFO - Filling up the DagBag from /home/tejhanagarajan/Projects/small-projects/NewsImpact/venv/lib64/python3.10/site-packages/airflow/example_dags/plugins/event_listener.py
[2025-07-04T12:44:47.585+0530] {processor.py:842} WARNING - No viable dags retrieved from /home/tejhanagarajan/Projects/small-projects/NewsImpact/venv/lib64/python3.10/site-packages/airflow/example_dags/plugins/event_listener.py
[2025-07-04T12:44:47.591+0530] {processor.py:183} INFO - Processing /home/tejhanagarajan/Projects/small-projects/NewsImpact/venv/lib64/python3.10/site-packages/airflow/example_dags/plugins/event_listener.py took 0.011 seconds
[2025-07-04T12:45:22.156+0530] {processor.py:161} INFO - Started process (PID=39310) to work on /home/tejhanagarajan/Projects/small-projects/NewsImpact/venv/lib64/python3.10/site-packages/airflow/example_dags/plugins/event_listener.py
[2025-07-04T12:45:22.159+0530] {processor.py:830} INFO - Processing file /home/tejhanagarajan/Projects/small-projects/NewsImpact/venv/lib64/python3.10/site-packages/airflow/example_dags/plugins/event_listener.py for tasks to queue
[2025-07-04T12:45:22.159+0530] {logging_mixin.py:188} INFO - [2025-07-04T12:45:22.159+0530] {dagbag.py:538} INFO - Filling up the DagBag from /home/tejhanagarajan/Projects/small-projects/NewsImpact/venv/lib64/python3.10/site-packages/airflow/example_dags/plugins/event_listener.py
[2025-07-04T12:45:22.161+0530] {processor.py:842} WARNING - No viable dags retrieved from /home/tejhanagarajan/Projects/small-projects/NewsImpact/venv/lib64/python3.10/site-packages/airflow/example_dags/plugins/event_listener.py
[2025-07-04T12:45:22.165+0530] {processor.py:183} INFO - Processing /home/tejhanagarajan/Projects/small-projects/NewsImpact/venv/lib64/python3.10/site-packages/airflow/example_dags/plugins/event_listener.py took 0.012 seconds
[2025-07-04T12:45:57.472+0530] {processor.py:161} INFO - Started process (PID=39564) to work on /home/tejhanagarajan/Projects/small-projects/NewsImpact/venv/lib64/python3.10/site-packages/airflow/example_dags/plugins/event_listener.py
[2025-07-04T12:45:57.475+0530] {processor.py:830} INFO - Processing file /home/tejhanagarajan/Projects/small-projects/NewsImpact/venv/lib64/python3.10/site-packages/airflow/example_dags/plugins/event_listener.py for tasks to queue
[2025-07-04T12:45:57.477+0530] {logging_mixin.py:188} INFO - [2025-07-04T12:45:57.476+0530] {dagbag.py:538} INFO - Filling up the DagBag from /home/tejhanagarajan/Projects/small-projects/NewsImpact/venv/lib64/python3.10/site-packages/airflow/example_dags/plugins/event_listener.py
[2025-07-04T12:45:57.481+0530] {processor.py:842} WARNING - No viable dags retrieved from /home/tejhanagarajan/Projects/small-projects/NewsImpact/venv/lib64/python3.10/site-packages/airflow/example_dags/plugins/event_listener.py
[2025-07-04T12:45:57.489+0530] {processor.py:183} INFO - Processing /home/tejhanagarajan/Projects/small-projects/NewsImpact/venv/lib64/python3.10/site-packages/airflow/example_dags/plugins/event_listener.py took 0.021 seconds
[2025-07-04T12:46:33.143+0530] {processor.py:161} INFO - Started process (PID=39814) to work on /home/tejhanagarajan/Projects/small-projects/NewsImpact/venv/lib64/python3.10/site-packages/airflow/example_dags/plugins/event_listener.py
[2025-07-04T12:46:33.145+0530] {processor.py:830} INFO - Processing file /home/tejhanagarajan/Projects/small-projects/NewsImpact/venv/lib64/python3.10/site-packages/airflow/example_dags/plugins/event_listener.py for tasks to queue
[2025-07-04T12:46:33.146+0530] {logging_mixin.py:188} INFO - [2025-07-04T12:46:33.146+0530] {dagbag.py:538} INFO - Filling up the DagBag from /home/tejhanagarajan/Projects/small-projects/NewsImpact/venv/lib64/python3.10/site-packages/airflow/example_dags/plugins/event_listener.py
[2025-07-04T12:46:33.147+0530] {processor.py:842} WARNING - No viable dags retrieved from /home/tejhanagarajan/Projects/small-projects/NewsImpact/venv/lib64/python3.10/site-packages/airflow/example_dags/plugins/event_listener.py
[2025-07-04T12:46:33.152+0530] {processor.py:183} INFO - Processing /home/tejhanagarajan/Projects/small-projects/NewsImpact/venv/lib64/python3.10/site-packages/airflow/example_dags/plugins/event_listener.py took 0.011 seconds
[2025-07-04T12:47:08.514+0530] {processor.py:161} INFO - Started process (PID=40083) to work on /home/tejhanagarajan/Projects/small-projects/NewsImpact/venv/lib64/python3.10/site-packages/airflow/example_dags/plugins/event_listener.py
[2025-07-04T12:47:08.514+0530] {processor.py:830} INFO - Processing file /home/tejhanagarajan/Projects/small-projects/NewsImpact/venv/lib64/python3.10/site-packages/airflow/example_dags/plugins/event_listener.py for tasks to queue
[2025-07-04T12:47:08.515+0530] {logging_mixin.py:188} INFO - [2025-07-04T12:47:08.515+0530] {dagbag.py:538} INFO - Filling up the DagBag from /home/tejhanagarajan/Projects/small-projects/NewsImpact/venv/lib64/python3.10/site-packages/airflow/example_dags/plugins/event_listener.py
[2025-07-04T12:47:08.516+0530] {processor.py:842} WARNING - No viable dags retrieved from /home/tejhanagarajan/Projects/small-projects/NewsImpact/venv/lib64/python3.10/site-packages/airflow/example_dags/plugins/event_listener.py
[2025-07-04T12:47:08.520+0530] {processor.py:183} INFO - Processing /home/tejhanagarajan/Projects/small-projects/NewsImpact/venv/lib64/python3.10/site-packages/airflow/example_dags/plugins/event_listener.py took 0.008 seconds
[2025-07-04T12:47:43.303+0530] {processor.py:161} INFO - Started process (PID=40337) to work on /home/tejhanagarajan/Projects/small-projects/NewsImpact/venv/lib64/python3.10/site-packages/airflow/example_dags/plugins/event_listener.py
[2025-07-04T12:47:43.306+0530] {processor.py:830} INFO - Processing file /home/tejhanagarajan/Projects/small-projects/NewsImpact/venv/lib64/python3.10/site-packages/airflow/example_dags/plugins/event_listener.py for tasks to queue
[2025-07-04T12:47:43.306+0530] {logging_mixin.py:188} INFO - [2025-07-04T12:47:43.306+0530] {dagbag.py:538} INFO - Filling up the DagBag from /home/tejhanagarajan/Projects/small-projects/NewsImpact/venv/lib64/python3.10/site-packages/airflow/example_dags/plugins/event_listener.py
[2025-07-04T12:47:43.307+0530] {processor.py:842} WARNING - No viable dags retrieved from /home/tejhanagarajan/Projects/small-projects/NewsImpact/venv/lib64/python3.10/site-packages/airflow/example_dags/plugins/event_listener.py
[2025-07-04T12:47:43.312+0530] {processor.py:183} INFO - Processing /home/tejhanagarajan/Projects/small-projects/NewsImpact/venv/lib64/python3.10/site-packages/airflow/example_dags/plugins/event_listener.py took 0.010 seconds
[2025-07-04T12:48:14.742+0530] {processor.py:161} INFO - Started process (PID=40567) to work on /home/tejhanagarajan/Projects/small-projects/NewsImpact/venv/lib64/python3.10/site-packages/airflow/example_dags/plugins/event_listener.py
[2025-07-04T12:48:14.745+0530] {processor.py:830} INFO - Processing file /home/tejhanagarajan/Projects/small-projects/NewsImpact/venv/lib64/python3.10/site-packages/airflow/example_dags/plugins/event_listener.py for tasks to queue
[2025-07-04T12:48:14.745+0530] {logging_mixin.py:188} INFO - [2025-07-04T12:48:14.745+0530] {dagbag.py:538} INFO - Filling up the DagBag from /home/tejhanagarajan/Projects/small-projects/NewsImpact/venv/lib64/python3.10/site-packages/airflow/example_dags/plugins/event_listener.py
[2025-07-04T12:48:14.747+0530] {processor.py:842} WARNING - No viable dags retrieved from /home/tejhanagarajan/Projects/small-projects/NewsImpact/venv/lib64/python3.10/site-packages/airflow/example_dags/plugins/event_listener.py
[2025-07-04T12:48:14.752+0530] {processor.py:183} INFO - Processing /home/tejhanagarajan/Projects/small-projects/NewsImpact/venv/lib64/python3.10/site-packages/airflow/example_dags/plugins/event_listener.py took 0.012 seconds
