[2025-07-04T12:26:25.952+0530] {processor.py:161} INFO - Started process (PID=24876) to work on /home/tejhanagarajan/Projects/small-projects/NewsImpact/venv/lib64/python3.10/site-packages/airflow/example_dags/plugins/listener_plugin.py
[2025-07-04T12:26:25.952+0530] {processor.py:830} INFO - Processing file /home/tejhanagarajan/Projects/small-projects/NewsImpact/venv/lib64/python3.10/site-packages/airflow/example_dags/plugins/listener_plugin.py for tasks to queue
[2025-07-04T12:26:25.953+0530] {logging_mixin.py:188} INFO - [2025-07-04T12:26:25.953+0530] {dagbag.py:538} INFO - Filling up the DagBag from /home/tejhanagarajan/Projects/small-projects/NewsImpact/venv/lib64/python3.10/site-packages/airflow/example_dags/plugins/listener_plugin.py
[2025-07-04T12:26:25.954+0530] {processor.py:842} WARNING - No viable dags retrieved from /home/tejhanagarajan/Projects/small-projects/NewsImpact/venv/lib64/python3.10/site-packages/airflow/example_dags/plugins/listener_plugin.py
[2025-07-04T12:26:25.959+0530] {processor.py:183} INFO - Processing /home/tejhanagarajan/Projects/small-projects/NewsImpact/venv/lib64/python3.10/site-packages/airflow/example_dags/plugins/listener_plugin.py took 0.009 seconds
[2025-07-04T12:27:19.500+0530] {processor.py:161} INFO - Started process (PID=25496) to work on /home/tejhanagarajan/Projects/small-projects/NewsImpact/venv/lib64/python3.10/site-packages/airflow/example_dags/plugins/listener_plugin.py
[2025-07-04T12:27:19.500+0530] {processor.py:830} INFO - Processing file /home/tejhanagarajan/Projects/small-projects/NewsImpact/venv/lib64/python3.10/site-packages/airflow/example_dags/plugins/listener_plugin.py for tasks to queue
[2025-07-04T12:27:19.501+0530] {logging_mixin.py:188} INFO - [2025-07-04T12:27:19.501+0530] {dagbag.py:538} INFO - Filling up the DagBag from /home/tejhanagarajan/Projects/small-projects/NewsImpact/venv/lib64/python3.10/site-packages/airflow/example_dags/plugins/listener_plugin.py
[2025-07-04T12:27:19.503+0530] {processor.py:842} WARNING - No viable dags retrieved from /home/tejhanagarajan/Projects/small-projects/NewsImpact/venv/lib64/python3.10/site-packages/airflow/example_dags/plugins/listener_plugin.py
[2025-07-04T12:27:19.508+0530] {processor.py:183} INFO - Processing /home/tejhanagarajan/Projects/small-projects/NewsImpact/venv/lib64/python3.10/site-packages/airflow/example_dags/plugins/listener_plugin.py took 0.011 seconds
[2025-07-04T12:27:58.525+0530] {processor.py:161} INFO - Started process (PID=25776) to work on /home/tejhanagarajan/Projects/small-projects/NewsImpact/venv/lib64/python3.10/site-packages/airflow/example_dags/plugins/listener_plugin.py
[2025-07-04T12:27:58.526+0530] {processor.py:830} INFO - Processing file /home/tejhanagarajan/Projects/small-projects/NewsImpact/venv/lib64/python3.10/site-packages/airflow/example_dags/plugins/listener_plugin.py for tasks to queue
[2025-07-04T12:27:58.526+0530] {logging_mixin.py:188} INFO - [2025-07-04T12:27:58.526+0530] {dagbag.py:538} INFO - Filling up the DagBag from /home/tejhanagarajan/Projects/small-projects/NewsImpact/venv/lib64/python3.10/site-packages/airflow/example_dags/plugins/listener_plugin.py
[2025-07-04T12:27:58.528+0530] {processor.py:842} WARNING - No viable dags retrieved from /home/tejhanagarajan/Projects/small-projects/NewsImpact/venv/lib64/python3.10/site-packages/airflow/example_dags/plugins/listener_plugin.py
[2025-07-04T12:27:58.534+0530] {processor.py:183} INFO - Processing /home/tejhanagarajan/Projects/small-projects/NewsImpact/venv/lib64/python3.10/site-packages/airflow/example_dags/plugins/listener_plugin.py took 0.012 seconds
[2025-07-04T12:28:36.642+0530] {processor.py:161} INFO - Started process (PID=26135) to work on /home/tejhanagarajan/Projects/small-projects/NewsImpact/venv/lib64/python3.10/site-packages/airflow/example_dags/plugins/listener_plugin.py
[2025-07-04T12:28:36.643+0530] {processor.py:830} INFO - Processing file /home/tejhanagarajan/Projects/small-projects/NewsImpact/venv/lib64/python3.10/site-packages/airflow/example_dags/plugins/listener_plugin.py for tasks to queue
[2025-07-04T12:28:36.644+0530] {logging_mixin.py:188} INFO - [2025-07-04T12:28:36.643+0530] {dagbag.py:538} INFO - Filling up the DagBag from /home/tejhanagarajan/Projects/small-projects/NewsImpact/venv/lib64/python3.10/site-packages/airflow/example_dags/plugins/listener_plugin.py
[2025-07-04T12:28:36.645+0530] {processor.py:842} WARNING - No viable dags retrieved from /home/tejhanagarajan/Projects/small-projects/NewsImpact/venv/lib64/python3.10/site-packages/airflow/example_dags/plugins/listener_plugin.py
[2025-07-04T12:28:36.650+0530] {processor.py:183} INFO - Processing /home/tejhanagarajan/Projects/small-projects/NewsImpact/venv/lib64/python3.10/site-packages/airflow/example_dags/plugins/listener_plugin.py took 0.009 seconds
[2025-07-04T12:29:15.753+0530] {processor.py:161} INFO - Started process (PID=26433) to work on /home/tejhanagarajan/Projects/small-projects/NewsImpact/venv/lib64/python3.10/site-packages/airflow/example_dags/plugins/listener_plugin.py
[2025-07-04T12:29:15.755+0530] {processor.py:830} INFO - Processing file /home/tejhanagarajan/Projects/small-projects/NewsImpact/venv/lib64/python3.10/site-packages/airflow/example_dags/plugins/listener_plugin.py for tasks to queue
[2025-07-04T12:29:15.756+0530] {logging_mixin.py:188} INFO - [2025-07-04T12:29:15.756+0530] {dagbag.py:538} INFO - Filling up the DagBag from /home/tejhanagarajan/Projects/small-projects/NewsImpact/venv/lib64/python3.10/site-packages/airflow/example_dags/plugins/listener_plugin.py
[2025-07-04T12:29:15.759+0530] {processor.py:842} WARNING - No viable dags retrieved from /home/tejhanagarajan/Projects/small-projects/NewsImpact/venv/lib64/python3.10/site-packages/airflow/example_dags/plugins/listener_plugin.py
[2025-07-04T12:29:15.763+0530] {processor.py:183} INFO - Processing /home/tejhanagarajan/Projects/small-projects/NewsImpact/venv/lib64/python3.10/site-packages/airflow/example_dags/plugins/listener_plugin.py took 0.015 seconds
[2025-07-04T12:29:52.871+0530] {processor.py:161} INFO - Started process (PID=26759) to work on /home/tejhanagarajan/Projects/small-projects/NewsImpact/venv/lib64/python3.10/site-packages/airflow/example_dags/plugins/listener_plugin.py
[2025-07-04T12:29:52.874+0530] {processor.py:830} INFO - Processing file /home/tejhanagarajan/Projects/small-projects/NewsImpact/venv/lib64/python3.10/site-packages/airflow/example_dags/plugins/listener_plugin.py for tasks to queue
[2025-07-04T12:29:52.876+0530] {logging_mixin.py:188} INFO - [2025-07-04T12:29:52.875+0530] {dagbag.py:538} INFO - Filling up the DagBag from /home/tejhanagarajan/Projects/small-projects/NewsImpact/venv/lib64/python3.10/site-packages/airflow/example_dags/plugins/listener_plugin.py
[2025-07-04T12:29:52.879+0530] {processor.py:842} WARNING - No viable dags retrieved from /home/tejhanagarajan/Projects/small-projects/NewsImpact/venv/lib64/python3.10/site-packages/airflow/example_dags/plugins/listener_plugin.py
[2025-07-04T12:29:52.885+0530] {processor.py:183} INFO - Processing /home/tejhanagarajan/Projects/small-projects/NewsImpact/venv/lib64/python3.10/site-packages/airflow/example_dags/plugins/listener_plugin.py took 0.018 seconds
[2025-07-04T12:30:24.963+0530] {processor.py:161} INFO - Started process (PID=26976) to work on /home/tejhanagarajan/Projects/small-projects/NewsImpact/venv/lib64/python3.10/site-packages/airflow/example_dags/plugins/listener_plugin.py
[2025-07-04T12:30:24.966+0530] {processor.py:830} INFO - Processing file /home/tejhanagarajan/Projects/small-projects/NewsImpact/venv/lib64/python3.10/site-packages/airflow/example_dags/plugins/listener_plugin.py for tasks to queue
[2025-07-04T12:30:24.967+0530] {logging_mixin.py:188} INFO - [2025-07-04T12:30:24.966+0530] {dagbag.py:538} INFO - Filling up the DagBag from /home/tejhanagarajan/Projects/small-projects/NewsImpact/venv/lib64/python3.10/site-packages/airflow/example_dags/plugins/listener_plugin.py
[2025-07-04T12:30:24.968+0530] {processor.py:842} WARNING - No viable dags retrieved from /home/tejhanagarajan/Projects/small-projects/NewsImpact/venv/lib64/python3.10/site-packages/airflow/example_dags/plugins/listener_plugin.py
[2025-07-04T12:30:24.975+0530] {processor.py:183} INFO - Processing /home/tejhanagarajan/Projects/small-projects/NewsImpact/venv/lib64/python3.10/site-packages/airflow/example_dags/plugins/listener_plugin.py took 0.014 seconds
[2025-07-04T12:31:01.155+0530] {processor.py:161} INFO - Started process (PID=27227) to work on /home/tejhanagarajan/Projects/small-projects/NewsImpact/venv/lib64/python3.10/site-packages/airflow/example_dags/plugins/listener_plugin.py
[2025-07-04T12:31:01.156+0530] {processor.py:830} INFO - Processing file /home/tejhanagarajan/Projects/small-projects/NewsImpact/venv/lib64/python3.10/site-packages/airflow/example_dags/plugins/listener_plugin.py for tasks to queue
[2025-07-04T12:31:01.157+0530] {logging_mixin.py:188} INFO - [2025-07-04T12:31:01.157+0530] {dagbag.py:538} INFO - Filling up the DagBag from /home/tejhanagarajan/Projects/small-projects/NewsImpact/venv/lib64/python3.10/site-packages/airflow/example_dags/plugins/listener_plugin.py
[2025-07-04T12:31:01.160+0530] {processor.py:842} WARNING - No viable dags retrieved from /home/tejhanagarajan/Projects/small-projects/NewsImpact/venv/lib64/python3.10/site-packages/airflow/example_dags/plugins/listener_plugin.py
[2025-07-04T12:31:01.166+0530] {processor.py:183} INFO - Processing /home/tejhanagarajan/Projects/small-projects/NewsImpact/venv/lib64/python3.10/site-packages/airflow/example_dags/plugins/listener_plugin.py took 0.013 seconds
[2025-07-04T12:32:54.706+0530] {processor.py:161} INFO - Started process (PID=29990) to work on /home/tejhanagarajan/Projects/small-projects/NewsImpact/venv/lib64/python3.10/site-packages/airflow/example_dags/plugins/listener_plugin.py
[2025-07-04T12:32:54.708+0530] {processor.py:830} INFO - Processing file /home/tejhanagarajan/Projects/small-projects/NewsImpact/venv/lib64/python3.10/site-packages/airflow/example_dags/plugins/listener_plugin.py for tasks to queue
[2025-07-04T12:32:54.710+0530] {logging_mixin.py:188} INFO - [2025-07-04T12:32:54.709+0530] {dagbag.py:538} INFO - Filling up the DagBag from /home/tejhanagarajan/Projects/small-projects/NewsImpact/venv/lib64/python3.10/site-packages/airflow/example_dags/plugins/listener_plugin.py
[2025-07-04T12:32:54.712+0530] {processor.py:842} WARNING - No viable dags retrieved from /home/tejhanagarajan/Projects/small-projects/NewsImpact/venv/lib64/python3.10/site-packages/airflow/example_dags/plugins/listener_plugin.py
[2025-07-04T12:32:54.717+0530] {processor.py:183} INFO - Processing /home/tejhanagarajan/Projects/small-projects/NewsImpact/venv/lib64/python3.10/site-packages/airflow/example_dags/plugins/listener_plugin.py took 0.016 seconds
[2025-07-04T12:33:42.720+0530] {processor.py:161} INFO - Started process (PID=30335) to work on /home/tejhanagarajan/Projects/small-projects/NewsImpact/venv/lib64/python3.10/site-packages/airflow/example_dags/plugins/listener_plugin.py
[2025-07-04T12:33:42.723+0530] {processor.py:830} INFO - Processing file /home/tejhanagarajan/Projects/small-projects/NewsImpact/venv/lib64/python3.10/site-packages/airflow/example_dags/plugins/listener_plugin.py for tasks to queue
[2025-07-04T12:33:42.724+0530] {logging_mixin.py:188} INFO - [2025-07-04T12:33:42.724+0530] {dagbag.py:538} INFO - Filling up the DagBag from /home/tejhanagarajan/Projects/small-projects/NewsImpact/venv/lib64/python3.10/site-packages/airflow/example_dags/plugins/listener_plugin.py
[2025-07-04T12:33:42.726+0530] {processor.py:842} WARNING - No viable dags retrieved from /home/tejhanagarajan/Projects/small-projects/NewsImpact/venv/lib64/python3.10/site-packages/airflow/example_dags/plugins/listener_plugin.py
[2025-07-04T12:33:42.730+0530] {processor.py:183} INFO - Processing /home/tejhanagarajan/Projects/small-projects/NewsImpact/venv/lib64/python3.10/site-packages/airflow/example_dags/plugins/listener_plugin.py took 0.012 seconds
[2025-07-04T12:34:16.785+0530] {processor.py:161} INFO - Started process (PID=30844) to work on /home/tejhanagarajan/Projects/small-projects/NewsImpact/venv/lib64/python3.10/site-packages/airflow/example_dags/plugins/listener_plugin.py
[2025-07-04T12:34:16.787+0530] {processor.py:830} INFO - Processing file /home/tejhanagarajan/Projects/small-projects/NewsImpact/venv/lib64/python3.10/site-packages/airflow/example_dags/plugins/listener_plugin.py for tasks to queue
[2025-07-04T12:34:16.788+0530] {logging_mixin.py:188} INFO - [2025-07-04T12:34:16.788+0530] {dagbag.py:538} INFO - Filling up the DagBag from /home/tejhanagarajan/Projects/small-projects/NewsImpact/venv/lib64/python3.10/site-packages/airflow/example_dags/plugins/listener_plugin.py
[2025-07-04T12:34:16.790+0530] {processor.py:842} WARNING - No viable dags retrieved from /home/tejhanagarajan/Projects/small-projects/NewsImpact/venv/lib64/python3.10/site-packages/airflow/example_dags/plugins/listener_plugin.py
[2025-07-04T12:34:16.796+0530] {processor.py:183} INFO - Processing /home/tejhanagarajan/Projects/small-projects/NewsImpact/venv/lib64/python3.10/site-packages/airflow/example_dags/plugins/listener_plugin.py took 0.014 seconds
[2025-07-04T12:34:50.381+0530] {processor.py:161} INFO - Started process (PID=31080) to work on /home/tejhanagarajan/Projects/small-projects/NewsImpact/venv/lib64/python3.10/site-packages/airflow/example_dags/plugins/listener_plugin.py
[2025-07-04T12:34:50.383+0530] {processor.py:830} INFO - Processing file /home/tejhanagarajan/Projects/small-projects/NewsImpact/venv/lib64/python3.10/site-packages/airflow/example_dags/plugins/listener_plugin.py for tasks to queue
[2025-07-04T12:34:50.384+0530] {logging_mixin.py:188} INFO - [2025-07-04T12:34:50.384+0530] {dagbag.py:538} INFO - Filling up the DagBag from /home/tejhanagarajan/Projects/small-projects/NewsImpact/venv/lib64/python3.10/site-packages/airflow/example_dags/plugins/listener_plugin.py
[2025-07-04T12:34:50.387+0530] {processor.py:842} WARNING - No viable dags retrieved from /home/tejhanagarajan/Projects/small-projects/NewsImpact/venv/lib64/python3.10/site-packages/airflow/example_dags/plugins/listener_plugin.py
[2025-07-04T12:34:50.393+0530] {processor.py:183} INFO - Processing /home/tejhanagarajan/Projects/small-projects/NewsImpact/venv/lib64/python3.10/site-packages/airflow/example_dags/plugins/listener_plugin.py took 0.015 seconds
[2025-07-04T12:35:27.629+0530] {processor.py:161} INFO - Started process (PID=31339) to work on /home/tejhanagarajan/Projects/small-projects/NewsImpact/venv/lib64/python3.10/site-packages/airflow/example_dags/plugins/listener_plugin.py
[2025-07-04T12:35:27.632+0530] {processor.py:830} INFO - Processing file /home/tejhanagarajan/Projects/small-projects/NewsImpact/venv/lib64/python3.10/site-packages/airflow/example_dags/plugins/listener_plugin.py for tasks to queue
[2025-07-04T12:35:27.633+0530] {logging_mixin.py:188} INFO - [2025-07-04T12:35:27.632+0530] {dagbag.py:538} INFO - Filling up the DagBag from /home/tejhanagarajan/Projects/small-projects/NewsImpact/venv/lib64/python3.10/site-packages/airflow/example_dags/plugins/listener_plugin.py
[2025-07-04T12:35:27.635+0530] {processor.py:842} WARNING - No viable dags retrieved from /home/tejhanagarajan/Projects/small-projects/NewsImpact/venv/lib64/python3.10/site-packages/airflow/example_dags/plugins/listener_plugin.py
[2025-07-04T12:35:27.640+0530] {processor.py:183} INFO - Processing /home/tejhanagarajan/Projects/small-projects/NewsImpact/venv/lib64/python3.10/site-packages/airflow/example_dags/plugins/listener_plugin.py took 0.013 seconds
[2025-07-04T12:36:04.645+0530] {processor.py:161} INFO - Started process (PID=31687) to work on /home/tejhanagarajan/Projects/small-projects/NewsImpact/venv/lib64/python3.10/site-packages/airflow/example_dags/plugins/listener_plugin.py
[2025-07-04T12:36:04.648+0530] {processor.py:830} INFO - Processing file /home/tejhanagarajan/Projects/small-projects/NewsImpact/venv/lib64/python3.10/site-packages/airflow/example_dags/plugins/listener_plugin.py for tasks to queue
[2025-07-04T12:36:04.649+0530] {logging_mixin.py:188} INFO - [2025-07-04T12:36:04.648+0530] {dagbag.py:538} INFO - Filling up the DagBag from /home/tejhanagarajan/Projects/small-projects/NewsImpact/venv/lib64/python3.10/site-packages/airflow/example_dags/plugins/listener_plugin.py
[2025-07-04T12:36:04.651+0530] {processor.py:842} WARNING - No viable dags retrieved from /home/tejhanagarajan/Projects/small-projects/NewsImpact/venv/lib64/python3.10/site-packages/airflow/example_dags/plugins/listener_plugin.py
[2025-07-04T12:36:04.656+0530] {processor.py:183} INFO - Processing /home/tejhanagarajan/Projects/small-projects/NewsImpact/venv/lib64/python3.10/site-packages/airflow/example_dags/plugins/listener_plugin.py took 0.012 seconds
[2025-07-04T12:36:41.330+0530] {processor.py:161} INFO - Started process (PID=32090) to work on /home/tejhanagarajan/Projects/small-projects/NewsImpact/venv/lib64/python3.10/site-packages/airflow/example_dags/plugins/listener_plugin.py
[2025-07-04T12:36:41.332+0530] {processor.py:830} INFO - Processing file /home/tejhanagarajan/Projects/small-projects/NewsImpact/venv/lib64/python3.10/site-packages/airflow/example_dags/plugins/listener_plugin.py for tasks to queue
[2025-07-04T12:36:41.333+0530] {logging_mixin.py:188} INFO - [2025-07-04T12:36:41.333+0530] {dagbag.py:538} INFO - Filling up the DagBag from /home/tejhanagarajan/Projects/small-projects/NewsImpact/venv/lib64/python3.10/site-packages/airflow/example_dags/plugins/listener_plugin.py
[2025-07-04T12:36:41.335+0530] {processor.py:842} WARNING - No viable dags retrieved from /home/tejhanagarajan/Projects/small-projects/NewsImpact/venv/lib64/python3.10/site-packages/airflow/example_dags/plugins/listener_plugin.py
[2025-07-04T12:36:41.340+0530] {processor.py:183} INFO - Processing /home/tejhanagarajan/Projects/small-projects/NewsImpact/venv/lib64/python3.10/site-packages/airflow/example_dags/plugins/listener_plugin.py took 0.012 seconds
[2025-07-04T12:37:14.330+0530] {processor.py:161} INFO - Started process (PID=32331) to work on /home/tejhanagarajan/Projects/small-projects/NewsImpact/venv/lib64/python3.10/site-packages/airflow/example_dags/plugins/listener_plugin.py
[2025-07-04T12:37:14.332+0530] {processor.py:830} INFO - Processing file /home/tejhanagarajan/Projects/small-projects/NewsImpact/venv/lib64/python3.10/site-packages/airflow/example_dags/plugins/listener_plugin.py for tasks to queue
[2025-07-04T12:37:14.332+0530] {logging_mixin.py:188} INFO - [2025-07-04T12:37:14.332+0530] {dagbag.py:538} INFO - Filling up the DagBag from /home/tejhanagarajan/Projects/small-projects/NewsImpact/venv/lib64/python3.10/site-packages/airflow/example_dags/plugins/listener_plugin.py
[2025-07-04T12:37:14.334+0530] {processor.py:842} WARNING - No viable dags retrieved from /home/tejhanagarajan/Projects/small-projects/NewsImpact/venv/lib64/python3.10/site-packages/airflow/example_dags/plugins/listener_plugin.py
[2025-07-04T12:37:14.339+0530] {processor.py:183} INFO - Processing /home/tejhanagarajan/Projects/small-projects/NewsImpact/venv/lib64/python3.10/site-packages/airflow/example_dags/plugins/listener_plugin.py took 0.011 seconds
[2025-07-04T12:37:56.802+0530] {processor.py:161} INFO - Started process (PID=34641) to work on /home/tejhanagarajan/Projects/small-projects/NewsImpact/venv/lib64/python3.10/site-packages/airflow/example_dags/plugins/listener_plugin.py
[2025-07-04T12:37:56.805+0530] {processor.py:830} INFO - Processing file /home/tejhanagarajan/Projects/small-projects/NewsImpact/venv/lib64/python3.10/site-packages/airflow/example_dags/plugins/listener_plugin.py for tasks to queue
[2025-07-04T12:37:56.806+0530] {logging_mixin.py:188} INFO - [2025-07-04T12:37:56.806+0530] {dagbag.py:538} INFO - Filling up the DagBag from /home/tejhanagarajan/Projects/small-projects/NewsImpact/venv/lib64/python3.10/site-packages/airflow/example_dags/plugins/listener_plugin.py
[2025-07-04T12:37:56.808+0530] {processor.py:842} WARNING - No viable dags retrieved from /home/tejhanagarajan/Projects/small-projects/NewsImpact/venv/lib64/python3.10/site-packages/airflow/example_dags/plugins/listener_plugin.py
[2025-07-04T12:37:56.813+0530] {processor.py:183} INFO - Processing /home/tejhanagarajan/Projects/small-projects/NewsImpact/venv/lib64/python3.10/site-packages/airflow/example_dags/plugins/listener_plugin.py took 0.014 seconds
[2025-07-04T12:38:00.808+0530] {processor.py:161} INFO - Started process (PID=34688) to work on /home/tejhanagarajan/Projects/small-projects/NewsImpact/venv/lib64/python3.10/site-packages/airflow/example_dags/plugins/listener_plugin.py
[2025-07-04T12:38:00.809+0530] {processor.py:830} INFO - Processing file /home/tejhanagarajan/Projects/small-projects/NewsImpact/venv/lib64/python3.10/site-packages/airflow/example_dags/plugins/listener_plugin.py for tasks to queue
[2025-07-04T12:38:00.809+0530] {logging_mixin.py:188} INFO - [2025-07-04T12:38:00.809+0530] {dagbag.py:538} INFO - Filling up the DagBag from /home/tejhanagarajan/Projects/small-projects/NewsImpact/venv/lib64/python3.10/site-packages/airflow/example_dags/plugins/listener_plugin.py
[2025-07-04T12:38:00.811+0530] {processor.py:842} WARNING - No viable dags retrieved from /home/tejhanagarajan/Projects/small-projects/NewsImpact/venv/lib64/python3.10/site-packages/airflow/example_dags/plugins/listener_plugin.py
[2025-07-04T12:38:00.815+0530] {processor.py:183} INFO - Processing /home/tejhanagarajan/Projects/small-projects/NewsImpact/venv/lib64/python3.10/site-packages/airflow/example_dags/plugins/listener_plugin.py took 0.009 seconds
[2025-07-04T12:38:36.469+0530] {processor.py:161} INFO - Started process (PID=34988) to work on /home/tejhanagarajan/Projects/small-projects/NewsImpact/venv/lib64/python3.10/site-packages/airflow/example_dags/plugins/listener_plugin.py
[2025-07-04T12:38:36.470+0530] {processor.py:830} INFO - Processing file /home/tejhanagarajan/Projects/small-projects/NewsImpact/venv/lib64/python3.10/site-packages/airflow/example_dags/plugins/listener_plugin.py for tasks to queue
[2025-07-04T12:38:36.471+0530] {logging_mixin.py:188} INFO - [2025-07-04T12:38:36.470+0530] {dagbag.py:538} INFO - Filling up the DagBag from /home/tejhanagarajan/Projects/small-projects/NewsImpact/venv/lib64/python3.10/site-packages/airflow/example_dags/plugins/listener_plugin.py
[2025-07-04T12:38:36.472+0530] {processor.py:842} WARNING - No viable dags retrieved from /home/tejhanagarajan/Projects/small-projects/NewsImpact/venv/lib64/python3.10/site-packages/airflow/example_dags/plugins/listener_plugin.py
[2025-07-04T12:38:36.486+0530] {processor.py:183} INFO - Processing /home/tejhanagarajan/Projects/small-projects/NewsImpact/venv/lib64/python3.10/site-packages/airflow/example_dags/plugins/listener_plugin.py took 0.018 seconds
[2025-07-04T12:38:44.690+0530] {processor.py:161} INFO - Started process (PID=35068) to work on /home/tejhanagarajan/Projects/small-projects/NewsImpact/venv/lib64/python3.10/site-packages/airflow/example_dags/plugins/listener_plugin.py
[2025-07-04T12:38:44.690+0530] {processor.py:830} INFO - Processing file /home/tejhanagarajan/Projects/small-projects/NewsImpact/venv/lib64/python3.10/site-packages/airflow/example_dags/plugins/listener_plugin.py for tasks to queue
[2025-07-04T12:38:44.691+0530] {logging_mixin.py:188} INFO - [2025-07-04T12:38:44.690+0530] {dagbag.py:538} INFO - Filling up the DagBag from /home/tejhanagarajan/Projects/small-projects/NewsImpact/venv/lib64/python3.10/site-packages/airflow/example_dags/plugins/listener_plugin.py
[2025-07-04T12:38:44.692+0530] {processor.py:842} WARNING - No viable dags retrieved from /home/tejhanagarajan/Projects/small-projects/NewsImpact/venv/lib64/python3.10/site-packages/airflow/example_dags/plugins/listener_plugin.py
[2025-07-04T12:38:44.698+0530] {processor.py:183} INFO - Processing /home/tejhanagarajan/Projects/small-projects/NewsImpact/venv/lib64/python3.10/site-packages/airflow/example_dags/plugins/listener_plugin.py took 0.011 seconds
[2025-07-04T12:39:10.175+0530] {processor.py:161} INFO - Started process (PID=35319) to work on /home/tejhanagarajan/Projects/small-projects/NewsImpact/venv/lib64/python3.10/site-packages/airflow/example_dags/plugins/listener_plugin.py
[2025-07-04T12:39:10.177+0530] {processor.py:830} INFO - Processing file /home/tejhanagarajan/Projects/small-projects/NewsImpact/venv/lib64/python3.10/site-packages/airflow/example_dags/plugins/listener_plugin.py for tasks to queue
[2025-07-04T12:39:10.178+0530] {logging_mixin.py:188} INFO - [2025-07-04T12:39:10.178+0530] {dagbag.py:538} INFO - Filling up the DagBag from /home/tejhanagarajan/Projects/small-projects/NewsImpact/venv/lib64/python3.10/site-packages/airflow/example_dags/plugins/listener_plugin.py
[2025-07-04T12:39:10.179+0530] {processor.py:842} WARNING - No viable dags retrieved from /home/tejhanagarajan/Projects/small-projects/NewsImpact/venv/lib64/python3.10/site-packages/airflow/example_dags/plugins/listener_plugin.py
[2025-07-04T12:39:10.184+0530] {processor.py:183} INFO - Processing /home/tejhanagarajan/Projects/small-projects/NewsImpact/venv/lib64/python3.10/site-packages/airflow/example_dags/plugins/listener_plugin.py took 0.013 seconds
[2025-07-04T12:39:19.949+0530] {processor.py:161} INFO - Started process (PID=35406) to work on /home/tejhanagarajan/Projects/small-projects/NewsImpact/venv/lib64/python3.10/site-packages/airflow/example_dags/plugins/listener_plugin.py
[2025-07-04T12:39:19.952+0530] {processor.py:830} INFO - Processing file /home/tejhanagarajan/Projects/small-projects/NewsImpact/venv/lib64/python3.10/site-packages/airflow/example_dags/plugins/listener_plugin.py for tasks to queue
[2025-07-04T12:39:19.953+0530] {logging_mixin.py:188} INFO - [2025-07-04T12:39:19.952+0530] {dagbag.py:538} INFO - Filling up the DagBag from /home/tejhanagarajan/Projects/small-projects/NewsImpact/venv/lib64/python3.10/site-packages/airflow/example_dags/plugins/listener_plugin.py
[2025-07-04T12:39:19.955+0530] {processor.py:842} WARNING - No viable dags retrieved from /home/tejhanagarajan/Projects/small-projects/NewsImpact/venv/lib64/python3.10/site-packages/airflow/example_dags/plugins/listener_plugin.py
[2025-07-04T12:39:19.962+0530] {processor.py:183} INFO - Processing /home/tejhanagarajan/Projects/small-projects/NewsImpact/venv/lib64/python3.10/site-packages/airflow/example_dags/plugins/listener_plugin.py took 0.016 seconds
[2025-07-04T12:39:47.661+0530] {processor.py:161} INFO - Started process (PID=35640) to work on /home/tejhanagarajan/Projects/small-projects/NewsImpact/venv/lib64/python3.10/site-packages/airflow/example_dags/plugins/listener_plugin.py
[2025-07-04T12:39:47.663+0530] {processor.py:830} INFO - Processing file /home/tejhanagarajan/Projects/small-projects/NewsImpact/venv/lib64/python3.10/site-packages/airflow/example_dags/plugins/listener_plugin.py for tasks to queue
[2025-07-04T12:39:47.664+0530] {logging_mixin.py:188} INFO - [2025-07-04T12:39:47.664+0530] {dagbag.py:538} INFO - Filling up the DagBag from /home/tejhanagarajan/Projects/small-projects/NewsImpact/venv/lib64/python3.10/site-packages/airflow/example_dags/plugins/listener_plugin.py
[2025-07-04T12:39:47.666+0530] {processor.py:842} WARNING - No viable dags retrieved from /home/tejhanagarajan/Projects/small-projects/NewsImpact/venv/lib64/python3.10/site-packages/airflow/example_dags/plugins/listener_plugin.py
[2025-07-04T12:39:47.672+0530] {processor.py:183} INFO - Processing /home/tejhanagarajan/Projects/small-projects/NewsImpact/venv/lib64/python3.10/site-packages/airflow/example_dags/plugins/listener_plugin.py took 0.012 seconds
[2025-07-04T12:39:53.664+0530] {processor.py:161} INFO - Started process (PID=35706) to work on /home/tejhanagarajan/Projects/small-projects/NewsImpact/venv/lib64/python3.10/site-packages/airflow/example_dags/plugins/listener_plugin.py
[2025-07-04T12:39:53.665+0530] {processor.py:830} INFO - Processing file /home/tejhanagarajan/Projects/small-projects/NewsImpact/venv/lib64/python3.10/site-packages/airflow/example_dags/plugins/listener_plugin.py for tasks to queue
[2025-07-04T12:39:53.665+0530] {logging_mixin.py:188} INFO - [2025-07-04T12:39:53.665+0530] {dagbag.py:538} INFO - Filling up the DagBag from /home/tejhanagarajan/Projects/small-projects/NewsImpact/venv/lib64/python3.10/site-packages/airflow/example_dags/plugins/listener_plugin.py
[2025-07-04T12:39:53.667+0530] {processor.py:842} WARNING - No viable dags retrieved from /home/tejhanagarajan/Projects/small-projects/NewsImpact/venv/lib64/python3.10/site-packages/airflow/example_dags/plugins/listener_plugin.py
[2025-07-04T12:39:53.674+0530] {processor.py:183} INFO - Processing /home/tejhanagarajan/Projects/small-projects/NewsImpact/venv/lib64/python3.10/site-packages/airflow/example_dags/plugins/listener_plugin.py took 0.012 seconds
[2025-07-04T12:41:57.843+0530] {processor.py:161} INFO - Started process (PID=37730) to work on /home/tejhanagarajan/Projects/small-projects/NewsImpact/venv/lib64/python3.10/site-packages/airflow/example_dags/plugins/listener_plugin.py
[2025-07-04T12:41:57.846+0530] {processor.py:830} INFO - Processing file /home/tejhanagarajan/Projects/small-projects/NewsImpact/venv/lib64/python3.10/site-packages/airflow/example_dags/plugins/listener_plugin.py for tasks to queue
[2025-07-04T12:41:57.846+0530] {logging_mixin.py:188} INFO - [2025-07-04T12:41:57.846+0530] {dagbag.py:538} INFO - Filling up the DagBag from /home/tejhanagarajan/Projects/small-projects/NewsImpact/venv/lib64/python3.10/site-packages/airflow/example_dags/plugins/listener_plugin.py
[2025-07-04T12:41:57.848+0530] {processor.py:842} WARNING - No viable dags retrieved from /home/tejhanagarajan/Projects/small-projects/NewsImpact/venv/lib64/python3.10/site-packages/airflow/example_dags/plugins/listener_plugin.py
[2025-07-04T12:41:57.852+0530] {processor.py:183} INFO - Processing /home/tejhanagarajan/Projects/small-projects/NewsImpact/venv/lib64/python3.10/site-packages/airflow/example_dags/plugins/listener_plugin.py took 0.011 seconds
[2025-07-04T12:42:45.910+0530] {processor.py:161} INFO - Started process (PID=38132) to work on /home/tejhanagarajan/Projects/small-projects/NewsImpact/venv/lib64/python3.10/site-packages/airflow/example_dags/plugins/listener_plugin.py
[2025-07-04T12:42:45.913+0530] {processor.py:830} INFO - Processing file /home/tejhanagarajan/Projects/small-projects/NewsImpact/venv/lib64/python3.10/site-packages/airflow/example_dags/plugins/listener_plugin.py for tasks to queue
[2025-07-04T12:42:45.913+0530] {logging_mixin.py:188} INFO - [2025-07-04T12:42:45.913+0530] {dagbag.py:538} INFO - Filling up the DagBag from /home/tejhanagarajan/Projects/small-projects/NewsImpact/venv/lib64/python3.10/site-packages/airflow/example_dags/plugins/listener_plugin.py
[2025-07-04T12:42:45.915+0530] {processor.py:842} WARNING - No viable dags retrieved from /home/tejhanagarajan/Projects/small-projects/NewsImpact/venv/lib64/python3.10/site-packages/airflow/example_dags/plugins/listener_plugin.py
[2025-07-04T12:42:45.919+0530] {processor.py:183} INFO - Processing /home/tejhanagarajan/Projects/small-projects/NewsImpact/venv/lib64/python3.10/site-packages/airflow/example_dags/plugins/listener_plugin.py took 0.012 seconds
[2025-07-04T12:43:18.554+0530] {processor.py:161} INFO - Started process (PID=38377) to work on /home/tejhanagarajan/Projects/small-projects/NewsImpact/venv/lib64/python3.10/site-packages/airflow/example_dags/plugins/listener_plugin.py
[2025-07-04T12:43:18.556+0530] {processor.py:830} INFO - Processing file /home/tejhanagarajan/Projects/small-projects/NewsImpact/venv/lib64/python3.10/site-packages/airflow/example_dags/plugins/listener_plugin.py for tasks to queue
[2025-07-04T12:43:18.557+0530] {logging_mixin.py:188} INFO - [2025-07-04T12:43:18.557+0530] {dagbag.py:538} INFO - Filling up the DagBag from /home/tejhanagarajan/Projects/small-projects/NewsImpact/venv/lib64/python3.10/site-packages/airflow/example_dags/plugins/listener_plugin.py
[2025-07-04T12:43:18.559+0530] {processor.py:842} WARNING - No viable dags retrieved from /home/tejhanagarajan/Projects/small-projects/NewsImpact/venv/lib64/python3.10/site-packages/airflow/example_dags/plugins/listener_plugin.py
[2025-07-04T12:43:18.564+0530] {processor.py:183} INFO - Processing /home/tejhanagarajan/Projects/small-projects/NewsImpact/venv/lib64/python3.10/site-packages/airflow/example_dags/plugins/listener_plugin.py took 0.014 seconds
[2025-07-04T12:43:55.351+0530] {processor.py:161} INFO - Started process (PID=38680) to work on /home/tejhanagarajan/Projects/small-projects/NewsImpact/venv/lib64/python3.10/site-packages/airflow/example_dags/plugins/listener_plugin.py
[2025-07-04T12:43:55.354+0530] {processor.py:830} INFO - Processing file /home/tejhanagarajan/Projects/small-projects/NewsImpact/venv/lib64/python3.10/site-packages/airflow/example_dags/plugins/listener_plugin.py for tasks to queue
[2025-07-04T12:43:55.355+0530] {logging_mixin.py:188} INFO - [2025-07-04T12:43:55.355+0530] {dagbag.py:538} INFO - Filling up the DagBag from /home/tejhanagarajan/Projects/small-projects/NewsImpact/venv/lib64/python3.10/site-packages/airflow/example_dags/plugins/listener_plugin.py
[2025-07-04T12:43:55.357+0530] {processor.py:842} WARNING - No viable dags retrieved from /home/tejhanagarajan/Projects/small-projects/NewsImpact/venv/lib64/python3.10/site-packages/airflow/example_dags/plugins/listener_plugin.py
[2025-07-04T12:43:55.365+0530] {processor.py:183} INFO - Processing /home/tejhanagarajan/Projects/small-projects/NewsImpact/venv/lib64/python3.10/site-packages/airflow/example_dags/plugins/listener_plugin.py took 0.015 seconds
[2025-07-04T12:44:30.736+0530] {processor.py:161} INFO - Started process (PID=38934) to work on /home/tejhanagarajan/Projects/small-projects/NewsImpact/venv/lib64/python3.10/site-packages/airflow/example_dags/plugins/listener_plugin.py
[2025-07-04T12:44:30.739+0530] {processor.py:830} INFO - Processing file /home/tejhanagarajan/Projects/small-projects/NewsImpact/venv/lib64/python3.10/site-packages/airflow/example_dags/plugins/listener_plugin.py for tasks to queue
[2025-07-04T12:44:30.739+0530] {logging_mixin.py:188} INFO - [2025-07-04T12:44:30.739+0530] {dagbag.py:538} INFO - Filling up the DagBag from /home/tejhanagarajan/Projects/small-projects/NewsImpact/venv/lib64/python3.10/site-packages/airflow/example_dags/plugins/listener_plugin.py
[2025-07-04T12:44:30.741+0530] {processor.py:842} WARNING - No viable dags retrieved from /home/tejhanagarajan/Projects/small-projects/NewsImpact/venv/lib64/python3.10/site-packages/airflow/example_dags/plugins/listener_plugin.py
[2025-07-04T12:44:30.746+0530] {processor.py:183} INFO - Processing /home/tejhanagarajan/Projects/small-projects/NewsImpact/venv/lib64/python3.10/site-packages/airflow/example_dags/plugins/listener_plugin.py took 0.013 seconds
[2025-07-04T12:45:07.876+0530] {processor.py:161} INFO - Started process (PID=39202) to work on /home/tejhanagarajan/Projects/small-projects/NewsImpact/venv/lib64/python3.10/site-packages/airflow/example_dags/plugins/listener_plugin.py
[2025-07-04T12:45:07.878+0530] {processor.py:830} INFO - Processing file /home/tejhanagarajan/Projects/small-projects/NewsImpact/venv/lib64/python3.10/site-packages/airflow/example_dags/plugins/listener_plugin.py for tasks to queue
[2025-07-04T12:45:07.878+0530] {logging_mixin.py:188} INFO - [2025-07-04T12:45:07.878+0530] {dagbag.py:538} INFO - Filling up the DagBag from /home/tejhanagarajan/Projects/small-projects/NewsImpact/venv/lib64/python3.10/site-packages/airflow/example_dags/plugins/listener_plugin.py
[2025-07-04T12:45:07.880+0530] {processor.py:842} WARNING - No viable dags retrieved from /home/tejhanagarajan/Projects/small-projects/NewsImpact/venv/lib64/python3.10/site-packages/airflow/example_dags/plugins/listener_plugin.py
[2025-07-04T12:45:07.884+0530] {processor.py:183} INFO - Processing /home/tejhanagarajan/Projects/small-projects/NewsImpact/venv/lib64/python3.10/site-packages/airflow/example_dags/plugins/listener_plugin.py took 0.009 seconds
[2025-07-04T12:45:41.607+0530] {processor.py:161} INFO - Started process (PID=39458) to work on /home/tejhanagarajan/Projects/small-projects/NewsImpact/venv/lib64/python3.10/site-packages/airflow/example_dags/plugins/listener_plugin.py
[2025-07-04T12:45:41.610+0530] {processor.py:830} INFO - Processing file /home/tejhanagarajan/Projects/small-projects/NewsImpact/venv/lib64/python3.10/site-packages/airflow/example_dags/plugins/listener_plugin.py for tasks to queue
[2025-07-04T12:45:41.611+0530] {logging_mixin.py:188} INFO - [2025-07-04T12:45:41.611+0530] {dagbag.py:538} INFO - Filling up the DagBag from /home/tejhanagarajan/Projects/small-projects/NewsImpact/venv/lib64/python3.10/site-packages/airflow/example_dags/plugins/listener_plugin.py
[2025-07-04T12:45:41.613+0530] {processor.py:842} WARNING - No viable dags retrieved from /home/tejhanagarajan/Projects/small-projects/NewsImpact/venv/lib64/python3.10/site-packages/airflow/example_dags/plugins/listener_plugin.py
[2025-07-04T12:45:41.618+0530] {processor.py:183} INFO - Processing /home/tejhanagarajan/Projects/small-projects/NewsImpact/venv/lib64/python3.10/site-packages/airflow/example_dags/plugins/listener_plugin.py took 0.013 seconds
[2025-07-04T12:46:17.677+0530] {processor.py:161} INFO - Started process (PID=39712) to work on /home/tejhanagarajan/Projects/small-projects/NewsImpact/venv/lib64/python3.10/site-packages/airflow/example_dags/plugins/listener_plugin.py
[2025-07-04T12:46:17.680+0530] {processor.py:830} INFO - Processing file /home/tejhanagarajan/Projects/small-projects/NewsImpact/venv/lib64/python3.10/site-packages/airflow/example_dags/plugins/listener_plugin.py for tasks to queue
[2025-07-04T12:46:17.681+0530] {logging_mixin.py:188} INFO - [2025-07-04T12:46:17.680+0530] {dagbag.py:538} INFO - Filling up the DagBag from /home/tejhanagarajan/Projects/small-projects/NewsImpact/venv/lib64/python3.10/site-packages/airflow/example_dags/plugins/listener_plugin.py
[2025-07-04T12:46:17.683+0530] {processor.py:842} WARNING - No viable dags retrieved from /home/tejhanagarajan/Projects/small-projects/NewsImpact/venv/lib64/python3.10/site-packages/airflow/example_dags/plugins/listener_plugin.py
[2025-07-04T12:46:17.688+0530] {processor.py:183} INFO - Processing /home/tejhanagarajan/Projects/small-projects/NewsImpact/venv/lib64/python3.10/site-packages/airflow/example_dags/plugins/listener_plugin.py took 0.014 seconds
[2025-07-04T12:46:52.807+0530] {processor.py:161} INFO - Started process (PID=39973) to work on /home/tejhanagarajan/Projects/small-projects/NewsImpact/venv/lib64/python3.10/site-packages/airflow/example_dags/plugins/listener_plugin.py
[2025-07-04T12:46:52.809+0530] {processor.py:830} INFO - Processing file /home/tejhanagarajan/Projects/small-projects/NewsImpact/venv/lib64/python3.10/site-packages/airflow/example_dags/plugins/listener_plugin.py for tasks to queue
[2025-07-04T12:46:52.809+0530] {logging_mixin.py:188} INFO - [2025-07-04T12:46:52.809+0530] {dagbag.py:538} INFO - Filling up the DagBag from /home/tejhanagarajan/Projects/small-projects/NewsImpact/venv/lib64/python3.10/site-packages/airflow/example_dags/plugins/listener_plugin.py
[2025-07-04T12:46:52.811+0530] {processor.py:842} WARNING - No viable dags retrieved from /home/tejhanagarajan/Projects/small-projects/NewsImpact/venv/lib64/python3.10/site-packages/airflow/example_dags/plugins/listener_plugin.py
[2025-07-04T12:46:52.815+0530] {processor.py:183} INFO - Processing /home/tejhanagarajan/Projects/small-projects/NewsImpact/venv/lib64/python3.10/site-packages/airflow/example_dags/plugins/listener_plugin.py took 0.010 seconds
[2025-07-04T12:47:28.081+0530] {processor.py:161} INFO - Started process (PID=40226) to work on /home/tejhanagarajan/Projects/small-projects/NewsImpact/venv/lib64/python3.10/site-packages/airflow/example_dags/plugins/listener_plugin.py
[2025-07-04T12:47:28.083+0530] {processor.py:830} INFO - Processing file /home/tejhanagarajan/Projects/small-projects/NewsImpact/venv/lib64/python3.10/site-packages/airflow/example_dags/plugins/listener_plugin.py for tasks to queue
[2025-07-04T12:47:28.083+0530] {logging_mixin.py:188} INFO - [2025-07-04T12:47:28.083+0530] {dagbag.py:538} INFO - Filling up the DagBag from /home/tejhanagarajan/Projects/small-projects/NewsImpact/venv/lib64/python3.10/site-packages/airflow/example_dags/plugins/listener_plugin.py
[2025-07-04T12:47:28.085+0530] {processor.py:842} WARNING - No viable dags retrieved from /home/tejhanagarajan/Projects/small-projects/NewsImpact/venv/lib64/python3.10/site-packages/airflow/example_dags/plugins/listener_plugin.py
[2025-07-04T12:47:28.089+0530] {processor.py:183} INFO - Processing /home/tejhanagarajan/Projects/small-projects/NewsImpact/venv/lib64/python3.10/site-packages/airflow/example_dags/plugins/listener_plugin.py took 0.010 seconds
[2025-07-04T12:48:00.486+0530] {processor.py:161} INFO - Started process (PID=40478) to work on /home/tejhanagarajan/Projects/small-projects/NewsImpact/venv/lib64/python3.10/site-packages/airflow/example_dags/plugins/listener_plugin.py
[2025-07-04T12:48:00.488+0530] {processor.py:830} INFO - Processing file /home/tejhanagarajan/Projects/small-projects/NewsImpact/venv/lib64/python3.10/site-packages/airflow/example_dags/plugins/listener_plugin.py for tasks to queue
[2025-07-04T12:48:00.489+0530] {logging_mixin.py:188} INFO - [2025-07-04T12:48:00.489+0530] {dagbag.py:538} INFO - Filling up the DagBag from /home/tejhanagarajan/Projects/small-projects/NewsImpact/venv/lib64/python3.10/site-packages/airflow/example_dags/plugins/listener_plugin.py
[2025-07-04T12:48:00.491+0530] {processor.py:842} WARNING - No viable dags retrieved from /home/tejhanagarajan/Projects/small-projects/NewsImpact/venv/lib64/python3.10/site-packages/airflow/example_dags/plugins/listener_plugin.py
[2025-07-04T12:48:00.496+0530] {processor.py:183} INFO - Processing /home/tejhanagarajan/Projects/small-projects/NewsImpact/venv/lib64/python3.10/site-packages/airflow/example_dags/plugins/listener_plugin.py took 0.012 seconds
