[2025-07-04T12:26:24.621+0530] {processor.py:161} INFO - Started process (PID=24822) to work on /home/tejhanagarajan/Projects/small-projects/NewsImpact/venv/lib64/python3.10/site-packages/airflow/example_dags/plugins/workday.py
[2025-07-04T12:26:24.622+0530] {processor.py:830} INFO - Processing file /home/tejhanagarajan/Projects/small-projects/NewsImpact/venv/lib64/python3.10/site-packages/airflow/example_dags/plugins/workday.py for tasks to queue
[2025-07-04T12:26:24.623+0530] {logging_mixin.py:188} INFO - [2025-07-04T12:26:24.622+0530] {dagbag.py:538} INFO - Filling up the DagBag from /home/tejhanagarajan/Projects/small-projects/NewsImpact/venv/lib64/python3.10/site-packages/airflow/example_dags/plugins/workday.py
[2025-07-04T12:26:24.852+0530] {processor.py:842} WARNING - No viable dags retrieved from /home/tejhanagarajan/Projects/small-projects/NewsImpact/venv/lib64/python3.10/site-packages/airflow/example_dags/plugins/workday.py
[2025-07-04T12:26:24.855+0530] {processor.py:183} INFO - Processing /home/tejhanagarajan/Projects/small-projects/NewsImpact/venv/lib64/python3.10/site-packages/airflow/example_dags/plugins/workday.py took 0.236 seconds
[2025-07-04T12:27:18.269+0530] {processor.py:161} INFO - Started process (PID=25465) to work on /home/tejhanagarajan/Projects/small-projects/NewsImpact/venv/lib64/python3.10/site-packages/airflow/example_dags/plugins/workday.py
[2025-07-04T12:27:18.270+0530] {processor.py:830} INFO - Processing file /home/tejhanagarajan/Projects/small-projects/NewsImpact/venv/lib64/python3.10/site-packages/airflow/example_dags/plugins/workday.py for tasks to queue
[2025-07-04T12:27:18.270+0530] {logging_mixin.py:188} INFO - [2025-07-04T12:27:18.270+0530] {dagbag.py:538} INFO - Filling up the DagBag from /home/tejhanagarajan/Projects/small-projects/NewsImpact/venv/lib64/python3.10/site-packages/airflow/example_dags/plugins/workday.py
[2025-07-04T12:27:18.451+0530] {processor.py:842} WARNING - No viable dags retrieved from /home/tejhanagarajan/Projects/small-projects/NewsImpact/venv/lib64/python3.10/site-packages/airflow/example_dags/plugins/workday.py
[2025-07-04T12:27:18.456+0530] {processor.py:183} INFO - Processing /home/tejhanagarajan/Projects/small-projects/NewsImpact/venv/lib64/python3.10/site-packages/airflow/example_dags/plugins/workday.py took 0.190 seconds
[2025-07-04T12:27:57.269+0530] {processor.py:161} INFO - Started process (PID=25746) to work on /home/tejhanagarajan/Projects/small-projects/NewsImpact/venv/lib64/python3.10/site-packages/airflow/example_dags/plugins/workday.py
[2025-07-04T12:27:57.270+0530] {processor.py:830} INFO - Processing file /home/tejhanagarajan/Projects/small-projects/NewsImpact/venv/lib64/python3.10/site-packages/airflow/example_dags/plugins/workday.py for tasks to queue
[2025-07-04T12:27:57.270+0530] {logging_mixin.py:188} INFO - [2025-07-04T12:27:57.270+0530] {dagbag.py:538} INFO - Filling up the DagBag from /home/tejhanagarajan/Projects/small-projects/NewsImpact/venv/lib64/python3.10/site-packages/airflow/example_dags/plugins/workday.py
[2025-07-04T12:27:57.425+0530] {processor.py:842} WARNING - No viable dags retrieved from /home/tejhanagarajan/Projects/small-projects/NewsImpact/venv/lib64/python3.10/site-packages/airflow/example_dags/plugins/workday.py
[2025-07-04T12:27:57.429+0530] {processor.py:183} INFO - Processing /home/tejhanagarajan/Projects/small-projects/NewsImpact/venv/lib64/python3.10/site-packages/airflow/example_dags/plugins/workday.py took 0.162 seconds
[2025-07-04T12:28:35.408+0530] {processor.py:161} INFO - Started process (PID=26105) to work on /home/tejhanagarajan/Projects/small-projects/NewsImpact/venv/lib64/python3.10/site-packages/airflow/example_dags/plugins/workday.py
[2025-07-04T12:28:35.409+0530] {processor.py:830} INFO - Processing file /home/tejhanagarajan/Projects/small-projects/NewsImpact/venv/lib64/python3.10/site-packages/airflow/example_dags/plugins/workday.py for tasks to queue
[2025-07-04T12:28:35.410+0530] {logging_mixin.py:188} INFO - [2025-07-04T12:28:35.410+0530] {dagbag.py:538} INFO - Filling up the DagBag from /home/tejhanagarajan/Projects/small-projects/NewsImpact/venv/lib64/python3.10/site-packages/airflow/example_dags/plugins/workday.py
[2025-07-04T12:28:35.595+0530] {processor.py:842} WARNING - No viable dags retrieved from /home/tejhanagarajan/Projects/small-projects/NewsImpact/venv/lib64/python3.10/site-packages/airflow/example_dags/plugins/workday.py
[2025-07-04T12:28:35.599+0530] {processor.py:183} INFO - Processing /home/tejhanagarajan/Projects/small-projects/NewsImpact/venv/lib64/python3.10/site-packages/airflow/example_dags/plugins/workday.py took 0.193 seconds
[2025-07-04T12:29:14.494+0530] {processor.py:161} INFO - Started process (PID=26411) to work on /home/tejhanagarajan/Projects/small-projects/NewsImpact/venv/lib64/python3.10/site-packages/airflow/example_dags/plugins/workday.py
[2025-07-04T12:29:14.496+0530] {processor.py:830} INFO - Processing file /home/tejhanagarajan/Projects/small-projects/NewsImpact/venv/lib64/python3.10/site-packages/airflow/example_dags/plugins/workday.py for tasks to queue
[2025-07-04T12:29:14.496+0530] {logging_mixin.py:188} INFO - [2025-07-04T12:29:14.496+0530] {dagbag.py:538} INFO - Filling up the DagBag from /home/tejhanagarajan/Projects/small-projects/NewsImpact/venv/lib64/python3.10/site-packages/airflow/example_dags/plugins/workday.py
[2025-07-04T12:29:14.685+0530] {processor.py:842} WARNING - No viable dags retrieved from /home/tejhanagarajan/Projects/small-projects/NewsImpact/venv/lib64/python3.10/site-packages/airflow/example_dags/plugins/workday.py
[2025-07-04T12:29:14.690+0530] {processor.py:183} INFO - Processing /home/tejhanagarajan/Projects/small-projects/NewsImpact/venv/lib64/python3.10/site-packages/airflow/example_dags/plugins/workday.py took 0.197 seconds
[2025-07-04T12:29:51.638+0530] {processor.py:161} INFO - Started process (PID=26729) to work on /home/tejhanagarajan/Projects/small-projects/NewsImpact/venv/lib64/python3.10/site-packages/airflow/example_dags/plugins/workday.py
[2025-07-04T12:29:51.640+0530] {processor.py:830} INFO - Processing file /home/tejhanagarajan/Projects/small-projects/NewsImpact/venv/lib64/python3.10/site-packages/airflow/example_dags/plugins/workday.py for tasks to queue
[2025-07-04T12:29:51.641+0530] {logging_mixin.py:188} INFO - [2025-07-04T12:29:51.640+0530] {dagbag.py:538} INFO - Filling up the DagBag from /home/tejhanagarajan/Projects/small-projects/NewsImpact/venv/lib64/python3.10/site-packages/airflow/example_dags/plugins/workday.py
[2025-07-04T12:29:51.798+0530] {processor.py:842} WARNING - No viable dags retrieved from /home/tejhanagarajan/Projects/small-projects/NewsImpact/venv/lib64/python3.10/site-packages/airflow/example_dags/plugins/workday.py
[2025-07-04T12:29:51.802+0530] {processor.py:183} INFO - Processing /home/tejhanagarajan/Projects/small-projects/NewsImpact/venv/lib64/python3.10/site-packages/airflow/example_dags/plugins/workday.py took 0.166 seconds
[2025-07-04T12:30:23.733+0530] {processor.py:161} INFO - Started process (PID=26955) to work on /home/tejhanagarajan/Projects/small-projects/NewsImpact/venv/lib64/python3.10/site-packages/airflow/example_dags/plugins/workday.py
[2025-07-04T12:30:23.735+0530] {processor.py:830} INFO - Processing file /home/tejhanagarajan/Projects/small-projects/NewsImpact/venv/lib64/python3.10/site-packages/airflow/example_dags/plugins/workday.py for tasks to queue
[2025-07-04T12:30:23.736+0530] {logging_mixin.py:188} INFO - [2025-07-04T12:30:23.736+0530] {dagbag.py:538} INFO - Filling up the DagBag from /home/tejhanagarajan/Projects/small-projects/NewsImpact/venv/lib64/python3.10/site-packages/airflow/example_dags/plugins/workday.py
[2025-07-04T12:30:23.899+0530] {processor.py:842} WARNING - No viable dags retrieved from /home/tejhanagarajan/Projects/small-projects/NewsImpact/venv/lib64/python3.10/site-packages/airflow/example_dags/plugins/workday.py
[2025-07-04T12:30:23.904+0530] {processor.py:183} INFO - Processing /home/tejhanagarajan/Projects/small-projects/NewsImpact/venv/lib64/python3.10/site-packages/airflow/example_dags/plugins/workday.py took 0.172 seconds
[2025-07-04T12:30:59.932+0530] {processor.py:161} INFO - Started process (PID=27207) to work on /home/tejhanagarajan/Projects/small-projects/NewsImpact/venv/lib64/python3.10/site-packages/airflow/example_dags/plugins/workday.py
[2025-07-04T12:30:59.935+0530] {processor.py:830} INFO - Processing file /home/tejhanagarajan/Projects/small-projects/NewsImpact/venv/lib64/python3.10/site-packages/airflow/example_dags/plugins/workday.py for tasks to queue
[2025-07-04T12:30:59.936+0530] {logging_mixin.py:188} INFO - [2025-07-04T12:30:59.935+0530] {dagbag.py:538} INFO - Filling up the DagBag from /home/tejhanagarajan/Projects/small-projects/NewsImpact/venv/lib64/python3.10/site-packages/airflow/example_dags/plugins/workday.py
[2025-07-04T12:31:00.097+0530] {processor.py:842} WARNING - No viable dags retrieved from /home/tejhanagarajan/Projects/small-projects/NewsImpact/venv/lib64/python3.10/site-packages/airflow/example_dags/plugins/workday.py
[2025-07-04T12:31:00.102+0530] {processor.py:183} INFO - Processing /home/tejhanagarajan/Projects/small-projects/NewsImpact/venv/lib64/python3.10/site-packages/airflow/example_dags/plugins/workday.py took 0.173 seconds
[2025-07-04T12:31:59.917+0530] {processor.py:161} INFO - Started process (PID=28577) to work on /home/tejhanagarajan/Projects/small-projects/NewsImpact/venv/lib64/python3.10/site-packages/airflow/example_dags/plugins/workday.py
[2025-07-04T12:31:59.919+0530] {processor.py:830} INFO - Processing file /home/tejhanagarajan/Projects/small-projects/NewsImpact/venv/lib64/python3.10/site-packages/airflow/example_dags/plugins/workday.py for tasks to queue
[2025-07-04T12:31:59.920+0530] {logging_mixin.py:188} INFO - [2025-07-04T12:31:59.920+0530] {dagbag.py:538} INFO - Filling up the DagBag from /home/tejhanagarajan/Projects/small-projects/NewsImpact/venv/lib64/python3.10/site-packages/airflow/example_dags/plugins/workday.py
[2025-07-04T12:32:00.183+0530] {processor.py:842} WARNING - No viable dags retrieved from /home/tejhanagarajan/Projects/small-projects/NewsImpact/venv/lib64/python3.10/site-packages/airflow/example_dags/plugins/workday.py
[2025-07-04T12:32:00.186+0530] {processor.py:183} INFO - Processing /home/tejhanagarajan/Projects/small-projects/NewsImpact/venv/lib64/python3.10/site-packages/airflow/example_dags/plugins/workday.py took 0.271 seconds
[2025-07-04T12:32:53.364+0530] {processor.py:161} INFO - Started process (PID=29794) to work on /home/tejhanagarajan/Projects/small-projects/NewsImpact/venv/lib64/python3.10/site-packages/airflow/example_dags/plugins/workday.py
[2025-07-04T12:32:53.366+0530] {processor.py:830} INFO - Processing file /home/tejhanagarajan/Projects/small-projects/NewsImpact/venv/lib64/python3.10/site-packages/airflow/example_dags/plugins/workday.py for tasks to queue
[2025-07-04T12:32:53.366+0530] {logging_mixin.py:188} INFO - [2025-07-04T12:32:53.366+0530] {dagbag.py:538} INFO - Filling up the DagBag from /home/tejhanagarajan/Projects/small-projects/NewsImpact/venv/lib64/python3.10/site-packages/airflow/example_dags/plugins/workday.py
[2025-07-04T12:32:53.629+0530] {processor.py:842} WARNING - No viable dags retrieved from /home/tejhanagarajan/Projects/small-projects/NewsImpact/venv/lib64/python3.10/site-packages/airflow/example_dags/plugins/workday.py
[2025-07-04T12:32:53.633+0530] {processor.py:183} INFO - Processing /home/tejhanagarajan/Projects/small-projects/NewsImpact/venv/lib64/python3.10/site-packages/airflow/example_dags/plugins/workday.py took 0.271 seconds
[2025-07-04T12:33:41.649+0530] {processor.py:161} INFO - Started process (PID=30303) to work on /home/tejhanagarajan/Projects/small-projects/NewsImpact/venv/lib64/python3.10/site-packages/airflow/example_dags/plugins/workday.py
[2025-07-04T12:33:41.651+0530] {processor.py:830} INFO - Processing file /home/tejhanagarajan/Projects/small-projects/NewsImpact/venv/lib64/python3.10/site-packages/airflow/example_dags/plugins/workday.py for tasks to queue
[2025-07-04T12:33:41.652+0530] {logging_mixin.py:188} INFO - [2025-07-04T12:33:41.652+0530] {dagbag.py:538} INFO - Filling up the DagBag from /home/tejhanagarajan/Projects/small-projects/NewsImpact/venv/lib64/python3.10/site-packages/airflow/example_dags/plugins/workday.py
[2025-07-04T12:33:41.816+0530] {processor.py:842} WARNING - No viable dags retrieved from /home/tejhanagarajan/Projects/small-projects/NewsImpact/venv/lib64/python3.10/site-packages/airflow/example_dags/plugins/workday.py
[2025-07-04T12:33:41.821+0530] {processor.py:183} INFO - Processing /home/tejhanagarajan/Projects/small-projects/NewsImpact/venv/lib64/python3.10/site-packages/airflow/example_dags/plugins/workday.py took 0.175 seconds
[2025-07-04T12:34:15.455+0530] {processor.py:161} INFO - Started process (PID=30811) to work on /home/tejhanagarajan/Projects/small-projects/NewsImpact/venv/lib64/python3.10/site-packages/airflow/example_dags/plugins/workday.py
[2025-07-04T12:34:15.457+0530] {processor.py:830} INFO - Processing file /home/tejhanagarajan/Projects/small-projects/NewsImpact/venv/lib64/python3.10/site-packages/airflow/example_dags/plugins/workday.py for tasks to queue
[2025-07-04T12:34:15.458+0530] {logging_mixin.py:188} INFO - [2025-07-04T12:34:15.458+0530] {dagbag.py:538} INFO - Filling up the DagBag from /home/tejhanagarajan/Projects/small-projects/NewsImpact/venv/lib64/python3.10/site-packages/airflow/example_dags/plugins/workday.py
[2025-07-04T12:34:15.649+0530] {processor.py:842} WARNING - No viable dags retrieved from /home/tejhanagarajan/Projects/small-projects/NewsImpact/venv/lib64/python3.10/site-packages/airflow/example_dags/plugins/workday.py
[2025-07-04T12:34:15.653+0530] {processor.py:183} INFO - Processing /home/tejhanagarajan/Projects/small-projects/NewsImpact/venv/lib64/python3.10/site-packages/airflow/example_dags/plugins/workday.py took 0.200 seconds
[2025-07-04T12:34:49.813+0530] {processor.py:161} INFO - Started process (PID=31060) to work on /home/tejhanagarajan/Projects/small-projects/NewsImpact/venv/lib64/python3.10/site-packages/airflow/example_dags/plugins/workday.py
[2025-07-04T12:34:49.814+0530] {processor.py:830} INFO - Processing file /home/tejhanagarajan/Projects/small-projects/NewsImpact/venv/lib64/python3.10/site-packages/airflow/example_dags/plugins/workday.py for tasks to queue
[2025-07-04T12:34:49.814+0530] {logging_mixin.py:188} INFO - [2025-07-04T12:34:49.814+0530] {dagbag.py:538} INFO - Filling up the DagBag from /home/tejhanagarajan/Projects/small-projects/NewsImpact/venv/lib64/python3.10/site-packages/airflow/example_dags/plugins/workday.py
[2025-07-04T12:34:49.992+0530] {processor.py:842} WARNING - No viable dags retrieved from /home/tejhanagarajan/Projects/small-projects/NewsImpact/venv/lib64/python3.10/site-packages/airflow/example_dags/plugins/workday.py
[2025-07-04T12:34:49.996+0530] {processor.py:183} INFO - Processing /home/tejhanagarajan/Projects/small-projects/NewsImpact/venv/lib64/python3.10/site-packages/airflow/example_dags/plugins/workday.py took 0.185 seconds
[2025-07-04T12:35:26.380+0530] {processor.py:161} INFO - Started process (PID=31309) to work on /home/tejhanagarajan/Projects/small-projects/NewsImpact/venv/lib64/python3.10/site-packages/airflow/example_dags/plugins/workday.py
[2025-07-04T12:35:26.383+0530] {processor.py:830} INFO - Processing file /home/tejhanagarajan/Projects/small-projects/NewsImpact/venv/lib64/python3.10/site-packages/airflow/example_dags/plugins/workday.py for tasks to queue
[2025-07-04T12:35:26.384+0530] {logging_mixin.py:188} INFO - [2025-07-04T12:35:26.384+0530] {dagbag.py:538} INFO - Filling up the DagBag from /home/tejhanagarajan/Projects/small-projects/NewsImpact/venv/lib64/python3.10/site-packages/airflow/example_dags/plugins/workday.py
[2025-07-04T12:35:26.546+0530] {processor.py:842} WARNING - No viable dags retrieved from /home/tejhanagarajan/Projects/small-projects/NewsImpact/venv/lib64/python3.10/site-packages/airflow/example_dags/plugins/workday.py
[2025-07-04T12:35:26.551+0530] {processor.py:183} INFO - Processing /home/tejhanagarajan/Projects/small-projects/NewsImpact/venv/lib64/python3.10/site-packages/airflow/example_dags/plugins/workday.py took 0.173 seconds
[2025-07-04T12:36:03.519+0530] {processor.py:161} INFO - Started process (PID=31656) to work on /home/tejhanagarajan/Projects/small-projects/NewsImpact/venv/lib64/python3.10/site-packages/airflow/example_dags/plugins/workday.py
[2025-07-04T12:36:03.523+0530] {processor.py:830} INFO - Processing file /home/tejhanagarajan/Projects/small-projects/NewsImpact/venv/lib64/python3.10/site-packages/airflow/example_dags/plugins/workday.py for tasks to queue
[2025-07-04T12:36:03.524+0530] {logging_mixin.py:188} INFO - [2025-07-04T12:36:03.524+0530] {dagbag.py:538} INFO - Filling up the DagBag from /home/tejhanagarajan/Projects/small-projects/NewsImpact/venv/lib64/python3.10/site-packages/airflow/example_dags/plugins/workday.py
[2025-07-04T12:36:03.721+0530] {processor.py:842} WARNING - No viable dags retrieved from /home/tejhanagarajan/Projects/small-projects/NewsImpact/venv/lib64/python3.10/site-packages/airflow/example_dags/plugins/workday.py
[2025-07-04T12:36:03.725+0530] {processor.py:183} INFO - Processing /home/tejhanagarajan/Projects/small-projects/NewsImpact/venv/lib64/python3.10/site-packages/airflow/example_dags/plugins/workday.py took 0.209 seconds
[2025-07-04T12:36:40.089+0530] {processor.py:161} INFO - Started process (PID=32060) to work on /home/tejhanagarajan/Projects/small-projects/NewsImpact/venv/lib64/python3.10/site-packages/airflow/example_dags/plugins/workday.py
[2025-07-04T12:36:40.090+0530] {processor.py:830} INFO - Processing file /home/tejhanagarajan/Projects/small-projects/NewsImpact/venv/lib64/python3.10/site-packages/airflow/example_dags/plugins/workday.py for tasks to queue
[2025-07-04T12:36:40.090+0530] {logging_mixin.py:188} INFO - [2025-07-04T12:36:40.090+0530] {dagbag.py:538} INFO - Filling up the DagBag from /home/tejhanagarajan/Projects/small-projects/NewsImpact/venv/lib64/python3.10/site-packages/airflow/example_dags/plugins/workday.py
[2025-07-04T12:36:40.277+0530] {processor.py:842} WARNING - No viable dags retrieved from /home/tejhanagarajan/Projects/small-projects/NewsImpact/venv/lib64/python3.10/site-packages/airflow/example_dags/plugins/workday.py
[2025-07-04T12:36:40.282+0530] {processor.py:183} INFO - Processing /home/tejhanagarajan/Projects/small-projects/NewsImpact/venv/lib64/python3.10/site-packages/airflow/example_dags/plugins/workday.py took 0.194 seconds
[2025-07-04T12:37:13.725+0530] {processor.py:161} INFO - Started process (PID=32311) to work on /home/tejhanagarajan/Projects/small-projects/NewsImpact/venv/lib64/python3.10/site-packages/airflow/example_dags/plugins/workday.py
[2025-07-04T12:37:13.727+0530] {processor.py:830} INFO - Processing file /home/tejhanagarajan/Projects/small-projects/NewsImpact/venv/lib64/python3.10/site-packages/airflow/example_dags/plugins/workday.py for tasks to queue
[2025-07-04T12:37:13.727+0530] {logging_mixin.py:188} INFO - [2025-07-04T12:37:13.727+0530] {dagbag.py:538} INFO - Filling up the DagBag from /home/tejhanagarajan/Projects/small-projects/NewsImpact/venv/lib64/python3.10/site-packages/airflow/example_dags/plugins/workday.py
[2025-07-04T12:37:13.886+0530] {processor.py:842} WARNING - No viable dags retrieved from /home/tejhanagarajan/Projects/small-projects/NewsImpact/venv/lib64/python3.10/site-packages/airflow/example_dags/plugins/workday.py
[2025-07-04T12:37:13.890+0530] {processor.py:183} INFO - Processing /home/tejhanagarajan/Projects/small-projects/NewsImpact/venv/lib64/python3.10/site-packages/airflow/example_dags/plugins/workday.py took 0.167 seconds
[2025-07-04T12:37:55.452+0530] {processor.py:161} INFO - Started process (PID=34447) to work on /home/tejhanagarajan/Projects/small-projects/NewsImpact/venv/lib64/python3.10/site-packages/airflow/example_dags/plugins/workday.py
[2025-07-04T12:37:55.453+0530] {processor.py:830} INFO - Processing file /home/tejhanagarajan/Projects/small-projects/NewsImpact/venv/lib64/python3.10/site-packages/airflow/example_dags/plugins/workday.py for tasks to queue
[2025-07-04T12:37:55.454+0530] {logging_mixin.py:188} INFO - [2025-07-04T12:37:55.454+0530] {dagbag.py:538} INFO - Filling up the DagBag from /home/tejhanagarajan/Projects/small-projects/NewsImpact/venv/lib64/python3.10/site-packages/airflow/example_dags/plugins/workday.py
[2025-07-04T12:37:55.743+0530] {processor.py:842} WARNING - No viable dags retrieved from /home/tejhanagarajan/Projects/small-projects/NewsImpact/venv/lib64/python3.10/site-packages/airflow/example_dags/plugins/workday.py
[2025-07-04T12:37:55.747+0530] {processor.py:183} INFO - Processing /home/tejhanagarajan/Projects/small-projects/NewsImpact/venv/lib64/python3.10/site-packages/airflow/example_dags/plugins/workday.py took 0.297 seconds
[2025-07-04T12:37:59.578+0530] {processor.py:161} INFO - Started process (PID=34667) to work on /home/tejhanagarajan/Projects/small-projects/NewsImpact/venv/lib64/python3.10/site-packages/airflow/example_dags/plugins/workday.py
[2025-07-04T12:37:59.579+0530] {processor.py:830} INFO - Processing file /home/tejhanagarajan/Projects/small-projects/NewsImpact/venv/lib64/python3.10/site-packages/airflow/example_dags/plugins/workday.py for tasks to queue
[2025-07-04T12:37:59.579+0530] {logging_mixin.py:188} INFO - [2025-07-04T12:37:59.579+0530] {dagbag.py:538} INFO - Filling up the DagBag from /home/tejhanagarajan/Projects/small-projects/NewsImpact/venv/lib64/python3.10/site-packages/airflow/example_dags/plugins/workday.py
[2025-07-04T12:37:59.733+0530] {processor.py:842} WARNING - No viable dags retrieved from /home/tejhanagarajan/Projects/small-projects/NewsImpact/venv/lib64/python3.10/site-packages/airflow/example_dags/plugins/workday.py
[2025-07-04T12:37:59.738+0530] {processor.py:183} INFO - Processing /home/tejhanagarajan/Projects/small-projects/NewsImpact/venv/lib64/python3.10/site-packages/airflow/example_dags/plugins/workday.py took 0.161 seconds
[2025-07-04T12:38:35.144+0530] {processor.py:161} INFO - Started process (PID=34949) to work on /home/tejhanagarajan/Projects/small-projects/NewsImpact/venv/lib64/python3.10/site-packages/airflow/example_dags/plugins/workday.py
[2025-07-04T12:38:35.146+0530] {processor.py:830} INFO - Processing file /home/tejhanagarajan/Projects/small-projects/NewsImpact/venv/lib64/python3.10/site-packages/airflow/example_dags/plugins/workday.py for tasks to queue
[2025-07-04T12:38:35.147+0530] {logging_mixin.py:188} INFO - [2025-07-04T12:38:35.147+0530] {dagbag.py:538} INFO - Filling up the DagBag from /home/tejhanagarajan/Projects/small-projects/NewsImpact/venv/lib64/python3.10/site-packages/airflow/example_dags/plugins/workday.py
[2025-07-04T12:38:35.361+0530] {processor.py:842} WARNING - No viable dags retrieved from /home/tejhanagarajan/Projects/small-projects/NewsImpact/venv/lib64/python3.10/site-packages/airflow/example_dags/plugins/workday.py
[2025-07-04T12:38:35.365+0530] {processor.py:183} INFO - Processing /home/tejhanagarajan/Projects/small-projects/NewsImpact/venv/lib64/python3.10/site-packages/airflow/example_dags/plugins/workday.py took 0.224 seconds
[2025-07-04T12:38:43.792+0530] {processor.py:161} INFO - Started process (PID=35047) to work on /home/tejhanagarajan/Projects/small-projects/NewsImpact/venv/lib64/python3.10/site-packages/airflow/example_dags/plugins/workday.py
[2025-07-04T12:38:43.792+0530] {processor.py:830} INFO - Processing file /home/tejhanagarajan/Projects/small-projects/NewsImpact/venv/lib64/python3.10/site-packages/airflow/example_dags/plugins/workday.py for tasks to queue
[2025-07-04T12:38:43.792+0530] {logging_mixin.py:188} INFO - [2025-07-04T12:38:43.792+0530] {dagbag.py:538} INFO - Filling up the DagBag from /home/tejhanagarajan/Projects/small-projects/NewsImpact/venv/lib64/python3.10/site-packages/airflow/example_dags/plugins/workday.py
[2025-07-04T12:38:43.955+0530] {processor.py:842} WARNING - No viable dags retrieved from /home/tejhanagarajan/Projects/small-projects/NewsImpact/venv/lib64/python3.10/site-packages/airflow/example_dags/plugins/workday.py
[2025-07-04T12:38:43.959+0530] {processor.py:183} INFO - Processing /home/tejhanagarajan/Projects/small-projects/NewsImpact/venv/lib64/python3.10/site-packages/airflow/example_dags/plugins/workday.py took 0.169 seconds
[2025-07-04T12:39:08.908+0530] {processor.py:161} INFO - Started process (PID=35287) to work on /home/tejhanagarajan/Projects/small-projects/NewsImpact/venv/lib64/python3.10/site-packages/airflow/example_dags/plugins/workday.py
[2025-07-04T12:39:08.910+0530] {processor.py:830} INFO - Processing file /home/tejhanagarajan/Projects/small-projects/NewsImpact/venv/lib64/python3.10/site-packages/airflow/example_dags/plugins/workday.py for tasks to queue
[2025-07-04T12:39:08.911+0530] {logging_mixin.py:188} INFO - [2025-07-04T12:39:08.911+0530] {dagbag.py:538} INFO - Filling up the DagBag from /home/tejhanagarajan/Projects/small-projects/NewsImpact/venv/lib64/python3.10/site-packages/airflow/example_dags/plugins/workday.py
[2025-07-04T12:39:09.159+0530] {processor.py:842} WARNING - No viable dags retrieved from /home/tejhanagarajan/Projects/small-projects/NewsImpact/venv/lib64/python3.10/site-packages/airflow/example_dags/plugins/workday.py
[2025-07-04T12:39:09.164+0530] {processor.py:183} INFO - Processing /home/tejhanagarajan/Projects/small-projects/NewsImpact/venv/lib64/python3.10/site-packages/airflow/example_dags/plugins/workday.py took 0.258 seconds
[2025-07-04T12:39:18.716+0530] {processor.py:161} INFO - Started process (PID=35385) to work on /home/tejhanagarajan/Projects/small-projects/NewsImpact/venv/lib64/python3.10/site-packages/airflow/example_dags/plugins/workday.py
[2025-07-04T12:39:18.716+0530] {processor.py:830} INFO - Processing file /home/tejhanagarajan/Projects/small-projects/NewsImpact/venv/lib64/python3.10/site-packages/airflow/example_dags/plugins/workday.py for tasks to queue
[2025-07-04T12:39:18.717+0530] {logging_mixin.py:188} INFO - [2025-07-04T12:39:18.716+0530] {dagbag.py:538} INFO - Filling up the DagBag from /home/tejhanagarajan/Projects/small-projects/NewsImpact/venv/lib64/python3.10/site-packages/airflow/example_dags/plugins/workday.py
[2025-07-04T12:39:18.897+0530] {processor.py:842} WARNING - No viable dags retrieved from /home/tejhanagarajan/Projects/small-projects/NewsImpact/venv/lib64/python3.10/site-packages/airflow/example_dags/plugins/workday.py
[2025-07-04T12:39:18.902+0530] {processor.py:183} INFO - Processing /home/tejhanagarajan/Projects/small-projects/NewsImpact/venv/lib64/python3.10/site-packages/airflow/example_dags/plugins/workday.py took 0.188 seconds
[2025-07-04T12:39:47.213+0530] {processor.py:161} INFO - Started process (PID=35619) to work on /home/tejhanagarajan/Projects/small-projects/NewsImpact/venv/lib64/python3.10/site-packages/airflow/example_dags/plugins/workday.py
[2025-07-04T12:39:47.215+0530] {processor.py:830} INFO - Processing file /home/tejhanagarajan/Projects/small-projects/NewsImpact/venv/lib64/python3.10/site-packages/airflow/example_dags/plugins/workday.py for tasks to queue
[2025-07-04T12:39:47.216+0530] {logging_mixin.py:188} INFO - [2025-07-04T12:39:47.216+0530] {dagbag.py:538} INFO - Filling up the DagBag from /home/tejhanagarajan/Projects/small-projects/NewsImpact/venv/lib64/python3.10/site-packages/airflow/example_dags/plugins/workday.py
[2025-07-04T12:39:47.414+0530] {processor.py:842} WARNING - No viable dags retrieved from /home/tejhanagarajan/Projects/small-projects/NewsImpact/venv/lib64/python3.10/site-packages/airflow/example_dags/plugins/workday.py
[2025-07-04T12:39:47.419+0530] {processor.py:183} INFO - Processing /home/tejhanagarajan/Projects/small-projects/NewsImpact/venv/lib64/python3.10/site-packages/airflow/example_dags/plugins/workday.py took 0.209 seconds
[2025-07-04T12:39:52.425+0530] {processor.py:161} INFO - Started process (PID=35684) to work on /home/tejhanagarajan/Projects/small-projects/NewsImpact/venv/lib64/python3.10/site-packages/airflow/example_dags/plugins/workday.py
[2025-07-04T12:39:52.426+0530] {processor.py:830} INFO - Processing file /home/tejhanagarajan/Projects/small-projects/NewsImpact/venv/lib64/python3.10/site-packages/airflow/example_dags/plugins/workday.py for tasks to queue
[2025-07-04T12:39:52.427+0530] {logging_mixin.py:188} INFO - [2025-07-04T12:39:52.426+0530] {dagbag.py:538} INFO - Filling up the DagBag from /home/tejhanagarajan/Projects/small-projects/NewsImpact/venv/lib64/python3.10/site-packages/airflow/example_dags/plugins/workday.py
[2025-07-04T12:39:52.587+0530] {processor.py:842} WARNING - No viable dags retrieved from /home/tejhanagarajan/Projects/small-projects/NewsImpact/venv/lib64/python3.10/site-packages/airflow/example_dags/plugins/workday.py
[2025-07-04T12:39:52.592+0530] {processor.py:183} INFO - Processing /home/tejhanagarajan/Projects/small-projects/NewsImpact/venv/lib64/python3.10/site-packages/airflow/example_dags/plugins/workday.py took 0.169 seconds
[2025-07-04T12:41:56.519+0530] {processor.py:161} INFO - Started process (PID=37701) to work on /home/tejhanagarajan/Projects/small-projects/NewsImpact/venv/lib64/python3.10/site-packages/airflow/example_dags/plugins/workday.py
[2025-07-04T12:41:56.521+0530] {processor.py:830} INFO - Processing file /home/tejhanagarajan/Projects/small-projects/NewsImpact/venv/lib64/python3.10/site-packages/airflow/example_dags/plugins/workday.py for tasks to queue
[2025-07-04T12:41:56.522+0530] {logging_mixin.py:188} INFO - [2025-07-04T12:41:56.521+0530] {dagbag.py:538} INFO - Filling up the DagBag from /home/tejhanagarajan/Projects/small-projects/NewsImpact/venv/lib64/python3.10/site-packages/airflow/example_dags/plugins/workday.py
[2025-07-04T12:41:56.733+0530] {processor.py:842} WARNING - No viable dags retrieved from /home/tejhanagarajan/Projects/small-projects/NewsImpact/venv/lib64/python3.10/site-packages/airflow/example_dags/plugins/workday.py
[2025-07-04T12:41:56.736+0530] {processor.py:183} INFO - Processing /home/tejhanagarajan/Projects/small-projects/NewsImpact/venv/lib64/python3.10/site-packages/airflow/example_dags/plugins/workday.py took 0.220 seconds
[2025-07-04T12:42:44.654+0530] {processor.py:161} INFO - Started process (PID=38111) to work on /home/tejhanagarajan/Projects/small-projects/NewsImpact/venv/lib64/python3.10/site-packages/airflow/example_dags/plugins/workday.py
[2025-07-04T12:42:44.657+0530] {processor.py:830} INFO - Processing file /home/tejhanagarajan/Projects/small-projects/NewsImpact/venv/lib64/python3.10/site-packages/airflow/example_dags/plugins/workday.py for tasks to queue
[2025-07-04T12:42:44.658+0530] {logging_mixin.py:188} INFO - [2025-07-04T12:42:44.658+0530] {dagbag.py:538} INFO - Filling up the DagBag from /home/tejhanagarajan/Projects/small-projects/NewsImpact/venv/lib64/python3.10/site-packages/airflow/example_dags/plugins/workday.py
[2025-07-04T12:42:44.858+0530] {processor.py:842} WARNING - No viable dags retrieved from /home/tejhanagarajan/Projects/small-projects/NewsImpact/venv/lib64/python3.10/site-packages/airflow/example_dags/plugins/workday.py
[2025-07-04T12:42:44.862+0530] {processor.py:183} INFO - Processing /home/tejhanagarajan/Projects/small-projects/NewsImpact/venv/lib64/python3.10/site-packages/airflow/example_dags/plugins/workday.py took 0.209 seconds
[2025-07-04T12:43:17.207+0530] {processor.py:161} INFO - Started process (PID=38347) to work on /home/tejhanagarajan/Projects/small-projects/NewsImpact/venv/lib64/python3.10/site-packages/airflow/example_dags/plugins/workday.py
[2025-07-04T12:43:17.210+0530] {processor.py:830} INFO - Processing file /home/tejhanagarajan/Projects/small-projects/NewsImpact/venv/lib64/python3.10/site-packages/airflow/example_dags/plugins/workday.py for tasks to queue
[2025-07-04T12:43:17.211+0530] {logging_mixin.py:188} INFO - [2025-07-04T12:43:17.210+0530] {dagbag.py:538} INFO - Filling up the DagBag from /home/tejhanagarajan/Projects/small-projects/NewsImpact/venv/lib64/python3.10/site-packages/airflow/example_dags/plugins/workday.py
[2025-07-04T12:43:17.408+0530] {processor.py:842} WARNING - No viable dags retrieved from /home/tejhanagarajan/Projects/small-projects/NewsImpact/venv/lib64/python3.10/site-packages/airflow/example_dags/plugins/workday.py
[2025-07-04T12:43:17.413+0530] {processor.py:183} INFO - Processing /home/tejhanagarajan/Projects/small-projects/NewsImpact/venv/lib64/python3.10/site-packages/airflow/example_dags/plugins/workday.py took 0.208 seconds
[2025-07-04T12:43:54.588+0530] {processor.py:161} INFO - Started process (PID=38659) to work on /home/tejhanagarajan/Projects/small-projects/NewsImpact/venv/lib64/python3.10/site-packages/airflow/example_dags/plugins/workday.py
[2025-07-04T12:43:54.590+0530] {processor.py:830} INFO - Processing file /home/tejhanagarajan/Projects/small-projects/NewsImpact/venv/lib64/python3.10/site-packages/airflow/example_dags/plugins/workday.py for tasks to queue
[2025-07-04T12:43:54.591+0530] {logging_mixin.py:188} INFO - [2025-07-04T12:43:54.591+0530] {dagbag.py:538} INFO - Filling up the DagBag from /home/tejhanagarajan/Projects/small-projects/NewsImpact/venv/lib64/python3.10/site-packages/airflow/example_dags/plugins/workday.py
[2025-07-04T12:43:54.780+0530] {processor.py:842} WARNING - No viable dags retrieved from /home/tejhanagarajan/Projects/small-projects/NewsImpact/venv/lib64/python3.10/site-packages/airflow/example_dags/plugins/workday.py
[2025-07-04T12:43:54.785+0530] {processor.py:183} INFO - Processing /home/tejhanagarajan/Projects/small-projects/NewsImpact/venv/lib64/python3.10/site-packages/airflow/example_dags/plugins/workday.py took 0.200 seconds
[2025-07-04T12:44:29.483+0530] {processor.py:161} INFO - Started process (PID=38903) to work on /home/tejhanagarajan/Projects/small-projects/NewsImpact/venv/lib64/python3.10/site-packages/airflow/example_dags/plugins/workday.py
[2025-07-04T12:44:29.486+0530] {processor.py:830} INFO - Processing file /home/tejhanagarajan/Projects/small-projects/NewsImpact/venv/lib64/python3.10/site-packages/airflow/example_dags/plugins/workday.py for tasks to queue
[2025-07-04T12:44:29.486+0530] {logging_mixin.py:188} INFO - [2025-07-04T12:44:29.486+0530] {dagbag.py:538} INFO - Filling up the DagBag from /home/tejhanagarajan/Projects/small-projects/NewsImpact/venv/lib64/python3.10/site-packages/airflow/example_dags/plugins/workday.py
[2025-07-04T12:44:29.640+0530] {processor.py:842} WARNING - No viable dags retrieved from /home/tejhanagarajan/Projects/small-projects/NewsImpact/venv/lib64/python3.10/site-packages/airflow/example_dags/plugins/workday.py
[2025-07-04T12:44:29.644+0530] {processor.py:183} INFO - Processing /home/tejhanagarajan/Projects/small-projects/NewsImpact/venv/lib64/python3.10/site-packages/airflow/example_dags/plugins/workday.py took 0.162 seconds
[2025-07-04T12:45:06.676+0530] {processor.py:161} INFO - Started process (PID=39182) to work on /home/tejhanagarajan/Projects/small-projects/NewsImpact/venv/lib64/python3.10/site-packages/airflow/example_dags/plugins/workday.py
[2025-07-04T12:45:06.679+0530] {processor.py:830} INFO - Processing file /home/tejhanagarajan/Projects/small-projects/NewsImpact/venv/lib64/python3.10/site-packages/airflow/example_dags/plugins/workday.py for tasks to queue
[2025-07-04T12:45:06.679+0530] {logging_mixin.py:188} INFO - [2025-07-04T12:45:06.679+0530] {dagbag.py:538} INFO - Filling up the DagBag from /home/tejhanagarajan/Projects/small-projects/NewsImpact/venv/lib64/python3.10/site-packages/airflow/example_dags/plugins/workday.py
[2025-07-04T12:45:06.832+0530] {processor.py:842} WARNING - No viable dags retrieved from /home/tejhanagarajan/Projects/small-projects/NewsImpact/venv/lib64/python3.10/site-packages/airflow/example_dags/plugins/workday.py
[2025-07-04T12:45:06.836+0530] {processor.py:183} INFO - Processing /home/tejhanagarajan/Projects/small-projects/NewsImpact/venv/lib64/python3.10/site-packages/airflow/example_dags/plugins/workday.py took 0.161 seconds
[2025-07-04T12:45:40.618+0530] {processor.py:161} INFO - Started process (PID=39428) to work on /home/tejhanagarajan/Projects/small-projects/NewsImpact/venv/lib64/python3.10/site-packages/airflow/example_dags/plugins/workday.py
[2025-07-04T12:45:40.618+0530] {processor.py:830} INFO - Processing file /home/tejhanagarajan/Projects/small-projects/NewsImpact/venv/lib64/python3.10/site-packages/airflow/example_dags/plugins/workday.py for tasks to queue
[2025-07-04T12:45:40.619+0530] {logging_mixin.py:188} INFO - [2025-07-04T12:45:40.618+0530] {dagbag.py:538} INFO - Filling up the DagBag from /home/tejhanagarajan/Projects/small-projects/NewsImpact/venv/lib64/python3.10/site-packages/airflow/example_dags/plugins/workday.py
[2025-07-04T12:45:40.776+0530] {processor.py:842} WARNING - No viable dags retrieved from /home/tejhanagarajan/Projects/small-projects/NewsImpact/venv/lib64/python3.10/site-packages/airflow/example_dags/plugins/workday.py
[2025-07-04T12:45:40.780+0530] {processor.py:183} INFO - Processing /home/tejhanagarajan/Projects/small-projects/NewsImpact/venv/lib64/python3.10/site-packages/airflow/example_dags/plugins/workday.py took 0.164 seconds
[2025-07-04T12:46:17.116+0530] {processor.py:161} INFO - Started process (PID=39680) to work on /home/tejhanagarajan/Projects/small-projects/NewsImpact/venv/lib64/python3.10/site-packages/airflow/example_dags/plugins/workday.py
[2025-07-04T12:46:17.119+0530] {processor.py:830} INFO - Processing file /home/tejhanagarajan/Projects/small-projects/NewsImpact/venv/lib64/python3.10/site-packages/airflow/example_dags/plugins/workday.py for tasks to queue
[2025-07-04T12:46:17.120+0530] {logging_mixin.py:188} INFO - [2025-07-04T12:46:17.119+0530] {dagbag.py:538} INFO - Filling up the DagBag from /home/tejhanagarajan/Projects/small-projects/NewsImpact/venv/lib64/python3.10/site-packages/airflow/example_dags/plugins/workday.py
[2025-07-04T12:46:17.276+0530] {processor.py:842} WARNING - No viable dags retrieved from /home/tejhanagarajan/Projects/small-projects/NewsImpact/venv/lib64/python3.10/site-packages/airflow/example_dags/plugins/workday.py
[2025-07-04T12:46:17.280+0530] {processor.py:183} INFO - Processing /home/tejhanagarajan/Projects/small-projects/NewsImpact/venv/lib64/python3.10/site-packages/airflow/example_dags/plugins/workday.py took 0.167 seconds
[2025-07-04T12:46:51.570+0530] {processor.py:161} INFO - Started process (PID=39938) to work on /home/tejhanagarajan/Projects/small-projects/NewsImpact/venv/lib64/python3.10/site-packages/airflow/example_dags/plugins/workday.py
[2025-07-04T12:46:51.572+0530] {processor.py:830} INFO - Processing file /home/tejhanagarajan/Projects/small-projects/NewsImpact/venv/lib64/python3.10/site-packages/airflow/example_dags/plugins/workday.py for tasks to queue
[2025-07-04T12:46:51.572+0530] {logging_mixin.py:188} INFO - [2025-07-04T12:46:51.572+0530] {dagbag.py:538} INFO - Filling up the DagBag from /home/tejhanagarajan/Projects/small-projects/NewsImpact/venv/lib64/python3.10/site-packages/airflow/example_dags/plugins/workday.py
[2025-07-04T12:46:51.745+0530] {processor.py:842} WARNING - No viable dags retrieved from /home/tejhanagarajan/Projects/small-projects/NewsImpact/venv/lib64/python3.10/site-packages/airflow/example_dags/plugins/workday.py
[2025-07-04T12:46:51.749+0530] {processor.py:183} INFO - Processing /home/tejhanagarajan/Projects/small-projects/NewsImpact/venv/lib64/python3.10/site-packages/airflow/example_dags/plugins/workday.py took 0.181 seconds
[2025-07-04T12:47:26.845+0530] {processor.py:161} INFO - Started process (PID=40206) to work on /home/tejhanagarajan/Projects/small-projects/NewsImpact/venv/lib64/python3.10/site-packages/airflow/example_dags/plugins/workday.py
[2025-07-04T12:47:26.848+0530] {processor.py:830} INFO - Processing file /home/tejhanagarajan/Projects/small-projects/NewsImpact/venv/lib64/python3.10/site-packages/airflow/example_dags/plugins/workday.py for tasks to queue
[2025-07-04T12:47:26.849+0530] {logging_mixin.py:188} INFO - [2025-07-04T12:47:26.849+0530] {dagbag.py:538} INFO - Filling up the DagBag from /home/tejhanagarajan/Projects/small-projects/NewsImpact/venv/lib64/python3.10/site-packages/airflow/example_dags/plugins/workday.py
[2025-07-04T12:47:27.014+0530] {processor.py:842} WARNING - No viable dags retrieved from /home/tejhanagarajan/Projects/small-projects/NewsImpact/venv/lib64/python3.10/site-packages/airflow/example_dags/plugins/workday.py
[2025-07-04T12:47:27.018+0530] {processor.py:183} INFO - Processing /home/tejhanagarajan/Projects/small-projects/NewsImpact/venv/lib64/python3.10/site-packages/airflow/example_dags/plugins/workday.py took 0.174 seconds
[2025-07-04T12:48:00.160+0530] {processor.py:161} INFO - Started process (PID=40458) to work on /home/tejhanagarajan/Projects/small-projects/NewsImpact/venv/lib64/python3.10/site-packages/airflow/example_dags/plugins/workday.py
[2025-07-04T12:48:00.163+0530] {processor.py:830} INFO - Processing file /home/tejhanagarajan/Projects/small-projects/NewsImpact/venv/lib64/python3.10/site-packages/airflow/example_dags/plugins/workday.py for tasks to queue
[2025-07-04T12:48:00.163+0530] {logging_mixin.py:188} INFO - [2025-07-04T12:48:00.163+0530] {dagbag.py:538} INFO - Filling up the DagBag from /home/tejhanagarajan/Projects/small-projects/NewsImpact/venv/lib64/python3.10/site-packages/airflow/example_dags/plugins/workday.py
[2025-07-04T12:48:00.321+0530] {processor.py:842} WARNING - No viable dags retrieved from /home/tejhanagarajan/Projects/small-projects/NewsImpact/venv/lib64/python3.10/site-packages/airflow/example_dags/plugins/workday.py
[2025-07-04T12:48:00.326+0530] {processor.py:183} INFO - Processing /home/tejhanagarajan/Projects/small-projects/NewsImpact/venv/lib64/python3.10/site-packages/airflow/example_dags/plugins/workday.py took 0.167 seconds
