[2025-07-04T12:26:23.465+0530] {processor.py:161} INFO - Started process (PID=24810) to work on /home/tejhanagarajan/Projects/small-projects/NewsImpact/venv/lib64/python3.10/site-packages/airflow/example_dags/subdags/subdag.py
[2025-07-04T12:26:23.466+0530] {processor.py:830} INFO - Processing file /home/tejhanagarajan/Projects/small-projects/NewsImpact/venv/lib64/python3.10/site-packages/airflow/example_dags/subdags/subdag.py for tasks to queue
[2025-07-04T12:26:23.466+0530] {logging_mixin.py:188} INFO - [2025-07-04T12:26:23.466+0530] {dagbag.py:538} INFO - Filling up the DagBag from /home/tejhanagarajan/Projects/small-projects/NewsImpact/venv/lib64/python3.10/site-packages/airflow/example_dags/subdags/subdag.py
[2025-07-04T12:26:23.467+0530] {processor.py:842} WARNING - No viable dags retrieved from /home/tejhanagarajan/Projects/small-projects/NewsImpact/venv/lib64/python3.10/site-packages/airflow/example_dags/subdags/subdag.py
[2025-07-04T12:26:23.471+0530] {processor.py:183} INFO - Processing /home/tejhanagarajan/Projects/small-projects/NewsImpact/venv/lib64/python3.10/site-packages/airflow/example_dags/subdags/subdag.py took 0.007 seconds
[2025-07-04T12:27:17.129+0530] {processor.py:161} INFO - Started process (PID=25464) to work on /home/tejhanagarajan/Projects/small-projects/NewsImpact/venv/lib64/python3.10/site-packages/airflow/example_dags/subdags/subdag.py
[2025-07-04T12:27:17.129+0530] {processor.py:830} INFO - Processing file /home/tejhanagarajan/Projects/small-projects/NewsImpact/venv/lib64/python3.10/site-packages/airflow/example_dags/subdags/subdag.py for tasks to queue
[2025-07-04T12:27:17.130+0530] {logging_mixin.py:188} INFO - [2025-07-04T12:27:17.130+0530] {dagbag.py:538} INFO - Filling up the DagBag from /home/tejhanagarajan/Projects/small-projects/NewsImpact/venv/lib64/python3.10/site-packages/airflow/example_dags/subdags/subdag.py
[2025-07-04T12:27:17.131+0530] {processor.py:842} WARNING - No viable dags retrieved from /home/tejhanagarajan/Projects/small-projects/NewsImpact/venv/lib64/python3.10/site-packages/airflow/example_dags/subdags/subdag.py
[2025-07-04T12:27:17.136+0530] {processor.py:183} INFO - Processing /home/tejhanagarajan/Projects/small-projects/NewsImpact/venv/lib64/python3.10/site-packages/airflow/example_dags/subdags/subdag.py took 0.011 seconds
[2025-07-04T12:27:56.125+0530] {processor.py:161} INFO - Started process (PID=25745) to work on /home/tejhanagarajan/Projects/small-projects/NewsImpact/venv/lib64/python3.10/site-packages/airflow/example_dags/subdags/subdag.py
[2025-07-04T12:27:56.125+0530] {processor.py:830} INFO - Processing file /home/tejhanagarajan/Projects/small-projects/NewsImpact/venv/lib64/python3.10/site-packages/airflow/example_dags/subdags/subdag.py for tasks to queue
[2025-07-04T12:27:56.126+0530] {logging_mixin.py:188} INFO - [2025-07-04T12:27:56.125+0530] {dagbag.py:538} INFO - Filling up the DagBag from /home/tejhanagarajan/Projects/small-projects/NewsImpact/venv/lib64/python3.10/site-packages/airflow/example_dags/subdags/subdag.py
[2025-07-04T12:27:56.127+0530] {processor.py:842} WARNING - No viable dags retrieved from /home/tejhanagarajan/Projects/small-projects/NewsImpact/venv/lib64/python3.10/site-packages/airflow/example_dags/subdags/subdag.py
[2025-07-04T12:27:56.135+0530] {processor.py:183} INFO - Processing /home/tejhanagarajan/Projects/small-projects/NewsImpact/venv/lib64/python3.10/site-packages/airflow/example_dags/subdags/subdag.py took 0.013 seconds
[2025-07-04T12:28:34.592+0530] {processor.py:161} INFO - Started process (PID=26101) to work on /home/tejhanagarajan/Projects/small-projects/NewsImpact/venv/lib64/python3.10/site-packages/airflow/example_dags/subdags/subdag.py
[2025-07-04T12:28:34.593+0530] {processor.py:830} INFO - Processing file /home/tejhanagarajan/Projects/small-projects/NewsImpact/venv/lib64/python3.10/site-packages/airflow/example_dags/subdags/subdag.py for tasks to queue
[2025-07-04T12:28:34.593+0530] {logging_mixin.py:188} INFO - [2025-07-04T12:28:34.593+0530] {dagbag.py:538} INFO - Filling up the DagBag from /home/tejhanagarajan/Projects/small-projects/NewsImpact/venv/lib64/python3.10/site-packages/airflow/example_dags/subdags/subdag.py
[2025-07-04T12:28:34.594+0530] {processor.py:842} WARNING - No viable dags retrieved from /home/tejhanagarajan/Projects/small-projects/NewsImpact/venv/lib64/python3.10/site-packages/airflow/example_dags/subdags/subdag.py
[2025-07-04T12:28:34.599+0530] {processor.py:183} INFO - Processing /home/tejhanagarajan/Projects/small-projects/NewsImpact/venv/lib64/python3.10/site-packages/airflow/example_dags/subdags/subdag.py took 0.009 seconds
[2025-07-04T12:29:13.527+0530] {processor.py:161} INFO - Started process (PID=26400) to work on /home/tejhanagarajan/Projects/small-projects/NewsImpact/venv/lib64/python3.10/site-packages/airflow/example_dags/subdags/subdag.py
[2025-07-04T12:29:13.529+0530] {processor.py:830} INFO - Processing file /home/tejhanagarajan/Projects/small-projects/NewsImpact/venv/lib64/python3.10/site-packages/airflow/example_dags/subdags/subdag.py for tasks to queue
[2025-07-04T12:29:13.530+0530] {logging_mixin.py:188} INFO - [2025-07-04T12:29:13.530+0530] {dagbag.py:538} INFO - Filling up the DagBag from /home/tejhanagarajan/Projects/small-projects/NewsImpact/venv/lib64/python3.10/site-packages/airflow/example_dags/subdags/subdag.py
[2025-07-04T12:29:13.531+0530] {processor.py:842} WARNING - No viable dags retrieved from /home/tejhanagarajan/Projects/small-projects/NewsImpact/venv/lib64/python3.10/site-packages/airflow/example_dags/subdags/subdag.py
[2025-07-04T12:29:13.537+0530] {processor.py:183} INFO - Processing /home/tejhanagarajan/Projects/small-projects/NewsImpact/venv/lib64/python3.10/site-packages/airflow/example_dags/subdags/subdag.py took 0.012 seconds
[2025-07-04T12:29:50.489+0530] {processor.py:161} INFO - Started process (PID=26714) to work on /home/tejhanagarajan/Projects/small-projects/NewsImpact/venv/lib64/python3.10/site-packages/airflow/example_dags/subdags/subdag.py
[2025-07-04T12:29:50.492+0530] {processor.py:830} INFO - Processing file /home/tejhanagarajan/Projects/small-projects/NewsImpact/venv/lib64/python3.10/site-packages/airflow/example_dags/subdags/subdag.py for tasks to queue
[2025-07-04T12:29:50.493+0530] {logging_mixin.py:188} INFO - [2025-07-04T12:29:50.492+0530] {dagbag.py:538} INFO - Filling up the DagBag from /home/tejhanagarajan/Projects/small-projects/NewsImpact/venv/lib64/python3.10/site-packages/airflow/example_dags/subdags/subdag.py
[2025-07-04T12:29:50.495+0530] {processor.py:842} WARNING - No viable dags retrieved from /home/tejhanagarajan/Projects/small-projects/NewsImpact/venv/lib64/python3.10/site-packages/airflow/example_dags/subdags/subdag.py
[2025-07-04T12:29:50.504+0530] {processor.py:183} INFO - Processing /home/tejhanagarajan/Projects/small-projects/NewsImpact/venv/lib64/python3.10/site-packages/airflow/example_dags/subdags/subdag.py took 0.017 seconds
[2025-07-04T12:30:23.581+0530] {processor.py:161} INFO - Started process (PID=26954) to work on /home/tejhanagarajan/Projects/small-projects/NewsImpact/venv/lib64/python3.10/site-packages/airflow/example_dags/subdags/subdag.py
[2025-07-04T12:30:23.582+0530] {processor.py:830} INFO - Processing file /home/tejhanagarajan/Projects/small-projects/NewsImpact/venv/lib64/python3.10/site-packages/airflow/example_dags/subdags/subdag.py for tasks to queue
[2025-07-04T12:30:23.583+0530] {logging_mixin.py:188} INFO - [2025-07-04T12:30:23.583+0530] {dagbag.py:538} INFO - Filling up the DagBag from /home/tejhanagarajan/Projects/small-projects/NewsImpact/venv/lib64/python3.10/site-packages/airflow/example_dags/subdags/subdag.py
[2025-07-04T12:30:23.584+0530] {processor.py:842} WARNING - No viable dags retrieved from /home/tejhanagarajan/Projects/small-projects/NewsImpact/venv/lib64/python3.10/site-packages/airflow/example_dags/subdags/subdag.py
[2025-07-04T12:30:23.589+0530] {processor.py:183} INFO - Processing /home/tejhanagarajan/Projects/small-projects/NewsImpact/venv/lib64/python3.10/site-packages/airflow/example_dags/subdags/subdag.py took 0.010 seconds
[2025-07-04T12:30:58.786+0530] {processor.py:161} INFO - Started process (PID=27193) to work on /home/tejhanagarajan/Projects/small-projects/NewsImpact/venv/lib64/python3.10/site-packages/airflow/example_dags/subdags/subdag.py
[2025-07-04T12:30:58.787+0530] {processor.py:830} INFO - Processing file /home/tejhanagarajan/Projects/small-projects/NewsImpact/venv/lib64/python3.10/site-packages/airflow/example_dags/subdags/subdag.py for tasks to queue
[2025-07-04T12:30:58.788+0530] {logging_mixin.py:188} INFO - [2025-07-04T12:30:58.787+0530] {dagbag.py:538} INFO - Filling up the DagBag from /home/tejhanagarajan/Projects/small-projects/NewsImpact/venv/lib64/python3.10/site-packages/airflow/example_dags/subdags/subdag.py
[2025-07-04T12:30:58.790+0530] {processor.py:842} WARNING - No viable dags retrieved from /home/tejhanagarajan/Projects/small-projects/NewsImpact/venv/lib64/python3.10/site-packages/airflow/example_dags/subdags/subdag.py
[2025-07-04T12:30:58.798+0530] {processor.py:183} INFO - Processing /home/tejhanagarajan/Projects/small-projects/NewsImpact/venv/lib64/python3.10/site-packages/airflow/example_dags/subdags/subdag.py took 0.014 seconds
[2025-07-04T12:31:58.771+0530] {processor.py:161} INFO - Started process (PID=28343) to work on /home/tejhanagarajan/Projects/small-projects/NewsImpact/venv/lib64/python3.10/site-packages/airflow/example_dags/subdags/subdag.py
[2025-07-04T12:31:58.773+0530] {processor.py:830} INFO - Processing file /home/tejhanagarajan/Projects/small-projects/NewsImpact/venv/lib64/python3.10/site-packages/airflow/example_dags/subdags/subdag.py for tasks to queue
[2025-07-04T12:31:58.774+0530] {logging_mixin.py:188} INFO - [2025-07-04T12:31:58.773+0530] {dagbag.py:538} INFO - Filling up the DagBag from /home/tejhanagarajan/Projects/small-projects/NewsImpact/venv/lib64/python3.10/site-packages/airflow/example_dags/subdags/subdag.py
[2025-07-04T12:31:58.775+0530] {processor.py:842} WARNING - No viable dags retrieved from /home/tejhanagarajan/Projects/small-projects/NewsImpact/venv/lib64/python3.10/site-packages/airflow/example_dags/subdags/subdag.py
[2025-07-04T12:31:58.789+0530] {processor.py:183} INFO - Processing /home/tejhanagarajan/Projects/small-projects/NewsImpact/venv/lib64/python3.10/site-packages/airflow/example_dags/subdags/subdag.py took 0.020 seconds
[2025-07-04T12:32:52.223+0530] {processor.py:161} INFO - Started process (PID=29589) to work on /home/tejhanagarajan/Projects/small-projects/NewsImpact/venv/lib64/python3.10/site-packages/airflow/example_dags/subdags/subdag.py
[2025-07-04T12:32:52.224+0530] {processor.py:830} INFO - Processing file /home/tejhanagarajan/Projects/small-projects/NewsImpact/venv/lib64/python3.10/site-packages/airflow/example_dags/subdags/subdag.py for tasks to queue
[2025-07-04T12:32:52.225+0530] {logging_mixin.py:188} INFO - [2025-07-04T12:32:52.225+0530] {dagbag.py:538} INFO - Filling up the DagBag from /home/tejhanagarajan/Projects/small-projects/NewsImpact/venv/lib64/python3.10/site-packages/airflow/example_dags/subdags/subdag.py
[2025-07-04T12:32:52.226+0530] {processor.py:842} WARNING - No viable dags retrieved from /home/tejhanagarajan/Projects/small-projects/NewsImpact/venv/lib64/python3.10/site-packages/airflow/example_dags/subdags/subdag.py
[2025-07-04T12:32:52.231+0530] {processor.py:183} INFO - Processing /home/tejhanagarajan/Projects/small-projects/NewsImpact/venv/lib64/python3.10/site-packages/airflow/example_dags/subdags/subdag.py took 0.010 seconds
[2025-07-04T12:33:40.514+0530] {processor.py:161} INFO - Started process (PID=30302) to work on /home/tejhanagarajan/Projects/small-projects/NewsImpact/venv/lib64/python3.10/site-packages/airflow/example_dags/subdags/subdag.py
[2025-07-04T12:33:40.516+0530] {processor.py:830} INFO - Processing file /home/tejhanagarajan/Projects/small-projects/NewsImpact/venv/lib64/python3.10/site-packages/airflow/example_dags/subdags/subdag.py for tasks to queue
[2025-07-04T12:33:40.517+0530] {logging_mixin.py:188} INFO - [2025-07-04T12:33:40.516+0530] {dagbag.py:538} INFO - Filling up the DagBag from /home/tejhanagarajan/Projects/small-projects/NewsImpact/venv/lib64/python3.10/site-packages/airflow/example_dags/subdags/subdag.py
[2025-07-04T12:33:40.519+0530] {processor.py:842} WARNING - No viable dags retrieved from /home/tejhanagarajan/Projects/small-projects/NewsImpact/venv/lib64/python3.10/site-packages/airflow/example_dags/subdags/subdag.py
[2025-07-04T12:33:40.528+0530] {processor.py:183} INFO - Processing /home/tejhanagarajan/Projects/small-projects/NewsImpact/venv/lib64/python3.10/site-packages/airflow/example_dags/subdags/subdag.py took 0.016 seconds
[2025-07-04T12:34:14.309+0530] {processor.py:161} INFO - Started process (PID=30546) to work on /home/tejhanagarajan/Projects/small-projects/NewsImpact/venv/lib64/python3.10/site-packages/airflow/example_dags/subdags/subdag.py
[2025-07-04T12:34:14.310+0530] {processor.py:830} INFO - Processing file /home/tejhanagarajan/Projects/small-projects/NewsImpact/venv/lib64/python3.10/site-packages/airflow/example_dags/subdags/subdag.py for tasks to queue
[2025-07-04T12:34:14.311+0530] {logging_mixin.py:188} INFO - [2025-07-04T12:34:14.311+0530] {dagbag.py:538} INFO - Filling up the DagBag from /home/tejhanagarajan/Projects/small-projects/NewsImpact/venv/lib64/python3.10/site-packages/airflow/example_dags/subdags/subdag.py
[2025-07-04T12:34:14.313+0530] {processor.py:842} WARNING - No viable dags retrieved from /home/tejhanagarajan/Projects/small-projects/NewsImpact/venv/lib64/python3.10/site-packages/airflow/example_dags/subdags/subdag.py
[2025-07-04T12:34:14.317+0530] {processor.py:183} INFO - Processing /home/tejhanagarajan/Projects/small-projects/NewsImpact/venv/lib64/python3.10/site-packages/airflow/example_dags/subdags/subdag.py took 0.010 seconds
[2025-07-04T12:34:48.669+0530] {processor.py:161} INFO - Started process (PID=31048) to work on /home/tejhanagarajan/Projects/small-projects/NewsImpact/venv/lib64/python3.10/site-packages/airflow/example_dags/subdags/subdag.py
[2025-07-04T12:34:48.670+0530] {processor.py:830} INFO - Processing file /home/tejhanagarajan/Projects/small-projects/NewsImpact/venv/lib64/python3.10/site-packages/airflow/example_dags/subdags/subdag.py for tasks to queue
[2025-07-04T12:34:48.671+0530] {logging_mixin.py:188} INFO - [2025-07-04T12:34:48.671+0530] {dagbag.py:538} INFO - Filling up the DagBag from /home/tejhanagarajan/Projects/small-projects/NewsImpact/venv/lib64/python3.10/site-packages/airflow/example_dags/subdags/subdag.py
[2025-07-04T12:34:48.673+0530] {processor.py:842} WARNING - No viable dags retrieved from /home/tejhanagarajan/Projects/small-projects/NewsImpact/venv/lib64/python3.10/site-packages/airflow/example_dags/subdags/subdag.py
[2025-07-04T12:34:48.679+0530] {processor.py:183} INFO - Processing /home/tejhanagarajan/Projects/small-projects/NewsImpact/venv/lib64/python3.10/site-packages/airflow/example_dags/subdags/subdag.py took 0.013 seconds
[2025-07-04T12:35:25.235+0530] {processor.py:161} INFO - Started process (PID=31297) to work on /home/tejhanagarajan/Projects/small-projects/NewsImpact/venv/lib64/python3.10/site-packages/airflow/example_dags/subdags/subdag.py
[2025-07-04T12:35:25.237+0530] {processor.py:830} INFO - Processing file /home/tejhanagarajan/Projects/small-projects/NewsImpact/venv/lib64/python3.10/site-packages/airflow/example_dags/subdags/subdag.py for tasks to queue
[2025-07-04T12:35:25.238+0530] {logging_mixin.py:188} INFO - [2025-07-04T12:35:25.238+0530] {dagbag.py:538} INFO - Filling up the DagBag from /home/tejhanagarajan/Projects/small-projects/NewsImpact/venv/lib64/python3.10/site-packages/airflow/example_dags/subdags/subdag.py
[2025-07-04T12:35:25.239+0530] {processor.py:842} WARNING - No viable dags retrieved from /home/tejhanagarajan/Projects/small-projects/NewsImpact/venv/lib64/python3.10/site-packages/airflow/example_dags/subdags/subdag.py
[2025-07-04T12:35:25.243+0530] {processor.py:183} INFO - Processing /home/tejhanagarajan/Projects/small-projects/NewsImpact/venv/lib64/python3.10/site-packages/airflow/example_dags/subdags/subdag.py took 0.010 seconds
[2025-07-04T12:36:02.353+0530] {processor.py:161} INFO - Started process (PID=31655) to work on /home/tejhanagarajan/Projects/small-projects/NewsImpact/venv/lib64/python3.10/site-packages/airflow/example_dags/subdags/subdag.py
[2025-07-04T12:36:02.355+0530] {processor.py:830} INFO - Processing file /home/tejhanagarajan/Projects/small-projects/NewsImpact/venv/lib64/python3.10/site-packages/airflow/example_dags/subdags/subdag.py for tasks to queue
[2025-07-04T12:36:02.356+0530] {logging_mixin.py:188} INFO - [2025-07-04T12:36:02.356+0530] {dagbag.py:538} INFO - Filling up the DagBag from /home/tejhanagarajan/Projects/small-projects/NewsImpact/venv/lib64/python3.10/site-packages/airflow/example_dags/subdags/subdag.py
[2025-07-04T12:36:02.357+0530] {processor.py:842} WARNING - No viable dags retrieved from /home/tejhanagarajan/Projects/small-projects/NewsImpact/venv/lib64/python3.10/site-packages/airflow/example_dags/subdags/subdag.py
[2025-07-04T12:36:02.361+0530] {processor.py:183} INFO - Processing /home/tejhanagarajan/Projects/small-projects/NewsImpact/venv/lib64/python3.10/site-packages/airflow/example_dags/subdags/subdag.py took 0.009 seconds
[2025-07-04T12:36:38.941+0530] {processor.py:161} INFO - Started process (PID=32059) to work on /home/tejhanagarajan/Projects/small-projects/NewsImpact/venv/lib64/python3.10/site-packages/airflow/example_dags/subdags/subdag.py
[2025-07-04T12:36:38.943+0530] {processor.py:830} INFO - Processing file /home/tejhanagarajan/Projects/small-projects/NewsImpact/venv/lib64/python3.10/site-packages/airflow/example_dags/subdags/subdag.py for tasks to queue
[2025-07-04T12:36:38.943+0530] {logging_mixin.py:188} INFO - [2025-07-04T12:36:38.943+0530] {dagbag.py:538} INFO - Filling up the DagBag from /home/tejhanagarajan/Projects/small-projects/NewsImpact/venv/lib64/python3.10/site-packages/airflow/example_dags/subdags/subdag.py
[2025-07-04T12:36:38.945+0530] {processor.py:842} WARNING - No viable dags retrieved from /home/tejhanagarajan/Projects/small-projects/NewsImpact/venv/lib64/python3.10/site-packages/airflow/example_dags/subdags/subdag.py
[2025-07-04T12:36:38.950+0530] {processor.py:183} INFO - Processing /home/tejhanagarajan/Projects/small-projects/NewsImpact/venv/lib64/python3.10/site-packages/airflow/example_dags/subdags/subdag.py took 0.011 seconds
[2025-07-04T12:37:12.601+0530] {processor.py:161} INFO - Started process (PID=32309) to work on /home/tejhanagarajan/Projects/small-projects/NewsImpact/venv/lib64/python3.10/site-packages/airflow/example_dags/subdags/subdag.py
[2025-07-04T12:37:12.601+0530] {processor.py:830} INFO - Processing file /home/tejhanagarajan/Projects/small-projects/NewsImpact/venv/lib64/python3.10/site-packages/airflow/example_dags/subdags/subdag.py for tasks to queue
[2025-07-04T12:37:12.602+0530] {logging_mixin.py:188} INFO - [2025-07-04T12:37:12.602+0530] {dagbag.py:538} INFO - Filling up the DagBag from /home/tejhanagarajan/Projects/small-projects/NewsImpact/venv/lib64/python3.10/site-packages/airflow/example_dags/subdags/subdag.py
[2025-07-04T12:37:12.603+0530] {processor.py:842} WARNING - No viable dags retrieved from /home/tejhanagarajan/Projects/small-projects/NewsImpact/venv/lib64/python3.10/site-packages/airflow/example_dags/subdags/subdag.py
[2025-07-04T12:37:12.609+0530] {processor.py:183} INFO - Processing /home/tejhanagarajan/Projects/small-projects/NewsImpact/venv/lib64/python3.10/site-packages/airflow/example_dags/subdags/subdag.py took 0.011 seconds
[2025-07-04T12:37:43.553+0530] {processor.py:161} INFO - Started process (PID=32809) to work on /home/tejhanagarajan/Projects/small-projects/NewsImpact/venv/lib64/python3.10/site-packages/airflow/example_dags/subdags/subdag.py
[2025-07-04T12:37:43.555+0530] {processor.py:830} INFO - Processing file /home/tejhanagarajan/Projects/small-projects/NewsImpact/venv/lib64/python3.10/site-packages/airflow/example_dags/subdags/subdag.py for tasks to queue
[2025-07-04T12:37:43.556+0530] {logging_mixin.py:188} INFO - [2025-07-04T12:37:43.555+0530] {dagbag.py:538} INFO - Filling up the DagBag from /home/tejhanagarajan/Projects/small-projects/NewsImpact/venv/lib64/python3.10/site-packages/airflow/example_dags/subdags/subdag.py
[2025-07-04T12:37:43.557+0530] {processor.py:842} WARNING - No viable dags retrieved from /home/tejhanagarajan/Projects/small-projects/NewsImpact/venv/lib64/python3.10/site-packages/airflow/example_dags/subdags/subdag.py
[2025-07-04T12:37:43.561+0530] {processor.py:183} INFO - Processing /home/tejhanagarajan/Projects/small-projects/NewsImpact/venv/lib64/python3.10/site-packages/airflow/example_dags/subdags/subdag.py took 0.009 seconds
[2025-07-04T12:37:54.316+0530] {processor.py:161} INFO - Started process (PID=34242) to work on /home/tejhanagarajan/Projects/small-projects/NewsImpact/venv/lib64/python3.10/site-packages/airflow/example_dags/subdags/subdag.py
[2025-07-04T12:37:54.316+0530] {processor.py:830} INFO - Processing file /home/tejhanagarajan/Projects/small-projects/NewsImpact/venv/lib64/python3.10/site-packages/airflow/example_dags/subdags/subdag.py for tasks to queue
[2025-07-04T12:37:54.317+0530] {logging_mixin.py:188} INFO - [2025-07-04T12:37:54.317+0530] {dagbag.py:538} INFO - Filling up the DagBag from /home/tejhanagarajan/Projects/small-projects/NewsImpact/venv/lib64/python3.10/site-packages/airflow/example_dags/subdags/subdag.py
[2025-07-04T12:37:54.318+0530] {processor.py:842} WARNING - No viable dags retrieved from /home/tejhanagarajan/Projects/small-projects/NewsImpact/venv/lib64/python3.10/site-packages/airflow/example_dags/subdags/subdag.py
[2025-07-04T12:37:54.323+0530] {processor.py:183} INFO - Processing /home/tejhanagarajan/Projects/small-projects/NewsImpact/venv/lib64/python3.10/site-packages/airflow/example_dags/subdags/subdag.py took 0.010 seconds
[2025-07-04T12:38:16.438+0530] {processor.py:161} INFO - Started process (PID=34817) to work on /home/tejhanagarajan/Projects/small-projects/NewsImpact/venv/lib64/python3.10/site-packages/airflow/example_dags/subdags/subdag.py
[2025-07-04T12:38:16.439+0530] {processor.py:830} INFO - Processing file /home/tejhanagarajan/Projects/small-projects/NewsImpact/venv/lib64/python3.10/site-packages/airflow/example_dags/subdags/subdag.py for tasks to queue
[2025-07-04T12:38:16.440+0530] {logging_mixin.py:188} INFO - [2025-07-04T12:38:16.440+0530] {dagbag.py:538} INFO - Filling up the DagBag from /home/tejhanagarajan/Projects/small-projects/NewsImpact/venv/lib64/python3.10/site-packages/airflow/example_dags/subdags/subdag.py
[2025-07-04T12:38:16.442+0530] {processor.py:842} WARNING - No viable dags retrieved from /home/tejhanagarajan/Projects/small-projects/NewsImpact/venv/lib64/python3.10/site-packages/airflow/example_dags/subdags/subdag.py
[2025-07-04T12:38:16.448+0530] {processor.py:183} INFO - Processing /home/tejhanagarajan/Projects/small-projects/NewsImpact/venv/lib64/python3.10/site-packages/airflow/example_dags/subdags/subdag.py took 0.013 seconds
[2025-07-04T12:38:42.664+0530] {processor.py:161} INFO - Started process (PID=35033) to work on /home/tejhanagarajan/Projects/small-projects/NewsImpact/venv/lib64/python3.10/site-packages/airflow/example_dags/subdags/subdag.py
[2025-07-04T12:38:42.665+0530] {processor.py:830} INFO - Processing file /home/tejhanagarajan/Projects/small-projects/NewsImpact/venv/lib64/python3.10/site-packages/airflow/example_dags/subdags/subdag.py for tasks to queue
[2025-07-04T12:38:42.665+0530] {logging_mixin.py:188} INFO - [2025-07-04T12:38:42.665+0530] {dagbag.py:538} INFO - Filling up the DagBag from /home/tejhanagarajan/Projects/small-projects/NewsImpact/venv/lib64/python3.10/site-packages/airflow/example_dags/subdags/subdag.py
[2025-07-04T12:38:42.667+0530] {processor.py:842} WARNING - No viable dags retrieved from /home/tejhanagarajan/Projects/small-projects/NewsImpact/venv/lib64/python3.10/site-packages/airflow/example_dags/subdags/subdag.py
[2025-07-04T12:38:42.672+0530] {processor.py:183} INFO - Processing /home/tejhanagarajan/Projects/small-projects/NewsImpact/venv/lib64/python3.10/site-packages/airflow/example_dags/subdags/subdag.py took 0.009 seconds
[2025-07-04T12:38:51.722+0530] {processor.py:161} INFO - Started process (PID=35122) to work on /home/tejhanagarajan/Projects/small-projects/NewsImpact/venv/lib64/python3.10/site-packages/airflow/example_dags/subdags/subdag.py
[2025-07-04T12:38:51.722+0530] {processor.py:830} INFO - Processing file /home/tejhanagarajan/Projects/small-projects/NewsImpact/venv/lib64/python3.10/site-packages/airflow/example_dags/subdags/subdag.py for tasks to queue
[2025-07-04T12:38:51.723+0530] {logging_mixin.py:188} INFO - [2025-07-04T12:38:51.723+0530] {dagbag.py:538} INFO - Filling up the DagBag from /home/tejhanagarajan/Projects/small-projects/NewsImpact/venv/lib64/python3.10/site-packages/airflow/example_dags/subdags/subdag.py
[2025-07-04T12:38:51.724+0530] {processor.py:842} WARNING - No viable dags retrieved from /home/tejhanagarajan/Projects/small-projects/NewsImpact/venv/lib64/python3.10/site-packages/airflow/example_dags/subdags/subdag.py
[2025-07-04T12:38:51.729+0530] {processor.py:183} INFO - Processing /home/tejhanagarajan/Projects/small-projects/NewsImpact/venv/lib64/python3.10/site-packages/airflow/example_dags/subdags/subdag.py took 0.009 seconds
[2025-07-04T12:39:17.584+0530] {processor.py:161} INFO - Started process (PID=35373) to work on /home/tejhanagarajan/Projects/small-projects/NewsImpact/venv/lib64/python3.10/site-packages/airflow/example_dags/subdags/subdag.py
[2025-07-04T12:39:17.587+0530] {processor.py:830} INFO - Processing file /home/tejhanagarajan/Projects/small-projects/NewsImpact/venv/lib64/python3.10/site-packages/airflow/example_dags/subdags/subdag.py for tasks to queue
[2025-07-04T12:39:17.588+0530] {logging_mixin.py:188} INFO - [2025-07-04T12:39:17.587+0530] {dagbag.py:538} INFO - Filling up the DagBag from /home/tejhanagarajan/Projects/small-projects/NewsImpact/venv/lib64/python3.10/site-packages/airflow/example_dags/subdags/subdag.py
[2025-07-04T12:39:17.590+0530] {processor.py:842} WARNING - No viable dags retrieved from /home/tejhanagarajan/Projects/small-projects/NewsImpact/venv/lib64/python3.10/site-packages/airflow/example_dags/subdags/subdag.py
[2025-07-04T12:39:17.595+0530] {processor.py:183} INFO - Processing /home/tejhanagarajan/Projects/small-projects/NewsImpact/venv/lib64/python3.10/site-packages/airflow/example_dags/subdags/subdag.py took 0.013 seconds
[2025-07-04T12:39:26.448+0530] {processor.py:161} INFO - Started process (PID=35467) to work on /home/tejhanagarajan/Projects/small-projects/NewsImpact/venv/lib64/python3.10/site-packages/airflow/example_dags/subdags/subdag.py
[2025-07-04T12:39:26.448+0530] {processor.py:830} INFO - Processing file /home/tejhanagarajan/Projects/small-projects/NewsImpact/venv/lib64/python3.10/site-packages/airflow/example_dags/subdags/subdag.py for tasks to queue
[2025-07-04T12:39:26.449+0530] {logging_mixin.py:188} INFO - [2025-07-04T12:39:26.449+0530] {dagbag.py:538} INFO - Filling up the DagBag from /home/tejhanagarajan/Projects/small-projects/NewsImpact/venv/lib64/python3.10/site-packages/airflow/example_dags/subdags/subdag.py
[2025-07-04T12:39:26.450+0530] {processor.py:842} WARNING - No viable dags retrieved from /home/tejhanagarajan/Projects/small-projects/NewsImpact/venv/lib64/python3.10/site-packages/airflow/example_dags/subdags/subdag.py
[2025-07-04T12:39:26.455+0530] {processor.py:183} INFO - Processing /home/tejhanagarajan/Projects/small-projects/NewsImpact/venv/lib64/python3.10/site-packages/airflow/example_dags/subdags/subdag.py took 0.009 seconds
[2025-07-04T12:39:51.815+0530] {processor.py:161} INFO - Started process (PID=35670) to work on /home/tejhanagarajan/Projects/small-projects/NewsImpact/venv/lib64/python3.10/site-packages/airflow/example_dags/subdags/subdag.py
[2025-07-04T12:39:51.818+0530] {processor.py:830} INFO - Processing file /home/tejhanagarajan/Projects/small-projects/NewsImpact/venv/lib64/python3.10/site-packages/airflow/example_dags/subdags/subdag.py for tasks to queue
[2025-07-04T12:39:51.819+0530] {logging_mixin.py:188} INFO - [2025-07-04T12:39:51.818+0530] {dagbag.py:538} INFO - Filling up the DagBag from /home/tejhanagarajan/Projects/small-projects/NewsImpact/venv/lib64/python3.10/site-packages/airflow/example_dags/subdags/subdag.py
[2025-07-04T12:39:51.821+0530] {processor.py:842} WARNING - No viable dags retrieved from /home/tejhanagarajan/Projects/small-projects/NewsImpact/venv/lib64/python3.10/site-packages/airflow/example_dags/subdags/subdag.py
[2025-07-04T12:39:51.826+0530] {processor.py:183} INFO - Processing /home/tejhanagarajan/Projects/small-projects/NewsImpact/venv/lib64/python3.10/site-packages/airflow/example_dags/subdags/subdag.py took 0.015 seconds
[2025-07-04T12:41:55.361+0530] {processor.py:161} INFO - Started process (PID=37689) to work on /home/tejhanagarajan/Projects/small-projects/NewsImpact/venv/lib64/python3.10/site-packages/airflow/example_dags/subdags/subdag.py
[2025-07-04T12:41:55.362+0530] {processor.py:830} INFO - Processing file /home/tejhanagarajan/Projects/small-projects/NewsImpact/venv/lib64/python3.10/site-packages/airflow/example_dags/subdags/subdag.py for tasks to queue
[2025-07-04T12:41:55.362+0530] {logging_mixin.py:188} INFO - [2025-07-04T12:41:55.362+0530] {dagbag.py:538} INFO - Filling up the DagBag from /home/tejhanagarajan/Projects/small-projects/NewsImpact/venv/lib64/python3.10/site-packages/airflow/example_dags/subdags/subdag.py
[2025-07-04T12:41:55.363+0530] {processor.py:842} WARNING - No viable dags retrieved from /home/tejhanagarajan/Projects/small-projects/NewsImpact/venv/lib64/python3.10/site-packages/airflow/example_dags/subdags/subdag.py
[2025-07-04T12:41:55.367+0530] {processor.py:183} INFO - Processing /home/tejhanagarajan/Projects/small-projects/NewsImpact/venv/lib64/python3.10/site-packages/airflow/example_dags/subdags/subdag.py took 0.008 seconds
[2025-07-04T12:42:43.530+0530] {processor.py:161} INFO - Started process (PID=38102) to work on /home/tejhanagarajan/Projects/small-projects/NewsImpact/venv/lib64/python3.10/site-packages/airflow/example_dags/subdags/subdag.py
[2025-07-04T12:42:43.532+0530] {processor.py:830} INFO - Processing file /home/tejhanagarajan/Projects/small-projects/NewsImpact/venv/lib64/python3.10/site-packages/airflow/example_dags/subdags/subdag.py for tasks to queue
[2025-07-04T12:42:43.533+0530] {logging_mixin.py:188} INFO - [2025-07-04T12:42:43.533+0530] {dagbag.py:538} INFO - Filling up the DagBag from /home/tejhanagarajan/Projects/small-projects/NewsImpact/venv/lib64/python3.10/site-packages/airflow/example_dags/subdags/subdag.py
[2025-07-04T12:42:43.534+0530] {processor.py:842} WARNING - No viable dags retrieved from /home/tejhanagarajan/Projects/small-projects/NewsImpact/venv/lib64/python3.10/site-packages/airflow/example_dags/subdags/subdag.py
[2025-07-04T12:42:43.540+0530] {processor.py:183} INFO - Processing /home/tejhanagarajan/Projects/small-projects/NewsImpact/venv/lib64/python3.10/site-packages/airflow/example_dags/subdags/subdag.py took 0.012 seconds
[2025-07-04T12:43:16.321+0530] {processor.py:161} INFO - Started process (PID=38334) to work on /home/tejhanagarajan/Projects/small-projects/NewsImpact/venv/lib64/python3.10/site-packages/airflow/example_dags/subdags/subdag.py
[2025-07-04T12:43:16.321+0530] {processor.py:830} INFO - Processing file /home/tejhanagarajan/Projects/small-projects/NewsImpact/venv/lib64/python3.10/site-packages/airflow/example_dags/subdags/subdag.py for tasks to queue
[2025-07-04T12:43:16.322+0530] {logging_mixin.py:188} INFO - [2025-07-04T12:43:16.321+0530] {dagbag.py:538} INFO - Filling up the DagBag from /home/tejhanagarajan/Projects/small-projects/NewsImpact/venv/lib64/python3.10/site-packages/airflow/example_dags/subdags/subdag.py
[2025-07-04T12:43:16.323+0530] {processor.py:842} WARNING - No viable dags retrieved from /home/tejhanagarajan/Projects/small-projects/NewsImpact/venv/lib64/python3.10/site-packages/airflow/example_dags/subdags/subdag.py
[2025-07-04T12:43:16.328+0530] {processor.py:183} INFO - Processing /home/tejhanagarajan/Projects/small-projects/NewsImpact/venv/lib64/python3.10/site-packages/airflow/example_dags/subdags/subdag.py took 0.009 seconds
[2025-07-04T12:43:53.431+0530] {processor.py:161} INFO - Started process (PID=38658) to work on /home/tejhanagarajan/Projects/small-projects/NewsImpact/venv/lib64/python3.10/site-packages/airflow/example_dags/subdags/subdag.py
[2025-07-04T12:43:53.432+0530] {processor.py:830} INFO - Processing file /home/tejhanagarajan/Projects/small-projects/NewsImpact/venv/lib64/python3.10/site-packages/airflow/example_dags/subdags/subdag.py for tasks to queue
[2025-07-04T12:43:53.432+0530] {logging_mixin.py:188} INFO - [2025-07-04T12:43:53.432+0530] {dagbag.py:538} INFO - Filling up the DagBag from /home/tejhanagarajan/Projects/small-projects/NewsImpact/venv/lib64/python3.10/site-packages/airflow/example_dags/subdags/subdag.py
[2025-07-04T12:43:53.433+0530] {processor.py:842} WARNING - No viable dags retrieved from /home/tejhanagarajan/Projects/small-projects/NewsImpact/venv/lib64/python3.10/site-packages/airflow/example_dags/subdags/subdag.py
[2025-07-04T12:43:53.438+0530] {processor.py:183} INFO - Processing /home/tejhanagarajan/Projects/small-projects/NewsImpact/venv/lib64/python3.10/site-packages/airflow/example_dags/subdags/subdag.py took 0.010 seconds
[2025-07-04T12:44:28.425+0530] {processor.py:161} INFO - Started process (PID=38902) to work on /home/tejhanagarajan/Projects/small-projects/NewsImpact/venv/lib64/python3.10/site-packages/airflow/example_dags/subdags/subdag.py
[2025-07-04T12:44:28.428+0530] {processor.py:830} INFO - Processing file /home/tejhanagarajan/Projects/small-projects/NewsImpact/venv/lib64/python3.10/site-packages/airflow/example_dags/subdags/subdag.py for tasks to queue
[2025-07-04T12:44:28.428+0530] {logging_mixin.py:188} INFO - [2025-07-04T12:44:28.428+0530] {dagbag.py:538} INFO - Filling up the DagBag from /home/tejhanagarajan/Projects/small-projects/NewsImpact/venv/lib64/python3.10/site-packages/airflow/example_dags/subdags/subdag.py
[2025-07-04T12:44:28.430+0530] {processor.py:842} WARNING - No viable dags retrieved from /home/tejhanagarajan/Projects/small-projects/NewsImpact/venv/lib64/python3.10/site-packages/airflow/example_dags/subdags/subdag.py
[2025-07-04T12:44:28.437+0530] {processor.py:183} INFO - Processing /home/tejhanagarajan/Projects/small-projects/NewsImpact/venv/lib64/python3.10/site-packages/airflow/example_dags/subdags/subdag.py took 0.014 seconds
[2025-07-04T12:45:05.526+0530] {processor.py:161} INFO - Started process (PID=39170) to work on /home/tejhanagarajan/Projects/small-projects/NewsImpact/venv/lib64/python3.10/site-packages/airflow/example_dags/subdags/subdag.py
[2025-07-04T12:45:05.530+0530] {processor.py:830} INFO - Processing file /home/tejhanagarajan/Projects/small-projects/NewsImpact/venv/lib64/python3.10/site-packages/airflow/example_dags/subdags/subdag.py for tasks to queue
[2025-07-04T12:45:05.531+0530] {logging_mixin.py:188} INFO - [2025-07-04T12:45:05.531+0530] {dagbag.py:538} INFO - Filling up the DagBag from /home/tejhanagarajan/Projects/small-projects/NewsImpact/venv/lib64/python3.10/site-packages/airflow/example_dags/subdags/subdag.py
[2025-07-04T12:45:05.534+0530] {processor.py:842} WARNING - No viable dags retrieved from /home/tejhanagarajan/Projects/small-projects/NewsImpact/venv/lib64/python3.10/site-packages/airflow/example_dags/subdags/subdag.py
[2025-07-04T12:45:05.541+0530] {processor.py:183} INFO - Processing /home/tejhanagarajan/Projects/small-projects/NewsImpact/venv/lib64/python3.10/site-packages/airflow/example_dags/subdags/subdag.py took 0.017 seconds
[2025-07-04T12:45:39.478+0530] {processor.py:161} INFO - Started process (PID=39425) to work on /home/tejhanagarajan/Projects/small-projects/NewsImpact/venv/lib64/python3.10/site-packages/airflow/example_dags/subdags/subdag.py
[2025-07-04T12:45:39.481+0530] {processor.py:830} INFO - Processing file /home/tejhanagarajan/Projects/small-projects/NewsImpact/venv/lib64/python3.10/site-packages/airflow/example_dags/subdags/subdag.py for tasks to queue
[2025-07-04T12:45:39.481+0530] {logging_mixin.py:188} INFO - [2025-07-04T12:45:39.481+0530] {dagbag.py:538} INFO - Filling up the DagBag from /home/tejhanagarajan/Projects/small-projects/NewsImpact/venv/lib64/python3.10/site-packages/airflow/example_dags/subdags/subdag.py
[2025-07-04T12:45:39.483+0530] {processor.py:842} WARNING - No viable dags retrieved from /home/tejhanagarajan/Projects/small-projects/NewsImpact/venv/lib64/python3.10/site-packages/airflow/example_dags/subdags/subdag.py
[2025-07-04T12:45:39.487+0530] {processor.py:183} INFO - Processing /home/tejhanagarajan/Projects/small-projects/NewsImpact/venv/lib64/python3.10/site-packages/airflow/example_dags/subdags/subdag.py took 0.011 seconds
[2025-07-04T12:46:15.972+0530] {processor.py:161} INFO - Started process (PID=39677) to work on /home/tejhanagarajan/Projects/small-projects/NewsImpact/venv/lib64/python3.10/site-packages/airflow/example_dags/subdags/subdag.py
[2025-07-04T12:46:15.974+0530] {processor.py:830} INFO - Processing file /home/tejhanagarajan/Projects/small-projects/NewsImpact/venv/lib64/python3.10/site-packages/airflow/example_dags/subdags/subdag.py for tasks to queue
[2025-07-04T12:46:15.975+0530] {logging_mixin.py:188} INFO - [2025-07-04T12:46:15.975+0530] {dagbag.py:538} INFO - Filling up the DagBag from /home/tejhanagarajan/Projects/small-projects/NewsImpact/venv/lib64/python3.10/site-packages/airflow/example_dags/subdags/subdag.py
[2025-07-04T12:46:15.977+0530] {processor.py:842} WARNING - No viable dags retrieved from /home/tejhanagarajan/Projects/small-projects/NewsImpact/venv/lib64/python3.10/site-packages/airflow/example_dags/subdags/subdag.py
[2025-07-04T12:46:15.982+0530] {processor.py:183} INFO - Processing /home/tejhanagarajan/Projects/small-projects/NewsImpact/venv/lib64/python3.10/site-packages/airflow/example_dags/subdags/subdag.py took 0.013 seconds
[2025-07-04T12:46:50.422+0530] {processor.py:161} INFO - Started process (PID=39937) to work on /home/tejhanagarajan/Projects/small-projects/NewsImpact/venv/lib64/python3.10/site-packages/airflow/example_dags/subdags/subdag.py
[2025-07-04T12:46:50.424+0530] {processor.py:830} INFO - Processing file /home/tejhanagarajan/Projects/small-projects/NewsImpact/venv/lib64/python3.10/site-packages/airflow/example_dags/subdags/subdag.py for tasks to queue
[2025-07-04T12:46:50.425+0530] {logging_mixin.py:188} INFO - [2025-07-04T12:46:50.424+0530] {dagbag.py:538} INFO - Filling up the DagBag from /home/tejhanagarajan/Projects/small-projects/NewsImpact/venv/lib64/python3.10/site-packages/airflow/example_dags/subdags/subdag.py
[2025-07-04T12:46:50.426+0530] {processor.py:842} WARNING - No viable dags retrieved from /home/tejhanagarajan/Projects/small-projects/NewsImpact/venv/lib64/python3.10/site-packages/airflow/example_dags/subdags/subdag.py
[2025-07-04T12:46:50.430+0530] {processor.py:183} INFO - Processing /home/tejhanagarajan/Projects/small-projects/NewsImpact/venv/lib64/python3.10/site-packages/airflow/example_dags/subdags/subdag.py took 0.010 seconds
[2025-07-04T12:47:25.701+0530] {processor.py:161} INFO - Started process (PID=40195) to work on /home/tejhanagarajan/Projects/small-projects/NewsImpact/venv/lib64/python3.10/site-packages/airflow/example_dags/subdags/subdag.py
[2025-07-04T12:47:25.704+0530] {processor.py:830} INFO - Processing file /home/tejhanagarajan/Projects/small-projects/NewsImpact/venv/lib64/python3.10/site-packages/airflow/example_dags/subdags/subdag.py for tasks to queue
[2025-07-04T12:47:25.705+0530] {logging_mixin.py:188} INFO - [2025-07-04T12:47:25.705+0530] {dagbag.py:538} INFO - Filling up the DagBag from /home/tejhanagarajan/Projects/small-projects/NewsImpact/venv/lib64/python3.10/site-packages/airflow/example_dags/subdags/subdag.py
[2025-07-04T12:47:25.708+0530] {processor.py:842} WARNING - No viable dags retrieved from /home/tejhanagarajan/Projects/small-projects/NewsImpact/venv/lib64/python3.10/site-packages/airflow/example_dags/subdags/subdag.py
[2025-07-04T12:47:25.714+0530] {processor.py:183} INFO - Processing /home/tejhanagarajan/Projects/small-projects/NewsImpact/venv/lib64/python3.10/site-packages/airflow/example_dags/subdags/subdag.py took 0.016 seconds
[2025-07-04T12:47:59.600+0530] {processor.py:161} INFO - Started process (PID=40457) to work on /home/tejhanagarajan/Projects/small-projects/NewsImpact/venv/lib64/python3.10/site-packages/airflow/example_dags/subdags/subdag.py
[2025-07-04T12:47:59.602+0530] {processor.py:830} INFO - Processing file /home/tejhanagarajan/Projects/small-projects/NewsImpact/venv/lib64/python3.10/site-packages/airflow/example_dags/subdags/subdag.py for tasks to queue
[2025-07-04T12:47:59.603+0530] {logging_mixin.py:188} INFO - [2025-07-04T12:47:59.603+0530] {dagbag.py:538} INFO - Filling up the DagBag from /home/tejhanagarajan/Projects/small-projects/NewsImpact/venv/lib64/python3.10/site-packages/airflow/example_dags/subdags/subdag.py
[2025-07-04T12:47:59.604+0530] {processor.py:842} WARNING - No viable dags retrieved from /home/tejhanagarajan/Projects/small-projects/NewsImpact/venv/lib64/python3.10/site-packages/airflow/example_dags/subdags/subdag.py
[2025-07-04T12:47:59.609+0530] {processor.py:183} INFO - Processing /home/tejhanagarajan/Projects/small-projects/NewsImpact/venv/lib64/python3.10/site-packages/airflow/example_dags/subdags/subdag.py took 0.011 seconds
[2025-07-04T12:48:29.900+0530] {processor.py:161} INFO - Started process (PID=40701) to work on /home/tejhanagarajan/Projects/small-projects/NewsImpact/venv/lib64/python3.10/site-packages/airflow/example_dags/subdags/subdag.py
[2025-07-04T12:48:29.902+0530] {processor.py:830} INFO - Processing file /home/tejhanagarajan/Projects/small-projects/NewsImpact/venv/lib64/python3.10/site-packages/airflow/example_dags/subdags/subdag.py for tasks to queue
[2025-07-04T12:48:29.903+0530] {logging_mixin.py:188} INFO - [2025-07-04T12:48:29.902+0530] {dagbag.py:538} INFO - Filling up the DagBag from /home/tejhanagarajan/Projects/small-projects/NewsImpact/venv/lib64/python3.10/site-packages/airflow/example_dags/subdags/subdag.py
[2025-07-04T12:48:29.904+0530] {processor.py:842} WARNING - No viable dags retrieved from /home/tejhanagarajan/Projects/small-projects/NewsImpact/venv/lib64/python3.10/site-packages/airflow/example_dags/subdags/subdag.py
[2025-07-04T12:48:29.909+0530] {processor.py:183} INFO - Processing /home/tejhanagarajan/Projects/small-projects/NewsImpact/venv/lib64/python3.10/site-packages/airflow/example_dags/subdags/subdag.py took 0.014 seconds
