  ____________       _____________
 ____    |__( )_________  __/__  /________      __
____  /| |_  /__  ___/_  /_ __  /_  __ \_ | /| / /
___  ___ |  / _  /   _  __/ _  / / /_/ /_ |/ |/ /
 _/_/  |_/_/  /_/    /_/    /_/  \____/____/|__/
[[34m2025-07-04T12:41:55.291+0530[0m] {[34mtask_context_logger.py:[0m63} INFO[0m - Task context logging is enabled[0m
[[34m2025-07-04T12:41:55.292+0530[0m] {[34mexecutor_loader.py:[0m115} INFO[0m - Loaded executor: SequentialExecutor[0m
[2025-07-04 12:41:55 +0530] [37687] [INFO] Starting gunicorn 21.2.0
[2025-07-04 12:41:55 +0530] [37687] [ERROR] Connection in use: ('::', 8793)
[2025-07-04 12:41:55 +0530] [37687] [ERROR] Retrying in 1 second.
[[34m2025-07-04T12:41:55.314+0530[0m] {[34mscheduler_job_runner.py:[0m808} INFO[0m - Starting the scheduler[0m
[[34m2025-07-04T12:41:55.315+0530[0m] {[34mscheduler_job_runner.py:[0m815} INFO[0m - Processing each file at most -1 times[0m
[[34m2025-07-04T12:41:55.317+0530[0m] {[34mmanager.py:[0m169} INFO[0m - Launched DagFileProcessorManager with pid: 37688[0m
[[34m2025-07-04T12:41:55.318+0530[0m] {[34mscheduler_job_runner.py:[0m1619} INFO[0m - Adopting or resetting orphaned tasks for active dag runs[0m
[[34m2025-07-04T12:41:55.320+0530[0m] {[34msettings.py:[0m60} INFO[0m - Configured default timezone UTC[0m
[[34m2025-07-04T12:41:55.325+0530[0m] {[34mscheduler_job_runner.py:[0m1642} INFO[0m - Marked 2 SchedulerJob instances as failed[0m
[2025-07-04T12:41:55.332+0530] {manager.py:392} WARNING - Because we cannot use more than 1 thread (parsing_processes = 2) when using sqlite. So we set parallelism to 1.
[2025-07-04 12:41:56 +0530] [37687] [ERROR] Connection in use: ('::', 8793)
[2025-07-04 12:41:56 +0530] [37687] [ERROR] Retrying in 1 second.
[2025-07-04 12:41:57 +0530] [37687] [ERROR] Connection in use: ('::', 8793)
[2025-07-04 12:41:57 +0530] [37687] [ERROR] Retrying in 1 second.
[2025-07-04 12:41:58 +0530] [37687] [ERROR] Connection in use: ('::', 8793)
[2025-07-04 12:41:58 +0530] [37687] [ERROR] Retrying in 1 second.
[2025-07-04 12:41:59 +0530] [37687] [ERROR] Connection in use: ('::', 8793)
[2025-07-04 12:41:59 +0530] [37687] [ERROR] Retrying in 1 second.
[2025-07-04 12:42:00 +0530] [37687] [ERROR] Can't connect to ('::', 8793)
[[34m2025-07-04T12:46:55.481+0530[0m] {[34mscheduler_job_runner.py:[0m1619} INFO[0m - Adopting or resetting orphaned tasks for active dag runs[0m
