[2025-07-04T12:27:15.854+0530] {processor.py:161} INFO - Started process (PID=25448) to work on /home/tejhanagarajan/Projects/small-projects/NewsImpact/airflow/dags/correlate_dag.py
[2025-07-04T12:27:15.855+0530] {processor.py:830} INFO - Processing file /home/tejhanagarajan/Projects/small-projects/NewsImpact/airflow/dags/correlate_dag.py for tasks to queue
[2025-07-04T12:27:15.855+0530] {logging_mixin.py:188} INFO - [2025-07-04T12:27:15.855+0530] {dagbag.py:538} INFO - Filling up the DagBag from /home/tejhanagarajan/Projects/small-projects/NewsImpact/airflow/dags/correlate_dag.py
[2025-07-04T12:27:15.859+0530] {processor.py:840} INFO - DAG(s) 'correlate_gold_layer' retrieved from /home/tejhanagarajan/Projects/small-projects/NewsImpact/airflow/dags/correlate_dag.py
[2025-07-04T12:27:15.913+0530] {logging_mixin.py:188} INFO - [2025-07-04T12:27:15.913+0530] {override.py:1769} INFO - Created Permission View: can read on DAG:correlate_gold_layer
[2025-07-04T12:27:15.925+0530] {logging_mixin.py:188} INFO - [2025-07-04T12:27:15.924+0530] {override.py:1769} INFO - Created Permission View: can edit on DAG:correlate_gold_layer
[2025-07-04T12:27:15.935+0530] {logging_mixin.py:188} INFO - [2025-07-04T12:27:15.935+0530] {override.py:1769} INFO - Created Permission View: can delete on DAG:correlate_gold_layer
[2025-07-04T12:27:15.935+0530] {logging_mixin.py:188} INFO - [2025-07-04T12:27:15.935+0530] {dag.py:3036} INFO - Sync 1 DAGs
[2025-07-04T12:27:15.943+0530] {logging_mixin.py:188} INFO - [2025-07-04T12:27:15.942+0530] {dag.py:3058} INFO - Creating ORM DAG for correlate_gold_layer
[2025-07-04T12:27:15.948+0530] {logging_mixin.py:188} INFO - [2025-07-04T12:27:15.948+0530] {dag.py:3823} INFO - Setting next_dagrun for correlate_gold_layer to 2025-07-04 06:50:00+00:00, run_after=2025-07-04 06:55:00+00:00
[2025-07-04T12:27:15.963+0530] {processor.py:183} INFO - Processing /home/tejhanagarajan/Projects/small-projects/NewsImpact/airflow/dags/correlate_dag.py took 0.109 seconds
[2025-07-04T12:28:13.987+0530] {processor.py:161} INFO - Started process (PID=25940) to work on /home/tejhanagarajan/Projects/small-projects/NewsImpact/airflow/dags/correlate_dag.py
[2025-07-04T12:28:13.988+0530] {processor.py:830} INFO - Processing file /home/tejhanagarajan/Projects/small-projects/NewsImpact/airflow/dags/correlate_dag.py for tasks to queue
[2025-07-04T12:28:13.989+0530] {logging_mixin.py:188} INFO - [2025-07-04T12:28:13.989+0530] {dagbag.py:538} INFO - Filling up the DagBag from /home/tejhanagarajan/Projects/small-projects/NewsImpact/airflow/dags/correlate_dag.py
[2025-07-04T12:28:13.995+0530] {processor.py:840} INFO - DAG(s) 'correlate_gold_layer' retrieved from /home/tejhanagarajan/Projects/small-projects/NewsImpact/airflow/dags/correlate_dag.py
[2025-07-04T12:28:14.005+0530] {logging_mixin.py:188} INFO - [2025-07-04T12:28:14.005+0530] {dag.py:3036} INFO - Sync 1 DAGs
[2025-07-04T12:28:14.014+0530] {logging_mixin.py:188} INFO - [2025-07-04T12:28:14.014+0530] {dag.py:3823} INFO - Setting next_dagrun for correlate_gold_layer to 2025-07-04 06:50:00+00:00, run_after=2025-07-04 06:55:00+00:00
[2025-07-04T12:28:14.031+0530] {processor.py:183} INFO - Processing /home/tejhanagarajan/Projects/small-projects/NewsImpact/airflow/dags/correlate_dag.py took 0.047 seconds
[2025-07-04T12:29:12.288+0530] {processor.py:161} INFO - Started process (PID=26388) to work on /home/tejhanagarajan/Projects/small-projects/NewsImpact/airflow/dags/correlate_dag.py
[2025-07-04T12:29:12.289+0530] {processor.py:830} INFO - Processing file /home/tejhanagarajan/Projects/small-projects/NewsImpact/airflow/dags/correlate_dag.py for tasks to queue
[2025-07-04T12:29:12.289+0530] {logging_mixin.py:188} INFO - [2025-07-04T12:29:12.289+0530] {dagbag.py:538} INFO - Filling up the DagBag from /home/tejhanagarajan/Projects/small-projects/NewsImpact/airflow/dags/correlate_dag.py
[2025-07-04T12:29:12.294+0530] {processor.py:840} INFO - DAG(s) 'correlate_gold_layer' retrieved from /home/tejhanagarajan/Projects/small-projects/NewsImpact/airflow/dags/correlate_dag.py
[2025-07-04T12:29:12.416+0530] {logging_mixin.py:188} INFO - [2025-07-04T12:29:12.416+0530] {dag.py:3036} INFO - Sync 1 DAGs
[2025-07-04T12:29:12.439+0530] {logging_mixin.py:188} INFO - [2025-07-04T12:29:12.439+0530] {dag.py:3823} INFO - Setting next_dagrun for correlate_gold_layer to 2025-07-04 06:50:00+00:00, run_after=2025-07-04 06:55:00+00:00
[2025-07-04T12:29:12.459+0530] {processor.py:183} INFO - Processing /home/tejhanagarajan/Projects/small-projects/NewsImpact/airflow/dags/correlate_dag.py took 0.172 seconds
[2025-07-04T12:30:05.383+0530] {processor.py:161} INFO - Started process (PID=26839) to work on /home/tejhanagarajan/Projects/small-projects/NewsImpact/airflow/dags/correlate_dag.py
[2025-07-04T12:30:05.386+0530] {processor.py:830} INFO - Processing file /home/tejhanagarajan/Projects/small-projects/NewsImpact/airflow/dags/correlate_dag.py for tasks to queue
[2025-07-04T12:30:05.387+0530] {logging_mixin.py:188} INFO - [2025-07-04T12:30:05.387+0530] {dagbag.py:538} INFO - Filling up the DagBag from /home/tejhanagarajan/Projects/small-projects/NewsImpact/airflow/dags/correlate_dag.py
[2025-07-04T12:30:05.393+0530] {processor.py:840} INFO - DAG(s) 'correlate_gold_layer' retrieved from /home/tejhanagarajan/Projects/small-projects/NewsImpact/airflow/dags/correlate_dag.py
[2025-07-04T12:30:05.399+0530] {logging_mixin.py:188} INFO - [2025-07-04T12:30:05.399+0530] {dag.py:3036} INFO - Sync 1 DAGs
[2025-07-04T12:30:05.408+0530] {logging_mixin.py:188} INFO - [2025-07-04T12:30:05.408+0530] {dag.py:3823} INFO - Setting next_dagrun for correlate_gold_layer to 2025-07-04 06:55:00+00:00, run_after=2025-07-04 07:00:00+00:00
[2025-07-04T12:30:05.427+0530] {processor.py:183} INFO - Processing /home/tejhanagarajan/Projects/small-projects/NewsImpact/airflow/dags/correlate_dag.py took 0.046 seconds
[2025-07-04T12:30:58.564+0530] {processor.py:161} INFO - Started process (PID=27192) to work on /home/tejhanagarajan/Projects/small-projects/NewsImpact/airflow/dags/correlate_dag.py
[2025-07-04T12:30:58.566+0530] {processor.py:830} INFO - Processing file /home/tejhanagarajan/Projects/small-projects/NewsImpact/airflow/dags/correlate_dag.py for tasks to queue
[2025-07-04T12:30:58.567+0530] {logging_mixin.py:188} INFO - [2025-07-04T12:30:58.567+0530] {dagbag.py:538} INFO - Filling up the DagBag from /home/tejhanagarajan/Projects/small-projects/NewsImpact/airflow/dags/correlate_dag.py
[2025-07-04T12:30:58.573+0530] {processor.py:840} INFO - DAG(s) 'correlate_gold_layer' retrieved from /home/tejhanagarajan/Projects/small-projects/NewsImpact/airflow/dags/correlate_dag.py
[2025-07-04T12:30:58.579+0530] {logging_mixin.py:188} INFO - [2025-07-04T12:30:58.579+0530] {dag.py:3036} INFO - Sync 1 DAGs
[2025-07-04T12:30:58.588+0530] {logging_mixin.py:188} INFO - [2025-07-04T12:30:58.588+0530] {dag.py:3823} INFO - Setting next_dagrun for correlate_gold_layer to 2025-07-04 06:55:00+00:00, run_after=2025-07-04 07:00:00+00:00
[2025-07-04T12:30:58.605+0530] {processor.py:183} INFO - Processing /home/tejhanagarajan/Projects/small-projects/NewsImpact/airflow/dags/correlate_dag.py took 0.044 seconds
[2025-07-04T12:33:39.379+0530] {processor.py:161} INFO - Started process (PID=30291) to work on /home/tejhanagarajan/Projects/small-projects/NewsImpact/airflow/dags/correlate_dag.py
[2025-07-04T12:33:39.382+0530] {processor.py:830} INFO - Processing file /home/tejhanagarajan/Projects/small-projects/NewsImpact/airflow/dags/correlate_dag.py for tasks to queue
[2025-07-04T12:33:39.382+0530] {logging_mixin.py:188} INFO - [2025-07-04T12:33:39.382+0530] {dagbag.py:538} INFO - Filling up the DagBag from /home/tejhanagarajan/Projects/small-projects/NewsImpact/airflow/dags/correlate_dag.py
[2025-07-04T12:33:39.386+0530] {processor.py:840} INFO - DAG(s) 'correlate_gold_layer' retrieved from /home/tejhanagarajan/Projects/small-projects/NewsImpact/airflow/dags/correlate_dag.py
[2025-07-04T12:33:39.393+0530] {logging_mixin.py:188} INFO - [2025-07-04T12:33:39.393+0530] {dag.py:3036} INFO - Sync 1 DAGs
[2025-07-04T12:33:39.403+0530] {logging_mixin.py:188} INFO - [2025-07-04T12:33:39.403+0530] {dag.py:3823} INFO - Setting next_dagrun for correlate_gold_layer to 2025-07-04 06:55:00+00:00, run_after=2025-07-04 07:00:00+00:00
[2025-07-04T12:33:39.419+0530] {processor.py:183} INFO - Processing /home/tejhanagarajan/Projects/small-projects/NewsImpact/airflow/dags/correlate_dag.py took 0.042 seconds
[2025-07-04T12:34:29.759+0530] {processor.py:161} INFO - Started process (PID=30931) to work on /home/tejhanagarajan/Projects/small-projects/NewsImpact/airflow/dags/correlate_dag.py
[2025-07-04T12:34:29.760+0530] {processor.py:830} INFO - Processing file /home/tejhanagarajan/Projects/small-projects/NewsImpact/airflow/dags/correlate_dag.py for tasks to queue
[2025-07-04T12:34:29.761+0530] {logging_mixin.py:188} INFO - [2025-07-04T12:34:29.761+0530] {dagbag.py:538} INFO - Filling up the DagBag from /home/tejhanagarajan/Projects/small-projects/NewsImpact/airflow/dags/correlate_dag.py
[2025-07-04T12:34:29.767+0530] {processor.py:840} INFO - DAG(s) 'correlate_gold_layer' retrieved from /home/tejhanagarajan/Projects/small-projects/NewsImpact/airflow/dags/correlate_dag.py
[2025-07-04T12:34:29.772+0530] {logging_mixin.py:188} INFO - [2025-07-04T12:34:29.772+0530] {dag.py:3036} INFO - Sync 1 DAGs
[2025-07-04T12:34:29.781+0530] {logging_mixin.py:188} INFO - [2025-07-04T12:34:29.781+0530] {dag.py:3823} INFO - Setting next_dagrun for correlate_gold_layer to 2025-07-04 06:55:00+00:00, run_after=2025-07-04 07:00:00+00:00
[2025-07-04T12:34:29.798+0530] {processor.py:183} INFO - Processing /home/tejhanagarajan/Projects/small-projects/NewsImpact/airflow/dags/correlate_dag.py took 0.041 seconds
[2025-07-04T12:35:24.090+0530] {processor.py:161} INFO - Started process (PID=31296) to work on /home/tejhanagarajan/Projects/small-projects/NewsImpact/airflow/dags/correlate_dag.py
[2025-07-04T12:35:24.092+0530] {processor.py:830} INFO - Processing file /home/tejhanagarajan/Projects/small-projects/NewsImpact/airflow/dags/correlate_dag.py for tasks to queue
[2025-07-04T12:35:24.092+0530] {logging_mixin.py:188} INFO - [2025-07-04T12:35:24.092+0530] {dagbag.py:538} INFO - Filling up the DagBag from /home/tejhanagarajan/Projects/small-projects/NewsImpact/airflow/dags/correlate_dag.py
[2025-07-04T12:35:24.096+0530] {processor.py:840} INFO - DAG(s) 'correlate_gold_layer' retrieved from /home/tejhanagarajan/Projects/small-projects/NewsImpact/airflow/dags/correlate_dag.py
[2025-07-04T12:35:24.102+0530] {logging_mixin.py:188} INFO - [2025-07-04T12:35:24.102+0530] {dag.py:3036} INFO - Sync 1 DAGs
[2025-07-04T12:35:24.112+0530] {logging_mixin.py:188} INFO - [2025-07-04T12:35:24.112+0530] {dag.py:3823} INFO - Setting next_dagrun for correlate_gold_layer to 2025-07-04 07:00:00+00:00, run_after=2025-07-04 07:05:00+00:00
[2025-07-04T12:35:24.130+0530] {processor.py:183} INFO - Processing /home/tejhanagarajan/Projects/small-projects/NewsImpact/airflow/dags/correlate_dag.py took 0.041 seconds
[2025-07-04T12:36:18.986+0530] {processor.py:161} INFO - Started process (PID=31788) to work on /home/tejhanagarajan/Projects/small-projects/NewsImpact/airflow/dags/correlate_dag.py
[2025-07-04T12:36:18.988+0530] {processor.py:830} INFO - Processing file /home/tejhanagarajan/Projects/small-projects/NewsImpact/airflow/dags/correlate_dag.py for tasks to queue
[2025-07-04T12:36:18.989+0530] {logging_mixin.py:188} INFO - [2025-07-04T12:36:18.989+0530] {dagbag.py:538} INFO - Filling up the DagBag from /home/tejhanagarajan/Projects/small-projects/NewsImpact/airflow/dags/correlate_dag.py
[2025-07-04T12:36:18.992+0530] {processor.py:840} INFO - DAG(s) 'correlate_gold_layer' retrieved from /home/tejhanagarajan/Projects/small-projects/NewsImpact/airflow/dags/correlate_dag.py
[2025-07-04T12:36:18.998+0530] {logging_mixin.py:188} INFO - [2025-07-04T12:36:18.998+0530] {dag.py:3036} INFO - Sync 1 DAGs
[2025-07-04T12:36:19.007+0530] {logging_mixin.py:188} INFO - [2025-07-04T12:36:19.007+0530] {dag.py:3823} INFO - Setting next_dagrun for correlate_gold_layer to 2025-07-04 07:00:00+00:00, run_after=2025-07-04 07:05:00+00:00
[2025-07-04T12:36:19.022+0530] {processor.py:183} INFO - Processing /home/tejhanagarajan/Projects/small-projects/NewsImpact/airflow/dags/correlate_dag.py took 0.037 seconds
[2025-07-04T12:37:11.471+0530] {processor.py:161} INFO - Started process (PID=32298) to work on /home/tejhanagarajan/Projects/small-projects/NewsImpact/airflow/dags/correlate_dag.py
[2025-07-04T12:37:11.473+0530] {processor.py:830} INFO - Processing file /home/tejhanagarajan/Projects/small-projects/NewsImpact/airflow/dags/correlate_dag.py for tasks to queue
[2025-07-04T12:37:11.474+0530] {logging_mixin.py:188} INFO - [2025-07-04T12:37:11.474+0530] {dagbag.py:538} INFO - Filling up the DagBag from /home/tejhanagarajan/Projects/small-projects/NewsImpact/airflow/dags/correlate_dag.py
[2025-07-04T12:37:11.479+0530] {processor.py:840} INFO - DAG(s) 'correlate_gold_layer' retrieved from /home/tejhanagarajan/Projects/small-projects/NewsImpact/airflow/dags/correlate_dag.py
[2025-07-04T12:37:11.485+0530] {logging_mixin.py:188} INFO - [2025-07-04T12:37:11.485+0530] {dag.py:3036} INFO - Sync 1 DAGs
[2025-07-04T12:37:11.495+0530] {logging_mixin.py:188} INFO - [2025-07-04T12:37:11.495+0530] {dag.py:3823} INFO - Setting next_dagrun for correlate_gold_layer to 2025-07-04 07:00:00+00:00, run_after=2025-07-04 07:05:00+00:00
[2025-07-04T12:37:11.510+0530] {processor.py:183} INFO - Processing /home/tejhanagarajan/Projects/small-projects/NewsImpact/airflow/dags/correlate_dag.py took 0.041 seconds
[2025-07-04T12:37:58.443+0530] {processor.py:161} INFO - Started process (PID=34655) to work on /home/tejhanagarajan/Projects/small-projects/NewsImpact/airflow/dags/correlate_dag.py
[2025-07-04T12:37:58.445+0530] {processor.py:830} INFO - Processing file /home/tejhanagarajan/Projects/small-projects/NewsImpact/airflow/dags/correlate_dag.py for tasks to queue
[2025-07-04T12:37:58.446+0530] {logging_mixin.py:188} INFO - [2025-07-04T12:37:58.446+0530] {dagbag.py:538} INFO - Filling up the DagBag from /home/tejhanagarajan/Projects/small-projects/NewsImpact/airflow/dags/correlate_dag.py
[2025-07-04T12:37:58.454+0530] {processor.py:840} INFO - DAG(s) 'correlate_gold_layer' retrieved from /home/tejhanagarajan/Projects/small-projects/NewsImpact/airflow/dags/correlate_dag.py
[2025-07-04T12:37:58.460+0530] {logging_mixin.py:188} INFO - [2025-07-04T12:37:58.460+0530] {dag.py:3036} INFO - Sync 1 DAGs
[2025-07-04T12:37:58.469+0530] {logging_mixin.py:188} INFO - [2025-07-04T12:37:58.469+0530] {dag.py:3823} INFO - Setting next_dagrun for correlate_gold_layer to 2025-07-04 07:00:00+00:00, run_after=2025-07-04 07:05:00+00:00
[2025-07-04T12:37:58.485+0530] {processor.py:183} INFO - Processing /home/tejhanagarajan/Projects/small-projects/NewsImpact/airflow/dags/correlate_dag.py took 0.045 seconds
[2025-07-04T12:38:41.539+0530] {processor.py:161} INFO - Started process (PID=35020) to work on /home/tejhanagarajan/Projects/small-projects/NewsImpact/airflow/dags/correlate_dag.py
[2025-07-04T12:38:41.541+0530] {processor.py:830} INFO - Processing file /home/tejhanagarajan/Projects/small-projects/NewsImpact/airflow/dags/correlate_dag.py for tasks to queue
[2025-07-04T12:38:41.542+0530] {logging_mixin.py:188} INFO - [2025-07-04T12:38:41.542+0530] {dagbag.py:538} INFO - Filling up the DagBag from /home/tejhanagarajan/Projects/small-projects/NewsImpact/airflow/dags/correlate_dag.py
[2025-07-04T12:38:41.547+0530] {processor.py:840} INFO - DAG(s) 'correlate_gold_layer' retrieved from /home/tejhanagarajan/Projects/small-projects/NewsImpact/airflow/dags/correlate_dag.py
[2025-07-04T12:38:41.553+0530] {logging_mixin.py:188} INFO - [2025-07-04T12:38:41.553+0530] {dag.py:3036} INFO - Sync 1 DAGs
[2025-07-04T12:38:41.563+0530] {logging_mixin.py:188} INFO - [2025-07-04T12:38:41.563+0530] {dag.py:3823} INFO - Setting next_dagrun for correlate_gold_layer to 2025-07-04 07:00:00+00:00, run_after=2025-07-04 07:05:00+00:00
[2025-07-04T12:38:41.579+0530] {processor.py:183} INFO - Processing /home/tejhanagarajan/Projects/small-projects/NewsImpact/airflow/dags/correlate_dag.py took 0.042 seconds
[2025-07-04T12:38:50.587+0530] {processor.py:161} INFO - Started process (PID=35116) to work on /home/tejhanagarajan/Projects/small-projects/NewsImpact/airflow/dags/correlate_dag.py
[2025-07-04T12:38:50.589+0530] {processor.py:830} INFO - Processing file /home/tejhanagarajan/Projects/small-projects/NewsImpact/airflow/dags/correlate_dag.py for tasks to queue
[2025-07-04T12:38:50.589+0530] {logging_mixin.py:188} INFO - [2025-07-04T12:38:50.589+0530] {dagbag.py:538} INFO - Filling up the DagBag from /home/tejhanagarajan/Projects/small-projects/NewsImpact/airflow/dags/correlate_dag.py
[2025-07-04T12:38:50.593+0530] {processor.py:840} INFO - DAG(s) 'correlate_gold_layer' retrieved from /home/tejhanagarajan/Projects/small-projects/NewsImpact/airflow/dags/correlate_dag.py
[2025-07-04T12:38:50.599+0530] {logging_mixin.py:188} INFO - [2025-07-04T12:38:50.599+0530] {dag.py:3036} INFO - Sync 1 DAGs
[2025-07-04T12:38:50.609+0530] {logging_mixin.py:188} INFO - [2025-07-04T12:38:50.609+0530] {dag.py:3823} INFO - Setting next_dagrun for correlate_gold_layer to 2025-07-04 07:00:00+00:00, run_after=2025-07-04 07:05:00+00:00
[2025-07-04T12:38:50.625+0530] {processor.py:183} INFO - Processing /home/tejhanagarajan/Projects/small-projects/NewsImpact/airflow/dags/correlate_dag.py took 0.040 seconds
[2025-07-04T12:39:33.014+0530] {processor.py:161} INFO - Started process (PID=35513) to work on /home/tejhanagarajan/Projects/small-projects/NewsImpact/airflow/dags/correlate_dag.py
[2025-07-04T12:39:33.015+0530] {processor.py:830} INFO - Processing file /home/tejhanagarajan/Projects/small-projects/NewsImpact/airflow/dags/correlate_dag.py for tasks to queue
[2025-07-04T12:39:33.016+0530] {logging_mixin.py:188} INFO - [2025-07-04T12:39:33.015+0530] {dagbag.py:538} INFO - Filling up the DagBag from /home/tejhanagarajan/Projects/small-projects/NewsImpact/airflow/dags/correlate_dag.py
[2025-07-04T12:39:33.019+0530] {processor.py:840} INFO - DAG(s) 'correlate_gold_layer' retrieved from /home/tejhanagarajan/Projects/small-projects/NewsImpact/airflow/dags/correlate_dag.py
[2025-07-04T12:39:33.026+0530] {logging_mixin.py:188} INFO - [2025-07-04T12:39:33.026+0530] {dag.py:3036} INFO - Sync 1 DAGs
[2025-07-04T12:39:33.036+0530] {logging_mixin.py:188} INFO - [2025-07-04T12:39:33.036+0530] {dag.py:3823} INFO - Setting next_dagrun for correlate_gold_layer to 2025-07-04 07:00:00+00:00, run_after=2025-07-04 07:05:00+00:00
[2025-07-04T12:39:33.052+0530] {processor.py:183} INFO - Processing /home/tejhanagarajan/Projects/small-projects/NewsImpact/airflow/dags/correlate_dag.py took 0.040 seconds
[2025-07-04T12:39:46.080+0530] {processor.py:161} INFO - Started process (PID=35607) to work on /home/tejhanagarajan/Projects/small-projects/NewsImpact/airflow/dags/correlate_dag.py
[2025-07-04T12:39:46.081+0530] {processor.py:830} INFO - Processing file /home/tejhanagarajan/Projects/small-projects/NewsImpact/airflow/dags/correlate_dag.py for tasks to queue
[2025-07-04T12:39:46.081+0530] {logging_mixin.py:188} INFO - [2025-07-04T12:39:46.081+0530] {dagbag.py:538} INFO - Filling up the DagBag from /home/tejhanagarajan/Projects/small-projects/NewsImpact/airflow/dags/correlate_dag.py
[2025-07-04T12:39:46.086+0530] {processor.py:840} INFO - DAG(s) 'correlate_gold_layer' retrieved from /home/tejhanagarajan/Projects/small-projects/NewsImpact/airflow/dags/correlate_dag.py
[2025-07-04T12:39:46.093+0530] {logging_mixin.py:188} INFO - [2025-07-04T12:39:46.093+0530] {dag.py:3036} INFO - Sync 1 DAGs
[2025-07-04T12:39:46.103+0530] {logging_mixin.py:188} INFO - [2025-07-04T12:39:46.103+0530] {dag.py:3823} INFO - Setting next_dagrun for correlate_gold_layer to 2025-07-04 07:00:00+00:00, run_after=2025-07-04 07:05:00+00:00
[2025-07-04T12:39:46.119+0530] {processor.py:183} INFO - Processing /home/tejhanagarajan/Projects/small-projects/NewsImpact/airflow/dags/correlate_dag.py took 0.040 seconds
[2025-07-04T12:42:42.403+0530] {processor.py:161} INFO - Started process (PID=38089) to work on /home/tejhanagarajan/Projects/small-projects/NewsImpact/airflow/dags/correlate_dag.py
[2025-07-04T12:42:42.406+0530] {processor.py:830} INFO - Processing file /home/tejhanagarajan/Projects/small-projects/NewsImpact/airflow/dags/correlate_dag.py for tasks to queue
[2025-07-04T12:42:42.406+0530] {logging_mixin.py:188} INFO - [2025-07-04T12:42:42.406+0530] {dagbag.py:538} INFO - Filling up the DagBag from /home/tejhanagarajan/Projects/small-projects/NewsImpact/airflow/dags/correlate_dag.py
[2025-07-04T12:42:42.410+0530] {processor.py:840} INFO - DAG(s) 'correlate_gold_layer' retrieved from /home/tejhanagarajan/Projects/small-projects/NewsImpact/airflow/dags/correlate_dag.py
[2025-07-04T12:42:42.416+0530] {logging_mixin.py:188} INFO - [2025-07-04T12:42:42.416+0530] {dag.py:3036} INFO - Sync 1 DAGs
[2025-07-04T12:42:42.425+0530] {logging_mixin.py:188} INFO - [2025-07-04T12:42:42.425+0530] {dag.py:3823} INFO - Setting next_dagrun for correlate_gold_layer to 2025-07-04 07:05:00+00:00, run_after=2025-07-04 07:10:00+00:00
[2025-07-04T12:42:42.441+0530] {processor.py:183} INFO - Processing /home/tejhanagarajan/Projects/small-projects/NewsImpact/airflow/dags/correlate_dag.py took 0.039 seconds
[2025-07-04T12:43:33.986+0530] {processor.py:161} INFO - Started process (PID=38522) to work on /home/tejhanagarajan/Projects/small-projects/NewsImpact/airflow/dags/correlate_dag.py
[2025-07-04T12:43:33.989+0530] {processor.py:830} INFO - Processing file /home/tejhanagarajan/Projects/small-projects/NewsImpact/airflow/dags/correlate_dag.py for tasks to queue
[2025-07-04T12:43:33.990+0530] {logging_mixin.py:188} INFO - [2025-07-04T12:43:33.989+0530] {dagbag.py:538} INFO - Filling up the DagBag from /home/tejhanagarajan/Projects/small-projects/NewsImpact/airflow/dags/correlate_dag.py
[2025-07-04T12:43:33.994+0530] {processor.py:840} INFO - DAG(s) 'correlate_gold_layer' retrieved from /home/tejhanagarajan/Projects/small-projects/NewsImpact/airflow/dags/correlate_dag.py
[2025-07-04T12:43:34.000+0530] {logging_mixin.py:188} INFO - [2025-07-04T12:43:34.000+0530] {dag.py:3036} INFO - Sync 1 DAGs
[2025-07-04T12:43:34.009+0530] {logging_mixin.py:188} INFO - [2025-07-04T12:43:34.009+0530] {dag.py:3823} INFO - Setting next_dagrun for correlate_gold_layer to 2025-07-04 07:05:00+00:00, run_after=2025-07-04 07:10:00+00:00
[2025-07-04T12:43:34.026+0530] {processor.py:183} INFO - Processing /home/tejhanagarajan/Projects/small-projects/NewsImpact/airflow/dags/correlate_dag.py took 0.042 seconds
[2025-07-04T12:44:27.300+0530] {processor.py:161} INFO - Started process (PID=38890) to work on /home/tejhanagarajan/Projects/small-projects/NewsImpact/airflow/dags/correlate_dag.py
[2025-07-04T12:44:27.303+0530] {processor.py:830} INFO - Processing file /home/tejhanagarajan/Projects/small-projects/NewsImpact/airflow/dags/correlate_dag.py for tasks to queue
[2025-07-04T12:44:27.304+0530] {logging_mixin.py:188} INFO - [2025-07-04T12:44:27.303+0530] {dagbag.py:538} INFO - Filling up the DagBag from /home/tejhanagarajan/Projects/small-projects/NewsImpact/airflow/dags/correlate_dag.py
[2025-07-04T12:44:27.310+0530] {processor.py:840} INFO - DAG(s) 'correlate_gold_layer' retrieved from /home/tejhanagarajan/Projects/small-projects/NewsImpact/airflow/dags/correlate_dag.py
[2025-07-04T12:44:27.316+0530] {logging_mixin.py:188} INFO - [2025-07-04T12:44:27.316+0530] {dag.py:3036} INFO - Sync 1 DAGs
[2025-07-04T12:44:27.326+0530] {logging_mixin.py:188} INFO - [2025-07-04T12:44:27.326+0530] {dag.py:3823} INFO - Setting next_dagrun for correlate_gold_layer to 2025-07-04 07:05:00+00:00, run_after=2025-07-04 07:10:00+00:00
[2025-07-04T12:44:27.343+0530] {processor.py:183} INFO - Processing /home/tejhanagarajan/Projects/small-projects/NewsImpact/airflow/dags/correlate_dag.py took 0.045 seconds
[2025-07-04T12:45:20.996+0530] {processor.py:161} INFO - Started process (PID=39306) to work on /home/tejhanagarajan/Projects/small-projects/NewsImpact/airflow/dags/correlate_dag.py
[2025-07-04T12:45:20.999+0530] {processor.py:830} INFO - Processing file /home/tejhanagarajan/Projects/small-projects/NewsImpact/airflow/dags/correlate_dag.py for tasks to queue
[2025-07-04T12:45:21.000+0530] {logging_mixin.py:188} INFO - [2025-07-04T12:45:21.000+0530] {dagbag.py:538} INFO - Filling up the DagBag from /home/tejhanagarajan/Projects/small-projects/NewsImpact/airflow/dags/correlate_dag.py
[2025-07-04T12:45:21.010+0530] {processor.py:840} INFO - DAG(s) 'correlate_gold_layer' retrieved from /home/tejhanagarajan/Projects/small-projects/NewsImpact/airflow/dags/correlate_dag.py
[2025-07-04T12:45:21.017+0530] {logging_mixin.py:188} INFO - [2025-07-04T12:45:21.017+0530] {dag.py:3036} INFO - Sync 1 DAGs
[2025-07-04T12:45:21.026+0530] {logging_mixin.py:188} INFO - [2025-07-04T12:45:21.026+0530] {dag.py:3823} INFO - Setting next_dagrun for correlate_gold_layer to 2025-07-04 07:10:00+00:00, run_after=2025-07-04 07:15:00+00:00
[2025-07-04T12:45:21.042+0530] {processor.py:183} INFO - Processing /home/tejhanagarajan/Projects/small-projects/NewsImpact/airflow/dags/correlate_dag.py took 0.048 seconds
[2025-07-04T12:46:14.825+0530] {processor.py:161} INFO - Started process (PID=39666) to work on /home/tejhanagarajan/Projects/small-projects/NewsImpact/airflow/dags/correlate_dag.py
[2025-07-04T12:46:14.828+0530] {processor.py:830} INFO - Processing file /home/tejhanagarajan/Projects/small-projects/NewsImpact/airflow/dags/correlate_dag.py for tasks to queue
[2025-07-04T12:46:14.828+0530] {logging_mixin.py:188} INFO - [2025-07-04T12:46:14.828+0530] {dagbag.py:538} INFO - Filling up the DagBag from /home/tejhanagarajan/Projects/small-projects/NewsImpact/airflow/dags/correlate_dag.py
[2025-07-04T12:46:14.834+0530] {processor.py:840} INFO - DAG(s) 'correlate_gold_layer' retrieved from /home/tejhanagarajan/Projects/small-projects/NewsImpact/airflow/dags/correlate_dag.py
[2025-07-04T12:46:14.840+0530] {logging_mixin.py:188} INFO - [2025-07-04T12:46:14.840+0530] {dag.py:3036} INFO - Sync 1 DAGs
[2025-07-04T12:46:14.849+0530] {logging_mixin.py:188} INFO - [2025-07-04T12:46:14.849+0530] {dag.py:3823} INFO - Setting next_dagrun for correlate_gold_layer to 2025-07-04 07:10:00+00:00, run_after=2025-07-04 07:15:00+00:00
[2025-07-04T12:46:14.865+0530] {processor.py:183} INFO - Processing /home/tejhanagarajan/Projects/small-projects/NewsImpact/airflow/dags/correlate_dag.py took 0.042 seconds
[2025-07-04T12:47:07.371+0530] {processor.py:161} INFO - Started process (PID=40070) to work on /home/tejhanagarajan/Projects/small-projects/NewsImpact/airflow/dags/correlate_dag.py
[2025-07-04T12:47:07.374+0530] {processor.py:830} INFO - Processing file /home/tejhanagarajan/Projects/small-projects/NewsImpact/airflow/dags/correlate_dag.py for tasks to queue
[2025-07-04T12:47:07.374+0530] {logging_mixin.py:188} INFO - [2025-07-04T12:47:07.374+0530] {dagbag.py:538} INFO - Filling up the DagBag from /home/tejhanagarajan/Projects/small-projects/NewsImpact/airflow/dags/correlate_dag.py
[2025-07-04T12:47:07.378+0530] {processor.py:840} INFO - DAG(s) 'correlate_gold_layer' retrieved from /home/tejhanagarajan/Projects/small-projects/NewsImpact/airflow/dags/correlate_dag.py
[2025-07-04T12:47:07.383+0530] {logging_mixin.py:188} INFO - [2025-07-04T12:47:07.383+0530] {dag.py:3036} INFO - Sync 1 DAGs
[2025-07-04T12:47:07.393+0530] {logging_mixin.py:188} INFO - [2025-07-04T12:47:07.393+0530] {dag.py:3823} INFO - Setting next_dagrun for correlate_gold_layer to 2025-07-04 07:10:00+00:00, run_after=2025-07-04 07:15:00+00:00
[2025-07-04T12:47:07.409+0530] {processor.py:183} INFO - Processing /home/tejhanagarajan/Projects/small-projects/NewsImpact/airflow/dags/correlate_dag.py took 0.039 seconds
[2025-07-04T12:47:58.448+0530] {processor.py:161} INFO - Started process (PID=40444) to work on /home/tejhanagarajan/Projects/small-projects/NewsImpact/airflow/dags/correlate_dag.py
[2025-07-04T12:47:58.450+0530] {processor.py:830} INFO - Processing file /home/tejhanagarajan/Projects/small-projects/NewsImpact/airflow/dags/correlate_dag.py for tasks to queue
[2025-07-04T12:47:58.450+0530] {logging_mixin.py:188} INFO - [2025-07-04T12:47:58.450+0530] {dagbag.py:538} INFO - Filling up the DagBag from /home/tejhanagarajan/Projects/small-projects/NewsImpact/airflow/dags/correlate_dag.py
[2025-07-04T12:47:58.455+0530] {processor.py:840} INFO - DAG(s) 'correlate_gold_layer' retrieved from /home/tejhanagarajan/Projects/small-projects/NewsImpact/airflow/dags/correlate_dag.py
[2025-07-04T12:47:58.461+0530] {logging_mixin.py:188} INFO - [2025-07-04T12:47:58.461+0530] {dag.py:3036} INFO - Sync 1 DAGs
[2025-07-04T12:47:58.471+0530] {logging_mixin.py:188} INFO - [2025-07-04T12:47:58.470+0530] {dag.py:3823} INFO - Setting next_dagrun for correlate_gold_layer to 2025-07-04 07:10:00+00:00, run_after=2025-07-04 07:15:00+00:00
[2025-07-04T12:47:58.488+0530] {processor.py:183} INFO - Processing /home/tejhanagarajan/Projects/small-projects/NewsImpact/airflow/dags/correlate_dag.py took 0.042 seconds
