[2025-07-04T12:26:57.132+0530] {processor.py:161} INFO - Started process (PID=25317) to work on /home/tejhanagarajan/Projects/small-projects/NewsImpact/venv/lib64/python3.10/site-packages/airflow/example_dags/example_nested_branch_dag.py
[2025-07-04T12:26:57.132+0530] {processor.py:830} INFO - Processing file /home/tejhanagarajan/Projects/small-projects/NewsImpact/venv/lib64/python3.10/site-packages/airflow/example_dags/example_nested_branch_dag.py for tasks to queue
[2025-07-04T12:26:57.133+0530] {logging_mixin.py:188} INFO - [2025-07-04T12:26:57.133+0530] {dagbag.py:538} INFO - Filling up the DagBag from /home/tejhanagarajan/Projects/small-projects/NewsImpact/venv/lib64/python3.10/site-packages/airflow/example_dags/example_nested_branch_dag.py
[2025-07-04T12:26:57.137+0530] {processor.py:840} INFO - DAG(s) 'example_nested_branch_dag' retrieved from /home/tejhanagarajan/Projects/small-projects/NewsImpact/venv/lib64/python3.10/site-packages/airflow/example_dags/example_nested_branch_dag.py
[2025-07-04T12:26:57.197+0530] {logging_mixin.py:188} INFO - [2025-07-04T12:26:57.196+0530] {override.py:1769} INFO - Created Permission View: can read on DAG:example_nested_branch_dag
[2025-07-04T12:26:57.208+0530] {logging_mixin.py:188} INFO - [2025-07-04T12:26:57.208+0530] {override.py:1769} INFO - Created Permission View: can edit on DAG:example_nested_branch_dag
[2025-07-04T12:26:57.220+0530] {logging_mixin.py:188} INFO - [2025-07-04T12:26:57.220+0530] {override.py:1769} INFO - Created Permission View: can delete on DAG:example_nested_branch_dag
[2025-07-04T12:26:57.220+0530] {logging_mixin.py:188} INFO - [2025-07-04T12:26:57.220+0530] {dag.py:3036} INFO - Sync 1 DAGs
[2025-07-04T12:26:57.227+0530] {logging_mixin.py:188} INFO - [2025-07-04T12:26:57.227+0530] {dag.py:3058} INFO - Creating ORM DAG for example_nested_branch_dag
[2025-07-04T12:26:57.232+0530] {logging_mixin.py:188} INFO - [2025-07-04T12:26:57.232+0530] {dag.py:3823} INFO - Setting next_dagrun for example_nested_branch_dag to 2025-07-03 00:00:00+00:00, run_after=2025-07-04 00:00:00+00:00
[2025-07-04T12:26:57.248+0530] {processor.py:183} INFO - Processing /home/tejhanagarajan/Projects/small-projects/NewsImpact/venv/lib64/python3.10/site-packages/airflow/example_dags/example_nested_branch_dag.py took 0.117 seconds
[2025-07-04T12:27:45.985+0530] {processor.py:161} INFO - Started process (PID=25682) to work on /home/tejhanagarajan/Projects/small-projects/NewsImpact/venv/lib64/python3.10/site-packages/airflow/example_dags/example_nested_branch_dag.py
[2025-07-04T12:27:45.986+0530] {processor.py:830} INFO - Processing file /home/tejhanagarajan/Projects/small-projects/NewsImpact/venv/lib64/python3.10/site-packages/airflow/example_dags/example_nested_branch_dag.py for tasks to queue
[2025-07-04T12:27:45.986+0530] {logging_mixin.py:188} INFO - [2025-07-04T12:27:45.986+0530] {dagbag.py:538} INFO - Filling up the DagBag from /home/tejhanagarajan/Projects/small-projects/NewsImpact/venv/lib64/python3.10/site-packages/airflow/example_dags/example_nested_branch_dag.py
[2025-07-04T12:27:45.991+0530] {processor.py:840} INFO - DAG(s) 'example_nested_branch_dag' retrieved from /home/tejhanagarajan/Projects/small-projects/NewsImpact/venv/lib64/python3.10/site-packages/airflow/example_dags/example_nested_branch_dag.py
[2025-07-04T12:27:45.999+0530] {logging_mixin.py:188} INFO - [2025-07-04T12:27:45.999+0530] {dag.py:3036} INFO - Sync 1 DAGs
[2025-07-04T12:27:46.009+0530] {logging_mixin.py:188} INFO - [2025-07-04T12:27:46.008+0530] {dag.py:3823} INFO - Setting next_dagrun for example_nested_branch_dag to 2025-07-03 00:00:00+00:00, run_after=2025-07-04 00:00:00+00:00
[2025-07-04T12:27:46.029+0530] {processor.py:183} INFO - Processing /home/tejhanagarajan/Projects/small-projects/NewsImpact/venv/lib64/python3.10/site-packages/airflow/example_dags/example_nested_branch_dag.py took 0.046 seconds
[2025-07-04T12:28:43.167+0530] {processor.py:161} INFO - Started process (PID=26178) to work on /home/tejhanagarajan/Projects/small-projects/NewsImpact/venv/lib64/python3.10/site-packages/airflow/example_dags/example_nested_branch_dag.py
[2025-07-04T12:28:43.167+0530] {processor.py:830} INFO - Processing file /home/tejhanagarajan/Projects/small-projects/NewsImpact/venv/lib64/python3.10/site-packages/airflow/example_dags/example_nested_branch_dag.py for tasks to queue
[2025-07-04T12:28:43.168+0530] {logging_mixin.py:188} INFO - [2025-07-04T12:28:43.168+0530] {dagbag.py:538} INFO - Filling up the DagBag from /home/tejhanagarajan/Projects/small-projects/NewsImpact/venv/lib64/python3.10/site-packages/airflow/example_dags/example_nested_branch_dag.py
[2025-07-04T12:28:43.174+0530] {processor.py:840} INFO - DAG(s) 'example_nested_branch_dag' retrieved from /home/tejhanagarajan/Projects/small-projects/NewsImpact/venv/lib64/python3.10/site-packages/airflow/example_dags/example_nested_branch_dag.py
[2025-07-04T12:28:43.181+0530] {logging_mixin.py:188} INFO - [2025-07-04T12:28:43.181+0530] {dag.py:3036} INFO - Sync 1 DAGs
[2025-07-04T12:28:43.191+0530] {logging_mixin.py:188} INFO - [2025-07-04T12:28:43.190+0530] {dag.py:3823} INFO - Setting next_dagrun for example_nested_branch_dag to 2025-07-03 00:00:00+00:00, run_after=2025-07-04 00:00:00+00:00
[2025-07-04T12:28:43.209+0530] {processor.py:183} INFO - Processing /home/tejhanagarajan/Projects/small-projects/NewsImpact/venv/lib64/python3.10/site-packages/airflow/example_dags/example_nested_branch_dag.py took 0.045 seconds
[2025-07-04T12:29:32.167+0530] {processor.py:161} INFO - Started process (PID=26584) to work on /home/tejhanagarajan/Projects/small-projects/NewsImpact/venv/lib64/python3.10/site-packages/airflow/example_dags/example_nested_branch_dag.py
[2025-07-04T12:29:32.170+0530] {processor.py:830} INFO - Processing file /home/tejhanagarajan/Projects/small-projects/NewsImpact/venv/lib64/python3.10/site-packages/airflow/example_dags/example_nested_branch_dag.py for tasks to queue
[2025-07-04T12:29:32.171+0530] {logging_mixin.py:188} INFO - [2025-07-04T12:29:32.171+0530] {dagbag.py:538} INFO - Filling up the DagBag from /home/tejhanagarajan/Projects/small-projects/NewsImpact/venv/lib64/python3.10/site-packages/airflow/example_dags/example_nested_branch_dag.py
[2025-07-04T12:29:32.178+0530] {processor.py:840} INFO - DAG(s) 'example_nested_branch_dag' retrieved from /home/tejhanagarajan/Projects/small-projects/NewsImpact/venv/lib64/python3.10/site-packages/airflow/example_dags/example_nested_branch_dag.py
[2025-07-04T12:29:32.186+0530] {logging_mixin.py:188} INFO - [2025-07-04T12:29:32.186+0530] {dag.py:3036} INFO - Sync 1 DAGs
[2025-07-04T12:29:32.196+0530] {logging_mixin.py:188} INFO - [2025-07-04T12:29:32.195+0530] {dag.py:3823} INFO - Setting next_dagrun for example_nested_branch_dag to 2025-07-03 00:00:00+00:00, run_after=2025-07-04 00:00:00+00:00
[2025-07-04T12:29:32.211+0530] {processor.py:183} INFO - Processing /home/tejhanagarajan/Projects/small-projects/NewsImpact/venv/lib64/python3.10/site-packages/airflow/example_dags/example_nested_branch_dag.py took 0.047 seconds
[2025-07-04T12:30:22.549+0530] {processor.py:161} INFO - Started process (PID=26941) to work on /home/tejhanagarajan/Projects/small-projects/NewsImpact/venv/lib64/python3.10/site-packages/airflow/example_dags/example_nested_branch_dag.py
[2025-07-04T12:30:22.551+0530] {processor.py:830} INFO - Processing file /home/tejhanagarajan/Projects/small-projects/NewsImpact/venv/lib64/python3.10/site-packages/airflow/example_dags/example_nested_branch_dag.py for tasks to queue
[2025-07-04T12:30:22.552+0530] {logging_mixin.py:188} INFO - [2025-07-04T12:30:22.552+0530] {dagbag.py:538} INFO - Filling up the DagBag from /home/tejhanagarajan/Projects/small-projects/NewsImpact/venv/lib64/python3.10/site-packages/airflow/example_dags/example_nested_branch_dag.py
[2025-07-04T12:30:22.558+0530] {processor.py:840} INFO - DAG(s) 'example_nested_branch_dag' retrieved from /home/tejhanagarajan/Projects/small-projects/NewsImpact/venv/lib64/python3.10/site-packages/airflow/example_dags/example_nested_branch_dag.py
[2025-07-04T12:30:22.566+0530] {logging_mixin.py:188} INFO - [2025-07-04T12:30:22.566+0530] {dag.py:3036} INFO - Sync 1 DAGs
[2025-07-04T12:30:22.574+0530] {logging_mixin.py:188} INFO - [2025-07-04T12:30:22.574+0530] {dag.py:3823} INFO - Setting next_dagrun for example_nested_branch_dag to 2025-07-03 00:00:00+00:00, run_after=2025-07-04 00:00:00+00:00
[2025-07-04T12:30:22.592+0530] {processor.py:183} INFO - Processing /home/tejhanagarajan/Projects/small-projects/NewsImpact/venv/lib64/python3.10/site-packages/airflow/example_dags/example_nested_branch_dag.py took 0.045 seconds
[2025-07-04T12:33:22.212+0530] {processor.py:161} INFO - Started process (PID=30178) to work on /home/tejhanagarajan/Projects/small-projects/NewsImpact/venv/lib64/python3.10/site-packages/airflow/example_dags/example_nested_branch_dag.py
[2025-07-04T12:33:22.215+0530] {processor.py:830} INFO - Processing file /home/tejhanagarajan/Projects/small-projects/NewsImpact/venv/lib64/python3.10/site-packages/airflow/example_dags/example_nested_branch_dag.py for tasks to queue
[2025-07-04T12:33:22.216+0530] {logging_mixin.py:188} INFO - [2025-07-04T12:33:22.216+0530] {dagbag.py:538} INFO - Filling up the DagBag from /home/tejhanagarajan/Projects/small-projects/NewsImpact/venv/lib64/python3.10/site-packages/airflow/example_dags/example_nested_branch_dag.py
[2025-07-04T12:33:22.224+0530] {processor.py:840} INFO - DAG(s) 'example_nested_branch_dag' retrieved from /home/tejhanagarajan/Projects/small-projects/NewsImpact/venv/lib64/python3.10/site-packages/airflow/example_dags/example_nested_branch_dag.py
[2025-07-04T12:33:22.232+0530] {logging_mixin.py:188} INFO - [2025-07-04T12:33:22.232+0530] {dag.py:3036} INFO - Sync 1 DAGs
[2025-07-04T12:33:22.241+0530] {logging_mixin.py:188} INFO - [2025-07-04T12:33:22.241+0530] {dag.py:3823} INFO - Setting next_dagrun for example_nested_branch_dag to 2025-07-03 00:00:00+00:00, run_after=2025-07-04 00:00:00+00:00
[2025-07-04T12:33:22.257+0530] {processor.py:183} INFO - Processing /home/tejhanagarajan/Projects/small-projects/NewsImpact/venv/lib64/python3.10/site-packages/airflow/example_dags/example_nested_branch_dag.py took 0.048 seconds
[2025-07-04T12:34:08.792+0530] {processor.py:161} INFO - Started process (PID=30515) to work on /home/tejhanagarajan/Projects/small-projects/NewsImpact/venv/lib64/python3.10/site-packages/airflow/example_dags/example_nested_branch_dag.py
[2025-07-04T12:34:08.794+0530] {processor.py:830} INFO - Processing file /home/tejhanagarajan/Projects/small-projects/NewsImpact/venv/lib64/python3.10/site-packages/airflow/example_dags/example_nested_branch_dag.py for tasks to queue
[2025-07-04T12:34:08.795+0530] {logging_mixin.py:188} INFO - [2025-07-04T12:34:08.795+0530] {dagbag.py:538} INFO - Filling up the DagBag from /home/tejhanagarajan/Projects/small-projects/NewsImpact/venv/lib64/python3.10/site-packages/airflow/example_dags/example_nested_branch_dag.py
[2025-07-04T12:34:08.803+0530] {processor.py:840} INFO - DAG(s) 'example_nested_branch_dag' retrieved from /home/tejhanagarajan/Projects/small-projects/NewsImpact/venv/lib64/python3.10/site-packages/airflow/example_dags/example_nested_branch_dag.py
[2025-07-04T12:34:08.810+0530] {logging_mixin.py:188} INFO - [2025-07-04T12:34:08.810+0530] {dag.py:3036} INFO - Sync 1 DAGs
[2025-07-04T12:34:08.818+0530] {logging_mixin.py:188} INFO - [2025-07-04T12:34:08.818+0530] {dag.py:3823} INFO - Setting next_dagrun for example_nested_branch_dag to 2025-07-03 00:00:00+00:00, run_after=2025-07-04 00:00:00+00:00
[2025-07-04T12:34:08.835+0530] {processor.py:183} INFO - Processing /home/tejhanagarajan/Projects/small-projects/NewsImpact/venv/lib64/python3.10/site-packages/airflow/example_dags/example_nested_branch_dag.py took 0.046 seconds
[2025-07-04T12:35:00.072+0530] {processor.py:161} INFO - Started process (PID=31140) to work on /home/tejhanagarajan/Projects/small-projects/NewsImpact/venv/lib64/python3.10/site-packages/airflow/example_dags/example_nested_branch_dag.py
[2025-07-04T12:35:00.075+0530] {processor.py:830} INFO - Processing file /home/tejhanagarajan/Projects/small-projects/NewsImpact/venv/lib64/python3.10/site-packages/airflow/example_dags/example_nested_branch_dag.py for tasks to queue
[2025-07-04T12:35:00.075+0530] {logging_mixin.py:188} INFO - [2025-07-04T12:35:00.075+0530] {dagbag.py:538} INFO - Filling up the DagBag from /home/tejhanagarajan/Projects/small-projects/NewsImpact/venv/lib64/python3.10/site-packages/airflow/example_dags/example_nested_branch_dag.py
[2025-07-04T12:35:00.080+0530] {processor.py:840} INFO - DAG(s) 'example_nested_branch_dag' retrieved from /home/tejhanagarajan/Projects/small-projects/NewsImpact/venv/lib64/python3.10/site-packages/airflow/example_dags/example_nested_branch_dag.py
[2025-07-04T12:35:00.088+0530] {logging_mixin.py:188} INFO - [2025-07-04T12:35:00.088+0530] {dag.py:3036} INFO - Sync 1 DAGs
[2025-07-04T12:35:00.097+0530] {logging_mixin.py:188} INFO - [2025-07-04T12:35:00.097+0530] {dag.py:3823} INFO - Setting next_dagrun for example_nested_branch_dag to 2025-07-03 00:00:00+00:00, run_after=2025-07-04 00:00:00+00:00
[2025-07-04T12:35:00.114+0530] {processor.py:183} INFO - Processing /home/tejhanagarajan/Projects/small-projects/NewsImpact/venv/lib64/python3.10/site-packages/airflow/example_dags/example_nested_branch_dag.py took 0.044 seconds
[2025-07-04T12:35:53.504+0530] {processor.py:161} INFO - Started process (PID=31588) to work on /home/tejhanagarajan/Projects/small-projects/NewsImpact/venv/lib64/python3.10/site-packages/airflow/example_dags/example_nested_branch_dag.py
[2025-07-04T12:35:53.507+0530] {processor.py:830} INFO - Processing file /home/tejhanagarajan/Projects/small-projects/NewsImpact/venv/lib64/python3.10/site-packages/airflow/example_dags/example_nested_branch_dag.py for tasks to queue
[2025-07-04T12:35:53.507+0530] {logging_mixin.py:188} INFO - [2025-07-04T12:35:53.507+0530] {dagbag.py:538} INFO - Filling up the DagBag from /home/tejhanagarajan/Projects/small-projects/NewsImpact/venv/lib64/python3.10/site-packages/airflow/example_dags/example_nested_branch_dag.py
[2025-07-04T12:35:53.511+0530] {processor.py:840} INFO - DAG(s) 'example_nested_branch_dag' retrieved from /home/tejhanagarajan/Projects/small-projects/NewsImpact/venv/lib64/python3.10/site-packages/airflow/example_dags/example_nested_branch_dag.py
[2025-07-04T12:35:53.519+0530] {logging_mixin.py:188} INFO - [2025-07-04T12:35:53.518+0530] {dag.py:3036} INFO - Sync 1 DAGs
[2025-07-04T12:35:53.527+0530] {logging_mixin.py:188} INFO - [2025-07-04T12:35:53.527+0530] {dag.py:3823} INFO - Setting next_dagrun for example_nested_branch_dag to 2025-07-03 00:00:00+00:00, run_after=2025-07-04 00:00:00+00:00
[2025-07-04T12:35:53.542+0530] {processor.py:183} INFO - Processing /home/tejhanagarajan/Projects/small-projects/NewsImpact/venv/lib64/python3.10/site-packages/airflow/example_dags/example_nested_branch_dag.py took 0.039 seconds
[2025-07-04T12:36:50.894+0530] {processor.py:161} INFO - Started process (PID=32161) to work on /home/tejhanagarajan/Projects/small-projects/NewsImpact/venv/lib64/python3.10/site-packages/airflow/example_dags/example_nested_branch_dag.py
[2025-07-04T12:36:50.897+0530] {processor.py:830} INFO - Processing file /home/tejhanagarajan/Projects/small-projects/NewsImpact/venv/lib64/python3.10/site-packages/airflow/example_dags/example_nested_branch_dag.py for tasks to queue
[2025-07-04T12:36:50.897+0530] {logging_mixin.py:188} INFO - [2025-07-04T12:36:50.897+0530] {dagbag.py:538} INFO - Filling up the DagBag from /home/tejhanagarajan/Projects/small-projects/NewsImpact/venv/lib64/python3.10/site-packages/airflow/example_dags/example_nested_branch_dag.py
[2025-07-04T12:36:50.902+0530] {processor.py:840} INFO - DAG(s) 'example_nested_branch_dag' retrieved from /home/tejhanagarajan/Projects/small-projects/NewsImpact/venv/lib64/python3.10/site-packages/airflow/example_dags/example_nested_branch_dag.py
[2025-07-04T12:36:50.911+0530] {logging_mixin.py:188} INFO - [2025-07-04T12:36:50.911+0530] {dag.py:3036} INFO - Sync 1 DAGs
[2025-07-04T12:36:50.921+0530] {logging_mixin.py:188} INFO - [2025-07-04T12:36:50.921+0530] {dag.py:3823} INFO - Setting next_dagrun for example_nested_branch_dag to 2025-07-03 00:00:00+00:00, run_after=2025-07-04 00:00:00+00:00
[2025-07-04T12:36:50.939+0530] {processor.py:183} INFO - Processing /home/tejhanagarajan/Projects/small-projects/NewsImpact/venv/lib64/python3.10/site-packages/airflow/example_dags/example_nested_branch_dag.py took 0.046 seconds
[2025-07-04T12:37:34.954+0530] {processor.py:161} INFO - Started process (PID=32741) to work on /home/tejhanagarajan/Projects/small-projects/NewsImpact/venv/lib64/python3.10/site-packages/airflow/example_dags/example_nested_branch_dag.py
[2025-07-04T12:37:34.957+0530] {processor.py:830} INFO - Processing file /home/tejhanagarajan/Projects/small-projects/NewsImpact/venv/lib64/python3.10/site-packages/airflow/example_dags/example_nested_branch_dag.py for tasks to queue
[2025-07-04T12:37:34.958+0530] {logging_mixin.py:188} INFO - [2025-07-04T12:37:34.957+0530] {dagbag.py:538} INFO - Filling up the DagBag from /home/tejhanagarajan/Projects/small-projects/NewsImpact/venv/lib64/python3.10/site-packages/airflow/example_dags/example_nested_branch_dag.py
[2025-07-04T12:37:34.964+0530] {processor.py:840} INFO - DAG(s) 'example_nested_branch_dag' retrieved from /home/tejhanagarajan/Projects/small-projects/NewsImpact/venv/lib64/python3.10/site-packages/airflow/example_dags/example_nested_branch_dag.py
[2025-07-04T12:37:34.971+0530] {logging_mixin.py:188} INFO - [2025-07-04T12:37:34.971+0530] {dag.py:3036} INFO - Sync 1 DAGs
[2025-07-04T12:37:34.979+0530] {logging_mixin.py:188} INFO - [2025-07-04T12:37:34.979+0530] {dag.py:3823} INFO - Setting next_dagrun for example_nested_branch_dag to 2025-07-03 00:00:00+00:00, run_after=2025-07-04 00:00:00+00:00
[2025-07-04T12:37:34.995+0530] {processor.py:183} INFO - Processing /home/tejhanagarajan/Projects/small-projects/NewsImpact/venv/lib64/python3.10/site-packages/airflow/example_dags/example_nested_branch_dag.py took 0.044 seconds
[2025-07-04T12:38:24.271+0530] {processor.py:161} INFO - Started process (PID=34872) to work on /home/tejhanagarajan/Projects/small-projects/NewsImpact/venv/lib64/python3.10/site-packages/airflow/example_dags/example_nested_branch_dag.py
[2025-07-04T12:38:24.274+0530] {processor.py:830} INFO - Processing file /home/tejhanagarajan/Projects/small-projects/NewsImpact/venv/lib64/python3.10/site-packages/airflow/example_dags/example_nested_branch_dag.py for tasks to queue
[2025-07-04T12:38:24.275+0530] {logging_mixin.py:188} INFO - [2025-07-04T12:38:24.275+0530] {dagbag.py:538} INFO - Filling up the DagBag from /home/tejhanagarajan/Projects/small-projects/NewsImpact/venv/lib64/python3.10/site-packages/airflow/example_dags/example_nested_branch_dag.py
[2025-07-04T12:38:24.282+0530] {processor.py:840} INFO - DAG(s) 'example_nested_branch_dag' retrieved from /home/tejhanagarajan/Projects/small-projects/NewsImpact/venv/lib64/python3.10/site-packages/airflow/example_dags/example_nested_branch_dag.py
[2025-07-04T12:38:24.290+0530] {logging_mixin.py:188} INFO - [2025-07-04T12:38:24.290+0530] {dag.py:3036} INFO - Sync 1 DAGs
[2025-07-04T12:38:24.299+0530] {logging_mixin.py:188} INFO - [2025-07-04T12:38:24.299+0530] {dag.py:3823} INFO - Setting next_dagrun for example_nested_branch_dag to 2025-07-03 00:00:00+00:00, run_after=2025-07-04 00:00:00+00:00
[2025-07-04T12:38:24.315+0530] {processor.py:183} INFO - Processing /home/tejhanagarajan/Projects/small-projects/NewsImpact/venv/lib64/python3.10/site-packages/airflow/example_dags/example_nested_branch_dag.py took 0.047 seconds
[2025-07-04T12:38:25.975+0530] {processor.py:161} INFO - Started process (PID=34886) to work on /home/tejhanagarajan/Projects/small-projects/NewsImpact/venv/lib64/python3.10/site-packages/airflow/example_dags/example_nested_branch_dag.py
[2025-07-04T12:38:25.975+0530] {processor.py:830} INFO - Processing file /home/tejhanagarajan/Projects/small-projects/NewsImpact/venv/lib64/python3.10/site-packages/airflow/example_dags/example_nested_branch_dag.py for tasks to queue
[2025-07-04T12:38:25.976+0530] {logging_mixin.py:188} INFO - [2025-07-04T12:38:25.976+0530] {dagbag.py:538} INFO - Filling up the DagBag from /home/tejhanagarajan/Projects/small-projects/NewsImpact/venv/lib64/python3.10/site-packages/airflow/example_dags/example_nested_branch_dag.py
[2025-07-04T12:38:25.982+0530] {processor.py:840} INFO - DAG(s) 'example_nested_branch_dag' retrieved from /home/tejhanagarajan/Projects/small-projects/NewsImpact/venv/lib64/python3.10/site-packages/airflow/example_dags/example_nested_branch_dag.py
[2025-07-04T12:38:25.990+0530] {logging_mixin.py:188} INFO - [2025-07-04T12:38:25.990+0530] {dag.py:3036} INFO - Sync 1 DAGs
[2025-07-04T12:38:25.999+0530] {logging_mixin.py:188} INFO - [2025-07-04T12:38:25.999+0530] {dag.py:3823} INFO - Setting next_dagrun for example_nested_branch_dag to 2025-07-03 00:00:00+00:00, run_after=2025-07-04 00:00:00+00:00
[2025-07-04T12:38:26.016+0530] {processor.py:183} INFO - Processing /home/tejhanagarajan/Projects/small-projects/NewsImpact/venv/lib64/python3.10/site-packages/airflow/example_dags/example_nested_branch_dag.py took 0.044 seconds
[2025-07-04T12:39:10.983+0530] {processor.py:161} INFO - Started process (PID=35320) to work on /home/tejhanagarajan/Projects/small-projects/NewsImpact/venv/lib64/python3.10/site-packages/airflow/example_dags/example_nested_branch_dag.py
[2025-07-04T12:39:10.985+0530] {processor.py:830} INFO - Processing file /home/tejhanagarajan/Projects/small-projects/NewsImpact/venv/lib64/python3.10/site-packages/airflow/example_dags/example_nested_branch_dag.py for tasks to queue
[2025-07-04T12:39:10.986+0530] {logging_mixin.py:188} INFO - [2025-07-04T12:39:10.986+0530] {dagbag.py:538} INFO - Filling up the DagBag from /home/tejhanagarajan/Projects/small-projects/NewsImpact/venv/lib64/python3.10/site-packages/airflow/example_dags/example_nested_branch_dag.py
[2025-07-04T12:39:10.993+0530] {processor.py:840} INFO - DAG(s) 'example_nested_branch_dag' retrieved from /home/tejhanagarajan/Projects/small-projects/NewsImpact/venv/lib64/python3.10/site-packages/airflow/example_dags/example_nested_branch_dag.py
[2025-07-04T12:39:11.000+0530] {logging_mixin.py:188} INFO - [2025-07-04T12:39:10.999+0530] {dag.py:3036} INFO - Sync 1 DAGs
[2025-07-04T12:39:11.008+0530] {logging_mixin.py:188} INFO - [2025-07-04T12:39:11.007+0530] {dag.py:3823} INFO - Setting next_dagrun for example_nested_branch_dag to 2025-07-03 00:00:00+00:00, run_after=2025-07-04 00:00:00+00:00
[2025-07-04T12:39:11.023+0530] {processor.py:183} INFO - Processing /home/tejhanagarajan/Projects/small-projects/NewsImpact/venv/lib64/python3.10/site-packages/airflow/example_dags/example_nested_branch_dag.py took 0.042 seconds
[2025-07-04T12:39:17.264+0530] {processor.py:161} INFO - Started process (PID=35372) to work on /home/tejhanagarajan/Projects/small-projects/NewsImpact/venv/lib64/python3.10/site-packages/airflow/example_dags/example_nested_branch_dag.py
[2025-07-04T12:39:17.266+0530] {processor.py:830} INFO - Processing file /home/tejhanagarajan/Projects/small-projects/NewsImpact/venv/lib64/python3.10/site-packages/airflow/example_dags/example_nested_branch_dag.py for tasks to queue
[2025-07-04T12:39:17.268+0530] {logging_mixin.py:188} INFO - [2025-07-04T12:39:17.267+0530] {dagbag.py:538} INFO - Filling up the DagBag from /home/tejhanagarajan/Projects/small-projects/NewsImpact/venv/lib64/python3.10/site-packages/airflow/example_dags/example_nested_branch_dag.py
[2025-07-04T12:39:17.278+0530] {processor.py:840} INFO - DAG(s) 'example_nested_branch_dag' retrieved from /home/tejhanagarajan/Projects/small-projects/NewsImpact/venv/lib64/python3.10/site-packages/airflow/example_dags/example_nested_branch_dag.py
[2025-07-04T12:39:17.287+0530] {logging_mixin.py:188} INFO - [2025-07-04T12:39:17.287+0530] {dag.py:3036} INFO - Sync 1 DAGs
[2025-07-04T12:39:17.296+0530] {logging_mixin.py:188} INFO - [2025-07-04T12:39:17.296+0530] {dag.py:3823} INFO - Setting next_dagrun for example_nested_branch_dag to 2025-07-03 00:00:00+00:00, run_after=2025-07-04 00:00:00+00:00
[2025-07-04T12:39:17.312+0530] {processor.py:183} INFO - Processing /home/tejhanagarajan/Projects/small-projects/NewsImpact/venv/lib64/python3.10/site-packages/airflow/example_dags/example_nested_branch_dag.py took 0.051 seconds
[2025-07-04T12:42:25.651+0530] {processor.py:161} INFO - Started process (PID=37958) to work on /home/tejhanagarajan/Projects/small-projects/NewsImpact/venv/lib64/python3.10/site-packages/airflow/example_dags/example_nested_branch_dag.py
[2025-07-04T12:42:25.652+0530] {processor.py:830} INFO - Processing file /home/tejhanagarajan/Projects/small-projects/NewsImpact/venv/lib64/python3.10/site-packages/airflow/example_dags/example_nested_branch_dag.py for tasks to queue
[2025-07-04T12:42:25.652+0530] {logging_mixin.py:188} INFO - [2025-07-04T12:42:25.652+0530] {dagbag.py:538} INFO - Filling up the DagBag from /home/tejhanagarajan/Projects/small-projects/NewsImpact/venv/lib64/python3.10/site-packages/airflow/example_dags/example_nested_branch_dag.py
[2025-07-04T12:42:25.659+0530] {processor.py:840} INFO - DAG(s) 'example_nested_branch_dag' retrieved from /home/tejhanagarajan/Projects/small-projects/NewsImpact/venv/lib64/python3.10/site-packages/airflow/example_dags/example_nested_branch_dag.py
[2025-07-04T12:42:25.668+0530] {logging_mixin.py:188} INFO - [2025-07-04T12:42:25.668+0530] {dag.py:3036} INFO - Sync 1 DAGs
[2025-07-04T12:42:25.677+0530] {logging_mixin.py:188} INFO - [2025-07-04T12:42:25.677+0530] {dag.py:3823} INFO - Setting next_dagrun for example_nested_branch_dag to 2025-07-03 00:00:00+00:00, run_after=2025-07-04 00:00:00+00:00
[2025-07-04T12:42:25.694+0530] {processor.py:183} INFO - Processing /home/tejhanagarajan/Projects/small-projects/NewsImpact/venv/lib64/python3.10/site-packages/airflow/example_dags/example_nested_branch_dag.py took 0.045 seconds
[2025-07-04T12:43:12.063+0530] {processor.py:161} INFO - Started process (PID=38305) to work on /home/tejhanagarajan/Projects/small-projects/NewsImpact/venv/lib64/python3.10/site-packages/airflow/example_dags/example_nested_branch_dag.py
[2025-07-04T12:43:12.066+0530] {processor.py:830} INFO - Processing file /home/tejhanagarajan/Projects/small-projects/NewsImpact/venv/lib64/python3.10/site-packages/airflow/example_dags/example_nested_branch_dag.py for tasks to queue
[2025-07-04T12:43:12.066+0530] {logging_mixin.py:188} INFO - [2025-07-04T12:43:12.066+0530] {dagbag.py:538} INFO - Filling up the DagBag from /home/tejhanagarajan/Projects/small-projects/NewsImpact/venv/lib64/python3.10/site-packages/airflow/example_dags/example_nested_branch_dag.py
[2025-07-04T12:43:12.072+0530] {processor.py:840} INFO - DAG(s) 'example_nested_branch_dag' retrieved from /home/tejhanagarajan/Projects/small-projects/NewsImpact/venv/lib64/python3.10/site-packages/airflow/example_dags/example_nested_branch_dag.py
[2025-07-04T12:43:12.080+0530] {logging_mixin.py:188} INFO - [2025-07-04T12:43:12.080+0530] {dag.py:3036} INFO - Sync 1 DAGs
[2025-07-04T12:43:12.090+0530] {logging_mixin.py:188} INFO - [2025-07-04T12:43:12.090+0530] {dag.py:3823} INFO - Setting next_dagrun for example_nested_branch_dag to 2025-07-03 00:00:00+00:00, run_after=2025-07-04 00:00:00+00:00
[2025-07-04T12:43:12.107+0530] {processor.py:183} INFO - Processing /home/tejhanagarajan/Projects/small-projects/NewsImpact/venv/lib64/python3.10/site-packages/airflow/example_dags/example_nested_branch_dag.py took 0.045 seconds
[2025-07-04T12:44:03.156+0530] {processor.py:161} INFO - Started process (PID=38735) to work on /home/tejhanagarajan/Projects/small-projects/NewsImpact/venv/lib64/python3.10/site-packages/airflow/example_dags/example_nested_branch_dag.py
[2025-07-04T12:44:03.157+0530] {processor.py:830} INFO - Processing file /home/tejhanagarajan/Projects/small-projects/NewsImpact/venv/lib64/python3.10/site-packages/airflow/example_dags/example_nested_branch_dag.py for tasks to queue
[2025-07-04T12:44:03.158+0530] {logging_mixin.py:188} INFO - [2025-07-04T12:44:03.158+0530] {dagbag.py:538} INFO - Filling up the DagBag from /home/tejhanagarajan/Projects/small-projects/NewsImpact/venv/lib64/python3.10/site-packages/airflow/example_dags/example_nested_branch_dag.py
[2025-07-04T12:44:03.163+0530] {processor.py:840} INFO - DAG(s) 'example_nested_branch_dag' retrieved from /home/tejhanagarajan/Projects/small-projects/NewsImpact/venv/lib64/python3.10/site-packages/airflow/example_dags/example_nested_branch_dag.py
[2025-07-04T12:44:03.170+0530] {logging_mixin.py:188} INFO - [2025-07-04T12:44:03.170+0530] {dag.py:3036} INFO - Sync 1 DAGs
[2025-07-04T12:44:03.178+0530] {logging_mixin.py:188} INFO - [2025-07-04T12:44:03.178+0530] {dag.py:3823} INFO - Setting next_dagrun for example_nested_branch_dag to 2025-07-03 00:00:00+00:00, run_after=2025-07-04 00:00:00+00:00
[2025-07-04T12:44:03.194+0530] {processor.py:183} INFO - Processing /home/tejhanagarajan/Projects/small-projects/NewsImpact/venv/lib64/python3.10/site-packages/airflow/example_dags/example_nested_branch_dag.py took 0.041 seconds
[2025-07-04T12:44:56.886+0530] {processor.py:161} INFO - Started process (PID=39107) to work on /home/tejhanagarajan/Projects/small-projects/NewsImpact/venv/lib64/python3.10/site-packages/airflow/example_dags/example_nested_branch_dag.py
[2025-07-04T12:44:56.888+0530] {processor.py:830} INFO - Processing file /home/tejhanagarajan/Projects/small-projects/NewsImpact/venv/lib64/python3.10/site-packages/airflow/example_dags/example_nested_branch_dag.py for tasks to queue
[2025-07-04T12:44:56.888+0530] {logging_mixin.py:188} INFO - [2025-07-04T12:44:56.888+0530] {dagbag.py:538} INFO - Filling up the DagBag from /home/tejhanagarajan/Projects/small-projects/NewsImpact/venv/lib64/python3.10/site-packages/airflow/example_dags/example_nested_branch_dag.py
[2025-07-04T12:44:56.894+0530] {processor.py:840} INFO - DAG(s) 'example_nested_branch_dag' retrieved from /home/tejhanagarajan/Projects/small-projects/NewsImpact/venv/lib64/python3.10/site-packages/airflow/example_dags/example_nested_branch_dag.py
[2025-07-04T12:44:56.902+0530] {logging_mixin.py:188} INFO - [2025-07-04T12:44:56.901+0530] {dag.py:3036} INFO - Sync 1 DAGs
[2025-07-04T12:44:56.910+0530] {logging_mixin.py:188} INFO - [2025-07-04T12:44:56.910+0530] {dag.py:3823} INFO - Setting next_dagrun for example_nested_branch_dag to 2025-07-03 00:00:00+00:00, run_after=2025-07-04 00:00:00+00:00
[2025-07-04T12:44:56.926+0530] {processor.py:183} INFO - Processing /home/tejhanagarajan/Projects/small-projects/NewsImpact/venv/lib64/python3.10/site-packages/airflow/example_dags/example_nested_branch_dag.py took 0.042 seconds
[2025-07-04T12:45:49.609+0530] {processor.py:161} INFO - Started process (PID=39513) to work on /home/tejhanagarajan/Projects/small-projects/NewsImpact/venv/lib64/python3.10/site-packages/airflow/example_dags/example_nested_branch_dag.py
[2025-07-04T12:45:49.612+0530] {processor.py:830} INFO - Processing file /home/tejhanagarajan/Projects/small-projects/NewsImpact/venv/lib64/python3.10/site-packages/airflow/example_dags/example_nested_branch_dag.py for tasks to queue
[2025-07-04T12:45:49.614+0530] {logging_mixin.py:188} INFO - [2025-07-04T12:45:49.613+0530] {dagbag.py:538} INFO - Filling up the DagBag from /home/tejhanagarajan/Projects/small-projects/NewsImpact/venv/lib64/python3.10/site-packages/airflow/example_dags/example_nested_branch_dag.py
[2025-07-04T12:45:49.623+0530] {processor.py:840} INFO - DAG(s) 'example_nested_branch_dag' retrieved from /home/tejhanagarajan/Projects/small-projects/NewsImpact/venv/lib64/python3.10/site-packages/airflow/example_dags/example_nested_branch_dag.py
[2025-07-04T12:45:49.631+0530] {logging_mixin.py:188} INFO - [2025-07-04T12:45:49.631+0530] {dag.py:3036} INFO - Sync 1 DAGs
[2025-07-04T12:45:49.639+0530] {logging_mixin.py:188} INFO - [2025-07-04T12:45:49.639+0530] {dag.py:3823} INFO - Setting next_dagrun for example_nested_branch_dag to 2025-07-03 00:00:00+00:00, run_after=2025-07-04 00:00:00+00:00
[2025-07-04T12:45:49.655+0530] {processor.py:183} INFO - Processing /home/tejhanagarajan/Projects/small-projects/NewsImpact/venv/lib64/python3.10/site-packages/airflow/example_dags/example_nested_branch_dag.py took 0.048 seconds
[2025-07-04T12:46:42.556+0530] {processor.py:161} INFO - Started process (PID=39883) to work on /home/tejhanagarajan/Projects/small-projects/NewsImpact/venv/lib64/python3.10/site-packages/airflow/example_dags/example_nested_branch_dag.py
[2025-07-04T12:46:42.557+0530] {processor.py:830} INFO - Processing file /home/tejhanagarajan/Projects/small-projects/NewsImpact/venv/lib64/python3.10/site-packages/airflow/example_dags/example_nested_branch_dag.py for tasks to queue
[2025-07-04T12:46:42.558+0530] {logging_mixin.py:188} INFO - [2025-07-04T12:46:42.558+0530] {dagbag.py:538} INFO - Filling up the DagBag from /home/tejhanagarajan/Projects/small-projects/NewsImpact/venv/lib64/python3.10/site-packages/airflow/example_dags/example_nested_branch_dag.py
[2025-07-04T12:46:42.567+0530] {processor.py:840} INFO - DAG(s) 'example_nested_branch_dag' retrieved from /home/tejhanagarajan/Projects/small-projects/NewsImpact/venv/lib64/python3.10/site-packages/airflow/example_dags/example_nested_branch_dag.py
[2025-07-04T12:46:42.574+0530] {logging_mixin.py:188} INFO - [2025-07-04T12:46:42.574+0530] {dag.py:3036} INFO - Sync 1 DAGs
[2025-07-04T12:46:42.583+0530] {logging_mixin.py:188} INFO - [2025-07-04T12:46:42.583+0530] {dag.py:3823} INFO - Setting next_dagrun for example_nested_branch_dag to 2025-07-03 00:00:00+00:00, run_after=2025-07-04 00:00:00+00:00
[2025-07-04T12:46:42.599+0530] {processor.py:183} INFO - Processing /home/tejhanagarajan/Projects/small-projects/NewsImpact/venv/lib64/python3.10/site-packages/airflow/example_dags/example_nested_branch_dag.py took 0.046 seconds
[2025-07-04T12:47:34.313+0530] {processor.py:161} INFO - Started process (PID=40266) to work on /home/tejhanagarajan/Projects/small-projects/NewsImpact/venv/lib64/python3.10/site-packages/airflow/example_dags/example_nested_branch_dag.py
[2025-07-04T12:47:34.316+0530] {processor.py:830} INFO - Processing file /home/tejhanagarajan/Projects/small-projects/NewsImpact/venv/lib64/python3.10/site-packages/airflow/example_dags/example_nested_branch_dag.py for tasks to queue
[2025-07-04T12:47:34.317+0530] {logging_mixin.py:188} INFO - [2025-07-04T12:47:34.316+0530] {dagbag.py:538} INFO - Filling up the DagBag from /home/tejhanagarajan/Projects/small-projects/NewsImpact/venv/lib64/python3.10/site-packages/airflow/example_dags/example_nested_branch_dag.py
[2025-07-04T12:47:34.322+0530] {processor.py:840} INFO - DAG(s) 'example_nested_branch_dag' retrieved from /home/tejhanagarajan/Projects/small-projects/NewsImpact/venv/lib64/python3.10/site-packages/airflow/example_dags/example_nested_branch_dag.py
[2025-07-04T12:47:34.329+0530] {logging_mixin.py:188} INFO - [2025-07-04T12:47:34.329+0530] {dag.py:3036} INFO - Sync 1 DAGs
[2025-07-04T12:47:34.338+0530] {logging_mixin.py:188} INFO - [2025-07-04T12:47:34.338+0530] {dag.py:3823} INFO - Setting next_dagrun for example_nested_branch_dag to 2025-07-03 00:00:00+00:00, run_after=2025-07-04 00:00:00+00:00
[2025-07-04T12:47:34.354+0530] {processor.py:183} INFO - Processing /home/tejhanagarajan/Projects/small-projects/NewsImpact/venv/lib64/python3.10/site-packages/airflow/example_dags/example_nested_branch_dag.py took 0.042 seconds
[2025-07-04T12:48:21.043+0530] {processor.py:161} INFO - Started process (PID=40646) to work on /home/tejhanagarajan/Projects/small-projects/NewsImpact/venv/lib64/python3.10/site-packages/airflow/example_dags/example_nested_branch_dag.py
[2025-07-04T12:48:21.046+0530] {processor.py:830} INFO - Processing file /home/tejhanagarajan/Projects/small-projects/NewsImpact/venv/lib64/python3.10/site-packages/airflow/example_dags/example_nested_branch_dag.py for tasks to queue
[2025-07-04T12:48:21.046+0530] {logging_mixin.py:188} INFO - [2025-07-04T12:48:21.046+0530] {dagbag.py:538} INFO - Filling up the DagBag from /home/tejhanagarajan/Projects/small-projects/NewsImpact/venv/lib64/python3.10/site-packages/airflow/example_dags/example_nested_branch_dag.py
[2025-07-04T12:48:21.050+0530] {processor.py:840} INFO - DAG(s) 'example_nested_branch_dag' retrieved from /home/tejhanagarajan/Projects/small-projects/NewsImpact/venv/lib64/python3.10/site-packages/airflow/example_dags/example_nested_branch_dag.py
[2025-07-04T12:48:21.057+0530] {logging_mixin.py:188} INFO - [2025-07-04T12:48:21.057+0530] {dag.py:3036} INFO - Sync 1 DAGs
[2025-07-04T12:48:21.066+0530] {logging_mixin.py:188} INFO - [2025-07-04T12:48:21.065+0530] {dag.py:3823} INFO - Setting next_dagrun for example_nested_branch_dag to 2025-07-03 00:00:00+00:00, run_after=2025-07-04 00:00:00+00:00
[2025-07-04T12:48:21.081+0530] {processor.py:183} INFO - Processing /home/tejhanagarajan/Projects/small-projects/NewsImpact/venv/lib64/python3.10/site-packages/airflow/example_dags/example_nested_branch_dag.py took 0.039 seconds
