[2025-07-04T12:27:10.597+0530] {processor.py:161} INFO - Started process (PID=25400) to work on /home/tejhanagarajan/Projects/small-projects/NewsImpact/venv/lib64/python3.10/site-packages/airflow/example_dags/example_branch_operator.py
[2025-07-04T12:27:10.598+0530] {processor.py:830} INFO - Processing file /home/tejhanagarajan/Projects/small-projects/NewsImpact/venv/lib64/python3.10/site-packages/airflow/example_dags/example_branch_operator.py for tasks to queue
[2025-07-04T12:27:10.598+0530] {logging_mixin.py:188} INFO - [2025-07-04T12:27:10.598+0530] {dagbag.py:538} INFO - Filling up the DagBag from /home/tejhanagarajan/Projects/small-projects/NewsImpact/venv/lib64/python3.10/site-packages/airflow/example_dags/example_branch_operator.py
[2025-07-04T12:27:10.608+0530] {processor.py:840} INFO - DAG(s) 'example_branch_operator' retrieved from /home/tejhanagarajan/Projects/small-projects/NewsImpact/venv/lib64/python3.10/site-packages/airflow/example_dags/example_branch_operator.py
[2025-07-04T12:27:10.669+0530] {logging_mixin.py:188} INFO - [2025-07-04T12:27:10.668+0530] {override.py:1769} INFO - Created Permission View: can read on DAG:example_branch_operator
[2025-07-04T12:27:10.681+0530] {logging_mixin.py:188} INFO - [2025-07-04T12:27:10.681+0530] {override.py:1769} INFO - Created Permission View: can edit on DAG:example_branch_operator
[2025-07-04T12:27:10.693+0530] {logging_mixin.py:188} INFO - [2025-07-04T12:27:10.692+0530] {override.py:1769} INFO - Created Permission View: can delete on DAG:example_branch_operator
[2025-07-04T12:27:10.693+0530] {logging_mixin.py:188} INFO - [2025-07-04T12:27:10.693+0530] {dag.py:3036} INFO - Sync 1 DAGs
[2025-07-04T12:27:10.697+0530] {logging_mixin.py:188} INFO - [2025-07-04T12:27:10.697+0530] {dag.py:3058} INFO - Creating ORM DAG for example_branch_operator
[2025-07-04T12:27:10.702+0530] {logging_mixin.py:188} INFO - [2025-07-04T12:27:10.702+0530] {dag.py:3823} INFO - Setting next_dagrun for example_branch_operator to 2025-07-03 00:00:00+00:00, run_after=2025-07-04 00:00:00+00:00
[2025-07-04T12:27:10.718+0530] {processor.py:183} INFO - Processing /home/tejhanagarajan/Projects/small-projects/NewsImpact/venv/lib64/python3.10/site-packages/airflow/example_dags/example_branch_operator.py took 0.123 seconds
[2025-07-04T12:28:08.838+0530] {processor.py:161} INFO - Started process (PID=25851) to work on /home/tejhanagarajan/Projects/small-projects/NewsImpact/venv/lib64/python3.10/site-packages/airflow/example_dags/example_branch_operator.py
[2025-07-04T12:28:08.838+0530] {processor.py:830} INFO - Processing file /home/tejhanagarajan/Projects/small-projects/NewsImpact/venv/lib64/python3.10/site-packages/airflow/example_dags/example_branch_operator.py for tasks to queue
[2025-07-04T12:28:08.839+0530] {logging_mixin.py:188} INFO - [2025-07-04T12:28:08.839+0530] {dagbag.py:538} INFO - Filling up the DagBag from /home/tejhanagarajan/Projects/small-projects/NewsImpact/venv/lib64/python3.10/site-packages/airflow/example_dags/example_branch_operator.py
[2025-07-04T12:28:08.849+0530] {processor.py:840} INFO - DAG(s) 'example_branch_operator' retrieved from /home/tejhanagarajan/Projects/small-projects/NewsImpact/venv/lib64/python3.10/site-packages/airflow/example_dags/example_branch_operator.py
[2025-07-04T12:28:08.858+0530] {logging_mixin.py:188} INFO - [2025-07-04T12:28:08.858+0530] {dag.py:3036} INFO - Sync 1 DAGs
[2025-07-04T12:28:08.866+0530] {logging_mixin.py:188} INFO - [2025-07-04T12:28:08.866+0530] {dag.py:3823} INFO - Setting next_dagrun for example_branch_operator to 2025-07-03 00:00:00+00:00, run_after=2025-07-04 00:00:00+00:00
[2025-07-04T12:28:08.885+0530] {processor.py:183} INFO - Processing /home/tejhanagarajan/Projects/small-projects/NewsImpact/venv/lib64/python3.10/site-packages/airflow/example_dags/example_branch_operator.py took 0.050 seconds
[2025-07-04T12:29:07.058+0530] {processor.py:161} INFO - Started process (PID=26354) to work on /home/tejhanagarajan/Projects/small-projects/NewsImpact/venv/lib64/python3.10/site-packages/airflow/example_dags/example_branch_operator.py
[2025-07-04T12:29:07.059+0530] {processor.py:830} INFO - Processing file /home/tejhanagarajan/Projects/small-projects/NewsImpact/venv/lib64/python3.10/site-packages/airflow/example_dags/example_branch_operator.py for tasks to queue
[2025-07-04T12:29:07.059+0530] {logging_mixin.py:188} INFO - [2025-07-04T12:29:07.059+0530] {dagbag.py:538} INFO - Filling up the DagBag from /home/tejhanagarajan/Projects/small-projects/NewsImpact/venv/lib64/python3.10/site-packages/airflow/example_dags/example_branch_operator.py
[2025-07-04T12:29:07.070+0530] {processor.py:840} INFO - DAG(s) 'example_branch_operator' retrieved from /home/tejhanagarajan/Projects/small-projects/NewsImpact/venv/lib64/python3.10/site-packages/airflow/example_dags/example_branch_operator.py
[2025-07-04T12:29:07.080+0530] {logging_mixin.py:188} INFO - [2025-07-04T12:29:07.080+0530] {dag.py:3036} INFO - Sync 1 DAGs
[2025-07-04T12:29:07.089+0530] {logging_mixin.py:188} INFO - [2025-07-04T12:29:07.089+0530] {dag.py:3823} INFO - Setting next_dagrun for example_branch_operator to 2025-07-03 00:00:00+00:00, run_after=2025-07-04 00:00:00+00:00
[2025-07-04T12:29:07.108+0530] {processor.py:183} INFO - Processing /home/tejhanagarajan/Projects/small-projects/NewsImpact/venv/lib64/python3.10/site-packages/airflow/example_dags/example_branch_operator.py took 0.053 seconds
[2025-07-04T12:30:00.198+0530] {processor.py:161} INFO - Started process (PID=26799) to work on /home/tejhanagarajan/Projects/small-projects/NewsImpact/venv/lib64/python3.10/site-packages/airflow/example_dags/example_branch_operator.py
[2025-07-04T12:30:00.201+0530] {processor.py:830} INFO - Processing file /home/tejhanagarajan/Projects/small-projects/NewsImpact/venv/lib64/python3.10/site-packages/airflow/example_dags/example_branch_operator.py for tasks to queue
[2025-07-04T12:30:00.201+0530] {logging_mixin.py:188} INFO - [2025-07-04T12:30:00.201+0530] {dagbag.py:538} INFO - Filling up the DagBag from /home/tejhanagarajan/Projects/small-projects/NewsImpact/venv/lib64/python3.10/site-packages/airflow/example_dags/example_branch_operator.py
[2025-07-04T12:30:00.210+0530] {processor.py:840} INFO - DAG(s) 'example_branch_operator' retrieved from /home/tejhanagarajan/Projects/small-projects/NewsImpact/venv/lib64/python3.10/site-packages/airflow/example_dags/example_branch_operator.py
[2025-07-04T12:30:00.221+0530] {logging_mixin.py:188} INFO - [2025-07-04T12:30:00.220+0530] {dag.py:3036} INFO - Sync 1 DAGs
[2025-07-04T12:30:00.230+0530] {logging_mixin.py:188} INFO - [2025-07-04T12:30:00.230+0530] {dag.py:3823} INFO - Setting next_dagrun for example_branch_operator to 2025-07-03 00:00:00+00:00, run_after=2025-07-04 00:00:00+00:00
[2025-07-04T12:30:00.247+0530] {processor.py:183} INFO - Processing /home/tejhanagarajan/Projects/small-projects/NewsImpact/venv/lib64/python3.10/site-packages/airflow/example_dags/example_branch_operator.py took 0.050 seconds
[2025-07-04T12:30:53.423+0530] {processor.py:161} INFO - Started process (PID=27157) to work on /home/tejhanagarajan/Projects/small-projects/NewsImpact/venv/lib64/python3.10/site-packages/airflow/example_dags/example_branch_operator.py
[2025-07-04T12:30:53.425+0530] {processor.py:830} INFO - Processing file /home/tejhanagarajan/Projects/small-projects/NewsImpact/venv/lib64/python3.10/site-packages/airflow/example_dags/example_branch_operator.py for tasks to queue
[2025-07-04T12:30:53.426+0530] {logging_mixin.py:188} INFO - [2025-07-04T12:30:53.426+0530] {dagbag.py:538} INFO - Filling up the DagBag from /home/tejhanagarajan/Projects/small-projects/NewsImpact/venv/lib64/python3.10/site-packages/airflow/example_dags/example_branch_operator.py
[2025-07-04T12:30:53.435+0530] {processor.py:840} INFO - DAG(s) 'example_branch_operator' retrieved from /home/tejhanagarajan/Projects/small-projects/NewsImpact/venv/lib64/python3.10/site-packages/airflow/example_dags/example_branch_operator.py
[2025-07-04T12:30:53.445+0530] {logging_mixin.py:188} INFO - [2025-07-04T12:30:53.445+0530] {dag.py:3036} INFO - Sync 1 DAGs
[2025-07-04T12:30:53.453+0530] {logging_mixin.py:188} INFO - [2025-07-04T12:30:53.453+0530] {dag.py:3823} INFO - Setting next_dagrun for example_branch_operator to 2025-07-03 00:00:00+00:00, run_after=2025-07-04 00:00:00+00:00
[2025-07-04T12:30:53.468+0530] {processor.py:183} INFO - Processing /home/tejhanagarajan/Projects/small-projects/NewsImpact/venv/lib64/python3.10/site-packages/airflow/example_dags/example_branch_operator.py took 0.047 seconds
[2025-07-04T12:33:34.234+0530] {processor.py:161} INFO - Started process (PID=30263) to work on /home/tejhanagarajan/Projects/small-projects/NewsImpact/venv/lib64/python3.10/site-packages/airflow/example_dags/example_branch_operator.py
[2025-07-04T12:33:34.236+0530] {processor.py:830} INFO - Processing file /home/tejhanagarajan/Projects/small-projects/NewsImpact/venv/lib64/python3.10/site-packages/airflow/example_dags/example_branch_operator.py for tasks to queue
[2025-07-04T12:33:34.237+0530] {logging_mixin.py:188} INFO - [2025-07-04T12:33:34.237+0530] {dagbag.py:538} INFO - Filling up the DagBag from /home/tejhanagarajan/Projects/small-projects/NewsImpact/venv/lib64/python3.10/site-packages/airflow/example_dags/example_branch_operator.py
[2025-07-04T12:33:34.245+0530] {processor.py:840} INFO - DAG(s) 'example_branch_operator' retrieved from /home/tejhanagarajan/Projects/small-projects/NewsImpact/venv/lib64/python3.10/site-packages/airflow/example_dags/example_branch_operator.py
[2025-07-04T12:33:34.289+0530] {logging_mixin.py:188} INFO - [2025-07-04T12:33:34.289+0530] {dag.py:3036} INFO - Sync 1 DAGs
[2025-07-04T12:33:34.297+0530] {logging_mixin.py:188} INFO - [2025-07-04T12:33:34.297+0530] {dag.py:3823} INFO - Setting next_dagrun for example_branch_operator to 2025-07-03 00:00:00+00:00, run_after=2025-07-04 00:00:00+00:00
[2025-07-04T12:33:34.314+0530] {processor.py:183} INFO - Processing /home/tejhanagarajan/Projects/small-projects/NewsImpact/venv/lib64/python3.10/site-packages/airflow/example_dags/example_branch_operator.py took 0.081 seconds
[2025-07-04T12:34:24.607+0530] {processor.py:161} INFO - Started process (PID=30904) to work on /home/tejhanagarajan/Projects/small-projects/NewsImpact/venv/lib64/python3.10/site-packages/airflow/example_dags/example_branch_operator.py
[2025-07-04T12:34:24.608+0530] {processor.py:830} INFO - Processing file /home/tejhanagarajan/Projects/small-projects/NewsImpact/venv/lib64/python3.10/site-packages/airflow/example_dags/example_branch_operator.py for tasks to queue
[2025-07-04T12:34:24.609+0530] {logging_mixin.py:188} INFO - [2025-07-04T12:34:24.609+0530] {dagbag.py:538} INFO - Filling up the DagBag from /home/tejhanagarajan/Projects/small-projects/NewsImpact/venv/lib64/python3.10/site-packages/airflow/example_dags/example_branch_operator.py
[2025-07-04T12:34:24.622+0530] {processor.py:840} INFO - DAG(s) 'example_branch_operator' retrieved from /home/tejhanagarajan/Projects/small-projects/NewsImpact/venv/lib64/python3.10/site-packages/airflow/example_dags/example_branch_operator.py
[2025-07-04T12:34:24.632+0530] {logging_mixin.py:188} INFO - [2025-07-04T12:34:24.631+0530] {dag.py:3036} INFO - Sync 1 DAGs
[2025-07-04T12:34:24.640+0530] {logging_mixin.py:188} INFO - [2025-07-04T12:34:24.640+0530] {dag.py:3823} INFO - Setting next_dagrun for example_branch_operator to 2025-07-03 00:00:00+00:00, run_after=2025-07-04 00:00:00+00:00
[2025-07-04T12:34:24.655+0530] {processor.py:183} INFO - Processing /home/tejhanagarajan/Projects/small-projects/NewsImpact/venv/lib64/python3.10/site-packages/airflow/example_dags/example_branch_operator.py took 0.050 seconds
[2025-07-04T12:35:19.557+0530] {processor.py:161} INFO - Started process (PID=31270) to work on /home/tejhanagarajan/Projects/small-projects/NewsImpact/venv/lib64/python3.10/site-packages/airflow/example_dags/example_branch_operator.py
[2025-07-04T12:35:19.559+0530] {processor.py:830} INFO - Processing file /home/tejhanagarajan/Projects/small-projects/NewsImpact/venv/lib64/python3.10/site-packages/airflow/example_dags/example_branch_operator.py for tasks to queue
[2025-07-04T12:35:19.560+0530] {logging_mixin.py:188} INFO - [2025-07-04T12:35:19.560+0530] {dagbag.py:538} INFO - Filling up the DagBag from /home/tejhanagarajan/Projects/small-projects/NewsImpact/venv/lib64/python3.10/site-packages/airflow/example_dags/example_branch_operator.py
[2025-07-04T12:35:19.570+0530] {processor.py:840} INFO - DAG(s) 'example_branch_operator' retrieved from /home/tejhanagarajan/Projects/small-projects/NewsImpact/venv/lib64/python3.10/site-packages/airflow/example_dags/example_branch_operator.py
[2025-07-04T12:35:19.579+0530] {logging_mixin.py:188} INFO - [2025-07-04T12:35:19.579+0530] {dag.py:3036} INFO - Sync 1 DAGs
[2025-07-04T12:35:19.587+0530] {logging_mixin.py:188} INFO - [2025-07-04T12:35:19.587+0530] {dag.py:3823} INFO - Setting next_dagrun for example_branch_operator to 2025-07-03 00:00:00+00:00, run_after=2025-07-04 00:00:00+00:00
[2025-07-04T12:35:19.603+0530] {processor.py:183} INFO - Processing /home/tejhanagarajan/Projects/small-projects/NewsImpact/venv/lib64/python3.10/site-packages/airflow/example_dags/example_branch_operator.py took 0.049 seconds
[2025-07-04T12:36:13.833+0530] {processor.py:161} INFO - Started process (PID=31747) to work on /home/tejhanagarajan/Projects/small-projects/NewsImpact/venv/lib64/python3.10/site-packages/airflow/example_dags/example_branch_operator.py
[2025-07-04T12:36:13.835+0530] {processor.py:830} INFO - Processing file /home/tejhanagarajan/Projects/small-projects/NewsImpact/venv/lib64/python3.10/site-packages/airflow/example_dags/example_branch_operator.py for tasks to queue
[2025-07-04T12:36:13.836+0530] {logging_mixin.py:188} INFO - [2025-07-04T12:36:13.836+0530] {dagbag.py:538} INFO - Filling up the DagBag from /home/tejhanagarajan/Projects/small-projects/NewsImpact/venv/lib64/python3.10/site-packages/airflow/example_dags/example_branch_operator.py
[2025-07-04T12:36:13.844+0530] {processor.py:840} INFO - DAG(s) 'example_branch_operator' retrieved from /home/tejhanagarajan/Projects/small-projects/NewsImpact/venv/lib64/python3.10/site-packages/airflow/example_dags/example_branch_operator.py
[2025-07-04T12:36:13.855+0530] {logging_mixin.py:188} INFO - [2025-07-04T12:36:13.854+0530] {dag.py:3036} INFO - Sync 1 DAGs
[2025-07-04T12:36:13.864+0530] {logging_mixin.py:188} INFO - [2025-07-04T12:36:13.864+0530] {dag.py:3823} INFO - Setting next_dagrun for example_branch_operator to 2025-07-03 00:00:00+00:00, run_after=2025-07-04 00:00:00+00:00
[2025-07-04T12:36:13.879+0530] {processor.py:183} INFO - Processing /home/tejhanagarajan/Projects/small-projects/NewsImpact/venv/lib64/python3.10/site-packages/airflow/example_dags/example_branch_operator.py took 0.048 seconds
[2025-07-04T12:37:06.616+0530] {processor.py:161} INFO - Started process (PID=32269) to work on /home/tejhanagarajan/Projects/small-projects/NewsImpact/venv/lib64/python3.10/site-packages/airflow/example_dags/example_branch_operator.py
[2025-07-04T12:37:06.618+0530] {processor.py:830} INFO - Processing file /home/tejhanagarajan/Projects/small-projects/NewsImpact/venv/lib64/python3.10/site-packages/airflow/example_dags/example_branch_operator.py for tasks to queue
[2025-07-04T12:37:06.618+0530] {logging_mixin.py:188} INFO - [2025-07-04T12:37:06.618+0530] {dagbag.py:538} INFO - Filling up the DagBag from /home/tejhanagarajan/Projects/small-projects/NewsImpact/venv/lib64/python3.10/site-packages/airflow/example_dags/example_branch_operator.py
[2025-07-04T12:37:06.627+0530] {processor.py:840} INFO - DAG(s) 'example_branch_operator' retrieved from /home/tejhanagarajan/Projects/small-projects/NewsImpact/venv/lib64/python3.10/site-packages/airflow/example_dags/example_branch_operator.py
[2025-07-04T12:37:06.638+0530] {logging_mixin.py:188} INFO - [2025-07-04T12:37:06.638+0530] {dag.py:3036} INFO - Sync 1 DAGs
[2025-07-04T12:37:06.647+0530] {logging_mixin.py:188} INFO - [2025-07-04T12:37:06.647+0530] {dag.py:3823} INFO - Setting next_dagrun for example_branch_operator to 2025-07-03 00:00:00+00:00, run_after=2025-07-04 00:00:00+00:00
[2025-07-04T12:37:06.663+0530] {processor.py:183} INFO - Processing /home/tejhanagarajan/Projects/small-projects/NewsImpact/venv/lib64/python3.10/site-packages/airflow/example_dags/example_branch_operator.py took 0.049 seconds
[2025-07-04T12:37:53.758+0530] {processor.py:161} INFO - Started process (PID=34197) to work on /home/tejhanagarajan/Projects/small-projects/NewsImpact/venv/lib64/python3.10/site-packages/airflow/example_dags/example_branch_operator.py
[2025-07-04T12:37:53.763+0530] {processor.py:830} INFO - Processing file /home/tejhanagarajan/Projects/small-projects/NewsImpact/venv/lib64/python3.10/site-packages/airflow/example_dags/example_branch_operator.py for tasks to queue
[2025-07-04T12:37:53.764+0530] {logging_mixin.py:188} INFO - [2025-07-04T12:37:53.763+0530] {dagbag.py:538} INFO - Filling up the DagBag from /home/tejhanagarajan/Projects/small-projects/NewsImpact/venv/lib64/python3.10/site-packages/airflow/example_dags/example_branch_operator.py
[2025-07-04T12:37:53.776+0530] {processor.py:840} INFO - DAG(s) 'example_branch_operator' retrieved from /home/tejhanagarajan/Projects/small-projects/NewsImpact/venv/lib64/python3.10/site-packages/airflow/example_dags/example_branch_operator.py
[2025-07-04T12:37:53.788+0530] {logging_mixin.py:188} INFO - [2025-07-04T12:37:53.788+0530] {dag.py:3036} INFO - Sync 1 DAGs
[2025-07-04T12:37:53.799+0530] {logging_mixin.py:188} INFO - [2025-07-04T12:37:53.799+0530] {dag.py:3823} INFO - Setting next_dagrun for example_branch_operator to 2025-07-03 00:00:00+00:00, run_after=2025-07-04 00:00:00+00:00
[2025-07-04T12:37:53.818+0530] {processor.py:183} INFO - Processing /home/tejhanagarajan/Projects/small-projects/NewsImpact/venv/lib64/python3.10/site-packages/airflow/example_dags/example_branch_operator.py took 0.062 seconds
[2025-07-04T12:38:36.401+0530] {processor.py:161} INFO - Started process (PID=34987) to work on /home/tejhanagarajan/Projects/small-projects/NewsImpact/venv/lib64/python3.10/site-packages/airflow/example_dags/example_branch_operator.py
[2025-07-04T12:38:36.403+0530] {processor.py:830} INFO - Processing file /home/tejhanagarajan/Projects/small-projects/NewsImpact/venv/lib64/python3.10/site-packages/airflow/example_dags/example_branch_operator.py for tasks to queue
[2025-07-04T12:38:36.404+0530] {logging_mixin.py:188} INFO - [2025-07-04T12:38:36.404+0530] {dagbag.py:538} INFO - Filling up the DagBag from /home/tejhanagarajan/Projects/small-projects/NewsImpact/venv/lib64/python3.10/site-packages/airflow/example_dags/example_branch_operator.py
[2025-07-04T12:38:36.413+0530] {processor.py:840} INFO - DAG(s) 'example_branch_operator' retrieved from /home/tejhanagarajan/Projects/small-projects/NewsImpact/venv/lib64/python3.10/site-packages/airflow/example_dags/example_branch_operator.py
[2025-07-04T12:38:36.459+0530] {logging_mixin.py:188} INFO - [2025-07-04T12:38:36.459+0530] {dag.py:3036} INFO - Sync 1 DAGs
[2025-07-04T12:38:36.468+0530] {logging_mixin.py:188} INFO - [2025-07-04T12:38:36.467+0530] {dag.py:3823} INFO - Setting next_dagrun for example_branch_operator to 2025-07-03 00:00:00+00:00, run_after=2025-07-04 00:00:00+00:00
[2025-07-04T12:38:36.488+0530] {processor.py:183} INFO - Processing /home/tejhanagarajan/Projects/small-projects/NewsImpact/venv/lib64/python3.10/site-packages/airflow/example_dags/example_branch_operator.py took 0.089 seconds
[2025-07-04T12:38:46.573+0530] {processor.py:161} INFO - Started process (PID=35086) to work on /home/tejhanagarajan/Projects/small-projects/NewsImpact/venv/lib64/python3.10/site-packages/airflow/example_dags/example_branch_operator.py
[2025-07-04T12:38:46.573+0530] {processor.py:830} INFO - Processing file /home/tejhanagarajan/Projects/small-projects/NewsImpact/venv/lib64/python3.10/site-packages/airflow/example_dags/example_branch_operator.py for tasks to queue
[2025-07-04T12:38:46.574+0530] {logging_mixin.py:188} INFO - [2025-07-04T12:38:46.574+0530] {dagbag.py:538} INFO - Filling up the DagBag from /home/tejhanagarajan/Projects/small-projects/NewsImpact/venv/lib64/python3.10/site-packages/airflow/example_dags/example_branch_operator.py
[2025-07-04T12:38:46.584+0530] {processor.py:840} INFO - DAG(s) 'example_branch_operator' retrieved from /home/tejhanagarajan/Projects/small-projects/NewsImpact/venv/lib64/python3.10/site-packages/airflow/example_dags/example_branch_operator.py
[2025-07-04T12:38:46.587+0530] {logging_mixin.py:188} INFO - [2025-07-04T12:38:46.587+0530] {dag.py:3036} INFO - Sync 1 DAGs
[2025-07-04T12:38:46.596+0530] {logging_mixin.py:188} INFO - [2025-07-04T12:38:46.596+0530] {dag.py:3823} INFO - Setting next_dagrun for example_branch_operator to 2025-07-03 00:00:00+00:00, run_after=2025-07-04 00:00:00+00:00
[2025-07-04T12:38:46.615+0530] {processor.py:183} INFO - Processing /home/tejhanagarajan/Projects/small-projects/NewsImpact/venv/lib64/python3.10/site-packages/airflow/example_dags/example_branch_operator.py took 0.044 seconds
[2025-07-04T12:39:27.874+0530] {processor.py:161} INFO - Started process (PID=35470) to work on /home/tejhanagarajan/Projects/small-projects/NewsImpact/venv/lib64/python3.10/site-packages/airflow/example_dags/example_branch_operator.py
[2025-07-04T12:39:27.877+0530] {processor.py:830} INFO - Processing file /home/tejhanagarajan/Projects/small-projects/NewsImpact/venv/lib64/python3.10/site-packages/airflow/example_dags/example_branch_operator.py for tasks to queue
[2025-07-04T12:39:27.877+0530] {logging_mixin.py:188} INFO - [2025-07-04T12:39:27.877+0530] {dagbag.py:538} INFO - Filling up the DagBag from /home/tejhanagarajan/Projects/small-projects/NewsImpact/venv/lib64/python3.10/site-packages/airflow/example_dags/example_branch_operator.py
[2025-07-04T12:39:27.885+0530] {processor.py:840} INFO - DAG(s) 'example_branch_operator' retrieved from /home/tejhanagarajan/Projects/small-projects/NewsImpact/venv/lib64/python3.10/site-packages/airflow/example_dags/example_branch_operator.py
[2025-07-04T12:39:27.895+0530] {logging_mixin.py:188} INFO - [2025-07-04T12:39:27.895+0530] {dag.py:3036} INFO - Sync 1 DAGs
[2025-07-04T12:39:27.903+0530] {logging_mixin.py:188} INFO - [2025-07-04T12:39:27.903+0530] {dag.py:3823} INFO - Setting next_dagrun for example_branch_operator to 2025-07-03 00:00:00+00:00, run_after=2025-07-04 00:00:00+00:00
[2025-07-04T12:39:27.920+0530] {processor.py:183} INFO - Processing /home/tejhanagarajan/Projects/small-projects/NewsImpact/venv/lib64/python3.10/site-packages/airflow/example_dags/example_branch_operator.py took 0.047 seconds
[2025-07-04T12:39:40.449+0530] {processor.py:161} INFO - Started process (PID=35575) to work on /home/tejhanagarajan/Projects/small-projects/NewsImpact/venv/lib64/python3.10/site-packages/airflow/example_dags/example_branch_operator.py
[2025-07-04T12:39:40.450+0530] {processor.py:830} INFO - Processing file /home/tejhanagarajan/Projects/small-projects/NewsImpact/venv/lib64/python3.10/site-packages/airflow/example_dags/example_branch_operator.py for tasks to queue
[2025-07-04T12:39:40.450+0530] {logging_mixin.py:188} INFO - [2025-07-04T12:39:40.450+0530] {dagbag.py:538} INFO - Filling up the DagBag from /home/tejhanagarajan/Projects/small-projects/NewsImpact/venv/lib64/python3.10/site-packages/airflow/example_dags/example_branch_operator.py
[2025-07-04T12:39:40.458+0530] {processor.py:840} INFO - DAG(s) 'example_branch_operator' retrieved from /home/tejhanagarajan/Projects/small-projects/NewsImpact/venv/lib64/python3.10/site-packages/airflow/example_dags/example_branch_operator.py
[2025-07-04T12:39:40.499+0530] {logging_mixin.py:188} INFO - [2025-07-04T12:39:40.499+0530] {dag.py:3036} INFO - Sync 1 DAGs
[2025-07-04T12:39:40.508+0530] {logging_mixin.py:188} INFO - [2025-07-04T12:39:40.508+0530] {dag.py:3823} INFO - Setting next_dagrun for example_branch_operator to 2025-07-03 00:00:00+00:00, run_after=2025-07-04 00:00:00+00:00
[2025-07-04T12:39:40.525+0530] {processor.py:183} INFO - Processing /home/tejhanagarajan/Projects/small-projects/NewsImpact/venv/lib64/python3.10/site-packages/airflow/example_dags/example_branch_operator.py took 0.077 seconds
[2025-07-04T12:42:37.260+0530] {processor.py:161} INFO - Started process (PID=38061) to work on /home/tejhanagarajan/Projects/small-projects/NewsImpact/venv/lib64/python3.10/site-packages/airflow/example_dags/example_branch_operator.py
[2025-07-04T12:42:37.263+0530] {processor.py:830} INFO - Processing file /home/tejhanagarajan/Projects/small-projects/NewsImpact/venv/lib64/python3.10/site-packages/airflow/example_dags/example_branch_operator.py for tasks to queue
[2025-07-04T12:42:37.263+0530] {logging_mixin.py:188} INFO - [2025-07-04T12:42:37.263+0530] {dagbag.py:538} INFO - Filling up the DagBag from /home/tejhanagarajan/Projects/small-projects/NewsImpact/venv/lib64/python3.10/site-packages/airflow/example_dags/example_branch_operator.py
[2025-07-04T12:42:37.271+0530] {processor.py:840} INFO - DAG(s) 'example_branch_operator' retrieved from /home/tejhanagarajan/Projects/small-projects/NewsImpact/venv/lib64/python3.10/site-packages/airflow/example_dags/example_branch_operator.py
[2025-07-04T12:42:37.311+0530] {logging_mixin.py:188} INFO - [2025-07-04T12:42:37.311+0530] {dag.py:3036} INFO - Sync 1 DAGs
[2025-07-04T12:42:37.319+0530] {logging_mixin.py:188} INFO - [2025-07-04T12:42:37.318+0530] {dag.py:3823} INFO - Setting next_dagrun for example_branch_operator to 2025-07-03 00:00:00+00:00, run_after=2025-07-04 00:00:00+00:00
[2025-07-04T12:42:37.334+0530] {processor.py:183} INFO - Processing /home/tejhanagarajan/Projects/small-projects/NewsImpact/venv/lib64/python3.10/site-packages/airflow/example_dags/example_branch_operator.py took 0.075 seconds
[2025-07-04T12:43:28.840+0530] {processor.py:161} INFO - Started process (PID=38487) to work on /home/tejhanagarajan/Projects/small-projects/NewsImpact/venv/lib64/python3.10/site-packages/airflow/example_dags/example_branch_operator.py
[2025-07-04T12:43:28.842+0530] {processor.py:830} INFO - Processing file /home/tejhanagarajan/Projects/small-projects/NewsImpact/venv/lib64/python3.10/site-packages/airflow/example_dags/example_branch_operator.py for tasks to queue
[2025-07-04T12:43:28.843+0530] {logging_mixin.py:188} INFO - [2025-07-04T12:43:28.843+0530] {dagbag.py:538} INFO - Filling up the DagBag from /home/tejhanagarajan/Projects/small-projects/NewsImpact/venv/lib64/python3.10/site-packages/airflow/example_dags/example_branch_operator.py
[2025-07-04T12:43:28.851+0530] {processor.py:840} INFO - DAG(s) 'example_branch_operator' retrieved from /home/tejhanagarajan/Projects/small-projects/NewsImpact/venv/lib64/python3.10/site-packages/airflow/example_dags/example_branch_operator.py
[2025-07-04T12:43:28.861+0530] {logging_mixin.py:188} INFO - [2025-07-04T12:43:28.861+0530] {dag.py:3036} INFO - Sync 1 DAGs
[2025-07-04T12:43:28.871+0530] {logging_mixin.py:188} INFO - [2025-07-04T12:43:28.871+0530] {dag.py:3823} INFO - Setting next_dagrun for example_branch_operator to 2025-07-03 00:00:00+00:00, run_after=2025-07-04 00:00:00+00:00
[2025-07-04T12:43:28.890+0530] {processor.py:183} INFO - Processing /home/tejhanagarajan/Projects/small-projects/NewsImpact/venv/lib64/python3.10/site-packages/airflow/example_dags/example_branch_operator.py took 0.052 seconds
[2025-07-04T12:44:22.595+0530] {processor.py:161} INFO - Started process (PID=38861) to work on /home/tejhanagarajan/Projects/small-projects/NewsImpact/venv/lib64/python3.10/site-packages/airflow/example_dags/example_branch_operator.py
[2025-07-04T12:44:22.597+0530] {processor.py:830} INFO - Processing file /home/tejhanagarajan/Projects/small-projects/NewsImpact/venv/lib64/python3.10/site-packages/airflow/example_dags/example_branch_operator.py for tasks to queue
[2025-07-04T12:44:22.597+0530] {logging_mixin.py:188} INFO - [2025-07-04T12:44:22.597+0530] {dagbag.py:538} INFO - Filling up the DagBag from /home/tejhanagarajan/Projects/small-projects/NewsImpact/venv/lib64/python3.10/site-packages/airflow/example_dags/example_branch_operator.py
[2025-07-04T12:44:22.606+0530] {processor.py:840} INFO - DAG(s) 'example_branch_operator' retrieved from /home/tejhanagarajan/Projects/small-projects/NewsImpact/venv/lib64/python3.10/site-packages/airflow/example_dags/example_branch_operator.py
[2025-07-04T12:44:22.617+0530] {logging_mixin.py:188} INFO - [2025-07-04T12:44:22.617+0530] {dag.py:3036} INFO - Sync 1 DAGs
[2025-07-04T12:44:22.627+0530] {logging_mixin.py:188} INFO - [2025-07-04T12:44:22.627+0530] {dag.py:3823} INFO - Setting next_dagrun for example_branch_operator to 2025-07-03 00:00:00+00:00, run_after=2025-07-04 00:00:00+00:00
[2025-07-04T12:44:22.644+0530] {processor.py:183} INFO - Processing /home/tejhanagarajan/Projects/small-projects/NewsImpact/venv/lib64/python3.10/site-packages/airflow/example_dags/example_branch_operator.py took 0.050 seconds
[2025-07-04T12:45:15.843+0530] {processor.py:161} INFO - Started process (PID=39268) to work on /home/tejhanagarajan/Projects/small-projects/NewsImpact/venv/lib64/python3.10/site-packages/airflow/example_dags/example_branch_operator.py
[2025-07-04T12:45:15.845+0530] {processor.py:830} INFO - Processing file /home/tejhanagarajan/Projects/small-projects/NewsImpact/venv/lib64/python3.10/site-packages/airflow/example_dags/example_branch_operator.py for tasks to queue
[2025-07-04T12:45:15.845+0530] {logging_mixin.py:188} INFO - [2025-07-04T12:45:15.845+0530] {dagbag.py:538} INFO - Filling up the DagBag from /home/tejhanagarajan/Projects/small-projects/NewsImpact/venv/lib64/python3.10/site-packages/airflow/example_dags/example_branch_operator.py
[2025-07-04T12:45:15.853+0530] {processor.py:840} INFO - DAG(s) 'example_branch_operator' retrieved from /home/tejhanagarajan/Projects/small-projects/NewsImpact/venv/lib64/python3.10/site-packages/airflow/example_dags/example_branch_operator.py
[2025-07-04T12:45:15.862+0530] {logging_mixin.py:188} INFO - [2025-07-04T12:45:15.862+0530] {dag.py:3036} INFO - Sync 1 DAGs
[2025-07-04T12:45:15.870+0530] {logging_mixin.py:188} INFO - [2025-07-04T12:45:15.870+0530] {dag.py:3823} INFO - Setting next_dagrun for example_branch_operator to 2025-07-03 00:00:00+00:00, run_after=2025-07-04 00:00:00+00:00
[2025-07-04T12:45:15.889+0530] {processor.py:183} INFO - Processing /home/tejhanagarajan/Projects/small-projects/NewsImpact/venv/lib64/python3.10/site-packages/airflow/example_dags/example_branch_operator.py took 0.047 seconds
[2025-07-04T12:46:09.909+0530] {processor.py:161} INFO - Started process (PID=39639) to work on /home/tejhanagarajan/Projects/small-projects/NewsImpact/venv/lib64/python3.10/site-packages/airflow/example_dags/example_branch_operator.py
[2025-07-04T12:46:09.912+0530] {processor.py:830} INFO - Processing file /home/tejhanagarajan/Projects/small-projects/NewsImpact/venv/lib64/python3.10/site-packages/airflow/example_dags/example_branch_operator.py for tasks to queue
[2025-07-04T12:46:09.913+0530] {logging_mixin.py:188} INFO - [2025-07-04T12:46:09.913+0530] {dagbag.py:538} INFO - Filling up the DagBag from /home/tejhanagarajan/Projects/small-projects/NewsImpact/venv/lib64/python3.10/site-packages/airflow/example_dags/example_branch_operator.py
[2025-07-04T12:46:09.921+0530] {processor.py:840} INFO - DAG(s) 'example_branch_operator' retrieved from /home/tejhanagarajan/Projects/small-projects/NewsImpact/venv/lib64/python3.10/site-packages/airflow/example_dags/example_branch_operator.py
[2025-07-04T12:46:09.930+0530] {logging_mixin.py:188} INFO - [2025-07-04T12:46:09.930+0530] {dag.py:3036} INFO - Sync 1 DAGs
[2025-07-04T12:46:09.938+0530] {logging_mixin.py:188} INFO - [2025-07-04T12:46:09.938+0530] {dag.py:3823} INFO - Setting next_dagrun for example_branch_operator to 2025-07-03 00:00:00+00:00, run_after=2025-07-04 00:00:00+00:00
[2025-07-04T12:46:09.956+0530] {processor.py:183} INFO - Processing /home/tejhanagarajan/Projects/small-projects/NewsImpact/venv/lib64/python3.10/site-packages/airflow/example_dags/example_branch_operator.py took 0.049 seconds
[2025-07-04T12:47:01.681+0530] {processor.py:161} INFO - Started process (PID=40028) to work on /home/tejhanagarajan/Projects/small-projects/NewsImpact/venv/lib64/python3.10/site-packages/airflow/example_dags/example_branch_operator.py
[2025-07-04T12:47:01.684+0530] {processor.py:830} INFO - Processing file /home/tejhanagarajan/Projects/small-projects/NewsImpact/venv/lib64/python3.10/site-packages/airflow/example_dags/example_branch_operator.py for tasks to queue
[2025-07-04T12:47:01.685+0530] {logging_mixin.py:188} INFO - [2025-07-04T12:47:01.685+0530] {dagbag.py:538} INFO - Filling up the DagBag from /home/tejhanagarajan/Projects/small-projects/NewsImpact/venv/lib64/python3.10/site-packages/airflow/example_dags/example_branch_operator.py
[2025-07-04T12:47:01.694+0530] {processor.py:840} INFO - DAG(s) 'example_branch_operator' retrieved from /home/tejhanagarajan/Projects/small-projects/NewsImpact/venv/lib64/python3.10/site-packages/airflow/example_dags/example_branch_operator.py
[2025-07-04T12:47:01.704+0530] {logging_mixin.py:188} INFO - [2025-07-04T12:47:01.704+0530] {dag.py:3036} INFO - Sync 1 DAGs
[2025-07-04T12:47:01.714+0530] {logging_mixin.py:188} INFO - [2025-07-04T12:47:01.713+0530] {dag.py:3823} INFO - Setting next_dagrun for example_branch_operator to 2025-07-03 00:00:00+00:00, run_after=2025-07-04 00:00:00+00:00
[2025-07-04T12:47:01.730+0530] {processor.py:183} INFO - Processing /home/tejhanagarajan/Projects/small-projects/NewsImpact/venv/lib64/python3.10/site-packages/airflow/example_dags/example_branch_operator.py took 0.050 seconds
[2025-07-04T12:47:55.337+0530] {processor.py:161} INFO - Started process (PID=40427) to work on /home/tejhanagarajan/Projects/small-projects/NewsImpact/venv/lib64/python3.10/site-packages/airflow/example_dags/example_branch_operator.py
[2025-07-04T12:47:55.339+0530] {processor.py:830} INFO - Processing file /home/tejhanagarajan/Projects/small-projects/NewsImpact/venv/lib64/python3.10/site-packages/airflow/example_dags/example_branch_operator.py for tasks to queue
[2025-07-04T12:47:55.339+0530] {logging_mixin.py:188} INFO - [2025-07-04T12:47:55.339+0530] {dagbag.py:538} INFO - Filling up the DagBag from /home/tejhanagarajan/Projects/small-projects/NewsImpact/venv/lib64/python3.10/site-packages/airflow/example_dags/example_branch_operator.py
[2025-07-04T12:47:55.349+0530] {processor.py:840} INFO - DAG(s) 'example_branch_operator' retrieved from /home/tejhanagarajan/Projects/small-projects/NewsImpact/venv/lib64/python3.10/site-packages/airflow/example_dags/example_branch_operator.py
[2025-07-04T12:47:55.359+0530] {logging_mixin.py:188} INFO - [2025-07-04T12:47:55.359+0530] {dag.py:3036} INFO - Sync 1 DAGs
[2025-07-04T12:47:55.368+0530] {logging_mixin.py:188} INFO - [2025-07-04T12:47:55.368+0530] {dag.py:3823} INFO - Setting next_dagrun for example_branch_operator to 2025-07-03 00:00:00+00:00, run_after=2025-07-04 00:00:00+00:00
[2025-07-04T12:47:55.387+0530] {processor.py:183} INFO - Processing /home/tejhanagarajan/Projects/small-projects/NewsImpact/venv/lib64/python3.10/site-packages/airflow/example_dags/example_branch_operator.py took 0.052 seconds
