[2025-07-04T12:27:02.278+0530] {processor.py:161} INFO - Started process (PID=25342) to work on /home/tejhanagarajan/Projects/small-projects/NewsImpact/venv/lib64/python3.10/site-packages/airflow/example_dags/example_external_task_marker_dag.py
[2025-07-04T12:27:02.279+0530] {processor.py:830} INFO - Processing file /home/tejhanagarajan/Projects/small-projects/NewsImpact/venv/lib64/python3.10/site-packages/airflow/example_dags/example_external_task_marker_dag.py for tasks to queue
[2025-07-04T12:27:02.280+0530] {logging_mixin.py:188} INFO - [2025-07-04T12:27:02.280+0530] {dagbag.py:538} INFO - Filling up the DagBag from /home/tejhanagarajan/Projects/small-projects/NewsImpact/venv/lib64/python3.10/site-packages/airflow/example_dags/example_external_task_marker_dag.py
[2025-07-04T12:27:02.287+0530] {processor.py:840} INFO - DAG(s) 'example_external_task_marker_child', 'example_external_task_marker_parent' retrieved from /home/tejhanagarajan/Projects/small-projects/NewsImpact/venv/lib64/python3.10/site-packages/airflow/example_dags/example_external_task_marker_dag.py
[2025-07-04T12:27:02.459+0530] {logging_mixin.py:188} INFO - [2025-07-04T12:27:02.457+0530] {override.py:1769} INFO - Created Permission View: can read on DAG:example_external_task_marker_child
[2025-07-04T12:27:02.481+0530] {logging_mixin.py:188} INFO - [2025-07-04T12:27:02.480+0530] {override.py:1769} INFO - Created Permission View: can edit on DAG:example_external_task_marker_child
[2025-07-04T12:27:02.496+0530] {logging_mixin.py:188} INFO - [2025-07-04T12:27:02.495+0530] {override.py:1769} INFO - Created Permission View: can delete on DAG:example_external_task_marker_child
[2025-07-04T12:27:02.521+0530] {logging_mixin.py:188} INFO - [2025-07-04T12:27:02.521+0530] {override.py:1769} INFO - Created Permission View: can read on DAG:example_external_task_marker_parent
[2025-07-04T12:27:02.533+0530] {logging_mixin.py:188} INFO - [2025-07-04T12:27:02.533+0530] {override.py:1769} INFO - Created Permission View: can edit on DAG:example_external_task_marker_parent
[2025-07-04T12:27:02.545+0530] {logging_mixin.py:188} INFO - [2025-07-04T12:27:02.545+0530] {override.py:1769} INFO - Created Permission View: can delete on DAG:example_external_task_marker_parent
[2025-07-04T12:27:02.545+0530] {logging_mixin.py:188} INFO - [2025-07-04T12:27:02.545+0530] {dag.py:3036} INFO - Sync 2 DAGs
[2025-07-04T12:27:02.551+0530] {logging_mixin.py:188} INFO - [2025-07-04T12:27:02.551+0530] {dag.py:3058} INFO - Creating ORM DAG for example_external_task_marker_child
[2025-07-04T12:27:02.551+0530] {logging_mixin.py:188} INFO - [2025-07-04T12:27:02.551+0530] {dag.py:3058} INFO - Creating ORM DAG for example_external_task_marker_parent
[2025-07-04T12:27:02.551+0530] {logging_mixin.py:188} INFO - [2025-07-04T12:27:02.551+0530] {dag.py:3823} INFO - Setting next_dagrun for example_external_task_marker_child to None, run_after=None
[2025-07-04T12:27:02.552+0530] {logging_mixin.py:188} INFO - [2025-07-04T12:27:02.552+0530] {dag.py:3823} INFO - Setting next_dagrun for example_external_task_marker_parent to None, run_after=None
[2025-07-04T12:27:02.567+0530] {processor.py:183} INFO - Processing /home/tejhanagarajan/Projects/small-projects/NewsImpact/venv/lib64/python3.10/site-packages/airflow/example_dags/example_external_task_marker_dag.py took 0.292 seconds
[2025-07-04T12:27:51.534+0530] {processor.py:161} INFO - Started process (PID=25720) to work on /home/tejhanagarajan/Projects/small-projects/NewsImpact/venv/lib64/python3.10/site-packages/airflow/example_dags/example_external_task_marker_dag.py
[2025-07-04T12:27:51.534+0530] {processor.py:830} INFO - Processing file /home/tejhanagarajan/Projects/small-projects/NewsImpact/venv/lib64/python3.10/site-packages/airflow/example_dags/example_external_task_marker_dag.py for tasks to queue
[2025-07-04T12:27:51.535+0530] {logging_mixin.py:188} INFO - [2025-07-04T12:27:51.535+0530] {dagbag.py:538} INFO - Filling up the DagBag from /home/tejhanagarajan/Projects/small-projects/NewsImpact/venv/lib64/python3.10/site-packages/airflow/example_dags/example_external_task_marker_dag.py
[2025-07-04T12:27:51.538+0530] {processor.py:840} INFO - DAG(s) 'example_external_task_marker_parent', 'example_external_task_marker_child' retrieved from /home/tejhanagarajan/Projects/small-projects/NewsImpact/venv/lib64/python3.10/site-packages/airflow/example_dags/example_external_task_marker_dag.py
[2025-07-04T12:27:51.547+0530] {logging_mixin.py:188} INFO - [2025-07-04T12:27:51.547+0530] {dag.py:3036} INFO - Sync 2 DAGs
[2025-07-04T12:27:51.552+0530] {logging_mixin.py:188} INFO - [2025-07-04T12:27:51.552+0530] {dag.py:3823} INFO - Setting next_dagrun for example_external_task_marker_child to None, run_after=None
[2025-07-04T12:27:51.553+0530] {logging_mixin.py:188} INFO - [2025-07-04T12:27:51.553+0530] {dag.py:3823} INFO - Setting next_dagrun for example_external_task_marker_parent to None, run_after=None
[2025-07-04T12:27:51.572+0530] {processor.py:183} INFO - Processing /home/tejhanagarajan/Projects/small-projects/NewsImpact/venv/lib64/python3.10/site-packages/airflow/example_dags/example_external_task_marker_dag.py took 0.039 seconds
[2025-07-04T12:28:47.929+0530] {processor.py:161} INFO - Started process (PID=26211) to work on /home/tejhanagarajan/Projects/small-projects/NewsImpact/venv/lib64/python3.10/site-packages/airflow/example_dags/example_external_task_marker_dag.py
[2025-07-04T12:28:47.932+0530] {processor.py:830} INFO - Processing file /home/tejhanagarajan/Projects/small-projects/NewsImpact/venv/lib64/python3.10/site-packages/airflow/example_dags/example_external_task_marker_dag.py for tasks to queue
[2025-07-04T12:28:47.933+0530] {logging_mixin.py:188} INFO - [2025-07-04T12:28:47.932+0530] {dagbag.py:538} INFO - Filling up the DagBag from /home/tejhanagarajan/Projects/small-projects/NewsImpact/venv/lib64/python3.10/site-packages/airflow/example_dags/example_external_task_marker_dag.py
[2025-07-04T12:28:47.940+0530] {processor.py:840} INFO - DAG(s) 'example_external_task_marker_child', 'example_external_task_marker_parent' retrieved from /home/tejhanagarajan/Projects/small-projects/NewsImpact/venv/lib64/python3.10/site-packages/airflow/example_dags/example_external_task_marker_dag.py
[2025-07-04T12:28:47.949+0530] {logging_mixin.py:188} INFO - [2025-07-04T12:28:47.949+0530] {dag.py:3036} INFO - Sync 2 DAGs
[2025-07-04T12:28:47.953+0530] {logging_mixin.py:188} INFO - [2025-07-04T12:28:47.953+0530] {dag.py:3823} INFO - Setting next_dagrun for example_external_task_marker_child to None, run_after=None
[2025-07-04T12:28:47.955+0530] {logging_mixin.py:188} INFO - [2025-07-04T12:28:47.955+0530] {dag.py:3823} INFO - Setting next_dagrun for example_external_task_marker_parent to None, run_after=None
[2025-07-04T12:28:47.972+0530] {processor.py:183} INFO - Processing /home/tejhanagarajan/Projects/small-projects/NewsImpact/venv/lib64/python3.10/site-packages/airflow/example_dags/example_external_task_marker_dag.py took 0.045 seconds
[2025-07-04T12:29:46.496+0530] {processor.py:161} INFO - Started process (PID=26683) to work on /home/tejhanagarajan/Projects/small-projects/NewsImpact/venv/lib64/python3.10/site-packages/airflow/example_dags/example_external_task_marker_dag.py
[2025-07-04T12:29:46.501+0530] {processor.py:830} INFO - Processing file /home/tejhanagarajan/Projects/small-projects/NewsImpact/venv/lib64/python3.10/site-packages/airflow/example_dags/example_external_task_marker_dag.py for tasks to queue
[2025-07-04T12:29:46.502+0530] {logging_mixin.py:188} INFO - [2025-07-04T12:29:46.502+0530] {dagbag.py:538} INFO - Filling up the DagBag from /home/tejhanagarajan/Projects/small-projects/NewsImpact/venv/lib64/python3.10/site-packages/airflow/example_dags/example_external_task_marker_dag.py
[2025-07-04T12:29:46.507+0530] {processor.py:840} INFO - DAG(s) 'example_external_task_marker_parent', 'example_external_task_marker_child' retrieved from /home/tejhanagarajan/Projects/small-projects/NewsImpact/venv/lib64/python3.10/site-packages/airflow/example_dags/example_external_task_marker_dag.py
[2025-07-04T12:29:46.515+0530] {logging_mixin.py:188} INFO - [2025-07-04T12:29:46.515+0530] {dag.py:3036} INFO - Sync 2 DAGs
[2025-07-04T12:29:46.521+0530] {logging_mixin.py:188} INFO - [2025-07-04T12:29:46.521+0530] {dag.py:3823} INFO - Setting next_dagrun for example_external_task_marker_child to None, run_after=None
[2025-07-04T12:29:46.523+0530] {logging_mixin.py:188} INFO - [2025-07-04T12:29:46.522+0530] {dag.py:3823} INFO - Setting next_dagrun for example_external_task_marker_parent to None, run_after=None
[2025-07-04T12:29:46.538+0530] {processor.py:183} INFO - Processing /home/tejhanagarajan/Projects/small-projects/NewsImpact/venv/lib64/python3.10/site-packages/airflow/example_dags/example_external_task_marker_dag.py took 0.046 seconds
[2025-07-04T12:30:36.839+0530] {processor.py:161} INFO - Started process (PID=27053) to work on /home/tejhanagarajan/Projects/small-projects/NewsImpact/venv/lib64/python3.10/site-packages/airflow/example_dags/example_external_task_marker_dag.py
[2025-07-04T12:30:36.841+0530] {processor.py:830} INFO - Processing file /home/tejhanagarajan/Projects/small-projects/NewsImpact/venv/lib64/python3.10/site-packages/airflow/example_dags/example_external_task_marker_dag.py for tasks to queue
[2025-07-04T12:30:36.842+0530] {logging_mixin.py:188} INFO - [2025-07-04T12:30:36.842+0530] {dagbag.py:538} INFO - Filling up the DagBag from /home/tejhanagarajan/Projects/small-projects/NewsImpact/venv/lib64/python3.10/site-packages/airflow/example_dags/example_external_task_marker_dag.py
[2025-07-04T12:30:36.846+0530] {processor.py:840} INFO - DAG(s) 'example_external_task_marker_child', 'example_external_task_marker_parent' retrieved from /home/tejhanagarajan/Projects/small-projects/NewsImpact/venv/lib64/python3.10/site-packages/airflow/example_dags/example_external_task_marker_dag.py
[2025-07-04T12:30:36.854+0530] {logging_mixin.py:188} INFO - [2025-07-04T12:30:36.854+0530] {dag.py:3036} INFO - Sync 2 DAGs
[2025-07-04T12:30:36.859+0530] {logging_mixin.py:188} INFO - [2025-07-04T12:30:36.858+0530] {dag.py:3823} INFO - Setting next_dagrun for example_external_task_marker_child to None, run_after=None
[2025-07-04T12:30:36.860+0530] {logging_mixin.py:188} INFO - [2025-07-04T12:30:36.860+0530] {dag.py:3823} INFO - Setting next_dagrun for example_external_task_marker_parent to None, run_after=None
[2025-07-04T12:30:36.876+0530] {processor.py:183} INFO - Processing /home/tejhanagarajan/Projects/small-projects/NewsImpact/venv/lib64/python3.10/site-packages/airflow/example_dags/example_external_task_marker_dag.py took 0.040 seconds
[2025-07-04T12:33:26.242+0530] {processor.py:161} INFO - Started process (PID=30206) to work on /home/tejhanagarajan/Projects/small-projects/NewsImpact/venv/lib64/python3.10/site-packages/airflow/example_dags/example_external_task_marker_dag.py
[2025-07-04T12:33:26.243+0530] {processor.py:830} INFO - Processing file /home/tejhanagarajan/Projects/small-projects/NewsImpact/venv/lib64/python3.10/site-packages/airflow/example_dags/example_external_task_marker_dag.py for tasks to queue
[2025-07-04T12:33:26.243+0530] {logging_mixin.py:188} INFO - [2025-07-04T12:33:26.243+0530] {dagbag.py:538} INFO - Filling up the DagBag from /home/tejhanagarajan/Projects/small-projects/NewsImpact/venv/lib64/python3.10/site-packages/airflow/example_dags/example_external_task_marker_dag.py
[2025-07-04T12:33:26.246+0530] {processor.py:840} INFO - DAG(s) 'example_external_task_marker_parent', 'example_external_task_marker_child' retrieved from /home/tejhanagarajan/Projects/small-projects/NewsImpact/venv/lib64/python3.10/site-packages/airflow/example_dags/example_external_task_marker_dag.py
[2025-07-04T12:33:26.254+0530] {logging_mixin.py:188} INFO - [2025-07-04T12:33:26.254+0530] {dag.py:3036} INFO - Sync 2 DAGs
[2025-07-04T12:33:26.259+0530] {logging_mixin.py:188} INFO - [2025-07-04T12:33:26.259+0530] {dag.py:3823} INFO - Setting next_dagrun for example_external_task_marker_child to None, run_after=None
[2025-07-04T12:33:26.260+0530] {logging_mixin.py:188} INFO - [2025-07-04T12:33:26.260+0530] {dag.py:3823} INFO - Setting next_dagrun for example_external_task_marker_parent to None, run_after=None
[2025-07-04T12:33:26.276+0530] {processor.py:183} INFO - Processing /home/tejhanagarajan/Projects/small-projects/NewsImpact/venv/lib64/python3.10/site-packages/airflow/example_dags/example_external_task_marker_dag.py took 0.036 seconds
[2025-07-04T12:34:13.162+0530] {processor.py:161} INFO - Started process (PID=30545) to work on /home/tejhanagarajan/Projects/small-projects/NewsImpact/venv/lib64/python3.10/site-packages/airflow/example_dags/example_external_task_marker_dag.py
[2025-07-04T12:34:13.164+0530] {processor.py:830} INFO - Processing file /home/tejhanagarajan/Projects/small-projects/NewsImpact/venv/lib64/python3.10/site-packages/airflow/example_dags/example_external_task_marker_dag.py for tasks to queue
[2025-07-04T12:34:13.165+0530] {logging_mixin.py:188} INFO - [2025-07-04T12:34:13.165+0530] {dagbag.py:538} INFO - Filling up the DagBag from /home/tejhanagarajan/Projects/small-projects/NewsImpact/venv/lib64/python3.10/site-packages/airflow/example_dags/example_external_task_marker_dag.py
[2025-07-04T12:34:13.170+0530] {processor.py:840} INFO - DAG(s) 'example_external_task_marker_parent', 'example_external_task_marker_child' retrieved from /home/tejhanagarajan/Projects/small-projects/NewsImpact/venv/lib64/python3.10/site-packages/airflow/example_dags/example_external_task_marker_dag.py
[2025-07-04T12:34:13.179+0530] {logging_mixin.py:188} INFO - [2025-07-04T12:34:13.179+0530] {dag.py:3036} INFO - Sync 2 DAGs
[2025-07-04T12:34:13.183+0530] {logging_mixin.py:188} INFO - [2025-07-04T12:34:13.183+0530] {dag.py:3823} INFO - Setting next_dagrun for example_external_task_marker_child to None, run_after=None
[2025-07-04T12:34:13.185+0530] {logging_mixin.py:188} INFO - [2025-07-04T12:34:13.185+0530] {dag.py:3823} INFO - Setting next_dagrun for example_external_task_marker_parent to None, run_after=None
[2025-07-04T12:34:13.201+0530] {processor.py:183} INFO - Processing /home/tejhanagarajan/Projects/small-projects/NewsImpact/venv/lib64/python3.10/site-packages/airflow/example_dags/example_external_task_marker_dag.py took 0.041 seconds
[2025-07-04T12:35:04.955+0530] {processor.py:161} INFO - Started process (PID=31168) to work on /home/tejhanagarajan/Projects/small-projects/NewsImpact/venv/lib64/python3.10/site-packages/airflow/example_dags/example_external_task_marker_dag.py
[2025-07-04T12:35:04.957+0530] {processor.py:830} INFO - Processing file /home/tejhanagarajan/Projects/small-projects/NewsImpact/venv/lib64/python3.10/site-packages/airflow/example_dags/example_external_task_marker_dag.py for tasks to queue
[2025-07-04T12:35:04.958+0530] {logging_mixin.py:188} INFO - [2025-07-04T12:35:04.958+0530] {dagbag.py:538} INFO - Filling up the DagBag from /home/tejhanagarajan/Projects/small-projects/NewsImpact/venv/lib64/python3.10/site-packages/airflow/example_dags/example_external_task_marker_dag.py
[2025-07-04T12:35:04.962+0530] {processor.py:840} INFO - DAG(s) 'example_external_task_marker_child', 'example_external_task_marker_parent' retrieved from /home/tejhanagarajan/Projects/small-projects/NewsImpact/venv/lib64/python3.10/site-packages/airflow/example_dags/example_external_task_marker_dag.py
[2025-07-04T12:35:04.970+0530] {logging_mixin.py:188} INFO - [2025-07-04T12:35:04.970+0530] {dag.py:3036} INFO - Sync 2 DAGs
[2025-07-04T12:35:04.974+0530] {logging_mixin.py:188} INFO - [2025-07-04T12:35:04.974+0530] {dag.py:3823} INFO - Setting next_dagrun for example_external_task_marker_child to None, run_after=None
[2025-07-04T12:35:04.976+0530] {logging_mixin.py:188} INFO - [2025-07-04T12:35:04.976+0530] {dag.py:3823} INFO - Setting next_dagrun for example_external_task_marker_parent to None, run_after=None
[2025-07-04T12:35:04.991+0530] {processor.py:183} INFO - Processing /home/tejhanagarajan/Projects/small-projects/NewsImpact/venv/lib64/python3.10/site-packages/airflow/example_dags/example_external_task_marker_dag.py took 0.038 seconds
[2025-07-04T12:35:58.344+0530] {processor.py:161} INFO - Started process (PID=31628) to work on /home/tejhanagarajan/Projects/small-projects/NewsImpact/venv/lib64/python3.10/site-packages/airflow/example_dags/example_external_task_marker_dag.py
[2025-07-04T12:35:58.346+0530] {processor.py:830} INFO - Processing file /home/tejhanagarajan/Projects/small-projects/NewsImpact/venv/lib64/python3.10/site-packages/airflow/example_dags/example_external_task_marker_dag.py for tasks to queue
[2025-07-04T12:35:58.347+0530] {logging_mixin.py:188} INFO - [2025-07-04T12:35:58.346+0530] {dagbag.py:538} INFO - Filling up the DagBag from /home/tejhanagarajan/Projects/small-projects/NewsImpact/venv/lib64/python3.10/site-packages/airflow/example_dags/example_external_task_marker_dag.py
[2025-07-04T12:35:58.351+0530] {processor.py:840} INFO - DAG(s) 'example_external_task_marker_parent', 'example_external_task_marker_child' retrieved from /home/tejhanagarajan/Projects/small-projects/NewsImpact/venv/lib64/python3.10/site-packages/airflow/example_dags/example_external_task_marker_dag.py
[2025-07-04T12:35:58.360+0530] {logging_mixin.py:188} INFO - [2025-07-04T12:35:58.360+0530] {dag.py:3036} INFO - Sync 2 DAGs
[2025-07-04T12:35:58.365+0530] {logging_mixin.py:188} INFO - [2025-07-04T12:35:58.365+0530] {dag.py:3823} INFO - Setting next_dagrun for example_external_task_marker_child to None, run_after=None
[2025-07-04T12:35:58.366+0530] {logging_mixin.py:188} INFO - [2025-07-04T12:35:58.366+0530] {dag.py:3823} INFO - Setting next_dagrun for example_external_task_marker_parent to None, run_after=None
[2025-07-04T12:35:58.381+0530] {processor.py:183} INFO - Processing /home/tejhanagarajan/Projects/small-projects/NewsImpact/venv/lib64/python3.10/site-packages/airflow/example_dags/example_external_task_marker_dag.py took 0.039 seconds
[2025-07-04T12:36:53.766+0530] {processor.py:161} INFO - Started process (PID=32178) to work on /home/tejhanagarajan/Projects/small-projects/NewsImpact/venv/lib64/python3.10/site-packages/airflow/example_dags/example_external_task_marker_dag.py
[2025-07-04T12:36:53.768+0530] {processor.py:830} INFO - Processing file /home/tejhanagarajan/Projects/small-projects/NewsImpact/venv/lib64/python3.10/site-packages/airflow/example_dags/example_external_task_marker_dag.py for tasks to queue
[2025-07-04T12:36:53.769+0530] {logging_mixin.py:188} INFO - [2025-07-04T12:36:53.768+0530] {dagbag.py:538} INFO - Filling up the DagBag from /home/tejhanagarajan/Projects/small-projects/NewsImpact/venv/lib64/python3.10/site-packages/airflow/example_dags/example_external_task_marker_dag.py
[2025-07-04T12:36:53.772+0530] {processor.py:840} INFO - DAG(s) 'example_external_task_marker_child', 'example_external_task_marker_parent' retrieved from /home/tejhanagarajan/Projects/small-projects/NewsImpact/venv/lib64/python3.10/site-packages/airflow/example_dags/example_external_task_marker_dag.py
[2025-07-04T12:36:53.782+0530] {logging_mixin.py:188} INFO - [2025-07-04T12:36:53.781+0530] {dag.py:3036} INFO - Sync 2 DAGs
[2025-07-04T12:36:53.787+0530] {logging_mixin.py:188} INFO - [2025-07-04T12:36:53.787+0530] {dag.py:3823} INFO - Setting next_dagrun for example_external_task_marker_child to None, run_after=None
[2025-07-04T12:36:53.789+0530] {logging_mixin.py:188} INFO - [2025-07-04T12:36:53.789+0530] {dag.py:3823} INFO - Setting next_dagrun for example_external_task_marker_parent to None, run_after=None
[2025-07-04T12:36:53.805+0530] {processor.py:183} INFO - Processing /home/tejhanagarajan/Projects/small-projects/NewsImpact/venv/lib64/python3.10/site-packages/airflow/example_dags/example_external_task_marker_dag.py took 0.041 seconds
[2025-07-04T12:37:39.489+0530] {processor.py:161} INFO - Started process (PID=32777) to work on /home/tejhanagarajan/Projects/small-projects/NewsImpact/venv/lib64/python3.10/site-packages/airflow/example_dags/example_external_task_marker_dag.py
[2025-07-04T12:37:39.491+0530] {processor.py:830} INFO - Processing file /home/tejhanagarajan/Projects/small-projects/NewsImpact/venv/lib64/python3.10/site-packages/airflow/example_dags/example_external_task_marker_dag.py for tasks to queue
[2025-07-04T12:37:39.492+0530] {logging_mixin.py:188} INFO - [2025-07-04T12:37:39.492+0530] {dagbag.py:538} INFO - Filling up the DagBag from /home/tejhanagarajan/Projects/small-projects/NewsImpact/venv/lib64/python3.10/site-packages/airflow/example_dags/example_external_task_marker_dag.py
[2025-07-04T12:37:39.497+0530] {processor.py:840} INFO - DAG(s) 'example_external_task_marker_parent', 'example_external_task_marker_child' retrieved from /home/tejhanagarajan/Projects/small-projects/NewsImpact/venv/lib64/python3.10/site-packages/airflow/example_dags/example_external_task_marker_dag.py
[2025-07-04T12:37:39.509+0530] {logging_mixin.py:188} INFO - [2025-07-04T12:37:39.509+0530] {dag.py:3036} INFO - Sync 2 DAGs
[2025-07-04T12:37:39.514+0530] {logging_mixin.py:188} INFO - [2025-07-04T12:37:39.514+0530] {dag.py:3823} INFO - Setting next_dagrun for example_external_task_marker_child to None, run_after=None
[2025-07-04T12:37:39.515+0530] {logging_mixin.py:188} INFO - [2025-07-04T12:37:39.515+0530] {dag.py:3823} INFO - Setting next_dagrun for example_external_task_marker_parent to None, run_after=None
[2025-07-04T12:37:39.530+0530] {processor.py:183} INFO - Processing /home/tejhanagarajan/Projects/small-projects/NewsImpact/venv/lib64/python3.10/site-packages/airflow/example_dags/example_external_task_marker_dag.py took 0.043 seconds
[2025-07-04T12:38:28.284+0530] {processor.py:161} INFO - Started process (PID=34902) to work on /home/tejhanagarajan/Projects/small-projects/NewsImpact/venv/lib64/python3.10/site-packages/airflow/example_dags/example_external_task_marker_dag.py
[2025-07-04T12:38:28.285+0530] {processor.py:830} INFO - Processing file /home/tejhanagarajan/Projects/small-projects/NewsImpact/venv/lib64/python3.10/site-packages/airflow/example_dags/example_external_task_marker_dag.py for tasks to queue
[2025-07-04T12:38:28.285+0530] {logging_mixin.py:188} INFO - [2025-07-04T12:38:28.285+0530] {dagbag.py:538} INFO - Filling up the DagBag from /home/tejhanagarajan/Projects/small-projects/NewsImpact/venv/lib64/python3.10/site-packages/airflow/example_dags/example_external_task_marker_dag.py
[2025-07-04T12:38:28.289+0530] {processor.py:840} INFO - DAG(s) 'example_external_task_marker_child', 'example_external_task_marker_parent' retrieved from /home/tejhanagarajan/Projects/small-projects/NewsImpact/venv/lib64/python3.10/site-packages/airflow/example_dags/example_external_task_marker_dag.py
[2025-07-04T12:38:28.299+0530] {logging_mixin.py:188} INFO - [2025-07-04T12:38:28.299+0530] {dag.py:3036} INFO - Sync 2 DAGs
[2025-07-04T12:38:28.304+0530] {logging_mixin.py:188} INFO - [2025-07-04T12:38:28.304+0530] {dag.py:3823} INFO - Setting next_dagrun for example_external_task_marker_child to None, run_after=None
[2025-07-04T12:38:28.305+0530] {logging_mixin.py:188} INFO - [2025-07-04T12:38:28.305+0530] {dag.py:3823} INFO - Setting next_dagrun for example_external_task_marker_parent to None, run_after=None
[2025-07-04T12:38:28.319+0530] {processor.py:183} INFO - Processing /home/tejhanagarajan/Projects/small-projects/NewsImpact/venv/lib64/python3.10/site-packages/airflow/example_dags/example_external_task_marker_dag.py took 0.039 seconds
[2025-07-04T12:38:31.150+0530] {processor.py:161} INFO - Started process (PID=34917) to work on /home/tejhanagarajan/Projects/small-projects/NewsImpact/venv/lib64/python3.10/site-packages/airflow/example_dags/example_external_task_marker_dag.py
[2025-07-04T12:38:31.150+0530] {processor.py:830} INFO - Processing file /home/tejhanagarajan/Projects/small-projects/NewsImpact/venv/lib64/python3.10/site-packages/airflow/example_dags/example_external_task_marker_dag.py for tasks to queue
[2025-07-04T12:38:31.151+0530] {logging_mixin.py:188} INFO - [2025-07-04T12:38:31.151+0530] {dagbag.py:538} INFO - Filling up the DagBag from /home/tejhanagarajan/Projects/small-projects/NewsImpact/venv/lib64/python3.10/site-packages/airflow/example_dags/example_external_task_marker_dag.py
[2025-07-04T12:38:31.155+0530] {processor.py:840} INFO - DAG(s) 'example_external_task_marker_parent', 'example_external_task_marker_child' retrieved from /home/tejhanagarajan/Projects/small-projects/NewsImpact/venv/lib64/python3.10/site-packages/airflow/example_dags/example_external_task_marker_dag.py
[2025-07-04T12:38:31.164+0530] {logging_mixin.py:188} INFO - [2025-07-04T12:38:31.164+0530] {dag.py:3036} INFO - Sync 2 DAGs
[2025-07-04T12:38:31.169+0530] {logging_mixin.py:188} INFO - [2025-07-04T12:38:31.169+0530] {dag.py:3823} INFO - Setting next_dagrun for example_external_task_marker_child to None, run_after=None
[2025-07-04T12:38:31.170+0530] {logging_mixin.py:188} INFO - [2025-07-04T12:38:31.170+0530] {dag.py:3823} INFO - Setting next_dagrun for example_external_task_marker_parent to None, run_after=None
[2025-07-04T12:38:31.186+0530] {processor.py:183} INFO - Processing /home/tejhanagarajan/Projects/small-projects/NewsImpact/venv/lib64/python3.10/site-packages/airflow/example_dags/example_external_task_marker_dag.py took 0.039 seconds
[2025-07-04T12:39:14.977+0530] {processor.py:161} INFO - Started process (PID=35352) to work on /home/tejhanagarajan/Projects/small-projects/NewsImpact/venv/lib64/python3.10/site-packages/airflow/example_dags/example_external_task_marker_dag.py
[2025-07-04T12:39:14.978+0530] {processor.py:830} INFO - Processing file /home/tejhanagarajan/Projects/small-projects/NewsImpact/venv/lib64/python3.10/site-packages/airflow/example_dags/example_external_task_marker_dag.py for tasks to queue
[2025-07-04T12:39:14.979+0530] {logging_mixin.py:188} INFO - [2025-07-04T12:39:14.978+0530] {dagbag.py:538} INFO - Filling up the DagBag from /home/tejhanagarajan/Projects/small-projects/NewsImpact/venv/lib64/python3.10/site-packages/airflow/example_dags/example_external_task_marker_dag.py
[2025-07-04T12:39:14.983+0530] {processor.py:840} INFO - DAG(s) 'example_external_task_marker_parent', 'example_external_task_marker_child' retrieved from /home/tejhanagarajan/Projects/small-projects/NewsImpact/venv/lib64/python3.10/site-packages/airflow/example_dags/example_external_task_marker_dag.py
[2025-07-04T12:39:14.992+0530] {logging_mixin.py:188} INFO - [2025-07-04T12:39:14.991+0530] {dag.py:3036} INFO - Sync 2 DAGs
[2025-07-04T12:39:14.997+0530] {logging_mixin.py:188} INFO - [2025-07-04T12:39:14.997+0530] {dag.py:3823} INFO - Setting next_dagrun for example_external_task_marker_child to None, run_after=None
[2025-07-04T12:39:14.998+0530] {logging_mixin.py:188} INFO - [2025-07-04T12:39:14.998+0530] {dag.py:3823} INFO - Setting next_dagrun for example_external_task_marker_parent to None, run_after=None
[2025-07-04T12:39:15.015+0530] {processor.py:183} INFO - Processing /home/tejhanagarajan/Projects/small-projects/NewsImpact/venv/lib64/python3.10/site-packages/airflow/example_dags/example_external_task_marker_dag.py took 0.041 seconds
[2025-07-04T12:39:22.637+0530] {processor.py:161} INFO - Started process (PID=35429) to work on /home/tejhanagarajan/Projects/small-projects/NewsImpact/venv/lib64/python3.10/site-packages/airflow/example_dags/example_external_task_marker_dag.py
[2025-07-04T12:39:22.637+0530] {processor.py:830} INFO - Processing file /home/tejhanagarajan/Projects/small-projects/NewsImpact/venv/lib64/python3.10/site-packages/airflow/example_dags/example_external_task_marker_dag.py for tasks to queue
[2025-07-04T12:39:22.638+0530] {logging_mixin.py:188} INFO - [2025-07-04T12:39:22.638+0530] {dagbag.py:538} INFO - Filling up the DagBag from /home/tejhanagarajan/Projects/small-projects/NewsImpact/venv/lib64/python3.10/site-packages/airflow/example_dags/example_external_task_marker_dag.py
[2025-07-04T12:39:22.643+0530] {processor.py:840} INFO - DAG(s) 'example_external_task_marker_parent', 'example_external_task_marker_child' retrieved from /home/tejhanagarajan/Projects/small-projects/NewsImpact/venv/lib64/python3.10/site-packages/airflow/example_dags/example_external_task_marker_dag.py
[2025-07-04T12:39:22.651+0530] {logging_mixin.py:188} INFO - [2025-07-04T12:39:22.651+0530] {dag.py:3036} INFO - Sync 2 DAGs
[2025-07-04T12:39:22.656+0530] {logging_mixin.py:188} INFO - [2025-07-04T12:39:22.656+0530] {dag.py:3823} INFO - Setting next_dagrun for example_external_task_marker_child to None, run_after=None
[2025-07-04T12:39:22.657+0530] {logging_mixin.py:188} INFO - [2025-07-04T12:39:22.657+0530] {dag.py:3823} INFO - Setting next_dagrun for example_external_task_marker_parent to None, run_after=None
[2025-07-04T12:39:22.675+0530] {processor.py:183} INFO - Processing /home/tejhanagarajan/Projects/small-projects/NewsImpact/venv/lib64/python3.10/site-packages/airflow/example_dags/example_external_task_marker_dag.py took 0.041 seconds
[2025-07-04T12:42:30.345+0530] {processor.py:161} INFO - Started process (PID=37991) to work on /home/tejhanagarajan/Projects/small-projects/NewsImpact/venv/lib64/python3.10/site-packages/airflow/example_dags/example_external_task_marker_dag.py
[2025-07-04T12:42:30.347+0530] {processor.py:830} INFO - Processing file /home/tejhanagarajan/Projects/small-projects/NewsImpact/venv/lib64/python3.10/site-packages/airflow/example_dags/example_external_task_marker_dag.py for tasks to queue
[2025-07-04T12:42:30.348+0530] {logging_mixin.py:188} INFO - [2025-07-04T12:42:30.347+0530] {dagbag.py:538} INFO - Filling up the DagBag from /home/tejhanagarajan/Projects/small-projects/NewsImpact/venv/lib64/python3.10/site-packages/airflow/example_dags/example_external_task_marker_dag.py
[2025-07-04T12:42:30.351+0530] {processor.py:840} INFO - DAG(s) 'example_external_task_marker_child', 'example_external_task_marker_parent' retrieved from /home/tejhanagarajan/Projects/small-projects/NewsImpact/venv/lib64/python3.10/site-packages/airflow/example_dags/example_external_task_marker_dag.py
[2025-07-04T12:42:30.362+0530] {logging_mixin.py:188} INFO - [2025-07-04T12:42:30.362+0530] {dag.py:3036} INFO - Sync 2 DAGs
[2025-07-04T12:42:30.368+0530] {logging_mixin.py:188} INFO - [2025-07-04T12:42:30.368+0530] {dag.py:3823} INFO - Setting next_dagrun for example_external_task_marker_child to None, run_after=None
[2025-07-04T12:42:30.370+0530] {logging_mixin.py:188} INFO - [2025-07-04T12:42:30.370+0530] {dag.py:3823} INFO - Setting next_dagrun for example_external_task_marker_parent to None, run_after=None
[2025-07-04T12:42:30.388+0530] {processor.py:183} INFO - Processing /home/tejhanagarajan/Projects/small-projects/NewsImpact/venv/lib64/python3.10/site-packages/airflow/example_dags/example_external_task_marker_dag.py took 0.045 seconds
[2025-07-04T12:43:20.836+0530] {processor.py:161} INFO - Started process (PID=38393) to work on /home/tejhanagarajan/Projects/small-projects/NewsImpact/venv/lib64/python3.10/site-packages/airflow/example_dags/example_external_task_marker_dag.py
[2025-07-04T12:43:20.838+0530] {processor.py:830} INFO - Processing file /home/tejhanagarajan/Projects/small-projects/NewsImpact/venv/lib64/python3.10/site-packages/airflow/example_dags/example_external_task_marker_dag.py for tasks to queue
[2025-07-04T12:43:20.838+0530] {logging_mixin.py:188} INFO - [2025-07-04T12:43:20.838+0530] {dagbag.py:538} INFO - Filling up the DagBag from /home/tejhanagarajan/Projects/small-projects/NewsImpact/venv/lib64/python3.10/site-packages/airflow/example_dags/example_external_task_marker_dag.py
[2025-07-04T12:43:20.841+0530] {processor.py:840} INFO - DAG(s) 'example_external_task_marker_child', 'example_external_task_marker_parent' retrieved from /home/tejhanagarajan/Projects/small-projects/NewsImpact/venv/lib64/python3.10/site-packages/airflow/example_dags/example_external_task_marker_dag.py
[2025-07-04T12:43:20.850+0530] {logging_mixin.py:188} INFO - [2025-07-04T12:43:20.850+0530] {dag.py:3036} INFO - Sync 2 DAGs
[2025-07-04T12:43:20.855+0530] {logging_mixin.py:188} INFO - [2025-07-04T12:43:20.855+0530] {dag.py:3823} INFO - Setting next_dagrun for example_external_task_marker_child to None, run_after=None
[2025-07-04T12:43:20.856+0530] {logging_mixin.py:188} INFO - [2025-07-04T12:43:20.856+0530] {dag.py:3823} INFO - Setting next_dagrun for example_external_task_marker_parent to None, run_after=None
[2025-07-04T12:43:20.872+0530] {processor.py:183} INFO - Processing /home/tejhanagarajan/Projects/small-projects/NewsImpact/venv/lib64/python3.10/site-packages/airflow/example_dags/example_external_task_marker_dag.py took 0.038 seconds
[2025-07-04T12:44:08.175+0530] {processor.py:161} INFO - Started process (PID=38772) to work on /home/tejhanagarajan/Projects/small-projects/NewsImpact/venv/lib64/python3.10/site-packages/airflow/example_dags/example_external_task_marker_dag.py
[2025-07-04T12:44:08.178+0530] {processor.py:830} INFO - Processing file /home/tejhanagarajan/Projects/small-projects/NewsImpact/venv/lib64/python3.10/site-packages/airflow/example_dags/example_external_task_marker_dag.py for tasks to queue
[2025-07-04T12:44:08.178+0530] {logging_mixin.py:188} INFO - [2025-07-04T12:44:08.178+0530] {dagbag.py:538} INFO - Filling up the DagBag from /home/tejhanagarajan/Projects/small-projects/NewsImpact/venv/lib64/python3.10/site-packages/airflow/example_dags/example_external_task_marker_dag.py
[2025-07-04T12:44:08.185+0530] {processor.py:840} INFO - DAG(s) 'example_external_task_marker_child', 'example_external_task_marker_parent' retrieved from /home/tejhanagarajan/Projects/small-projects/NewsImpact/venv/lib64/python3.10/site-packages/airflow/example_dags/example_external_task_marker_dag.py
[2025-07-04T12:44:08.198+0530] {logging_mixin.py:188} INFO - [2025-07-04T12:44:08.198+0530] {dag.py:3036} INFO - Sync 2 DAGs
[2025-07-04T12:44:08.202+0530] {logging_mixin.py:188} INFO - [2025-07-04T12:44:08.202+0530] {dag.py:3823} INFO - Setting next_dagrun for example_external_task_marker_child to None, run_after=None
[2025-07-04T12:44:08.204+0530] {logging_mixin.py:188} INFO - [2025-07-04T12:44:08.203+0530] {dag.py:3823} INFO - Setting next_dagrun for example_external_task_marker_parent to None, run_after=None
[2025-07-04T12:44:08.219+0530] {processor.py:183} INFO - Processing /home/tejhanagarajan/Projects/small-projects/NewsImpact/venv/lib64/python3.10/site-packages/airflow/example_dags/example_external_task_marker_dag.py took 0.048 seconds
[2025-07-04T12:45:01.527+0530] {processor.py:161} INFO - Started process (PID=39134) to work on /home/tejhanagarajan/Projects/small-projects/NewsImpact/venv/lib64/python3.10/site-packages/airflow/example_dags/example_external_task_marker_dag.py
[2025-07-04T12:45:01.529+0530] {processor.py:830} INFO - Processing file /home/tejhanagarajan/Projects/small-projects/NewsImpact/venv/lib64/python3.10/site-packages/airflow/example_dags/example_external_task_marker_dag.py for tasks to queue
[2025-07-04T12:45:01.530+0530] {logging_mixin.py:188} INFO - [2025-07-04T12:45:01.530+0530] {dagbag.py:538} INFO - Filling up the DagBag from /home/tejhanagarajan/Projects/small-projects/NewsImpact/venv/lib64/python3.10/site-packages/airflow/example_dags/example_external_task_marker_dag.py
[2025-07-04T12:45:01.532+0530] {processor.py:840} INFO - DAG(s) 'example_external_task_marker_child', 'example_external_task_marker_parent' retrieved from /home/tejhanagarajan/Projects/small-projects/NewsImpact/venv/lib64/python3.10/site-packages/airflow/example_dags/example_external_task_marker_dag.py
[2025-07-04T12:45:01.540+0530] {logging_mixin.py:188} INFO - [2025-07-04T12:45:01.540+0530] {dag.py:3036} INFO - Sync 2 DAGs
[2025-07-04T12:45:01.545+0530] {logging_mixin.py:188} INFO - [2025-07-04T12:45:01.545+0530] {dag.py:3823} INFO - Setting next_dagrun for example_external_task_marker_child to None, run_after=None
[2025-07-04T12:45:01.546+0530] {logging_mixin.py:188} INFO - [2025-07-04T12:45:01.546+0530] {dag.py:3823} INFO - Setting next_dagrun for example_external_task_marker_parent to None, run_after=None
[2025-07-04T12:45:01.563+0530] {processor.py:183} INFO - Processing /home/tejhanagarajan/Projects/small-projects/NewsImpact/venv/lib64/python3.10/site-packages/airflow/example_dags/example_external_task_marker_dag.py took 0.037 seconds
[2025-07-04T12:45:55.320+0530] {processor.py:161} INFO - Started process (PID=39549) to work on /home/tejhanagarajan/Projects/small-projects/NewsImpact/venv/lib64/python3.10/site-packages/airflow/example_dags/example_external_task_marker_dag.py
[2025-07-04T12:45:55.322+0530] {processor.py:830} INFO - Processing file /home/tejhanagarajan/Projects/small-projects/NewsImpact/venv/lib64/python3.10/site-packages/airflow/example_dags/example_external_task_marker_dag.py for tasks to queue
[2025-07-04T12:45:55.323+0530] {logging_mixin.py:188} INFO - [2025-07-04T12:45:55.323+0530] {dagbag.py:538} INFO - Filling up the DagBag from /home/tejhanagarajan/Projects/small-projects/NewsImpact/venv/lib64/python3.10/site-packages/airflow/example_dags/example_external_task_marker_dag.py
[2025-07-04T12:45:55.327+0530] {processor.py:840} INFO - DAG(s) 'example_external_task_marker_parent', 'example_external_task_marker_child' retrieved from /home/tejhanagarajan/Projects/small-projects/NewsImpact/venv/lib64/python3.10/site-packages/airflow/example_dags/example_external_task_marker_dag.py
[2025-07-04T12:45:55.338+0530] {logging_mixin.py:188} INFO - [2025-07-04T12:45:55.338+0530] {dag.py:3036} INFO - Sync 2 DAGs
[2025-07-04T12:45:55.343+0530] {logging_mixin.py:188} INFO - [2025-07-04T12:45:55.343+0530] {dag.py:3823} INFO - Setting next_dagrun for example_external_task_marker_child to None, run_after=None
[2025-07-04T12:45:55.345+0530] {logging_mixin.py:188} INFO - [2025-07-04T12:45:55.345+0530] {dag.py:3823} INFO - Setting next_dagrun for example_external_task_marker_parent to None, run_after=None
[2025-07-04T12:45:55.361+0530] {processor.py:183} INFO - Processing /home/tejhanagarajan/Projects/small-projects/NewsImpact/venv/lib64/python3.10/site-packages/airflow/example_dags/example_external_task_marker_dag.py took 0.043 seconds
[2025-07-04T12:46:46.860+0530] {processor.py:161} INFO - Started process (PID=39909) to work on /home/tejhanagarajan/Projects/small-projects/NewsImpact/venv/lib64/python3.10/site-packages/airflow/example_dags/example_external_task_marker_dag.py
[2025-07-04T12:46:46.862+0530] {processor.py:830} INFO - Processing file /home/tejhanagarajan/Projects/small-projects/NewsImpact/venv/lib64/python3.10/site-packages/airflow/example_dags/example_external_task_marker_dag.py for tasks to queue
[2025-07-04T12:46:46.863+0530] {logging_mixin.py:188} INFO - [2025-07-04T12:46:46.862+0530] {dagbag.py:538} INFO - Filling up the DagBag from /home/tejhanagarajan/Projects/small-projects/NewsImpact/venv/lib64/python3.10/site-packages/airflow/example_dags/example_external_task_marker_dag.py
[2025-07-04T12:46:46.866+0530] {processor.py:840} INFO - DAG(s) 'example_external_task_marker_parent', 'example_external_task_marker_child' retrieved from /home/tejhanagarajan/Projects/small-projects/NewsImpact/venv/lib64/python3.10/site-packages/airflow/example_dags/example_external_task_marker_dag.py
[2025-07-04T12:46:46.875+0530] {logging_mixin.py:188} INFO - [2025-07-04T12:46:46.875+0530] {dag.py:3036} INFO - Sync 2 DAGs
[2025-07-04T12:46:46.880+0530] {logging_mixin.py:188} INFO - [2025-07-04T12:46:46.880+0530] {dag.py:3823} INFO - Setting next_dagrun for example_external_task_marker_child to None, run_after=None
[2025-07-04T12:46:46.882+0530] {logging_mixin.py:188} INFO - [2025-07-04T12:46:46.882+0530] {dag.py:3823} INFO - Setting next_dagrun for example_external_task_marker_parent to None, run_after=None
[2025-07-04T12:46:46.900+0530] {processor.py:183} INFO - Processing /home/tejhanagarajan/Projects/small-projects/NewsImpact/venv/lib64/python3.10/site-packages/airflow/example_dags/example_external_task_marker_dag.py took 0.042 seconds
[2025-07-04T12:47:39.421+0530] {processor.py:161} INFO - Started process (PID=40308) to work on /home/tejhanagarajan/Projects/small-projects/NewsImpact/venv/lib64/python3.10/site-packages/airflow/example_dags/example_external_task_marker_dag.py
[2025-07-04T12:47:39.424+0530] {processor.py:830} INFO - Processing file /home/tejhanagarajan/Projects/small-projects/NewsImpact/venv/lib64/python3.10/site-packages/airflow/example_dags/example_external_task_marker_dag.py for tasks to queue
[2025-07-04T12:47:39.425+0530] {logging_mixin.py:188} INFO - [2025-07-04T12:47:39.425+0530] {dagbag.py:538} INFO - Filling up the DagBag from /home/tejhanagarajan/Projects/small-projects/NewsImpact/venv/lib64/python3.10/site-packages/airflow/example_dags/example_external_task_marker_dag.py
[2025-07-04T12:47:39.430+0530] {processor.py:840} INFO - DAG(s) 'example_external_task_marker_parent', 'example_external_task_marker_child' retrieved from /home/tejhanagarajan/Projects/small-projects/NewsImpact/venv/lib64/python3.10/site-packages/airflow/example_dags/example_external_task_marker_dag.py
[2025-07-04T12:47:39.438+0530] {logging_mixin.py:188} INFO - [2025-07-04T12:47:39.438+0530] {dag.py:3036} INFO - Sync 2 DAGs
[2025-07-04T12:47:39.443+0530] {logging_mixin.py:188} INFO - [2025-07-04T12:47:39.443+0530] {dag.py:3823} INFO - Setting next_dagrun for example_external_task_marker_child to None, run_after=None
[2025-07-04T12:47:39.445+0530] {logging_mixin.py:188} INFO - [2025-07-04T12:47:39.444+0530] {dag.py:3823} INFO - Setting next_dagrun for example_external_task_marker_parent to None, run_after=None
[2025-07-04T12:47:39.462+0530] {processor.py:183} INFO - Processing /home/tejhanagarajan/Projects/small-projects/NewsImpact/venv/lib64/python3.10/site-packages/airflow/example_dags/example_external_task_marker_dag.py took 0.045 seconds
[2025-07-04T12:48:26.206+0530] {processor.py:161} INFO - Started process (PID=40675) to work on /home/tejhanagarajan/Projects/small-projects/NewsImpact/venv/lib64/python3.10/site-packages/airflow/example_dags/example_external_task_marker_dag.py
[2025-07-04T12:48:26.208+0530] {processor.py:830} INFO - Processing file /home/tejhanagarajan/Projects/small-projects/NewsImpact/venv/lib64/python3.10/site-packages/airflow/example_dags/example_external_task_marker_dag.py for tasks to queue
[2025-07-04T12:48:26.209+0530] {logging_mixin.py:188} INFO - [2025-07-04T12:48:26.208+0530] {dagbag.py:538} INFO - Filling up the DagBag from /home/tejhanagarajan/Projects/small-projects/NewsImpact/venv/lib64/python3.10/site-packages/airflow/example_dags/example_external_task_marker_dag.py
[2025-07-04T12:48:26.214+0530] {processor.py:840} INFO - DAG(s) 'example_external_task_marker_parent', 'example_external_task_marker_child' retrieved from /home/tejhanagarajan/Projects/small-projects/NewsImpact/venv/lib64/python3.10/site-packages/airflow/example_dags/example_external_task_marker_dag.py
[2025-07-04T12:48:26.224+0530] {logging_mixin.py:188} INFO - [2025-07-04T12:48:26.224+0530] {dag.py:3036} INFO - Sync 2 DAGs
[2025-07-04T12:48:26.229+0530] {logging_mixin.py:188} INFO - [2025-07-04T12:48:26.229+0530] {dag.py:3823} INFO - Setting next_dagrun for example_external_task_marker_child to None, run_after=None
[2025-07-04T12:48:26.230+0530] {logging_mixin.py:188} INFO - [2025-07-04T12:48:26.230+0530] {dag.py:3823} INFO - Setting next_dagrun for example_external_task_marker_parent to None, run_after=None
[2025-07-04T12:48:26.245+0530] {processor.py:183} INFO - Processing /home/tejhanagarajan/Projects/small-projects/NewsImpact/venv/lib64/python3.10/site-packages/airflow/example_dags/example_external_task_marker_dag.py took 0.042 seconds
