[2025-07-04T12:26:38.314+0530] {processor.py:161} INFO - Started process (PID=25172) to work on /home/tejhanagarajan/Projects/small-projects/NewsImpact/venv/lib64/python3.10/site-packages/airflow/example_dags/example_trigger_controller_dag.py
[2025-07-04T12:26:38.315+0530] {processor.py:830} INFO - Processing file /home/tejhanagarajan/Projects/small-projects/NewsImpact/venv/lib64/python3.10/site-packages/airflow/example_dags/example_trigger_controller_dag.py for tasks to queue
[2025-07-04T12:26:38.315+0530] {logging_mixin.py:188} INFO - [2025-07-04T12:26:38.315+0530] {dagbag.py:538} INFO - Filling up the DagBag from /home/tejhanagarajan/Projects/small-projects/NewsImpact/venv/lib64/python3.10/site-packages/airflow/example_dags/example_trigger_controller_dag.py
[2025-07-04T12:26:38.318+0530] {processor.py:840} INFO - DAG(s) 'example_trigger_controller_dag' retrieved from /home/tejhanagarajan/Projects/small-projects/NewsImpact/venv/lib64/python3.10/site-packages/airflow/example_dags/example_trigger_controller_dag.py
[2025-07-04T12:26:38.374+0530] {logging_mixin.py:188} INFO - [2025-07-04T12:26:38.374+0530] {override.py:1769} INFO - Created Permission View: can read on DAG:example_trigger_controller_dag
[2025-07-04T12:26:38.385+0530] {logging_mixin.py:188} INFO - [2025-07-04T12:26:38.385+0530] {override.py:1769} INFO - Created Permission View: can edit on DAG:example_trigger_controller_dag
[2025-07-04T12:26:38.397+0530] {logging_mixin.py:188} INFO - [2025-07-04T12:26:38.396+0530] {override.py:1769} INFO - Created Permission View: can delete on DAG:example_trigger_controller_dag
[2025-07-04T12:26:38.397+0530] {logging_mixin.py:188} INFO - [2025-07-04T12:26:38.397+0530] {dag.py:3036} INFO - Sync 1 DAGs
[2025-07-04T12:26:38.402+0530] {logging_mixin.py:188} INFO - [2025-07-04T12:26:38.402+0530] {dag.py:3058} INFO - Creating ORM DAG for example_trigger_controller_dag
[2025-07-04T12:26:38.406+0530] {logging_mixin.py:188} INFO - [2025-07-04T12:26:38.406+0530] {dag.py:3823} INFO - Setting next_dagrun for example_trigger_controller_dag to 2021-01-01 00:00:00+00:00, run_after=2021-01-01 00:00:00+00:00
[2025-07-04T12:26:38.421+0530] {processor.py:183} INFO - Processing /home/tejhanagarajan/Projects/small-projects/NewsImpact/venv/lib64/python3.10/site-packages/airflow/example_dags/example_trigger_controller_dag.py took 0.108 seconds
[2025-07-04T12:27:28.679+0530] {processor.py:161} INFO - Started process (PID=25560) to work on /home/tejhanagarajan/Projects/small-projects/NewsImpact/venv/lib64/python3.10/site-packages/airflow/example_dags/example_trigger_controller_dag.py
[2025-07-04T12:27:28.679+0530] {processor.py:830} INFO - Processing file /home/tejhanagarajan/Projects/small-projects/NewsImpact/venv/lib64/python3.10/site-packages/airflow/example_dags/example_trigger_controller_dag.py for tasks to queue
[2025-07-04T12:27:28.679+0530] {logging_mixin.py:188} INFO - [2025-07-04T12:27:28.679+0530] {dagbag.py:538} INFO - Filling up the DagBag from /home/tejhanagarajan/Projects/small-projects/NewsImpact/venv/lib64/python3.10/site-packages/airflow/example_dags/example_trigger_controller_dag.py
[2025-07-04T12:27:28.682+0530] {processor.py:840} INFO - DAG(s) 'example_trigger_controller_dag' retrieved from /home/tejhanagarajan/Projects/small-projects/NewsImpact/venv/lib64/python3.10/site-packages/airflow/example_dags/example_trigger_controller_dag.py
[2025-07-04T12:27:28.688+0530] {logging_mixin.py:188} INFO - [2025-07-04T12:27:28.688+0530] {dag.py:3036} INFO - Sync 1 DAGs
[2025-07-04T12:27:28.695+0530] {logging_mixin.py:188} INFO - [2025-07-04T12:27:28.695+0530] {dag.py:3823} INFO - Setting next_dagrun for example_trigger_controller_dag to 2021-01-01 00:00:00+00:00, run_after=2021-01-01 00:00:00+00:00
[2025-07-04T12:27:28.713+0530] {processor.py:183} INFO - Processing /home/tejhanagarajan/Projects/small-projects/NewsImpact/venv/lib64/python3.10/site-packages/airflow/example_dags/example_trigger_controller_dag.py took 0.036 seconds
[2025-07-04T12:28:17.402+0530] {processor.py:161} INFO - Started process (PID=25964) to work on /home/tejhanagarajan/Projects/small-projects/NewsImpact/venv/lib64/python3.10/site-packages/airflow/example_dags/example_trigger_controller_dag.py
[2025-07-04T12:28:17.402+0530] {processor.py:830} INFO - Processing file /home/tejhanagarajan/Projects/small-projects/NewsImpact/venv/lib64/python3.10/site-packages/airflow/example_dags/example_trigger_controller_dag.py for tasks to queue
[2025-07-04T12:28:17.402+0530] {logging_mixin.py:188} INFO - [2025-07-04T12:28:17.402+0530] {dagbag.py:538} INFO - Filling up the DagBag from /home/tejhanagarajan/Projects/small-projects/NewsImpact/venv/lib64/python3.10/site-packages/airflow/example_dags/example_trigger_controller_dag.py
[2025-07-04T12:28:17.405+0530] {processor.py:840} INFO - DAG(s) 'example_trigger_controller_dag' retrieved from /home/tejhanagarajan/Projects/small-projects/NewsImpact/venv/lib64/python3.10/site-packages/airflow/example_dags/example_trigger_controller_dag.py
[2025-07-04T12:28:17.411+0530] {logging_mixin.py:188} INFO - [2025-07-04T12:28:17.411+0530] {dag.py:3036} INFO - Sync 1 DAGs
[2025-07-04T12:28:17.419+0530] {logging_mixin.py:188} INFO - [2025-07-04T12:28:17.418+0530] {dag.py:3823} INFO - Setting next_dagrun for example_trigger_controller_dag to 2021-01-01 00:00:00+00:00, run_after=2021-01-01 00:00:00+00:00
[2025-07-04T12:28:17.436+0530] {processor.py:183} INFO - Processing /home/tejhanagarajan/Projects/small-projects/NewsImpact/venv/lib64/python3.10/site-packages/airflow/example_dags/example_trigger_controller_dag.py took 0.036 seconds
[2025-07-04T12:28:56.910+0530] {processor.py:161} INFO - Started process (PID=26289) to work on /home/tejhanagarajan/Projects/small-projects/NewsImpact/venv/lib64/python3.10/site-packages/airflow/example_dags/example_trigger_controller_dag.py
[2025-07-04T12:28:56.911+0530] {processor.py:830} INFO - Processing file /home/tejhanagarajan/Projects/small-projects/NewsImpact/venv/lib64/python3.10/site-packages/airflow/example_dags/example_trigger_controller_dag.py for tasks to queue
[2025-07-04T12:28:56.911+0530] {logging_mixin.py:188} INFO - [2025-07-04T12:28:56.911+0530] {dagbag.py:538} INFO - Filling up the DagBag from /home/tejhanagarajan/Projects/small-projects/NewsImpact/venv/lib64/python3.10/site-packages/airflow/example_dags/example_trigger_controller_dag.py
[2025-07-04T12:28:56.914+0530] {processor.py:840} INFO - DAG(s) 'example_trigger_controller_dag' retrieved from /home/tejhanagarajan/Projects/small-projects/NewsImpact/venv/lib64/python3.10/site-packages/airflow/example_dags/example_trigger_controller_dag.py
[2025-07-04T12:28:56.920+0530] {logging_mixin.py:188} INFO - [2025-07-04T12:28:56.920+0530] {dag.py:3036} INFO - Sync 1 DAGs
[2025-07-04T12:28:56.928+0530] {logging_mixin.py:188} INFO - [2025-07-04T12:28:56.928+0530] {dag.py:3823} INFO - Setting next_dagrun for example_trigger_controller_dag to 2021-01-01 00:00:00+00:00, run_after=2021-01-01 00:00:00+00:00
[2025-07-04T12:28:56.945+0530] {processor.py:183} INFO - Processing /home/tejhanagarajan/Projects/small-projects/NewsImpact/venv/lib64/python3.10/site-packages/airflow/example_dags/example_trigger_controller_dag.py took 0.037 seconds
[2025-07-04T12:29:37.331+0530] {processor.py:161} INFO - Started process (PID=26624) to work on /home/tejhanagarajan/Projects/small-projects/NewsImpact/venv/lib64/python3.10/site-packages/airflow/example_dags/example_trigger_controller_dag.py
[2025-07-04T12:29:37.333+0530] {processor.py:830} INFO - Processing file /home/tejhanagarajan/Projects/small-projects/NewsImpact/venv/lib64/python3.10/site-packages/airflow/example_dags/example_trigger_controller_dag.py for tasks to queue
[2025-07-04T12:29:37.334+0530] {logging_mixin.py:188} INFO - [2025-07-04T12:29:37.334+0530] {dagbag.py:538} INFO - Filling up the DagBag from /home/tejhanagarajan/Projects/small-projects/NewsImpact/venv/lib64/python3.10/site-packages/airflow/example_dags/example_trigger_controller_dag.py
[2025-07-04T12:29:37.338+0530] {processor.py:840} INFO - DAG(s) 'example_trigger_controller_dag' retrieved from /home/tejhanagarajan/Projects/small-projects/NewsImpact/venv/lib64/python3.10/site-packages/airflow/example_dags/example_trigger_controller_dag.py
[2025-07-04T12:29:37.346+0530] {logging_mixin.py:188} INFO - [2025-07-04T12:29:37.346+0530] {dag.py:3036} INFO - Sync 1 DAGs
[2025-07-04T12:29:37.355+0530] {logging_mixin.py:188} INFO - [2025-07-04T12:29:37.355+0530] {dag.py:3823} INFO - Setting next_dagrun for example_trigger_controller_dag to 2021-01-01 00:00:00+00:00, run_after=2021-01-01 00:00:00+00:00
[2025-07-04T12:29:37.373+0530] {processor.py:183} INFO - Processing /home/tejhanagarajan/Projects/small-projects/NewsImpact/venv/lib64/python3.10/site-packages/airflow/example_dags/example_trigger_controller_dag.py took 0.045 seconds
[2025-07-04T12:30:26.545+0530] {processor.py:161} INFO - Started process (PID=26988) to work on /home/tejhanagarajan/Projects/small-projects/NewsImpact/venv/lib64/python3.10/site-packages/airflow/example_dags/example_trigger_controller_dag.py
[2025-07-04T12:30:26.548+0530] {processor.py:830} INFO - Processing file /home/tejhanagarajan/Projects/small-projects/NewsImpact/venv/lib64/python3.10/site-packages/airflow/example_dags/example_trigger_controller_dag.py for tasks to queue
[2025-07-04T12:30:26.549+0530] {logging_mixin.py:188} INFO - [2025-07-04T12:30:26.549+0530] {dagbag.py:538} INFO - Filling up the DagBag from /home/tejhanagarajan/Projects/small-projects/NewsImpact/venv/lib64/python3.10/site-packages/airflow/example_dags/example_trigger_controller_dag.py
[2025-07-04T12:30:26.555+0530] {processor.py:840} INFO - DAG(s) 'example_trigger_controller_dag' retrieved from /home/tejhanagarajan/Projects/small-projects/NewsImpact/venv/lib64/python3.10/site-packages/airflow/example_dags/example_trigger_controller_dag.py
[2025-07-04T12:30:26.563+0530] {logging_mixin.py:188} INFO - [2025-07-04T12:30:26.563+0530] {dag.py:3036} INFO - Sync 1 DAGs
[2025-07-04T12:30:26.571+0530] {logging_mixin.py:188} INFO - [2025-07-04T12:30:26.571+0530] {dag.py:3823} INFO - Setting next_dagrun for example_trigger_controller_dag to 2021-01-01 00:00:00+00:00, run_after=2021-01-01 00:00:00+00:00
[2025-07-04T12:30:26.588+0530] {processor.py:183} INFO - Processing /home/tejhanagarajan/Projects/small-projects/NewsImpact/venv/lib64/python3.10/site-packages/airflow/example_dags/example_trigger_controller_dag.py took 0.045 seconds
[2025-07-04T12:31:02.563+0530] {processor.py:161} INFO - Started process (PID=27256) to work on /home/tejhanagarajan/Projects/small-projects/NewsImpact/venv/lib64/python3.10/site-packages/airflow/example_dags/example_trigger_controller_dag.py
[2025-07-04T12:31:02.565+0530] {processor.py:830} INFO - Processing file /home/tejhanagarajan/Projects/small-projects/NewsImpact/venv/lib64/python3.10/site-packages/airflow/example_dags/example_trigger_controller_dag.py for tasks to queue
[2025-07-04T12:31:02.566+0530] {logging_mixin.py:188} INFO - [2025-07-04T12:31:02.566+0530] {dagbag.py:538} INFO - Filling up the DagBag from /home/tejhanagarajan/Projects/small-projects/NewsImpact/venv/lib64/python3.10/site-packages/airflow/example_dags/example_trigger_controller_dag.py
[2025-07-04T12:31:02.570+0530] {processor.py:840} INFO - DAG(s) 'example_trigger_controller_dag' retrieved from /home/tejhanagarajan/Projects/small-projects/NewsImpact/venv/lib64/python3.10/site-packages/airflow/example_dags/example_trigger_controller_dag.py
[2025-07-04T12:31:02.578+0530] {logging_mixin.py:188} INFO - [2025-07-04T12:31:02.578+0530] {dag.py:3036} INFO - Sync 1 DAGs
[2025-07-04T12:31:02.586+0530] {logging_mixin.py:188} INFO - [2025-07-04T12:31:02.586+0530] {dag.py:3823} INFO - Setting next_dagrun for example_trigger_controller_dag to 2021-01-01 00:00:00+00:00, run_after=2021-01-01 00:00:00+00:00
[2025-07-04T12:31:02.601+0530] {processor.py:183} INFO - Processing /home/tejhanagarajan/Projects/small-projects/NewsImpact/venv/lib64/python3.10/site-packages/airflow/example_dags/example_trigger_controller_dag.py took 0.041 seconds
[2025-07-04T12:33:05.648+0530] {processor.py:161} INFO - Started process (PID=30063) to work on /home/tejhanagarajan/Projects/small-projects/NewsImpact/venv/lib64/python3.10/site-packages/airflow/example_dags/example_trigger_controller_dag.py
[2025-07-04T12:33:05.650+0530] {processor.py:830} INFO - Processing file /home/tejhanagarajan/Projects/small-projects/NewsImpact/venv/lib64/python3.10/site-packages/airflow/example_dags/example_trigger_controller_dag.py for tasks to queue
[2025-07-04T12:33:05.651+0530] {logging_mixin.py:188} INFO - [2025-07-04T12:33:05.650+0530] {dagbag.py:538} INFO - Filling up the DagBag from /home/tejhanagarajan/Projects/small-projects/NewsImpact/venv/lib64/python3.10/site-packages/airflow/example_dags/example_trigger_controller_dag.py
[2025-07-04T12:33:05.655+0530] {processor.py:840} INFO - DAG(s) 'example_trigger_controller_dag' retrieved from /home/tejhanagarajan/Projects/small-projects/NewsImpact/venv/lib64/python3.10/site-packages/airflow/example_dags/example_trigger_controller_dag.py
[2025-07-04T12:33:05.663+0530] {logging_mixin.py:188} INFO - [2025-07-04T12:33:05.663+0530] {dag.py:3036} INFO - Sync 1 DAGs
[2025-07-04T12:33:05.672+0530] {logging_mixin.py:188} INFO - [2025-07-04T12:33:05.671+0530] {dag.py:3823} INFO - Setting next_dagrun for example_trigger_controller_dag to 2021-01-01 00:00:00+00:00, run_after=2021-01-01 00:00:00+00:00
[2025-07-04T12:33:05.689+0530] {processor.py:183} INFO - Processing /home/tejhanagarajan/Projects/small-projects/NewsImpact/venv/lib64/python3.10/site-packages/airflow/example_dags/example_trigger_controller_dag.py took 0.043 seconds
[2025-07-04T12:33:52.210+0530] {processor.py:161} INFO - Started process (PID=30412) to work on /home/tejhanagarajan/Projects/small-projects/NewsImpact/venv/lib64/python3.10/site-packages/airflow/example_dags/example_trigger_controller_dag.py
[2025-07-04T12:33:52.212+0530] {processor.py:830} INFO - Processing file /home/tejhanagarajan/Projects/small-projects/NewsImpact/venv/lib64/python3.10/site-packages/airflow/example_dags/example_trigger_controller_dag.py for tasks to queue
[2025-07-04T12:33:52.213+0530] {logging_mixin.py:188} INFO - [2025-07-04T12:33:52.213+0530] {dagbag.py:538} INFO - Filling up the DagBag from /home/tejhanagarajan/Projects/small-projects/NewsImpact/venv/lib64/python3.10/site-packages/airflow/example_dags/example_trigger_controller_dag.py
[2025-07-04T12:33:52.218+0530] {processor.py:840} INFO - DAG(s) 'example_trigger_controller_dag' retrieved from /home/tejhanagarajan/Projects/small-projects/NewsImpact/venv/lib64/python3.10/site-packages/airflow/example_dags/example_trigger_controller_dag.py
[2025-07-04T12:33:52.225+0530] {logging_mixin.py:188} INFO - [2025-07-04T12:33:52.224+0530] {dag.py:3036} INFO - Sync 1 DAGs
[2025-07-04T12:33:52.232+0530] {logging_mixin.py:188} INFO - [2025-07-04T12:33:52.232+0530] {dag.py:3823} INFO - Setting next_dagrun for example_trigger_controller_dag to 2021-01-01 00:00:00+00:00, run_after=2021-01-01 00:00:00+00:00
[2025-07-04T12:33:52.249+0530] {processor.py:183} INFO - Processing /home/tejhanagarajan/Projects/small-projects/NewsImpact/venv/lib64/python3.10/site-packages/airflow/example_dags/example_trigger_controller_dag.py took 0.041 seconds
[2025-07-04T12:34:37.937+0530] {processor.py:161} INFO - Started process (PID=30984) to work on /home/tejhanagarajan/Projects/small-projects/NewsImpact/venv/lib64/python3.10/site-packages/airflow/example_dags/example_trigger_controller_dag.py
[2025-07-04T12:34:37.939+0530] {processor.py:830} INFO - Processing file /home/tejhanagarajan/Projects/small-projects/NewsImpact/venv/lib64/python3.10/site-packages/airflow/example_dags/example_trigger_controller_dag.py for tasks to queue
[2025-07-04T12:34:37.939+0530] {logging_mixin.py:188} INFO - [2025-07-04T12:34:37.939+0530] {dagbag.py:538} INFO - Filling up the DagBag from /home/tejhanagarajan/Projects/small-projects/NewsImpact/venv/lib64/python3.10/site-packages/airflow/example_dags/example_trigger_controller_dag.py
[2025-07-04T12:34:37.941+0530] {processor.py:840} INFO - DAG(s) 'example_trigger_controller_dag' retrieved from /home/tejhanagarajan/Projects/small-projects/NewsImpact/venv/lib64/python3.10/site-packages/airflow/example_dags/example_trigger_controller_dag.py
[2025-07-04T12:34:37.948+0530] {logging_mixin.py:188} INFO - [2025-07-04T12:34:37.948+0530] {dag.py:3036} INFO - Sync 1 DAGs
[2025-07-04T12:34:37.956+0530] {logging_mixin.py:188} INFO - [2025-07-04T12:34:37.956+0530] {dag.py:3823} INFO - Setting next_dagrun for example_trigger_controller_dag to 2021-01-01 00:00:00+00:00, run_after=2021-01-01 00:00:00+00:00
[2025-07-04T12:34:37.972+0530] {processor.py:183} INFO - Processing /home/tejhanagarajan/Projects/small-projects/NewsImpact/venv/lib64/python3.10/site-packages/airflow/example_dags/example_trigger_controller_dag.py took 0.037 seconds
[2025-07-04T12:35:31.624+0530] {processor.py:161} INFO - Started process (PID=31443) to work on /home/tejhanagarajan/Projects/small-projects/NewsImpact/venv/lib64/python3.10/site-packages/airflow/example_dags/example_trigger_controller_dag.py
[2025-07-04T12:35:31.626+0530] {processor.py:830} INFO - Processing file /home/tejhanagarajan/Projects/small-projects/NewsImpact/venv/lib64/python3.10/site-packages/airflow/example_dags/example_trigger_controller_dag.py for tasks to queue
[2025-07-04T12:35:31.627+0530] {logging_mixin.py:188} INFO - [2025-07-04T12:35:31.627+0530] {dagbag.py:538} INFO - Filling up the DagBag from /home/tejhanagarajan/Projects/small-projects/NewsImpact/venv/lib64/python3.10/site-packages/airflow/example_dags/example_trigger_controller_dag.py
[2025-07-04T12:35:31.632+0530] {processor.py:840} INFO - DAG(s) 'example_trigger_controller_dag' retrieved from /home/tejhanagarajan/Projects/small-projects/NewsImpact/venv/lib64/python3.10/site-packages/airflow/example_dags/example_trigger_controller_dag.py
[2025-07-04T12:35:31.643+0530] {logging_mixin.py:188} INFO - [2025-07-04T12:35:31.643+0530] {dag.py:3036} INFO - Sync 1 DAGs
[2025-07-04T12:35:31.652+0530] {logging_mixin.py:188} INFO - [2025-07-04T12:35:31.652+0530] {dag.py:3823} INFO - Setting next_dagrun for example_trigger_controller_dag to 2021-01-01 00:00:00+00:00, run_after=2021-01-01 00:00:00+00:00
[2025-07-04T12:35:31.670+0530] {processor.py:183} INFO - Processing /home/tejhanagarajan/Projects/small-projects/NewsImpact/venv/lib64/python3.10/site-packages/airflow/example_dags/example_trigger_controller_dag.py took 0.048 seconds
[2025-07-04T12:36:08.652+0530] {processor.py:161} INFO - Started process (PID=31720) to work on /home/tejhanagarajan/Projects/small-projects/NewsImpact/venv/lib64/python3.10/site-packages/airflow/example_dags/example_trigger_controller_dag.py
[2025-07-04T12:36:08.654+0530] {processor.py:830} INFO - Processing file /home/tejhanagarajan/Projects/small-projects/NewsImpact/venv/lib64/python3.10/site-packages/airflow/example_dags/example_trigger_controller_dag.py for tasks to queue
[2025-07-04T12:36:08.655+0530] {logging_mixin.py:188} INFO - [2025-07-04T12:36:08.655+0530] {dagbag.py:538} INFO - Filling up the DagBag from /home/tejhanagarajan/Projects/small-projects/NewsImpact/venv/lib64/python3.10/site-packages/airflow/example_dags/example_trigger_controller_dag.py
[2025-07-04T12:36:08.659+0530] {processor.py:840} INFO - DAG(s) 'example_trigger_controller_dag' retrieved from /home/tejhanagarajan/Projects/small-projects/NewsImpact/venv/lib64/python3.10/site-packages/airflow/example_dags/example_trigger_controller_dag.py
[2025-07-04T12:36:08.667+0530] {logging_mixin.py:188} INFO - [2025-07-04T12:36:08.667+0530] {dag.py:3036} INFO - Sync 1 DAGs
[2025-07-04T12:36:08.674+0530] {logging_mixin.py:188} INFO - [2025-07-04T12:36:08.674+0530] {dag.py:3823} INFO - Setting next_dagrun for example_trigger_controller_dag to 2021-01-01 00:00:00+00:00, run_after=2021-01-01 00:00:00+00:00
[2025-07-04T12:36:08.689+0530] {processor.py:183} INFO - Processing /home/tejhanagarajan/Projects/small-projects/NewsImpact/venv/lib64/python3.10/site-packages/airflow/example_dags/example_trigger_controller_dag.py took 0.039 seconds
[2025-07-04T12:36:45.222+0530] {processor.py:161} INFO - Started process (PID=32124) to work on /home/tejhanagarajan/Projects/small-projects/NewsImpact/venv/lib64/python3.10/site-packages/airflow/example_dags/example_trigger_controller_dag.py
[2025-07-04T12:36:45.225+0530] {processor.py:830} INFO - Processing file /home/tejhanagarajan/Projects/small-projects/NewsImpact/venv/lib64/python3.10/site-packages/airflow/example_dags/example_trigger_controller_dag.py for tasks to queue
[2025-07-04T12:36:45.226+0530] {logging_mixin.py:188} INFO - [2025-07-04T12:36:45.226+0530] {dagbag.py:538} INFO - Filling up the DagBag from /home/tejhanagarajan/Projects/small-projects/NewsImpact/venv/lib64/python3.10/site-packages/airflow/example_dags/example_trigger_controller_dag.py
[2025-07-04T12:36:45.230+0530] {processor.py:840} INFO - DAG(s) 'example_trigger_controller_dag' retrieved from /home/tejhanagarajan/Projects/small-projects/NewsImpact/venv/lib64/python3.10/site-packages/airflow/example_dags/example_trigger_controller_dag.py
[2025-07-04T12:36:45.237+0530] {logging_mixin.py:188} INFO - [2025-07-04T12:36:45.236+0530] {dag.py:3036} INFO - Sync 1 DAGs
[2025-07-04T12:36:45.244+0530] {logging_mixin.py:188} INFO - [2025-07-04T12:36:45.244+0530] {dag.py:3823} INFO - Setting next_dagrun for example_trigger_controller_dag to 2021-01-01 00:00:00+00:00, run_after=2021-01-01 00:00:00+00:00
[2025-07-04T12:36:45.260+0530] {processor.py:183} INFO - Processing /home/tejhanagarajan/Projects/small-projects/NewsImpact/venv/lib64/python3.10/site-packages/airflow/example_dags/example_trigger_controller_dag.py took 0.041 seconds
[2025-07-04T12:37:29.802+0530] {processor.py:161} INFO - Started process (PID=32694) to work on /home/tejhanagarajan/Projects/small-projects/NewsImpact/venv/lib64/python3.10/site-packages/airflow/example_dags/example_trigger_controller_dag.py
[2025-07-04T12:37:29.805+0530] {processor.py:830} INFO - Processing file /home/tejhanagarajan/Projects/small-projects/NewsImpact/venv/lib64/python3.10/site-packages/airflow/example_dags/example_trigger_controller_dag.py for tasks to queue
[2025-07-04T12:37:29.805+0530] {logging_mixin.py:188} INFO - [2025-07-04T12:37:29.805+0530] {dagbag.py:538} INFO - Filling up the DagBag from /home/tejhanagarajan/Projects/small-projects/NewsImpact/venv/lib64/python3.10/site-packages/airflow/example_dags/example_trigger_controller_dag.py
[2025-07-04T12:37:29.809+0530] {processor.py:840} INFO - DAG(s) 'example_trigger_controller_dag' retrieved from /home/tejhanagarajan/Projects/small-projects/NewsImpact/venv/lib64/python3.10/site-packages/airflow/example_dags/example_trigger_controller_dag.py
[2025-07-04T12:37:29.819+0530] {logging_mixin.py:188} INFO - [2025-07-04T12:37:29.818+0530] {dag.py:3036} INFO - Sync 1 DAGs
[2025-07-04T12:37:29.826+0530] {logging_mixin.py:188} INFO - [2025-07-04T12:37:29.826+0530] {dag.py:3823} INFO - Setting next_dagrun for example_trigger_controller_dag to 2021-01-01 00:00:00+00:00, run_after=2021-01-01 00:00:00+00:00
[2025-07-04T12:37:29.844+0530] {processor.py:183} INFO - Processing /home/tejhanagarajan/Projects/small-projects/NewsImpact/venv/lib64/python3.10/site-packages/airflow/example_dags/example_trigger_controller_dag.py took 0.043 seconds
[2025-07-04T12:38:07.703+0530] {processor.py:161} INFO - Started process (PID=34749) to work on /home/tejhanagarajan/Projects/small-projects/NewsImpact/venv/lib64/python3.10/site-packages/airflow/example_dags/example_trigger_controller_dag.py
[2025-07-04T12:38:07.705+0530] {processor.py:830} INFO - Processing file /home/tejhanagarajan/Projects/small-projects/NewsImpact/venv/lib64/python3.10/site-packages/airflow/example_dags/example_trigger_controller_dag.py for tasks to queue
[2025-07-04T12:38:07.705+0530] {logging_mixin.py:188} INFO - [2025-07-04T12:38:07.705+0530] {dagbag.py:538} INFO - Filling up the DagBag from /home/tejhanagarajan/Projects/small-projects/NewsImpact/venv/lib64/python3.10/site-packages/airflow/example_dags/example_trigger_controller_dag.py
[2025-07-04T12:38:07.708+0530] {processor.py:840} INFO - DAG(s) 'example_trigger_controller_dag' retrieved from /home/tejhanagarajan/Projects/small-projects/NewsImpact/venv/lib64/python3.10/site-packages/airflow/example_dags/example_trigger_controller_dag.py
[2025-07-04T12:38:07.716+0530] {logging_mixin.py:188} INFO - [2025-07-04T12:38:07.716+0530] {dag.py:3036} INFO - Sync 1 DAGs
[2025-07-04T12:38:07.725+0530] {logging_mixin.py:188} INFO - [2025-07-04T12:38:07.724+0530] {dag.py:3823} INFO - Setting next_dagrun for example_trigger_controller_dag to 2021-01-01 00:00:00+00:00, run_after=2021-01-01 00:00:00+00:00
[2025-07-04T12:38:07.740+0530] {processor.py:183} INFO - Processing /home/tejhanagarajan/Projects/small-projects/NewsImpact/venv/lib64/python3.10/site-packages/airflow/example_dags/example_trigger_controller_dag.py took 0.040 seconds
[2025-07-04T12:38:20.991+0530] {processor.py:161} INFO - Started process (PID=34846) to work on /home/tejhanagarajan/Projects/small-projects/NewsImpact/venv/lib64/python3.10/site-packages/airflow/example_dags/example_trigger_controller_dag.py
[2025-07-04T12:38:20.991+0530] {processor.py:830} INFO - Processing file /home/tejhanagarajan/Projects/small-projects/NewsImpact/venv/lib64/python3.10/site-packages/airflow/example_dags/example_trigger_controller_dag.py for tasks to queue
[2025-07-04T12:38:20.992+0530] {logging_mixin.py:188} INFO - [2025-07-04T12:38:20.992+0530] {dagbag.py:538} INFO - Filling up the DagBag from /home/tejhanagarajan/Projects/small-projects/NewsImpact/venv/lib64/python3.10/site-packages/airflow/example_dags/example_trigger_controller_dag.py
[2025-07-04T12:38:20.995+0530] {processor.py:840} INFO - DAG(s) 'example_trigger_controller_dag' retrieved from /home/tejhanagarajan/Projects/small-projects/NewsImpact/venv/lib64/python3.10/site-packages/airflow/example_dags/example_trigger_controller_dag.py
[2025-07-04T12:38:21.002+0530] {logging_mixin.py:188} INFO - [2025-07-04T12:38:21.002+0530] {dag.py:3036} INFO - Sync 1 DAGs
[2025-07-04T12:38:21.010+0530] {logging_mixin.py:188} INFO - [2025-07-04T12:38:21.009+0530] {dag.py:3823} INFO - Setting next_dagrun for example_trigger_controller_dag to 2021-01-01 00:00:00+00:00, run_after=2021-01-01 00:00:00+00:00
[2025-07-04T12:38:21.026+0530] {processor.py:183} INFO - Processing /home/tejhanagarajan/Projects/small-projects/NewsImpact/venv/lib64/python3.10/site-packages/airflow/example_dags/example_trigger_controller_dag.py took 0.037 seconds
[2025-07-04T12:38:54.293+0530] {processor.py:161} INFO - Started process (PID=35152) to work on /home/tejhanagarajan/Projects/small-projects/NewsImpact/venv/lib64/python3.10/site-packages/airflow/example_dags/example_trigger_controller_dag.py
[2025-07-04T12:38:54.295+0530] {processor.py:830} INFO - Processing file /home/tejhanagarajan/Projects/small-projects/NewsImpact/venv/lib64/python3.10/site-packages/airflow/example_dags/example_trigger_controller_dag.py for tasks to queue
[2025-07-04T12:38:54.296+0530] {logging_mixin.py:188} INFO - [2025-07-04T12:38:54.296+0530] {dagbag.py:538} INFO - Filling up the DagBag from /home/tejhanagarajan/Projects/small-projects/NewsImpact/venv/lib64/python3.10/site-packages/airflow/example_dags/example_trigger_controller_dag.py
[2025-07-04T12:38:54.299+0530] {processor.py:840} INFO - DAG(s) 'example_trigger_controller_dag' retrieved from /home/tejhanagarajan/Projects/small-projects/NewsImpact/venv/lib64/python3.10/site-packages/airflow/example_dags/example_trigger_controller_dag.py
[2025-07-04T12:38:54.307+0530] {logging_mixin.py:188} INFO - [2025-07-04T12:38:54.307+0530] {dag.py:3036} INFO - Sync 1 DAGs
[2025-07-04T12:38:54.316+0530] {logging_mixin.py:188} INFO - [2025-07-04T12:38:54.316+0530] {dag.py:3823} INFO - Setting next_dagrun for example_trigger_controller_dag to 2021-01-01 00:00:00+00:00, run_after=2021-01-01 00:00:00+00:00
[2025-07-04T12:38:54.334+0530] {processor.py:183} INFO - Processing /home/tejhanagarajan/Projects/small-projects/NewsImpact/venv/lib64/python3.10/site-packages/airflow/example_dags/example_trigger_controller_dag.py took 0.043 seconds
[2025-07-04T12:38:55.038+0530] {processor.py:161} INFO - Started process (PID=35154) to work on /home/tejhanagarajan/Projects/small-projects/NewsImpact/venv/lib64/python3.10/site-packages/airflow/example_dags/example_trigger_controller_dag.py
[2025-07-04T12:38:55.039+0530] {processor.py:830} INFO - Processing file /home/tejhanagarajan/Projects/small-projects/NewsImpact/venv/lib64/python3.10/site-packages/airflow/example_dags/example_trigger_controller_dag.py for tasks to queue
[2025-07-04T12:38:55.040+0530] {logging_mixin.py:188} INFO - [2025-07-04T12:38:55.039+0530] {dagbag.py:538} INFO - Filling up the DagBag from /home/tejhanagarajan/Projects/small-projects/NewsImpact/venv/lib64/python3.10/site-packages/airflow/example_dags/example_trigger_controller_dag.py
[2025-07-04T12:38:55.046+0530] {processor.py:840} INFO - DAG(s) 'example_trigger_controller_dag' retrieved from /home/tejhanagarajan/Projects/small-projects/NewsImpact/venv/lib64/python3.10/site-packages/airflow/example_dags/example_trigger_controller_dag.py
[2025-07-04T12:38:55.056+0530] {logging_mixin.py:188} INFO - [2025-07-04T12:38:55.056+0530] {dag.py:3036} INFO - Sync 1 DAGs
[2025-07-04T12:38:55.065+0530] {logging_mixin.py:188} INFO - [2025-07-04T12:38:55.065+0530] {dag.py:3823} INFO - Setting next_dagrun for example_trigger_controller_dag to 2021-01-01 00:00:00+00:00, run_after=2021-01-01 00:00:00+00:00
[2025-07-04T12:38:55.083+0530] {processor.py:183} INFO - Processing /home/tejhanagarajan/Projects/small-projects/NewsImpact/venv/lib64/python3.10/site-packages/airflow/example_dags/example_trigger_controller_dag.py took 0.047 seconds
[2025-07-04T12:39:33.522+0530] {processor.py:161} INFO - Started process (PID=35514) to work on /home/tejhanagarajan/Projects/small-projects/NewsImpact/venv/lib64/python3.10/site-packages/airflow/example_dags/example_trigger_controller_dag.py
[2025-07-04T12:39:33.525+0530] {processor.py:830} INFO - Processing file /home/tejhanagarajan/Projects/small-projects/NewsImpact/venv/lib64/python3.10/site-packages/airflow/example_dags/example_trigger_controller_dag.py for tasks to queue
[2025-07-04T12:39:33.526+0530] {logging_mixin.py:188} INFO - [2025-07-04T12:39:33.526+0530] {dagbag.py:538} INFO - Filling up the DagBag from /home/tejhanagarajan/Projects/small-projects/NewsImpact/venv/lib64/python3.10/site-packages/airflow/example_dags/example_trigger_controller_dag.py
[2025-07-04T12:39:33.532+0530] {processor.py:840} INFO - DAG(s) 'example_trigger_controller_dag' retrieved from /home/tejhanagarajan/Projects/small-projects/NewsImpact/venv/lib64/python3.10/site-packages/airflow/example_dags/example_trigger_controller_dag.py
[2025-07-04T12:39:33.540+0530] {logging_mixin.py:188} INFO - [2025-07-04T12:39:33.540+0530] {dag.py:3036} INFO - Sync 1 DAGs
[2025-07-04T12:39:33.548+0530] {logging_mixin.py:188} INFO - [2025-07-04T12:39:33.548+0530] {dag.py:3823} INFO - Setting next_dagrun for example_trigger_controller_dag to 2021-01-01 00:00:00+00:00, run_after=2021-01-01 00:00:00+00:00
[2025-07-04T12:39:33.567+0530] {processor.py:183} INFO - Processing /home/tejhanagarajan/Projects/small-projects/NewsImpact/venv/lib64/python3.10/site-packages/airflow/example_dags/example_trigger_controller_dag.py took 0.048 seconds
[2025-07-04T12:39:41.247+0530] {processor.py:161} INFO - Started process (PID=35577) to work on /home/tejhanagarajan/Projects/small-projects/NewsImpact/venv/lib64/python3.10/site-packages/airflow/example_dags/example_trigger_controller_dag.py
[2025-07-04T12:39:41.247+0530] {processor.py:830} INFO - Processing file /home/tejhanagarajan/Projects/small-projects/NewsImpact/venv/lib64/python3.10/site-packages/airflow/example_dags/example_trigger_controller_dag.py for tasks to queue
[2025-07-04T12:39:41.248+0530] {logging_mixin.py:188} INFO - [2025-07-04T12:39:41.248+0530] {dagbag.py:538} INFO - Filling up the DagBag from /home/tejhanagarajan/Projects/small-projects/NewsImpact/venv/lib64/python3.10/site-packages/airflow/example_dags/example_trigger_controller_dag.py
[2025-07-04T12:39:41.251+0530] {processor.py:840} INFO - DAG(s) 'example_trigger_controller_dag' retrieved from /home/tejhanagarajan/Projects/small-projects/NewsImpact/venv/lib64/python3.10/site-packages/airflow/example_dags/example_trigger_controller_dag.py
[2025-07-04T12:39:41.259+0530] {logging_mixin.py:188} INFO - [2025-07-04T12:39:41.259+0530] {dag.py:3036} INFO - Sync 1 DAGs
[2025-07-04T12:39:41.267+0530] {logging_mixin.py:188} INFO - [2025-07-04T12:39:41.267+0530] {dag.py:3823} INFO - Setting next_dagrun for example_trigger_controller_dag to 2021-01-01 00:00:00+00:00, run_after=2021-01-01 00:00:00+00:00
[2025-07-04T12:39:41.284+0530] {processor.py:183} INFO - Processing /home/tejhanagarajan/Projects/small-projects/NewsImpact/venv/lib64/python3.10/site-packages/airflow/example_dags/example_trigger_controller_dag.py took 0.039 seconds
[2025-07-04T12:42:08.803+0530] {processor.py:161} INFO - Started process (PID=37851) to work on /home/tejhanagarajan/Projects/small-projects/NewsImpact/venv/lib64/python3.10/site-packages/airflow/example_dags/example_trigger_controller_dag.py
[2025-07-04T12:42:08.805+0530] {processor.py:830} INFO - Processing file /home/tejhanagarajan/Projects/small-projects/NewsImpact/venv/lib64/python3.10/site-packages/airflow/example_dags/example_trigger_controller_dag.py for tasks to queue
[2025-07-04T12:42:08.806+0530] {logging_mixin.py:188} INFO - [2025-07-04T12:42:08.806+0530] {dagbag.py:538} INFO - Filling up the DagBag from /home/tejhanagarajan/Projects/small-projects/NewsImpact/venv/lib64/python3.10/site-packages/airflow/example_dags/example_trigger_controller_dag.py
[2025-07-04T12:42:08.809+0530] {processor.py:840} INFO - DAG(s) 'example_trigger_controller_dag' retrieved from /home/tejhanagarajan/Projects/small-projects/NewsImpact/venv/lib64/python3.10/site-packages/airflow/example_dags/example_trigger_controller_dag.py
[2025-07-04T12:42:08.816+0530] {logging_mixin.py:188} INFO - [2025-07-04T12:42:08.816+0530] {dag.py:3036} INFO - Sync 1 DAGs
[2025-07-04T12:42:08.823+0530] {logging_mixin.py:188} INFO - [2025-07-04T12:42:08.823+0530] {dag.py:3823} INFO - Setting next_dagrun for example_trigger_controller_dag to 2021-01-01 00:00:00+00:00, run_after=2021-01-01 00:00:00+00:00
[2025-07-04T12:42:08.840+0530] {processor.py:183} INFO - Processing /home/tejhanagarajan/Projects/small-projects/NewsImpact/venv/lib64/python3.10/site-packages/airflow/example_dags/example_trigger_controller_dag.py took 0.039 seconds
[2025-07-04T12:42:55.349+0530] {processor.py:161} INFO - Started process (PID=38197) to work on /home/tejhanagarajan/Projects/small-projects/NewsImpact/venv/lib64/python3.10/site-packages/airflow/example_dags/example_trigger_controller_dag.py
[2025-07-04T12:42:55.351+0530] {processor.py:830} INFO - Processing file /home/tejhanagarajan/Projects/small-projects/NewsImpact/venv/lib64/python3.10/site-packages/airflow/example_dags/example_trigger_controller_dag.py for tasks to queue
[2025-07-04T12:42:55.352+0530] {logging_mixin.py:188} INFO - [2025-07-04T12:42:55.352+0530] {dagbag.py:538} INFO - Filling up the DagBag from /home/tejhanagarajan/Projects/small-projects/NewsImpact/venv/lib64/python3.10/site-packages/airflow/example_dags/example_trigger_controller_dag.py
[2025-07-04T12:42:55.354+0530] {processor.py:840} INFO - DAG(s) 'example_trigger_controller_dag' retrieved from /home/tejhanagarajan/Projects/small-projects/NewsImpact/venv/lib64/python3.10/site-packages/airflow/example_dags/example_trigger_controller_dag.py
[2025-07-04T12:42:55.361+0530] {logging_mixin.py:188} INFO - [2025-07-04T12:42:55.361+0530] {dag.py:3036} INFO - Sync 1 DAGs
[2025-07-04T12:42:55.369+0530] {logging_mixin.py:188} INFO - [2025-07-04T12:42:55.368+0530] {dag.py:3823} INFO - Setting next_dagrun for example_trigger_controller_dag to 2021-01-01 00:00:00+00:00, run_after=2021-01-01 00:00:00+00:00
[2025-07-04T12:42:55.387+0530] {processor.py:183} INFO - Processing /home/tejhanagarajan/Projects/small-projects/NewsImpact/venv/lib64/python3.10/site-packages/airflow/example_dags/example_trigger_controller_dag.py took 0.039 seconds
[2025-07-04T12:43:43.130+0530] {processor.py:161} INFO - Started process (PID=38580) to work on /home/tejhanagarajan/Projects/small-projects/NewsImpact/venv/lib64/python3.10/site-packages/airflow/example_dags/example_trigger_controller_dag.py
[2025-07-04T12:43:43.132+0530] {processor.py:830} INFO - Processing file /home/tejhanagarajan/Projects/small-projects/NewsImpact/venv/lib64/python3.10/site-packages/airflow/example_dags/example_trigger_controller_dag.py for tasks to queue
[2025-07-04T12:43:43.133+0530] {logging_mixin.py:188} INFO - [2025-07-04T12:43:43.133+0530] {dagbag.py:538} INFO - Filling up the DagBag from /home/tejhanagarajan/Projects/small-projects/NewsImpact/venv/lib64/python3.10/site-packages/airflow/example_dags/example_trigger_controller_dag.py
[2025-07-04T12:43:43.136+0530] {processor.py:840} INFO - DAG(s) 'example_trigger_controller_dag' retrieved from /home/tejhanagarajan/Projects/small-projects/NewsImpact/venv/lib64/python3.10/site-packages/airflow/example_dags/example_trigger_controller_dag.py
[2025-07-04T12:43:43.144+0530] {logging_mixin.py:188} INFO - [2025-07-04T12:43:43.144+0530] {dag.py:3036} INFO - Sync 1 DAGs
[2025-07-04T12:43:43.153+0530] {logging_mixin.py:188} INFO - [2025-07-04T12:43:43.153+0530] {dag.py:3823} INFO - Setting next_dagrun for example_trigger_controller_dag to 2021-01-01 00:00:00+00:00, run_after=2021-01-01 00:00:00+00:00
[2025-07-04T12:43:43.172+0530] {processor.py:183} INFO - Processing /home/tejhanagarajan/Projects/small-projects/NewsImpact/venv/lib64/python3.10/site-packages/airflow/example_dags/example_trigger_controller_dag.py took 0.045 seconds
[2025-07-04T12:44:34.164+0530] {processor.py:161} INFO - Started process (PID=38958) to work on /home/tejhanagarajan/Projects/small-projects/NewsImpact/venv/lib64/python3.10/site-packages/airflow/example_dags/example_trigger_controller_dag.py
[2025-07-04T12:44:34.167+0530] {processor.py:830} INFO - Processing file /home/tejhanagarajan/Projects/small-projects/NewsImpact/venv/lib64/python3.10/site-packages/airflow/example_dags/example_trigger_controller_dag.py for tasks to queue
[2025-07-04T12:44:34.168+0530] {logging_mixin.py:188} INFO - [2025-07-04T12:44:34.167+0530] {dagbag.py:538} INFO - Filling up the DagBag from /home/tejhanagarajan/Projects/small-projects/NewsImpact/venv/lib64/python3.10/site-packages/airflow/example_dags/example_trigger_controller_dag.py
[2025-07-04T12:44:34.171+0530] {processor.py:840} INFO - DAG(s) 'example_trigger_controller_dag' retrieved from /home/tejhanagarajan/Projects/small-projects/NewsImpact/venv/lib64/python3.10/site-packages/airflow/example_dags/example_trigger_controller_dag.py
[2025-07-04T12:44:34.177+0530] {logging_mixin.py:188} INFO - [2025-07-04T12:44:34.177+0530] {dag.py:3036} INFO - Sync 1 DAGs
[2025-07-04T12:44:34.185+0530] {logging_mixin.py:188} INFO - [2025-07-04T12:44:34.185+0530] {dag.py:3823} INFO - Setting next_dagrun for example_trigger_controller_dag to 2021-01-01 00:00:00+00:00, run_after=2021-01-01 00:00:00+00:00
[2025-07-04T12:44:34.202+0530] {processor.py:183} INFO - Processing /home/tejhanagarajan/Projects/small-projects/NewsImpact/venv/lib64/python3.10/site-packages/airflow/example_dags/example_trigger_controller_dag.py took 0.041 seconds
[2025-07-04T12:45:10.683+0530] {processor.py:161} INFO - Started process (PID=39225) to work on /home/tejhanagarajan/Projects/small-projects/NewsImpact/venv/lib64/python3.10/site-packages/airflow/example_dags/example_trigger_controller_dag.py
[2025-07-04T12:45:10.686+0530] {processor.py:830} INFO - Processing file /home/tejhanagarajan/Projects/small-projects/NewsImpact/venv/lib64/python3.10/site-packages/airflow/example_dags/example_trigger_controller_dag.py for tasks to queue
[2025-07-04T12:45:10.687+0530] {logging_mixin.py:188} INFO - [2025-07-04T12:45:10.687+0530] {dagbag.py:538} INFO - Filling up the DagBag from /home/tejhanagarajan/Projects/small-projects/NewsImpact/venv/lib64/python3.10/site-packages/airflow/example_dags/example_trigger_controller_dag.py
[2025-07-04T12:45:10.692+0530] {processor.py:840} INFO - DAG(s) 'example_trigger_controller_dag' retrieved from /home/tejhanagarajan/Projects/small-projects/NewsImpact/venv/lib64/python3.10/site-packages/airflow/example_dags/example_trigger_controller_dag.py
[2025-07-04T12:45:10.699+0530] {logging_mixin.py:188} INFO - [2025-07-04T12:45:10.698+0530] {dag.py:3036} INFO - Sync 1 DAGs
[2025-07-04T12:45:10.706+0530] {logging_mixin.py:188} INFO - [2025-07-04T12:45:10.706+0530] {dag.py:3823} INFO - Setting next_dagrun for example_trigger_controller_dag to 2021-01-01 00:00:00+00:00, run_after=2021-01-01 00:00:00+00:00
[2025-07-04T12:45:10.723+0530] {processor.py:183} INFO - Processing /home/tejhanagarajan/Projects/small-projects/NewsImpact/venv/lib64/python3.10/site-packages/airflow/example_dags/example_trigger_controller_dag.py took 0.044 seconds
[2025-07-04T12:46:03.356+0530] {processor.py:161} INFO - Started process (PID=39601) to work on /home/tejhanagarajan/Projects/small-projects/NewsImpact/venv/lib64/python3.10/site-packages/airflow/example_dags/example_trigger_controller_dag.py
[2025-07-04T12:46:03.358+0530] {processor.py:830} INFO - Processing file /home/tejhanagarajan/Projects/small-projects/NewsImpact/venv/lib64/python3.10/site-packages/airflow/example_dags/example_trigger_controller_dag.py for tasks to queue
[2025-07-04T12:46:03.359+0530] {logging_mixin.py:188} INFO - [2025-07-04T12:46:03.358+0530] {dagbag.py:538} INFO - Filling up the DagBag from /home/tejhanagarajan/Projects/small-projects/NewsImpact/venv/lib64/python3.10/site-packages/airflow/example_dags/example_trigger_controller_dag.py
[2025-07-04T12:46:03.363+0530] {processor.py:840} INFO - DAG(s) 'example_trigger_controller_dag' retrieved from /home/tejhanagarajan/Projects/small-projects/NewsImpact/venv/lib64/python3.10/site-packages/airflow/example_dags/example_trigger_controller_dag.py
[2025-07-04T12:46:03.369+0530] {logging_mixin.py:188} INFO - [2025-07-04T12:46:03.369+0530] {dag.py:3036} INFO - Sync 1 DAGs
[2025-07-04T12:46:03.377+0530] {logging_mixin.py:188} INFO - [2025-07-04T12:46:03.377+0530] {dag.py:3823} INFO - Setting next_dagrun for example_trigger_controller_dag to 2021-01-01 00:00:00+00:00, run_after=2021-01-01 00:00:00+00:00
[2025-07-04T12:46:03.393+0530] {processor.py:183} INFO - Processing /home/tejhanagarajan/Projects/small-projects/NewsImpact/venv/lib64/python3.10/site-packages/airflow/example_dags/example_trigger_controller_dag.py took 0.039 seconds
[2025-07-04T12:46:55.365+0530] {processor.py:161} INFO - Started process (PID=39986) to work on /home/tejhanagarajan/Projects/small-projects/NewsImpact/venv/lib64/python3.10/site-packages/airflow/example_dags/example_trigger_controller_dag.py
[2025-07-04T12:46:55.369+0530] {processor.py:830} INFO - Processing file /home/tejhanagarajan/Projects/small-projects/NewsImpact/venv/lib64/python3.10/site-packages/airflow/example_dags/example_trigger_controller_dag.py for tasks to queue
[2025-07-04T12:46:55.369+0530] {logging_mixin.py:188} INFO - [2025-07-04T12:46:55.369+0530] {dagbag.py:538} INFO - Filling up the DagBag from /home/tejhanagarajan/Projects/small-projects/NewsImpact/venv/lib64/python3.10/site-packages/airflow/example_dags/example_trigger_controller_dag.py
[2025-07-04T12:46:55.371+0530] {processor.py:840} INFO - DAG(s) 'example_trigger_controller_dag' retrieved from /home/tejhanagarajan/Projects/small-projects/NewsImpact/venv/lib64/python3.10/site-packages/airflow/example_dags/example_trigger_controller_dag.py
[2025-07-04T12:46:55.378+0530] {logging_mixin.py:188} INFO - [2025-07-04T12:46:55.378+0530] {dag.py:3036} INFO - Sync 1 DAGs
[2025-07-04T12:46:55.386+0530] {logging_mixin.py:188} INFO - [2025-07-04T12:46:55.386+0530] {dag.py:3823} INFO - Setting next_dagrun for example_trigger_controller_dag to 2021-01-01 00:00:00+00:00, run_after=2021-01-01 00:00:00+00:00
[2025-07-04T12:46:55.403+0530] {processor.py:183} INFO - Processing /home/tejhanagarajan/Projects/small-projects/NewsImpact/venv/lib64/python3.10/site-packages/airflow/example_dags/example_trigger_controller_dag.py took 0.039 seconds
[2025-07-04T12:47:29.700+0530] {processor.py:161} INFO - Started process (PID=40242) to work on /home/tejhanagarajan/Projects/small-projects/NewsImpact/venv/lib64/python3.10/site-packages/airflow/example_dags/example_trigger_controller_dag.py
[2025-07-04T12:47:29.703+0530] {processor.py:830} INFO - Processing file /home/tejhanagarajan/Projects/small-projects/NewsImpact/venv/lib64/python3.10/site-packages/airflow/example_dags/example_trigger_controller_dag.py for tasks to queue
[2025-07-04T12:47:29.704+0530] {logging_mixin.py:188} INFO - [2025-07-04T12:47:29.704+0530] {dagbag.py:538} INFO - Filling up the DagBag from /home/tejhanagarajan/Projects/small-projects/NewsImpact/venv/lib64/python3.10/site-packages/airflow/example_dags/example_trigger_controller_dag.py
[2025-07-04T12:47:29.708+0530] {processor.py:840} INFO - DAG(s) 'example_trigger_controller_dag' retrieved from /home/tejhanagarajan/Projects/small-projects/NewsImpact/venv/lib64/python3.10/site-packages/airflow/example_dags/example_trigger_controller_dag.py
[2025-07-04T12:47:29.714+0530] {logging_mixin.py:188} INFO - [2025-07-04T12:47:29.714+0530] {dag.py:3036} INFO - Sync 1 DAGs
[2025-07-04T12:47:29.722+0530] {logging_mixin.py:188} INFO - [2025-07-04T12:47:29.722+0530] {dag.py:3823} INFO - Setting next_dagrun for example_trigger_controller_dag to 2021-01-01 00:00:00+00:00, run_after=2021-01-01 00:00:00+00:00
[2025-07-04T12:47:29.741+0530] {processor.py:183} INFO - Processing /home/tejhanagarajan/Projects/small-projects/NewsImpact/venv/lib64/python3.10/site-packages/airflow/example_dags/example_trigger_controller_dag.py took 0.043 seconds
[2025-07-04T12:48:17.040+0530] {processor.py:161} INFO - Started process (PID=40603) to work on /home/tejhanagarajan/Projects/small-projects/NewsImpact/venv/lib64/python3.10/site-packages/airflow/example_dags/example_trigger_controller_dag.py
[2025-07-04T12:48:17.043+0530] {processor.py:830} INFO - Processing file /home/tejhanagarajan/Projects/small-projects/NewsImpact/venv/lib64/python3.10/site-packages/airflow/example_dags/example_trigger_controller_dag.py for tasks to queue
[2025-07-04T12:48:17.043+0530] {logging_mixin.py:188} INFO - [2025-07-04T12:48:17.043+0530] {dagbag.py:538} INFO - Filling up the DagBag from /home/tejhanagarajan/Projects/small-projects/NewsImpact/venv/lib64/python3.10/site-packages/airflow/example_dags/example_trigger_controller_dag.py
[2025-07-04T12:48:17.047+0530] {processor.py:840} INFO - DAG(s) 'example_trigger_controller_dag' retrieved from /home/tejhanagarajan/Projects/small-projects/NewsImpact/venv/lib64/python3.10/site-packages/airflow/example_dags/example_trigger_controller_dag.py
[2025-07-04T12:48:17.055+0530] {logging_mixin.py:188} INFO - [2025-07-04T12:48:17.054+0530] {dag.py:3036} INFO - Sync 1 DAGs
[2025-07-04T12:48:17.064+0530] {logging_mixin.py:188} INFO - [2025-07-04T12:48:17.064+0530] {dag.py:3823} INFO - Setting next_dagrun for example_trigger_controller_dag to 2021-01-01 00:00:00+00:00, run_after=2021-01-01 00:00:00+00:00
[2025-07-04T12:48:17.081+0530] {processor.py:183} INFO - Processing /home/tejhanagarajan/Projects/small-projects/NewsImpact/venv/lib64/python3.10/site-packages/airflow/example_dags/example_trigger_controller_dag.py took 0.044 seconds
