[2025-07-04T12:27:07.858+0530] {processor.py:161} INFO - Started process (PID=25385) to work on /home/tejhanagarajan/Projects/small-projects/NewsImpact/venv/lib64/python3.10/site-packages/airflow/example_dags/example_complex.py
[2025-07-04T12:27:07.858+0530] {processor.py:830} INFO - Processing file /home/tejhanagarajan/Projects/small-projects/NewsImpact/venv/lib64/python3.10/site-packages/airflow/example_dags/example_complex.py for tasks to queue
[2025-07-04T12:27:07.859+0530] {logging_mixin.py:188} INFO - [2025-07-04T12:27:07.859+0530] {dagbag.py:538} INFO - Filling up the DagBag from /home/tejhanagarajan/Projects/small-projects/NewsImpact/venv/lib64/python3.10/site-packages/airflow/example_dags/example_complex.py
[2025-07-04T12:27:07.865+0530] {processor.py:840} INFO - DAG(s) 'example_complex' retrieved from /home/tejhanagarajan/Projects/small-projects/NewsImpact/venv/lib64/python3.10/site-packages/airflow/example_dags/example_complex.py
[2025-07-04T12:27:07.929+0530] {logging_mixin.py:188} INFO - [2025-07-04T12:27:07.928+0530] {override.py:1769} INFO - Created Permission View: can read on DAG:example_complex
[2025-07-04T12:27:07.940+0530] {logging_mixin.py:188} INFO - [2025-07-04T12:27:07.940+0530] {override.py:1769} INFO - Created Permission View: can edit on DAG:example_complex
[2025-07-04T12:27:07.955+0530] {logging_mixin.py:188} INFO - [2025-07-04T12:27:07.954+0530] {override.py:1769} INFO - Created Permission View: can delete on DAG:example_complex
[2025-07-04T12:27:07.955+0530] {logging_mixin.py:188} INFO - [2025-07-04T12:27:07.955+0530] {dag.py:3036} INFO - Sync 1 DAGs
[2025-07-04T12:27:07.967+0530] {logging_mixin.py:188} INFO - [2025-07-04T12:27:07.967+0530] {dag.py:3058} INFO - Creating ORM DAG for example_complex
[2025-07-04T12:27:07.967+0530] {logging_mixin.py:188} INFO - [2025-07-04T12:27:07.967+0530] {dag.py:3823} INFO - Setting next_dagrun for example_complex to None, run_after=None
[2025-07-04T12:27:07.992+0530] {processor.py:183} INFO - Processing /home/tejhanagarajan/Projects/small-projects/NewsImpact/venv/lib64/python3.10/site-packages/airflow/example_dags/example_complex.py took 0.136 seconds
[2025-07-04T12:28:06.263+0530] {processor.py:161} INFO - Started process (PID=25830) to work on /home/tejhanagarajan/Projects/small-projects/NewsImpact/venv/lib64/python3.10/site-packages/airflow/example_dags/example_complex.py
[2025-07-04T12:28:06.264+0530] {processor.py:830} INFO - Processing file /home/tejhanagarajan/Projects/small-projects/NewsImpact/venv/lib64/python3.10/site-packages/airflow/example_dags/example_complex.py for tasks to queue
[2025-07-04T12:28:06.264+0530] {logging_mixin.py:188} INFO - [2025-07-04T12:28:06.264+0530] {dagbag.py:538} INFO - Filling up the DagBag from /home/tejhanagarajan/Projects/small-projects/NewsImpact/venv/lib64/python3.10/site-packages/airflow/example_dags/example_complex.py
[2025-07-04T12:28:06.271+0530] {processor.py:840} INFO - DAG(s) 'example_complex' retrieved from /home/tejhanagarajan/Projects/small-projects/NewsImpact/venv/lib64/python3.10/site-packages/airflow/example_dags/example_complex.py
[2025-07-04T12:28:06.282+0530] {logging_mixin.py:188} INFO - [2025-07-04T12:28:06.282+0530] {dag.py:3036} INFO - Sync 1 DAGs
[2025-07-04T12:28:06.287+0530] {logging_mixin.py:188} INFO - [2025-07-04T12:28:06.287+0530] {dag.py:3823} INFO - Setting next_dagrun for example_complex to None, run_after=None
[2025-07-04T12:28:06.305+0530] {processor.py:183} INFO - Processing /home/tejhanagarajan/Projects/small-projects/NewsImpact/venv/lib64/python3.10/site-packages/airflow/example_dags/example_complex.py took 0.043 seconds
[2025-07-04T12:29:04.343+0530] {processor.py:161} INFO - Started process (PID=26336) to work on /home/tejhanagarajan/Projects/small-projects/NewsImpact/venv/lib64/python3.10/site-packages/airflow/example_dags/example_complex.py
[2025-07-04T12:29:04.343+0530] {processor.py:830} INFO - Processing file /home/tejhanagarajan/Projects/small-projects/NewsImpact/venv/lib64/python3.10/site-packages/airflow/example_dags/example_complex.py for tasks to queue
[2025-07-04T12:29:04.344+0530] {logging_mixin.py:188} INFO - [2025-07-04T12:29:04.344+0530] {dagbag.py:538} INFO - Filling up the DagBag from /home/tejhanagarajan/Projects/small-projects/NewsImpact/venv/lib64/python3.10/site-packages/airflow/example_dags/example_complex.py
[2025-07-04T12:29:04.349+0530] {processor.py:840} INFO - DAG(s) 'example_complex' retrieved from /home/tejhanagarajan/Projects/small-projects/NewsImpact/venv/lib64/python3.10/site-packages/airflow/example_dags/example_complex.py
[2025-07-04T12:29:04.360+0530] {logging_mixin.py:188} INFO - [2025-07-04T12:29:04.360+0530] {dag.py:3036} INFO - Sync 1 DAGs
[2025-07-04T12:29:04.365+0530] {logging_mixin.py:188} INFO - [2025-07-04T12:29:04.364+0530] {dag.py:3823} INFO - Setting next_dagrun for example_complex to None, run_after=None
[2025-07-04T12:29:04.383+0530] {processor.py:183} INFO - Processing /home/tejhanagarajan/Projects/small-projects/NewsImpact/venv/lib64/python3.10/site-packages/airflow/example_dags/example_complex.py took 0.042 seconds
[2025-07-04T12:29:56.798+0530] {processor.py:161} INFO - Started process (PID=26774) to work on /home/tejhanagarajan/Projects/small-projects/NewsImpact/venv/lib64/python3.10/site-packages/airflow/example_dags/example_complex.py
[2025-07-04T12:29:56.799+0530] {processor.py:830} INFO - Processing file /home/tejhanagarajan/Projects/small-projects/NewsImpact/venv/lib64/python3.10/site-packages/airflow/example_dags/example_complex.py for tasks to queue
[2025-07-04T12:29:56.799+0530] {logging_mixin.py:188} INFO - [2025-07-04T12:29:56.799+0530] {dagbag.py:538} INFO - Filling up the DagBag from /home/tejhanagarajan/Projects/small-projects/NewsImpact/venv/lib64/python3.10/site-packages/airflow/example_dags/example_complex.py
[2025-07-04T12:29:56.804+0530] {processor.py:840} INFO - DAG(s) 'example_complex' retrieved from /home/tejhanagarajan/Projects/small-projects/NewsImpact/venv/lib64/python3.10/site-packages/airflow/example_dags/example_complex.py
[2025-07-04T12:29:56.814+0530] {logging_mixin.py:188} INFO - [2025-07-04T12:29:56.814+0530] {dag.py:3036} INFO - Sync 1 DAGs
[2025-07-04T12:29:56.819+0530] {logging_mixin.py:188} INFO - [2025-07-04T12:29:56.819+0530] {dag.py:3823} INFO - Setting next_dagrun for example_complex to None, run_after=None
[2025-07-04T12:29:56.837+0530] {processor.py:183} INFO - Processing /home/tejhanagarajan/Projects/small-projects/NewsImpact/venv/lib64/python3.10/site-packages/airflow/example_dags/example_complex.py took 0.040 seconds
[2025-07-04T12:30:50.940+0530] {processor.py:161} INFO - Started process (PID=27142) to work on /home/tejhanagarajan/Projects/small-projects/NewsImpact/venv/lib64/python3.10/site-packages/airflow/example_dags/example_complex.py
[2025-07-04T12:30:50.943+0530] {processor.py:830} INFO - Processing file /home/tejhanagarajan/Projects/small-projects/NewsImpact/venv/lib64/python3.10/site-packages/airflow/example_dags/example_complex.py for tasks to queue
[2025-07-04T12:30:50.944+0530] {logging_mixin.py:188} INFO - [2025-07-04T12:30:50.943+0530] {dagbag.py:538} INFO - Filling up the DagBag from /home/tejhanagarajan/Projects/small-projects/NewsImpact/venv/lib64/python3.10/site-packages/airflow/example_dags/example_complex.py
[2025-07-04T12:30:50.951+0530] {processor.py:840} INFO - DAG(s) 'example_complex' retrieved from /home/tejhanagarajan/Projects/small-projects/NewsImpact/venv/lib64/python3.10/site-packages/airflow/example_dags/example_complex.py
[2025-07-04T12:30:50.964+0530] {logging_mixin.py:188} INFO - [2025-07-04T12:30:50.964+0530] {dag.py:3036} INFO - Sync 1 DAGs
[2025-07-04T12:30:50.968+0530] {logging_mixin.py:188} INFO - [2025-07-04T12:30:50.968+0530] {dag.py:3823} INFO - Setting next_dagrun for example_complex to None, run_after=None
[2025-07-04T12:30:50.987+0530] {processor.py:183} INFO - Processing /home/tejhanagarajan/Projects/small-projects/NewsImpact/venv/lib64/python3.10/site-packages/airflow/example_dags/example_complex.py took 0.050 seconds
[2025-07-04T12:33:31.462+0530] {processor.py:161} INFO - Started process (PID=30234) to work on /home/tejhanagarajan/Projects/small-projects/NewsImpact/venv/lib64/python3.10/site-packages/airflow/example_dags/example_complex.py
[2025-07-04T12:33:31.464+0530] {processor.py:830} INFO - Processing file /home/tejhanagarajan/Projects/small-projects/NewsImpact/venv/lib64/python3.10/site-packages/airflow/example_dags/example_complex.py for tasks to queue
[2025-07-04T12:33:31.465+0530] {logging_mixin.py:188} INFO - [2025-07-04T12:33:31.465+0530] {dagbag.py:538} INFO - Filling up the DagBag from /home/tejhanagarajan/Projects/small-projects/NewsImpact/venv/lib64/python3.10/site-packages/airflow/example_dags/example_complex.py
[2025-07-04T12:33:31.471+0530] {processor.py:840} INFO - DAG(s) 'example_complex' retrieved from /home/tejhanagarajan/Projects/small-projects/NewsImpact/venv/lib64/python3.10/site-packages/airflow/example_dags/example_complex.py
[2025-07-04T12:33:31.482+0530] {logging_mixin.py:188} INFO - [2025-07-04T12:33:31.482+0530] {dag.py:3036} INFO - Sync 1 DAGs
[2025-07-04T12:33:31.487+0530] {logging_mixin.py:188} INFO - [2025-07-04T12:33:31.487+0530] {dag.py:3823} INFO - Setting next_dagrun for example_complex to None, run_after=None
[2025-07-04T12:33:31.504+0530] {processor.py:183} INFO - Processing /home/tejhanagarajan/Projects/small-projects/NewsImpact/venv/lib64/python3.10/site-packages/airflow/example_dags/example_complex.py took 0.044 seconds
[2025-07-04T12:34:22.786+0530] {processor.py:161} INFO - Started process (PID=30890) to work on /home/tejhanagarajan/Projects/small-projects/NewsImpact/venv/lib64/python3.10/site-packages/airflow/example_dags/example_complex.py
[2025-07-04T12:34:22.789+0530] {processor.py:830} INFO - Processing file /home/tejhanagarajan/Projects/small-projects/NewsImpact/venv/lib64/python3.10/site-packages/airflow/example_dags/example_complex.py for tasks to queue
[2025-07-04T12:34:22.789+0530] {logging_mixin.py:188} INFO - [2025-07-04T12:34:22.789+0530] {dagbag.py:538} INFO - Filling up the DagBag from /home/tejhanagarajan/Projects/small-projects/NewsImpact/venv/lib64/python3.10/site-packages/airflow/example_dags/example_complex.py
[2025-07-04T12:34:22.794+0530] {processor.py:840} INFO - DAG(s) 'example_complex' retrieved from /home/tejhanagarajan/Projects/small-projects/NewsImpact/venv/lib64/python3.10/site-packages/airflow/example_dags/example_complex.py
[2025-07-04T12:34:22.805+0530] {logging_mixin.py:188} INFO - [2025-07-04T12:34:22.805+0530] {dag.py:3036} INFO - Sync 1 DAGs
[2025-07-04T12:34:22.810+0530] {logging_mixin.py:188} INFO - [2025-07-04T12:34:22.810+0530] {dag.py:3823} INFO - Setting next_dagrun for example_complex to None, run_after=None
[2025-07-04T12:34:22.828+0530] {processor.py:183} INFO - Processing /home/tejhanagarajan/Projects/small-projects/NewsImpact/venv/lib64/python3.10/site-packages/airflow/example_dags/example_complex.py took 0.043 seconds
[2025-07-04T12:35:16.137+0530] {processor.py:161} INFO - Started process (PID=31247) to work on /home/tejhanagarajan/Projects/small-projects/NewsImpact/venv/lib64/python3.10/site-packages/airflow/example_dags/example_complex.py
[2025-07-04T12:35:16.140+0530] {processor.py:830} INFO - Processing file /home/tejhanagarajan/Projects/small-projects/NewsImpact/venv/lib64/python3.10/site-packages/airflow/example_dags/example_complex.py for tasks to queue
[2025-07-04T12:35:16.141+0530] {logging_mixin.py:188} INFO - [2025-07-04T12:35:16.141+0530] {dagbag.py:538} INFO - Filling up the DagBag from /home/tejhanagarajan/Projects/small-projects/NewsImpact/venv/lib64/python3.10/site-packages/airflow/example_dags/example_complex.py
[2025-07-04T12:35:16.148+0530] {processor.py:840} INFO - DAG(s) 'example_complex' retrieved from /home/tejhanagarajan/Projects/small-projects/NewsImpact/venv/lib64/python3.10/site-packages/airflow/example_dags/example_complex.py
[2025-07-04T12:35:16.158+0530] {logging_mixin.py:188} INFO - [2025-07-04T12:35:16.158+0530] {dag.py:3036} INFO - Sync 1 DAGs
[2025-07-04T12:35:16.162+0530] {logging_mixin.py:188} INFO - [2025-07-04T12:35:16.162+0530] {dag.py:3823} INFO - Setting next_dagrun for example_complex to None, run_after=None
[2025-07-04T12:35:16.181+0530] {processor.py:183} INFO - Processing /home/tejhanagarajan/Projects/small-projects/NewsImpact/venv/lib64/python3.10/site-packages/airflow/example_dags/example_complex.py took 0.047 seconds
[2025-07-04T12:36:11.030+0530] {processor.py:161} INFO - Started process (PID=31732) to work on /home/tejhanagarajan/Projects/small-projects/NewsImpact/venv/lib64/python3.10/site-packages/airflow/example_dags/example_complex.py
[2025-07-04T12:36:11.033+0530] {processor.py:830} INFO - Processing file /home/tejhanagarajan/Projects/small-projects/NewsImpact/venv/lib64/python3.10/site-packages/airflow/example_dags/example_complex.py for tasks to queue
[2025-07-04T12:36:11.033+0530] {logging_mixin.py:188} INFO - [2025-07-04T12:36:11.033+0530] {dagbag.py:538} INFO - Filling up the DagBag from /home/tejhanagarajan/Projects/small-projects/NewsImpact/venv/lib64/python3.10/site-packages/airflow/example_dags/example_complex.py
[2025-07-04T12:36:11.040+0530] {processor.py:840} INFO - DAG(s) 'example_complex' retrieved from /home/tejhanagarajan/Projects/small-projects/NewsImpact/venv/lib64/python3.10/site-packages/airflow/example_dags/example_complex.py
[2025-07-04T12:36:11.052+0530] {logging_mixin.py:188} INFO - [2025-07-04T12:36:11.052+0530] {dag.py:3036} INFO - Sync 1 DAGs
[2025-07-04T12:36:11.056+0530] {logging_mixin.py:188} INFO - [2025-07-04T12:36:11.056+0530] {dag.py:3823} INFO - Setting next_dagrun for example_complex to None, run_after=None
[2025-07-04T12:36:11.072+0530] {processor.py:183} INFO - Processing /home/tejhanagarajan/Projects/small-projects/NewsImpact/venv/lib64/python3.10/site-packages/airflow/example_dags/example_complex.py took 0.043 seconds
[2025-07-04T12:37:04.043+0530] {processor.py:161} INFO - Started process (PID=32242) to work on /home/tejhanagarajan/Projects/small-projects/NewsImpact/venv/lib64/python3.10/site-packages/airflow/example_dags/example_complex.py
[2025-07-04T12:37:04.047+0530] {processor.py:830} INFO - Processing file /home/tejhanagarajan/Projects/small-projects/NewsImpact/venv/lib64/python3.10/site-packages/airflow/example_dags/example_complex.py for tasks to queue
[2025-07-04T12:37:04.048+0530] {logging_mixin.py:188} INFO - [2025-07-04T12:37:04.048+0530] {dagbag.py:538} INFO - Filling up the DagBag from /home/tejhanagarajan/Projects/small-projects/NewsImpact/venv/lib64/python3.10/site-packages/airflow/example_dags/example_complex.py
[2025-07-04T12:37:04.053+0530] {processor.py:840} INFO - DAG(s) 'example_complex' retrieved from /home/tejhanagarajan/Projects/small-projects/NewsImpact/venv/lib64/python3.10/site-packages/airflow/example_dags/example_complex.py
[2025-07-04T12:37:04.064+0530] {logging_mixin.py:188} INFO - [2025-07-04T12:37:04.064+0530] {dag.py:3036} INFO - Sync 1 DAGs
[2025-07-04T12:37:04.069+0530] {logging_mixin.py:188} INFO - [2025-07-04T12:37:04.069+0530] {dag.py:3823} INFO - Setting next_dagrun for example_complex to None, run_after=None
[2025-07-04T12:37:04.087+0530] {processor.py:183} INFO - Processing /home/tejhanagarajan/Projects/small-projects/NewsImpact/venv/lib64/python3.10/site-packages/airflow/example_dags/example_complex.py took 0.046 seconds
[2025-07-04T12:37:51.666+0530] {processor.py:161} INFO - Started process (PID=33900) to work on /home/tejhanagarajan/Projects/small-projects/NewsImpact/venv/lib64/python3.10/site-packages/airflow/example_dags/example_complex.py
[2025-07-04T12:37:51.669+0530] {processor.py:830} INFO - Processing file /home/tejhanagarajan/Projects/small-projects/NewsImpact/venv/lib64/python3.10/site-packages/airflow/example_dags/example_complex.py for tasks to queue
[2025-07-04T12:37:51.670+0530] {logging_mixin.py:188} INFO - [2025-07-04T12:37:51.669+0530] {dagbag.py:538} INFO - Filling up the DagBag from /home/tejhanagarajan/Projects/small-projects/NewsImpact/venv/lib64/python3.10/site-packages/airflow/example_dags/example_complex.py
[2025-07-04T12:37:51.680+0530] {processor.py:840} INFO - DAG(s) 'example_complex' retrieved from /home/tejhanagarajan/Projects/small-projects/NewsImpact/venv/lib64/python3.10/site-packages/airflow/example_dags/example_complex.py
[2025-07-04T12:37:51.690+0530] {logging_mixin.py:188} INFO - [2025-07-04T12:37:51.690+0530] {dag.py:3036} INFO - Sync 1 DAGs
[2025-07-04T12:37:51.694+0530] {logging_mixin.py:188} INFO - [2025-07-04T12:37:51.694+0530] {dag.py:3823} INFO - Setting next_dagrun for example_complex to None, run_after=None
[2025-07-04T12:37:51.710+0530] {processor.py:183} INFO - Processing /home/tejhanagarajan/Projects/small-projects/NewsImpact/venv/lib64/python3.10/site-packages/airflow/example_dags/example_complex.py took 0.048 seconds
[2025-07-04T12:38:33.418+0530] {processor.py:161} INFO - Started process (PID=34932) to work on /home/tejhanagarajan/Projects/small-projects/NewsImpact/venv/lib64/python3.10/site-packages/airflow/example_dags/example_complex.py
[2025-07-04T12:38:33.420+0530] {processor.py:830} INFO - Processing file /home/tejhanagarajan/Projects/small-projects/NewsImpact/venv/lib64/python3.10/site-packages/airflow/example_dags/example_complex.py for tasks to queue
[2025-07-04T12:38:33.421+0530] {logging_mixin.py:188} INFO - [2025-07-04T12:38:33.421+0530] {dagbag.py:538} INFO - Filling up the DagBag from /home/tejhanagarajan/Projects/small-projects/NewsImpact/venv/lib64/python3.10/site-packages/airflow/example_dags/example_complex.py
[2025-07-04T12:38:33.429+0530] {processor.py:840} INFO - DAG(s) 'example_complex' retrieved from /home/tejhanagarajan/Projects/small-projects/NewsImpact/venv/lib64/python3.10/site-packages/airflow/example_dags/example_complex.py
[2025-07-04T12:38:33.442+0530] {logging_mixin.py:188} INFO - [2025-07-04T12:38:33.441+0530] {dag.py:3036} INFO - Sync 1 DAGs
[2025-07-04T12:38:33.446+0530] {logging_mixin.py:188} INFO - [2025-07-04T12:38:33.446+0530] {dag.py:3823} INFO - Setting next_dagrun for example_complex to None, run_after=None
[2025-07-04T12:38:33.465+0530] {processor.py:183} INFO - Processing /home/tejhanagarajan/Projects/small-projects/NewsImpact/venv/lib64/python3.10/site-packages/airflow/example_dags/example_complex.py took 0.049 seconds
[2025-07-04T12:38:43.172+0530] {processor.py:161} INFO - Started process (PID=35035) to work on /home/tejhanagarajan/Projects/small-projects/NewsImpact/venv/lib64/python3.10/site-packages/airflow/example_dags/example_complex.py
[2025-07-04T12:38:43.172+0530] {processor.py:830} INFO - Processing file /home/tejhanagarajan/Projects/small-projects/NewsImpact/venv/lib64/python3.10/site-packages/airflow/example_dags/example_complex.py for tasks to queue
[2025-07-04T12:38:43.172+0530] {logging_mixin.py:188} INFO - [2025-07-04T12:38:43.172+0530] {dagbag.py:538} INFO - Filling up the DagBag from /home/tejhanagarajan/Projects/small-projects/NewsImpact/venv/lib64/python3.10/site-packages/airflow/example_dags/example_complex.py
[2025-07-04T12:38:43.177+0530] {processor.py:840} INFO - DAG(s) 'example_complex' retrieved from /home/tejhanagarajan/Projects/small-projects/NewsImpact/venv/lib64/python3.10/site-packages/airflow/example_dags/example_complex.py
[2025-07-04T12:38:43.188+0530] {logging_mixin.py:188} INFO - [2025-07-04T12:38:43.188+0530] {dag.py:3036} INFO - Sync 1 DAGs
[2025-07-04T12:38:43.192+0530] {logging_mixin.py:188} INFO - [2025-07-04T12:38:43.192+0530] {dag.py:3823} INFO - Setting next_dagrun for example_complex to None, run_after=None
[2025-07-04T12:38:43.208+0530] {processor.py:183} INFO - Processing /home/tejhanagarajan/Projects/small-projects/NewsImpact/venv/lib64/python3.10/site-packages/airflow/example_dags/example_complex.py took 0.038 seconds
[2025-07-04T12:39:24.981+0530] {processor.py:161} INFO - Started process (PID=35448) to work on /home/tejhanagarajan/Projects/small-projects/NewsImpact/venv/lib64/python3.10/site-packages/airflow/example_dags/example_complex.py
[2025-07-04T12:39:24.983+0530] {processor.py:830} INFO - Processing file /home/tejhanagarajan/Projects/small-projects/NewsImpact/venv/lib64/python3.10/site-packages/airflow/example_dags/example_complex.py for tasks to queue
[2025-07-04T12:39:24.984+0530] {logging_mixin.py:188} INFO - [2025-07-04T12:39:24.983+0530] {dagbag.py:538} INFO - Filling up the DagBag from /home/tejhanagarajan/Projects/small-projects/NewsImpact/venv/lib64/python3.10/site-packages/airflow/example_dags/example_complex.py
[2025-07-04T12:39:24.988+0530] {processor.py:840} INFO - DAG(s) 'example_complex' retrieved from /home/tejhanagarajan/Projects/small-projects/NewsImpact/venv/lib64/python3.10/site-packages/airflow/example_dags/example_complex.py
[2025-07-04T12:39:24.998+0530] {logging_mixin.py:188} INFO - [2025-07-04T12:39:24.998+0530] {dag.py:3036} INFO - Sync 1 DAGs
[2025-07-04T12:39:25.003+0530] {logging_mixin.py:188} INFO - [2025-07-04T12:39:25.003+0530] {dag.py:3823} INFO - Setting next_dagrun for example_complex to None, run_after=None
[2025-07-04T12:39:25.020+0530] {processor.py:183} INFO - Processing /home/tejhanagarajan/Projects/small-projects/NewsImpact/venv/lib64/python3.10/site-packages/airflow/example_dags/example_complex.py took 0.041 seconds
[2025-07-04T12:39:37.533+0530] {processor.py:161} INFO - Started process (PID=35543) to work on /home/tejhanagarajan/Projects/small-projects/NewsImpact/venv/lib64/python3.10/site-packages/airflow/example_dags/example_complex.py
[2025-07-04T12:39:37.535+0530] {processor.py:830} INFO - Processing file /home/tejhanagarajan/Projects/small-projects/NewsImpact/venv/lib64/python3.10/site-packages/airflow/example_dags/example_complex.py for tasks to queue
[2025-07-04T12:39:37.535+0530] {logging_mixin.py:188} INFO - [2025-07-04T12:39:37.535+0530] {dagbag.py:538} INFO - Filling up the DagBag from /home/tejhanagarajan/Projects/small-projects/NewsImpact/venv/lib64/python3.10/site-packages/airflow/example_dags/example_complex.py
[2025-07-04T12:39:37.540+0530] {processor.py:840} INFO - DAG(s) 'example_complex' retrieved from /home/tejhanagarajan/Projects/small-projects/NewsImpact/venv/lib64/python3.10/site-packages/airflow/example_dags/example_complex.py
[2025-07-04T12:39:37.552+0530] {logging_mixin.py:188} INFO - [2025-07-04T12:39:37.551+0530] {dag.py:3036} INFO - Sync 1 DAGs
[2025-07-04T12:39:37.557+0530] {logging_mixin.py:188} INFO - [2025-07-04T12:39:37.557+0530] {dag.py:3823} INFO - Setting next_dagrun for example_complex to None, run_after=None
[2025-07-04T12:39:37.574+0530] {processor.py:183} INFO - Processing /home/tejhanagarajan/Projects/small-projects/NewsImpact/venv/lib64/python3.10/site-packages/airflow/example_dags/example_complex.py took 0.043 seconds
[2025-07-04T12:42:35.632+0530] {processor.py:161} INFO - Started process (PID=38034) to work on /home/tejhanagarajan/Projects/small-projects/NewsImpact/venv/lib64/python3.10/site-packages/airflow/example_dags/example_complex.py
[2025-07-04T12:42:35.634+0530] {processor.py:830} INFO - Processing file /home/tejhanagarajan/Projects/small-projects/NewsImpact/venv/lib64/python3.10/site-packages/airflow/example_dags/example_complex.py for tasks to queue
[2025-07-04T12:42:35.635+0530] {logging_mixin.py:188} INFO - [2025-07-04T12:42:35.635+0530] {dagbag.py:538} INFO - Filling up the DagBag from /home/tejhanagarajan/Projects/small-projects/NewsImpact/venv/lib64/python3.10/site-packages/airflow/example_dags/example_complex.py
[2025-07-04T12:42:35.642+0530] {processor.py:840} INFO - DAG(s) 'example_complex' retrieved from /home/tejhanagarajan/Projects/small-projects/NewsImpact/venv/lib64/python3.10/site-packages/airflow/example_dags/example_complex.py
[2025-07-04T12:42:35.653+0530] {logging_mixin.py:188} INFO - [2025-07-04T12:42:35.653+0530] {dag.py:3036} INFO - Sync 1 DAGs
[2025-07-04T12:42:35.658+0530] {logging_mixin.py:188} INFO - [2025-07-04T12:42:35.658+0530] {dag.py:3823} INFO - Setting next_dagrun for example_complex to None, run_after=None
[2025-07-04T12:42:35.674+0530] {processor.py:183} INFO - Processing /home/tejhanagarajan/Projects/small-projects/NewsImpact/venv/lib64/python3.10/site-packages/airflow/example_dags/example_complex.py took 0.044 seconds
[2025-07-04T12:43:26.065+0530] {processor.py:161} INFO - Started process (PID=38474) to work on /home/tejhanagarajan/Projects/small-projects/NewsImpact/venv/lib64/python3.10/site-packages/airflow/example_dags/example_complex.py
[2025-07-04T12:43:26.066+0530] {processor.py:830} INFO - Processing file /home/tejhanagarajan/Projects/small-projects/NewsImpact/venv/lib64/python3.10/site-packages/airflow/example_dags/example_complex.py for tasks to queue
[2025-07-04T12:43:26.067+0530] {logging_mixin.py:188} INFO - [2025-07-04T12:43:26.067+0530] {dagbag.py:538} INFO - Filling up the DagBag from /home/tejhanagarajan/Projects/small-projects/NewsImpact/venv/lib64/python3.10/site-packages/airflow/example_dags/example_complex.py
[2025-07-04T12:43:26.071+0530] {processor.py:840} INFO - DAG(s) 'example_complex' retrieved from /home/tejhanagarajan/Projects/small-projects/NewsImpact/venv/lib64/python3.10/site-packages/airflow/example_dags/example_complex.py
[2025-07-04T12:43:26.081+0530] {logging_mixin.py:188} INFO - [2025-07-04T12:43:26.081+0530] {dag.py:3036} INFO - Sync 1 DAGs
[2025-07-04T12:43:26.086+0530] {logging_mixin.py:188} INFO - [2025-07-04T12:43:26.086+0530] {dag.py:3823} INFO - Setting next_dagrun for example_complex to None, run_after=None
[2025-07-04T12:43:26.102+0530] {processor.py:183} INFO - Processing /home/tejhanagarajan/Projects/small-projects/NewsImpact/venv/lib64/python3.10/site-packages/airflow/example_dags/example_complex.py took 0.038 seconds
[2025-07-04T12:44:19.191+0530] {processor.py:161} INFO - Started process (PID=38837) to work on /home/tejhanagarajan/Projects/small-projects/NewsImpact/venv/lib64/python3.10/site-packages/airflow/example_dags/example_complex.py
[2025-07-04T12:44:19.193+0530] {processor.py:830} INFO - Processing file /home/tejhanagarajan/Projects/small-projects/NewsImpact/venv/lib64/python3.10/site-packages/airflow/example_dags/example_complex.py for tasks to queue
[2025-07-04T12:44:19.194+0530] {logging_mixin.py:188} INFO - [2025-07-04T12:44:19.194+0530] {dagbag.py:538} INFO - Filling up the DagBag from /home/tejhanagarajan/Projects/small-projects/NewsImpact/venv/lib64/python3.10/site-packages/airflow/example_dags/example_complex.py
[2025-07-04T12:44:19.199+0530] {processor.py:840} INFO - DAG(s) 'example_complex' retrieved from /home/tejhanagarajan/Projects/small-projects/NewsImpact/venv/lib64/python3.10/site-packages/airflow/example_dags/example_complex.py
[2025-07-04T12:44:19.209+0530] {logging_mixin.py:188} INFO - [2025-07-04T12:44:19.209+0530] {dag.py:3036} INFO - Sync 1 DAGs
[2025-07-04T12:44:19.214+0530] {logging_mixin.py:188} INFO - [2025-07-04T12:44:19.214+0530] {dag.py:3823} INFO - Setting next_dagrun for example_complex to None, run_after=None
[2025-07-04T12:44:19.230+0530] {processor.py:183} INFO - Processing /home/tejhanagarajan/Projects/small-projects/NewsImpact/venv/lib64/python3.10/site-packages/airflow/example_dags/example_complex.py took 0.041 seconds
[2025-07-04T12:45:13.170+0530] {processor.py:161} INFO - Started process (PID=39252) to work on /home/tejhanagarajan/Projects/small-projects/NewsImpact/venv/lib64/python3.10/site-packages/airflow/example_dags/example_complex.py
[2025-07-04T12:45:13.173+0530] {processor.py:830} INFO - Processing file /home/tejhanagarajan/Projects/small-projects/NewsImpact/venv/lib64/python3.10/site-packages/airflow/example_dags/example_complex.py for tasks to queue
[2025-07-04T12:45:13.174+0530] {logging_mixin.py:188} INFO - [2025-07-04T12:45:13.173+0530] {dagbag.py:538} INFO - Filling up the DagBag from /home/tejhanagarajan/Projects/small-projects/NewsImpact/venv/lib64/python3.10/site-packages/airflow/example_dags/example_complex.py
[2025-07-04T12:45:13.179+0530] {processor.py:840} INFO - DAG(s) 'example_complex' retrieved from /home/tejhanagarajan/Projects/small-projects/NewsImpact/venv/lib64/python3.10/site-packages/airflow/example_dags/example_complex.py
[2025-07-04T12:45:13.190+0530] {logging_mixin.py:188} INFO - [2025-07-04T12:45:13.190+0530] {dag.py:3036} INFO - Sync 1 DAGs
[2025-07-04T12:45:13.194+0530] {logging_mixin.py:188} INFO - [2025-07-04T12:45:13.194+0530] {dag.py:3823} INFO - Setting next_dagrun for example_complex to None, run_after=None
[2025-07-04T12:45:13.211+0530] {processor.py:183} INFO - Processing /home/tejhanagarajan/Projects/small-projects/NewsImpact/venv/lib64/python3.10/site-packages/airflow/example_dags/example_complex.py took 0.043 seconds
[2025-07-04T12:46:07.363+0530] {processor.py:161} INFO - Started process (PID=39626) to work on /home/tejhanagarajan/Projects/small-projects/NewsImpact/venv/lib64/python3.10/site-packages/airflow/example_dags/example_complex.py
[2025-07-04T12:46:07.366+0530] {processor.py:830} INFO - Processing file /home/tejhanagarajan/Projects/small-projects/NewsImpact/venv/lib64/python3.10/site-packages/airflow/example_dags/example_complex.py for tasks to queue
[2025-07-04T12:46:07.367+0530] {logging_mixin.py:188} INFO - [2025-07-04T12:46:07.367+0530] {dagbag.py:538} INFO - Filling up the DagBag from /home/tejhanagarajan/Projects/small-projects/NewsImpact/venv/lib64/python3.10/site-packages/airflow/example_dags/example_complex.py
[2025-07-04T12:46:07.372+0530] {processor.py:840} INFO - DAG(s) 'example_complex' retrieved from /home/tejhanagarajan/Projects/small-projects/NewsImpact/venv/lib64/python3.10/site-packages/airflow/example_dags/example_complex.py
[2025-07-04T12:46:07.383+0530] {logging_mixin.py:188} INFO - [2025-07-04T12:46:07.383+0530] {dag.py:3036} INFO - Sync 1 DAGs
[2025-07-04T12:46:07.387+0530] {logging_mixin.py:188} INFO - [2025-07-04T12:46:07.387+0530] {dag.py:3823} INFO - Setting next_dagrun for example_complex to None, run_after=None
[2025-07-04T12:46:07.404+0530] {processor.py:183} INFO - Processing /home/tejhanagarajan/Projects/small-projects/NewsImpact/venv/lib64/python3.10/site-packages/airflow/example_dags/example_complex.py took 0.043 seconds
[2025-07-04T12:46:58.891+0530] {processor.py:161} INFO - Started process (PID=40012) to work on /home/tejhanagarajan/Projects/small-projects/NewsImpact/venv/lib64/python3.10/site-packages/airflow/example_dags/example_complex.py
[2025-07-04T12:46:58.893+0530] {processor.py:830} INFO - Processing file /home/tejhanagarajan/Projects/small-projects/NewsImpact/venv/lib64/python3.10/site-packages/airflow/example_dags/example_complex.py for tasks to queue
[2025-07-04T12:46:58.894+0530] {logging_mixin.py:188} INFO - [2025-07-04T12:46:58.894+0530] {dagbag.py:538} INFO - Filling up the DagBag from /home/tejhanagarajan/Projects/small-projects/NewsImpact/venv/lib64/python3.10/site-packages/airflow/example_dags/example_complex.py
[2025-07-04T12:46:58.900+0530] {processor.py:840} INFO - DAG(s) 'example_complex' retrieved from /home/tejhanagarajan/Projects/small-projects/NewsImpact/venv/lib64/python3.10/site-packages/airflow/example_dags/example_complex.py
[2025-07-04T12:46:58.912+0530] {logging_mixin.py:188} INFO - [2025-07-04T12:46:58.911+0530] {dag.py:3036} INFO - Sync 1 DAGs
[2025-07-04T12:46:58.917+0530] {logging_mixin.py:188} INFO - [2025-07-04T12:46:58.917+0530] {dag.py:3823} INFO - Setting next_dagrun for example_complex to None, run_after=None
[2025-07-04T12:46:58.934+0530] {processor.py:183} INFO - Processing /home/tejhanagarajan/Projects/small-projects/NewsImpact/venv/lib64/python3.10/site-packages/airflow/example_dags/example_complex.py took 0.046 seconds
[2025-07-04T12:47:52.585+0530] {processor.py:161} INFO - Started process (PID=40409) to work on /home/tejhanagarajan/Projects/small-projects/NewsImpact/venv/lib64/python3.10/site-packages/airflow/example_dags/example_complex.py
[2025-07-04T12:47:52.587+0530] {processor.py:830} INFO - Processing file /home/tejhanagarajan/Projects/small-projects/NewsImpact/venv/lib64/python3.10/site-packages/airflow/example_dags/example_complex.py for tasks to queue
[2025-07-04T12:47:52.588+0530] {logging_mixin.py:188} INFO - [2025-07-04T12:47:52.588+0530] {dagbag.py:538} INFO - Filling up the DagBag from /home/tejhanagarajan/Projects/small-projects/NewsImpact/venv/lib64/python3.10/site-packages/airflow/example_dags/example_complex.py
[2025-07-04T12:47:52.593+0530] {processor.py:840} INFO - DAG(s) 'example_complex' retrieved from /home/tejhanagarajan/Projects/small-projects/NewsImpact/venv/lib64/python3.10/site-packages/airflow/example_dags/example_complex.py
[2025-07-04T12:47:52.603+0530] {logging_mixin.py:188} INFO - [2025-07-04T12:47:52.603+0530] {dag.py:3036} INFO - Sync 1 DAGs
[2025-07-04T12:47:52.608+0530] {logging_mixin.py:188} INFO - [2025-07-04T12:47:52.607+0530] {dag.py:3823} INFO - Setting next_dagrun for example_complex to None, run_after=None
[2025-07-04T12:47:52.623+0530] {processor.py:183} INFO - Processing /home/tejhanagarajan/Projects/small-projects/NewsImpact/venv/lib64/python3.10/site-packages/airflow/example_dags/example_complex.py took 0.040 seconds
