[2025-07-04T12:27:03.968+0530] {processor.py:161} INFO - Started process (PID=25358) to work on /home/tejhanagarajan/Projects/small-projects/NewsImpact/venv/lib64/python3.10/site-packages/airflow/example_dags/example_dynamic_task_mapping.py
[2025-07-04T12:27:03.969+0530] {processor.py:830} INFO - Processing file /home/tejhanagarajan/Projects/small-projects/NewsImpact/venv/lib64/python3.10/site-packages/airflow/example_dags/example_dynamic_task_mapping.py for tasks to queue
[2025-07-04T12:27:03.970+0530] {logging_mixin.py:188} INFO - [2025-07-04T12:27:03.969+0530] {dagbag.py:538} INFO - Filling up the DagBag from /home/tejhanagarajan/Projects/small-projects/NewsImpact/venv/lib64/python3.10/site-packages/airflow/example_dags/example_dynamic_task_mapping.py
[2025-07-04T12:27:03.973+0530] {processor.py:840} INFO - DAG(s) 'example_dynamic_task_mapping' retrieved from /home/tejhanagarajan/Projects/small-projects/NewsImpact/venv/lib64/python3.10/site-packages/airflow/example_dags/example_dynamic_task_mapping.py
[2025-07-04T12:27:04.030+0530] {logging_mixin.py:188} INFO - [2025-07-04T12:27:04.030+0530] {override.py:1769} INFO - Created Permission View: can read on DAG:example_dynamic_task_mapping
[2025-07-04T12:27:04.043+0530] {logging_mixin.py:188} INFO - [2025-07-04T12:27:04.043+0530] {override.py:1769} INFO - Created Permission View: can edit on DAG:example_dynamic_task_mapping
[2025-07-04T12:27:04.057+0530] {logging_mixin.py:188} INFO - [2025-07-04T12:27:04.056+0530] {override.py:1769} INFO - Created Permission View: can delete on DAG:example_dynamic_task_mapping
[2025-07-04T12:27:04.057+0530] {logging_mixin.py:188} INFO - [2025-07-04T12:27:04.057+0530] {dag.py:3036} INFO - Sync 1 DAGs
[2025-07-04T12:27:04.064+0530] {logging_mixin.py:188} INFO - [2025-07-04T12:27:04.064+0530] {dag.py:3058} INFO - Creating ORM DAG for example_dynamic_task_mapping
[2025-07-04T12:27:04.068+0530] {logging_mixin.py:188} INFO - [2025-07-04T12:27:04.068+0530] {dag.py:3823} INFO - Setting next_dagrun for example_dynamic_task_mapping to 2022-03-04 00:00:00+00:00, run_after=2022-03-05 00:00:00+00:00
[2025-07-04T12:27:04.083+0530] {processor.py:183} INFO - Processing /home/tejhanagarajan/Projects/small-projects/NewsImpact/venv/lib64/python3.10/site-packages/airflow/example_dags/example_dynamic_task_mapping.py took 0.117 seconds
[2025-07-04T12:27:53.285+0530] {processor.py:161} INFO - Started process (PID=25722) to work on /home/tejhanagarajan/Projects/small-projects/NewsImpact/venv/lib64/python3.10/site-packages/airflow/example_dags/example_dynamic_task_mapping.py
[2025-07-04T12:27:53.286+0530] {processor.py:830} INFO - Processing file /home/tejhanagarajan/Projects/small-projects/NewsImpact/venv/lib64/python3.10/site-packages/airflow/example_dags/example_dynamic_task_mapping.py for tasks to queue
[2025-07-04T12:27:53.286+0530] {logging_mixin.py:188} INFO - [2025-07-04T12:27:53.286+0530] {dagbag.py:538} INFO - Filling up the DagBag from /home/tejhanagarajan/Projects/small-projects/NewsImpact/venv/lib64/python3.10/site-packages/airflow/example_dags/example_dynamic_task_mapping.py
[2025-07-04T12:27:53.290+0530] {processor.py:840} INFO - DAG(s) 'example_dynamic_task_mapping' retrieved from /home/tejhanagarajan/Projects/small-projects/NewsImpact/venv/lib64/python3.10/site-packages/airflow/example_dags/example_dynamic_task_mapping.py
[2025-07-04T12:27:53.296+0530] {logging_mixin.py:188} INFO - [2025-07-04T12:27:53.296+0530] {dag.py:3036} INFO - Sync 1 DAGs
[2025-07-04T12:27:53.305+0530] {logging_mixin.py:188} INFO - [2025-07-04T12:27:53.305+0530] {dag.py:3823} INFO - Setting next_dagrun for example_dynamic_task_mapping to 2022-03-04 00:00:00+00:00, run_after=2022-03-05 00:00:00+00:00
[2025-07-04T12:27:53.322+0530] {processor.py:183} INFO - Processing /home/tejhanagarajan/Projects/small-projects/NewsImpact/venv/lib64/python3.10/site-packages/airflow/example_dags/example_dynamic_task_mapping.py took 0.038 seconds
[2025-07-04T12:28:50.040+0530] {processor.py:161} INFO - Started process (PID=26223) to work on /home/tejhanagarajan/Projects/small-projects/NewsImpact/venv/lib64/python3.10/site-packages/airflow/example_dags/example_dynamic_task_mapping.py
[2025-07-04T12:28:50.040+0530] {processor.py:830} INFO - Processing file /home/tejhanagarajan/Projects/small-projects/NewsImpact/venv/lib64/python3.10/site-packages/airflow/example_dags/example_dynamic_task_mapping.py for tasks to queue
[2025-07-04T12:28:50.041+0530] {logging_mixin.py:188} INFO - [2025-07-04T12:28:50.041+0530] {dagbag.py:538} INFO - Filling up the DagBag from /home/tejhanagarajan/Projects/small-projects/NewsImpact/venv/lib64/python3.10/site-packages/airflow/example_dags/example_dynamic_task_mapping.py
[2025-07-04T12:28:50.044+0530] {processor.py:840} INFO - DAG(s) 'example_dynamic_task_mapping' retrieved from /home/tejhanagarajan/Projects/small-projects/NewsImpact/venv/lib64/python3.10/site-packages/airflow/example_dags/example_dynamic_task_mapping.py
[2025-07-04T12:28:50.050+0530] {logging_mixin.py:188} INFO - [2025-07-04T12:28:50.050+0530] {dag.py:3036} INFO - Sync 1 DAGs
[2025-07-04T12:28:50.058+0530] {logging_mixin.py:188} INFO - [2025-07-04T12:28:50.058+0530] {dag.py:3823} INFO - Setting next_dagrun for example_dynamic_task_mapping to 2022-03-04 00:00:00+00:00, run_after=2022-03-05 00:00:00+00:00
[2025-07-04T12:28:50.078+0530] {processor.py:183} INFO - Processing /home/tejhanagarajan/Projects/small-projects/NewsImpact/venv/lib64/python3.10/site-packages/airflow/example_dags/example_dynamic_task_mapping.py took 0.040 seconds
[2025-07-04T12:29:47.895+0530] {processor.py:161} INFO - Started process (PID=26695) to work on /home/tejhanagarajan/Projects/small-projects/NewsImpact/venv/lib64/python3.10/site-packages/airflow/example_dags/example_dynamic_task_mapping.py
[2025-07-04T12:29:47.898+0530] {processor.py:830} INFO - Processing file /home/tejhanagarajan/Projects/small-projects/NewsImpact/venv/lib64/python3.10/site-packages/airflow/example_dags/example_dynamic_task_mapping.py for tasks to queue
[2025-07-04T12:29:47.899+0530] {logging_mixin.py:188} INFO - [2025-07-04T12:29:47.898+0530] {dagbag.py:538} INFO - Filling up the DagBag from /home/tejhanagarajan/Projects/small-projects/NewsImpact/venv/lib64/python3.10/site-packages/airflow/example_dags/example_dynamic_task_mapping.py
[2025-07-04T12:29:47.905+0530] {processor.py:840} INFO - DAG(s) 'example_dynamic_task_mapping' retrieved from /home/tejhanagarajan/Projects/small-projects/NewsImpact/venv/lib64/python3.10/site-packages/airflow/example_dags/example_dynamic_task_mapping.py
[2025-07-04T12:29:47.912+0530] {logging_mixin.py:188} INFO - [2025-07-04T12:29:47.912+0530] {dag.py:3036} INFO - Sync 1 DAGs
[2025-07-04T12:29:47.920+0530] {logging_mixin.py:188} INFO - [2025-07-04T12:29:47.920+0530] {dag.py:3823} INFO - Setting next_dagrun for example_dynamic_task_mapping to 2022-03-04 00:00:00+00:00, run_after=2022-03-05 00:00:00+00:00
[2025-07-04T12:29:47.939+0530] {processor.py:183} INFO - Processing /home/tejhanagarajan/Projects/small-projects/NewsImpact/venv/lib64/python3.10/site-packages/airflow/example_dags/example_dynamic_task_mapping.py took 0.046 seconds
[2025-07-04T12:30:38.506+0530] {processor.py:161} INFO - Started process (PID=27065) to work on /home/tejhanagarajan/Projects/small-projects/NewsImpact/venv/lib64/python3.10/site-packages/airflow/example_dags/example_dynamic_task_mapping.py
[2025-07-04T12:30:38.509+0530] {processor.py:830} INFO - Processing file /home/tejhanagarajan/Projects/small-projects/NewsImpact/venv/lib64/python3.10/site-packages/airflow/example_dags/example_dynamic_task_mapping.py for tasks to queue
[2025-07-04T12:30:38.510+0530] {logging_mixin.py:188} INFO - [2025-07-04T12:30:38.510+0530] {dagbag.py:538} INFO - Filling up the DagBag from /home/tejhanagarajan/Projects/small-projects/NewsImpact/venv/lib64/python3.10/site-packages/airflow/example_dags/example_dynamic_task_mapping.py
[2025-07-04T12:30:38.516+0530] {processor.py:840} INFO - DAG(s) 'example_dynamic_task_mapping' retrieved from /home/tejhanagarajan/Projects/small-projects/NewsImpact/venv/lib64/python3.10/site-packages/airflow/example_dags/example_dynamic_task_mapping.py
[2025-07-04T12:30:38.522+0530] {logging_mixin.py:188} INFO - [2025-07-04T12:30:38.522+0530] {dag.py:3036} INFO - Sync 1 DAGs
[2025-07-04T12:30:38.530+0530] {logging_mixin.py:188} INFO - [2025-07-04T12:30:38.530+0530] {dag.py:3823} INFO - Setting next_dagrun for example_dynamic_task_mapping to 2022-03-04 00:00:00+00:00, run_after=2022-03-05 00:00:00+00:00
[2025-07-04T12:30:38.547+0530] {processor.py:183} INFO - Processing /home/tejhanagarajan/Projects/small-projects/NewsImpact/venv/lib64/python3.10/site-packages/airflow/example_dags/example_dynamic_task_mapping.py took 0.044 seconds
[2025-07-04T12:33:27.948+0530] {processor.py:161} INFO - Started process (PID=30219) to work on /home/tejhanagarajan/Projects/small-projects/NewsImpact/venv/lib64/python3.10/site-packages/airflow/example_dags/example_dynamic_task_mapping.py
[2025-07-04T12:33:27.950+0530] {processor.py:830} INFO - Processing file /home/tejhanagarajan/Projects/small-projects/NewsImpact/venv/lib64/python3.10/site-packages/airflow/example_dags/example_dynamic_task_mapping.py for tasks to queue
[2025-07-04T12:33:27.951+0530] {logging_mixin.py:188} INFO - [2025-07-04T12:33:27.951+0530] {dagbag.py:538} INFO - Filling up the DagBag from /home/tejhanagarajan/Projects/small-projects/NewsImpact/venv/lib64/python3.10/site-packages/airflow/example_dags/example_dynamic_task_mapping.py
[2025-07-04T12:33:27.955+0530] {processor.py:840} INFO - DAG(s) 'example_dynamic_task_mapping' retrieved from /home/tejhanagarajan/Projects/small-projects/NewsImpact/venv/lib64/python3.10/site-packages/airflow/example_dags/example_dynamic_task_mapping.py
[2025-07-04T12:33:27.961+0530] {logging_mixin.py:188} INFO - [2025-07-04T12:33:27.961+0530] {dag.py:3036} INFO - Sync 1 DAGs
[2025-07-04T12:33:27.969+0530] {logging_mixin.py:188} INFO - [2025-07-04T12:33:27.969+0530] {dag.py:3823} INFO - Setting next_dagrun for example_dynamic_task_mapping to 2022-03-04 00:00:00+00:00, run_after=2022-03-05 00:00:00+00:00
[2025-07-04T12:33:27.987+0530] {processor.py:183} INFO - Processing /home/tejhanagarajan/Projects/small-projects/NewsImpact/venv/lib64/python3.10/site-packages/airflow/example_dags/example_dynamic_task_mapping.py took 0.042 seconds
[2025-07-04T12:34:19.461+0530] {processor.py:161} INFO - Started process (PID=30866) to work on /home/tejhanagarajan/Projects/small-projects/NewsImpact/venv/lib64/python3.10/site-packages/airflow/example_dags/example_dynamic_task_mapping.py
[2025-07-04T12:34:19.462+0530] {processor.py:830} INFO - Processing file /home/tejhanagarajan/Projects/small-projects/NewsImpact/venv/lib64/python3.10/site-packages/airflow/example_dags/example_dynamic_task_mapping.py for tasks to queue
[2025-07-04T12:34:19.463+0530] {logging_mixin.py:188} INFO - [2025-07-04T12:34:19.463+0530] {dagbag.py:538} INFO - Filling up the DagBag from /home/tejhanagarajan/Projects/small-projects/NewsImpact/venv/lib64/python3.10/site-packages/airflow/example_dags/example_dynamic_task_mapping.py
[2025-07-04T12:34:19.468+0530] {processor.py:840} INFO - DAG(s) 'example_dynamic_task_mapping' retrieved from /home/tejhanagarajan/Projects/small-projects/NewsImpact/venv/lib64/python3.10/site-packages/airflow/example_dags/example_dynamic_task_mapping.py
[2025-07-04T12:34:19.476+0530] {logging_mixin.py:188} INFO - [2025-07-04T12:34:19.475+0530] {dag.py:3036} INFO - Sync 1 DAGs
[2025-07-04T12:34:19.485+0530] {logging_mixin.py:188} INFO - [2025-07-04T12:34:19.485+0530] {dag.py:3823} INFO - Setting next_dagrun for example_dynamic_task_mapping to 2022-03-04 00:00:00+00:00, run_after=2022-03-05 00:00:00+00:00
[2025-07-04T12:34:19.501+0530] {processor.py:183} INFO - Processing /home/tejhanagarajan/Projects/small-projects/NewsImpact/venv/lib64/python3.10/site-packages/airflow/example_dags/example_dynamic_task_mapping.py took 0.043 seconds
[2025-07-04T12:35:13.285+0530] {processor.py:161} INFO - Started process (PID=31233) to work on /home/tejhanagarajan/Projects/small-projects/NewsImpact/venv/lib64/python3.10/site-packages/airflow/example_dags/example_dynamic_task_mapping.py
[2025-07-04T12:35:13.288+0530] {processor.py:830} INFO - Processing file /home/tejhanagarajan/Projects/small-projects/NewsImpact/venv/lib64/python3.10/site-packages/airflow/example_dags/example_dynamic_task_mapping.py for tasks to queue
[2025-07-04T12:35:13.288+0530] {logging_mixin.py:188} INFO - [2025-07-04T12:35:13.288+0530] {dagbag.py:538} INFO - Filling up the DagBag from /home/tejhanagarajan/Projects/small-projects/NewsImpact/venv/lib64/python3.10/site-packages/airflow/example_dags/example_dynamic_task_mapping.py
[2025-07-04T12:35:13.291+0530] {processor.py:840} INFO - DAG(s) 'example_dynamic_task_mapping' retrieved from /home/tejhanagarajan/Projects/small-projects/NewsImpact/venv/lib64/python3.10/site-packages/airflow/example_dags/example_dynamic_task_mapping.py
[2025-07-04T12:35:13.297+0530] {logging_mixin.py:188} INFO - [2025-07-04T12:35:13.297+0530] {dag.py:3036} INFO - Sync 1 DAGs
[2025-07-04T12:35:13.305+0530] {logging_mixin.py:188} INFO - [2025-07-04T12:35:13.305+0530] {dag.py:3823} INFO - Setting next_dagrun for example_dynamic_task_mapping to 2022-03-04 00:00:00+00:00, run_after=2022-03-05 00:00:00+00:00
[2025-07-04T12:35:13.322+0530] {processor.py:183} INFO - Processing /home/tejhanagarajan/Projects/small-projects/NewsImpact/venv/lib64/python3.10/site-packages/airflow/example_dags/example_dynamic_task_mapping.py took 0.038 seconds
[2025-07-04T12:36:00.606+0530] {processor.py:161} INFO - Started process (PID=31643) to work on /home/tejhanagarajan/Projects/small-projects/NewsImpact/venv/lib64/python3.10/site-packages/airflow/example_dags/example_dynamic_task_mapping.py
[2025-07-04T12:36:00.608+0530] {processor.py:830} INFO - Processing file /home/tejhanagarajan/Projects/small-projects/NewsImpact/venv/lib64/python3.10/site-packages/airflow/example_dags/example_dynamic_task_mapping.py for tasks to queue
[2025-07-04T12:36:00.609+0530] {logging_mixin.py:188} INFO - [2025-07-04T12:36:00.609+0530] {dagbag.py:538} INFO - Filling up the DagBag from /home/tejhanagarajan/Projects/small-projects/NewsImpact/venv/lib64/python3.10/site-packages/airflow/example_dags/example_dynamic_task_mapping.py
[2025-07-04T12:36:00.612+0530] {processor.py:840} INFO - DAG(s) 'example_dynamic_task_mapping' retrieved from /home/tejhanagarajan/Projects/small-projects/NewsImpact/venv/lib64/python3.10/site-packages/airflow/example_dags/example_dynamic_task_mapping.py
[2025-07-04T12:36:00.618+0530] {logging_mixin.py:188} INFO - [2025-07-04T12:36:00.618+0530] {dag.py:3036} INFO - Sync 1 DAGs
[2025-07-04T12:36:00.626+0530] {logging_mixin.py:188} INFO - [2025-07-04T12:36:00.625+0530] {dag.py:3823} INFO - Setting next_dagrun for example_dynamic_task_mapping to 2022-03-04 00:00:00+00:00, run_after=2022-03-05 00:00:00+00:00
[2025-07-04T12:36:00.641+0530] {processor.py:183} INFO - Processing /home/tejhanagarajan/Projects/small-projects/NewsImpact/venv/lib64/python3.10/site-packages/airflow/example_dags/example_dynamic_task_mapping.py took 0.037 seconds
[2025-07-04T12:36:55.204+0530] {processor.py:161} INFO - Started process (PID=32191) to work on /home/tejhanagarajan/Projects/small-projects/NewsImpact/venv/lib64/python3.10/site-packages/airflow/example_dags/example_dynamic_task_mapping.py
[2025-07-04T12:36:55.206+0530] {processor.py:830} INFO - Processing file /home/tejhanagarajan/Projects/small-projects/NewsImpact/venv/lib64/python3.10/site-packages/airflow/example_dags/example_dynamic_task_mapping.py for tasks to queue
[2025-07-04T12:36:55.207+0530] {logging_mixin.py:188} INFO - [2025-07-04T12:36:55.207+0530] {dagbag.py:538} INFO - Filling up the DagBag from /home/tejhanagarajan/Projects/small-projects/NewsImpact/venv/lib64/python3.10/site-packages/airflow/example_dags/example_dynamic_task_mapping.py
[2025-07-04T12:36:55.211+0530] {processor.py:840} INFO - DAG(s) 'example_dynamic_task_mapping' retrieved from /home/tejhanagarajan/Projects/small-projects/NewsImpact/venv/lib64/python3.10/site-packages/airflow/example_dags/example_dynamic_task_mapping.py
[2025-07-04T12:36:55.218+0530] {logging_mixin.py:188} INFO - [2025-07-04T12:36:55.218+0530] {dag.py:3036} INFO - Sync 1 DAGs
[2025-07-04T12:36:55.227+0530] {logging_mixin.py:188} INFO - [2025-07-04T12:36:55.227+0530] {dag.py:3823} INFO - Setting next_dagrun for example_dynamic_task_mapping to 2022-03-04 00:00:00+00:00, run_after=2022-03-05 00:00:00+00:00
[2025-07-04T12:36:55.246+0530] {processor.py:183} INFO - Processing /home/tejhanagarajan/Projects/small-projects/NewsImpact/venv/lib64/python3.10/site-packages/airflow/example_dags/example_dynamic_task_mapping.py took 0.043 seconds
[2025-07-04T12:37:41.268+0530] {processor.py:161} INFO - Started process (PID=32795) to work on /home/tejhanagarajan/Projects/small-projects/NewsImpact/venv/lib64/python3.10/site-packages/airflow/example_dags/example_dynamic_task_mapping.py
[2025-07-04T12:37:41.273+0530] {processor.py:830} INFO - Processing file /home/tejhanagarajan/Projects/small-projects/NewsImpact/venv/lib64/python3.10/site-packages/airflow/example_dags/example_dynamic_task_mapping.py for tasks to queue
[2025-07-04T12:37:41.275+0530] {logging_mixin.py:188} INFO - [2025-07-04T12:37:41.274+0530] {dagbag.py:538} INFO - Filling up the DagBag from /home/tejhanagarajan/Projects/small-projects/NewsImpact/venv/lib64/python3.10/site-packages/airflow/example_dags/example_dynamic_task_mapping.py
[2025-07-04T12:37:41.282+0530] {processor.py:840} INFO - DAG(s) 'example_dynamic_task_mapping' retrieved from /home/tejhanagarajan/Projects/small-projects/NewsImpact/venv/lib64/python3.10/site-packages/airflow/example_dags/example_dynamic_task_mapping.py
[2025-07-04T12:37:41.289+0530] {logging_mixin.py:188} INFO - [2025-07-04T12:37:41.289+0530] {dag.py:3036} INFO - Sync 1 DAGs
[2025-07-04T12:37:41.297+0530] {logging_mixin.py:188} INFO - [2025-07-04T12:37:41.297+0530] {dag.py:3823} INFO - Setting next_dagrun for example_dynamic_task_mapping to 2022-03-04 00:00:00+00:00, run_after=2022-03-05 00:00:00+00:00
[2025-07-04T12:37:41.312+0530] {processor.py:183} INFO - Processing /home/tejhanagarajan/Projects/small-projects/NewsImpact/venv/lib64/python3.10/site-packages/airflow/example_dags/example_dynamic_task_mapping.py took 0.048 seconds
[2025-07-04T12:38:30.014+0530] {processor.py:161} INFO - Started process (PID=34915) to work on /home/tejhanagarajan/Projects/small-projects/NewsImpact/venv/lib64/python3.10/site-packages/airflow/example_dags/example_dynamic_task_mapping.py
[2025-07-04T12:38:30.016+0530] {processor.py:830} INFO - Processing file /home/tejhanagarajan/Projects/small-projects/NewsImpact/venv/lib64/python3.10/site-packages/airflow/example_dags/example_dynamic_task_mapping.py for tasks to queue
[2025-07-04T12:38:30.017+0530] {logging_mixin.py:188} INFO - [2025-07-04T12:38:30.016+0530] {dagbag.py:538} INFO - Filling up the DagBag from /home/tejhanagarajan/Projects/small-projects/NewsImpact/venv/lib64/python3.10/site-packages/airflow/example_dags/example_dynamic_task_mapping.py
[2025-07-04T12:38:30.022+0530] {processor.py:840} INFO - DAG(s) 'example_dynamic_task_mapping' retrieved from /home/tejhanagarajan/Projects/small-projects/NewsImpact/venv/lib64/python3.10/site-packages/airflow/example_dags/example_dynamic_task_mapping.py
[2025-07-04T12:38:30.030+0530] {logging_mixin.py:188} INFO - [2025-07-04T12:38:30.029+0530] {dag.py:3036} INFO - Sync 1 DAGs
[2025-07-04T12:38:30.038+0530] {logging_mixin.py:188} INFO - [2025-07-04T12:38:30.038+0530] {dag.py:3823} INFO - Setting next_dagrun for example_dynamic_task_mapping to 2022-03-04 00:00:00+00:00, run_after=2022-03-05 00:00:00+00:00
[2025-07-04T12:38:30.055+0530] {processor.py:183} INFO - Processing /home/tejhanagarajan/Projects/small-projects/NewsImpact/venv/lib64/python3.10/site-packages/airflow/example_dags/example_dynamic_task_mapping.py took 0.043 seconds
[2025-07-04T12:38:32.879+0530] {processor.py:161} INFO - Started process (PID=34931) to work on /home/tejhanagarajan/Projects/small-projects/NewsImpact/venv/lib64/python3.10/site-packages/airflow/example_dags/example_dynamic_task_mapping.py
[2025-07-04T12:38:32.880+0530] {processor.py:830} INFO - Processing file /home/tejhanagarajan/Projects/small-projects/NewsImpact/venv/lib64/python3.10/site-packages/airflow/example_dags/example_dynamic_task_mapping.py for tasks to queue
[2025-07-04T12:38:32.880+0530] {logging_mixin.py:188} INFO - [2025-07-04T12:38:32.880+0530] {dagbag.py:538} INFO - Filling up the DagBag from /home/tejhanagarajan/Projects/small-projects/NewsImpact/venv/lib64/python3.10/site-packages/airflow/example_dags/example_dynamic_task_mapping.py
[2025-07-04T12:38:32.885+0530] {processor.py:840} INFO - DAG(s) 'example_dynamic_task_mapping' retrieved from /home/tejhanagarajan/Projects/small-projects/NewsImpact/venv/lib64/python3.10/site-packages/airflow/example_dags/example_dynamic_task_mapping.py
[2025-07-04T12:38:32.892+0530] {logging_mixin.py:188} INFO - [2025-07-04T12:38:32.892+0530] {dag.py:3036} INFO - Sync 1 DAGs
[2025-07-04T12:38:32.902+0530] {logging_mixin.py:188} INFO - [2025-07-04T12:38:32.902+0530] {dag.py:3823} INFO - Setting next_dagrun for example_dynamic_task_mapping to 2022-03-04 00:00:00+00:00, run_after=2022-03-05 00:00:00+00:00
[2025-07-04T12:38:32.918+0530] {processor.py:183} INFO - Processing /home/tejhanagarajan/Projects/small-projects/NewsImpact/venv/lib64/python3.10/site-packages/airflow/example_dags/example_dynamic_task_mapping.py took 0.041 seconds
[2025-07-04T12:39:16.435+0530] {processor.py:161} INFO - Started process (PID=35369) to work on /home/tejhanagarajan/Projects/small-projects/NewsImpact/venv/lib64/python3.10/site-packages/airflow/example_dags/example_dynamic_task_mapping.py
[2025-07-04T12:39:16.436+0530] {processor.py:830} INFO - Processing file /home/tejhanagarajan/Projects/small-projects/NewsImpact/venv/lib64/python3.10/site-packages/airflow/example_dags/example_dynamic_task_mapping.py for tasks to queue
[2025-07-04T12:39:16.437+0530] {logging_mixin.py:188} INFO - [2025-07-04T12:39:16.437+0530] {dagbag.py:538} INFO - Filling up the DagBag from /home/tejhanagarajan/Projects/small-projects/NewsImpact/venv/lib64/python3.10/site-packages/airflow/example_dags/example_dynamic_task_mapping.py
[2025-07-04T12:39:16.446+0530] {processor.py:840} INFO - DAG(s) 'example_dynamic_task_mapping' retrieved from /home/tejhanagarajan/Projects/small-projects/NewsImpact/venv/lib64/python3.10/site-packages/airflow/example_dags/example_dynamic_task_mapping.py
[2025-07-04T12:39:16.455+0530] {logging_mixin.py:188} INFO - [2025-07-04T12:39:16.455+0530] {dag.py:3036} INFO - Sync 1 DAGs
[2025-07-04T12:39:16.464+0530] {logging_mixin.py:188} INFO - [2025-07-04T12:39:16.464+0530] {dag.py:3823} INFO - Setting next_dagrun for example_dynamic_task_mapping to 2022-03-04 00:00:00+00:00, run_after=2022-03-05 00:00:00+00:00
[2025-07-04T12:39:16.480+0530] {processor.py:183} INFO - Processing /home/tejhanagarajan/Projects/small-projects/NewsImpact/venv/lib64/python3.10/site-packages/airflow/example_dags/example_dynamic_task_mapping.py took 0.047 seconds
[2025-07-04T12:39:24.374+0530] {processor.py:161} INFO - Started process (PID=35447) to work on /home/tejhanagarajan/Projects/small-projects/NewsImpact/venv/lib64/python3.10/site-packages/airflow/example_dags/example_dynamic_task_mapping.py
[2025-07-04T12:39:24.374+0530] {processor.py:830} INFO - Processing file /home/tejhanagarajan/Projects/small-projects/NewsImpact/venv/lib64/python3.10/site-packages/airflow/example_dags/example_dynamic_task_mapping.py for tasks to queue
[2025-07-04T12:39:24.375+0530] {logging_mixin.py:188} INFO - [2025-07-04T12:39:24.374+0530] {dagbag.py:538} INFO - Filling up the DagBag from /home/tejhanagarajan/Projects/small-projects/NewsImpact/venv/lib64/python3.10/site-packages/airflow/example_dags/example_dynamic_task_mapping.py
[2025-07-04T12:39:24.379+0530] {processor.py:840} INFO - DAG(s) 'example_dynamic_task_mapping' retrieved from /home/tejhanagarajan/Projects/small-projects/NewsImpact/venv/lib64/python3.10/site-packages/airflow/example_dags/example_dynamic_task_mapping.py
[2025-07-04T12:39:24.387+0530] {logging_mixin.py:188} INFO - [2025-07-04T12:39:24.387+0530] {dag.py:3036} INFO - Sync 1 DAGs
[2025-07-04T12:39:24.395+0530] {logging_mixin.py:188} INFO - [2025-07-04T12:39:24.395+0530] {dag.py:3823} INFO - Setting next_dagrun for example_dynamic_task_mapping to 2022-03-04 00:00:00+00:00, run_after=2022-03-05 00:00:00+00:00
[2025-07-04T12:39:24.411+0530] {processor.py:183} INFO - Processing /home/tejhanagarajan/Projects/small-projects/NewsImpact/venv/lib64/python3.10/site-packages/airflow/example_dags/example_dynamic_task_mapping.py took 0.039 seconds
[2025-07-04T12:42:32.118+0530] {processor.py:161} INFO - Started process (PID=38008) to work on /home/tejhanagarajan/Projects/small-projects/NewsImpact/venv/lib64/python3.10/site-packages/airflow/example_dags/example_dynamic_task_mapping.py
[2025-07-04T12:42:32.121+0530] {processor.py:830} INFO - Processing file /home/tejhanagarajan/Projects/small-projects/NewsImpact/venv/lib64/python3.10/site-packages/airflow/example_dags/example_dynamic_task_mapping.py for tasks to queue
[2025-07-04T12:42:32.122+0530] {logging_mixin.py:188} INFO - [2025-07-04T12:42:32.122+0530] {dagbag.py:538} INFO - Filling up the DagBag from /home/tejhanagarajan/Projects/small-projects/NewsImpact/venv/lib64/python3.10/site-packages/airflow/example_dags/example_dynamic_task_mapping.py
[2025-07-04T12:42:32.130+0530] {processor.py:840} INFO - DAG(s) 'example_dynamic_task_mapping' retrieved from /home/tejhanagarajan/Projects/small-projects/NewsImpact/venv/lib64/python3.10/site-packages/airflow/example_dags/example_dynamic_task_mapping.py
[2025-07-04T12:42:32.138+0530] {logging_mixin.py:188} INFO - [2025-07-04T12:42:32.137+0530] {dag.py:3036} INFO - Sync 1 DAGs
[2025-07-04T12:42:32.145+0530] {logging_mixin.py:188} INFO - [2025-07-04T12:42:32.145+0530] {dag.py:3823} INFO - Setting next_dagrun for example_dynamic_task_mapping to 2022-03-04 00:00:00+00:00, run_after=2022-03-05 00:00:00+00:00
[2025-07-04T12:42:32.161+0530] {processor.py:183} INFO - Processing /home/tejhanagarajan/Projects/small-projects/NewsImpact/venv/lib64/python3.10/site-packages/airflow/example_dags/example_dynamic_task_mapping.py took 0.046 seconds
[2025-07-04T12:43:22.558+0530] {processor.py:161} INFO - Started process (PID=38405) to work on /home/tejhanagarajan/Projects/small-projects/NewsImpact/venv/lib64/python3.10/site-packages/airflow/example_dags/example_dynamic_task_mapping.py
[2025-07-04T12:43:22.561+0530] {processor.py:830} INFO - Processing file /home/tejhanagarajan/Projects/small-projects/NewsImpact/venv/lib64/python3.10/site-packages/airflow/example_dags/example_dynamic_task_mapping.py for tasks to queue
[2025-07-04T12:43:22.561+0530] {logging_mixin.py:188} INFO - [2025-07-04T12:43:22.561+0530] {dagbag.py:538} INFO - Filling up the DagBag from /home/tejhanagarajan/Projects/small-projects/NewsImpact/venv/lib64/python3.10/site-packages/airflow/example_dags/example_dynamic_task_mapping.py
[2025-07-04T12:43:22.565+0530] {processor.py:840} INFO - DAG(s) 'example_dynamic_task_mapping' retrieved from /home/tejhanagarajan/Projects/small-projects/NewsImpact/venv/lib64/python3.10/site-packages/airflow/example_dags/example_dynamic_task_mapping.py
[2025-07-04T12:43:22.571+0530] {logging_mixin.py:188} INFO - [2025-07-04T12:43:22.571+0530] {dag.py:3036} INFO - Sync 1 DAGs
[2025-07-04T12:43:22.579+0530] {logging_mixin.py:188} INFO - [2025-07-04T12:43:22.579+0530] {dag.py:3823} INFO - Setting next_dagrun for example_dynamic_task_mapping to 2022-03-04 00:00:00+00:00, run_after=2022-03-05 00:00:00+00:00
[2025-07-04T12:43:22.595+0530] {processor.py:183} INFO - Processing /home/tejhanagarajan/Projects/small-projects/NewsImpact/venv/lib64/python3.10/site-packages/airflow/example_dags/example_dynamic_task_mapping.py took 0.039 seconds
[2025-07-04T12:44:10.049+0530] {processor.py:161} INFO - Started process (PID=38783) to work on /home/tejhanagarajan/Projects/small-projects/NewsImpact/venv/lib64/python3.10/site-packages/airflow/example_dags/example_dynamic_task_mapping.py
[2025-07-04T12:44:10.051+0530] {processor.py:830} INFO - Processing file /home/tejhanagarajan/Projects/small-projects/NewsImpact/venv/lib64/python3.10/site-packages/airflow/example_dags/example_dynamic_task_mapping.py for tasks to queue
[2025-07-04T12:44:10.051+0530] {logging_mixin.py:188} INFO - [2025-07-04T12:44:10.051+0530] {dagbag.py:538} INFO - Filling up the DagBag from /home/tejhanagarajan/Projects/small-projects/NewsImpact/venv/lib64/python3.10/site-packages/airflow/example_dags/example_dynamic_task_mapping.py
[2025-07-04T12:44:10.055+0530] {processor.py:840} INFO - DAG(s) 'example_dynamic_task_mapping' retrieved from /home/tejhanagarajan/Projects/small-projects/NewsImpact/venv/lib64/python3.10/site-packages/airflow/example_dags/example_dynamic_task_mapping.py
[2025-07-04T12:44:10.061+0530] {logging_mixin.py:188} INFO - [2025-07-04T12:44:10.060+0530] {dag.py:3036} INFO - Sync 1 DAGs
[2025-07-04T12:44:10.068+0530] {logging_mixin.py:188} INFO - [2025-07-04T12:44:10.068+0530] {dag.py:3823} INFO - Setting next_dagrun for example_dynamic_task_mapping to 2022-03-04 00:00:00+00:00, run_after=2022-03-05 00:00:00+00:00
[2025-07-04T12:44:10.084+0530] {processor.py:183} INFO - Processing /home/tejhanagarajan/Projects/small-projects/NewsImpact/venv/lib64/python3.10/site-packages/airflow/example_dags/example_dynamic_task_mapping.py took 0.037 seconds
[2025-07-04T12:45:03.815+0530] {processor.py:161} INFO - Started process (PID=39157) to work on /home/tejhanagarajan/Projects/small-projects/NewsImpact/venv/lib64/python3.10/site-packages/airflow/example_dags/example_dynamic_task_mapping.py
[2025-07-04T12:45:03.817+0530] {processor.py:830} INFO - Processing file /home/tejhanagarajan/Projects/small-projects/NewsImpact/venv/lib64/python3.10/site-packages/airflow/example_dags/example_dynamic_task_mapping.py for tasks to queue
[2025-07-04T12:45:03.817+0530] {logging_mixin.py:188} INFO - [2025-07-04T12:45:03.817+0530] {dagbag.py:538} INFO - Filling up the DagBag from /home/tejhanagarajan/Projects/small-projects/NewsImpact/venv/lib64/python3.10/site-packages/airflow/example_dags/example_dynamic_task_mapping.py
[2025-07-04T12:45:03.821+0530] {processor.py:840} INFO - DAG(s) 'example_dynamic_task_mapping' retrieved from /home/tejhanagarajan/Projects/small-projects/NewsImpact/venv/lib64/python3.10/site-packages/airflow/example_dags/example_dynamic_task_mapping.py
[2025-07-04T12:45:03.827+0530] {logging_mixin.py:188} INFO - [2025-07-04T12:45:03.826+0530] {dag.py:3036} INFO - Sync 1 DAGs
[2025-07-04T12:45:03.834+0530] {logging_mixin.py:188} INFO - [2025-07-04T12:45:03.834+0530] {dag.py:3823} INFO - Setting next_dagrun for example_dynamic_task_mapping to 2022-03-04 00:00:00+00:00, run_after=2022-03-05 00:00:00+00:00
[2025-07-04T12:45:03.851+0530] {processor.py:183} INFO - Processing /home/tejhanagarajan/Projects/small-projects/NewsImpact/venv/lib64/python3.10/site-packages/airflow/example_dags/example_dynamic_task_mapping.py took 0.037 seconds
[2025-07-04T12:45:56.650+0530] {processor.py:161} INFO - Started process (PID=39551) to work on /home/tejhanagarajan/Projects/small-projects/NewsImpact/venv/lib64/python3.10/site-packages/airflow/example_dags/example_dynamic_task_mapping.py
[2025-07-04T12:45:56.652+0530] {processor.py:830} INFO - Processing file /home/tejhanagarajan/Projects/small-projects/NewsImpact/venv/lib64/python3.10/site-packages/airflow/example_dags/example_dynamic_task_mapping.py for tasks to queue
[2025-07-04T12:45:56.653+0530] {logging_mixin.py:188} INFO - [2025-07-04T12:45:56.652+0530] {dagbag.py:538} INFO - Filling up the DagBag from /home/tejhanagarajan/Projects/small-projects/NewsImpact/venv/lib64/python3.10/site-packages/airflow/example_dags/example_dynamic_task_mapping.py
[2025-07-04T12:45:56.658+0530] {processor.py:840} INFO - DAG(s) 'example_dynamic_task_mapping' retrieved from /home/tejhanagarajan/Projects/small-projects/NewsImpact/venv/lib64/python3.10/site-packages/airflow/example_dags/example_dynamic_task_mapping.py
[2025-07-04T12:45:56.664+0530] {logging_mixin.py:188} INFO - [2025-07-04T12:45:56.664+0530] {dag.py:3036} INFO - Sync 1 DAGs
[2025-07-04T12:45:56.672+0530] {logging_mixin.py:188} INFO - [2025-07-04T12:45:56.672+0530] {dag.py:3823} INFO - Setting next_dagrun for example_dynamic_task_mapping to 2022-03-04 00:00:00+00:00, run_after=2022-03-05 00:00:00+00:00
[2025-07-04T12:45:56.687+0530] {processor.py:183} INFO - Processing /home/tejhanagarajan/Projects/small-projects/NewsImpact/venv/lib64/python3.10/site-packages/airflow/example_dags/example_dynamic_task_mapping.py took 0.039 seconds
[2025-07-04T12:46:48.591+0530] {processor.py:161} INFO - Started process (PID=39924) to work on /home/tejhanagarajan/Projects/small-projects/NewsImpact/venv/lib64/python3.10/site-packages/airflow/example_dags/example_dynamic_task_mapping.py
[2025-07-04T12:46:48.594+0530] {processor.py:830} INFO - Processing file /home/tejhanagarajan/Projects/small-projects/NewsImpact/venv/lib64/python3.10/site-packages/airflow/example_dags/example_dynamic_task_mapping.py for tasks to queue
[2025-07-04T12:46:48.595+0530] {logging_mixin.py:188} INFO - [2025-07-04T12:46:48.594+0530] {dagbag.py:538} INFO - Filling up the DagBag from /home/tejhanagarajan/Projects/small-projects/NewsImpact/venv/lib64/python3.10/site-packages/airflow/example_dags/example_dynamic_task_mapping.py
[2025-07-04T12:46:48.600+0530] {processor.py:840} INFO - DAG(s) 'example_dynamic_task_mapping' retrieved from /home/tejhanagarajan/Projects/small-projects/NewsImpact/venv/lib64/python3.10/site-packages/airflow/example_dags/example_dynamic_task_mapping.py
[2025-07-04T12:46:48.606+0530] {logging_mixin.py:188} INFO - [2025-07-04T12:46:48.606+0530] {dag.py:3036} INFO - Sync 1 DAGs
[2025-07-04T12:46:48.614+0530] {logging_mixin.py:188} INFO - [2025-07-04T12:46:48.614+0530] {dag.py:3823} INFO - Setting next_dagrun for example_dynamic_task_mapping to 2022-03-04 00:00:00+00:00, run_after=2022-03-05 00:00:00+00:00
[2025-07-04T12:46:48.630+0530] {processor.py:183} INFO - Processing /home/tejhanagarajan/Projects/small-projects/NewsImpact/venv/lib64/python3.10/site-packages/airflow/example_dags/example_dynamic_task_mapping.py took 0.042 seconds
[2025-07-04T12:47:41.029+0530] {processor.py:161} INFO - Started process (PID=40322) to work on /home/tejhanagarajan/Projects/small-projects/NewsImpact/venv/lib64/python3.10/site-packages/airflow/example_dags/example_dynamic_task_mapping.py
[2025-07-04T12:47:41.031+0530] {processor.py:830} INFO - Processing file /home/tejhanagarajan/Projects/small-projects/NewsImpact/venv/lib64/python3.10/site-packages/airflow/example_dags/example_dynamic_task_mapping.py for tasks to queue
[2025-07-04T12:47:41.032+0530] {logging_mixin.py:188} INFO - [2025-07-04T12:47:41.032+0530] {dagbag.py:538} INFO - Filling up the DagBag from /home/tejhanagarajan/Projects/small-projects/NewsImpact/venv/lib64/python3.10/site-packages/airflow/example_dags/example_dynamic_task_mapping.py
[2025-07-04T12:47:41.037+0530] {processor.py:840} INFO - DAG(s) 'example_dynamic_task_mapping' retrieved from /home/tejhanagarajan/Projects/small-projects/NewsImpact/venv/lib64/python3.10/site-packages/airflow/example_dags/example_dynamic_task_mapping.py
[2025-07-04T12:47:41.043+0530] {logging_mixin.py:188} INFO - [2025-07-04T12:47:41.042+0530] {dag.py:3036} INFO - Sync 1 DAGs
[2025-07-04T12:47:41.050+0530] {logging_mixin.py:188} INFO - [2025-07-04T12:47:41.050+0530] {dag.py:3823} INFO - Setting next_dagrun for example_dynamic_task_mapping to 2022-03-04 00:00:00+00:00, run_after=2022-03-05 00:00:00+00:00
[2025-07-04T12:47:41.066+0530] {processor.py:183} INFO - Processing /home/tejhanagarajan/Projects/small-projects/NewsImpact/venv/lib64/python3.10/site-packages/airflow/example_dags/example_dynamic_task_mapping.py took 0.040 seconds
[2025-07-04T12:48:28.500+0530] {processor.py:161} INFO - Started process (PID=40687) to work on /home/tejhanagarajan/Projects/small-projects/NewsImpact/venv/lib64/python3.10/site-packages/airflow/example_dags/example_dynamic_task_mapping.py
[2025-07-04T12:48:28.502+0530] {processor.py:830} INFO - Processing file /home/tejhanagarajan/Projects/small-projects/NewsImpact/venv/lib64/python3.10/site-packages/airflow/example_dags/example_dynamic_task_mapping.py for tasks to queue
[2025-07-04T12:48:28.503+0530] {logging_mixin.py:188} INFO - [2025-07-04T12:48:28.503+0530] {dagbag.py:538} INFO - Filling up the DagBag from /home/tejhanagarajan/Projects/small-projects/NewsImpact/venv/lib64/python3.10/site-packages/airflow/example_dags/example_dynamic_task_mapping.py
[2025-07-04T12:48:28.506+0530] {processor.py:840} INFO - DAG(s) 'example_dynamic_task_mapping' retrieved from /home/tejhanagarajan/Projects/small-projects/NewsImpact/venv/lib64/python3.10/site-packages/airflow/example_dags/example_dynamic_task_mapping.py
[2025-07-04T12:48:28.512+0530] {logging_mixin.py:188} INFO - [2025-07-04T12:48:28.512+0530] {dag.py:3036} INFO - Sync 1 DAGs
[2025-07-04T12:48:28.520+0530] {logging_mixin.py:188} INFO - [2025-07-04T12:48:28.520+0530] {dag.py:3823} INFO - Setting next_dagrun for example_dynamic_task_mapping to 2022-03-04 00:00:00+00:00, run_after=2022-03-05 00:00:00+00:00
[2025-07-04T12:48:28.537+0530] {processor.py:183} INFO - Processing /home/tejhanagarajan/Projects/small-projects/NewsImpact/venv/lib64/python3.10/site-packages/airflow/example_dags/example_dynamic_task_mapping.py took 0.038 seconds
