[2025-07-04T12:27:05.142+0530] {processor.py:161} INFO - Started process (PID=25371) to work on /home/tejhanagarajan/Projects/small-projects/NewsImpact/venv/lib64/python3.10/site-packages/airflow/example_dags/example_datasets.py
[2025-07-04T12:27:05.142+0530] {processor.py:830} INFO - Processing file /home/tejhanagarajan/Projects/small-projects/NewsImpact/venv/lib64/python3.10/site-packages/airflow/example_dags/example_datasets.py for tasks to queue
[2025-07-04T12:27:05.142+0530] {logging_mixin.py:188} INFO - [2025-07-04T12:27:05.142+0530] {dagbag.py:538} INFO - Filling up the DagBag from /home/tejhanagarajan/Projects/small-projects/NewsImpact/venv/lib64/python3.10/site-packages/airflow/example_dags/example_datasets.py
[2025-07-04T12:27:05.147+0530] {processor.py:840} INFO - DAG(s) 'dataset_produces_2', 'dataset_consumes_1', 'dataset_consumes_1_never_scheduled', 'dataset_consumes_unknown_never_scheduled', 'dataset_produces_1', 'dataset_consumes_1_and_2' retrieved from /home/tejhanagarajan/Projects/small-projects/NewsImpact/venv/lib64/python3.10/site-packages/airflow/example_dags/example_datasets.py
[2025-07-04T12:27:05.204+0530] {logging_mixin.py:188} INFO - [2025-07-04T12:27:05.204+0530] {override.py:1769} INFO - Created Permission View: can read on DAG:dataset_produces_2
[2025-07-04T12:27:05.216+0530] {logging_mixin.py:188} INFO - [2025-07-04T12:27:05.216+0530] {override.py:1769} INFO - Created Permission View: can edit on DAG:dataset_produces_2
[2025-07-04T12:27:05.226+0530] {logging_mixin.py:188} INFO - [2025-07-04T12:27:05.225+0530] {override.py:1769} INFO - Created Permission View: can delete on DAG:dataset_produces_2
[2025-07-04T12:27:05.246+0530] {logging_mixin.py:188} INFO - [2025-07-04T12:27:05.246+0530] {override.py:1769} INFO - Created Permission View: can read on DAG:dataset_consumes_1
[2025-07-04T12:27:05.256+0530] {logging_mixin.py:188} INFO - [2025-07-04T12:27:05.256+0530] {override.py:1769} INFO - Created Permission View: can edit on DAG:dataset_consumes_1
[2025-07-04T12:27:05.267+0530] {logging_mixin.py:188} INFO - [2025-07-04T12:27:05.267+0530] {override.py:1769} INFO - Created Permission View: can delete on DAG:dataset_consumes_1
[2025-07-04T12:27:05.289+0530] {logging_mixin.py:188} INFO - [2025-07-04T12:27:05.289+0530] {override.py:1769} INFO - Created Permission View: can read on DAG:dataset_consumes_1_never_scheduled
[2025-07-04T12:27:05.299+0530] {logging_mixin.py:188} INFO - [2025-07-04T12:27:05.299+0530] {override.py:1769} INFO - Created Permission View: can edit on DAG:dataset_consumes_1_never_scheduled
[2025-07-04T12:27:05.310+0530] {logging_mixin.py:188} INFO - [2025-07-04T12:27:05.310+0530] {override.py:1769} INFO - Created Permission View: can delete on DAG:dataset_consumes_1_never_scheduled
[2025-07-04T12:27:05.331+0530] {logging_mixin.py:188} INFO - [2025-07-04T12:27:05.331+0530] {override.py:1769} INFO - Created Permission View: can read on DAG:dataset_consumes_unknown_never_scheduled
[2025-07-04T12:27:05.344+0530] {logging_mixin.py:188} INFO - [2025-07-04T12:27:05.344+0530] {override.py:1769} INFO - Created Permission View: can edit on DAG:dataset_consumes_unknown_never_scheduled
[2025-07-04T12:27:05.356+0530] {logging_mixin.py:188} INFO - [2025-07-04T12:27:05.355+0530] {override.py:1769} INFO - Created Permission View: can delete on DAG:dataset_consumes_unknown_never_scheduled
[2025-07-04T12:27:05.376+0530] {logging_mixin.py:188} INFO - [2025-07-04T12:27:05.376+0530] {override.py:1769} INFO - Created Permission View: can read on DAG:dataset_produces_1
[2025-07-04T12:27:05.386+0530] {logging_mixin.py:188} INFO - [2025-07-04T12:27:05.386+0530] {override.py:1769} INFO - Created Permission View: can edit on DAG:dataset_produces_1
[2025-07-04T12:27:05.397+0530] {logging_mixin.py:188} INFO - [2025-07-04T12:27:05.397+0530] {override.py:1769} INFO - Created Permission View: can delete on DAG:dataset_produces_1
[2025-07-04T12:27:05.422+0530] {logging_mixin.py:188} INFO - [2025-07-04T12:27:05.421+0530] {override.py:1769} INFO - Created Permission View: can read on DAG:dataset_consumes_1_and_2
[2025-07-04T12:27:05.435+0530] {logging_mixin.py:188} INFO - [2025-07-04T12:27:05.435+0530] {override.py:1769} INFO - Created Permission View: can edit on DAG:dataset_consumes_1_and_2
[2025-07-04T12:27:05.447+0530] {logging_mixin.py:188} INFO - [2025-07-04T12:27:05.447+0530] {override.py:1769} INFO - Created Permission View: can delete on DAG:dataset_consumes_1_and_2
[2025-07-04T12:27:05.448+0530] {logging_mixin.py:188} INFO - [2025-07-04T12:27:05.448+0530] {dag.py:3036} INFO - Sync 6 DAGs
[2025-07-04T12:27:05.454+0530] {logging_mixin.py:188} INFO - [2025-07-04T12:27:05.454+0530] {dag.py:3058} INFO - Creating ORM DAG for dataset_produces_2
[2025-07-04T12:27:05.454+0530] {logging_mixin.py:188} INFO - [2025-07-04T12:27:05.454+0530] {dag.py:3058} INFO - Creating ORM DAG for dataset_consumes_1_never_scheduled
[2025-07-04T12:27:05.454+0530] {logging_mixin.py:188} INFO - [2025-07-04T12:27:05.454+0530] {dag.py:3058} INFO - Creating ORM DAG for dataset_produces_1
[2025-07-04T12:27:05.455+0530] {logging_mixin.py:188} INFO - [2025-07-04T12:27:05.455+0530] {dag.py:3058} INFO - Creating ORM DAG for dataset_consumes_1_and_2
[2025-07-04T12:27:05.455+0530] {logging_mixin.py:188} INFO - [2025-07-04T12:27:05.455+0530] {dag.py:3058} INFO - Creating ORM DAG for dataset_consumes_1
[2025-07-04T12:27:05.455+0530] {logging_mixin.py:188} INFO - [2025-07-04T12:27:05.455+0530] {dag.py:3058} INFO - Creating ORM DAG for dataset_consumes_unknown_never_scheduled
[2025-07-04T12:27:05.459+0530] {logging_mixin.py:188} INFO - [2025-07-04T12:27:05.459+0530] {dag.py:3823} INFO - Setting next_dagrun for dataset_consumes_1 to None, run_after=None
[2025-07-04T12:27:05.459+0530] {logging_mixin.py:188} INFO - [2025-07-04T12:27:05.459+0530] {dag.py:3823} INFO - Setting next_dagrun for dataset_consumes_1_and_2 to None, run_after=None
[2025-07-04T12:27:05.459+0530] {logging_mixin.py:188} INFO - [2025-07-04T12:27:05.459+0530] {dag.py:3823} INFO - Setting next_dagrun for dataset_consumes_1_never_scheduled to None, run_after=None
[2025-07-04T12:27:05.459+0530] {logging_mixin.py:188} INFO - [2025-07-04T12:27:05.459+0530] {dag.py:3823} INFO - Setting next_dagrun for dataset_consumes_unknown_never_scheduled to None, run_after=None
[2025-07-04T12:27:05.460+0530] {logging_mixin.py:188} INFO - [2025-07-04T12:27:05.460+0530] {dag.py:3823} INFO - Setting next_dagrun for dataset_produces_1 to 2025-07-03 00:00:00+00:00, run_after=2025-07-04 00:00:00+00:00
[2025-07-04T12:27:05.461+0530] {logging_mixin.py:188} INFO - [2025-07-04T12:27:05.461+0530] {dag.py:3823} INFO - Setting next_dagrun for dataset_produces_2 to None, run_after=None
[2025-07-04T12:27:05.479+0530] {processor.py:183} INFO - Processing /home/tejhanagarajan/Projects/small-projects/NewsImpact/venv/lib64/python3.10/site-packages/airflow/example_dags/example_datasets.py took 0.339 seconds
[2025-07-04T12:27:54.424+0530] {processor.py:161} INFO - Started process (PID=25733) to work on /home/tejhanagarajan/Projects/small-projects/NewsImpact/venv/lib64/python3.10/site-packages/airflow/example_dags/example_datasets.py
[2025-07-04T12:27:54.427+0530] {processor.py:830} INFO - Processing file /home/tejhanagarajan/Projects/small-projects/NewsImpact/venv/lib64/python3.10/site-packages/airflow/example_dags/example_datasets.py for tasks to queue
[2025-07-04T12:27:54.428+0530] {logging_mixin.py:188} INFO - [2025-07-04T12:27:54.428+0530] {dagbag.py:538} INFO - Filling up the DagBag from /home/tejhanagarajan/Projects/small-projects/NewsImpact/venv/lib64/python3.10/site-packages/airflow/example_dags/example_datasets.py
[2025-07-04T12:27:54.442+0530] {processor.py:840} INFO - DAG(s) 'dataset_consumes_1_and_2', 'dataset_consumes_1_never_scheduled', 'dataset_produces_2', 'dataset_consumes_unknown_never_scheduled', 'dataset_consumes_1', 'dataset_produces_1' retrieved from /home/tejhanagarajan/Projects/small-projects/NewsImpact/venv/lib64/python3.10/site-packages/airflow/example_dags/example_datasets.py
[2025-07-04T12:27:54.463+0530] {logging_mixin.py:188} INFO - [2025-07-04T12:27:54.463+0530] {dag.py:3036} INFO - Sync 6 DAGs
[2025-07-04T12:27:54.472+0530] {logging_mixin.py:188} INFO - [2025-07-04T12:27:54.472+0530] {dag.py:3823} INFO - Setting next_dagrun for dataset_consumes_1 to None, run_after=None
[2025-07-04T12:27:54.474+0530] {logging_mixin.py:188} INFO - [2025-07-04T12:27:54.474+0530] {dag.py:3823} INFO - Setting next_dagrun for dataset_consumes_1_and_2 to None, run_after=None
[2025-07-04T12:27:54.474+0530] {logging_mixin.py:188} INFO - [2025-07-04T12:27:54.474+0530] {dag.py:3823} INFO - Setting next_dagrun for dataset_consumes_1_never_scheduled to None, run_after=None
[2025-07-04T12:27:54.475+0530] {logging_mixin.py:188} INFO - [2025-07-04T12:27:54.475+0530] {dag.py:3823} INFO - Setting next_dagrun for dataset_consumes_unknown_never_scheduled to None, run_after=None
[2025-07-04T12:27:54.476+0530] {logging_mixin.py:188} INFO - [2025-07-04T12:27:54.476+0530] {dag.py:3823} INFO - Setting next_dagrun for dataset_produces_1 to 2025-07-03 00:00:00+00:00, run_after=2025-07-04 00:00:00+00:00
[2025-07-04T12:27:54.476+0530] {logging_mixin.py:188} INFO - [2025-07-04T12:27:54.476+0530] {dag.py:3823} INFO - Setting next_dagrun for dataset_produces_2 to None, run_after=None
[2025-07-04T12:27:54.498+0530] {processor.py:183} INFO - Processing /home/tejhanagarajan/Projects/small-projects/NewsImpact/venv/lib64/python3.10/site-packages/airflow/example_dags/example_datasets.py took 0.077 seconds
[2025-07-04T12:28:51.172+0530] {processor.py:161} INFO - Started process (PID=26241) to work on /home/tejhanagarajan/Projects/small-projects/NewsImpact/venv/lib64/python3.10/site-packages/airflow/example_dags/example_datasets.py
[2025-07-04T12:28:51.173+0530] {processor.py:830} INFO - Processing file /home/tejhanagarajan/Projects/small-projects/NewsImpact/venv/lib64/python3.10/site-packages/airflow/example_dags/example_datasets.py for tasks to queue
[2025-07-04T12:28:51.174+0530] {logging_mixin.py:188} INFO - [2025-07-04T12:28:51.173+0530] {dagbag.py:538} INFO - Filling up the DagBag from /home/tejhanagarajan/Projects/small-projects/NewsImpact/venv/lib64/python3.10/site-packages/airflow/example_dags/example_datasets.py
[2025-07-04T12:28:51.179+0530] {processor.py:840} INFO - DAG(s) 'dataset_produces_2', 'dataset_produces_1', 'dataset_consumes_unknown_never_scheduled', 'dataset_consumes_1', 'dataset_consumes_1_and_2', 'dataset_consumes_1_never_scheduled' retrieved from /home/tejhanagarajan/Projects/small-projects/NewsImpact/venv/lib64/python3.10/site-packages/airflow/example_dags/example_datasets.py
[2025-07-04T12:28:51.193+0530] {logging_mixin.py:188} INFO - [2025-07-04T12:28:51.193+0530] {dag.py:3036} INFO - Sync 6 DAGs
[2025-07-04T12:28:51.204+0530] {logging_mixin.py:188} INFO - [2025-07-04T12:28:51.204+0530] {dag.py:3823} INFO - Setting next_dagrun for dataset_consumes_1 to None, run_after=None
[2025-07-04T12:28:51.207+0530] {logging_mixin.py:188} INFO - [2025-07-04T12:28:51.206+0530] {dag.py:3823} INFO - Setting next_dagrun for dataset_consumes_1_and_2 to None, run_after=None
[2025-07-04T12:28:51.207+0530] {logging_mixin.py:188} INFO - [2025-07-04T12:28:51.207+0530] {dag.py:3823} INFO - Setting next_dagrun for dataset_consumes_1_never_scheduled to None, run_after=None
[2025-07-04T12:28:51.208+0530] {logging_mixin.py:188} INFO - [2025-07-04T12:28:51.208+0530] {dag.py:3823} INFO - Setting next_dagrun for dataset_consumes_unknown_never_scheduled to None, run_after=None
[2025-07-04T12:28:51.210+0530] {logging_mixin.py:188} INFO - [2025-07-04T12:28:51.209+0530] {dag.py:3823} INFO - Setting next_dagrun for dataset_produces_1 to 2025-07-03 00:00:00+00:00, run_after=2025-07-04 00:00:00+00:00
[2025-07-04T12:28:51.210+0530] {logging_mixin.py:188} INFO - [2025-07-04T12:28:51.210+0530] {dag.py:3823} INFO - Setting next_dagrun for dataset_produces_2 to None, run_after=None
[2025-07-04T12:28:51.233+0530] {processor.py:183} INFO - Processing /home/tejhanagarajan/Projects/small-projects/NewsImpact/venv/lib64/python3.10/site-packages/airflow/example_dags/example_datasets.py took 0.063 seconds
[2025-07-04T12:29:49.037+0530] {processor.py:161} INFO - Started process (PID=26706) to work on /home/tejhanagarajan/Projects/small-projects/NewsImpact/venv/lib64/python3.10/site-packages/airflow/example_dags/example_datasets.py
[2025-07-04T12:29:49.039+0530] {processor.py:830} INFO - Processing file /home/tejhanagarajan/Projects/small-projects/NewsImpact/venv/lib64/python3.10/site-packages/airflow/example_dags/example_datasets.py for tasks to queue
[2025-07-04T12:29:49.040+0530] {logging_mixin.py:188} INFO - [2025-07-04T12:29:49.040+0530] {dagbag.py:538} INFO - Filling up the DagBag from /home/tejhanagarajan/Projects/small-projects/NewsImpact/venv/lib64/python3.10/site-packages/airflow/example_dags/example_datasets.py
[2025-07-04T12:29:49.045+0530] {processor.py:840} INFO - DAG(s) 'dataset_consumes_unknown_never_scheduled', 'dataset_consumes_1', 'dataset_produces_2', 'dataset_produces_1', 'dataset_consumes_1_never_scheduled', 'dataset_consumes_1_and_2' retrieved from /home/tejhanagarajan/Projects/small-projects/NewsImpact/venv/lib64/python3.10/site-packages/airflow/example_dags/example_datasets.py
[2025-07-04T12:29:49.059+0530] {logging_mixin.py:188} INFO - [2025-07-04T12:29:49.059+0530] {dag.py:3036} INFO - Sync 6 DAGs
[2025-07-04T12:29:49.069+0530] {logging_mixin.py:188} INFO - [2025-07-04T12:29:49.069+0530] {dag.py:3823} INFO - Setting next_dagrun for dataset_consumes_1 to None, run_after=None
[2025-07-04T12:29:49.071+0530] {logging_mixin.py:188} INFO - [2025-07-04T12:29:49.071+0530] {dag.py:3823} INFO - Setting next_dagrun for dataset_consumes_1_and_2 to None, run_after=None
[2025-07-04T12:29:49.071+0530] {logging_mixin.py:188} INFO - [2025-07-04T12:29:49.071+0530] {dag.py:3823} INFO - Setting next_dagrun for dataset_consumes_1_never_scheduled to None, run_after=None
[2025-07-04T12:29:49.072+0530] {logging_mixin.py:188} INFO - [2025-07-04T12:29:49.072+0530] {dag.py:3823} INFO - Setting next_dagrun for dataset_consumes_unknown_never_scheduled to None, run_after=None
[2025-07-04T12:29:49.073+0530] {logging_mixin.py:188} INFO - [2025-07-04T12:29:49.073+0530] {dag.py:3823} INFO - Setting next_dagrun for dataset_produces_1 to 2025-07-03 00:00:00+00:00, run_after=2025-07-04 00:00:00+00:00
[2025-07-04T12:29:49.073+0530] {logging_mixin.py:188} INFO - [2025-07-04T12:29:49.073+0530] {dag.py:3823} INFO - Setting next_dagrun for dataset_produces_2 to None, run_after=None
[2025-07-04T12:29:49.094+0530] {processor.py:183} INFO - Processing /home/tejhanagarajan/Projects/small-projects/NewsImpact/venv/lib64/python3.10/site-packages/airflow/example_dags/example_datasets.py took 0.058 seconds
[2025-07-04T12:30:39.643+0530] {processor.py:161} INFO - Started process (PID=27076) to work on /home/tejhanagarajan/Projects/small-projects/NewsImpact/venv/lib64/python3.10/site-packages/airflow/example_dags/example_datasets.py
[2025-07-04T12:30:39.646+0530] {processor.py:830} INFO - Processing file /home/tejhanagarajan/Projects/small-projects/NewsImpact/venv/lib64/python3.10/site-packages/airflow/example_dags/example_datasets.py for tasks to queue
[2025-07-04T12:30:39.647+0530] {logging_mixin.py:188} INFO - [2025-07-04T12:30:39.647+0530] {dagbag.py:538} INFO - Filling up the DagBag from /home/tejhanagarajan/Projects/small-projects/NewsImpact/venv/lib64/python3.10/site-packages/airflow/example_dags/example_datasets.py
[2025-07-04T12:30:39.659+0530] {processor.py:840} INFO - DAG(s) 'dataset_produces_2', 'dataset_consumes_1_never_scheduled', 'dataset_consumes_unknown_never_scheduled', 'dataset_consumes_1', 'dataset_consumes_1_and_2', 'dataset_produces_1' retrieved from /home/tejhanagarajan/Projects/small-projects/NewsImpact/venv/lib64/python3.10/site-packages/airflow/example_dags/example_datasets.py
[2025-07-04T12:30:39.671+0530] {logging_mixin.py:188} INFO - [2025-07-04T12:30:39.671+0530] {dag.py:3036} INFO - Sync 6 DAGs
[2025-07-04T12:30:39.679+0530] {logging_mixin.py:188} INFO - [2025-07-04T12:30:39.679+0530] {dag.py:3823} INFO - Setting next_dagrun for dataset_consumes_1 to None, run_after=None
[2025-07-04T12:30:39.680+0530] {logging_mixin.py:188} INFO - [2025-07-04T12:30:39.680+0530] {dag.py:3823} INFO - Setting next_dagrun for dataset_consumes_1_and_2 to None, run_after=None
[2025-07-04T12:30:39.681+0530] {logging_mixin.py:188} INFO - [2025-07-04T12:30:39.681+0530] {dag.py:3823} INFO - Setting next_dagrun for dataset_consumes_1_never_scheduled to None, run_after=None
[2025-07-04T12:30:39.681+0530] {logging_mixin.py:188} INFO - [2025-07-04T12:30:39.681+0530] {dag.py:3823} INFO - Setting next_dagrun for dataset_consumes_unknown_never_scheduled to None, run_after=None
[2025-07-04T12:30:39.682+0530] {logging_mixin.py:188} INFO - [2025-07-04T12:30:39.682+0530] {dag.py:3823} INFO - Setting next_dagrun for dataset_produces_1 to 2025-07-03 00:00:00+00:00, run_after=2025-07-04 00:00:00+00:00
[2025-07-04T12:30:39.682+0530] {logging_mixin.py:188} INFO - [2025-07-04T12:30:39.682+0530] {dag.py:3823} INFO - Setting next_dagrun for dataset_produces_2 to None, run_after=None
[2025-07-04T12:30:39.702+0530] {processor.py:183} INFO - Processing /home/tejhanagarajan/Projects/small-projects/NewsImpact/venv/lib64/python3.10/site-packages/airflow/example_dags/example_datasets.py took 0.061 seconds
[2025-07-04T12:33:29.102+0530] {processor.py:161} INFO - Started process (PID=30220) to work on /home/tejhanagarajan/Projects/small-projects/NewsImpact/venv/lib64/python3.10/site-packages/airflow/example_dags/example_datasets.py
[2025-07-04T12:33:29.105+0530] {processor.py:830} INFO - Processing file /home/tejhanagarajan/Projects/small-projects/NewsImpact/venv/lib64/python3.10/site-packages/airflow/example_dags/example_datasets.py for tasks to queue
[2025-07-04T12:33:29.105+0530] {logging_mixin.py:188} INFO - [2025-07-04T12:33:29.105+0530] {dagbag.py:538} INFO - Filling up the DagBag from /home/tejhanagarajan/Projects/small-projects/NewsImpact/venv/lib64/python3.10/site-packages/airflow/example_dags/example_datasets.py
[2025-07-04T12:33:29.111+0530] {processor.py:840} INFO - DAG(s) 'dataset_consumes_1_never_scheduled', 'dataset_consumes_1', 'dataset_consumes_1_and_2', 'dataset_consumes_unknown_never_scheduled', 'dataset_produces_2', 'dataset_produces_1' retrieved from /home/tejhanagarajan/Projects/small-projects/NewsImpact/venv/lib64/python3.10/site-packages/airflow/example_dags/example_datasets.py
[2025-07-04T12:33:29.124+0530] {logging_mixin.py:188} INFO - [2025-07-04T12:33:29.124+0530] {dag.py:3036} INFO - Sync 6 DAGs
[2025-07-04T12:33:29.133+0530] {logging_mixin.py:188} INFO - [2025-07-04T12:33:29.133+0530] {dag.py:3823} INFO - Setting next_dagrun for dataset_consumes_1 to None, run_after=None
[2025-07-04T12:33:29.134+0530] {logging_mixin.py:188} INFO - [2025-07-04T12:33:29.134+0530] {dag.py:3823} INFO - Setting next_dagrun for dataset_consumes_1_and_2 to None, run_after=None
[2025-07-04T12:33:29.135+0530] {logging_mixin.py:188} INFO - [2025-07-04T12:33:29.135+0530] {dag.py:3823} INFO - Setting next_dagrun for dataset_consumes_1_never_scheduled to None, run_after=None
[2025-07-04T12:33:29.135+0530] {logging_mixin.py:188} INFO - [2025-07-04T12:33:29.135+0530] {dag.py:3823} INFO - Setting next_dagrun for dataset_consumes_unknown_never_scheduled to None, run_after=None
[2025-07-04T12:33:29.136+0530] {logging_mixin.py:188} INFO - [2025-07-04T12:33:29.136+0530] {dag.py:3823} INFO - Setting next_dagrun for dataset_produces_1 to 2025-07-03 00:00:00+00:00, run_after=2025-07-04 00:00:00+00:00
[2025-07-04T12:33:29.137+0530] {logging_mixin.py:188} INFO - [2025-07-04T12:33:29.137+0530] {dag.py:3823} INFO - Setting next_dagrun for dataset_produces_2 to None, run_after=None
[2025-07-04T12:33:29.156+0530] {processor.py:183} INFO - Processing /home/tejhanagarajan/Projects/small-projects/NewsImpact/venv/lib64/python3.10/site-packages/airflow/example_dags/example_datasets.py took 0.057 seconds
[2025-07-04T12:34:20.611+0530] {processor.py:161} INFO - Started process (PID=30877) to work on /home/tejhanagarajan/Projects/small-projects/NewsImpact/venv/lib64/python3.10/site-packages/airflow/example_dags/example_datasets.py
[2025-07-04T12:34:20.615+0530] {processor.py:830} INFO - Processing file /home/tejhanagarajan/Projects/small-projects/NewsImpact/venv/lib64/python3.10/site-packages/airflow/example_dags/example_datasets.py for tasks to queue
[2025-07-04T12:34:20.616+0530] {logging_mixin.py:188} INFO - [2025-07-04T12:34:20.615+0530] {dagbag.py:538} INFO - Filling up the DagBag from /home/tejhanagarajan/Projects/small-projects/NewsImpact/venv/lib64/python3.10/site-packages/airflow/example_dags/example_datasets.py
[2025-07-04T12:34:20.625+0530] {processor.py:840} INFO - DAG(s) 'dataset_consumes_1_never_scheduled', 'dataset_consumes_unknown_never_scheduled', 'dataset_produces_1', 'dataset_consumes_1', 'dataset_produces_2', 'dataset_consumes_1_and_2' retrieved from /home/tejhanagarajan/Projects/small-projects/NewsImpact/venv/lib64/python3.10/site-packages/airflow/example_dags/example_datasets.py
[2025-07-04T12:34:20.635+0530] {logging_mixin.py:188} INFO - [2025-07-04T12:34:20.635+0530] {dag.py:3036} INFO - Sync 6 DAGs
[2025-07-04T12:34:20.644+0530] {logging_mixin.py:188} INFO - [2025-07-04T12:34:20.643+0530] {dag.py:3823} INFO - Setting next_dagrun for dataset_consumes_1 to None, run_after=None
[2025-07-04T12:34:20.645+0530] {logging_mixin.py:188} INFO - [2025-07-04T12:34:20.645+0530] {dag.py:3823} INFO - Setting next_dagrun for dataset_consumes_1_and_2 to None, run_after=None
[2025-07-04T12:34:20.645+0530] {logging_mixin.py:188} INFO - [2025-07-04T12:34:20.645+0530] {dag.py:3823} INFO - Setting next_dagrun for dataset_consumes_1_never_scheduled to None, run_after=None
[2025-07-04T12:34:20.646+0530] {logging_mixin.py:188} INFO - [2025-07-04T12:34:20.645+0530] {dag.py:3823} INFO - Setting next_dagrun for dataset_consumes_unknown_never_scheduled to None, run_after=None
[2025-07-04T12:34:20.646+0530] {logging_mixin.py:188} INFO - [2025-07-04T12:34:20.646+0530] {dag.py:3823} INFO - Setting next_dagrun for dataset_produces_1 to 2025-07-03 00:00:00+00:00, run_after=2025-07-04 00:00:00+00:00
[2025-07-04T12:34:20.647+0530] {logging_mixin.py:188} INFO - [2025-07-04T12:34:20.647+0530] {dag.py:3823} INFO - Setting next_dagrun for dataset_produces_2 to None, run_after=None
[2025-07-04T12:34:20.667+0530] {processor.py:183} INFO - Processing /home/tejhanagarajan/Projects/small-projects/NewsImpact/venv/lib64/python3.10/site-packages/airflow/example_dags/example_datasets.py took 0.059 seconds
[2025-07-04T12:35:13.948+0530] {processor.py:161} INFO - Started process (PID=31234) to work on /home/tejhanagarajan/Projects/small-projects/NewsImpact/venv/lib64/python3.10/site-packages/airflow/example_dags/example_datasets.py
[2025-07-04T12:35:13.950+0530] {processor.py:830} INFO - Processing file /home/tejhanagarajan/Projects/small-projects/NewsImpact/venv/lib64/python3.10/site-packages/airflow/example_dags/example_datasets.py for tasks to queue
[2025-07-04T12:35:13.951+0530] {logging_mixin.py:188} INFO - [2025-07-04T12:35:13.951+0530] {dagbag.py:538} INFO - Filling up the DagBag from /home/tejhanagarajan/Projects/small-projects/NewsImpact/venv/lib64/python3.10/site-packages/airflow/example_dags/example_datasets.py
[2025-07-04T12:35:13.955+0530] {processor.py:840} INFO - DAG(s) 'dataset_consumes_1', 'dataset_consumes_1_never_scheduled', 'dataset_produces_2', 'dataset_produces_1', 'dataset_consumes_1_and_2', 'dataset_consumes_unknown_never_scheduled' retrieved from /home/tejhanagarajan/Projects/small-projects/NewsImpact/venv/lib64/python3.10/site-packages/airflow/example_dags/example_datasets.py
[2025-07-04T12:35:13.966+0530] {logging_mixin.py:188} INFO - [2025-07-04T12:35:13.966+0530] {dag.py:3036} INFO - Sync 6 DAGs
[2025-07-04T12:35:13.974+0530] {logging_mixin.py:188} INFO - [2025-07-04T12:35:13.974+0530] {dag.py:3823} INFO - Setting next_dagrun for dataset_consumes_1 to None, run_after=None
[2025-07-04T12:35:13.975+0530] {logging_mixin.py:188} INFO - [2025-07-04T12:35:13.975+0530] {dag.py:3823} INFO - Setting next_dagrun for dataset_consumes_1_and_2 to None, run_after=None
[2025-07-04T12:35:13.976+0530] {logging_mixin.py:188} INFO - [2025-07-04T12:35:13.976+0530] {dag.py:3823} INFO - Setting next_dagrun for dataset_consumes_1_never_scheduled to None, run_after=None
[2025-07-04T12:35:13.976+0530] {logging_mixin.py:188} INFO - [2025-07-04T12:35:13.976+0530] {dag.py:3823} INFO - Setting next_dagrun for dataset_consumes_unknown_never_scheduled to None, run_after=None
[2025-07-04T12:35:13.977+0530] {logging_mixin.py:188} INFO - [2025-07-04T12:35:13.977+0530] {dag.py:3823} INFO - Setting next_dagrun for dataset_produces_1 to 2025-07-03 00:00:00+00:00, run_after=2025-07-04 00:00:00+00:00
[2025-07-04T12:35:13.977+0530] {logging_mixin.py:188} INFO - [2025-07-04T12:35:13.977+0530] {dag.py:3823} INFO - Setting next_dagrun for dataset_produces_2 to None, run_after=None
[2025-07-04T12:35:13.998+0530] {processor.py:183} INFO - Processing /home/tejhanagarajan/Projects/small-projects/NewsImpact/venv/lib64/python3.10/site-packages/airflow/example_dags/example_datasets.py took 0.051 seconds
[2025-07-04T12:36:01.740+0530] {processor.py:161} INFO - Started process (PID=31644) to work on /home/tejhanagarajan/Projects/small-projects/NewsImpact/venv/lib64/python3.10/site-packages/airflow/example_dags/example_datasets.py
[2025-07-04T12:36:01.743+0530] {processor.py:830} INFO - Processing file /home/tejhanagarajan/Projects/small-projects/NewsImpact/venv/lib64/python3.10/site-packages/airflow/example_dags/example_datasets.py for tasks to queue
[2025-07-04T12:36:01.744+0530] {logging_mixin.py:188} INFO - [2025-07-04T12:36:01.743+0530] {dagbag.py:538} INFO - Filling up the DagBag from /home/tejhanagarajan/Projects/small-projects/NewsImpact/venv/lib64/python3.10/site-packages/airflow/example_dags/example_datasets.py
[2025-07-04T12:36:01.749+0530] {processor.py:840} INFO - DAG(s) 'dataset_consumes_1', 'dataset_consumes_1_never_scheduled', 'dataset_produces_2', 'dataset_produces_1', 'dataset_consumes_unknown_never_scheduled', 'dataset_consumes_1_and_2' retrieved from /home/tejhanagarajan/Projects/small-projects/NewsImpact/venv/lib64/python3.10/site-packages/airflow/example_dags/example_datasets.py
[2025-07-04T12:36:01.760+0530] {logging_mixin.py:188} INFO - [2025-07-04T12:36:01.760+0530] {dag.py:3036} INFO - Sync 6 DAGs
[2025-07-04T12:36:01.769+0530] {logging_mixin.py:188} INFO - [2025-07-04T12:36:01.769+0530] {dag.py:3823} INFO - Setting next_dagrun for dataset_consumes_1 to None, run_after=None
[2025-07-04T12:36:01.771+0530] {logging_mixin.py:188} INFO - [2025-07-04T12:36:01.771+0530] {dag.py:3823} INFO - Setting next_dagrun for dataset_consumes_1_and_2 to None, run_after=None
[2025-07-04T12:36:01.771+0530] {logging_mixin.py:188} INFO - [2025-07-04T12:36:01.771+0530] {dag.py:3823} INFO - Setting next_dagrun for dataset_consumes_1_never_scheduled to None, run_after=None
[2025-07-04T12:36:01.772+0530] {logging_mixin.py:188} INFO - [2025-07-04T12:36:01.772+0530] {dag.py:3823} INFO - Setting next_dagrun for dataset_consumes_unknown_never_scheduled to None, run_after=None
[2025-07-04T12:36:01.773+0530] {logging_mixin.py:188} INFO - [2025-07-04T12:36:01.772+0530] {dag.py:3823} INFO - Setting next_dagrun for dataset_produces_1 to 2025-07-03 00:00:00+00:00, run_after=2025-07-04 00:00:00+00:00
[2025-07-04T12:36:01.773+0530] {logging_mixin.py:188} INFO - [2025-07-04T12:36:01.773+0530] {dag.py:3823} INFO - Setting next_dagrun for dataset_produces_2 to None, run_after=None
[2025-07-04T12:36:01.792+0530] {processor.py:183} INFO - Processing /home/tejhanagarajan/Projects/small-projects/NewsImpact/venv/lib64/python3.10/site-packages/airflow/example_dags/example_datasets.py took 0.053 seconds
[2025-07-04T12:36:55.351+0530] {processor.py:161} INFO - Started process (PID=32192) to work on /home/tejhanagarajan/Projects/small-projects/NewsImpact/venv/lib64/python3.10/site-packages/airflow/example_dags/example_datasets.py
[2025-07-04T12:36:55.353+0530] {processor.py:830} INFO - Processing file /home/tejhanagarajan/Projects/small-projects/NewsImpact/venv/lib64/python3.10/site-packages/airflow/example_dags/example_datasets.py for tasks to queue
[2025-07-04T12:36:55.354+0530] {logging_mixin.py:188} INFO - [2025-07-04T12:36:55.354+0530] {dagbag.py:538} INFO - Filling up the DagBag from /home/tejhanagarajan/Projects/small-projects/NewsImpact/venv/lib64/python3.10/site-packages/airflow/example_dags/example_datasets.py
[2025-07-04T12:36:55.359+0530] {processor.py:840} INFO - DAG(s) 'dataset_consumes_1_never_scheduled', 'dataset_consumes_1_and_2', 'dataset_produces_1', 'dataset_consumes_unknown_never_scheduled', 'dataset_produces_2', 'dataset_consumes_1' retrieved from /home/tejhanagarajan/Projects/small-projects/NewsImpact/venv/lib64/python3.10/site-packages/airflow/example_dags/example_datasets.py
[2025-07-04T12:36:55.372+0530] {logging_mixin.py:188} INFO - [2025-07-04T12:36:55.372+0530] {dag.py:3036} INFO - Sync 6 DAGs
[2025-07-04T12:36:55.382+0530] {logging_mixin.py:188} INFO - [2025-07-04T12:36:55.382+0530] {dag.py:3823} INFO - Setting next_dagrun for dataset_consumes_1 to None, run_after=None
[2025-07-04T12:36:55.384+0530] {logging_mixin.py:188} INFO - [2025-07-04T12:36:55.383+0530] {dag.py:3823} INFO - Setting next_dagrun for dataset_consumes_1_and_2 to None, run_after=None
[2025-07-04T12:36:55.384+0530] {logging_mixin.py:188} INFO - [2025-07-04T12:36:55.384+0530] {dag.py:3823} INFO - Setting next_dagrun for dataset_consumes_1_never_scheduled to None, run_after=None
[2025-07-04T12:36:55.384+0530] {logging_mixin.py:188} INFO - [2025-07-04T12:36:55.384+0530] {dag.py:3823} INFO - Setting next_dagrun for dataset_consumes_unknown_never_scheduled to None, run_after=None
[2025-07-04T12:36:55.385+0530] {logging_mixin.py:188} INFO - [2025-07-04T12:36:55.385+0530] {dag.py:3823} INFO - Setting next_dagrun for dataset_produces_1 to 2025-07-03 00:00:00+00:00, run_after=2025-07-04 00:00:00+00:00
[2025-07-04T12:36:55.386+0530] {logging_mixin.py:188} INFO - [2025-07-04T12:36:55.386+0530] {dag.py:3823} INFO - Setting next_dagrun for dataset_produces_2 to None, run_after=None
[2025-07-04T12:36:55.407+0530] {processor.py:183} INFO - Processing /home/tejhanagarajan/Projects/small-projects/NewsImpact/venv/lib64/python3.10/site-packages/airflow/example_dags/example_datasets.py took 0.057 seconds
[2025-07-04T12:37:42.405+0530] {processor.py:161} INFO - Started process (PID=32796) to work on /home/tejhanagarajan/Projects/small-projects/NewsImpact/venv/lib64/python3.10/site-packages/airflow/example_dags/example_datasets.py
[2025-07-04T12:37:42.408+0530] {processor.py:830} INFO - Processing file /home/tejhanagarajan/Projects/small-projects/NewsImpact/venv/lib64/python3.10/site-packages/airflow/example_dags/example_datasets.py for tasks to queue
[2025-07-04T12:37:42.408+0530] {logging_mixin.py:188} INFO - [2025-07-04T12:37:42.408+0530] {dagbag.py:538} INFO - Filling up the DagBag from /home/tejhanagarajan/Projects/small-projects/NewsImpact/venv/lib64/python3.10/site-packages/airflow/example_dags/example_datasets.py
[2025-07-04T12:37:42.412+0530] {processor.py:840} INFO - DAG(s) 'dataset_produces_2', 'dataset_produces_1', 'dataset_consumes_1_never_scheduled', 'dataset_consumes_unknown_never_scheduled', 'dataset_consumes_1_and_2', 'dataset_consumes_1' retrieved from /home/tejhanagarajan/Projects/small-projects/NewsImpact/venv/lib64/python3.10/site-packages/airflow/example_dags/example_datasets.py
[2025-07-04T12:37:42.423+0530] {logging_mixin.py:188} INFO - [2025-07-04T12:37:42.423+0530] {dag.py:3036} INFO - Sync 6 DAGs
[2025-07-04T12:37:42.431+0530] {logging_mixin.py:188} INFO - [2025-07-04T12:37:42.431+0530] {dag.py:3823} INFO - Setting next_dagrun for dataset_consumes_1 to None, run_after=None
[2025-07-04T12:37:42.432+0530] {logging_mixin.py:188} INFO - [2025-07-04T12:37:42.432+0530] {dag.py:3823} INFO - Setting next_dagrun for dataset_consumes_1_and_2 to None, run_after=None
[2025-07-04T12:37:42.433+0530] {logging_mixin.py:188} INFO - [2025-07-04T12:37:42.433+0530] {dag.py:3823} INFO - Setting next_dagrun for dataset_consumes_1_never_scheduled to None, run_after=None
[2025-07-04T12:37:42.433+0530] {logging_mixin.py:188} INFO - [2025-07-04T12:37:42.433+0530] {dag.py:3823} INFO - Setting next_dagrun for dataset_consumes_unknown_never_scheduled to None, run_after=None
[2025-07-04T12:37:42.434+0530] {logging_mixin.py:188} INFO - [2025-07-04T12:37:42.434+0530] {dag.py:3823} INFO - Setting next_dagrun for dataset_produces_1 to 2025-07-03 00:00:00+00:00, run_after=2025-07-04 00:00:00+00:00
[2025-07-04T12:37:42.435+0530] {logging_mixin.py:188} INFO - [2025-07-04T12:37:42.435+0530] {dag.py:3823} INFO - Setting next_dagrun for dataset_produces_2 to None, run_after=None
[2025-07-04T12:37:42.453+0530] {processor.py:183} INFO - Processing /home/tejhanagarajan/Projects/small-projects/NewsImpact/venv/lib64/python3.10/site-packages/airflow/example_dags/example_datasets.py took 0.049 seconds
[2025-07-04T12:38:31.160+0530] {processor.py:161} INFO - Started process (PID=34918) to work on /home/tejhanagarajan/Projects/small-projects/NewsImpact/venv/lib64/python3.10/site-packages/airflow/example_dags/example_datasets.py
[2025-07-04T12:38:31.161+0530] {processor.py:830} INFO - Processing file /home/tejhanagarajan/Projects/small-projects/NewsImpact/venv/lib64/python3.10/site-packages/airflow/example_dags/example_datasets.py for tasks to queue
[2025-07-04T12:38:31.162+0530] {logging_mixin.py:188} INFO - [2025-07-04T12:38:31.161+0530] {dagbag.py:538} INFO - Filling up the DagBag from /home/tejhanagarajan/Projects/small-projects/NewsImpact/venv/lib64/python3.10/site-packages/airflow/example_dags/example_datasets.py
[2025-07-04T12:38:31.167+0530] {processor.py:840} INFO - DAG(s) 'dataset_consumes_1_and_2', 'dataset_consumes_1', 'dataset_produces_2', 'dataset_consumes_unknown_never_scheduled', 'dataset_consumes_1_never_scheduled', 'dataset_produces_1' retrieved from /home/tejhanagarajan/Projects/small-projects/NewsImpact/venv/lib64/python3.10/site-packages/airflow/example_dags/example_datasets.py
[2025-07-04T12:38:31.188+0530] {logging_mixin.py:188} INFO - [2025-07-04T12:38:31.188+0530] {dag.py:3036} INFO - Sync 6 DAGs
[2025-07-04T12:38:31.196+0530] {logging_mixin.py:188} INFO - [2025-07-04T12:38:31.196+0530] {dag.py:3823} INFO - Setting next_dagrun for dataset_consumes_1 to None, run_after=None
[2025-07-04T12:38:31.198+0530] {logging_mixin.py:188} INFO - [2025-07-04T12:38:31.198+0530] {dag.py:3823} INFO - Setting next_dagrun for dataset_consumes_1_and_2 to None, run_after=None
[2025-07-04T12:38:31.198+0530] {logging_mixin.py:188} INFO - [2025-07-04T12:38:31.198+0530] {dag.py:3823} INFO - Setting next_dagrun for dataset_consumes_1_never_scheduled to None, run_after=None
[2025-07-04T12:38:31.199+0530] {logging_mixin.py:188} INFO - [2025-07-04T12:38:31.199+0530] {dag.py:3823} INFO - Setting next_dagrun for dataset_consumes_unknown_never_scheduled to None, run_after=None
[2025-07-04T12:38:31.200+0530] {logging_mixin.py:188} INFO - [2025-07-04T12:38:31.200+0530] {dag.py:3823} INFO - Setting next_dagrun for dataset_produces_1 to 2025-07-03 00:00:00+00:00, run_after=2025-07-04 00:00:00+00:00
[2025-07-04T12:38:31.200+0530] {logging_mixin.py:188} INFO - [2025-07-04T12:38:31.200+0530] {dag.py:3823} INFO - Setting next_dagrun for dataset_produces_2 to None, run_after=None
[2025-07-04T12:38:31.220+0530] {processor.py:183} INFO - Processing /home/tejhanagarajan/Projects/small-projects/NewsImpact/venv/lib64/python3.10/site-packages/airflow/example_dags/example_datasets.py took 0.062 seconds
[2025-07-04T12:38:34.018+0530] {processor.py:161} INFO - Started process (PID=34943) to work on /home/tejhanagarajan/Projects/small-projects/NewsImpact/venv/lib64/python3.10/site-packages/airflow/example_dags/example_datasets.py
[2025-07-04T12:38:34.019+0530] {processor.py:830} INFO - Processing file /home/tejhanagarajan/Projects/small-projects/NewsImpact/venv/lib64/python3.10/site-packages/airflow/example_dags/example_datasets.py for tasks to queue
[2025-07-04T12:38:34.019+0530] {logging_mixin.py:188} INFO - [2025-07-04T12:38:34.019+0530] {dagbag.py:538} INFO - Filling up the DagBag from /home/tejhanagarajan/Projects/small-projects/NewsImpact/venv/lib64/python3.10/site-packages/airflow/example_dags/example_datasets.py
[2025-07-04T12:38:34.024+0530] {processor.py:840} INFO - DAG(s) 'dataset_consumes_1_never_scheduled', 'dataset_consumes_unknown_never_scheduled', 'dataset_consumes_1_and_2', 'dataset_produces_1', 'dataset_produces_2', 'dataset_consumes_1' retrieved from /home/tejhanagarajan/Projects/small-projects/NewsImpact/venv/lib64/python3.10/site-packages/airflow/example_dags/example_datasets.py
[2025-07-04T12:38:34.036+0530] {logging_mixin.py:188} INFO - [2025-07-04T12:38:34.036+0530] {dag.py:3036} INFO - Sync 6 DAGs
[2025-07-04T12:38:34.045+0530] {logging_mixin.py:188} INFO - [2025-07-04T12:38:34.045+0530] {dag.py:3823} INFO - Setting next_dagrun for dataset_consumes_1 to None, run_after=None
[2025-07-04T12:38:34.046+0530] {logging_mixin.py:188} INFO - [2025-07-04T12:38:34.046+0530] {dag.py:3823} INFO - Setting next_dagrun for dataset_consumes_1_and_2 to None, run_after=None
[2025-07-04T12:38:34.047+0530] {logging_mixin.py:188} INFO - [2025-07-04T12:38:34.047+0530] {dag.py:3823} INFO - Setting next_dagrun for dataset_consumes_1_never_scheduled to None, run_after=None
[2025-07-04T12:38:34.047+0530] {logging_mixin.py:188} INFO - [2025-07-04T12:38:34.047+0530] {dag.py:3823} INFO - Setting next_dagrun for dataset_consumes_unknown_never_scheduled to None, run_after=None
[2025-07-04T12:38:34.048+0530] {logging_mixin.py:188} INFO - [2025-07-04T12:38:34.048+0530] {dag.py:3823} INFO - Setting next_dagrun for dataset_produces_1 to 2025-07-03 00:00:00+00:00, run_after=2025-07-04 00:00:00+00:00
[2025-07-04T12:38:34.048+0530] {logging_mixin.py:188} INFO - [2025-07-04T12:38:34.048+0530] {dag.py:3823} INFO - Setting next_dagrun for dataset_produces_2 to None, run_after=None
[2025-07-04T12:38:34.068+0530] {processor.py:183} INFO - Processing /home/tejhanagarajan/Projects/small-projects/NewsImpact/venv/lib64/python3.10/site-packages/airflow/example_dags/example_datasets.py took 0.052 seconds
[2025-07-04T12:39:22.725+0530] {processor.py:161} INFO - Started process (PID=35430) to work on /home/tejhanagarajan/Projects/small-projects/NewsImpact/venv/lib64/python3.10/site-packages/airflow/example_dags/example_datasets.py
[2025-07-04T12:39:22.726+0530] {processor.py:830} INFO - Processing file /home/tejhanagarajan/Projects/small-projects/NewsImpact/venv/lib64/python3.10/site-packages/airflow/example_dags/example_datasets.py for tasks to queue
[2025-07-04T12:39:22.727+0530] {logging_mixin.py:188} INFO - [2025-07-04T12:39:22.727+0530] {dagbag.py:538} INFO - Filling up the DagBag from /home/tejhanagarajan/Projects/small-projects/NewsImpact/venv/lib64/python3.10/site-packages/airflow/example_dags/example_datasets.py
[2025-07-04T12:39:22.734+0530] {processor.py:840} INFO - DAG(s) 'dataset_consumes_unknown_never_scheduled', 'dataset_consumes_1_and_2', 'dataset_consumes_1_never_scheduled', 'dataset_consumes_1', 'dataset_produces_2', 'dataset_produces_1' retrieved from /home/tejhanagarajan/Projects/small-projects/NewsImpact/venv/lib64/python3.10/site-packages/airflow/example_dags/example_datasets.py
[2025-07-04T12:39:22.745+0530] {logging_mixin.py:188} INFO - [2025-07-04T12:39:22.745+0530] {dag.py:3036} INFO - Sync 6 DAGs
[2025-07-04T12:39:22.753+0530] {logging_mixin.py:188} INFO - [2025-07-04T12:39:22.753+0530] {dag.py:3823} INFO - Setting next_dagrun for dataset_consumes_1 to None, run_after=None
[2025-07-04T12:39:22.754+0530] {logging_mixin.py:188} INFO - [2025-07-04T12:39:22.754+0530] {dag.py:3823} INFO - Setting next_dagrun for dataset_consumes_1_and_2 to None, run_after=None
[2025-07-04T12:39:22.755+0530] {logging_mixin.py:188} INFO - [2025-07-04T12:39:22.755+0530] {dag.py:3823} INFO - Setting next_dagrun for dataset_consumes_1_never_scheduled to None, run_after=None
[2025-07-04T12:39:22.755+0530] {logging_mixin.py:188} INFO - [2025-07-04T12:39:22.755+0530] {dag.py:3823} INFO - Setting next_dagrun for dataset_consumes_unknown_never_scheduled to None, run_after=None
[2025-07-04T12:39:22.756+0530] {logging_mixin.py:188} INFO - [2025-07-04T12:39:22.756+0530] {dag.py:3823} INFO - Setting next_dagrun for dataset_produces_1 to 2025-07-03 00:00:00+00:00, run_after=2025-07-04 00:00:00+00:00
[2025-07-04T12:39:22.756+0530] {logging_mixin.py:188} INFO - [2025-07-04T12:39:22.756+0530] {dag.py:3823} INFO - Setting next_dagrun for dataset_produces_2 to None, run_after=None
[2025-07-04T12:39:22.778+0530] {processor.py:183} INFO - Processing /home/tejhanagarajan/Projects/small-projects/NewsImpact/venv/lib64/python3.10/site-packages/airflow/example_dags/example_datasets.py took 0.056 seconds
[2025-07-04T12:39:25.316+0530] {processor.py:161} INFO - Started process (PID=35449) to work on /home/tejhanagarajan/Projects/small-projects/NewsImpact/venv/lib64/python3.10/site-packages/airflow/example_dags/example_datasets.py
[2025-07-04T12:39:25.317+0530] {processor.py:830} INFO - Processing file /home/tejhanagarajan/Projects/small-projects/NewsImpact/venv/lib64/python3.10/site-packages/airflow/example_dags/example_datasets.py for tasks to queue
[2025-07-04T12:39:25.317+0530] {logging_mixin.py:188} INFO - [2025-07-04T12:39:25.317+0530] {dagbag.py:538} INFO - Filling up the DagBag from /home/tejhanagarajan/Projects/small-projects/NewsImpact/venv/lib64/python3.10/site-packages/airflow/example_dags/example_datasets.py
[2025-07-04T12:39:25.322+0530] {processor.py:840} INFO - DAG(s) 'dataset_consumes_1', 'dataset_produces_2', 'dataset_consumes_1_never_scheduled', 'dataset_consumes_unknown_never_scheduled', 'dataset_consumes_1_and_2', 'dataset_produces_1' retrieved from /home/tejhanagarajan/Projects/small-projects/NewsImpact/venv/lib64/python3.10/site-packages/airflow/example_dags/example_datasets.py
[2025-07-04T12:39:25.334+0530] {logging_mixin.py:188} INFO - [2025-07-04T12:39:25.334+0530] {dag.py:3036} INFO - Sync 6 DAGs
[2025-07-04T12:39:25.342+0530] {logging_mixin.py:188} INFO - [2025-07-04T12:39:25.342+0530] {dag.py:3823} INFO - Setting next_dagrun for dataset_consumes_1 to None, run_after=None
[2025-07-04T12:39:25.344+0530] {logging_mixin.py:188} INFO - [2025-07-04T12:39:25.344+0530] {dag.py:3823} INFO - Setting next_dagrun for dataset_consumes_1_and_2 to None, run_after=None
[2025-07-04T12:39:25.344+0530] {logging_mixin.py:188} INFO - [2025-07-04T12:39:25.344+0530] {dag.py:3823} INFO - Setting next_dagrun for dataset_consumes_1_never_scheduled to None, run_after=None
[2025-07-04T12:39:25.345+0530] {logging_mixin.py:188} INFO - [2025-07-04T12:39:25.345+0530] {dag.py:3823} INFO - Setting next_dagrun for dataset_consumes_unknown_never_scheduled to None, run_after=None
[2025-07-04T12:39:25.346+0530] {logging_mixin.py:188} INFO - [2025-07-04T12:39:25.346+0530] {dag.py:3823} INFO - Setting next_dagrun for dataset_produces_1 to 2025-07-03 00:00:00+00:00, run_after=2025-07-04 00:00:00+00:00
[2025-07-04T12:39:25.346+0530] {logging_mixin.py:188} INFO - [2025-07-04T12:39:25.346+0530] {dag.py:3823} INFO - Setting next_dagrun for dataset_produces_2 to None, run_after=None
[2025-07-04T12:39:25.365+0530] {processor.py:183} INFO - Processing /home/tejhanagarajan/Projects/small-projects/NewsImpact/venv/lib64/python3.10/site-packages/airflow/example_dags/example_datasets.py took 0.050 seconds
[2025-07-04T12:42:33.259+0530] {processor.py:161} INFO - Started process (PID=38019) to work on /home/tejhanagarajan/Projects/small-projects/NewsImpact/venv/lib64/python3.10/site-packages/airflow/example_dags/example_datasets.py
[2025-07-04T12:42:33.262+0530] {processor.py:830} INFO - Processing file /home/tejhanagarajan/Projects/small-projects/NewsImpact/venv/lib64/python3.10/site-packages/airflow/example_dags/example_datasets.py for tasks to queue
[2025-07-04T12:42:33.262+0530] {logging_mixin.py:188} INFO - [2025-07-04T12:42:33.262+0530] {dagbag.py:538} INFO - Filling up the DagBag from /home/tejhanagarajan/Projects/small-projects/NewsImpact/venv/lib64/python3.10/site-packages/airflow/example_dags/example_datasets.py
[2025-07-04T12:42:33.266+0530] {processor.py:840} INFO - DAG(s) 'dataset_consumes_1', 'dataset_produces_2', 'dataset_consumes_unknown_never_scheduled', 'dataset_consumes_1_never_scheduled', 'dataset_produces_1', 'dataset_consumes_1_and_2' retrieved from /home/tejhanagarajan/Projects/small-projects/NewsImpact/venv/lib64/python3.10/site-packages/airflow/example_dags/example_datasets.py
[2025-07-04T12:42:33.279+0530] {logging_mixin.py:188} INFO - [2025-07-04T12:42:33.278+0530] {dag.py:3036} INFO - Sync 6 DAGs
[2025-07-04T12:42:33.287+0530] {logging_mixin.py:188} INFO - [2025-07-04T12:42:33.287+0530] {dag.py:3823} INFO - Setting next_dagrun for dataset_consumes_1 to None, run_after=None
[2025-07-04T12:42:33.289+0530] {logging_mixin.py:188} INFO - [2025-07-04T12:42:33.288+0530] {dag.py:3823} INFO - Setting next_dagrun for dataset_consumes_1_and_2 to None, run_after=None
[2025-07-04T12:42:33.289+0530] {logging_mixin.py:188} INFO - [2025-07-04T12:42:33.289+0530] {dag.py:3823} INFO - Setting next_dagrun for dataset_consumes_1_never_scheduled to None, run_after=None
[2025-07-04T12:42:33.289+0530] {logging_mixin.py:188} INFO - [2025-07-04T12:42:33.289+0530] {dag.py:3823} INFO - Setting next_dagrun for dataset_consumes_unknown_never_scheduled to None, run_after=None
[2025-07-04T12:42:33.290+0530] {logging_mixin.py:188} INFO - [2025-07-04T12:42:33.290+0530] {dag.py:3823} INFO - Setting next_dagrun for dataset_produces_1 to 2025-07-03 00:00:00+00:00, run_after=2025-07-04 00:00:00+00:00
[2025-07-04T12:42:33.291+0530] {logging_mixin.py:188} INFO - [2025-07-04T12:42:33.291+0530] {dag.py:3823} INFO - Setting next_dagrun for dataset_produces_2 to None, run_after=None
[2025-07-04T12:42:33.312+0530] {processor.py:183} INFO - Processing /home/tejhanagarajan/Projects/small-projects/NewsImpact/venv/lib64/python3.10/site-packages/airflow/example_dags/example_datasets.py took 0.054 seconds
[2025-07-04T12:43:23.705+0530] {processor.py:161} INFO - Started process (PID=38433) to work on /home/tejhanagarajan/Projects/small-projects/NewsImpact/venv/lib64/python3.10/site-packages/airflow/example_dags/example_datasets.py
[2025-07-04T12:43:23.707+0530] {processor.py:830} INFO - Processing file /home/tejhanagarajan/Projects/small-projects/NewsImpact/venv/lib64/python3.10/site-packages/airflow/example_dags/example_datasets.py for tasks to queue
[2025-07-04T12:43:23.707+0530] {logging_mixin.py:188} INFO - [2025-07-04T12:43:23.707+0530] {dagbag.py:538} INFO - Filling up the DagBag from /home/tejhanagarajan/Projects/small-projects/NewsImpact/venv/lib64/python3.10/site-packages/airflow/example_dags/example_datasets.py
[2025-07-04T12:43:23.712+0530] {processor.py:840} INFO - DAG(s) 'dataset_consumes_1', 'dataset_consumes_1_and_2', 'dataset_consumes_unknown_never_scheduled', 'dataset_produces_1', 'dataset_consumes_1_never_scheduled', 'dataset_produces_2' retrieved from /home/tejhanagarajan/Projects/small-projects/NewsImpact/venv/lib64/python3.10/site-packages/airflow/example_dags/example_datasets.py
[2025-07-04T12:43:23.725+0530] {logging_mixin.py:188} INFO - [2025-07-04T12:43:23.725+0530] {dag.py:3036} INFO - Sync 6 DAGs
[2025-07-04T12:43:23.735+0530] {logging_mixin.py:188} INFO - [2025-07-04T12:43:23.735+0530] {dag.py:3823} INFO - Setting next_dagrun for dataset_consumes_1 to None, run_after=None
[2025-07-04T12:43:23.737+0530] {logging_mixin.py:188} INFO - [2025-07-04T12:43:23.737+0530] {dag.py:3823} INFO - Setting next_dagrun for dataset_consumes_1_and_2 to None, run_after=None
[2025-07-04T12:43:23.738+0530] {logging_mixin.py:188} INFO - [2025-07-04T12:43:23.738+0530] {dag.py:3823} INFO - Setting next_dagrun for dataset_consumes_1_never_scheduled to None, run_after=None
[2025-07-04T12:43:23.738+0530] {logging_mixin.py:188} INFO - [2025-07-04T12:43:23.738+0530] {dag.py:3823} INFO - Setting next_dagrun for dataset_consumes_unknown_never_scheduled to None, run_after=None
[2025-07-04T12:43:23.739+0530] {logging_mixin.py:188} INFO - [2025-07-04T12:43:23.739+0530] {dag.py:3823} INFO - Setting next_dagrun for dataset_produces_1 to 2025-07-03 00:00:00+00:00, run_after=2025-07-04 00:00:00+00:00
[2025-07-04T12:43:23.740+0530] {logging_mixin.py:188} INFO - [2025-07-04T12:43:23.740+0530] {dag.py:3823} INFO - Setting next_dagrun for dataset_produces_2 to None, run_after=None
[2025-07-04T12:43:23.762+0530] {processor.py:183} INFO - Processing /home/tejhanagarajan/Projects/small-projects/NewsImpact/venv/lib64/python3.10/site-packages/airflow/example_dags/example_datasets.py took 0.059 seconds
[2025-07-04T12:44:17.167+0530] {processor.py:161} INFO - Started process (PID=38824) to work on /home/tejhanagarajan/Projects/small-projects/NewsImpact/venv/lib64/python3.10/site-packages/airflow/example_dags/example_datasets.py
[2025-07-04T12:44:17.169+0530] {processor.py:830} INFO - Processing file /home/tejhanagarajan/Projects/small-projects/NewsImpact/venv/lib64/python3.10/site-packages/airflow/example_dags/example_datasets.py for tasks to queue
[2025-07-04T12:44:17.170+0530] {logging_mixin.py:188} INFO - [2025-07-04T12:44:17.169+0530] {dagbag.py:538} INFO - Filling up the DagBag from /home/tejhanagarajan/Projects/small-projects/NewsImpact/venv/lib64/python3.10/site-packages/airflow/example_dags/example_datasets.py
[2025-07-04T12:44:17.175+0530] {processor.py:840} INFO - DAG(s) 'dataset_consumes_1_and_2', 'dataset_consumes_1_never_scheduled', 'dataset_consumes_unknown_never_scheduled', 'dataset_produces_2', 'dataset_consumes_1', 'dataset_produces_1' retrieved from /home/tejhanagarajan/Projects/small-projects/NewsImpact/venv/lib64/python3.10/site-packages/airflow/example_dags/example_datasets.py
[2025-07-04T12:44:17.186+0530] {logging_mixin.py:188} INFO - [2025-07-04T12:44:17.186+0530] {dag.py:3036} INFO - Sync 6 DAGs
[2025-07-04T12:44:17.195+0530] {logging_mixin.py:188} INFO - [2025-07-04T12:44:17.194+0530] {dag.py:3823} INFO - Setting next_dagrun for dataset_consumes_1 to None, run_after=None
[2025-07-04T12:44:17.196+0530] {logging_mixin.py:188} INFO - [2025-07-04T12:44:17.196+0530] {dag.py:3823} INFO - Setting next_dagrun for dataset_consumes_1_and_2 to None, run_after=None
[2025-07-04T12:44:17.196+0530] {logging_mixin.py:188} INFO - [2025-07-04T12:44:17.196+0530] {dag.py:3823} INFO - Setting next_dagrun for dataset_consumes_1_never_scheduled to None, run_after=None
[2025-07-04T12:44:17.197+0530] {logging_mixin.py:188} INFO - [2025-07-04T12:44:17.197+0530] {dag.py:3823} INFO - Setting next_dagrun for dataset_consumes_unknown_never_scheduled to None, run_after=None
[2025-07-04T12:44:17.198+0530] {logging_mixin.py:188} INFO - [2025-07-04T12:44:17.198+0530] {dag.py:3823} INFO - Setting next_dagrun for dataset_produces_1 to 2025-07-03 00:00:00+00:00, run_after=2025-07-04 00:00:00+00:00
[2025-07-04T12:44:17.198+0530] {logging_mixin.py:188} INFO - [2025-07-04T12:44:17.198+0530] {dag.py:3823} INFO - Setting next_dagrun for dataset_produces_2 to None, run_after=None
[2025-07-04T12:44:17.220+0530] {processor.py:183} INFO - Processing /home/tejhanagarajan/Projects/small-projects/NewsImpact/venv/lib64/python3.10/site-packages/airflow/example_dags/example_datasets.py took 0.055 seconds
[2025-07-04T12:45:04.958+0530] {processor.py:161} INFO - Started process (PID=39168) to work on /home/tejhanagarajan/Projects/small-projects/NewsImpact/venv/lib64/python3.10/site-packages/airflow/example_dags/example_datasets.py
[2025-07-04T12:45:04.961+0530] {processor.py:830} INFO - Processing file /home/tejhanagarajan/Projects/small-projects/NewsImpact/venv/lib64/python3.10/site-packages/airflow/example_dags/example_datasets.py for tasks to queue
[2025-07-04T12:45:04.962+0530] {logging_mixin.py:188} INFO - [2025-07-04T12:45:04.961+0530] {dagbag.py:538} INFO - Filling up the DagBag from /home/tejhanagarajan/Projects/small-projects/NewsImpact/venv/lib64/python3.10/site-packages/airflow/example_dags/example_datasets.py
[2025-07-04T12:45:04.968+0530] {processor.py:840} INFO - DAG(s) 'dataset_consumes_1_and_2', 'dataset_consumes_1', 'dataset_produces_1', 'dataset_produces_2', 'dataset_consumes_1_never_scheduled', 'dataset_consumes_unknown_never_scheduled' retrieved from /home/tejhanagarajan/Projects/small-projects/NewsImpact/venv/lib64/python3.10/site-packages/airflow/example_dags/example_datasets.py
[2025-07-04T12:45:04.980+0530] {logging_mixin.py:188} INFO - [2025-07-04T12:45:04.980+0530] {dag.py:3036} INFO - Sync 6 DAGs
[2025-07-04T12:45:04.993+0530] {logging_mixin.py:188} INFO - [2025-07-04T12:45:04.993+0530] {dag.py:3823} INFO - Setting next_dagrun for dataset_consumes_1 to None, run_after=None
[2025-07-04T12:45:04.995+0530] {logging_mixin.py:188} INFO - [2025-07-04T12:45:04.995+0530] {dag.py:3823} INFO - Setting next_dagrun for dataset_consumes_1_and_2 to None, run_after=None
[2025-07-04T12:45:04.995+0530] {logging_mixin.py:188} INFO - [2025-07-04T12:45:04.995+0530] {dag.py:3823} INFO - Setting next_dagrun for dataset_consumes_1_never_scheduled to None, run_after=None
[2025-07-04T12:45:04.996+0530] {logging_mixin.py:188} INFO - [2025-07-04T12:45:04.995+0530] {dag.py:3823} INFO - Setting next_dagrun for dataset_consumes_unknown_never_scheduled to None, run_after=None
[2025-07-04T12:45:04.997+0530] {logging_mixin.py:188} INFO - [2025-07-04T12:45:04.996+0530] {dag.py:3823} INFO - Setting next_dagrun for dataset_produces_1 to 2025-07-03 00:00:00+00:00, run_after=2025-07-04 00:00:00+00:00
[2025-07-04T12:45:04.997+0530] {logging_mixin.py:188} INFO - [2025-07-04T12:45:04.997+0530] {dag.py:3823} INFO - Setting next_dagrun for dataset_produces_2 to None, run_after=None
[2025-07-04T12:45:05.016+0530] {processor.py:183} INFO - Processing /home/tejhanagarajan/Projects/small-projects/NewsImpact/venv/lib64/python3.10/site-packages/airflow/example_dags/example_datasets.py took 0.061 seconds
[2025-07-04T12:45:57.045+0530] {processor.py:161} INFO - Started process (PID=39554) to work on /home/tejhanagarajan/Projects/small-projects/NewsImpact/venv/lib64/python3.10/site-packages/airflow/example_dags/example_datasets.py
[2025-07-04T12:45:57.047+0530] {processor.py:830} INFO - Processing file /home/tejhanagarajan/Projects/small-projects/NewsImpact/venv/lib64/python3.10/site-packages/airflow/example_dags/example_datasets.py for tasks to queue
[2025-07-04T12:45:57.048+0530] {logging_mixin.py:188} INFO - [2025-07-04T12:45:57.048+0530] {dagbag.py:538} INFO - Filling up the DagBag from /home/tejhanagarajan/Projects/small-projects/NewsImpact/venv/lib64/python3.10/site-packages/airflow/example_dags/example_datasets.py
[2025-07-04T12:45:57.057+0530] {processor.py:840} INFO - DAG(s) 'dataset_produces_2', 'dataset_consumes_1_and_2', 'dataset_produces_1', 'dataset_consumes_unknown_never_scheduled', 'dataset_consumes_1', 'dataset_consumes_1_never_scheduled' retrieved from /home/tejhanagarajan/Projects/small-projects/NewsImpact/venv/lib64/python3.10/site-packages/airflow/example_dags/example_datasets.py
[2025-07-04T12:45:57.070+0530] {logging_mixin.py:188} INFO - [2025-07-04T12:45:57.070+0530] {dag.py:3036} INFO - Sync 6 DAGs
[2025-07-04T12:45:57.078+0530] {logging_mixin.py:188} INFO - [2025-07-04T12:45:57.078+0530] {dag.py:3823} INFO - Setting next_dagrun for dataset_consumes_1 to None, run_after=None
[2025-07-04T12:45:57.080+0530] {logging_mixin.py:188} INFO - [2025-07-04T12:45:57.080+0530] {dag.py:3823} INFO - Setting next_dagrun for dataset_consumes_1_and_2 to None, run_after=None
[2025-07-04T12:45:57.080+0530] {logging_mixin.py:188} INFO - [2025-07-04T12:45:57.080+0530] {dag.py:3823} INFO - Setting next_dagrun for dataset_consumes_1_never_scheduled to None, run_after=None
[2025-07-04T12:45:57.081+0530] {logging_mixin.py:188} INFO - [2025-07-04T12:45:57.080+0530] {dag.py:3823} INFO - Setting next_dagrun for dataset_consumes_unknown_never_scheduled to None, run_after=None
[2025-07-04T12:45:57.082+0530] {logging_mixin.py:188} INFO - [2025-07-04T12:45:57.081+0530] {dag.py:3823} INFO - Setting next_dagrun for dataset_produces_1 to 2025-07-03 00:00:00+00:00, run_after=2025-07-04 00:00:00+00:00
[2025-07-04T12:45:57.082+0530] {logging_mixin.py:188} INFO - [2025-07-04T12:45:57.082+0530] {dag.py:3823} INFO - Setting next_dagrun for dataset_produces_2 to None, run_after=None
[2025-07-04T12:45:57.101+0530] {processor.py:183} INFO - Processing /home/tejhanagarajan/Projects/small-projects/NewsImpact/venv/lib64/python3.10/site-packages/airflow/example_dags/example_datasets.py took 0.059 seconds
[2025-07-04T12:46:49.280+0530] {processor.py:161} INFO - Started process (PID=39925) to work on /home/tejhanagarajan/Projects/small-projects/NewsImpact/venv/lib64/python3.10/site-packages/airflow/example_dags/example_datasets.py
[2025-07-04T12:46:49.282+0530] {processor.py:830} INFO - Processing file /home/tejhanagarajan/Projects/small-projects/NewsImpact/venv/lib64/python3.10/site-packages/airflow/example_dags/example_datasets.py for tasks to queue
[2025-07-04T12:46:49.283+0530] {logging_mixin.py:188} INFO - [2025-07-04T12:46:49.283+0530] {dagbag.py:538} INFO - Filling up the DagBag from /home/tejhanagarajan/Projects/small-projects/NewsImpact/venv/lib64/python3.10/site-packages/airflow/example_dags/example_datasets.py
[2025-07-04T12:46:49.290+0530] {processor.py:840} INFO - DAG(s) 'dataset_produces_2', 'dataset_consumes_1_and_2', 'dataset_consumes_1_never_scheduled', 'dataset_produces_1', 'dataset_consumes_unknown_never_scheduled', 'dataset_consumes_1' retrieved from /home/tejhanagarajan/Projects/small-projects/NewsImpact/venv/lib64/python3.10/site-packages/airflow/example_dags/example_datasets.py
[2025-07-04T12:46:49.301+0530] {logging_mixin.py:188} INFO - [2025-07-04T12:46:49.301+0530] {dag.py:3036} INFO - Sync 6 DAGs
[2025-07-04T12:46:49.309+0530] {logging_mixin.py:188} INFO - [2025-07-04T12:46:49.309+0530] {dag.py:3823} INFO - Setting next_dagrun for dataset_consumes_1 to None, run_after=None
[2025-07-04T12:46:49.310+0530] {logging_mixin.py:188} INFO - [2025-07-04T12:46:49.310+0530] {dag.py:3823} INFO - Setting next_dagrun for dataset_consumes_1_and_2 to None, run_after=None
[2025-07-04T12:46:49.310+0530] {logging_mixin.py:188} INFO - [2025-07-04T12:46:49.310+0530] {dag.py:3823} INFO - Setting next_dagrun for dataset_consumes_1_never_scheduled to None, run_after=None
[2025-07-04T12:46:49.311+0530] {logging_mixin.py:188} INFO - [2025-07-04T12:46:49.311+0530] {dag.py:3823} INFO - Setting next_dagrun for dataset_consumes_unknown_never_scheduled to None, run_after=None
[2025-07-04T12:46:49.312+0530] {logging_mixin.py:188} INFO - [2025-07-04T12:46:49.312+0530] {dag.py:3823} INFO - Setting next_dagrun for dataset_produces_1 to 2025-07-03 00:00:00+00:00, run_after=2025-07-04 00:00:00+00:00
[2025-07-04T12:46:49.312+0530] {logging_mixin.py:188} INFO - [2025-07-04T12:46:49.312+0530] {dag.py:3823} INFO - Setting next_dagrun for dataset_produces_2 to None, run_after=None
[2025-07-04T12:46:49.333+0530] {processor.py:183} INFO - Processing /home/tejhanagarajan/Projects/small-projects/NewsImpact/venv/lib64/python3.10/site-packages/airflow/example_dags/example_datasets.py took 0.055 seconds
[2025-07-04T12:47:42.170+0530] {processor.py:161} INFO - Started process (PID=40323) to work on /home/tejhanagarajan/Projects/small-projects/NewsImpact/venv/lib64/python3.10/site-packages/airflow/example_dags/example_datasets.py
[2025-07-04T12:47:42.173+0530] {processor.py:830} INFO - Processing file /home/tejhanagarajan/Projects/small-projects/NewsImpact/venv/lib64/python3.10/site-packages/airflow/example_dags/example_datasets.py for tasks to queue
[2025-07-04T12:47:42.174+0530] {logging_mixin.py:188} INFO - [2025-07-04T12:47:42.173+0530] {dagbag.py:538} INFO - Filling up the DagBag from /home/tejhanagarajan/Projects/small-projects/NewsImpact/venv/lib64/python3.10/site-packages/airflow/example_dags/example_datasets.py
[2025-07-04T12:47:42.180+0530] {processor.py:840} INFO - DAG(s) 'dataset_consumes_unknown_never_scheduled', 'dataset_consumes_1_and_2', 'dataset_produces_1', 'dataset_consumes_1', 'dataset_consumes_1_never_scheduled', 'dataset_produces_2' retrieved from /home/tejhanagarajan/Projects/small-projects/NewsImpact/venv/lib64/python3.10/site-packages/airflow/example_dags/example_datasets.py
[2025-07-04T12:47:42.192+0530] {logging_mixin.py:188} INFO - [2025-07-04T12:47:42.191+0530] {dag.py:3036} INFO - Sync 6 DAGs
[2025-07-04T12:47:42.200+0530] {logging_mixin.py:188} INFO - [2025-07-04T12:47:42.200+0530] {dag.py:3823} INFO - Setting next_dagrun for dataset_consumes_1 to None, run_after=None
[2025-07-04T12:47:42.201+0530] {logging_mixin.py:188} INFO - [2025-07-04T12:47:42.201+0530] {dag.py:3823} INFO - Setting next_dagrun for dataset_consumes_1_and_2 to None, run_after=None
[2025-07-04T12:47:42.202+0530] {logging_mixin.py:188} INFO - [2025-07-04T12:47:42.202+0530] {dag.py:3823} INFO - Setting next_dagrun for dataset_consumes_1_never_scheduled to None, run_after=None
[2025-07-04T12:47:42.202+0530] {logging_mixin.py:188} INFO - [2025-07-04T12:47:42.202+0530] {dag.py:3823} INFO - Setting next_dagrun for dataset_consumes_unknown_never_scheduled to None, run_after=None
[2025-07-04T12:47:42.203+0530] {logging_mixin.py:188} INFO - [2025-07-04T12:47:42.203+0530] {dag.py:3823} INFO - Setting next_dagrun for dataset_produces_1 to 2025-07-03 00:00:00+00:00, run_after=2025-07-04 00:00:00+00:00
[2025-07-04T12:47:42.204+0530] {logging_mixin.py:188} INFO - [2025-07-04T12:47:42.203+0530] {dag.py:3823} INFO - Setting next_dagrun for dataset_produces_2 to None, run_after=None
[2025-07-04T12:47:42.224+0530] {processor.py:183} INFO - Processing /home/tejhanagarajan/Projects/small-projects/NewsImpact/venv/lib64/python3.10/site-packages/airflow/example_dags/example_datasets.py took 0.055 seconds
[2025-07-04T12:48:28.747+0530] {processor.py:161} INFO - Started process (PID=40688) to work on /home/tejhanagarajan/Projects/small-projects/NewsImpact/venv/lib64/python3.10/site-packages/airflow/example_dags/example_datasets.py
[2025-07-04T12:48:28.750+0530] {processor.py:830} INFO - Processing file /home/tejhanagarajan/Projects/small-projects/NewsImpact/venv/lib64/python3.10/site-packages/airflow/example_dags/example_datasets.py for tasks to queue
[2025-07-04T12:48:28.751+0530] {logging_mixin.py:188} INFO - [2025-07-04T12:48:28.751+0530] {dagbag.py:538} INFO - Filling up the DagBag from /home/tejhanagarajan/Projects/small-projects/NewsImpact/venv/lib64/python3.10/site-packages/airflow/example_dags/example_datasets.py
[2025-07-04T12:48:28.756+0530] {processor.py:840} INFO - DAG(s) 'dataset_consumes_1_never_scheduled', 'dataset_produces_1', 'dataset_produces_2', 'dataset_consumes_unknown_never_scheduled', 'dataset_consumes_1_and_2', 'dataset_consumes_1' retrieved from /home/tejhanagarajan/Projects/small-projects/NewsImpact/venv/lib64/python3.10/site-packages/airflow/example_dags/example_datasets.py
[2025-07-04T12:48:28.767+0530] {logging_mixin.py:188} INFO - [2025-07-04T12:48:28.767+0530] {dag.py:3036} INFO - Sync 6 DAGs
[2025-07-04T12:48:28.775+0530] {logging_mixin.py:188} INFO - [2025-07-04T12:48:28.775+0530] {dag.py:3823} INFO - Setting next_dagrun for dataset_consumes_1 to None, run_after=None
[2025-07-04T12:48:28.776+0530] {logging_mixin.py:188} INFO - [2025-07-04T12:48:28.776+0530] {dag.py:3823} INFO - Setting next_dagrun for dataset_consumes_1_and_2 to None, run_after=None
[2025-07-04T12:48:28.777+0530] {logging_mixin.py:188} INFO - [2025-07-04T12:48:28.777+0530] {dag.py:3823} INFO - Setting next_dagrun for dataset_consumes_1_never_scheduled to None, run_after=None
[2025-07-04T12:48:28.777+0530] {logging_mixin.py:188} INFO - [2025-07-04T12:48:28.777+0530] {dag.py:3823} INFO - Setting next_dagrun for dataset_consumes_unknown_never_scheduled to None, run_after=None
[2025-07-04T12:48:28.778+0530] {logging_mixin.py:188} INFO - [2025-07-04T12:48:28.778+0530] {dag.py:3823} INFO - Setting next_dagrun for dataset_produces_1 to 2025-07-03 00:00:00+00:00, run_after=2025-07-04 00:00:00+00:00
[2025-07-04T12:48:28.778+0530] {logging_mixin.py:188} INFO - [2025-07-04T12:48:28.778+0530] {dag.py:3823} INFO - Setting next_dagrun for dataset_produces_2 to None, run_after=None
[2025-07-04T12:48:28.798+0530] {processor.py:183} INFO - Processing /home/tejhanagarajan/Projects/small-projects/NewsImpact/venv/lib64/python3.10/site-packages/airflow/example_dags/example_datasets.py took 0.054 seconds
