[2025-07-04T12:26:34.585+0530] {processor.py:161} INFO - Started process (PID=25155) to work on /home/tejhanagarajan/Projects/small-projects/NewsImpact/venv/lib64/python3.10/site-packages/airflow/example_dags/example_xcomargs.py
[2025-07-04T12:26:34.586+0530] {processor.py:830} INFO - Processing file /home/tejhanagarajan/Projects/small-projects/NewsImpact/venv/lib64/python3.10/site-packages/airflow/example_dags/example_xcomargs.py for tasks to queue
[2025-07-04T12:26:34.587+0530] {logging_mixin.py:188} INFO - [2025-07-04T12:26:34.586+0530] {dagbag.py:538} INFO - Filling up the DagBag from /home/tejhanagarajan/Projects/small-projects/NewsImpact/venv/lib64/python3.10/site-packages/airflow/example_dags/example_xcomargs.py
[2025-07-04T12:26:34.593+0530] {processor.py:840} INFO - DAG(s) 'example_xcom_args', 'example_xcom_args_with_operators' retrieved from /home/tejhanagarajan/Projects/small-projects/NewsImpact/venv/lib64/python3.10/site-packages/airflow/example_dags/example_xcomargs.py
[2025-07-04T12:26:34.651+0530] {logging_mixin.py:188} INFO - [2025-07-04T12:26:34.651+0530] {override.py:1769} INFO - Created Permission View: can read on DAG:example_xcom_args
[2025-07-04T12:26:34.663+0530] {logging_mixin.py:188} INFO - [2025-07-04T12:26:34.663+0530] {override.py:1769} INFO - Created Permission View: can edit on DAG:example_xcom_args
[2025-07-04T12:26:34.674+0530] {logging_mixin.py:188} INFO - [2025-07-04T12:26:34.674+0530] {override.py:1769} INFO - Created Permission View: can delete on DAG:example_xcom_args
[2025-07-04T12:26:34.695+0530] {logging_mixin.py:188} INFO - [2025-07-04T12:26:34.695+0530] {override.py:1769} INFO - Created Permission View: can read on DAG:example_xcom_args_with_operators
[2025-07-04T12:26:34.706+0530] {logging_mixin.py:188} INFO - [2025-07-04T12:26:34.706+0530] {override.py:1769} INFO - Created Permission View: can edit on DAG:example_xcom_args_with_operators
[2025-07-04T12:26:34.721+0530] {logging_mixin.py:188} INFO - [2025-07-04T12:26:34.720+0530] {override.py:1769} INFO - Created Permission View: can delete on DAG:example_xcom_args_with_operators
[2025-07-04T12:26:34.721+0530] {logging_mixin.py:188} INFO - [2025-07-04T12:26:34.721+0530] {dag.py:3036} INFO - Sync 2 DAGs
[2025-07-04T12:26:34.730+0530] {logging_mixin.py:188} INFO - [2025-07-04T12:26:34.729+0530] {dag.py:3058} INFO - Creating ORM DAG for example_xcom_args
[2025-07-04T12:26:34.730+0530] {logging_mixin.py:188} INFO - [2025-07-04T12:26:34.730+0530] {dag.py:3058} INFO - Creating ORM DAG for example_xcom_args_with_operators
[2025-07-04T12:26:34.730+0530] {logging_mixin.py:188} INFO - [2025-07-04T12:26:34.730+0530] {dag.py:3823} INFO - Setting next_dagrun for example_xcom_args to None, run_after=None
[2025-07-04T12:26:34.730+0530] {logging_mixin.py:188} INFO - [2025-07-04T12:26:34.730+0530] {dag.py:3823} INFO - Setting next_dagrun for example_xcom_args_with_operators to None, run_after=None
[2025-07-04T12:26:34.745+0530] {processor.py:183} INFO - Processing /home/tejhanagarajan/Projects/small-projects/NewsImpact/venv/lib64/python3.10/site-packages/airflow/example_dags/example_xcomargs.py took 0.162 seconds
[2025-07-04T12:27:25.716+0530] {processor.py:161} INFO - Started process (PID=25542) to work on /home/tejhanagarajan/Projects/small-projects/NewsImpact/venv/lib64/python3.10/site-packages/airflow/example_dags/example_xcomargs.py
[2025-07-04T12:27:25.717+0530] {processor.py:830} INFO - Processing file /home/tejhanagarajan/Projects/small-projects/NewsImpact/venv/lib64/python3.10/site-packages/airflow/example_dags/example_xcomargs.py for tasks to queue
[2025-07-04T12:27:25.717+0530] {logging_mixin.py:188} INFO - [2025-07-04T12:27:25.717+0530] {dagbag.py:538} INFO - Filling up the DagBag from /home/tejhanagarajan/Projects/small-projects/NewsImpact/venv/lib64/python3.10/site-packages/airflow/example_dags/example_xcomargs.py
[2025-07-04T12:27:25.721+0530] {processor.py:840} INFO - DAG(s) 'example_xcom_args', 'example_xcom_args_with_operators' retrieved from /home/tejhanagarajan/Projects/small-projects/NewsImpact/venv/lib64/python3.10/site-packages/airflow/example_dags/example_xcomargs.py
[2025-07-04T12:27:25.729+0530] {logging_mixin.py:188} INFO - [2025-07-04T12:27:25.729+0530] {dag.py:3036} INFO - Sync 2 DAGs
[2025-07-04T12:27:25.734+0530] {logging_mixin.py:188} INFO - [2025-07-04T12:27:25.734+0530] {dag.py:3823} INFO - Setting next_dagrun for example_xcom_args to None, run_after=None
[2025-07-04T12:27:25.735+0530] {logging_mixin.py:188} INFO - [2025-07-04T12:27:25.735+0530] {dag.py:3823} INFO - Setting next_dagrun for example_xcom_args_with_operators to None, run_after=None
[2025-07-04T12:27:25.752+0530] {processor.py:183} INFO - Processing /home/tejhanagarajan/Projects/small-projects/NewsImpact/venv/lib64/python3.10/site-packages/airflow/example_dags/example_xcomargs.py took 0.039 seconds
[2025-07-04T12:28:05.124+0530] {processor.py:161} INFO - Started process (PID=25815) to work on /home/tejhanagarajan/Projects/small-projects/NewsImpact/venv/lib64/python3.10/site-packages/airflow/example_dags/example_xcomargs.py
[2025-07-04T12:28:05.126+0530] {processor.py:830} INFO - Processing file /home/tejhanagarajan/Projects/small-projects/NewsImpact/venv/lib64/python3.10/site-packages/airflow/example_dags/example_xcomargs.py for tasks to queue
[2025-07-04T12:28:05.127+0530] {logging_mixin.py:188} INFO - [2025-07-04T12:28:05.127+0530] {dagbag.py:538} INFO - Filling up the DagBag from /home/tejhanagarajan/Projects/small-projects/NewsImpact/venv/lib64/python3.10/site-packages/airflow/example_dags/example_xcomargs.py
[2025-07-04T12:28:05.132+0530] {processor.py:840} INFO - DAG(s) 'example_xcom_args_with_operators', 'example_xcom_args' retrieved from /home/tejhanagarajan/Projects/small-projects/NewsImpact/venv/lib64/python3.10/site-packages/airflow/example_dags/example_xcomargs.py
[2025-07-04T12:28:05.142+0530] {logging_mixin.py:188} INFO - [2025-07-04T12:28:05.142+0530] {dag.py:3036} INFO - Sync 2 DAGs
[2025-07-04T12:28:05.147+0530] {logging_mixin.py:188} INFO - [2025-07-04T12:28:05.147+0530] {dag.py:3823} INFO - Setting next_dagrun for example_xcom_args to None, run_after=None
[2025-07-04T12:28:05.149+0530] {logging_mixin.py:188} INFO - [2025-07-04T12:28:05.148+0530] {dag.py:3823} INFO - Setting next_dagrun for example_xcom_args_with_operators to None, run_after=None
[2025-07-04T12:28:05.164+0530] {processor.py:183} INFO - Processing /home/tejhanagarajan/Projects/small-projects/NewsImpact/venv/lib64/python3.10/site-packages/airflow/example_dags/example_xcomargs.py took 0.042 seconds
[2025-07-04T12:28:54.032+0530] {processor.py:161} INFO - Started process (PID=26256) to work on /home/tejhanagarajan/Projects/small-projects/NewsImpact/venv/lib64/python3.10/site-packages/airflow/example_dags/example_xcomargs.py
[2025-07-04T12:28:54.034+0530] {processor.py:830} INFO - Processing file /home/tejhanagarajan/Projects/small-projects/NewsImpact/venv/lib64/python3.10/site-packages/airflow/example_dags/example_xcomargs.py for tasks to queue
[2025-07-04T12:28:54.034+0530] {logging_mixin.py:188} INFO - [2025-07-04T12:28:54.034+0530] {dagbag.py:538} INFO - Filling up the DagBag from /home/tejhanagarajan/Projects/small-projects/NewsImpact/venv/lib64/python3.10/site-packages/airflow/example_dags/example_xcomargs.py
[2025-07-04T12:28:54.038+0530] {processor.py:840} INFO - DAG(s) 'example_xcom_args', 'example_xcom_args_with_operators' retrieved from /home/tejhanagarajan/Projects/small-projects/NewsImpact/venv/lib64/python3.10/site-packages/airflow/example_dags/example_xcomargs.py
[2025-07-04T12:28:54.045+0530] {logging_mixin.py:188} INFO - [2025-07-04T12:28:54.045+0530] {dag.py:3036} INFO - Sync 2 DAGs
[2025-07-04T12:28:54.049+0530] {logging_mixin.py:188} INFO - [2025-07-04T12:28:54.049+0530] {dag.py:3823} INFO - Setting next_dagrun for example_xcom_args to None, run_after=None
[2025-07-04T12:28:54.051+0530] {logging_mixin.py:188} INFO - [2025-07-04T12:28:54.051+0530] {dag.py:3823} INFO - Setting next_dagrun for example_xcom_args_with_operators to None, run_after=None
[2025-07-04T12:28:54.066+0530] {processor.py:183} INFO - Processing /home/tejhanagarajan/Projects/small-projects/NewsImpact/venv/lib64/python3.10/site-packages/airflow/example_dags/example_xcomargs.py took 0.035 seconds
[2025-07-04T12:29:34.444+0530] {processor.py:161} INFO - Started process (PID=26598) to work on /home/tejhanagarajan/Projects/small-projects/NewsImpact/venv/lib64/python3.10/site-packages/airflow/example_dags/example_xcomargs.py
[2025-07-04T12:29:34.446+0530] {processor.py:830} INFO - Processing file /home/tejhanagarajan/Projects/small-projects/NewsImpact/venv/lib64/python3.10/site-packages/airflow/example_dags/example_xcomargs.py for tasks to queue
[2025-07-04T12:29:34.447+0530] {logging_mixin.py:188} INFO - [2025-07-04T12:29:34.447+0530] {dagbag.py:538} INFO - Filling up the DagBag from /home/tejhanagarajan/Projects/small-projects/NewsImpact/venv/lib64/python3.10/site-packages/airflow/example_dags/example_xcomargs.py
[2025-07-04T12:29:34.455+0530] {processor.py:840} INFO - DAG(s) 'example_xcom_args', 'example_xcom_args_with_operators' retrieved from /home/tejhanagarajan/Projects/small-projects/NewsImpact/venv/lib64/python3.10/site-packages/airflow/example_dags/example_xcomargs.py
[2025-07-04T12:29:34.463+0530] {logging_mixin.py:188} INFO - [2025-07-04T12:29:34.463+0530] {dag.py:3036} INFO - Sync 2 DAGs
[2025-07-04T12:29:34.468+0530] {logging_mixin.py:188} INFO - [2025-07-04T12:29:34.468+0530] {dag.py:3823} INFO - Setting next_dagrun for example_xcom_args to None, run_after=None
[2025-07-04T12:29:34.469+0530] {logging_mixin.py:188} INFO - [2025-07-04T12:29:34.469+0530] {dag.py:3823} INFO - Setting next_dagrun for example_xcom_args_with_operators to None, run_after=None
[2025-07-04T12:29:34.485+0530] {processor.py:183} INFO - Processing /home/tejhanagarajan/Projects/small-projects/NewsImpact/venv/lib64/python3.10/site-packages/airflow/example_dags/example_xcomargs.py took 0.044 seconds
[2025-07-04T12:30:09.213+0530] {processor.py:161} INFO - Started process (PID=26861) to work on /home/tejhanagarajan/Projects/small-projects/NewsImpact/venv/lib64/python3.10/site-packages/airflow/example_dags/example_xcomargs.py
[2025-07-04T12:30:09.215+0530] {processor.py:830} INFO - Processing file /home/tejhanagarajan/Projects/small-projects/NewsImpact/venv/lib64/python3.10/site-packages/airflow/example_dags/example_xcomargs.py for tasks to queue
[2025-07-04T12:30:09.216+0530] {logging_mixin.py:188} INFO - [2025-07-04T12:30:09.215+0530] {dagbag.py:538} INFO - Filling up the DagBag from /home/tejhanagarajan/Projects/small-projects/NewsImpact/venv/lib64/python3.10/site-packages/airflow/example_dags/example_xcomargs.py
[2025-07-04T12:30:09.219+0530] {processor.py:840} INFO - DAG(s) 'example_xcom_args_with_operators', 'example_xcom_args' retrieved from /home/tejhanagarajan/Projects/small-projects/NewsImpact/venv/lib64/python3.10/site-packages/airflow/example_dags/example_xcomargs.py
[2025-07-04T12:30:09.227+0530] {logging_mixin.py:188} INFO - [2025-07-04T12:30:09.227+0530] {dag.py:3036} INFO - Sync 2 DAGs
[2025-07-04T12:30:09.231+0530] {logging_mixin.py:188} INFO - [2025-07-04T12:30:09.231+0530] {dag.py:3823} INFO - Setting next_dagrun for example_xcom_args to None, run_after=None
[2025-07-04T12:30:09.233+0530] {logging_mixin.py:188} INFO - [2025-07-04T12:30:09.233+0530] {dag.py:3823} INFO - Setting next_dagrun for example_xcom_args_with_operators to None, run_after=None
[2025-07-04T12:30:09.249+0530] {processor.py:183} INFO - Processing /home/tejhanagarajan/Projects/small-projects/NewsImpact/venv/lib64/python3.10/site-packages/airflow/example_dags/example_xcomargs.py took 0.038 seconds
[2025-07-04T12:30:47.133+0530] {processor.py:161} INFO - Started process (PID=27117) to work on /home/tejhanagarajan/Projects/small-projects/NewsImpact/venv/lib64/python3.10/site-packages/airflow/example_dags/example_xcomargs.py
[2025-07-04T12:30:47.135+0530] {processor.py:830} INFO - Processing file /home/tejhanagarajan/Projects/small-projects/NewsImpact/venv/lib64/python3.10/site-packages/airflow/example_dags/example_xcomargs.py for tasks to queue
[2025-07-04T12:30:47.135+0530] {logging_mixin.py:188} INFO - [2025-07-04T12:30:47.135+0530] {dagbag.py:538} INFO - Filling up the DagBag from /home/tejhanagarajan/Projects/small-projects/NewsImpact/venv/lib64/python3.10/site-packages/airflow/example_dags/example_xcomargs.py
[2025-07-04T12:30:47.140+0530] {processor.py:840} INFO - DAG(s) 'example_xcom_args', 'example_xcom_args_with_operators' retrieved from /home/tejhanagarajan/Projects/small-projects/NewsImpact/venv/lib64/python3.10/site-packages/airflow/example_dags/example_xcomargs.py
[2025-07-04T12:30:47.148+0530] {logging_mixin.py:188} INFO - [2025-07-04T12:30:47.148+0530] {dag.py:3036} INFO - Sync 2 DAGs
[2025-07-04T12:30:47.153+0530] {logging_mixin.py:188} INFO - [2025-07-04T12:30:47.153+0530] {dag.py:3823} INFO - Setting next_dagrun for example_xcom_args to None, run_after=None
[2025-07-04T12:30:47.155+0530] {logging_mixin.py:188} INFO - [2025-07-04T12:30:47.155+0530] {dag.py:3823} INFO - Setting next_dagrun for example_xcom_args_with_operators to None, run_after=None
[2025-07-04T12:30:47.170+0530] {processor.py:183} INFO - Processing /home/tejhanagarajan/Projects/small-projects/NewsImpact/venv/lib64/python3.10/site-packages/airflow/example_dags/example_xcomargs.py took 0.039 seconds
[2025-07-04T12:33:02.212+0530] {processor.py:161} INFO - Started process (PID=30038) to work on /home/tejhanagarajan/Projects/small-projects/NewsImpact/venv/lib64/python3.10/site-packages/airflow/example_dags/example_xcomargs.py
[2025-07-04T12:33:02.215+0530] {processor.py:830} INFO - Processing file /home/tejhanagarajan/Projects/small-projects/NewsImpact/venv/lib64/python3.10/site-packages/airflow/example_dags/example_xcomargs.py for tasks to queue
[2025-07-04T12:33:02.216+0530] {logging_mixin.py:188} INFO - [2025-07-04T12:33:02.215+0530] {dagbag.py:538} INFO - Filling up the DagBag from /home/tejhanagarajan/Projects/small-projects/NewsImpact/venv/lib64/python3.10/site-packages/airflow/example_dags/example_xcomargs.py
[2025-07-04T12:33:02.226+0530] {processor.py:840} INFO - DAG(s) 'example_xcom_args_with_operators', 'example_xcom_args' retrieved from /home/tejhanagarajan/Projects/small-projects/NewsImpact/venv/lib64/python3.10/site-packages/airflow/example_dags/example_xcomargs.py
[2025-07-04T12:33:02.239+0530] {logging_mixin.py:188} INFO - [2025-07-04T12:33:02.238+0530] {dag.py:3036} INFO - Sync 2 DAGs
[2025-07-04T12:33:02.244+0530] {logging_mixin.py:188} INFO - [2025-07-04T12:33:02.244+0530] {dag.py:3823} INFO - Setting next_dagrun for example_xcom_args to None, run_after=None
[2025-07-04T12:33:02.245+0530] {logging_mixin.py:188} INFO - [2025-07-04T12:33:02.245+0530] {dag.py:3823} INFO - Setting next_dagrun for example_xcom_args_with_operators to None, run_after=None
[2025-07-04T12:33:02.261+0530] {processor.py:183} INFO - Processing /home/tejhanagarajan/Projects/small-projects/NewsImpact/venv/lib64/python3.10/site-packages/airflow/example_dags/example_xcomargs.py took 0.051 seconds
[2025-07-04T12:33:49.696+0530] {processor.py:161} INFO - Started process (PID=30388) to work on /home/tejhanagarajan/Projects/small-projects/NewsImpact/venv/lib64/python3.10/site-packages/airflow/example_dags/example_xcomargs.py
[2025-07-04T12:33:49.699+0530] {processor.py:830} INFO - Processing file /home/tejhanagarajan/Projects/small-projects/NewsImpact/venv/lib64/python3.10/site-packages/airflow/example_dags/example_xcomargs.py for tasks to queue
[2025-07-04T12:33:49.700+0530] {logging_mixin.py:188} INFO - [2025-07-04T12:33:49.699+0530] {dagbag.py:538} INFO - Filling up the DagBag from /home/tejhanagarajan/Projects/small-projects/NewsImpact/venv/lib64/python3.10/site-packages/airflow/example_dags/example_xcomargs.py
[2025-07-04T12:33:49.705+0530] {processor.py:840} INFO - DAG(s) 'example_xcom_args_with_operators', 'example_xcom_args' retrieved from /home/tejhanagarajan/Projects/small-projects/NewsImpact/venv/lib64/python3.10/site-packages/airflow/example_dags/example_xcomargs.py
[2025-07-04T12:33:49.713+0530] {logging_mixin.py:188} INFO - [2025-07-04T12:33:49.712+0530] {dag.py:3036} INFO - Sync 2 DAGs
[2025-07-04T12:33:49.717+0530] {logging_mixin.py:188} INFO - [2025-07-04T12:33:49.717+0530] {dag.py:3823} INFO - Setting next_dagrun for example_xcom_args to None, run_after=None
[2025-07-04T12:33:49.718+0530] {logging_mixin.py:188} INFO - [2025-07-04T12:33:49.718+0530] {dag.py:3823} INFO - Setting next_dagrun for example_xcom_args_with_operators to None, run_after=None
[2025-07-04T12:33:49.734+0530] {processor.py:183} INFO - Processing /home/tejhanagarajan/Projects/small-projects/NewsImpact/venv/lib64/python3.10/site-packages/airflow/example_dags/example_xcomargs.py took 0.040 seconds
[2025-07-04T12:34:34.911+0530] {processor.py:161} INFO - Started process (PID=30969) to work on /home/tejhanagarajan/Projects/small-projects/NewsImpact/venv/lib64/python3.10/site-packages/airflow/example_dags/example_xcomargs.py
[2025-07-04T12:34:34.914+0530] {processor.py:830} INFO - Processing file /home/tejhanagarajan/Projects/small-projects/NewsImpact/venv/lib64/python3.10/site-packages/airflow/example_dags/example_xcomargs.py for tasks to queue
[2025-07-04T12:34:34.914+0530] {logging_mixin.py:188} INFO - [2025-07-04T12:34:34.914+0530] {dagbag.py:538} INFO - Filling up the DagBag from /home/tejhanagarajan/Projects/small-projects/NewsImpact/venv/lib64/python3.10/site-packages/airflow/example_dags/example_xcomargs.py
[2025-07-04T12:34:34.918+0530] {processor.py:840} INFO - DAG(s) 'example_xcom_args', 'example_xcom_args_with_operators' retrieved from /home/tejhanagarajan/Projects/small-projects/NewsImpact/venv/lib64/python3.10/site-packages/airflow/example_dags/example_xcomargs.py
[2025-07-04T12:34:34.925+0530] {logging_mixin.py:188} INFO - [2025-07-04T12:34:34.925+0530] {dag.py:3036} INFO - Sync 2 DAGs
[2025-07-04T12:34:34.930+0530] {logging_mixin.py:188} INFO - [2025-07-04T12:34:34.930+0530] {dag.py:3823} INFO - Setting next_dagrun for example_xcom_args to None, run_after=None
[2025-07-04T12:34:34.931+0530] {logging_mixin.py:188} INFO - [2025-07-04T12:34:34.931+0530] {dag.py:3823} INFO - Setting next_dagrun for example_xcom_args_with_operators to None, run_after=None
[2025-07-04T12:34:34.947+0530] {processor.py:183} INFO - Processing /home/tejhanagarajan/Projects/small-projects/NewsImpact/venv/lib64/python3.10/site-packages/airflow/example_dags/example_xcomargs.py took 0.037 seconds
[2025-07-04T12:35:10.980+0530] {processor.py:161} INFO - Started process (PID=31208) to work on /home/tejhanagarajan/Projects/small-projects/NewsImpact/venv/lib64/python3.10/site-packages/airflow/example_dags/example_xcomargs.py
[2025-07-04T12:35:10.982+0530] {processor.py:830} INFO - Processing file /home/tejhanagarajan/Projects/small-projects/NewsImpact/venv/lib64/python3.10/site-packages/airflow/example_dags/example_xcomargs.py for tasks to queue
[2025-07-04T12:35:10.984+0530] {logging_mixin.py:188} INFO - [2025-07-04T12:35:10.983+0530] {dagbag.py:538} INFO - Filling up the DagBag from /home/tejhanagarajan/Projects/small-projects/NewsImpact/venv/lib64/python3.10/site-packages/airflow/example_dags/example_xcomargs.py
[2025-07-04T12:35:10.989+0530] {processor.py:840} INFO - DAG(s) 'example_xcom_args_with_operators', 'example_xcom_args' retrieved from /home/tejhanagarajan/Projects/small-projects/NewsImpact/venv/lib64/python3.10/site-packages/airflow/example_dags/example_xcomargs.py
[2025-07-04T12:35:10.997+0530] {logging_mixin.py:188} INFO - [2025-07-04T12:35:10.997+0530] {dag.py:3036} INFO - Sync 2 DAGs
[2025-07-04T12:35:11.001+0530] {logging_mixin.py:188} INFO - [2025-07-04T12:35:11.001+0530] {dag.py:3823} INFO - Setting next_dagrun for example_xcom_args to None, run_after=None
[2025-07-04T12:35:11.002+0530] {logging_mixin.py:188} INFO - [2025-07-04T12:35:11.002+0530] {dag.py:3823} INFO - Setting next_dagrun for example_xcom_args_with_operators to None, run_after=None
[2025-07-04T12:35:11.021+0530] {processor.py:183} INFO - Processing /home/tejhanagarajan/Projects/small-projects/NewsImpact/venv/lib64/python3.10/site-packages/airflow/example_dags/example_xcomargs.py took 0.044 seconds
[2025-07-04T12:35:49.206+0530] {processor.py:161} INFO - Started process (PID=31558) to work on /home/tejhanagarajan/Projects/small-projects/NewsImpact/venv/lib64/python3.10/site-packages/airflow/example_dags/example_xcomargs.py
[2025-07-04T12:35:49.207+0530] {processor.py:830} INFO - Processing file /home/tejhanagarajan/Projects/small-projects/NewsImpact/venv/lib64/python3.10/site-packages/airflow/example_dags/example_xcomargs.py for tasks to queue
[2025-07-04T12:35:49.208+0530] {logging_mixin.py:188} INFO - [2025-07-04T12:35:49.208+0530] {dagbag.py:538} INFO - Filling up the DagBag from /home/tejhanagarajan/Projects/small-projects/NewsImpact/venv/lib64/python3.10/site-packages/airflow/example_dags/example_xcomargs.py
[2025-07-04T12:35:49.214+0530] {processor.py:840} INFO - DAG(s) 'example_xcom_args', 'example_xcom_args_with_operators' retrieved from /home/tejhanagarajan/Projects/small-projects/NewsImpact/venv/lib64/python3.10/site-packages/airflow/example_dags/example_xcomargs.py
[2025-07-04T12:35:49.222+0530] {logging_mixin.py:188} INFO - [2025-07-04T12:35:49.222+0530] {dag.py:3036} INFO - Sync 2 DAGs
[2025-07-04T12:35:49.228+0530] {logging_mixin.py:188} INFO - [2025-07-04T12:35:49.228+0530] {dag.py:3823} INFO - Setting next_dagrun for example_xcom_args to None, run_after=None
[2025-07-04T12:35:49.229+0530] {logging_mixin.py:188} INFO - [2025-07-04T12:35:49.229+0530] {dag.py:3823} INFO - Setting next_dagrun for example_xcom_args_with_operators to None, run_after=None
[2025-07-04T12:35:49.245+0530] {processor.py:183} INFO - Processing /home/tejhanagarajan/Projects/small-projects/NewsImpact/venv/lib64/python3.10/site-packages/airflow/example_dags/example_xcomargs.py took 0.041 seconds
[2025-07-04T12:36:24.934+0530] {processor.py:161} INFO - Started process (PID=31823) to work on /home/tejhanagarajan/Projects/small-projects/NewsImpact/venv/lib64/python3.10/site-packages/airflow/example_dags/example_xcomargs.py
[2025-07-04T12:36:24.936+0530] {processor.py:830} INFO - Processing file /home/tejhanagarajan/Projects/small-projects/NewsImpact/venv/lib64/python3.10/site-packages/airflow/example_dags/example_xcomargs.py for tasks to queue
[2025-07-04T12:36:24.937+0530] {logging_mixin.py:188} INFO - [2025-07-04T12:36:24.936+0530] {dagbag.py:538} INFO - Filling up the DagBag from /home/tejhanagarajan/Projects/small-projects/NewsImpact/venv/lib64/python3.10/site-packages/airflow/example_dags/example_xcomargs.py
[2025-07-04T12:36:24.940+0530] {processor.py:840} INFO - DAG(s) 'example_xcom_args', 'example_xcom_args_with_operators' retrieved from /home/tejhanagarajan/Projects/small-projects/NewsImpact/venv/lib64/python3.10/site-packages/airflow/example_dags/example_xcomargs.py
[2025-07-04T12:36:24.948+0530] {logging_mixin.py:188} INFO - [2025-07-04T12:36:24.948+0530] {dag.py:3036} INFO - Sync 2 DAGs
[2025-07-04T12:36:24.952+0530] {logging_mixin.py:188} INFO - [2025-07-04T12:36:24.952+0530] {dag.py:3823} INFO - Setting next_dagrun for example_xcom_args to None, run_after=None
[2025-07-04T12:36:24.953+0530] {logging_mixin.py:188} INFO - [2025-07-04T12:36:24.953+0530] {dag.py:3823} INFO - Setting next_dagrun for example_xcom_args_with_operators to None, run_after=None
[2025-07-04T12:36:24.968+0530] {processor.py:183} INFO - Processing /home/tejhanagarajan/Projects/small-projects/NewsImpact/venv/lib64/python3.10/site-packages/airflow/example_dags/example_xcomargs.py took 0.036 seconds
[2025-07-04T12:37:01.183+0530] {processor.py:161} INFO - Started process (PID=32229) to work on /home/tejhanagarajan/Projects/small-projects/NewsImpact/venv/lib64/python3.10/site-packages/airflow/example_dags/example_xcomargs.py
[2025-07-04T12:37:01.185+0530] {processor.py:830} INFO - Processing file /home/tejhanagarajan/Projects/small-projects/NewsImpact/venv/lib64/python3.10/site-packages/airflow/example_dags/example_xcomargs.py for tasks to queue
[2025-07-04T12:37:01.186+0530] {logging_mixin.py:188} INFO - [2025-07-04T12:37:01.186+0530] {dagbag.py:538} INFO - Filling up the DagBag from /home/tejhanagarajan/Projects/small-projects/NewsImpact/venv/lib64/python3.10/site-packages/airflow/example_dags/example_xcomargs.py
[2025-07-04T12:37:01.193+0530] {processor.py:840} INFO - DAG(s) 'example_xcom_args', 'example_xcom_args_with_operators' retrieved from /home/tejhanagarajan/Projects/small-projects/NewsImpact/venv/lib64/python3.10/site-packages/airflow/example_dags/example_xcomargs.py
[2025-07-04T12:37:01.202+0530] {logging_mixin.py:188} INFO - [2025-07-04T12:37:01.202+0530] {dag.py:3036} INFO - Sync 2 DAGs
[2025-07-04T12:37:01.207+0530] {logging_mixin.py:188} INFO - [2025-07-04T12:37:01.207+0530] {dag.py:3823} INFO - Setting next_dagrun for example_xcom_args to None, run_after=None
[2025-07-04T12:37:01.208+0530] {logging_mixin.py:188} INFO - [2025-07-04T12:37:01.208+0530] {dag.py:3823} INFO - Setting next_dagrun for example_xcom_args_with_operators to None, run_after=None
[2025-07-04T12:37:01.226+0530] {processor.py:183} INFO - Processing /home/tejhanagarajan/Projects/small-projects/NewsImpact/venv/lib64/python3.10/site-packages/airflow/example_dags/example_xcomargs.py took 0.046 seconds
[2025-07-04T12:37:48.308+0530] {processor.py:161} INFO - Started process (PID=33324) to work on /home/tejhanagarajan/Projects/small-projects/NewsImpact/venv/lib64/python3.10/site-packages/airflow/example_dags/example_xcomargs.py
[2025-07-04T12:37:48.311+0530] {processor.py:830} INFO - Processing file /home/tejhanagarajan/Projects/small-projects/NewsImpact/venv/lib64/python3.10/site-packages/airflow/example_dags/example_xcomargs.py for tasks to queue
[2025-07-04T12:37:48.313+0530] {logging_mixin.py:188} INFO - [2025-07-04T12:37:48.312+0530] {dagbag.py:538} INFO - Filling up the DagBag from /home/tejhanagarajan/Projects/small-projects/NewsImpact/venv/lib64/python3.10/site-packages/airflow/example_dags/example_xcomargs.py
[2025-07-04T12:37:48.319+0530] {processor.py:840} INFO - DAG(s) 'example_xcom_args_with_operators', 'example_xcom_args' retrieved from /home/tejhanagarajan/Projects/small-projects/NewsImpact/venv/lib64/python3.10/site-packages/airflow/example_dags/example_xcomargs.py
[2025-07-04T12:37:48.327+0530] {logging_mixin.py:188} INFO - [2025-07-04T12:37:48.327+0530] {dag.py:3036} INFO - Sync 2 DAGs
[2025-07-04T12:37:48.331+0530] {logging_mixin.py:188} INFO - [2025-07-04T12:37:48.331+0530] {dag.py:3823} INFO - Setting next_dagrun for example_xcom_args to None, run_after=None
[2025-07-04T12:37:48.333+0530] {logging_mixin.py:188} INFO - [2025-07-04T12:37:48.333+0530] {dag.py:3823} INFO - Setting next_dagrun for example_xcom_args_with_operators to None, run_after=None
[2025-07-04T12:37:48.348+0530] {processor.py:183} INFO - Processing /home/tejhanagarajan/Projects/small-projects/NewsImpact/venv/lib64/python3.10/site-packages/airflow/example_dags/example_xcomargs.py took 0.043 seconds
[2025-07-04T12:38:04.283+0530] {processor.py:161} INFO - Started process (PID=34715) to work on /home/tejhanagarajan/Projects/small-projects/NewsImpact/venv/lib64/python3.10/site-packages/airflow/example_dags/example_xcomargs.py
[2025-07-04T12:38:04.283+0530] {processor.py:830} INFO - Processing file /home/tejhanagarajan/Projects/small-projects/NewsImpact/venv/lib64/python3.10/site-packages/airflow/example_dags/example_xcomargs.py for tasks to queue
[2025-07-04T12:38:04.284+0530] {logging_mixin.py:188} INFO - [2025-07-04T12:38:04.284+0530] {dagbag.py:538} INFO - Filling up the DagBag from /home/tejhanagarajan/Projects/small-projects/NewsImpact/venv/lib64/python3.10/site-packages/airflow/example_dags/example_xcomargs.py
[2025-07-04T12:38:04.289+0530] {processor.py:840} INFO - DAG(s) 'example_xcom_args', 'example_xcom_args_with_operators' retrieved from /home/tejhanagarajan/Projects/small-projects/NewsImpact/venv/lib64/python3.10/site-packages/airflow/example_dags/example_xcomargs.py
[2025-07-04T12:38:04.301+0530] {logging_mixin.py:188} INFO - [2025-07-04T12:38:04.301+0530] {dag.py:3036} INFO - Sync 2 DAGs
[2025-07-04T12:38:04.306+0530] {logging_mixin.py:188} INFO - [2025-07-04T12:38:04.305+0530] {dag.py:3823} INFO - Setting next_dagrun for example_xcom_args to None, run_after=None
[2025-07-04T12:38:04.307+0530] {logging_mixin.py:188} INFO - [2025-07-04T12:38:04.307+0530] {dag.py:3823} INFO - Setting next_dagrun for example_xcom_args_with_operators to None, run_after=None
[2025-07-04T12:38:04.322+0530] {processor.py:183} INFO - Processing /home/tejhanagarajan/Projects/small-projects/NewsImpact/venv/lib64/python3.10/site-packages/airflow/example_dags/example_xcomargs.py took 0.041 seconds
[2025-07-04T12:38:39.167+0530] {processor.py:161} INFO - Started process (PID=35005) to work on /home/tejhanagarajan/Projects/small-projects/NewsImpact/venv/lib64/python3.10/site-packages/airflow/example_dags/example_xcomargs.py
[2025-07-04T12:38:39.169+0530] {processor.py:830} INFO - Processing file /home/tejhanagarajan/Projects/small-projects/NewsImpact/venv/lib64/python3.10/site-packages/airflow/example_dags/example_xcomargs.py for tasks to queue
[2025-07-04T12:38:39.170+0530] {logging_mixin.py:188} INFO - [2025-07-04T12:38:39.170+0530] {dagbag.py:538} INFO - Filling up the DagBag from /home/tejhanagarajan/Projects/small-projects/NewsImpact/venv/lib64/python3.10/site-packages/airflow/example_dags/example_xcomargs.py
[2025-07-04T12:38:39.174+0530] {processor.py:840} INFO - DAG(s) 'example_xcom_args', 'example_xcom_args_with_operators' retrieved from /home/tejhanagarajan/Projects/small-projects/NewsImpact/venv/lib64/python3.10/site-packages/airflow/example_dags/example_xcomargs.py
[2025-07-04T12:38:39.183+0530] {logging_mixin.py:188} INFO - [2025-07-04T12:38:39.183+0530] {dag.py:3036} INFO - Sync 2 DAGs
[2025-07-04T12:38:39.188+0530] {logging_mixin.py:188} INFO - [2025-07-04T12:38:39.188+0530] {dag.py:3823} INFO - Setting next_dagrun for example_xcom_args to None, run_after=None
[2025-07-04T12:38:39.190+0530] {logging_mixin.py:188} INFO - [2025-07-04T12:38:39.189+0530] {dag.py:3823} INFO - Setting next_dagrun for example_xcom_args_with_operators to None, run_after=None
[2025-07-04T12:38:39.206+0530] {processor.py:183} INFO - Processing /home/tejhanagarajan/Projects/small-projects/NewsImpact/venv/lib64/python3.10/site-packages/airflow/example_dags/example_xcomargs.py took 0.042 seconds
[2025-07-04T12:38:51.834+0530] {processor.py:161} INFO - Started process (PID=35133) to work on /home/tejhanagarajan/Projects/small-projects/NewsImpact/venv/lib64/python3.10/site-packages/airflow/example_dags/example_xcomargs.py
[2025-07-04T12:38:51.834+0530] {processor.py:830} INFO - Processing file /home/tejhanagarajan/Projects/small-projects/NewsImpact/venv/lib64/python3.10/site-packages/airflow/example_dags/example_xcomargs.py for tasks to queue
[2025-07-04T12:38:51.835+0530] {logging_mixin.py:188} INFO - [2025-07-04T12:38:51.834+0530] {dagbag.py:538} INFO - Filling up the DagBag from /home/tejhanagarajan/Projects/small-projects/NewsImpact/venv/lib64/python3.10/site-packages/airflow/example_dags/example_xcomargs.py
[2025-07-04T12:38:51.839+0530] {processor.py:840} INFO - DAG(s) 'example_xcom_args', 'example_xcom_args_with_operators' retrieved from /home/tejhanagarajan/Projects/small-projects/NewsImpact/venv/lib64/python3.10/site-packages/airflow/example_dags/example_xcomargs.py
[2025-07-04T12:38:51.847+0530] {logging_mixin.py:188} INFO - [2025-07-04T12:38:51.847+0530] {dag.py:3036} INFO - Sync 2 DAGs
[2025-07-04T12:38:51.852+0530] {logging_mixin.py:188} INFO - [2025-07-04T12:38:51.852+0530] {dag.py:3823} INFO - Setting next_dagrun for example_xcom_args to None, run_after=None
[2025-07-04T12:38:51.853+0530] {logging_mixin.py:188} INFO - [2025-07-04T12:38:51.853+0530] {dag.py:3823} INFO - Setting next_dagrun for example_xcom_args_with_operators to None, run_after=None
[2025-07-04T12:38:51.868+0530] {processor.py:183} INFO - Processing /home/tejhanagarajan/Projects/small-projects/NewsImpact/venv/lib64/python3.10/site-packages/airflow/example_dags/example_xcomargs.py took 0.036 seconds
[2025-07-04T12:39:30.640+0530] {processor.py:161} INFO - Started process (PID=35498) to work on /home/tejhanagarajan/Projects/small-projects/NewsImpact/venv/lib64/python3.10/site-packages/airflow/example_dags/example_xcomargs.py
[2025-07-04T12:39:30.643+0530] {processor.py:830} INFO - Processing file /home/tejhanagarajan/Projects/small-projects/NewsImpact/venv/lib64/python3.10/site-packages/airflow/example_dags/example_xcomargs.py for tasks to queue
[2025-07-04T12:39:30.644+0530] {logging_mixin.py:188} INFO - [2025-07-04T12:39:30.644+0530] {dagbag.py:538} INFO - Filling up the DagBag from /home/tejhanagarajan/Projects/small-projects/NewsImpact/venv/lib64/python3.10/site-packages/airflow/example_dags/example_xcomargs.py
[2025-07-04T12:39:30.653+0530] {processor.py:840} INFO - DAG(s) 'example_xcom_args_with_operators', 'example_xcom_args' retrieved from /home/tejhanagarajan/Projects/small-projects/NewsImpact/venv/lib64/python3.10/site-packages/airflow/example_dags/example_xcomargs.py
[2025-07-04T12:39:30.663+0530] {logging_mixin.py:188} INFO - [2025-07-04T12:39:30.662+0530] {dag.py:3036} INFO - Sync 2 DAGs
[2025-07-04T12:39:30.668+0530] {logging_mixin.py:188} INFO - [2025-07-04T12:39:30.668+0530] {dag.py:3823} INFO - Setting next_dagrun for example_xcom_args to None, run_after=None
[2025-07-04T12:39:30.669+0530] {logging_mixin.py:188} INFO - [2025-07-04T12:39:30.669+0530] {dag.py:3823} INFO - Setting next_dagrun for example_xcom_args_with_operators to None, run_after=None
[2025-07-04T12:39:30.686+0530] {processor.py:183} INFO - Processing /home/tejhanagarajan/Projects/small-projects/NewsImpact/venv/lib64/python3.10/site-packages/airflow/example_dags/example_xcomargs.py took 0.048 seconds
[2025-07-04T12:39:38.149+0530] {processor.py:161} INFO - Started process (PID=35545) to work on /home/tejhanagarajan/Projects/small-projects/NewsImpact/venv/lib64/python3.10/site-packages/airflow/example_dags/example_xcomargs.py
[2025-07-04T12:39:38.149+0530] {processor.py:830} INFO - Processing file /home/tejhanagarajan/Projects/small-projects/NewsImpact/venv/lib64/python3.10/site-packages/airflow/example_dags/example_xcomargs.py for tasks to queue
[2025-07-04T12:39:38.150+0530] {logging_mixin.py:188} INFO - [2025-07-04T12:39:38.150+0530] {dagbag.py:538} INFO - Filling up the DagBag from /home/tejhanagarajan/Projects/small-projects/NewsImpact/venv/lib64/python3.10/site-packages/airflow/example_dags/example_xcomargs.py
[2025-07-04T12:39:38.154+0530] {processor.py:840} INFO - DAG(s) 'example_xcom_args_with_operators', 'example_xcom_args' retrieved from /home/tejhanagarajan/Projects/small-projects/NewsImpact/venv/lib64/python3.10/site-packages/airflow/example_dags/example_xcomargs.py
[2025-07-04T12:39:38.162+0530] {logging_mixin.py:188} INFO - [2025-07-04T12:39:38.162+0530] {dag.py:3036} INFO - Sync 2 DAGs
[2025-07-04T12:39:38.167+0530] {logging_mixin.py:188} INFO - [2025-07-04T12:39:38.167+0530] {dag.py:3823} INFO - Setting next_dagrun for example_xcom_args to None, run_after=None
[2025-07-04T12:39:38.168+0530] {logging_mixin.py:188} INFO - [2025-07-04T12:39:38.168+0530] {dag.py:3823} INFO - Setting next_dagrun for example_xcom_args_with_operators to None, run_after=None
[2025-07-04T12:39:38.186+0530] {processor.py:183} INFO - Processing /home/tejhanagarajan/Projects/small-projects/NewsImpact/venv/lib64/python3.10/site-packages/airflow/example_dags/example_xcomargs.py took 0.038 seconds
[2025-07-04T12:42:05.354+0530] {processor.py:161} INFO - Started process (PID=37827) to work on /home/tejhanagarajan/Projects/small-projects/NewsImpact/venv/lib64/python3.10/site-packages/airflow/example_dags/example_xcomargs.py
[2025-07-04T12:42:05.356+0530] {processor.py:830} INFO - Processing file /home/tejhanagarajan/Projects/small-projects/NewsImpact/venv/lib64/python3.10/site-packages/airflow/example_dags/example_xcomargs.py for tasks to queue
[2025-07-04T12:42:05.357+0530] {logging_mixin.py:188} INFO - [2025-07-04T12:42:05.357+0530] {dagbag.py:538} INFO - Filling up the DagBag from /home/tejhanagarajan/Projects/small-projects/NewsImpact/venv/lib64/python3.10/site-packages/airflow/example_dags/example_xcomargs.py
[2025-07-04T12:42:05.364+0530] {processor.py:840} INFO - DAG(s) 'example_xcom_args', 'example_xcom_args_with_operators' retrieved from /home/tejhanagarajan/Projects/small-projects/NewsImpact/venv/lib64/python3.10/site-packages/airflow/example_dags/example_xcomargs.py
[2025-07-04T12:42:05.375+0530] {logging_mixin.py:188} INFO - [2025-07-04T12:42:05.375+0530] {dag.py:3036} INFO - Sync 2 DAGs
[2025-07-04T12:42:05.380+0530] {logging_mixin.py:188} INFO - [2025-07-04T12:42:05.380+0530] {dag.py:3823} INFO - Setting next_dagrun for example_xcom_args to None, run_after=None
[2025-07-04T12:42:05.381+0530] {logging_mixin.py:188} INFO - [2025-07-04T12:42:05.381+0530] {dag.py:3823} INFO - Setting next_dagrun for example_xcom_args_with_operators to None, run_after=None
[2025-07-04T12:42:05.397+0530] {processor.py:183} INFO - Processing /home/tejhanagarajan/Projects/small-projects/NewsImpact/venv/lib64/python3.10/site-packages/airflow/example_dags/example_xcomargs.py took 0.046 seconds
[2025-07-04T12:42:52.683+0530] {processor.py:161} INFO - Started process (PID=38184) to work on /home/tejhanagarajan/Projects/small-projects/NewsImpact/venv/lib64/python3.10/site-packages/airflow/example_dags/example_xcomargs.py
[2025-07-04T12:42:52.685+0530] {processor.py:830} INFO - Processing file /home/tejhanagarajan/Projects/small-projects/NewsImpact/venv/lib64/python3.10/site-packages/airflow/example_dags/example_xcomargs.py for tasks to queue
[2025-07-04T12:42:52.685+0530] {logging_mixin.py:188} INFO - [2025-07-04T12:42:52.685+0530] {dagbag.py:538} INFO - Filling up the DagBag from /home/tejhanagarajan/Projects/small-projects/NewsImpact/venv/lib64/python3.10/site-packages/airflow/example_dags/example_xcomargs.py
[2025-07-04T12:42:52.689+0530] {processor.py:840} INFO - DAG(s) 'example_xcom_args_with_operators', 'example_xcom_args' retrieved from /home/tejhanagarajan/Projects/small-projects/NewsImpact/venv/lib64/python3.10/site-packages/airflow/example_dags/example_xcomargs.py
[2025-07-04T12:42:52.698+0530] {logging_mixin.py:188} INFO - [2025-07-04T12:42:52.697+0530] {dag.py:3036} INFO - Sync 2 DAGs
[2025-07-04T12:42:52.702+0530] {logging_mixin.py:188} INFO - [2025-07-04T12:42:52.702+0530] {dag.py:3823} INFO - Setting next_dagrun for example_xcom_args to None, run_after=None
[2025-07-04T12:42:52.704+0530] {logging_mixin.py:188} INFO - [2025-07-04T12:42:52.704+0530] {dag.py:3823} INFO - Setting next_dagrun for example_xcom_args_with_operators to None, run_after=None
[2025-07-04T12:42:52.718+0530] {processor.py:183} INFO - Processing /home/tejhanagarajan/Projects/small-projects/NewsImpact/venv/lib64/python3.10/site-packages/airflow/example_dags/example_xcomargs.py took 0.037 seconds
[2025-07-04T12:43:40.271+0530] {processor.py:161} INFO - Started process (PID=38566) to work on /home/tejhanagarajan/Projects/small-projects/NewsImpact/venv/lib64/python3.10/site-packages/airflow/example_dags/example_xcomargs.py
[2025-07-04T12:43:40.276+0530] {processor.py:830} INFO - Processing file /home/tejhanagarajan/Projects/small-projects/NewsImpact/venv/lib64/python3.10/site-packages/airflow/example_dags/example_xcomargs.py for tasks to queue
[2025-07-04T12:43:40.278+0530] {logging_mixin.py:188} INFO - [2025-07-04T12:43:40.277+0530] {dagbag.py:538} INFO - Filling up the DagBag from /home/tejhanagarajan/Projects/small-projects/NewsImpact/venv/lib64/python3.10/site-packages/airflow/example_dags/example_xcomargs.py
[2025-07-04T12:43:40.284+0530] {processor.py:840} INFO - DAG(s) 'example_xcom_args_with_operators', 'example_xcom_args' retrieved from /home/tejhanagarajan/Projects/small-projects/NewsImpact/venv/lib64/python3.10/site-packages/airflow/example_dags/example_xcomargs.py
[2025-07-04T12:43:40.293+0530] {logging_mixin.py:188} INFO - [2025-07-04T12:43:40.293+0530] {dag.py:3036} INFO - Sync 2 DAGs
[2025-07-04T12:43:40.297+0530] {logging_mixin.py:188} INFO - [2025-07-04T12:43:40.297+0530] {dag.py:3823} INFO - Setting next_dagrun for example_xcom_args to None, run_after=None
[2025-07-04T12:43:40.298+0530] {logging_mixin.py:188} INFO - [2025-07-04T12:43:40.298+0530] {dag.py:3823} INFO - Setting next_dagrun for example_xcom_args_with_operators to None, run_after=None
[2025-07-04T12:43:40.313+0530] {processor.py:183} INFO - Processing /home/tejhanagarajan/Projects/small-projects/NewsImpact/venv/lib64/python3.10/site-packages/airflow/example_dags/example_xcomargs.py took 0.045 seconds
[2025-07-04T12:44:16.318+0530] {processor.py:161} INFO - Started process (PID=38822) to work on /home/tejhanagarajan/Projects/small-projects/NewsImpact/venv/lib64/python3.10/site-packages/airflow/example_dags/example_xcomargs.py
[2025-07-04T12:44:16.321+0530] {processor.py:830} INFO - Processing file /home/tejhanagarajan/Projects/small-projects/NewsImpact/venv/lib64/python3.10/site-packages/airflow/example_dags/example_xcomargs.py for tasks to queue
[2025-07-04T12:44:16.321+0530] {logging_mixin.py:188} INFO - [2025-07-04T12:44:16.321+0530] {dagbag.py:538} INFO - Filling up the DagBag from /home/tejhanagarajan/Projects/small-projects/NewsImpact/venv/lib64/python3.10/site-packages/airflow/example_dags/example_xcomargs.py
[2025-07-04T12:44:16.325+0530] {processor.py:840} INFO - DAG(s) 'example_xcom_args', 'example_xcom_args_with_operators' retrieved from /home/tejhanagarajan/Projects/small-projects/NewsImpact/venv/lib64/python3.10/site-packages/airflow/example_dags/example_xcomargs.py
[2025-07-04T12:44:16.333+0530] {logging_mixin.py:188} INFO - [2025-07-04T12:44:16.333+0530] {dag.py:3036} INFO - Sync 2 DAGs
[2025-07-04T12:44:16.338+0530] {logging_mixin.py:188} INFO - [2025-07-04T12:44:16.338+0530] {dag.py:3823} INFO - Setting next_dagrun for example_xcom_args to None, run_after=None
[2025-07-04T12:44:16.340+0530] {logging_mixin.py:188} INFO - [2025-07-04T12:44:16.339+0530] {dag.py:3823} INFO - Setting next_dagrun for example_xcom_args_with_operators to None, run_after=None
[2025-07-04T12:44:16.356+0530] {processor.py:183} INFO - Processing /home/tejhanagarajan/Projects/small-projects/NewsImpact/venv/lib64/python3.10/site-packages/airflow/example_dags/example_xcomargs.py took 0.039 seconds
[2025-07-04T12:44:53.509+0530] {processor.py:161} INFO - Started process (PID=39080) to work on /home/tejhanagarajan/Projects/small-projects/NewsImpact/venv/lib64/python3.10/site-packages/airflow/example_dags/example_xcomargs.py
[2025-07-04T12:44:53.513+0530] {processor.py:830} INFO - Processing file /home/tejhanagarajan/Projects/small-projects/NewsImpact/venv/lib64/python3.10/site-packages/airflow/example_dags/example_xcomargs.py for tasks to queue
[2025-07-04T12:44:53.514+0530] {logging_mixin.py:188} INFO - [2025-07-04T12:44:53.514+0530] {dagbag.py:538} INFO - Filling up the DagBag from /home/tejhanagarajan/Projects/small-projects/NewsImpact/venv/lib64/python3.10/site-packages/airflow/example_dags/example_xcomargs.py
[2025-07-04T12:44:53.519+0530] {processor.py:840} INFO - DAG(s) 'example_xcom_args_with_operators', 'example_xcom_args' retrieved from /home/tejhanagarajan/Projects/small-projects/NewsImpact/venv/lib64/python3.10/site-packages/airflow/example_dags/example_xcomargs.py
[2025-07-04T12:44:53.527+0530] {logging_mixin.py:188} INFO - [2025-07-04T12:44:53.527+0530] {dag.py:3036} INFO - Sync 2 DAGs
[2025-07-04T12:44:53.532+0530] {logging_mixin.py:188} INFO - [2025-07-04T12:44:53.531+0530] {dag.py:3823} INFO - Setting next_dagrun for example_xcom_args to None, run_after=None
[2025-07-04T12:44:53.533+0530] {logging_mixin.py:188} INFO - [2025-07-04T12:44:53.533+0530] {dag.py:3823} INFO - Setting next_dagrun for example_xcom_args_with_operators to None, run_after=None
[2025-07-04T12:44:53.548+0530] {processor.py:183} INFO - Processing /home/tejhanagarajan/Projects/small-projects/NewsImpact/venv/lib64/python3.10/site-packages/airflow/example_dags/example_xcomargs.py took 0.043 seconds
[2025-07-04T12:45:43.475+0530] {processor.py:161} INFO - Started process (PID=39473) to work on /home/tejhanagarajan/Projects/small-projects/NewsImpact/venv/lib64/python3.10/site-packages/airflow/example_dags/example_xcomargs.py
[2025-07-04T12:45:43.478+0530] {processor.py:830} INFO - Processing file /home/tejhanagarajan/Projects/small-projects/NewsImpact/venv/lib64/python3.10/site-packages/airflow/example_dags/example_xcomargs.py for tasks to queue
[2025-07-04T12:45:43.480+0530] {logging_mixin.py:188} INFO - [2025-07-04T12:45:43.479+0530] {dagbag.py:538} INFO - Filling up the DagBag from /home/tejhanagarajan/Projects/small-projects/NewsImpact/venv/lib64/python3.10/site-packages/airflow/example_dags/example_xcomargs.py
[2025-07-04T12:45:43.489+0530] {processor.py:840} INFO - DAG(s) 'example_xcom_args', 'example_xcom_args_with_operators' retrieved from /home/tejhanagarajan/Projects/small-projects/NewsImpact/venv/lib64/python3.10/site-packages/airflow/example_dags/example_xcomargs.py
[2025-07-04T12:45:43.497+0530] {logging_mixin.py:188} INFO - [2025-07-04T12:45:43.497+0530] {dag.py:3036} INFO - Sync 2 DAGs
[2025-07-04T12:45:43.501+0530] {logging_mixin.py:188} INFO - [2025-07-04T12:45:43.501+0530] {dag.py:3823} INFO - Setting next_dagrun for example_xcom_args to None, run_after=None
[2025-07-04T12:45:43.502+0530] {logging_mixin.py:188} INFO - [2025-07-04T12:45:43.502+0530] {dag.py:3823} INFO - Setting next_dagrun for example_xcom_args_with_operators to None, run_after=None
[2025-07-04T12:45:43.519+0530] {processor.py:183} INFO - Processing /home/tejhanagarajan/Projects/small-projects/NewsImpact/venv/lib64/python3.10/site-packages/airflow/example_dags/example_xcomargs.py took 0.047 seconds
[2025-07-04T12:46:19.985+0530] {processor.py:161} INFO - Started process (PID=39724) to work on /home/tejhanagarajan/Projects/small-projects/NewsImpact/venv/lib64/python3.10/site-packages/airflow/example_dags/example_xcomargs.py
[2025-07-04T12:46:19.987+0530] {processor.py:830} INFO - Processing file /home/tejhanagarajan/Projects/small-projects/NewsImpact/venv/lib64/python3.10/site-packages/airflow/example_dags/example_xcomargs.py for tasks to queue
[2025-07-04T12:46:19.988+0530] {logging_mixin.py:188} INFO - [2025-07-04T12:46:19.988+0530] {dagbag.py:538} INFO - Filling up the DagBag from /home/tejhanagarajan/Projects/small-projects/NewsImpact/venv/lib64/python3.10/site-packages/airflow/example_dags/example_xcomargs.py
[2025-07-04T12:46:19.993+0530] {processor.py:840} INFO - DAG(s) 'example_xcom_args', 'example_xcom_args_with_operators' retrieved from /home/tejhanagarajan/Projects/small-projects/NewsImpact/venv/lib64/python3.10/site-packages/airflow/example_dags/example_xcomargs.py
[2025-07-04T12:46:20.001+0530] {logging_mixin.py:188} INFO - [2025-07-04T12:46:20.001+0530] {dag.py:3036} INFO - Sync 2 DAGs
[2025-07-04T12:46:20.005+0530] {logging_mixin.py:188} INFO - [2025-07-04T12:46:20.005+0530] {dag.py:3823} INFO - Setting next_dagrun for example_xcom_args to None, run_after=None
[2025-07-04T12:46:20.007+0530] {logging_mixin.py:188} INFO - [2025-07-04T12:46:20.007+0530] {dag.py:3823} INFO - Setting next_dagrun for example_xcom_args_with_operators to None, run_after=None
[2025-07-04T12:46:20.022+0530] {processor.py:183} INFO - Processing /home/tejhanagarajan/Projects/small-projects/NewsImpact/venv/lib64/python3.10/site-packages/airflow/example_dags/example_xcomargs.py took 0.040 seconds
[2025-07-04T12:46:54.896+0530] {processor.py:161} INFO - Started process (PID=39985) to work on /home/tejhanagarajan/Projects/small-projects/NewsImpact/venv/lib64/python3.10/site-packages/airflow/example_dags/example_xcomargs.py
[2025-07-04T12:46:54.899+0530] {processor.py:830} INFO - Processing file /home/tejhanagarajan/Projects/small-projects/NewsImpact/venv/lib64/python3.10/site-packages/airflow/example_dags/example_xcomargs.py for tasks to queue
[2025-07-04T12:46:54.899+0530] {logging_mixin.py:188} INFO - [2025-07-04T12:46:54.899+0530] {dagbag.py:538} INFO - Filling up the DagBag from /home/tejhanagarajan/Projects/small-projects/NewsImpact/venv/lib64/python3.10/site-packages/airflow/example_dags/example_xcomargs.py
[2025-07-04T12:46:54.903+0530] {processor.py:840} INFO - DAG(s) 'example_xcom_args', 'example_xcom_args_with_operators' retrieved from /home/tejhanagarajan/Projects/small-projects/NewsImpact/venv/lib64/python3.10/site-packages/airflow/example_dags/example_xcomargs.py
[2025-07-04T12:46:54.911+0530] {logging_mixin.py:188} INFO - [2025-07-04T12:46:54.911+0530] {dag.py:3036} INFO - Sync 2 DAGs
[2025-07-04T12:46:54.916+0530] {logging_mixin.py:188} INFO - [2025-07-04T12:46:54.916+0530] {dag.py:3823} INFO - Setting next_dagrun for example_xcom_args to None, run_after=None
[2025-07-04T12:46:54.917+0530] {logging_mixin.py:188} INFO - [2025-07-04T12:46:54.917+0530] {dag.py:3823} INFO - Setting next_dagrun for example_xcom_args_with_operators to None, run_after=None
[2025-07-04T12:46:54.933+0530] {processor.py:183} INFO - Processing /home/tejhanagarajan/Projects/small-projects/NewsImpact/venv/lib64/python3.10/site-packages/airflow/example_dags/example_xcomargs.py took 0.038 seconds
[2025-07-04T12:47:29.445+0530] {processor.py:161} INFO - Started process (PID=40240) to work on /home/tejhanagarajan/Projects/small-projects/NewsImpact/venv/lib64/python3.10/site-packages/airflow/example_dags/example_xcomargs.py
[2025-07-04T12:47:29.448+0530] {processor.py:830} INFO - Processing file /home/tejhanagarajan/Projects/small-projects/NewsImpact/venv/lib64/python3.10/site-packages/airflow/example_dags/example_xcomargs.py for tasks to queue
[2025-07-04T12:47:29.449+0530] {logging_mixin.py:188} INFO - [2025-07-04T12:47:29.449+0530] {dagbag.py:538} INFO - Filling up the DagBag from /home/tejhanagarajan/Projects/small-projects/NewsImpact/venv/lib64/python3.10/site-packages/airflow/example_dags/example_xcomargs.py
[2025-07-04T12:47:29.455+0530] {processor.py:840} INFO - DAG(s) 'example_xcom_args', 'example_xcom_args_with_operators' retrieved from /home/tejhanagarajan/Projects/small-projects/NewsImpact/venv/lib64/python3.10/site-packages/airflow/example_dags/example_xcomargs.py
[2025-07-04T12:47:29.462+0530] {logging_mixin.py:188} INFO - [2025-07-04T12:47:29.462+0530] {dag.py:3036} INFO - Sync 2 DAGs
[2025-07-04T12:47:29.467+0530] {logging_mixin.py:188} INFO - [2025-07-04T12:47:29.467+0530] {dag.py:3823} INFO - Setting next_dagrun for example_xcom_args to None, run_after=None
[2025-07-04T12:47:29.469+0530] {logging_mixin.py:188} INFO - [2025-07-04T12:47:29.469+0530] {dag.py:3823} INFO - Setting next_dagrun for example_xcom_args_with_operators to None, run_after=None
[2025-07-04T12:47:29.488+0530] {processor.py:183} INFO - Processing /home/tejhanagarajan/Projects/small-projects/NewsImpact/venv/lib64/python3.10/site-packages/airflow/example_dags/example_xcomargs.py took 0.045 seconds
[2025-07-04T12:48:02.790+0530] {processor.py:161} INFO - Started process (PID=40502) to work on /home/tejhanagarajan/Projects/small-projects/NewsImpact/venv/lib64/python3.10/site-packages/airflow/example_dags/example_xcomargs.py
[2025-07-04T12:48:02.790+0530] {processor.py:830} INFO - Processing file /home/tejhanagarajan/Projects/small-projects/NewsImpact/venv/lib64/python3.10/site-packages/airflow/example_dags/example_xcomargs.py for tasks to queue
[2025-07-04T12:48:02.791+0530] {logging_mixin.py:188} INFO - [2025-07-04T12:48:02.790+0530] {dagbag.py:538} INFO - Filling up the DagBag from /home/tejhanagarajan/Projects/small-projects/NewsImpact/venv/lib64/python3.10/site-packages/airflow/example_dags/example_xcomargs.py
[2025-07-04T12:48:02.794+0530] {processor.py:840} INFO - DAG(s) 'example_xcom_args', 'example_xcom_args_with_operators' retrieved from /home/tejhanagarajan/Projects/small-projects/NewsImpact/venv/lib64/python3.10/site-packages/airflow/example_dags/example_xcomargs.py
[2025-07-04T12:48:02.802+0530] {logging_mixin.py:188} INFO - [2025-07-04T12:48:02.802+0530] {dag.py:3036} INFO - Sync 2 DAGs
[2025-07-04T12:48:02.807+0530] {logging_mixin.py:188} INFO - [2025-07-04T12:48:02.807+0530] {dag.py:3823} INFO - Setting next_dagrun for example_xcom_args to None, run_after=None
[2025-07-04T12:48:02.808+0530] {logging_mixin.py:188} INFO - [2025-07-04T12:48:02.808+0530] {dag.py:3823} INFO - Setting next_dagrun for example_xcom_args_with_operators to None, run_after=None
[2025-07-04T12:48:02.824+0530] {processor.py:183} INFO - Processing /home/tejhanagarajan/Projects/small-projects/NewsImpact/venv/lib64/python3.10/site-packages/airflow/example_dags/example_xcomargs.py took 0.036 seconds
