[2025-07-04T12:27:15.566+0530] {processor.py:161} INFO - Started process (PID=25444) to work on /home/tejhanagarajan/Projects/small-projects/NewsImpact/venv/lib64/python3.10/site-packages/airflow/example_dags/example_bash_operator.py
[2025-07-04T12:27:15.567+0530] {processor.py:830} INFO - Processing file /home/tejhanagarajan/Projects/small-projects/NewsImpact/venv/lib64/python3.10/site-packages/airflow/example_dags/example_bash_operator.py for tasks to queue
[2025-07-04T12:27:15.567+0530] {logging_mixin.py:188} INFO - [2025-07-04T12:27:15.567+0530] {dagbag.py:538} INFO - Filling up the DagBag from /home/tejhanagarajan/Projects/small-projects/NewsImpact/venv/lib64/python3.10/site-packages/airflow/example_dags/example_bash_operator.py
[2025-07-04T12:27:15.573+0530] {processor.py:840} INFO - DAG(s) 'example_bash_operator' retrieved from /home/tejhanagarajan/Projects/small-projects/NewsImpact/venv/lib64/python3.10/site-packages/airflow/example_dags/example_bash_operator.py
[2025-07-04T12:27:15.637+0530] {logging_mixin.py:188} INFO - [2025-07-04T12:27:15.636+0530] {override.py:1769} INFO - Created Permission View: can read on DAG:example_bash_operator
[2025-07-04T12:27:15.652+0530] {logging_mixin.py:188} INFO - [2025-07-04T12:27:15.652+0530] {override.py:1769} INFO - Created Permission View: can edit on DAG:example_bash_operator
[2025-07-04T12:27:15.667+0530] {logging_mixin.py:188} INFO - [2025-07-04T12:27:15.667+0530] {override.py:1769} INFO - Created Permission View: can delete on DAG:example_bash_operator
[2025-07-04T12:27:15.668+0530] {logging_mixin.py:188} INFO - [2025-07-04T12:27:15.667+0530] {dag.py:3036} INFO - Sync 1 DAGs
[2025-07-04T12:27:15.674+0530] {logging_mixin.py:188} INFO - [2025-07-04T12:27:15.674+0530] {dag.py:3058} INFO - Creating ORM DAG for example_bash_operator
[2025-07-04T12:27:15.678+0530] {logging_mixin.py:188} INFO - [2025-07-04T12:27:15.678+0530] {dag.py:3823} INFO - Setting next_dagrun for example_bash_operator to 2025-07-03 00:00:00+00:00, run_after=2025-07-04 00:00:00+00:00
[2025-07-04T12:27:15.695+0530] {processor.py:183} INFO - Processing /home/tejhanagarajan/Projects/small-projects/NewsImpact/venv/lib64/python3.10/site-packages/airflow/example_dags/example_bash_operator.py took 0.131 seconds
[2025-07-04T12:28:12.834+0530] {processor.py:161} INFO - Started process (PID=25929) to work on /home/tejhanagarajan/Projects/small-projects/NewsImpact/venv/lib64/python3.10/site-packages/airflow/example_dags/example_bash_operator.py
[2025-07-04T12:28:12.835+0530] {processor.py:830} INFO - Processing file /home/tejhanagarajan/Projects/small-projects/NewsImpact/venv/lib64/python3.10/site-packages/airflow/example_dags/example_bash_operator.py for tasks to queue
[2025-07-04T12:28:12.835+0530] {logging_mixin.py:188} INFO - [2025-07-04T12:28:12.835+0530] {dagbag.py:538} INFO - Filling up the DagBag from /home/tejhanagarajan/Projects/small-projects/NewsImpact/venv/lib64/python3.10/site-packages/airflow/example_dags/example_bash_operator.py
[2025-07-04T12:28:12.841+0530] {processor.py:840} INFO - DAG(s) 'example_bash_operator' retrieved from /home/tejhanagarajan/Projects/small-projects/NewsImpact/venv/lib64/python3.10/site-packages/airflow/example_dags/example_bash_operator.py
[2025-07-04T12:28:12.851+0530] {logging_mixin.py:188} INFO - [2025-07-04T12:28:12.851+0530] {dag.py:3036} INFO - Sync 1 DAGs
[2025-07-04T12:28:12.861+0530] {logging_mixin.py:188} INFO - [2025-07-04T12:28:12.861+0530] {dag.py:3823} INFO - Setting next_dagrun for example_bash_operator to 2025-07-03 00:00:00+00:00, run_after=2025-07-04 00:00:00+00:00
[2025-07-04T12:28:12.879+0530] {processor.py:183} INFO - Processing /home/tejhanagarajan/Projects/small-projects/NewsImpact/venv/lib64/python3.10/site-packages/airflow/example_dags/example_bash_operator.py took 0.046 seconds
[2025-07-04T12:29:11.151+0530] {processor.py:161} INFO - Started process (PID=26387) to work on /home/tejhanagarajan/Projects/small-projects/NewsImpact/venv/lib64/python3.10/site-packages/airflow/example_dags/example_bash_operator.py
[2025-07-04T12:29:11.151+0530] {processor.py:830} INFO - Processing file /home/tejhanagarajan/Projects/small-projects/NewsImpact/venv/lib64/python3.10/site-packages/airflow/example_dags/example_bash_operator.py for tasks to queue
[2025-07-04T12:29:11.152+0530] {logging_mixin.py:188} INFO - [2025-07-04T12:29:11.152+0530] {dagbag.py:538} INFO - Filling up the DagBag from /home/tejhanagarajan/Projects/small-projects/NewsImpact/venv/lib64/python3.10/site-packages/airflow/example_dags/example_bash_operator.py
[2025-07-04T12:29:11.158+0530] {processor.py:840} INFO - DAG(s) 'example_bash_operator' retrieved from /home/tejhanagarajan/Projects/small-projects/NewsImpact/venv/lib64/python3.10/site-packages/airflow/example_dags/example_bash_operator.py
[2025-07-04T12:29:11.169+0530] {logging_mixin.py:188} INFO - [2025-07-04T12:29:11.169+0530] {dag.py:3036} INFO - Sync 1 DAGs
[2025-07-04T12:29:11.179+0530] {logging_mixin.py:188} INFO - [2025-07-04T12:29:11.179+0530] {dag.py:3823} INFO - Setting next_dagrun for example_bash_operator to 2025-07-03 00:00:00+00:00, run_after=2025-07-04 00:00:00+00:00
[2025-07-04T12:29:11.198+0530] {processor.py:183} INFO - Processing /home/tejhanagarajan/Projects/small-projects/NewsImpact/venv/lib64/python3.10/site-packages/airflow/example_dags/example_bash_operator.py took 0.049 seconds
[2025-07-04T12:30:04.235+0530] {processor.py:161} INFO - Started process (PID=26826) to work on /home/tejhanagarajan/Projects/small-projects/NewsImpact/venv/lib64/python3.10/site-packages/airflow/example_dags/example_bash_operator.py
[2025-07-04T12:30:04.237+0530] {processor.py:830} INFO - Processing file /home/tejhanagarajan/Projects/small-projects/NewsImpact/venv/lib64/python3.10/site-packages/airflow/example_dags/example_bash_operator.py for tasks to queue
[2025-07-04T12:30:04.237+0530] {logging_mixin.py:188} INFO - [2025-07-04T12:30:04.237+0530] {dagbag.py:538} INFO - Filling up the DagBag from /home/tejhanagarajan/Projects/small-projects/NewsImpact/venv/lib64/python3.10/site-packages/airflow/example_dags/example_bash_operator.py
[2025-07-04T12:30:04.242+0530] {processor.py:840} INFO - DAG(s) 'example_bash_operator' retrieved from /home/tejhanagarajan/Projects/small-projects/NewsImpact/venv/lib64/python3.10/site-packages/airflow/example_dags/example_bash_operator.py
[2025-07-04T12:30:04.252+0530] {logging_mixin.py:188} INFO - [2025-07-04T12:30:04.251+0530] {dag.py:3036} INFO - Sync 1 DAGs
[2025-07-04T12:30:04.260+0530] {logging_mixin.py:188} INFO - [2025-07-04T12:30:04.260+0530] {dag.py:3823} INFO - Setting next_dagrun for example_bash_operator to 2025-07-03 00:00:00+00:00, run_after=2025-07-04 00:00:00+00:00
[2025-07-04T12:30:04.276+0530] {processor.py:183} INFO - Processing /home/tejhanagarajan/Projects/small-projects/NewsImpact/venv/lib64/python3.10/site-packages/airflow/example_dags/example_bash_operator.py took 0.043 seconds
[2025-07-04T12:30:57.415+0530] {processor.py:161} INFO - Started process (PID=27181) to work on /home/tejhanagarajan/Projects/small-projects/NewsImpact/venv/lib64/python3.10/site-packages/airflow/example_dags/example_bash_operator.py
[2025-07-04T12:30:57.417+0530] {processor.py:830} INFO - Processing file /home/tejhanagarajan/Projects/small-projects/NewsImpact/venv/lib64/python3.10/site-packages/airflow/example_dags/example_bash_operator.py for tasks to queue
[2025-07-04T12:30:57.417+0530] {logging_mixin.py:188} INFO - [2025-07-04T12:30:57.417+0530] {dagbag.py:538} INFO - Filling up the DagBag from /home/tejhanagarajan/Projects/small-projects/NewsImpact/venv/lib64/python3.10/site-packages/airflow/example_dags/example_bash_operator.py
[2025-07-04T12:30:57.423+0530] {processor.py:840} INFO - DAG(s) 'example_bash_operator' retrieved from /home/tejhanagarajan/Projects/small-projects/NewsImpact/venv/lib64/python3.10/site-packages/airflow/example_dags/example_bash_operator.py
[2025-07-04T12:30:57.434+0530] {logging_mixin.py:188} INFO - [2025-07-04T12:30:57.434+0530] {dag.py:3036} INFO - Sync 1 DAGs
[2025-07-04T12:30:57.443+0530] {logging_mixin.py:188} INFO - [2025-07-04T12:30:57.443+0530] {dag.py:3823} INFO - Setting next_dagrun for example_bash_operator to 2025-07-03 00:00:00+00:00, run_after=2025-07-04 00:00:00+00:00
[2025-07-04T12:30:57.460+0530] {processor.py:183} INFO - Processing /home/tejhanagarajan/Projects/small-projects/NewsImpact/venv/lib64/python3.10/site-packages/airflow/example_dags/example_bash_operator.py took 0.047 seconds
[2025-07-04T12:33:38.233+0530] {processor.py:161} INFO - Started process (PID=30289) to work on /home/tejhanagarajan/Projects/small-projects/NewsImpact/venv/lib64/python3.10/site-packages/airflow/example_dags/example_bash_operator.py
[2025-07-04T12:33:38.235+0530] {processor.py:830} INFO - Processing file /home/tejhanagarajan/Projects/small-projects/NewsImpact/venv/lib64/python3.10/site-packages/airflow/example_dags/example_bash_operator.py for tasks to queue
[2025-07-04T12:33:38.236+0530] {logging_mixin.py:188} INFO - [2025-07-04T12:33:38.236+0530] {dagbag.py:538} INFO - Filling up the DagBag from /home/tejhanagarajan/Projects/small-projects/NewsImpact/venv/lib64/python3.10/site-packages/airflow/example_dags/example_bash_operator.py
[2025-07-04T12:33:38.241+0530] {processor.py:840} INFO - DAG(s) 'example_bash_operator' retrieved from /home/tejhanagarajan/Projects/small-projects/NewsImpact/venv/lib64/python3.10/site-packages/airflow/example_dags/example_bash_operator.py
[2025-07-04T12:33:38.251+0530] {logging_mixin.py:188} INFO - [2025-07-04T12:33:38.251+0530] {dag.py:3036} INFO - Sync 1 DAGs
[2025-07-04T12:33:38.261+0530] {logging_mixin.py:188} INFO - [2025-07-04T12:33:38.261+0530] {dag.py:3823} INFO - Setting next_dagrun for example_bash_operator to 2025-07-03 00:00:00+00:00, run_after=2025-07-04 00:00:00+00:00
[2025-07-04T12:33:38.278+0530] {processor.py:183} INFO - Processing /home/tejhanagarajan/Projects/small-projects/NewsImpact/venv/lib64/python3.10/site-packages/airflow/example_dags/example_bash_operator.py took 0.047 seconds
[2025-07-04T12:34:29.192+0530] {processor.py:161} INFO - Started process (PID=30930) to work on /home/tejhanagarajan/Projects/small-projects/NewsImpact/venv/lib64/python3.10/site-packages/airflow/example_dags/example_bash_operator.py
[2025-07-04T12:34:29.195+0530] {processor.py:830} INFO - Processing file /home/tejhanagarajan/Projects/small-projects/NewsImpact/venv/lib64/python3.10/site-packages/airflow/example_dags/example_bash_operator.py for tasks to queue
[2025-07-04T12:34:29.196+0530] {logging_mixin.py:188} INFO - [2025-07-04T12:34:29.195+0530] {dagbag.py:538} INFO - Filling up the DagBag from /home/tejhanagarajan/Projects/small-projects/NewsImpact/venv/lib64/python3.10/site-packages/airflow/example_dags/example_bash_operator.py
[2025-07-04T12:34:29.203+0530] {processor.py:840} INFO - DAG(s) 'example_bash_operator' retrieved from /home/tejhanagarajan/Projects/small-projects/NewsImpact/venv/lib64/python3.10/site-packages/airflow/example_dags/example_bash_operator.py
[2025-07-04T12:34:29.212+0530] {logging_mixin.py:188} INFO - [2025-07-04T12:34:29.212+0530] {dag.py:3036} INFO - Sync 1 DAGs
[2025-07-04T12:34:29.220+0530] {logging_mixin.py:188} INFO - [2025-07-04T12:34:29.220+0530] {dag.py:3823} INFO - Setting next_dagrun for example_bash_operator to 2025-07-03 00:00:00+00:00, run_after=2025-07-04 00:00:00+00:00
[2025-07-04T12:34:29.237+0530] {processor.py:183} INFO - Processing /home/tejhanagarajan/Projects/small-projects/NewsImpact/venv/lib64/python3.10/site-packages/airflow/example_dags/example_bash_operator.py took 0.047 seconds
[2025-07-04T12:35:23.265+0530] {processor.py:161} INFO - Started process (PID=31284) to work on /home/tejhanagarajan/Projects/small-projects/NewsImpact/venv/lib64/python3.10/site-packages/airflow/example_dags/example_bash_operator.py
[2025-07-04T12:35:23.268+0530] {processor.py:830} INFO - Processing file /home/tejhanagarajan/Projects/small-projects/NewsImpact/venv/lib64/python3.10/site-packages/airflow/example_dags/example_bash_operator.py for tasks to queue
[2025-07-04T12:35:23.270+0530] {logging_mixin.py:188} INFO - [2025-07-04T12:35:23.269+0530] {dagbag.py:538} INFO - Filling up the DagBag from /home/tejhanagarajan/Projects/small-projects/NewsImpact/venv/lib64/python3.10/site-packages/airflow/example_dags/example_bash_operator.py
[2025-07-04T12:35:23.280+0530] {processor.py:840} INFO - DAG(s) 'example_bash_operator' retrieved from /home/tejhanagarajan/Projects/small-projects/NewsImpact/venv/lib64/python3.10/site-packages/airflow/example_dags/example_bash_operator.py
[2025-07-04T12:35:23.290+0530] {logging_mixin.py:188} INFO - [2025-07-04T12:35:23.290+0530] {dag.py:3036} INFO - Sync 1 DAGs
[2025-07-04T12:35:23.298+0530] {logging_mixin.py:188} INFO - [2025-07-04T12:35:23.298+0530] {dag.py:3823} INFO - Setting next_dagrun for example_bash_operator to 2025-07-03 00:00:00+00:00, run_after=2025-07-04 00:00:00+00:00
[2025-07-04T12:35:23.318+0530] {processor.py:183} INFO - Processing /home/tejhanagarajan/Projects/small-projects/NewsImpact/venv/lib64/python3.10/site-packages/airflow/example_dags/example_bash_operator.py took 0.055 seconds
[2025-07-04T12:36:17.842+0530] {processor.py:161} INFO - Started process (PID=31774) to work on /home/tejhanagarajan/Projects/small-projects/NewsImpact/venv/lib64/python3.10/site-packages/airflow/example_dags/example_bash_operator.py
[2025-07-04T12:36:17.846+0530] {processor.py:830} INFO - Processing file /home/tejhanagarajan/Projects/small-projects/NewsImpact/venv/lib64/python3.10/site-packages/airflow/example_dags/example_bash_operator.py for tasks to queue
[2025-07-04T12:36:17.848+0530] {logging_mixin.py:188} INFO - [2025-07-04T12:36:17.847+0530] {dagbag.py:538} INFO - Filling up the DagBag from /home/tejhanagarajan/Projects/small-projects/NewsImpact/venv/lib64/python3.10/site-packages/airflow/example_dags/example_bash_operator.py
[2025-07-04T12:36:17.861+0530] {processor.py:840} INFO - DAG(s) 'example_bash_operator' retrieved from /home/tejhanagarajan/Projects/small-projects/NewsImpact/venv/lib64/python3.10/site-packages/airflow/example_dags/example_bash_operator.py
[2025-07-04T12:36:17.870+0530] {logging_mixin.py:188} INFO - [2025-07-04T12:36:17.870+0530] {dag.py:3036} INFO - Sync 1 DAGs
[2025-07-04T12:36:17.878+0530] {logging_mixin.py:188} INFO - [2025-07-04T12:36:17.878+0530] {dag.py:3823} INFO - Setting next_dagrun for example_bash_operator to 2025-07-03 00:00:00+00:00, run_after=2025-07-04 00:00:00+00:00
[2025-07-04T12:36:17.895+0530] {processor.py:183} INFO - Processing /home/tejhanagarajan/Projects/small-projects/NewsImpact/venv/lib64/python3.10/site-packages/airflow/example_dags/example_bash_operator.py took 0.056 seconds
[2025-07-04T12:37:10.339+0530] {processor.py:161} INFO - Started process (PID=32286) to work on /home/tejhanagarajan/Projects/small-projects/NewsImpact/venv/lib64/python3.10/site-packages/airflow/example_dags/example_bash_operator.py
[2025-07-04T12:37:10.342+0530] {processor.py:830} INFO - Processing file /home/tejhanagarajan/Projects/small-projects/NewsImpact/venv/lib64/python3.10/site-packages/airflow/example_dags/example_bash_operator.py for tasks to queue
[2025-07-04T12:37:10.343+0530] {logging_mixin.py:188} INFO - [2025-07-04T12:37:10.343+0530] {dagbag.py:538} INFO - Filling up the DagBag from /home/tejhanagarajan/Projects/small-projects/NewsImpact/venv/lib64/python3.10/site-packages/airflow/example_dags/example_bash_operator.py
[2025-07-04T12:37:10.353+0530] {processor.py:840} INFO - DAG(s) 'example_bash_operator' retrieved from /home/tejhanagarajan/Projects/small-projects/NewsImpact/venv/lib64/python3.10/site-packages/airflow/example_dags/example_bash_operator.py
[2025-07-04T12:37:10.362+0530] {logging_mixin.py:188} INFO - [2025-07-04T12:37:10.362+0530] {dag.py:3036} INFO - Sync 1 DAGs
[2025-07-04T12:37:10.371+0530] {logging_mixin.py:188} INFO - [2025-07-04T12:37:10.371+0530] {dag.py:3823} INFO - Setting next_dagrun for example_bash_operator to 2025-07-03 00:00:00+00:00, run_after=2025-07-04 00:00:00+00:00
[2025-07-04T12:37:10.387+0530] {processor.py:183} INFO - Processing /home/tejhanagarajan/Projects/small-projects/NewsImpact/venv/lib64/python3.10/site-packages/airflow/example_dags/example_bash_operator.py took 0.050 seconds
[2025-07-04T12:37:57.308+0530] {processor.py:161} INFO - Started process (PID=34653) to work on /home/tejhanagarajan/Projects/small-projects/NewsImpact/venv/lib64/python3.10/site-packages/airflow/example_dags/example_bash_operator.py
[2025-07-04T12:37:57.310+0530] {processor.py:830} INFO - Processing file /home/tejhanagarajan/Projects/small-projects/NewsImpact/venv/lib64/python3.10/site-packages/airflow/example_dags/example_bash_operator.py for tasks to queue
[2025-07-04T12:37:57.310+0530] {logging_mixin.py:188} INFO - [2025-07-04T12:37:57.310+0530] {dagbag.py:538} INFO - Filling up the DagBag from /home/tejhanagarajan/Projects/small-projects/NewsImpact/venv/lib64/python3.10/site-packages/airflow/example_dags/example_bash_operator.py
[2025-07-04T12:37:57.316+0530] {processor.py:840} INFO - DAG(s) 'example_bash_operator' retrieved from /home/tejhanagarajan/Projects/small-projects/NewsImpact/venv/lib64/python3.10/site-packages/airflow/example_dags/example_bash_operator.py
[2025-07-04T12:37:57.327+0530] {logging_mixin.py:188} INFO - [2025-07-04T12:37:57.327+0530] {dag.py:3036} INFO - Sync 1 DAGs
[2025-07-04T12:37:57.336+0530] {logging_mixin.py:188} INFO - [2025-07-04T12:37:57.336+0530] {dag.py:3823} INFO - Setting next_dagrun for example_bash_operator to 2025-07-03 00:00:00+00:00, run_after=2025-07-04 00:00:00+00:00
[2025-07-04T12:37:57.354+0530] {processor.py:183} INFO - Processing /home/tejhanagarajan/Projects/small-projects/NewsImpact/venv/lib64/python3.10/site-packages/airflow/example_dags/example_bash_operator.py took 0.048 seconds
[2025-07-04T12:38:40.399+0530] {processor.py:161} INFO - Started process (PID=35018) to work on /home/tejhanagarajan/Projects/small-projects/NewsImpact/venv/lib64/python3.10/site-packages/airflow/example_dags/example_bash_operator.py
[2025-07-04T12:38:40.401+0530] {processor.py:830} INFO - Processing file /home/tejhanagarajan/Projects/small-projects/NewsImpact/venv/lib64/python3.10/site-packages/airflow/example_dags/example_bash_operator.py for tasks to queue
[2025-07-04T12:38:40.402+0530] {logging_mixin.py:188} INFO - [2025-07-04T12:38:40.402+0530] {dagbag.py:538} INFO - Filling up the DagBag from /home/tejhanagarajan/Projects/small-projects/NewsImpact/venv/lib64/python3.10/site-packages/airflow/example_dags/example_bash_operator.py
[2025-07-04T12:38:40.408+0530] {processor.py:840} INFO - DAG(s) 'example_bash_operator' retrieved from /home/tejhanagarajan/Projects/small-projects/NewsImpact/venv/lib64/python3.10/site-packages/airflow/example_dags/example_bash_operator.py
[2025-07-04T12:38:40.418+0530] {logging_mixin.py:188} INFO - [2025-07-04T12:38:40.418+0530] {dag.py:3036} INFO - Sync 1 DAGs
[2025-07-04T12:38:40.426+0530] {logging_mixin.py:188} INFO - [2025-07-04T12:38:40.426+0530] {dag.py:3823} INFO - Setting next_dagrun for example_bash_operator to 2025-07-03 00:00:00+00:00, run_after=2025-07-04 00:00:00+00:00
[2025-07-04T12:38:40.443+0530] {processor.py:183} INFO - Processing /home/tejhanagarajan/Projects/small-projects/NewsImpact/venv/lib64/python3.10/site-packages/airflow/example_dags/example_bash_operator.py took 0.046 seconds
[2025-07-04T12:38:49.460+0530] {processor.py:161} INFO - Started process (PID=35103) to work on /home/tejhanagarajan/Projects/small-projects/NewsImpact/venv/lib64/python3.10/site-packages/airflow/example_dags/example_bash_operator.py
[2025-07-04T12:38:49.460+0530] {processor.py:830} INFO - Processing file /home/tejhanagarajan/Projects/small-projects/NewsImpact/venv/lib64/python3.10/site-packages/airflow/example_dags/example_bash_operator.py for tasks to queue
[2025-07-04T12:38:49.461+0530] {logging_mixin.py:188} INFO - [2025-07-04T12:38:49.460+0530] {dagbag.py:538} INFO - Filling up the DagBag from /home/tejhanagarajan/Projects/small-projects/NewsImpact/venv/lib64/python3.10/site-packages/airflow/example_dags/example_bash_operator.py
[2025-07-04T12:38:49.466+0530] {processor.py:840} INFO - DAG(s) 'example_bash_operator' retrieved from /home/tejhanagarajan/Projects/small-projects/NewsImpact/venv/lib64/python3.10/site-packages/airflow/example_dags/example_bash_operator.py
[2025-07-04T12:38:49.477+0530] {logging_mixin.py:188} INFO - [2025-07-04T12:38:49.477+0530] {dag.py:3036} INFO - Sync 1 DAGs
[2025-07-04T12:38:49.487+0530] {logging_mixin.py:188} INFO - [2025-07-04T12:38:49.487+0530] {dag.py:3823} INFO - Setting next_dagrun for example_bash_operator to 2025-07-03 00:00:00+00:00, run_after=2025-07-04 00:00:00+00:00
[2025-07-04T12:38:49.504+0530] {processor.py:183} INFO - Processing /home/tejhanagarajan/Projects/small-projects/NewsImpact/venv/lib64/python3.10/site-packages/airflow/example_dags/example_bash_operator.py took 0.046 seconds
[2025-07-04T12:39:31.871+0530] {processor.py:161} INFO - Started process (PID=35501) to work on /home/tejhanagarajan/Projects/small-projects/NewsImpact/venv/lib64/python3.10/site-packages/airflow/example_dags/example_bash_operator.py
[2025-07-04T12:39:31.871+0530] {processor.py:830} INFO - Processing file /home/tejhanagarajan/Projects/small-projects/NewsImpact/venv/lib64/python3.10/site-packages/airflow/example_dags/example_bash_operator.py for tasks to queue
[2025-07-04T12:39:31.872+0530] {logging_mixin.py:188} INFO - [2025-07-04T12:39:31.872+0530] {dagbag.py:538} INFO - Filling up the DagBag from /home/tejhanagarajan/Projects/small-projects/NewsImpact/venv/lib64/python3.10/site-packages/airflow/example_dags/example_bash_operator.py
[2025-07-04T12:39:31.878+0530] {processor.py:840} INFO - DAG(s) 'example_bash_operator' retrieved from /home/tejhanagarajan/Projects/small-projects/NewsImpact/venv/lib64/python3.10/site-packages/airflow/example_dags/example_bash_operator.py
[2025-07-04T12:39:31.888+0530] {logging_mixin.py:188} INFO - [2025-07-04T12:39:31.888+0530] {dag.py:3036} INFO - Sync 1 DAGs
[2025-07-04T12:39:31.896+0530] {logging_mixin.py:188} INFO - [2025-07-04T12:39:31.896+0530] {dag.py:3823} INFO - Setting next_dagrun for example_bash_operator to 2025-07-03 00:00:00+00:00, run_after=2025-07-04 00:00:00+00:00
[2025-07-04T12:39:31.914+0530] {processor.py:183} INFO - Processing /home/tejhanagarajan/Projects/small-projects/NewsImpact/venv/lib64/python3.10/site-packages/airflow/example_dags/example_bash_operator.py took 0.046 seconds
[2025-07-04T12:39:44.955+0530] {processor.py:161} INFO - Started process (PID=35604) to work on /home/tejhanagarajan/Projects/small-projects/NewsImpact/venv/lib64/python3.10/site-packages/airflow/example_dags/example_bash_operator.py
[2025-07-04T12:39:44.958+0530] {processor.py:830} INFO - Processing file /home/tejhanagarajan/Projects/small-projects/NewsImpact/venv/lib64/python3.10/site-packages/airflow/example_dags/example_bash_operator.py for tasks to queue
[2025-07-04T12:39:44.958+0530] {logging_mixin.py:188} INFO - [2025-07-04T12:39:44.958+0530] {dagbag.py:538} INFO - Filling up the DagBag from /home/tejhanagarajan/Projects/small-projects/NewsImpact/venv/lib64/python3.10/site-packages/airflow/example_dags/example_bash_operator.py
[2025-07-04T12:39:44.964+0530] {processor.py:840} INFO - DAG(s) 'example_bash_operator' retrieved from /home/tejhanagarajan/Projects/small-projects/NewsImpact/venv/lib64/python3.10/site-packages/airflow/example_dags/example_bash_operator.py
[2025-07-04T12:39:44.973+0530] {logging_mixin.py:188} INFO - [2025-07-04T12:39:44.973+0530] {dag.py:3036} INFO - Sync 1 DAGs
[2025-07-04T12:39:44.982+0530] {logging_mixin.py:188} INFO - [2025-07-04T12:39:44.982+0530] {dag.py:3823} INFO - Setting next_dagrun for example_bash_operator to 2025-07-03 00:00:00+00:00, run_after=2025-07-04 00:00:00+00:00
[2025-07-04T12:39:44.999+0530] {processor.py:183} INFO - Processing /home/tejhanagarajan/Projects/small-projects/NewsImpact/venv/lib64/python3.10/site-packages/airflow/example_dags/example_bash_operator.py took 0.045 seconds
[2025-07-04T12:42:41.264+0530] {processor.py:161} INFO - Started process (PID=38088) to work on /home/tejhanagarajan/Projects/small-projects/NewsImpact/venv/lib64/python3.10/site-packages/airflow/example_dags/example_bash_operator.py
[2025-07-04T12:42:41.265+0530] {processor.py:830} INFO - Processing file /home/tejhanagarajan/Projects/small-projects/NewsImpact/venv/lib64/python3.10/site-packages/airflow/example_dags/example_bash_operator.py for tasks to queue
[2025-07-04T12:42:41.265+0530] {logging_mixin.py:188} INFO - [2025-07-04T12:42:41.265+0530] {dagbag.py:538} INFO - Filling up the DagBag from /home/tejhanagarajan/Projects/small-projects/NewsImpact/venv/lib64/python3.10/site-packages/airflow/example_dags/example_bash_operator.py
[2025-07-04T12:42:41.271+0530] {processor.py:840} INFO - DAG(s) 'example_bash_operator' retrieved from /home/tejhanagarajan/Projects/small-projects/NewsImpact/venv/lib64/python3.10/site-packages/airflow/example_dags/example_bash_operator.py
[2025-07-04T12:42:41.281+0530] {logging_mixin.py:188} INFO - [2025-07-04T12:42:41.281+0530] {dag.py:3036} INFO - Sync 1 DAGs
[2025-07-04T12:42:41.289+0530] {logging_mixin.py:188} INFO - [2025-07-04T12:42:41.289+0530] {dag.py:3823} INFO - Setting next_dagrun for example_bash_operator to 2025-07-03 00:00:00+00:00, run_after=2025-07-04 00:00:00+00:00
[2025-07-04T12:42:41.306+0530] {processor.py:183} INFO - Processing /home/tejhanagarajan/Projects/small-projects/NewsImpact/venv/lib64/python3.10/site-packages/airflow/example_dags/example_bash_operator.py took 0.043 seconds
[2025-07-04T12:43:32.835+0530] {processor.py:161} INFO - Started process (PID=38511) to work on /home/tejhanagarajan/Projects/small-projects/NewsImpact/venv/lib64/python3.10/site-packages/airflow/example_dags/example_bash_operator.py
[2025-07-04T12:43:32.837+0530] {processor.py:830} INFO - Processing file /home/tejhanagarajan/Projects/small-projects/NewsImpact/venv/lib64/python3.10/site-packages/airflow/example_dags/example_bash_operator.py for tasks to queue
[2025-07-04T12:43:32.837+0530] {logging_mixin.py:188} INFO - [2025-07-04T12:43:32.837+0530] {dagbag.py:538} INFO - Filling up the DagBag from /home/tejhanagarajan/Projects/small-projects/NewsImpact/venv/lib64/python3.10/site-packages/airflow/example_dags/example_bash_operator.py
[2025-07-04T12:43:32.843+0530] {processor.py:840} INFO - DAG(s) 'example_bash_operator' retrieved from /home/tejhanagarajan/Projects/small-projects/NewsImpact/venv/lib64/python3.10/site-packages/airflow/example_dags/example_bash_operator.py
[2025-07-04T12:43:32.854+0530] {logging_mixin.py:188} INFO - [2025-07-04T12:43:32.854+0530] {dag.py:3036} INFO - Sync 1 DAGs
[2025-07-04T12:43:32.864+0530] {logging_mixin.py:188} INFO - [2025-07-04T12:43:32.864+0530] {dag.py:3823} INFO - Setting next_dagrun for example_bash_operator to 2025-07-03 00:00:00+00:00, run_after=2025-07-04 00:00:00+00:00
[2025-07-04T12:43:32.879+0530] {processor.py:183} INFO - Processing /home/tejhanagarajan/Projects/small-projects/NewsImpact/venv/lib64/python3.10/site-packages/airflow/example_dags/example_bash_operator.py took 0.046 seconds
[2025-07-04T12:44:26.602+0530] {processor.py:161} INFO - Started process (PID=38889) to work on /home/tejhanagarajan/Projects/small-projects/NewsImpact/venv/lib64/python3.10/site-packages/airflow/example_dags/example_bash_operator.py
[2025-07-04T12:44:26.605+0530] {processor.py:830} INFO - Processing file /home/tejhanagarajan/Projects/small-projects/NewsImpact/venv/lib64/python3.10/site-packages/airflow/example_dags/example_bash_operator.py for tasks to queue
[2025-07-04T12:44:26.605+0530] {logging_mixin.py:188} INFO - [2025-07-04T12:44:26.605+0530] {dagbag.py:538} INFO - Filling up the DagBag from /home/tejhanagarajan/Projects/small-projects/NewsImpact/venv/lib64/python3.10/site-packages/airflow/example_dags/example_bash_operator.py
[2025-07-04T12:44:26.612+0530] {processor.py:840} INFO - DAG(s) 'example_bash_operator' retrieved from /home/tejhanagarajan/Projects/small-projects/NewsImpact/venv/lib64/python3.10/site-packages/airflow/example_dags/example_bash_operator.py
[2025-07-04T12:44:26.622+0530] {logging_mixin.py:188} INFO - [2025-07-04T12:44:26.622+0530] {dag.py:3036} INFO - Sync 1 DAGs
[2025-07-04T12:44:26.631+0530] {logging_mixin.py:188} INFO - [2025-07-04T12:44:26.631+0530] {dag.py:3823} INFO - Setting next_dagrun for example_bash_operator to 2025-07-03 00:00:00+00:00, run_after=2025-07-04 00:00:00+00:00
[2025-07-04T12:44:26.647+0530] {processor.py:183} INFO - Processing /home/tejhanagarajan/Projects/small-projects/NewsImpact/venv/lib64/python3.10/site-packages/airflow/example_dags/example_bash_operator.py took 0.047 seconds
[2025-07-04T12:45:20.313+0530] {processor.py:161} INFO - Started process (PID=39295) to work on /home/tejhanagarajan/Projects/small-projects/NewsImpact/venv/lib64/python3.10/site-packages/airflow/example_dags/example_bash_operator.py
[2025-07-04T12:45:20.316+0530] {processor.py:830} INFO - Processing file /home/tejhanagarajan/Projects/small-projects/NewsImpact/venv/lib64/python3.10/site-packages/airflow/example_dags/example_bash_operator.py for tasks to queue
[2025-07-04T12:45:20.317+0530] {logging_mixin.py:188} INFO - [2025-07-04T12:45:20.317+0530] {dagbag.py:538} INFO - Filling up the DagBag from /home/tejhanagarajan/Projects/small-projects/NewsImpact/venv/lib64/python3.10/site-packages/airflow/example_dags/example_bash_operator.py
[2025-07-04T12:45:20.323+0530] {processor.py:840} INFO - DAG(s) 'example_bash_operator' retrieved from /home/tejhanagarajan/Projects/small-projects/NewsImpact/venv/lib64/python3.10/site-packages/airflow/example_dags/example_bash_operator.py
[2025-07-04T12:45:20.334+0530] {logging_mixin.py:188} INFO - [2025-07-04T12:45:20.334+0530] {dag.py:3036} INFO - Sync 1 DAGs
[2025-07-04T12:45:20.342+0530] {logging_mixin.py:188} INFO - [2025-07-04T12:45:20.342+0530] {dag.py:3823} INFO - Setting next_dagrun for example_bash_operator to 2025-07-03 00:00:00+00:00, run_after=2025-07-04 00:00:00+00:00
[2025-07-04T12:45:20.358+0530] {processor.py:183} INFO - Processing /home/tejhanagarajan/Projects/small-projects/NewsImpact/venv/lib64/python3.10/site-packages/airflow/example_dags/example_bash_operator.py took 0.047 seconds
[2025-07-04T12:46:13.684+0530] {processor.py:161} INFO - Started process (PID=39664) to work on /home/tejhanagarajan/Projects/small-projects/NewsImpact/venv/lib64/python3.10/site-packages/airflow/example_dags/example_bash_operator.py
[2025-07-04T12:46:13.687+0530] {processor.py:830} INFO - Processing file /home/tejhanagarajan/Projects/small-projects/NewsImpact/venv/lib64/python3.10/site-packages/airflow/example_dags/example_bash_operator.py for tasks to queue
[2025-07-04T12:46:13.688+0530] {logging_mixin.py:188} INFO - [2025-07-04T12:46:13.687+0530] {dagbag.py:538} INFO - Filling up the DagBag from /home/tejhanagarajan/Projects/small-projects/NewsImpact/venv/lib64/python3.10/site-packages/airflow/example_dags/example_bash_operator.py
[2025-07-04T12:46:13.695+0530] {processor.py:840} INFO - DAG(s) 'example_bash_operator' retrieved from /home/tejhanagarajan/Projects/small-projects/NewsImpact/venv/lib64/python3.10/site-packages/airflow/example_dags/example_bash_operator.py
[2025-07-04T12:46:13.705+0530] {logging_mixin.py:188} INFO - [2025-07-04T12:46:13.705+0530] {dag.py:3036} INFO - Sync 1 DAGs
[2025-07-04T12:46:13.713+0530] {logging_mixin.py:188} INFO - [2025-07-04T12:46:13.713+0530] {dag.py:3823} INFO - Setting next_dagrun for example_bash_operator to 2025-07-03 00:00:00+00:00, run_after=2025-07-04 00:00:00+00:00
[2025-07-04T12:46:13.729+0530] {processor.py:183} INFO - Processing /home/tejhanagarajan/Projects/small-projects/NewsImpact/venv/lib64/python3.10/site-packages/airflow/example_dags/example_bash_operator.py took 0.048 seconds
[2025-07-04T12:47:06.242+0530] {processor.py:161} INFO - Started process (PID=40069) to work on /home/tejhanagarajan/Projects/small-projects/NewsImpact/venv/lib64/python3.10/site-packages/airflow/example_dags/example_bash_operator.py
[2025-07-04T12:47:06.245+0530] {processor.py:830} INFO - Processing file /home/tejhanagarajan/Projects/small-projects/NewsImpact/venv/lib64/python3.10/site-packages/airflow/example_dags/example_bash_operator.py for tasks to queue
[2025-07-04T12:47:06.246+0530] {logging_mixin.py:188} INFO - [2025-07-04T12:47:06.246+0530] {dagbag.py:538} INFO - Filling up the DagBag from /home/tejhanagarajan/Projects/small-projects/NewsImpact/venv/lib64/python3.10/site-packages/airflow/example_dags/example_bash_operator.py
[2025-07-04T12:47:06.254+0530] {processor.py:840} INFO - DAG(s) 'example_bash_operator' retrieved from /home/tejhanagarajan/Projects/small-projects/NewsImpact/venv/lib64/python3.10/site-packages/airflow/example_dags/example_bash_operator.py
[2025-07-04T12:47:06.262+0530] {logging_mixin.py:188} INFO - [2025-07-04T12:47:06.262+0530] {dag.py:3036} INFO - Sync 1 DAGs
[2025-07-04T12:47:06.271+0530] {logging_mixin.py:188} INFO - [2025-07-04T12:47:06.271+0530] {dag.py:3823} INFO - Setting next_dagrun for example_bash_operator to 2025-07-03 00:00:00+00:00, run_after=2025-07-04 00:00:00+00:00
[2025-07-04T12:47:06.287+0530] {processor.py:183} INFO - Processing /home/tejhanagarajan/Projects/small-projects/NewsImpact/venv/lib64/python3.10/site-packages/airflow/example_dags/example_bash_operator.py took 0.048 seconds
[2025-07-04T12:47:58.057+0530] {processor.py:161} INFO - Started process (PID=40443) to work on /home/tejhanagarajan/Projects/small-projects/NewsImpact/venv/lib64/python3.10/site-packages/airflow/example_dags/example_bash_operator.py
[2025-07-04T12:47:58.059+0530] {processor.py:830} INFO - Processing file /home/tejhanagarajan/Projects/small-projects/NewsImpact/venv/lib64/python3.10/site-packages/airflow/example_dags/example_bash_operator.py for tasks to queue
[2025-07-04T12:47:58.060+0530] {logging_mixin.py:188} INFO - [2025-07-04T12:47:58.060+0530] {dagbag.py:538} INFO - Filling up the DagBag from /home/tejhanagarajan/Projects/small-projects/NewsImpact/venv/lib64/python3.10/site-packages/airflow/example_dags/example_bash_operator.py
[2025-07-04T12:47:58.066+0530] {processor.py:840} INFO - DAG(s) 'example_bash_operator' retrieved from /home/tejhanagarajan/Projects/small-projects/NewsImpact/venv/lib64/python3.10/site-packages/airflow/example_dags/example_bash_operator.py
[2025-07-04T12:47:58.077+0530] {logging_mixin.py:188} INFO - [2025-07-04T12:47:58.077+0530] {dag.py:3036} INFO - Sync 1 DAGs
[2025-07-04T12:47:58.087+0530] {logging_mixin.py:188} INFO - [2025-07-04T12:47:58.087+0530] {dag.py:3823} INFO - Setting next_dagrun for example_bash_operator to 2025-07-03 00:00:00+00:00, run_after=2025-07-04 00:00:00+00:00
[2025-07-04T12:47:58.105+0530] {processor.py:183} INFO - Processing /home/tejhanagarajan/Projects/small-projects/NewsImpact/venv/lib64/python3.10/site-packages/airflow/example_dags/example_bash_operator.py took 0.050 seconds
