[2025-07-04T12:26:35.833+0530] {processor.py:161} INFO - Started process (PID=25159) to work on /home/tejhanagarajan/Projects/small-projects/NewsImpact/venv/lib64/python3.10/site-packages/airflow/example_dags/example_xcom.py
[2025-07-04T12:26:35.833+0530] {processor.py:830} INFO - Processing file /home/tejhanagarajan/Projects/small-projects/NewsImpact/venv/lib64/python3.10/site-packages/airflow/example_dags/example_xcom.py for tasks to queue
[2025-07-04T12:26:35.834+0530] {logging_mixin.py:188} INFO - [2025-07-04T12:26:35.833+0530] {dagbag.py:538} INFO - Filling up the DagBag from /home/tejhanagarajan/Projects/small-projects/NewsImpact/venv/lib64/python3.10/site-packages/airflow/example_dags/example_xcom.py
[2025-07-04T12:26:35.839+0530] {processor.py:840} INFO - DAG(s) 'example_xcom' retrieved from /home/tejhanagarajan/Projects/small-projects/NewsImpact/venv/lib64/python3.10/site-packages/airflow/example_dags/example_xcom.py
[2025-07-04T12:26:35.901+0530] {logging_mixin.py:188} INFO - [2025-07-04T12:26:35.900+0530] {override.py:1769} INFO - Created Permission View: can read on DAG:example_xcom
[2025-07-04T12:26:35.912+0530] {logging_mixin.py:188} INFO - [2025-07-04T12:26:35.912+0530] {override.py:1769} INFO - Created Permission View: can edit on DAG:example_xcom
[2025-07-04T12:26:35.924+0530] {logging_mixin.py:188} INFO - [2025-07-04T12:26:35.924+0530] {override.py:1769} INFO - Created Permission View: can delete on DAG:example_xcom
[2025-07-04T12:26:35.924+0530] {logging_mixin.py:188} INFO - [2025-07-04T12:26:35.924+0530] {dag.py:3036} INFO - Sync 1 DAGs
[2025-07-04T12:26:35.931+0530] {logging_mixin.py:188} INFO - [2025-07-04T12:26:35.931+0530] {dag.py:3058} INFO - Creating ORM DAG for example_xcom
[2025-07-04T12:26:35.936+0530] {logging_mixin.py:188} INFO - [2025-07-04T12:26:35.935+0530] {dag.py:3823} INFO - Setting next_dagrun for example_xcom to 2021-01-01 00:00:00+00:00, run_after=2021-01-01 00:00:00+00:00
[2025-07-04T12:26:35.951+0530] {processor.py:183} INFO - Processing /home/tejhanagarajan/Projects/small-projects/NewsImpact/venv/lib64/python3.10/site-packages/airflow/example_dags/example_xcom.py took 0.122 seconds
[2025-07-04T12:27:26.390+0530] {processor.py:161} INFO - Started process (PID=25543) to work on /home/tejhanagarajan/Projects/small-projects/NewsImpact/venv/lib64/python3.10/site-packages/airflow/example_dags/example_xcom.py
[2025-07-04T12:27:26.390+0530] {processor.py:830} INFO - Processing file /home/tejhanagarajan/Projects/small-projects/NewsImpact/venv/lib64/python3.10/site-packages/airflow/example_dags/example_xcom.py for tasks to queue
[2025-07-04T12:27:26.391+0530] {logging_mixin.py:188} INFO - [2025-07-04T12:27:26.391+0530] {dagbag.py:538} INFO - Filling up the DagBag from /home/tejhanagarajan/Projects/small-projects/NewsImpact/venv/lib64/python3.10/site-packages/airflow/example_dags/example_xcom.py
[2025-07-04T12:27:26.395+0530] {processor.py:840} INFO - DAG(s) 'example_xcom' retrieved from /home/tejhanagarajan/Projects/small-projects/NewsImpact/venv/lib64/python3.10/site-packages/airflow/example_dags/example_xcom.py
[2025-07-04T12:27:26.402+0530] {logging_mixin.py:188} INFO - [2025-07-04T12:27:26.402+0530] {dag.py:3036} INFO - Sync 1 DAGs
[2025-07-04T12:27:26.410+0530] {logging_mixin.py:188} INFO - [2025-07-04T12:27:26.410+0530] {dag.py:3823} INFO - Setting next_dagrun for example_xcom to 2021-01-01 00:00:00+00:00, run_after=2021-01-01 00:00:00+00:00
[2025-07-04T12:27:26.429+0530] {processor.py:183} INFO - Processing /home/tejhanagarajan/Projects/small-projects/NewsImpact/venv/lib64/python3.10/site-packages/airflow/example_dags/example_xcom.py took 0.042 seconds
[2025-07-04T12:28:15.133+0530] {processor.py:161} INFO - Started process (PID=25942) to work on /home/tejhanagarajan/Projects/small-projects/NewsImpact/venv/lib64/python3.10/site-packages/airflow/example_dags/example_xcom.py
[2025-07-04T12:28:15.134+0530] {processor.py:830} INFO - Processing file /home/tejhanagarajan/Projects/small-projects/NewsImpact/venv/lib64/python3.10/site-packages/airflow/example_dags/example_xcom.py for tasks to queue
[2025-07-04T12:28:15.135+0530] {logging_mixin.py:188} INFO - [2025-07-04T12:28:15.135+0530] {dagbag.py:538} INFO - Filling up the DagBag from /home/tejhanagarajan/Projects/small-projects/NewsImpact/venv/lib64/python3.10/site-packages/airflow/example_dags/example_xcom.py
[2025-07-04T12:28:15.140+0530] {processor.py:840} INFO - DAG(s) 'example_xcom' retrieved from /home/tejhanagarajan/Projects/small-projects/NewsImpact/venv/lib64/python3.10/site-packages/airflow/example_dags/example_xcom.py
[2025-07-04T12:28:15.147+0530] {logging_mixin.py:188} INFO - [2025-07-04T12:28:15.147+0530] {dag.py:3036} INFO - Sync 1 DAGs
[2025-07-04T12:28:15.156+0530] {logging_mixin.py:188} INFO - [2025-07-04T12:28:15.156+0530] {dag.py:3823} INFO - Setting next_dagrun for example_xcom to 2021-01-01 00:00:00+00:00, run_after=2021-01-01 00:00:00+00:00
[2025-07-04T12:28:15.172+0530] {processor.py:183} INFO - Processing /home/tejhanagarajan/Projects/small-projects/NewsImpact/venv/lib64/python3.10/site-packages/airflow/example_dags/example_xcom.py took 0.042 seconds
[2025-07-04T12:28:54.881+0530] {processor.py:161} INFO - Started process (PID=26267) to work on /home/tejhanagarajan/Projects/small-projects/NewsImpact/venv/lib64/python3.10/site-packages/airflow/example_dags/example_xcom.py
[2025-07-04T12:28:54.883+0530] {processor.py:830} INFO - Processing file /home/tejhanagarajan/Projects/small-projects/NewsImpact/venv/lib64/python3.10/site-packages/airflow/example_dags/example_xcom.py for tasks to queue
[2025-07-04T12:28:54.884+0530] {logging_mixin.py:188} INFO - [2025-07-04T12:28:54.884+0530] {dagbag.py:538} INFO - Filling up the DagBag from /home/tejhanagarajan/Projects/small-projects/NewsImpact/venv/lib64/python3.10/site-packages/airflow/example_dags/example_xcom.py
[2025-07-04T12:28:54.888+0530] {processor.py:840} INFO - DAG(s) 'example_xcom' retrieved from /home/tejhanagarajan/Projects/small-projects/NewsImpact/venv/lib64/python3.10/site-packages/airflow/example_dags/example_xcom.py
[2025-07-04T12:28:54.896+0530] {logging_mixin.py:188} INFO - [2025-07-04T12:28:54.895+0530] {dag.py:3036} INFO - Sync 1 DAGs
[2025-07-04T12:28:54.904+0530] {logging_mixin.py:188} INFO - [2025-07-04T12:28:54.904+0530] {dag.py:3823} INFO - Setting next_dagrun for example_xcom to 2021-01-01 00:00:00+00:00, run_after=2021-01-01 00:00:00+00:00
[2025-07-04T12:28:54.921+0530] {processor.py:183} INFO - Processing /home/tejhanagarajan/Projects/small-projects/NewsImpact/venv/lib64/python3.10/site-packages/airflow/example_dags/example_xcom.py took 0.041 seconds
[2025-07-04T12:29:35.034+0530] {processor.py:161} INFO - Started process (PID=26614) to work on /home/tejhanagarajan/Projects/small-projects/NewsImpact/venv/lib64/python3.10/site-packages/airflow/example_dags/example_xcom.py
[2025-07-04T12:29:35.037+0530] {processor.py:830} INFO - Processing file /home/tejhanagarajan/Projects/small-projects/NewsImpact/venv/lib64/python3.10/site-packages/airflow/example_dags/example_xcom.py for tasks to queue
[2025-07-04T12:29:35.037+0530] {logging_mixin.py:188} INFO - [2025-07-04T12:29:35.037+0530] {dagbag.py:538} INFO - Filling up the DagBag from /home/tejhanagarajan/Projects/small-projects/NewsImpact/venv/lib64/python3.10/site-packages/airflow/example_dags/example_xcom.py
[2025-07-04T12:29:35.042+0530] {processor.py:840} INFO - DAG(s) 'example_xcom' retrieved from /home/tejhanagarajan/Projects/small-projects/NewsImpact/venv/lib64/python3.10/site-packages/airflow/example_dags/example_xcom.py
[2025-07-04T12:29:35.049+0530] {logging_mixin.py:188} INFO - [2025-07-04T12:29:35.049+0530] {dag.py:3036} INFO - Sync 1 DAGs
[2025-07-04T12:29:35.058+0530] {logging_mixin.py:188} INFO - [2025-07-04T12:29:35.058+0530] {dag.py:3823} INFO - Setting next_dagrun for example_xcom to 2021-01-01 00:00:00+00:00, run_after=2021-01-01 00:00:00+00:00
[2025-07-04T12:29:35.076+0530] {processor.py:183} INFO - Processing /home/tejhanagarajan/Projects/small-projects/NewsImpact/venv/lib64/python3.10/site-packages/airflow/example_dags/example_xcom.py took 0.044 seconds
[2025-07-04T12:30:10.354+0530] {processor.py:161} INFO - Started process (PID=26862) to work on /home/tejhanagarajan/Projects/small-projects/NewsImpact/venv/lib64/python3.10/site-packages/airflow/example_dags/example_xcom.py
[2025-07-04T12:30:10.356+0530] {processor.py:830} INFO - Processing file /home/tejhanagarajan/Projects/small-projects/NewsImpact/venv/lib64/python3.10/site-packages/airflow/example_dags/example_xcom.py for tasks to queue
[2025-07-04T12:30:10.357+0530] {logging_mixin.py:188} INFO - [2025-07-04T12:30:10.357+0530] {dagbag.py:538} INFO - Filling up the DagBag from /home/tejhanagarajan/Projects/small-projects/NewsImpact/venv/lib64/python3.10/site-packages/airflow/example_dags/example_xcom.py
[2025-07-04T12:30:10.363+0530] {processor.py:840} INFO - DAG(s) 'example_xcom' retrieved from /home/tejhanagarajan/Projects/small-projects/NewsImpact/venv/lib64/python3.10/site-packages/airflow/example_dags/example_xcom.py
[2025-07-04T12:30:10.370+0530] {logging_mixin.py:188} INFO - [2025-07-04T12:30:10.370+0530] {dag.py:3036} INFO - Sync 1 DAGs
[2025-07-04T12:30:10.378+0530] {logging_mixin.py:188} INFO - [2025-07-04T12:30:10.378+0530] {dag.py:3823} INFO - Setting next_dagrun for example_xcom to 2021-01-01 00:00:00+00:00, run_after=2021-01-01 00:00:00+00:00
[2025-07-04T12:30:10.396+0530] {processor.py:183} INFO - Processing /home/tejhanagarajan/Projects/small-projects/NewsImpact/venv/lib64/python3.10/site-packages/airflow/example_dags/example_xcom.py took 0.044 seconds
[2025-07-04T12:30:48.271+0530] {processor.py:161} INFO - Started process (PID=27128) to work on /home/tejhanagarajan/Projects/small-projects/NewsImpact/venv/lib64/python3.10/site-packages/airflow/example_dags/example_xcom.py
[2025-07-04T12:30:48.275+0530] {processor.py:830} INFO - Processing file /home/tejhanagarajan/Projects/small-projects/NewsImpact/venv/lib64/python3.10/site-packages/airflow/example_dags/example_xcom.py for tasks to queue
[2025-07-04T12:30:48.275+0530] {logging_mixin.py:188} INFO - [2025-07-04T12:30:48.275+0530] {dagbag.py:538} INFO - Filling up the DagBag from /home/tejhanagarajan/Projects/small-projects/NewsImpact/venv/lib64/python3.10/site-packages/airflow/example_dags/example_xcom.py
[2025-07-04T12:30:48.280+0530] {processor.py:840} INFO - DAG(s) 'example_xcom' retrieved from /home/tejhanagarajan/Projects/small-projects/NewsImpact/venv/lib64/python3.10/site-packages/airflow/example_dags/example_xcom.py
[2025-07-04T12:30:48.289+0530] {logging_mixin.py:188} INFO - [2025-07-04T12:30:48.289+0530] {dag.py:3036} INFO - Sync 1 DAGs
[2025-07-04T12:30:48.298+0530] {logging_mixin.py:188} INFO - [2025-07-04T12:30:48.298+0530] {dag.py:3823} INFO - Setting next_dagrun for example_xcom to 2021-01-01 00:00:00+00:00, run_after=2021-01-01 00:00:00+00:00
[2025-07-04T12:30:48.314+0530] {processor.py:183} INFO - Processing /home/tejhanagarajan/Projects/small-projects/NewsImpact/venv/lib64/python3.10/site-packages/airflow/example_dags/example_xcom.py took 0.045 seconds
[2025-07-04T12:33:03.373+0530] {processor.py:161} INFO - Started process (PID=30039) to work on /home/tejhanagarajan/Projects/small-projects/NewsImpact/venv/lib64/python3.10/site-packages/airflow/example_dags/example_xcom.py
[2025-07-04T12:33:03.376+0530] {processor.py:830} INFO - Processing file /home/tejhanagarajan/Projects/small-projects/NewsImpact/venv/lib64/python3.10/site-packages/airflow/example_dags/example_xcom.py for tasks to queue
[2025-07-04T12:33:03.376+0530] {logging_mixin.py:188} INFO - [2025-07-04T12:33:03.376+0530] {dagbag.py:538} INFO - Filling up the DagBag from /home/tejhanagarajan/Projects/small-projects/NewsImpact/venv/lib64/python3.10/site-packages/airflow/example_dags/example_xcom.py
[2025-07-04T12:33:03.381+0530] {processor.py:840} INFO - DAG(s) 'example_xcom' retrieved from /home/tejhanagarajan/Projects/small-projects/NewsImpact/venv/lib64/python3.10/site-packages/airflow/example_dags/example_xcom.py
[2025-07-04T12:33:03.390+0530] {logging_mixin.py:188} INFO - [2025-07-04T12:33:03.390+0530] {dag.py:3036} INFO - Sync 1 DAGs
[2025-07-04T12:33:03.398+0530] {logging_mixin.py:188} INFO - [2025-07-04T12:33:03.398+0530] {dag.py:3823} INFO - Setting next_dagrun for example_xcom to 2021-01-01 00:00:00+00:00, run_after=2021-01-01 00:00:00+00:00
[2025-07-04T12:33:03.415+0530] {processor.py:183} INFO - Processing /home/tejhanagarajan/Projects/small-projects/NewsImpact/venv/lib64/python3.10/site-packages/airflow/example_dags/example_xcom.py took 0.043 seconds
[2025-07-04T12:33:50.833+0530] {processor.py:161} INFO - Started process (PID=30399) to work on /home/tejhanagarajan/Projects/small-projects/NewsImpact/venv/lib64/python3.10/site-packages/airflow/example_dags/example_xcom.py
[2025-07-04T12:33:50.838+0530] {processor.py:830} INFO - Processing file /home/tejhanagarajan/Projects/small-projects/NewsImpact/venv/lib64/python3.10/site-packages/airflow/example_dags/example_xcom.py for tasks to queue
[2025-07-04T12:33:50.840+0530] {logging_mixin.py:188} INFO - [2025-07-04T12:33:50.839+0530] {dagbag.py:538} INFO - Filling up the DagBag from /home/tejhanagarajan/Projects/small-projects/NewsImpact/venv/lib64/python3.10/site-packages/airflow/example_dags/example_xcom.py
[2025-07-04T12:33:50.848+0530] {processor.py:840} INFO - DAG(s) 'example_xcom' retrieved from /home/tejhanagarajan/Projects/small-projects/NewsImpact/venv/lib64/python3.10/site-packages/airflow/example_dags/example_xcom.py
[2025-07-04T12:33:50.855+0530] {logging_mixin.py:188} INFO - [2025-07-04T12:33:50.855+0530] {dag.py:3036} INFO - Sync 1 DAGs
[2025-07-04T12:33:50.863+0530] {logging_mixin.py:188} INFO - [2025-07-04T12:33:50.863+0530] {dag.py:3823} INFO - Setting next_dagrun for example_xcom to 2021-01-01 00:00:00+00:00, run_after=2021-01-01 00:00:00+00:00
[2025-07-04T12:33:50.881+0530] {processor.py:183} INFO - Processing /home/tejhanagarajan/Projects/small-projects/NewsImpact/venv/lib64/python3.10/site-packages/airflow/example_dags/example_xcom.py took 0.050 seconds
[2025-07-04T12:34:36.074+0530] {processor.py:161} INFO - Started process (PID=30972) to work on /home/tejhanagarajan/Projects/small-projects/NewsImpact/venv/lib64/python3.10/site-packages/airflow/example_dags/example_xcom.py
[2025-07-04T12:34:36.076+0530] {processor.py:830} INFO - Processing file /home/tejhanagarajan/Projects/small-projects/NewsImpact/venv/lib64/python3.10/site-packages/airflow/example_dags/example_xcom.py for tasks to queue
[2025-07-04T12:34:36.077+0530] {logging_mixin.py:188} INFO - [2025-07-04T12:34:36.077+0530] {dagbag.py:538} INFO - Filling up the DagBag from /home/tejhanagarajan/Projects/small-projects/NewsImpact/venv/lib64/python3.10/site-packages/airflow/example_dags/example_xcom.py
[2025-07-04T12:34:36.080+0530] {processor.py:840} INFO - DAG(s) 'example_xcom' retrieved from /home/tejhanagarajan/Projects/small-projects/NewsImpact/venv/lib64/python3.10/site-packages/airflow/example_dags/example_xcom.py
[2025-07-04T12:34:36.088+0530] {logging_mixin.py:188} INFO - [2025-07-04T12:34:36.088+0530] {dag.py:3036} INFO - Sync 1 DAGs
[2025-07-04T12:34:36.096+0530] {logging_mixin.py:188} INFO - [2025-07-04T12:34:36.095+0530] {dag.py:3823} INFO - Setting next_dagrun for example_xcom to 2021-01-01 00:00:00+00:00, run_after=2021-01-01 00:00:00+00:00
[2025-07-04T12:34:36.111+0530] {processor.py:183} INFO - Processing /home/tejhanagarajan/Projects/small-projects/NewsImpact/venv/lib64/python3.10/site-packages/airflow/example_dags/example_xcom.py took 0.039 seconds
[2025-07-04T12:35:29.901+0530] {processor.py:161} INFO - Started process (PID=31395) to work on /home/tejhanagarajan/Projects/small-projects/NewsImpact/venv/lib64/python3.10/site-packages/airflow/example_dags/example_xcom.py
[2025-07-04T12:35:29.902+0530] {processor.py:830} INFO - Processing file /home/tejhanagarajan/Projects/small-projects/NewsImpact/venv/lib64/python3.10/site-packages/airflow/example_dags/example_xcom.py for tasks to queue
[2025-07-04T12:35:29.902+0530] {logging_mixin.py:188} INFO - [2025-07-04T12:35:29.902+0530] {dagbag.py:538} INFO - Filling up the DagBag from /home/tejhanagarajan/Projects/small-projects/NewsImpact/venv/lib64/python3.10/site-packages/airflow/example_dags/example_xcom.py
[2025-07-04T12:35:29.906+0530] {processor.py:840} INFO - DAG(s) 'example_xcom' retrieved from /home/tejhanagarajan/Projects/small-projects/NewsImpact/venv/lib64/python3.10/site-packages/airflow/example_dags/example_xcom.py
[2025-07-04T12:35:29.916+0530] {logging_mixin.py:188} INFO - [2025-07-04T12:35:29.916+0530] {dag.py:3036} INFO - Sync 1 DAGs
[2025-07-04T12:35:29.926+0530] {logging_mixin.py:188} INFO - [2025-07-04T12:35:29.926+0530] {dag.py:3823} INFO - Setting next_dagrun for example_xcom to 2021-01-01 00:00:00+00:00, run_after=2021-01-01 00:00:00+00:00
[2025-07-04T12:35:29.944+0530] {processor.py:183} INFO - Processing /home/tejhanagarajan/Projects/small-projects/NewsImpact/venv/lib64/python3.10/site-packages/airflow/example_dags/example_xcom.py took 0.044 seconds
[2025-07-04T12:36:06.916+0530] {processor.py:161} INFO - Started process (PID=31706) to work on /home/tejhanagarajan/Projects/small-projects/NewsImpact/venv/lib64/python3.10/site-packages/airflow/example_dags/example_xcom.py
[2025-07-04T12:36:06.919+0530] {processor.py:830} INFO - Processing file /home/tejhanagarajan/Projects/small-projects/NewsImpact/venv/lib64/python3.10/site-packages/airflow/example_dags/example_xcom.py for tasks to queue
[2025-07-04T12:36:06.920+0530] {logging_mixin.py:188} INFO - [2025-07-04T12:36:06.919+0530] {dagbag.py:538} INFO - Filling up the DagBag from /home/tejhanagarajan/Projects/small-projects/NewsImpact/venv/lib64/python3.10/site-packages/airflow/example_dags/example_xcom.py
[2025-07-04T12:36:06.926+0530] {processor.py:840} INFO - DAG(s) 'example_xcom' retrieved from /home/tejhanagarajan/Projects/small-projects/NewsImpact/venv/lib64/python3.10/site-packages/airflow/example_dags/example_xcom.py
[2025-07-04T12:36:06.935+0530] {logging_mixin.py:188} INFO - [2025-07-04T12:36:06.935+0530] {dag.py:3036} INFO - Sync 1 DAGs
[2025-07-04T12:36:06.943+0530] {logging_mixin.py:188} INFO - [2025-07-04T12:36:06.943+0530] {dag.py:3823} INFO - Setting next_dagrun for example_xcom to 2021-01-01 00:00:00+00:00, run_after=2021-01-01 00:00:00+00:00
[2025-07-04T12:36:06.959+0530] {processor.py:183} INFO - Processing /home/tejhanagarajan/Projects/small-projects/NewsImpact/venv/lib64/python3.10/site-packages/airflow/example_dags/example_xcom.py took 0.046 seconds
[2025-07-04T12:36:43.580+0530] {processor.py:161} INFO - Started process (PID=32112) to work on /home/tejhanagarajan/Projects/small-projects/NewsImpact/venv/lib64/python3.10/site-packages/airflow/example_dags/example_xcom.py
[2025-07-04T12:36:43.583+0530] {processor.py:830} INFO - Processing file /home/tejhanagarajan/Projects/small-projects/NewsImpact/venv/lib64/python3.10/site-packages/airflow/example_dags/example_xcom.py for tasks to queue
[2025-07-04T12:36:43.583+0530] {logging_mixin.py:188} INFO - [2025-07-04T12:36:43.583+0530] {dagbag.py:538} INFO - Filling up the DagBag from /home/tejhanagarajan/Projects/small-projects/NewsImpact/venv/lib64/python3.10/site-packages/airflow/example_dags/example_xcom.py
[2025-07-04T12:36:43.587+0530] {processor.py:840} INFO - DAG(s) 'example_xcom' retrieved from /home/tejhanagarajan/Projects/small-projects/NewsImpact/venv/lib64/python3.10/site-packages/airflow/example_dags/example_xcom.py
[2025-07-04T12:36:43.593+0530] {logging_mixin.py:188} INFO - [2025-07-04T12:36:43.593+0530] {dag.py:3036} INFO - Sync 1 DAGs
[2025-07-04T12:36:43.601+0530] {logging_mixin.py:188} INFO - [2025-07-04T12:36:43.601+0530] {dag.py:3823} INFO - Setting next_dagrun for example_xcom to 2021-01-01 00:00:00+00:00, run_after=2021-01-01 00:00:00+00:00
[2025-07-04T12:36:43.617+0530] {processor.py:183} INFO - Processing /home/tejhanagarajan/Projects/small-projects/NewsImpact/venv/lib64/python3.10/site-packages/airflow/example_dags/example_xcom.py took 0.038 seconds
[2025-07-04T12:37:28.036+0530] {processor.py:161} INFO - Started process (PID=32423) to work on /home/tejhanagarajan/Projects/small-projects/NewsImpact/venv/lib64/python3.10/site-packages/airflow/example_dags/example_xcom.py
[2025-07-04T12:37:28.038+0530] {processor.py:830} INFO - Processing file /home/tejhanagarajan/Projects/small-projects/NewsImpact/venv/lib64/python3.10/site-packages/airflow/example_dags/example_xcom.py for tasks to queue
[2025-07-04T12:37:28.039+0530] {logging_mixin.py:188} INFO - [2025-07-04T12:37:28.038+0530] {dagbag.py:538} INFO - Filling up the DagBag from /home/tejhanagarajan/Projects/small-projects/NewsImpact/venv/lib64/python3.10/site-packages/airflow/example_dags/example_xcom.py
[2025-07-04T12:37:28.042+0530] {processor.py:840} INFO - DAG(s) 'example_xcom' retrieved from /home/tejhanagarajan/Projects/small-projects/NewsImpact/venv/lib64/python3.10/site-packages/airflow/example_dags/example_xcom.py
[2025-07-04T12:37:28.049+0530] {logging_mixin.py:188} INFO - [2025-07-04T12:37:28.049+0530] {dag.py:3036} INFO - Sync 1 DAGs
[2025-07-04T12:37:28.057+0530] {logging_mixin.py:188} INFO - [2025-07-04T12:37:28.056+0530] {dag.py:3823} INFO - Setting next_dagrun for example_xcom to 2021-01-01 00:00:00+00:00, run_after=2021-01-01 00:00:00+00:00
[2025-07-04T12:37:28.072+0530] {processor.py:183} INFO - Processing /home/tejhanagarajan/Projects/small-projects/NewsImpact/venv/lib64/python3.10/site-packages/airflow/example_dags/example_xcom.py took 0.038 seconds
[2025-07-04T12:38:04.234+0530] {processor.py:161} INFO - Started process (PID=34714) to work on /home/tejhanagarajan/Projects/small-projects/NewsImpact/venv/lib64/python3.10/site-packages/airflow/example_dags/example_xcom.py
[2025-07-04T12:38:04.236+0530] {processor.py:830} INFO - Processing file /home/tejhanagarajan/Projects/small-projects/NewsImpact/venv/lib64/python3.10/site-packages/airflow/example_dags/example_xcom.py for tasks to queue
[2025-07-04T12:38:04.236+0530] {logging_mixin.py:188} INFO - [2025-07-04T12:38:04.236+0530] {dagbag.py:538} INFO - Filling up the DagBag from /home/tejhanagarajan/Projects/small-projects/NewsImpact/venv/lib64/python3.10/site-packages/airflow/example_dags/example_xcom.py
[2025-07-04T12:38:04.240+0530] {processor.py:840} INFO - DAG(s) 'example_xcom' retrieved from /home/tejhanagarajan/Projects/small-projects/NewsImpact/venv/lib64/python3.10/site-packages/airflow/example_dags/example_xcom.py
[2025-07-04T12:38:04.248+0530] {logging_mixin.py:188} INFO - [2025-07-04T12:38:04.248+0530] {dag.py:3036} INFO - Sync 1 DAGs
[2025-07-04T12:38:04.257+0530] {logging_mixin.py:188} INFO - [2025-07-04T12:38:04.257+0530] {dag.py:3823} INFO - Setting next_dagrun for example_xcom to 2021-01-01 00:00:00+00:00, run_after=2021-01-01 00:00:00+00:00
[2025-07-04T12:38:04.275+0530] {processor.py:183} INFO - Processing /home/tejhanagarajan/Projects/small-projects/NewsImpact/venv/lib64/python3.10/site-packages/airflow/example_dags/example_xcom.py took 0.043 seconds
[2025-07-04T12:38:05.428+0530] {processor.py:161} INFO - Started process (PID=34728) to work on /home/tejhanagarajan/Projects/small-projects/NewsImpact/venv/lib64/python3.10/site-packages/airflow/example_dags/example_xcom.py
[2025-07-04T12:38:05.429+0530] {processor.py:830} INFO - Processing file /home/tejhanagarajan/Projects/small-projects/NewsImpact/venv/lib64/python3.10/site-packages/airflow/example_dags/example_xcom.py for tasks to queue
[2025-07-04T12:38:05.429+0530] {logging_mixin.py:188} INFO - [2025-07-04T12:38:05.429+0530] {dagbag.py:538} INFO - Filling up the DagBag from /home/tejhanagarajan/Projects/small-projects/NewsImpact/venv/lib64/python3.10/site-packages/airflow/example_dags/example_xcom.py
[2025-07-04T12:38:05.434+0530] {processor.py:840} INFO - DAG(s) 'example_xcom' retrieved from /home/tejhanagarajan/Projects/small-projects/NewsImpact/venv/lib64/python3.10/site-packages/airflow/example_dags/example_xcom.py
[2025-07-04T12:38:05.443+0530] {logging_mixin.py:188} INFO - [2025-07-04T12:38:05.443+0530] {dag.py:3036} INFO - Sync 1 DAGs
[2025-07-04T12:38:05.451+0530] {logging_mixin.py:188} INFO - [2025-07-04T12:38:05.451+0530] {dag.py:3823} INFO - Setting next_dagrun for example_xcom to 2021-01-01 00:00:00+00:00, run_after=2021-01-01 00:00:00+00:00
[2025-07-04T12:38:05.467+0530] {processor.py:183} INFO - Processing /home/tejhanagarajan/Projects/small-projects/NewsImpact/venv/lib64/python3.10/site-packages/airflow/example_dags/example_xcom.py took 0.040 seconds
[2025-07-04T12:38:39.965+0530] {processor.py:161} INFO - Started process (PID=35017) to work on /home/tejhanagarajan/Projects/small-projects/NewsImpact/venv/lib64/python3.10/site-packages/airflow/example_dags/example_xcom.py
[2025-07-04T12:38:39.967+0530] {processor.py:830} INFO - Processing file /home/tejhanagarajan/Projects/small-projects/NewsImpact/venv/lib64/python3.10/site-packages/airflow/example_dags/example_xcom.py for tasks to queue
[2025-07-04T12:38:39.967+0530] {logging_mixin.py:188} INFO - [2025-07-04T12:38:39.967+0530] {dagbag.py:538} INFO - Filling up the DagBag from /home/tejhanagarajan/Projects/small-projects/NewsImpact/venv/lib64/python3.10/site-packages/airflow/example_dags/example_xcom.py
[2025-07-04T12:38:39.971+0530] {processor.py:840} INFO - DAG(s) 'example_xcom' retrieved from /home/tejhanagarajan/Projects/small-projects/NewsImpact/venv/lib64/python3.10/site-packages/airflow/example_dags/example_xcom.py
[2025-07-04T12:38:39.978+0530] {logging_mixin.py:188} INFO - [2025-07-04T12:38:39.978+0530] {dag.py:3036} INFO - Sync 1 DAGs
[2025-07-04T12:38:39.986+0530] {logging_mixin.py:188} INFO - [2025-07-04T12:38:39.986+0530] {dag.py:3823} INFO - Setting next_dagrun for example_xcom to 2021-01-01 00:00:00+00:00, run_after=2021-01-01 00:00:00+00:00
[2025-07-04T12:38:40.004+0530] {processor.py:183} INFO - Processing /home/tejhanagarajan/Projects/small-projects/NewsImpact/venv/lib64/python3.10/site-packages/airflow/example_dags/example_xcom.py took 0.041 seconds
[2025-07-04T12:38:52.969+0530] {processor.py:161} INFO - Started process (PID=35137) to work on /home/tejhanagarajan/Projects/small-projects/NewsImpact/venv/lib64/python3.10/site-packages/airflow/example_dags/example_xcom.py
[2025-07-04T12:38:52.971+0530] {processor.py:830} INFO - Processing file /home/tejhanagarajan/Projects/small-projects/NewsImpact/venv/lib64/python3.10/site-packages/airflow/example_dags/example_xcom.py for tasks to queue
[2025-07-04T12:38:52.971+0530] {logging_mixin.py:188} INFO - [2025-07-04T12:38:52.971+0530] {dagbag.py:538} INFO - Filling up the DagBag from /home/tejhanagarajan/Projects/small-projects/NewsImpact/venv/lib64/python3.10/site-packages/airflow/example_dags/example_xcom.py
[2025-07-04T12:38:52.975+0530] {processor.py:840} INFO - DAG(s) 'example_xcom' retrieved from /home/tejhanagarajan/Projects/small-projects/NewsImpact/venv/lib64/python3.10/site-packages/airflow/example_dags/example_xcom.py
[2025-07-04T12:38:52.983+0530] {logging_mixin.py:188} INFO - [2025-07-04T12:38:52.983+0530] {dag.py:3036} INFO - Sync 1 DAGs
[2025-07-04T12:38:52.991+0530] {logging_mixin.py:188} INFO - [2025-07-04T12:38:52.991+0530] {dag.py:3823} INFO - Setting next_dagrun for example_xcom to 2021-01-01 00:00:00+00:00, run_after=2021-01-01 00:00:00+00:00
[2025-07-04T12:38:53.007+0530] {processor.py:183} INFO - Processing /home/tejhanagarajan/Projects/small-projects/NewsImpact/venv/lib64/python3.10/site-packages/airflow/example_dags/example_xcom.py took 0.040 seconds
[2025-07-04T12:39:31.769+0530] {processor.py:161} INFO - Started process (PID=35500) to work on /home/tejhanagarajan/Projects/small-projects/NewsImpact/venv/lib64/python3.10/site-packages/airflow/example_dags/example_xcom.py
[2025-07-04T12:39:31.769+0530] {processor.py:830} INFO - Processing file /home/tejhanagarajan/Projects/small-projects/NewsImpact/venv/lib64/python3.10/site-packages/airflow/example_dags/example_xcom.py for tasks to queue
[2025-07-04T12:39:31.770+0530] {logging_mixin.py:188} INFO - [2025-07-04T12:39:31.770+0530] {dagbag.py:538} INFO - Filling up the DagBag from /home/tejhanagarajan/Projects/small-projects/NewsImpact/venv/lib64/python3.10/site-packages/airflow/example_dags/example_xcom.py
[2025-07-04T12:39:31.774+0530] {processor.py:840} INFO - DAG(s) 'example_xcom' retrieved from /home/tejhanagarajan/Projects/small-projects/NewsImpact/venv/lib64/python3.10/site-packages/airflow/example_dags/example_xcom.py
[2025-07-04T12:39:31.781+0530] {logging_mixin.py:188} INFO - [2025-07-04T12:39:31.781+0530] {dag.py:3036} INFO - Sync 1 DAGs
[2025-07-04T12:39:31.789+0530] {logging_mixin.py:188} INFO - [2025-07-04T12:39:31.789+0530] {dag.py:3823} INFO - Setting next_dagrun for example_xcom to 2021-01-01 00:00:00+00:00, run_after=2021-01-01 00:00:00+00:00
[2025-07-04T12:39:31.807+0530] {processor.py:183} INFO - Processing /home/tejhanagarajan/Projects/small-projects/NewsImpact/venv/lib64/python3.10/site-packages/airflow/example_dags/example_xcom.py took 0.040 seconds
[2025-07-04T12:39:39.289+0530] {processor.py:161} INFO - Started process (PID=35560) to work on /home/tejhanagarajan/Projects/small-projects/NewsImpact/venv/lib64/python3.10/site-packages/airflow/example_dags/example_xcom.py
[2025-07-04T12:39:39.290+0530] {processor.py:830} INFO - Processing file /home/tejhanagarajan/Projects/small-projects/NewsImpact/venv/lib64/python3.10/site-packages/airflow/example_dags/example_xcom.py for tasks to queue
[2025-07-04T12:39:39.291+0530] {logging_mixin.py:188} INFO - [2025-07-04T12:39:39.290+0530] {dagbag.py:538} INFO - Filling up the DagBag from /home/tejhanagarajan/Projects/small-projects/NewsImpact/venv/lib64/python3.10/site-packages/airflow/example_dags/example_xcom.py
[2025-07-04T12:39:39.296+0530] {processor.py:840} INFO - DAG(s) 'example_xcom' retrieved from /home/tejhanagarajan/Projects/small-projects/NewsImpact/venv/lib64/python3.10/site-packages/airflow/example_dags/example_xcom.py
[2025-07-04T12:39:39.303+0530] {logging_mixin.py:188} INFO - [2025-07-04T12:39:39.303+0530] {dag.py:3036} INFO - Sync 1 DAGs
[2025-07-04T12:39:39.311+0530] {logging_mixin.py:188} INFO - [2025-07-04T12:39:39.311+0530] {dag.py:3823} INFO - Setting next_dagrun for example_xcom to 2021-01-01 00:00:00+00:00, run_after=2021-01-01 00:00:00+00:00
[2025-07-04T12:39:39.327+0530] {processor.py:183} INFO - Processing /home/tejhanagarajan/Projects/small-projects/NewsImpact/venv/lib64/python3.10/site-packages/airflow/example_dags/example_xcom.py took 0.042 seconds
[2025-07-04T12:42:06.519+0530] {processor.py:161} INFO - Started process (PID=37838) to work on /home/tejhanagarajan/Projects/small-projects/NewsImpact/venv/lib64/python3.10/site-packages/airflow/example_dags/example_xcom.py
[2025-07-04T12:42:06.520+0530] {processor.py:830} INFO - Processing file /home/tejhanagarajan/Projects/small-projects/NewsImpact/venv/lib64/python3.10/site-packages/airflow/example_dags/example_xcom.py for tasks to queue
[2025-07-04T12:42:06.521+0530] {logging_mixin.py:188} INFO - [2025-07-04T12:42:06.520+0530] {dagbag.py:538} INFO - Filling up the DagBag from /home/tejhanagarajan/Projects/small-projects/NewsImpact/venv/lib64/python3.10/site-packages/airflow/example_dags/example_xcom.py
[2025-07-04T12:42:06.526+0530] {processor.py:840} INFO - DAG(s) 'example_xcom' retrieved from /home/tejhanagarajan/Projects/small-projects/NewsImpact/venv/lib64/python3.10/site-packages/airflow/example_dags/example_xcom.py
[2025-07-04T12:42:06.536+0530] {logging_mixin.py:188} INFO - [2025-07-04T12:42:06.536+0530] {dag.py:3036} INFO - Sync 1 DAGs
[2025-07-04T12:42:06.544+0530] {logging_mixin.py:188} INFO - [2025-07-04T12:42:06.544+0530] {dag.py:3823} INFO - Setting next_dagrun for example_xcom to 2021-01-01 00:00:00+00:00, run_after=2021-01-01 00:00:00+00:00
[2025-07-04T12:42:06.560+0530] {processor.py:183} INFO - Processing /home/tejhanagarajan/Projects/small-projects/NewsImpact/venv/lib64/python3.10/site-packages/airflow/example_dags/example_xcom.py took 0.043 seconds
[2025-07-04T12:42:53.812+0530] {processor.py:161} INFO - Started process (PID=38185) to work on /home/tejhanagarajan/Projects/small-projects/NewsImpact/venv/lib64/python3.10/site-packages/airflow/example_dags/example_xcom.py
[2025-07-04T12:42:53.814+0530] {processor.py:830} INFO - Processing file /home/tejhanagarajan/Projects/small-projects/NewsImpact/venv/lib64/python3.10/site-packages/airflow/example_dags/example_xcom.py for tasks to queue
[2025-07-04T12:42:53.815+0530] {logging_mixin.py:188} INFO - [2025-07-04T12:42:53.814+0530] {dagbag.py:538} INFO - Filling up the DagBag from /home/tejhanagarajan/Projects/small-projects/NewsImpact/venv/lib64/python3.10/site-packages/airflow/example_dags/example_xcom.py
[2025-07-04T12:42:53.819+0530] {processor.py:840} INFO - DAG(s) 'example_xcom' retrieved from /home/tejhanagarajan/Projects/small-projects/NewsImpact/venv/lib64/python3.10/site-packages/airflow/example_dags/example_xcom.py
[2025-07-04T12:42:53.826+0530] {logging_mixin.py:188} INFO - [2025-07-04T12:42:53.826+0530] {dag.py:3036} INFO - Sync 1 DAGs
[2025-07-04T12:42:53.834+0530] {logging_mixin.py:188} INFO - [2025-07-04T12:42:53.834+0530] {dag.py:3823} INFO - Setting next_dagrun for example_xcom to 2021-01-01 00:00:00+00:00, run_after=2021-01-01 00:00:00+00:00
[2025-07-04T12:42:53.850+0530] {processor.py:183} INFO - Processing /home/tejhanagarajan/Projects/small-projects/NewsImpact/venv/lib64/python3.10/site-packages/airflow/example_dags/example_xcom.py took 0.041 seconds
[2025-07-04T12:43:41.207+0530] {processor.py:161} INFO - Started process (PID=38568) to work on /home/tejhanagarajan/Projects/small-projects/NewsImpact/venv/lib64/python3.10/site-packages/airflow/example_dags/example_xcom.py
[2025-07-04T12:43:41.209+0530] {processor.py:830} INFO - Processing file /home/tejhanagarajan/Projects/small-projects/NewsImpact/venv/lib64/python3.10/site-packages/airflow/example_dags/example_xcom.py for tasks to queue
[2025-07-04T12:43:41.210+0530] {logging_mixin.py:188} INFO - [2025-07-04T12:43:41.210+0530] {dagbag.py:538} INFO - Filling up the DagBag from /home/tejhanagarajan/Projects/small-projects/NewsImpact/venv/lib64/python3.10/site-packages/airflow/example_dags/example_xcom.py
[2025-07-04T12:43:41.215+0530] {processor.py:840} INFO - DAG(s) 'example_xcom' retrieved from /home/tejhanagarajan/Projects/small-projects/NewsImpact/venv/lib64/python3.10/site-packages/airflow/example_dags/example_xcom.py
[2025-07-04T12:43:41.224+0530] {logging_mixin.py:188} INFO - [2025-07-04T12:43:41.224+0530] {dag.py:3036} INFO - Sync 1 DAGs
[2025-07-04T12:43:41.233+0530] {logging_mixin.py:188} INFO - [2025-07-04T12:43:41.233+0530] {dag.py:3823} INFO - Setting next_dagrun for example_xcom to 2021-01-01 00:00:00+00:00, run_after=2021-01-01 00:00:00+00:00
[2025-07-04T12:43:41.250+0530] {processor.py:183} INFO - Processing /home/tejhanagarajan/Projects/small-projects/NewsImpact/venv/lib64/python3.10/site-packages/airflow/example_dags/example_xcom.py took 0.045 seconds
[2025-07-04T12:44:31.872+0530] {processor.py:161} INFO - Started process (PID=38945) to work on /home/tejhanagarajan/Projects/small-projects/NewsImpact/venv/lib64/python3.10/site-packages/airflow/example_dags/example_xcom.py
[2025-07-04T12:44:31.873+0530] {processor.py:830} INFO - Processing file /home/tejhanagarajan/Projects/small-projects/NewsImpact/venv/lib64/python3.10/site-packages/airflow/example_dags/example_xcom.py for tasks to queue
[2025-07-04T12:44:31.873+0530] {logging_mixin.py:188} INFO - [2025-07-04T12:44:31.873+0530] {dagbag.py:538} INFO - Filling up the DagBag from /home/tejhanagarajan/Projects/small-projects/NewsImpact/venv/lib64/python3.10/site-packages/airflow/example_dags/example_xcom.py
[2025-07-04T12:44:31.877+0530] {processor.py:840} INFO - DAG(s) 'example_xcom' retrieved from /home/tejhanagarajan/Projects/small-projects/NewsImpact/venv/lib64/python3.10/site-packages/airflow/example_dags/example_xcom.py
[2025-07-04T12:44:31.884+0530] {logging_mixin.py:188} INFO - [2025-07-04T12:44:31.884+0530] {dag.py:3036} INFO - Sync 1 DAGs
[2025-07-04T12:44:31.891+0530] {logging_mixin.py:188} INFO - [2025-07-04T12:44:31.891+0530] {dag.py:3823} INFO - Setting next_dagrun for example_xcom to 2021-01-01 00:00:00+00:00, run_after=2021-01-01 00:00:00+00:00
[2025-07-04T12:44:31.907+0530] {processor.py:183} INFO - Processing /home/tejhanagarajan/Projects/small-projects/NewsImpact/venv/lib64/python3.10/site-packages/airflow/example_dags/example_xcom.py took 0.037 seconds
[2025-07-04T12:45:09.030+0530] {processor.py:161} INFO - Started process (PID=39213) to work on /home/tejhanagarajan/Projects/small-projects/NewsImpact/venv/lib64/python3.10/site-packages/airflow/example_dags/example_xcom.py
[2025-07-04T12:45:09.032+0530] {processor.py:830} INFO - Processing file /home/tejhanagarajan/Projects/small-projects/NewsImpact/venv/lib64/python3.10/site-packages/airflow/example_dags/example_xcom.py for tasks to queue
[2025-07-04T12:45:09.032+0530] {logging_mixin.py:188} INFO - [2025-07-04T12:45:09.032+0530] {dagbag.py:538} INFO - Filling up the DagBag from /home/tejhanagarajan/Projects/small-projects/NewsImpact/venv/lib64/python3.10/site-packages/airflow/example_dags/example_xcom.py
[2025-07-04T12:45:09.036+0530] {processor.py:840} INFO - DAG(s) 'example_xcom' retrieved from /home/tejhanagarajan/Projects/small-projects/NewsImpact/venv/lib64/python3.10/site-packages/airflow/example_dags/example_xcom.py
[2025-07-04T12:45:09.043+0530] {logging_mixin.py:188} INFO - [2025-07-04T12:45:09.042+0530] {dag.py:3036} INFO - Sync 1 DAGs
[2025-07-04T12:45:09.050+0530] {logging_mixin.py:188} INFO - [2025-07-04T12:45:09.050+0530] {dag.py:3823} INFO - Setting next_dagrun for example_xcom to 2021-01-01 00:00:00+00:00, run_after=2021-01-01 00:00:00+00:00
[2025-07-04T12:45:09.067+0530] {processor.py:183} INFO - Processing /home/tejhanagarajan/Projects/small-projects/NewsImpact/venv/lib64/python3.10/site-packages/airflow/example_dags/example_xcom.py took 0.039 seconds
[2025-07-04T12:45:44.609+0530] {processor.py:161} INFO - Started process (PID=39474) to work on /home/tejhanagarajan/Projects/small-projects/NewsImpact/venv/lib64/python3.10/site-packages/airflow/example_dags/example_xcom.py
[2025-07-04T12:45:44.612+0530] {processor.py:830} INFO - Processing file /home/tejhanagarajan/Projects/small-projects/NewsImpact/venv/lib64/python3.10/site-packages/airflow/example_dags/example_xcom.py for tasks to queue
[2025-07-04T12:45:44.613+0530] {logging_mixin.py:188} INFO - [2025-07-04T12:45:44.612+0530] {dagbag.py:538} INFO - Filling up the DagBag from /home/tejhanagarajan/Projects/small-projects/NewsImpact/venv/lib64/python3.10/site-packages/airflow/example_dags/example_xcom.py
[2025-07-04T12:45:44.620+0530] {processor.py:840} INFO - DAG(s) 'example_xcom' retrieved from /home/tejhanagarajan/Projects/small-projects/NewsImpact/venv/lib64/python3.10/site-packages/airflow/example_dags/example_xcom.py
[2025-07-04T12:45:44.627+0530] {logging_mixin.py:188} INFO - [2025-07-04T12:45:44.627+0530] {dag.py:3036} INFO - Sync 1 DAGs
[2025-07-04T12:45:44.635+0530] {logging_mixin.py:188} INFO - [2025-07-04T12:45:44.634+0530] {dag.py:3823} INFO - Setting next_dagrun for example_xcom to 2021-01-01 00:00:00+00:00, run_after=2021-01-01 00:00:00+00:00
[2025-07-04T12:45:44.652+0530] {processor.py:183} INFO - Processing /home/tejhanagarajan/Projects/small-projects/NewsImpact/venv/lib64/python3.10/site-packages/airflow/example_dags/example_xcom.py took 0.046 seconds
[2025-07-04T12:46:21.132+0530] {processor.py:161} INFO - Started process (PID=39725) to work on /home/tejhanagarajan/Projects/small-projects/NewsImpact/venv/lib64/python3.10/site-packages/airflow/example_dags/example_xcom.py
[2025-07-04T12:46:21.134+0530] {processor.py:830} INFO - Processing file /home/tejhanagarajan/Projects/small-projects/NewsImpact/venv/lib64/python3.10/site-packages/airflow/example_dags/example_xcom.py for tasks to queue
[2025-07-04T12:46:21.134+0530] {logging_mixin.py:188} INFO - [2025-07-04T12:46:21.134+0530] {dagbag.py:538} INFO - Filling up the DagBag from /home/tejhanagarajan/Projects/small-projects/NewsImpact/venv/lib64/python3.10/site-packages/airflow/example_dags/example_xcom.py
[2025-07-04T12:46:21.138+0530] {processor.py:840} INFO - DAG(s) 'example_xcom' retrieved from /home/tejhanagarajan/Projects/small-projects/NewsImpact/venv/lib64/python3.10/site-packages/airflow/example_dags/example_xcom.py
[2025-07-04T12:46:21.144+0530] {logging_mixin.py:188} INFO - [2025-07-04T12:46:21.144+0530] {dag.py:3036} INFO - Sync 1 DAGs
[2025-07-04T12:46:21.152+0530] {logging_mixin.py:188} INFO - [2025-07-04T12:46:21.152+0530] {dag.py:3823} INFO - Setting next_dagrun for example_xcom to 2021-01-01 00:00:00+00:00, run_after=2021-01-01 00:00:00+00:00
[2025-07-04T12:46:21.167+0530] {processor.py:183} INFO - Processing /home/tejhanagarajan/Projects/small-projects/NewsImpact/venv/lib64/python3.10/site-packages/airflow/example_dags/example_xcom.py took 0.037 seconds
[2025-07-04T12:47:12.954+0530] {processor.py:161} INFO - Started process (PID=40112) to work on /home/tejhanagarajan/Projects/small-projects/NewsImpact/venv/lib64/python3.10/site-packages/airflow/example_dags/example_xcom.py
[2025-07-04T12:47:12.956+0530] {processor.py:830} INFO - Processing file /home/tejhanagarajan/Projects/small-projects/NewsImpact/venv/lib64/python3.10/site-packages/airflow/example_dags/example_xcom.py for tasks to queue
[2025-07-04T12:47:12.957+0530] {logging_mixin.py:188} INFO - [2025-07-04T12:47:12.957+0530] {dagbag.py:538} INFO - Filling up the DagBag from /home/tejhanagarajan/Projects/small-projects/NewsImpact/venv/lib64/python3.10/site-packages/airflow/example_dags/example_xcom.py
[2025-07-04T12:47:12.961+0530] {processor.py:840} INFO - DAG(s) 'example_xcom' retrieved from /home/tejhanagarajan/Projects/small-projects/NewsImpact/venv/lib64/python3.10/site-packages/airflow/example_dags/example_xcom.py
[2025-07-04T12:47:12.968+0530] {logging_mixin.py:188} INFO - [2025-07-04T12:47:12.968+0530] {dag.py:3036} INFO - Sync 1 DAGs
[2025-07-04T12:47:12.977+0530] {logging_mixin.py:188} INFO - [2025-07-04T12:47:12.977+0530] {dag.py:3823} INFO - Setting next_dagrun for example_xcom to 2021-01-01 00:00:00+00:00, run_after=2021-01-01 00:00:00+00:00
[2025-07-04T12:47:12.992+0530] {processor.py:183} INFO - Processing /home/tejhanagarajan/Projects/small-projects/NewsImpact/venv/lib64/python3.10/site-packages/airflow/example_dags/example_xcom.py took 0.040 seconds
[2025-07-04T12:47:48.480+0530] {processor.py:161} INFO - Started process (PID=40366) to work on /home/tejhanagarajan/Projects/small-projects/NewsImpact/venv/lib64/python3.10/site-packages/airflow/example_dags/example_xcom.py
[2025-07-04T12:47:48.483+0530] {processor.py:830} INFO - Processing file /home/tejhanagarajan/Projects/small-projects/NewsImpact/venv/lib64/python3.10/site-packages/airflow/example_dags/example_xcom.py for tasks to queue
[2025-07-04T12:47:48.484+0530] {logging_mixin.py:188} INFO - [2025-07-04T12:47:48.484+0530] {dagbag.py:538} INFO - Filling up the DagBag from /home/tejhanagarajan/Projects/small-projects/NewsImpact/venv/lib64/python3.10/site-packages/airflow/example_dags/example_xcom.py
[2025-07-04T12:47:48.490+0530] {processor.py:840} INFO - DAG(s) 'example_xcom' retrieved from /home/tejhanagarajan/Projects/small-projects/NewsImpact/venv/lib64/python3.10/site-packages/airflow/example_dags/example_xcom.py
[2025-07-04T12:47:48.500+0530] {logging_mixin.py:188} INFO - [2025-07-04T12:47:48.500+0530] {dag.py:3036} INFO - Sync 1 DAGs
[2025-07-04T12:47:48.509+0530] {logging_mixin.py:188} INFO - [2025-07-04T12:47:48.509+0530] {dag.py:3823} INFO - Setting next_dagrun for example_xcom to 2021-01-01 00:00:00+00:00, run_after=2021-01-01 00:00:00+00:00
[2025-07-04T12:47:48.525+0530] {processor.py:183} INFO - Processing /home/tejhanagarajan/Projects/small-projects/NewsImpact/venv/lib64/python3.10/site-packages/airflow/example_dags/example_xcom.py took 0.048 seconds
