[2025-07-04T12:26:50.339+0530] {processor.py:161} INFO - Started process (PID=25267) to work on /home/tejhanagarajan/Projects/small-projects/NewsImpact/venv/lib64/python3.10/site-packages/airflow/example_dags/example_sensor_decorator.py
[2025-07-04T12:26:50.339+0530] {processor.py:830} INFO - Processing file /home/tejhanagarajan/Projects/small-projects/NewsImpact/venv/lib64/python3.10/site-packages/airflow/example_dags/example_sensor_decorator.py for tasks to queue
[2025-07-04T12:26:50.340+0530] {logging_mixin.py:188} INFO - [2025-07-04T12:26:50.339+0530] {dagbag.py:538} INFO - Filling up the DagBag from /home/tejhanagarajan/Projects/small-projects/NewsImpact/venv/lib64/python3.10/site-packages/airflow/example_dags/example_sensor_decorator.py
[2025-07-04T12:26:50.343+0530] {processor.py:840} INFO - DAG(s) 'example_sensor_decorator' retrieved from /home/tejhanagarajan/Projects/small-projects/NewsImpact/venv/lib64/python3.10/site-packages/airflow/example_dags/example_sensor_decorator.py
[2025-07-04T12:26:50.400+0530] {logging_mixin.py:188} INFO - [2025-07-04T12:26:50.400+0530] {override.py:1769} INFO - Created Permission View: can read on DAG:example_sensor_decorator
[2025-07-04T12:26:50.413+0530] {logging_mixin.py:188} INFO - [2025-07-04T12:26:50.413+0530] {override.py:1769} INFO - Created Permission View: can edit on DAG:example_sensor_decorator
[2025-07-04T12:26:50.422+0530] {logging_mixin.py:188} INFO - [2025-07-04T12:26:50.422+0530] {override.py:1769} INFO - Created Permission View: can delete on DAG:example_sensor_decorator
[2025-07-04T12:26:50.423+0530] {logging_mixin.py:188} INFO - [2025-07-04T12:26:50.423+0530] {dag.py:3036} INFO - Sync 1 DAGs
[2025-07-04T12:26:50.427+0530] {logging_mixin.py:188} INFO - [2025-07-04T12:26:50.427+0530] {dag.py:3058} INFO - Creating ORM DAG for example_sensor_decorator
[2025-07-04T12:26:50.428+0530] {logging_mixin.py:188} INFO - [2025-07-04T12:26:50.427+0530] {dag.py:3823} INFO - Setting next_dagrun for example_sensor_decorator to None, run_after=None
[2025-07-04T12:26:50.445+0530] {processor.py:183} INFO - Processing /home/tejhanagarajan/Projects/small-projects/NewsImpact/venv/lib64/python3.10/site-packages/airflow/example_dags/example_sensor_decorator.py took 0.108 seconds
[2025-07-04T12:27:40.485+0530] {processor.py:161} INFO - Started process (PID=25642) to work on /home/tejhanagarajan/Projects/small-projects/NewsImpact/venv/lib64/python3.10/site-packages/airflow/example_dags/example_sensor_decorator.py
[2025-07-04T12:27:40.486+0530] {processor.py:830} INFO - Processing file /home/tejhanagarajan/Projects/small-projects/NewsImpact/venv/lib64/python3.10/site-packages/airflow/example_dags/example_sensor_decorator.py for tasks to queue
[2025-07-04T12:27:40.487+0530] {logging_mixin.py:188} INFO - [2025-07-04T12:27:40.486+0530] {dagbag.py:538} INFO - Filling up the DagBag from /home/tejhanagarajan/Projects/small-projects/NewsImpact/venv/lib64/python3.10/site-packages/airflow/example_dags/example_sensor_decorator.py
[2025-07-04T12:27:40.490+0530] {processor.py:840} INFO - DAG(s) 'example_sensor_decorator' retrieved from /home/tejhanagarajan/Projects/small-projects/NewsImpact/venv/lib64/python3.10/site-packages/airflow/example_dags/example_sensor_decorator.py
[2025-07-04T12:27:40.497+0530] {logging_mixin.py:188} INFO - [2025-07-04T12:27:40.497+0530] {dag.py:3036} INFO - Sync 1 DAGs
[2025-07-04T12:27:40.501+0530] {logging_mixin.py:188} INFO - [2025-07-04T12:27:40.501+0530] {dag.py:3823} INFO - Setting next_dagrun for example_sensor_decorator to None, run_after=None
[2025-07-04T12:27:40.520+0530] {processor.py:183} INFO - Processing /home/tejhanagarajan/Projects/small-projects/NewsImpact/venv/lib64/python3.10/site-packages/airflow/example_dags/example_sensor_decorator.py took 0.037 seconds
[2025-07-04T12:28:28.291+0530] {processor.py:161} INFO - Started process (PID=26046) to work on /home/tejhanagarajan/Projects/small-projects/NewsImpact/venv/lib64/python3.10/site-packages/airflow/example_dags/example_sensor_decorator.py
[2025-07-04T12:28:28.291+0530] {processor.py:830} INFO - Processing file /home/tejhanagarajan/Projects/small-projects/NewsImpact/venv/lib64/python3.10/site-packages/airflow/example_dags/example_sensor_decorator.py for tasks to queue
[2025-07-04T12:28:28.292+0530] {logging_mixin.py:188} INFO - [2025-07-04T12:28:28.292+0530] {dagbag.py:538} INFO - Filling up the DagBag from /home/tejhanagarajan/Projects/small-projects/NewsImpact/venv/lib64/python3.10/site-packages/airflow/example_dags/example_sensor_decorator.py
[2025-07-04T12:28:28.297+0530] {processor.py:840} INFO - DAG(s) 'example_sensor_decorator' retrieved from /home/tejhanagarajan/Projects/small-projects/NewsImpact/venv/lib64/python3.10/site-packages/airflow/example_dags/example_sensor_decorator.py
[2025-07-04T12:28:28.304+0530] {logging_mixin.py:188} INFO - [2025-07-04T12:28:28.304+0530] {dag.py:3036} INFO - Sync 1 DAGs
[2025-07-04T12:28:28.309+0530] {logging_mixin.py:188} INFO - [2025-07-04T12:28:28.309+0530] {dag.py:3823} INFO - Setting next_dagrun for example_sensor_decorator to None, run_after=None
[2025-07-04T12:28:28.328+0530] {processor.py:183} INFO - Processing /home/tejhanagarajan/Projects/small-projects/NewsImpact/venv/lib64/python3.10/site-packages/airflow/example_dags/example_sensor_decorator.py took 0.040 seconds
[2025-07-04T12:29:26.294+0530] {processor.py:161} INFO - Started process (PID=26546) to work on /home/tejhanagarajan/Projects/small-projects/NewsImpact/venv/lib64/python3.10/site-packages/airflow/example_dags/example_sensor_decorator.py
[2025-07-04T12:29:26.297+0530] {processor.py:830} INFO - Processing file /home/tejhanagarajan/Projects/small-projects/NewsImpact/venv/lib64/python3.10/site-packages/airflow/example_dags/example_sensor_decorator.py for tasks to queue
[2025-07-04T12:29:26.297+0530] {logging_mixin.py:188} INFO - [2025-07-04T12:29:26.297+0530] {dagbag.py:538} INFO - Filling up the DagBag from /home/tejhanagarajan/Projects/small-projects/NewsImpact/venv/lib64/python3.10/site-packages/airflow/example_dags/example_sensor_decorator.py
[2025-07-04T12:29:26.300+0530] {processor.py:840} INFO - DAG(s) 'example_sensor_decorator' retrieved from /home/tejhanagarajan/Projects/small-projects/NewsImpact/venv/lib64/python3.10/site-packages/airflow/example_dags/example_sensor_decorator.py
[2025-07-04T12:29:26.307+0530] {logging_mixin.py:188} INFO - [2025-07-04T12:29:26.307+0530] {dag.py:3036} INFO - Sync 1 DAGs
[2025-07-04T12:29:26.313+0530] {logging_mixin.py:188} INFO - [2025-07-04T12:29:26.313+0530] {dag.py:3823} INFO - Setting next_dagrun for example_sensor_decorator to None, run_after=None
[2025-07-04T12:29:26.331+0530] {processor.py:183} INFO - Processing /home/tejhanagarajan/Projects/small-projects/NewsImpact/venv/lib64/python3.10/site-packages/airflow/example_dags/example_sensor_decorator.py took 0.039 seconds
[2025-07-04T12:30:16.258+0530] {processor.py:161} INFO - Started process (PID=26903) to work on /home/tejhanagarajan/Projects/small-projects/NewsImpact/venv/lib64/python3.10/site-packages/airflow/example_dags/example_sensor_decorator.py
[2025-07-04T12:30:16.260+0530] {processor.py:830} INFO - Processing file /home/tejhanagarajan/Projects/small-projects/NewsImpact/venv/lib64/python3.10/site-packages/airflow/example_dags/example_sensor_decorator.py for tasks to queue
[2025-07-04T12:30:16.261+0530] {logging_mixin.py:188} INFO - [2025-07-04T12:30:16.260+0530] {dagbag.py:538} INFO - Filling up the DagBag from /home/tejhanagarajan/Projects/small-projects/NewsImpact/venv/lib64/python3.10/site-packages/airflow/example_dags/example_sensor_decorator.py
[2025-07-04T12:30:16.263+0530] {processor.py:840} INFO - DAG(s) 'example_sensor_decorator' retrieved from /home/tejhanagarajan/Projects/small-projects/NewsImpact/venv/lib64/python3.10/site-packages/airflow/example_dags/example_sensor_decorator.py
[2025-07-04T12:30:16.270+0530] {logging_mixin.py:188} INFO - [2025-07-04T12:30:16.270+0530] {dag.py:3036} INFO - Sync 1 DAGs
[2025-07-04T12:30:16.274+0530] {logging_mixin.py:188} INFO - [2025-07-04T12:30:16.274+0530] {dag.py:3823} INFO - Setting next_dagrun for example_sensor_decorator to None, run_after=None
[2025-07-04T12:30:16.291+0530] {processor.py:183} INFO - Processing /home/tejhanagarajan/Projects/small-projects/NewsImpact/venv/lib64/python3.10/site-packages/airflow/example_dags/example_sensor_decorator.py took 0.034 seconds
[2025-07-04T12:33:15.953+0530] {processor.py:161} INFO - Started process (PID=30135) to work on /home/tejhanagarajan/Projects/small-projects/NewsImpact/venv/lib64/python3.10/site-packages/airflow/example_dags/example_sensor_decorator.py
[2025-07-04T12:33:15.955+0530] {processor.py:830} INFO - Processing file /home/tejhanagarajan/Projects/small-projects/NewsImpact/venv/lib64/python3.10/site-packages/airflow/example_dags/example_sensor_decorator.py for tasks to queue
[2025-07-04T12:33:15.956+0530] {logging_mixin.py:188} INFO - [2025-07-04T12:33:15.955+0530] {dagbag.py:538} INFO - Filling up the DagBag from /home/tejhanagarajan/Projects/small-projects/NewsImpact/venv/lib64/python3.10/site-packages/airflow/example_dags/example_sensor_decorator.py
[2025-07-04T12:33:15.958+0530] {processor.py:840} INFO - DAG(s) 'example_sensor_decorator' retrieved from /home/tejhanagarajan/Projects/small-projects/NewsImpact/venv/lib64/python3.10/site-packages/airflow/example_dags/example_sensor_decorator.py
[2025-07-04T12:33:15.966+0530] {logging_mixin.py:188} INFO - [2025-07-04T12:33:15.966+0530] {dag.py:3036} INFO - Sync 1 DAGs
[2025-07-04T12:33:15.970+0530] {logging_mixin.py:188} INFO - [2025-07-04T12:33:15.970+0530] {dag.py:3823} INFO - Setting next_dagrun for example_sensor_decorator to None, run_after=None
[2025-07-04T12:33:15.989+0530] {processor.py:183} INFO - Processing /home/tejhanagarajan/Projects/small-projects/NewsImpact/venv/lib64/python3.10/site-packages/airflow/example_dags/example_sensor_decorator.py took 0.038 seconds
[2025-07-04T12:34:03.020+0530] {processor.py:161} INFO - Started process (PID=30478) to work on /home/tejhanagarajan/Projects/small-projects/NewsImpact/venv/lib64/python3.10/site-packages/airflow/example_dags/example_sensor_decorator.py
[2025-07-04T12:34:03.025+0530] {processor.py:830} INFO - Processing file /home/tejhanagarajan/Projects/small-projects/NewsImpact/venv/lib64/python3.10/site-packages/airflow/example_dags/example_sensor_decorator.py for tasks to queue
[2025-07-04T12:34:03.027+0530] {logging_mixin.py:188} INFO - [2025-07-04T12:34:03.026+0530] {dagbag.py:538} INFO - Filling up the DagBag from /home/tejhanagarajan/Projects/small-projects/NewsImpact/venv/lib64/python3.10/site-packages/airflow/example_dags/example_sensor_decorator.py
[2025-07-04T12:34:03.032+0530] {processor.py:840} INFO - DAG(s) 'example_sensor_decorator' retrieved from /home/tejhanagarajan/Projects/small-projects/NewsImpact/venv/lib64/python3.10/site-packages/airflow/example_dags/example_sensor_decorator.py
[2025-07-04T12:34:03.038+0530] {logging_mixin.py:188} INFO - [2025-07-04T12:34:03.038+0530] {dag.py:3036} INFO - Sync 1 DAGs
[2025-07-04T12:34:03.043+0530] {logging_mixin.py:188} INFO - [2025-07-04T12:34:03.043+0530] {dag.py:3823} INFO - Setting next_dagrun for example_sensor_decorator to None, run_after=None
[2025-07-04T12:34:03.060+0530] {processor.py:183} INFO - Processing /home/tejhanagarajan/Projects/small-projects/NewsImpact/venv/lib64/python3.10/site-packages/airflow/example_dags/example_sensor_decorator.py took 0.043 seconds
[2025-07-04T12:34:53.663+0530] {processor.py:161} INFO - Started process (PID=31105) to work on /home/tejhanagarajan/Projects/small-projects/NewsImpact/venv/lib64/python3.10/site-packages/airflow/example_dags/example_sensor_decorator.py
[2025-07-04T12:34:53.666+0530] {processor.py:830} INFO - Processing file /home/tejhanagarajan/Projects/small-projects/NewsImpact/venv/lib64/python3.10/site-packages/airflow/example_dags/example_sensor_decorator.py for tasks to queue
[2025-07-04T12:34:53.667+0530] {logging_mixin.py:188} INFO - [2025-07-04T12:34:53.667+0530] {dagbag.py:538} INFO - Filling up the DagBag from /home/tejhanagarajan/Projects/small-projects/NewsImpact/venv/lib64/python3.10/site-packages/airflow/example_dags/example_sensor_decorator.py
[2025-07-04T12:34:53.673+0530] {processor.py:840} INFO - DAG(s) 'example_sensor_decorator' retrieved from /home/tejhanagarajan/Projects/small-projects/NewsImpact/venv/lib64/python3.10/site-packages/airflow/example_dags/example_sensor_decorator.py
[2025-07-04T12:34:53.681+0530] {logging_mixin.py:188} INFO - [2025-07-04T12:34:53.681+0530] {dag.py:3036} INFO - Sync 1 DAGs
[2025-07-04T12:34:53.686+0530] {logging_mixin.py:188} INFO - [2025-07-04T12:34:53.686+0530] {dag.py:3823} INFO - Setting next_dagrun for example_sensor_decorator to None, run_after=None
[2025-07-04T12:34:53.702+0530] {processor.py:183} INFO - Processing /home/tejhanagarajan/Projects/small-projects/NewsImpact/venv/lib64/python3.10/site-packages/airflow/example_dags/example_sensor_decorator.py took 0.041 seconds
[2025-07-04T12:35:42.931+0530] {processor.py:161} INFO - Started process (PID=31514) to work on /home/tejhanagarajan/Projects/small-projects/NewsImpact/venv/lib64/python3.10/site-packages/airflow/example_dags/example_sensor_decorator.py
[2025-07-04T12:35:42.932+0530] {processor.py:830} INFO - Processing file /home/tejhanagarajan/Projects/small-projects/NewsImpact/venv/lib64/python3.10/site-packages/airflow/example_dags/example_sensor_decorator.py for tasks to queue
[2025-07-04T12:35:42.932+0530] {logging_mixin.py:188} INFO - [2025-07-04T12:35:42.932+0530] {dagbag.py:538} INFO - Filling up the DagBag from /home/tejhanagarajan/Projects/small-projects/NewsImpact/venv/lib64/python3.10/site-packages/airflow/example_dags/example_sensor_decorator.py
[2025-07-04T12:35:42.937+0530] {processor.py:840} INFO - DAG(s) 'example_sensor_decorator' retrieved from /home/tejhanagarajan/Projects/small-projects/NewsImpact/venv/lib64/python3.10/site-packages/airflow/example_dags/example_sensor_decorator.py
[2025-07-04T12:35:42.943+0530] {logging_mixin.py:188} INFO - [2025-07-04T12:35:42.943+0530] {dag.py:3036} INFO - Sync 1 DAGs
[2025-07-04T12:35:42.947+0530] {logging_mixin.py:188} INFO - [2025-07-04T12:35:42.947+0530] {dag.py:3823} INFO - Setting next_dagrun for example_sensor_decorator to None, run_after=None
[2025-07-04T12:35:42.964+0530] {processor.py:183} INFO - Processing /home/tejhanagarajan/Projects/small-projects/NewsImpact/venv/lib64/python3.10/site-packages/airflow/example_dags/example_sensor_decorator.py took 0.035 seconds
[2025-07-04T12:36:37.348+0530] {processor.py:161} INFO - Started process (PID=31950) to work on /home/tejhanagarajan/Projects/small-projects/NewsImpact/venv/lib64/python3.10/site-packages/airflow/example_dags/example_sensor_decorator.py
[2025-07-04T12:36:37.349+0530] {processor.py:830} INFO - Processing file /home/tejhanagarajan/Projects/small-projects/NewsImpact/venv/lib64/python3.10/site-packages/airflow/example_dags/example_sensor_decorator.py for tasks to queue
[2025-07-04T12:36:37.349+0530] {logging_mixin.py:188} INFO - [2025-07-04T12:36:37.349+0530] {dagbag.py:538} INFO - Filling up the DagBag from /home/tejhanagarajan/Projects/small-projects/NewsImpact/venv/lib64/python3.10/site-packages/airflow/example_dags/example_sensor_decorator.py
[2025-07-04T12:36:37.352+0530] {processor.py:840} INFO - DAG(s) 'example_sensor_decorator' retrieved from /home/tejhanagarajan/Projects/small-projects/NewsImpact/venv/lib64/python3.10/site-packages/airflow/example_dags/example_sensor_decorator.py
[2025-07-04T12:36:37.361+0530] {logging_mixin.py:188} INFO - [2025-07-04T12:36:37.361+0530] {dag.py:3036} INFO - Sync 1 DAGs
[2025-07-04T12:36:37.367+0530] {logging_mixin.py:188} INFO - [2025-07-04T12:36:37.367+0530] {dag.py:3823} INFO - Setting next_dagrun for example_sensor_decorator to None, run_after=None
[2025-07-04T12:36:37.385+0530] {processor.py:183} INFO - Processing /home/tejhanagarajan/Projects/small-projects/NewsImpact/venv/lib64/python3.10/site-packages/airflow/example_dags/example_sensor_decorator.py took 0.038 seconds
[2025-07-04T12:37:24.653+0530] {processor.py:161} INFO - Started process (PID=32400) to work on /home/tejhanagarajan/Projects/small-projects/NewsImpact/venv/lib64/python3.10/site-packages/airflow/example_dags/example_sensor_decorator.py
[2025-07-04T12:37:24.655+0530] {processor.py:830} INFO - Processing file /home/tejhanagarajan/Projects/small-projects/NewsImpact/venv/lib64/python3.10/site-packages/airflow/example_dags/example_sensor_decorator.py for tasks to queue
[2025-07-04T12:37:24.656+0530] {logging_mixin.py:188} INFO - [2025-07-04T12:37:24.656+0530] {dagbag.py:538} INFO - Filling up the DagBag from /home/tejhanagarajan/Projects/small-projects/NewsImpact/venv/lib64/python3.10/site-packages/airflow/example_dags/example_sensor_decorator.py
[2025-07-04T12:37:24.661+0530] {processor.py:840} INFO - DAG(s) 'example_sensor_decorator' retrieved from /home/tejhanagarajan/Projects/small-projects/NewsImpact/venv/lib64/python3.10/site-packages/airflow/example_dags/example_sensor_decorator.py
[2025-07-04T12:37:24.668+0530] {logging_mixin.py:188} INFO - [2025-07-04T12:37:24.668+0530] {dag.py:3036} INFO - Sync 1 DAGs
[2025-07-04T12:37:24.672+0530] {logging_mixin.py:188} INFO - [2025-07-04T12:37:24.672+0530] {dag.py:3823} INFO - Setting next_dagrun for example_sensor_decorator to None, run_after=None
[2025-07-04T12:37:24.688+0530] {processor.py:183} INFO - Processing /home/tejhanagarajan/Projects/small-projects/NewsImpact/venv/lib64/python3.10/site-packages/airflow/example_dags/example_sensor_decorator.py took 0.039 seconds
[2025-07-04T12:38:15.662+0530] {processor.py:161} INFO - Started process (PID=34813) to work on /home/tejhanagarajan/Projects/small-projects/NewsImpact/venv/lib64/python3.10/site-packages/airflow/example_dags/example_sensor_decorator.py
[2025-07-04T12:38:15.665+0530] {processor.py:830} INFO - Processing file /home/tejhanagarajan/Projects/small-projects/NewsImpact/venv/lib64/python3.10/site-packages/airflow/example_dags/example_sensor_decorator.py for tasks to queue
[2025-07-04T12:38:15.665+0530] {logging_mixin.py:188} INFO - [2025-07-04T12:38:15.665+0530] {dagbag.py:538} INFO - Filling up the DagBag from /home/tejhanagarajan/Projects/small-projects/NewsImpact/venv/lib64/python3.10/site-packages/airflow/example_dags/example_sensor_decorator.py
[2025-07-04T12:38:15.668+0530] {processor.py:840} INFO - DAG(s) 'example_sensor_decorator' retrieved from /home/tejhanagarajan/Projects/small-projects/NewsImpact/venv/lib64/python3.10/site-packages/airflow/example_dags/example_sensor_decorator.py
[2025-07-04T12:38:15.675+0530] {logging_mixin.py:188} INFO - [2025-07-04T12:38:15.674+0530] {dag.py:3036} INFO - Sync 1 DAGs
[2025-07-04T12:38:15.679+0530] {logging_mixin.py:188} INFO - [2025-07-04T12:38:15.679+0530] {dag.py:3823} INFO - Setting next_dagrun for example_sensor_decorator to None, run_after=None
[2025-07-04T12:38:15.695+0530] {processor.py:183} INFO - Processing /home/tejhanagarajan/Projects/small-projects/NewsImpact/venv/lib64/python3.10/site-packages/airflow/example_dags/example_sensor_decorator.py took 0.034 seconds
[2025-07-04T12:38:18.001+0530] {processor.py:161} INFO - Started process (PID=34830) to work on /home/tejhanagarajan/Projects/small-projects/NewsImpact/venv/lib64/python3.10/site-packages/airflow/example_dags/example_sensor_decorator.py
[2025-07-04T12:38:18.001+0530] {processor.py:830} INFO - Processing file /home/tejhanagarajan/Projects/small-projects/NewsImpact/venv/lib64/python3.10/site-packages/airflow/example_dags/example_sensor_decorator.py for tasks to queue
[2025-07-04T12:38:18.002+0530] {logging_mixin.py:188} INFO - [2025-07-04T12:38:18.001+0530] {dagbag.py:538} INFO - Filling up the DagBag from /home/tejhanagarajan/Projects/small-projects/NewsImpact/venv/lib64/python3.10/site-packages/airflow/example_dags/example_sensor_decorator.py
[2025-07-04T12:38:18.004+0530] {processor.py:840} INFO - DAG(s) 'example_sensor_decorator' retrieved from /home/tejhanagarajan/Projects/small-projects/NewsImpact/venv/lib64/python3.10/site-packages/airflow/example_dags/example_sensor_decorator.py
[2025-07-04T12:38:18.012+0530] {logging_mixin.py:188} INFO - [2025-07-04T12:38:18.012+0530] {dag.py:3036} INFO - Sync 1 DAGs
[2025-07-04T12:38:18.016+0530] {logging_mixin.py:188} INFO - [2025-07-04T12:38:18.016+0530] {dag.py:3823} INFO - Setting next_dagrun for example_sensor_decorator to None, run_after=None
[2025-07-04T12:38:18.035+0530] {processor.py:183} INFO - Processing /home/tejhanagarajan/Projects/small-projects/NewsImpact/venv/lib64/python3.10/site-packages/airflow/example_dags/example_sensor_decorator.py took 0.036 seconds
[2025-07-04T12:39:05.968+0530] {processor.py:161} INFO - Started process (PID=35272) to work on /home/tejhanagarajan/Projects/small-projects/NewsImpact/venv/lib64/python3.10/site-packages/airflow/example_dags/example_sensor_decorator.py
[2025-07-04T12:39:05.971+0530] {processor.py:830} INFO - Processing file /home/tejhanagarajan/Projects/small-projects/NewsImpact/venv/lib64/python3.10/site-packages/airflow/example_dags/example_sensor_decorator.py for tasks to queue
[2025-07-04T12:39:05.971+0530] {logging_mixin.py:188} INFO - [2025-07-04T12:39:05.971+0530] {dagbag.py:538} INFO - Filling up the DagBag from /home/tejhanagarajan/Projects/small-projects/NewsImpact/venv/lib64/python3.10/site-packages/airflow/example_dags/example_sensor_decorator.py
[2025-07-04T12:39:05.974+0530] {processor.py:840} INFO - DAG(s) 'example_sensor_decorator' retrieved from /home/tejhanagarajan/Projects/small-projects/NewsImpact/venv/lib64/python3.10/site-packages/airflow/example_dags/example_sensor_decorator.py
[2025-07-04T12:39:05.980+0530] {logging_mixin.py:188} INFO - [2025-07-04T12:39:05.980+0530] {dag.py:3036} INFO - Sync 1 DAGs
[2025-07-04T12:39:05.985+0530] {logging_mixin.py:188} INFO - [2025-07-04T12:39:05.985+0530] {dag.py:3823} INFO - Setting next_dagrun for example_sensor_decorator to None, run_after=None
[2025-07-04T12:39:06.003+0530] {processor.py:183} INFO - Processing /home/tejhanagarajan/Projects/small-projects/NewsImpact/venv/lib64/python3.10/site-packages/airflow/example_dags/example_sensor_decorator.py took 0.036 seconds
[2025-07-04T12:39:06.014+0530] {processor.py:161} INFO - Started process (PID=35273) to work on /home/tejhanagarajan/Projects/small-projects/NewsImpact/venv/lib64/python3.10/site-packages/airflow/example_dags/example_sensor_decorator.py
[2025-07-04T12:39:06.014+0530] {processor.py:830} INFO - Processing file /home/tejhanagarajan/Projects/small-projects/NewsImpact/venv/lib64/python3.10/site-packages/airflow/example_dags/example_sensor_decorator.py for tasks to queue
[2025-07-04T12:39:06.015+0530] {logging_mixin.py:188} INFO - [2025-07-04T12:39:06.015+0530] {dagbag.py:538} INFO - Filling up the DagBag from /home/tejhanagarajan/Projects/small-projects/NewsImpact/venv/lib64/python3.10/site-packages/airflow/example_dags/example_sensor_decorator.py
[2025-07-04T12:39:06.018+0530] {processor.py:840} INFO - DAG(s) 'example_sensor_decorator' retrieved from /home/tejhanagarajan/Projects/small-projects/NewsImpact/venv/lib64/python3.10/site-packages/airflow/example_dags/example_sensor_decorator.py
[2025-07-04T12:39:06.025+0530] {logging_mixin.py:188} INFO - [2025-07-04T12:39:06.025+0530] {dag.py:3036} INFO - Sync 1 DAGs
[2025-07-04T12:39:06.029+0530] {logging_mixin.py:188} INFO - [2025-07-04T12:39:06.029+0530] {dag.py:3823} INFO - Setting next_dagrun for example_sensor_decorator to None, run_after=None
[2025-07-04T12:39:06.045+0530] {processor.py:183} INFO - Processing /home/tejhanagarajan/Projects/small-projects/NewsImpact/venv/lib64/python3.10/site-packages/airflow/example_dags/example_sensor_decorator.py took 0.033 seconds
[2025-07-04T12:39:59.182+0530] {processor.py:161} INFO - Started process (PID=35915) to work on /home/tejhanagarajan/Projects/small-projects/NewsImpact/venv/lib64/python3.10/site-packages/airflow/example_dags/example_sensor_decorator.py
[2025-07-04T12:39:59.185+0530] {processor.py:830} INFO - Processing file /home/tejhanagarajan/Projects/small-projects/NewsImpact/venv/lib64/python3.10/site-packages/airflow/example_dags/example_sensor_decorator.py for tasks to queue
[2025-07-04T12:39:59.186+0530] {logging_mixin.py:188} INFO - [2025-07-04T12:39:59.186+0530] {dagbag.py:538} INFO - Filling up the DagBag from /home/tejhanagarajan/Projects/small-projects/NewsImpact/venv/lib64/python3.10/site-packages/airflow/example_dags/example_sensor_decorator.py
[2025-07-04T12:39:59.194+0530] {processor.py:840} INFO - DAG(s) 'example_sensor_decorator' retrieved from /home/tejhanagarajan/Projects/small-projects/NewsImpact/venv/lib64/python3.10/site-packages/airflow/example_dags/example_sensor_decorator.py
[2025-07-04T12:39:59.202+0530] {logging_mixin.py:188} INFO - [2025-07-04T12:39:59.201+0530] {dag.py:3036} INFO - Sync 1 DAGs
[2025-07-04T12:39:59.206+0530] {logging_mixin.py:188} INFO - [2025-07-04T12:39:59.206+0530] {dag.py:3823} INFO - Setting next_dagrun for example_sensor_decorator to None, run_after=None
[2025-07-04T12:39:59.221+0530] {processor.py:183} INFO - Processing /home/tejhanagarajan/Projects/small-projects/NewsImpact/venv/lib64/python3.10/site-packages/airflow/example_dags/example_sensor_decorator.py took 0.041 seconds
[2025-07-04T12:42:20.657+0530] {processor.py:161} INFO - Started process (PID=37928) to work on /home/tejhanagarajan/Projects/small-projects/NewsImpact/venv/lib64/python3.10/site-packages/airflow/example_dags/example_sensor_decorator.py
[2025-07-04T12:42:20.659+0530] {processor.py:830} INFO - Processing file /home/tejhanagarajan/Projects/small-projects/NewsImpact/venv/lib64/python3.10/site-packages/airflow/example_dags/example_sensor_decorator.py for tasks to queue
[2025-07-04T12:42:20.660+0530] {logging_mixin.py:188} INFO - [2025-07-04T12:42:20.659+0530] {dagbag.py:538} INFO - Filling up the DagBag from /home/tejhanagarajan/Projects/small-projects/NewsImpact/venv/lib64/python3.10/site-packages/airflow/example_dags/example_sensor_decorator.py
[2025-07-04T12:42:20.663+0530] {processor.py:840} INFO - DAG(s) 'example_sensor_decorator' retrieved from /home/tejhanagarajan/Projects/small-projects/NewsImpact/venv/lib64/python3.10/site-packages/airflow/example_dags/example_sensor_decorator.py
[2025-07-04T12:42:20.671+0530] {logging_mixin.py:188} INFO - [2025-07-04T12:42:20.671+0530] {dag.py:3036} INFO - Sync 1 DAGs
[2025-07-04T12:42:20.676+0530] {logging_mixin.py:188} INFO - [2025-07-04T12:42:20.676+0530] {dag.py:3823} INFO - Setting next_dagrun for example_sensor_decorator to None, run_after=None
[2025-07-04T12:42:20.693+0530] {processor.py:183} INFO - Processing /home/tejhanagarajan/Projects/small-projects/NewsImpact/venv/lib64/python3.10/site-packages/airflow/example_dags/example_sensor_decorator.py took 0.037 seconds
[2025-07-04T12:43:06.188+0530] {processor.py:161} INFO - Started process (PID=38267) to work on /home/tejhanagarajan/Projects/small-projects/NewsImpact/venv/lib64/python3.10/site-packages/airflow/example_dags/example_sensor_decorator.py
[2025-07-04T12:43:06.190+0530] {processor.py:830} INFO - Processing file /home/tejhanagarajan/Projects/small-projects/NewsImpact/venv/lib64/python3.10/site-packages/airflow/example_dags/example_sensor_decorator.py for tasks to queue
[2025-07-04T12:43:06.192+0530] {logging_mixin.py:188} INFO - [2025-07-04T12:43:06.191+0530] {dagbag.py:538} INFO - Filling up the DagBag from /home/tejhanagarajan/Projects/small-projects/NewsImpact/venv/lib64/python3.10/site-packages/airflow/example_dags/example_sensor_decorator.py
[2025-07-04T12:43:06.197+0530] {processor.py:840} INFO - DAG(s) 'example_sensor_decorator' retrieved from /home/tejhanagarajan/Projects/small-projects/NewsImpact/venv/lib64/python3.10/site-packages/airflow/example_dags/example_sensor_decorator.py
[2025-07-04T12:43:06.203+0530] {logging_mixin.py:188} INFO - [2025-07-04T12:43:06.203+0530] {dag.py:3036} INFO - Sync 1 DAGs
[2025-07-04T12:43:06.208+0530] {logging_mixin.py:188} INFO - [2025-07-04T12:43:06.208+0530] {dag.py:3823} INFO - Setting next_dagrun for example_sensor_decorator to None, run_after=None
[2025-07-04T12:43:06.224+0530] {processor.py:183} INFO - Processing /home/tejhanagarajan/Projects/small-projects/NewsImpact/venv/lib64/python3.10/site-packages/airflow/example_dags/example_sensor_decorator.py took 0.040 seconds
[2025-07-04T12:43:56.893+0530] {processor.py:161} INFO - Started process (PID=38692) to work on /home/tejhanagarajan/Projects/small-projects/NewsImpact/venv/lib64/python3.10/site-packages/airflow/example_dags/example_sensor_decorator.py
[2025-07-04T12:43:56.895+0530] {processor.py:830} INFO - Processing file /home/tejhanagarajan/Projects/small-projects/NewsImpact/venv/lib64/python3.10/site-packages/airflow/example_dags/example_sensor_decorator.py for tasks to queue
[2025-07-04T12:43:56.896+0530] {logging_mixin.py:188} INFO - [2025-07-04T12:43:56.896+0530] {dagbag.py:538} INFO - Filling up the DagBag from /home/tejhanagarajan/Projects/small-projects/NewsImpact/venv/lib64/python3.10/site-packages/airflow/example_dags/example_sensor_decorator.py
[2025-07-04T12:43:56.901+0530] {processor.py:840} INFO - DAG(s) 'example_sensor_decorator' retrieved from /home/tejhanagarajan/Projects/small-projects/NewsImpact/venv/lib64/python3.10/site-packages/airflow/example_dags/example_sensor_decorator.py
[2025-07-04T12:43:56.909+0530] {logging_mixin.py:188} INFO - [2025-07-04T12:43:56.909+0530] {dag.py:3036} INFO - Sync 1 DAGs
[2025-07-04T12:43:56.913+0530] {logging_mixin.py:188} INFO - [2025-07-04T12:43:56.913+0530] {dag.py:3823} INFO - Setting next_dagrun for example_sensor_decorator to None, run_after=None
[2025-07-04T12:43:56.929+0530] {processor.py:183} INFO - Processing /home/tejhanagarajan/Projects/small-projects/NewsImpact/venv/lib64/python3.10/site-packages/airflow/example_dags/example_sensor_decorator.py took 0.039 seconds
[2025-07-04T12:44:46.039+0530] {processor.py:161} INFO - Started process (PID=39043) to work on /home/tejhanagarajan/Projects/small-projects/NewsImpact/venv/lib64/python3.10/site-packages/airflow/example_dags/example_sensor_decorator.py
[2025-07-04T12:44:46.041+0530] {processor.py:830} INFO - Processing file /home/tejhanagarajan/Projects/small-projects/NewsImpact/venv/lib64/python3.10/site-packages/airflow/example_dags/example_sensor_decorator.py for tasks to queue
[2025-07-04T12:44:46.042+0530] {logging_mixin.py:188} INFO - [2025-07-04T12:44:46.042+0530] {dagbag.py:538} INFO - Filling up the DagBag from /home/tejhanagarajan/Projects/small-projects/NewsImpact/venv/lib64/python3.10/site-packages/airflow/example_dags/example_sensor_decorator.py
[2025-07-04T12:44:46.048+0530] {processor.py:840} INFO - DAG(s) 'example_sensor_decorator' retrieved from /home/tejhanagarajan/Projects/small-projects/NewsImpact/venv/lib64/python3.10/site-packages/airflow/example_dags/example_sensor_decorator.py
[2025-07-04T12:44:46.055+0530] {logging_mixin.py:188} INFO - [2025-07-04T12:44:46.055+0530] {dag.py:3036} INFO - Sync 1 DAGs
[2025-07-04T12:44:46.060+0530] {logging_mixin.py:188} INFO - [2025-07-04T12:44:46.060+0530] {dag.py:3823} INFO - Setting next_dagrun for example_sensor_decorator to None, run_after=None
[2025-07-04T12:44:46.075+0530] {processor.py:183} INFO - Processing /home/tejhanagarajan/Projects/small-projects/NewsImpact/venv/lib64/python3.10/site-packages/airflow/example_dags/example_sensor_decorator.py took 0.039 seconds
[2025-07-04T12:45:37.601+0530] {processor.py:161} INFO - Started process (PID=39412) to work on /home/tejhanagarajan/Projects/small-projects/NewsImpact/venv/lib64/python3.10/site-packages/airflow/example_dags/example_sensor_decorator.py
[2025-07-04T12:45:37.604+0530] {processor.py:830} INFO - Processing file /home/tejhanagarajan/Projects/small-projects/NewsImpact/venv/lib64/python3.10/site-packages/airflow/example_dags/example_sensor_decorator.py for tasks to queue
[2025-07-04T12:45:37.605+0530] {logging_mixin.py:188} INFO - [2025-07-04T12:45:37.604+0530] {dagbag.py:538} INFO - Filling up the DagBag from /home/tejhanagarajan/Projects/small-projects/NewsImpact/venv/lib64/python3.10/site-packages/airflow/example_dags/example_sensor_decorator.py
[2025-07-04T12:45:37.610+0530] {processor.py:840} INFO - DAG(s) 'example_sensor_decorator' retrieved from /home/tejhanagarajan/Projects/small-projects/NewsImpact/venv/lib64/python3.10/site-packages/airflow/example_dags/example_sensor_decorator.py
[2025-07-04T12:45:37.617+0530] {logging_mixin.py:188} INFO - [2025-07-04T12:45:37.617+0530] {dag.py:3036} INFO - Sync 1 DAGs
[2025-07-04T12:45:37.621+0530] {logging_mixin.py:188} INFO - [2025-07-04T12:45:37.621+0530] {dag.py:3823} INFO - Setting next_dagrun for example_sensor_decorator to None, run_after=None
[2025-07-04T12:45:37.636+0530] {processor.py:183} INFO - Processing /home/tejhanagarajan/Projects/small-projects/NewsImpact/venv/lib64/python3.10/site-packages/airflow/example_dags/example_sensor_decorator.py took 0.039 seconds
[2025-07-04T12:46:30.121+0530] {processor.py:161} INFO - Started process (PID=39798) to work on /home/tejhanagarajan/Projects/small-projects/NewsImpact/venv/lib64/python3.10/site-packages/airflow/example_dags/example_sensor_decorator.py
[2025-07-04T12:46:30.123+0530] {processor.py:830} INFO - Processing file /home/tejhanagarajan/Projects/small-projects/NewsImpact/venv/lib64/python3.10/site-packages/airflow/example_dags/example_sensor_decorator.py for tasks to queue
[2025-07-04T12:46:30.124+0530] {logging_mixin.py:188} INFO - [2025-07-04T12:46:30.124+0530] {dagbag.py:538} INFO - Filling up the DagBag from /home/tejhanagarajan/Projects/small-projects/NewsImpact/venv/lib64/python3.10/site-packages/airflow/example_dags/example_sensor_decorator.py
[2025-07-04T12:46:30.129+0530] {processor.py:840} INFO - DAG(s) 'example_sensor_decorator' retrieved from /home/tejhanagarajan/Projects/small-projects/NewsImpact/venv/lib64/python3.10/site-packages/airflow/example_dags/example_sensor_decorator.py
[2025-07-04T12:46:30.139+0530] {logging_mixin.py:188} INFO - [2025-07-04T12:46:30.138+0530] {dag.py:3036} INFO - Sync 1 DAGs
[2025-07-04T12:46:30.145+0530] {logging_mixin.py:188} INFO - [2025-07-04T12:46:30.145+0530] {dag.py:3823} INFO - Setting next_dagrun for example_sensor_decorator to None, run_after=None
[2025-07-04T12:46:30.163+0530] {processor.py:183} INFO - Processing /home/tejhanagarajan/Projects/small-projects/NewsImpact/venv/lib64/python3.10/site-packages/airflow/example_dags/example_sensor_decorator.py took 0.045 seconds
[2025-07-04T12:47:23.107+0530] {processor.py:161} INFO - Started process (PID=40181) to work on /home/tejhanagarajan/Projects/small-projects/NewsImpact/venv/lib64/python3.10/site-packages/airflow/example_dags/example_sensor_decorator.py
[2025-07-04T12:47:23.110+0530] {processor.py:830} INFO - Processing file /home/tejhanagarajan/Projects/small-projects/NewsImpact/venv/lib64/python3.10/site-packages/airflow/example_dags/example_sensor_decorator.py for tasks to queue
[2025-07-04T12:47:23.111+0530] {logging_mixin.py:188} INFO - [2025-07-04T12:47:23.111+0530] {dagbag.py:538} INFO - Filling up the DagBag from /home/tejhanagarajan/Projects/small-projects/NewsImpact/venv/lib64/python3.10/site-packages/airflow/example_dags/example_sensor_decorator.py
[2025-07-04T12:47:23.118+0530] {processor.py:840} INFO - DAG(s) 'example_sensor_decorator' retrieved from /home/tejhanagarajan/Projects/small-projects/NewsImpact/venv/lib64/python3.10/site-packages/airflow/example_dags/example_sensor_decorator.py
[2025-07-04T12:47:23.126+0530] {logging_mixin.py:188} INFO - [2025-07-04T12:47:23.126+0530] {dag.py:3036} INFO - Sync 1 DAGs
[2025-07-04T12:47:23.131+0530] {logging_mixin.py:188} INFO - [2025-07-04T12:47:23.131+0530] {dag.py:3823} INFO - Setting next_dagrun for example_sensor_decorator to None, run_after=None
[2025-07-04T12:47:23.147+0530] {processor.py:183} INFO - Processing /home/tejhanagarajan/Projects/small-projects/NewsImpact/venv/lib64/python3.10/site-packages/airflow/example_dags/example_sensor_decorator.py took 0.044 seconds
[2025-07-04T12:48:11.960+0530] {processor.py:161} INFO - Started process (PID=40553) to work on /home/tejhanagarajan/Projects/small-projects/NewsImpact/venv/lib64/python3.10/site-packages/airflow/example_dags/example_sensor_decorator.py
[2025-07-04T12:48:11.962+0530] {processor.py:830} INFO - Processing file /home/tejhanagarajan/Projects/small-projects/NewsImpact/venv/lib64/python3.10/site-packages/airflow/example_dags/example_sensor_decorator.py for tasks to queue
[2025-07-04T12:48:11.963+0530] {logging_mixin.py:188} INFO - [2025-07-04T12:48:11.963+0530] {dagbag.py:538} INFO - Filling up the DagBag from /home/tejhanagarajan/Projects/small-projects/NewsImpact/venv/lib64/python3.10/site-packages/airflow/example_dags/example_sensor_decorator.py
[2025-07-04T12:48:11.966+0530] {processor.py:840} INFO - DAG(s) 'example_sensor_decorator' retrieved from /home/tejhanagarajan/Projects/small-projects/NewsImpact/venv/lib64/python3.10/site-packages/airflow/example_dags/example_sensor_decorator.py
[2025-07-04T12:48:11.973+0530] {logging_mixin.py:188} INFO - [2025-07-04T12:48:11.973+0530] {dag.py:3036} INFO - Sync 1 DAGs
[2025-07-04T12:48:11.978+0530] {logging_mixin.py:188} INFO - [2025-07-04T12:48:11.978+0530] {dag.py:3823} INFO - Setting next_dagrun for example_sensor_decorator to None, run_after=None
[2025-07-04T12:48:11.995+0530] {processor.py:183} INFO - Processing /home/tejhanagarajan/Projects/small-projects/NewsImpact/venv/lib64/python3.10/site-packages/airflow/example_dags/example_sensor_decorator.py took 0.037 seconds
