[2025-07-04T12:27:08.967+0530] {processor.py:161} INFO - Started process (PID=25397) to work on /home/tejhanagarajan/Projects/small-projects/NewsImpact/venv/lib64/python3.10/site-packages/airflow/example_dags/example_branch_python_dop_operator_3.py
[2025-07-04T12:27:08.967+0530] {processor.py:830} INFO - Processing file /home/tejhanagarajan/Projects/small-projects/NewsImpact/venv/lib64/python3.10/site-packages/airflow/example_dags/example_branch_python_dop_operator_3.py for tasks to queue
[2025-07-04T12:27:08.968+0530] {logging_mixin.py:188} INFO - [2025-07-04T12:27:08.967+0530] {dagbag.py:538} INFO - Filling up the DagBag from /home/tejhanagarajan/Projects/small-projects/NewsImpact/venv/lib64/python3.10/site-packages/airflow/example_dags/example_branch_python_dop_operator_3.py
[2025-07-04T12:27:08.972+0530] {processor.py:840} INFO - DAG(s) 'example_branch_dop_operator_v3' retrieved from /home/tejhanagarajan/Projects/small-projects/NewsImpact/venv/lib64/python3.10/site-packages/airflow/example_dags/example_branch_python_dop_operator_3.py
[2025-07-04T12:27:09.033+0530] {logging_mixin.py:188} INFO - [2025-07-04T12:27:09.032+0530] {override.py:1769} INFO - Created Permission View: can read on DAG:example_branch_dop_operator_v3
[2025-07-04T12:27:09.045+0530] {logging_mixin.py:188} INFO - [2025-07-04T12:27:09.045+0530] {override.py:1769} INFO - Created Permission View: can edit on DAG:example_branch_dop_operator_v3
[2025-07-04T12:27:09.055+0530] {logging_mixin.py:188} INFO - [2025-07-04T12:27:09.055+0530] {override.py:1769} INFO - Created Permission View: can delete on DAG:example_branch_dop_operator_v3
[2025-07-04T12:27:09.056+0530] {logging_mixin.py:188} INFO - [2025-07-04T12:27:09.056+0530] {dag.py:3036} INFO - Sync 1 DAGs
[2025-07-04T12:27:09.061+0530] {logging_mixin.py:188} INFO - [2025-07-04T12:27:09.061+0530] {dag.py:3058} INFO - Creating ORM DAG for example_branch_dop_operator_v3
[2025-07-04T12:27:09.067+0530] {logging_mixin.py:188} INFO - [2025-07-04T12:27:09.067+0530] {dag.py:3823} INFO - Setting next_dagrun for example_branch_dop_operator_v3 to 2025-07-04 06:56:00+00:00, run_after=2025-07-04 06:57:00+00:00
[2025-07-04T12:27:09.083+0530] {processor.py:183} INFO - Processing /home/tejhanagarajan/Projects/small-projects/NewsImpact/venv/lib64/python3.10/site-packages/airflow/example_dags/example_branch_python_dop_operator_3.py took 0.118 seconds
[2025-07-04T12:28:07.395+0530] {processor.py:161} INFO - Started process (PID=25836) to work on /home/tejhanagarajan/Projects/small-projects/NewsImpact/venv/lib64/python3.10/site-packages/airflow/example_dags/example_branch_python_dop_operator_3.py
[2025-07-04T12:28:07.396+0530] {processor.py:830} INFO - Processing file /home/tejhanagarajan/Projects/small-projects/NewsImpact/venv/lib64/python3.10/site-packages/airflow/example_dags/example_branch_python_dop_operator_3.py for tasks to queue
[2025-07-04T12:28:07.396+0530] {logging_mixin.py:188} INFO - [2025-07-04T12:28:07.396+0530] {dagbag.py:538} INFO - Filling up the DagBag from /home/tejhanagarajan/Projects/small-projects/NewsImpact/venv/lib64/python3.10/site-packages/airflow/example_dags/example_branch_python_dop_operator_3.py
[2025-07-04T12:28:07.401+0530] {processor.py:840} INFO - DAG(s) 'example_branch_dop_operator_v3' retrieved from /home/tejhanagarajan/Projects/small-projects/NewsImpact/venv/lib64/python3.10/site-packages/airflow/example_dags/example_branch_python_dop_operator_3.py
[2025-07-04T12:28:07.408+0530] {logging_mixin.py:188} INFO - [2025-07-04T12:28:07.408+0530] {dag.py:3036} INFO - Sync 1 DAGs
[2025-07-04T12:28:07.419+0530] {logging_mixin.py:188} INFO - [2025-07-04T12:28:07.419+0530] {dag.py:3823} INFO - Setting next_dagrun for example_branch_dop_operator_v3 to 2025-07-04 06:57:00+00:00, run_after=2025-07-04 06:58:00+00:00
[2025-07-04T12:28:07.436+0530] {processor.py:183} INFO - Processing /home/tejhanagarajan/Projects/small-projects/NewsImpact/venv/lib64/python3.10/site-packages/airflow/example_dags/example_branch_python_dop_operator_3.py took 0.042 seconds
[2025-07-04T12:29:05.495+0530] {processor.py:161} INFO - Started process (PID=26342) to work on /home/tejhanagarajan/Projects/small-projects/NewsImpact/venv/lib64/python3.10/site-packages/airflow/example_dags/example_branch_python_dop_operator_3.py
[2025-07-04T12:29:05.496+0530] {processor.py:830} INFO - Processing file /home/tejhanagarajan/Projects/small-projects/NewsImpact/venv/lib64/python3.10/site-packages/airflow/example_dags/example_branch_python_dop_operator_3.py for tasks to queue
[2025-07-04T12:29:05.496+0530] {logging_mixin.py:188} INFO - [2025-07-04T12:29:05.496+0530] {dagbag.py:538} INFO - Filling up the DagBag from /home/tejhanagarajan/Projects/small-projects/NewsImpact/venv/lib64/python3.10/site-packages/airflow/example_dags/example_branch_python_dop_operator_3.py
[2025-07-04T12:29:05.501+0530] {processor.py:840} INFO - DAG(s) 'example_branch_dop_operator_v3' retrieved from /home/tejhanagarajan/Projects/small-projects/NewsImpact/venv/lib64/python3.10/site-packages/airflow/example_dags/example_branch_python_dop_operator_3.py
[2025-07-04T12:29:05.508+0530] {logging_mixin.py:188} INFO - [2025-07-04T12:29:05.508+0530] {dag.py:3036} INFO - Sync 1 DAGs
[2025-07-04T12:29:05.519+0530] {logging_mixin.py:188} INFO - [2025-07-04T12:29:05.519+0530] {dag.py:3823} INFO - Setting next_dagrun for example_branch_dop_operator_v3 to 2025-07-04 06:58:00+00:00, run_after=2025-07-04 06:59:00+00:00
[2025-07-04T12:29:05.537+0530] {processor.py:183} INFO - Processing /home/tejhanagarajan/Projects/small-projects/NewsImpact/venv/lib64/python3.10/site-packages/airflow/example_dags/example_branch_python_dop_operator_3.py took 0.044 seconds
[2025-07-04T12:29:57.932+0530] {processor.py:161} INFO - Started process (PID=26785) to work on /home/tejhanagarajan/Projects/small-projects/NewsImpact/venv/lib64/python3.10/site-packages/airflow/example_dags/example_branch_python_dop_operator_3.py
[2025-07-04T12:29:57.934+0530] {processor.py:830} INFO - Processing file /home/tejhanagarajan/Projects/small-projects/NewsImpact/venv/lib64/python3.10/site-packages/airflow/example_dags/example_branch_python_dop_operator_3.py for tasks to queue
[2025-07-04T12:29:57.935+0530] {logging_mixin.py:188} INFO - [2025-07-04T12:29:57.935+0530] {dagbag.py:538} INFO - Filling up the DagBag from /home/tejhanagarajan/Projects/small-projects/NewsImpact/venv/lib64/python3.10/site-packages/airflow/example_dags/example_branch_python_dop_operator_3.py
[2025-07-04T12:29:57.939+0530] {processor.py:840} INFO - DAG(s) 'example_branch_dop_operator_v3' retrieved from /home/tejhanagarajan/Projects/small-projects/NewsImpact/venv/lib64/python3.10/site-packages/airflow/example_dags/example_branch_python_dop_operator_3.py
[2025-07-04T12:29:57.946+0530] {logging_mixin.py:188} INFO - [2025-07-04T12:29:57.946+0530] {dag.py:3036} INFO - Sync 1 DAGs
[2025-07-04T12:29:57.955+0530] {logging_mixin.py:188} INFO - [2025-07-04T12:29:57.955+0530] {dag.py:3823} INFO - Setting next_dagrun for example_branch_dop_operator_v3 to 2025-07-04 06:58:00+00:00, run_after=2025-07-04 06:59:00+00:00
[2025-07-04T12:29:57.973+0530] {processor.py:183} INFO - Processing /home/tejhanagarajan/Projects/small-projects/NewsImpact/venv/lib64/python3.10/site-packages/airflow/example_dags/example_branch_python_dop_operator_3.py took 0.042 seconds
[2025-07-04T12:30:52.076+0530] {processor.py:161} INFO - Started process (PID=27155) to work on /home/tejhanagarajan/Projects/small-projects/NewsImpact/venv/lib64/python3.10/site-packages/airflow/example_dags/example_branch_python_dop_operator_3.py
[2025-07-04T12:30:52.076+0530] {processor.py:830} INFO - Processing file /home/tejhanagarajan/Projects/small-projects/NewsImpact/venv/lib64/python3.10/site-packages/airflow/example_dags/example_branch_python_dop_operator_3.py for tasks to queue
[2025-07-04T12:30:52.077+0530] {logging_mixin.py:188} INFO - [2025-07-04T12:30:52.077+0530] {dagbag.py:538} INFO - Filling up the DagBag from /home/tejhanagarajan/Projects/small-projects/NewsImpact/venv/lib64/python3.10/site-packages/airflow/example_dags/example_branch_python_dop_operator_3.py
[2025-07-04T12:30:52.081+0530] {processor.py:840} INFO - DAG(s) 'example_branch_dop_operator_v3' retrieved from /home/tejhanagarajan/Projects/small-projects/NewsImpact/venv/lib64/python3.10/site-packages/airflow/example_dags/example_branch_python_dop_operator_3.py
[2025-07-04T12:30:52.089+0530] {logging_mixin.py:188} INFO - [2025-07-04T12:30:52.089+0530] {dag.py:3036} INFO - Sync 1 DAGs
[2025-07-04T12:30:52.099+0530] {logging_mixin.py:188} INFO - [2025-07-04T12:30:52.099+0530] {dag.py:3823} INFO - Setting next_dagrun for example_branch_dop_operator_v3 to 2025-07-04 06:59:00+00:00, run_after=2025-07-04 07:00:00+00:00
[2025-07-04T12:30:52.117+0530] {processor.py:183} INFO - Processing /home/tejhanagarajan/Projects/small-projects/NewsImpact/venv/lib64/python3.10/site-packages/airflow/example_dags/example_branch_python_dop_operator_3.py took 0.043 seconds
[2025-07-04T12:33:32.585+0530] {processor.py:161} INFO - Started process (PID=30247) to work on /home/tejhanagarajan/Projects/small-projects/NewsImpact/venv/lib64/python3.10/site-packages/airflow/example_dags/example_branch_python_dop_operator_3.py
[2025-07-04T12:33:32.588+0530] {processor.py:830} INFO - Processing file /home/tejhanagarajan/Projects/small-projects/NewsImpact/venv/lib64/python3.10/site-packages/airflow/example_dags/example_branch_python_dop_operator_3.py for tasks to queue
[2025-07-04T12:33:32.589+0530] {logging_mixin.py:188} INFO - [2025-07-04T12:33:32.589+0530] {dagbag.py:538} INFO - Filling up the DagBag from /home/tejhanagarajan/Projects/small-projects/NewsImpact/venv/lib64/python3.10/site-packages/airflow/example_dags/example_branch_python_dop_operator_3.py
[2025-07-04T12:33:32.594+0530] {processor.py:840} INFO - DAG(s) 'example_branch_dop_operator_v3' retrieved from /home/tejhanagarajan/Projects/small-projects/NewsImpact/venv/lib64/python3.10/site-packages/airflow/example_dags/example_branch_python_dop_operator_3.py
[2025-07-04T12:33:32.603+0530] {logging_mixin.py:188} INFO - [2025-07-04T12:33:32.603+0530] {dag.py:3036} INFO - Sync 1 DAGs
[2025-07-04T12:33:32.615+0530] {logging_mixin.py:188} INFO - [2025-07-04T12:33:32.615+0530] {dag.py:3823} INFO - Setting next_dagrun for example_branch_dop_operator_v3 to 2025-07-04 07:02:00+00:00, run_after=2025-07-04 07:03:00+00:00
[2025-07-04T12:33:32.633+0530] {processor.py:183} INFO - Processing /home/tejhanagarajan/Projects/small-projects/NewsImpact/venv/lib64/python3.10/site-packages/airflow/example_dags/example_branch_python_dop_operator_3.py took 0.049 seconds
[2025-07-04T12:34:23.308+0530] {processor.py:161} INFO - Started process (PID=30891) to work on /home/tejhanagarajan/Projects/small-projects/NewsImpact/venv/lib64/python3.10/site-packages/airflow/example_dags/example_branch_python_dop_operator_3.py
[2025-07-04T12:34:23.311+0530] {processor.py:830} INFO - Processing file /home/tejhanagarajan/Projects/small-projects/NewsImpact/venv/lib64/python3.10/site-packages/airflow/example_dags/example_branch_python_dop_operator_3.py for tasks to queue
[2025-07-04T12:34:23.312+0530] {logging_mixin.py:188} INFO - [2025-07-04T12:34:23.311+0530] {dagbag.py:538} INFO - Filling up the DagBag from /home/tejhanagarajan/Projects/small-projects/NewsImpact/venv/lib64/python3.10/site-packages/airflow/example_dags/example_branch_python_dop_operator_3.py
[2025-07-04T12:34:23.318+0530] {processor.py:840} INFO - DAG(s) 'example_branch_dop_operator_v3' retrieved from /home/tejhanagarajan/Projects/small-projects/NewsImpact/venv/lib64/python3.10/site-packages/airflow/example_dags/example_branch_python_dop_operator_3.py
[2025-07-04T12:34:23.325+0530] {logging_mixin.py:188} INFO - [2025-07-04T12:34:23.325+0530] {dag.py:3036} INFO - Sync 1 DAGs
[2025-07-04T12:34:23.334+0530] {logging_mixin.py:188} INFO - [2025-07-04T12:34:23.334+0530] {dag.py:3823} INFO - Setting next_dagrun for example_branch_dop_operator_v3 to 2025-07-04 07:03:00+00:00, run_after=2025-07-04 07:04:00+00:00
[2025-07-04T12:34:23.354+0530] {processor.py:183} INFO - Processing /home/tejhanagarajan/Projects/small-projects/NewsImpact/venv/lib64/python3.10/site-packages/airflow/example_dags/example_branch_python_dop_operator_3.py took 0.048 seconds
[2025-07-04T12:35:17.284+0530] {processor.py:161} INFO - Started process (PID=31249) to work on /home/tejhanagarajan/Projects/small-projects/NewsImpact/venv/lib64/python3.10/site-packages/airflow/example_dags/example_branch_python_dop_operator_3.py
[2025-07-04T12:35:17.286+0530] {processor.py:830} INFO - Processing file /home/tejhanagarajan/Projects/small-projects/NewsImpact/venv/lib64/python3.10/site-packages/airflow/example_dags/example_branch_python_dop_operator_3.py for tasks to queue
[2025-07-04T12:35:17.286+0530] {logging_mixin.py:188} INFO - [2025-07-04T12:35:17.286+0530] {dagbag.py:538} INFO - Filling up the DagBag from /home/tejhanagarajan/Projects/small-projects/NewsImpact/venv/lib64/python3.10/site-packages/airflow/example_dags/example_branch_python_dop_operator_3.py
[2025-07-04T12:35:17.292+0530] {processor.py:840} INFO - DAG(s) 'example_branch_dop_operator_v3' retrieved from /home/tejhanagarajan/Projects/small-projects/NewsImpact/venv/lib64/python3.10/site-packages/airflow/example_dags/example_branch_python_dop_operator_3.py
[2025-07-04T12:35:17.298+0530] {logging_mixin.py:188} INFO - [2025-07-04T12:35:17.298+0530] {dag.py:3036} INFO - Sync 1 DAGs
[2025-07-04T12:35:17.308+0530] {logging_mixin.py:188} INFO - [2025-07-04T12:35:17.308+0530] {dag.py:3823} INFO - Setting next_dagrun for example_branch_dop_operator_v3 to 2025-07-04 07:04:00+00:00, run_after=2025-07-04 07:05:00+00:00
[2025-07-04T12:35:17.325+0530] {processor.py:183} INFO - Processing /home/tejhanagarajan/Projects/small-projects/NewsImpact/venv/lib64/python3.10/site-packages/airflow/example_dags/example_branch_python_dop_operator_3.py took 0.044 seconds
[2025-07-04T12:36:12.177+0530] {processor.py:161} INFO - Started process (PID=31744) to work on /home/tejhanagarajan/Projects/small-projects/NewsImpact/venv/lib64/python3.10/site-packages/airflow/example_dags/example_branch_python_dop_operator_3.py
[2025-07-04T12:36:12.180+0530] {processor.py:830} INFO - Processing file /home/tejhanagarajan/Projects/small-projects/NewsImpact/venv/lib64/python3.10/site-packages/airflow/example_dags/example_branch_python_dop_operator_3.py for tasks to queue
[2025-07-04T12:36:12.180+0530] {logging_mixin.py:188} INFO - [2025-07-04T12:36:12.180+0530] {dagbag.py:538} INFO - Filling up the DagBag from /home/tejhanagarajan/Projects/small-projects/NewsImpact/venv/lib64/python3.10/site-packages/airflow/example_dags/example_branch_python_dop_operator_3.py
[2025-07-04T12:36:12.184+0530] {processor.py:840} INFO - DAG(s) 'example_branch_dop_operator_v3' retrieved from /home/tejhanagarajan/Projects/small-projects/NewsImpact/venv/lib64/python3.10/site-packages/airflow/example_dags/example_branch_python_dop_operator_3.py
[2025-07-04T12:36:12.191+0530] {logging_mixin.py:188} INFO - [2025-07-04T12:36:12.191+0530] {dag.py:3036} INFO - Sync 1 DAGs
[2025-07-04T12:36:12.200+0530] {logging_mixin.py:188} INFO - [2025-07-04T12:36:12.200+0530] {dag.py:3823} INFO - Setting next_dagrun for example_branch_dop_operator_v3 to 2025-07-04 07:05:00+00:00, run_after=2025-07-04 07:06:00+00:00
[2025-07-04T12:36:12.216+0530] {processor.py:183} INFO - Processing /home/tejhanagarajan/Projects/small-projects/NewsImpact/venv/lib64/python3.10/site-packages/airflow/example_dags/example_branch_python_dop_operator_3.py took 0.040 seconds
[2025-07-04T12:37:05.189+0530] {processor.py:161} INFO - Started process (PID=32252) to work on /home/tejhanagarajan/Projects/small-projects/NewsImpact/venv/lib64/python3.10/site-packages/airflow/example_dags/example_branch_python_dop_operator_3.py
[2025-07-04T12:37:05.191+0530] {processor.py:830} INFO - Processing file /home/tejhanagarajan/Projects/small-projects/NewsImpact/venv/lib64/python3.10/site-packages/airflow/example_dags/example_branch_python_dop_operator_3.py for tasks to queue
[2025-07-04T12:37:05.192+0530] {logging_mixin.py:188} INFO - [2025-07-04T12:37:05.192+0530] {dagbag.py:538} INFO - Filling up the DagBag from /home/tejhanagarajan/Projects/small-projects/NewsImpact/venv/lib64/python3.10/site-packages/airflow/example_dags/example_branch_python_dop_operator_3.py
[2025-07-04T12:37:05.197+0530] {processor.py:840} INFO - DAG(s) 'example_branch_dop_operator_v3' retrieved from /home/tejhanagarajan/Projects/small-projects/NewsImpact/venv/lib64/python3.10/site-packages/airflow/example_dags/example_branch_python_dop_operator_3.py
[2025-07-04T12:37:05.208+0530] {logging_mixin.py:188} INFO - [2025-07-04T12:37:05.208+0530] {dag.py:3036} INFO - Sync 1 DAGs
[2025-07-04T12:37:05.220+0530] {logging_mixin.py:188} INFO - [2025-07-04T12:37:05.220+0530] {dag.py:3823} INFO - Setting next_dagrun for example_branch_dop_operator_v3 to 2025-07-04 07:06:00+00:00, run_after=2025-07-04 07:07:00+00:00
[2025-07-04T12:37:05.239+0530] {processor.py:183} INFO - Processing /home/tejhanagarajan/Projects/small-projects/NewsImpact/venv/lib64/python3.10/site-packages/airflow/example_dags/example_branch_python_dop_operator_3.py took 0.052 seconds
[2025-07-04T12:37:52.224+0530] {processor.py:161} INFO - Started process (PID=34046) to work on /home/tejhanagarajan/Projects/small-projects/NewsImpact/venv/lib64/python3.10/site-packages/airflow/example_dags/example_branch_python_dop_operator_3.py
[2025-07-04T12:37:52.226+0530] {processor.py:830} INFO - Processing file /home/tejhanagarajan/Projects/small-projects/NewsImpact/venv/lib64/python3.10/site-packages/airflow/example_dags/example_branch_python_dop_operator_3.py for tasks to queue
[2025-07-04T12:37:52.227+0530] {logging_mixin.py:188} INFO - [2025-07-04T12:37:52.226+0530] {dagbag.py:538} INFO - Filling up the DagBag from /home/tejhanagarajan/Projects/small-projects/NewsImpact/venv/lib64/python3.10/site-packages/airflow/example_dags/example_branch_python_dop_operator_3.py
[2025-07-04T12:37:52.231+0530] {processor.py:840} INFO - DAG(s) 'example_branch_dop_operator_v3' retrieved from /home/tejhanagarajan/Projects/small-projects/NewsImpact/venv/lib64/python3.10/site-packages/airflow/example_dags/example_branch_python_dop_operator_3.py
[2025-07-04T12:37:52.238+0530] {logging_mixin.py:188} INFO - [2025-07-04T12:37:52.238+0530] {dag.py:3036} INFO - Sync 1 DAGs
[2025-07-04T12:37:52.248+0530] {logging_mixin.py:188} INFO - [2025-07-04T12:37:52.248+0530] {dag.py:3823} INFO - Setting next_dagrun for example_branch_dop_operator_v3 to 2025-07-04 07:06:00+00:00, run_after=2025-07-04 07:07:00+00:00
[2025-07-04T12:37:52.265+0530] {processor.py:183} INFO - Processing /home/tejhanagarajan/Projects/small-projects/NewsImpact/venv/lib64/python3.10/site-packages/airflow/example_dags/example_branch_python_dop_operator_3.py took 0.042 seconds
[2025-07-04T12:38:34.549+0530] {processor.py:161} INFO - Started process (PID=34948) to work on /home/tejhanagarajan/Projects/small-projects/NewsImpact/venv/lib64/python3.10/site-packages/airflow/example_dags/example_branch_python_dop_operator_3.py
[2025-07-04T12:38:34.551+0530] {processor.py:830} INFO - Processing file /home/tejhanagarajan/Projects/small-projects/NewsImpact/venv/lib64/python3.10/site-packages/airflow/example_dags/example_branch_python_dop_operator_3.py for tasks to queue
[2025-07-04T12:38:34.552+0530] {logging_mixin.py:188} INFO - [2025-07-04T12:38:34.552+0530] {dagbag.py:538} INFO - Filling up the DagBag from /home/tejhanagarajan/Projects/small-projects/NewsImpact/venv/lib64/python3.10/site-packages/airflow/example_dags/example_branch_python_dop_operator_3.py
[2025-07-04T12:38:34.557+0530] {processor.py:840} INFO - DAG(s) 'example_branch_dop_operator_v3' retrieved from /home/tejhanagarajan/Projects/small-projects/NewsImpact/venv/lib64/python3.10/site-packages/airflow/example_dags/example_branch_python_dop_operator_3.py
[2025-07-04T12:38:34.565+0530] {logging_mixin.py:188} INFO - [2025-07-04T12:38:34.565+0530] {dag.py:3036} INFO - Sync 1 DAGs
[2025-07-04T12:38:34.576+0530] {logging_mixin.py:188} INFO - [2025-07-04T12:38:34.576+0530] {dag.py:3823} INFO - Setting next_dagrun for example_branch_dop_operator_v3 to 2025-07-04 07:07:00+00:00, run_after=2025-07-04 07:08:00+00:00
[2025-07-04T12:38:34.593+0530] {processor.py:183} INFO - Processing /home/tejhanagarajan/Projects/small-projects/NewsImpact/venv/lib64/python3.10/site-packages/airflow/example_dags/example_branch_python_dop_operator_3.py took 0.047 seconds
[2025-07-04T12:38:44.300+0530] {processor.py:161} INFO - Started process (PID=35067) to work on /home/tejhanagarajan/Projects/small-projects/NewsImpact/venv/lib64/python3.10/site-packages/airflow/example_dags/example_branch_python_dop_operator_3.py
[2025-07-04T12:38:44.300+0530] {processor.py:830} INFO - Processing file /home/tejhanagarajan/Projects/small-projects/NewsImpact/venv/lib64/python3.10/site-packages/airflow/example_dags/example_branch_python_dop_operator_3.py for tasks to queue
[2025-07-04T12:38:44.300+0530] {logging_mixin.py:188} INFO - [2025-07-04T12:38:44.300+0530] {dagbag.py:538} INFO - Filling up the DagBag from /home/tejhanagarajan/Projects/small-projects/NewsImpact/venv/lib64/python3.10/site-packages/airflow/example_dags/example_branch_python_dop_operator_3.py
[2025-07-04T12:38:44.305+0530] {processor.py:840} INFO - DAG(s) 'example_branch_dop_operator_v3' retrieved from /home/tejhanagarajan/Projects/small-projects/NewsImpact/venv/lib64/python3.10/site-packages/airflow/example_dags/example_branch_python_dop_operator_3.py
[2025-07-04T12:38:44.312+0530] {logging_mixin.py:188} INFO - [2025-07-04T12:38:44.312+0530] {dag.py:3036} INFO - Sync 1 DAGs
[2025-07-04T12:38:44.321+0530] {logging_mixin.py:188} INFO - [2025-07-04T12:38:44.321+0530] {dag.py:3823} INFO - Setting next_dagrun for example_branch_dop_operator_v3 to 2025-07-04 07:07:00+00:00, run_after=2025-07-04 07:08:00+00:00
[2025-07-04T12:38:44.340+0530] {processor.py:183} INFO - Processing /home/tejhanagarajan/Projects/small-projects/NewsImpact/venv/lib64/python3.10/site-packages/airflow/example_dags/example_branch_python_dop_operator_3.py took 0.043 seconds
[2025-07-04T12:39:26.124+0530] {processor.py:161} INFO - Started process (PID=35462) to work on /home/tejhanagarajan/Projects/small-projects/NewsImpact/venv/lib64/python3.10/site-packages/airflow/example_dags/example_branch_python_dop_operator_3.py
[2025-07-04T12:39:26.127+0530] {processor.py:830} INFO - Processing file /home/tejhanagarajan/Projects/small-projects/NewsImpact/venv/lib64/python3.10/site-packages/airflow/example_dags/example_branch_python_dop_operator_3.py for tasks to queue
[2025-07-04T12:39:26.127+0530] {logging_mixin.py:188} INFO - [2025-07-04T12:39:26.127+0530] {dagbag.py:538} INFO - Filling up the DagBag from /home/tejhanagarajan/Projects/small-projects/NewsImpact/venv/lib64/python3.10/site-packages/airflow/example_dags/example_branch_python_dop_operator_3.py
[2025-07-04T12:39:26.131+0530] {processor.py:840} INFO - DAG(s) 'example_branch_dop_operator_v3' retrieved from /home/tejhanagarajan/Projects/small-projects/NewsImpact/venv/lib64/python3.10/site-packages/airflow/example_dags/example_branch_python_dop_operator_3.py
[2025-07-04T12:39:26.138+0530] {logging_mixin.py:188} INFO - [2025-07-04T12:39:26.138+0530] {dag.py:3036} INFO - Sync 1 DAGs
[2025-07-04T12:39:26.148+0530] {logging_mixin.py:188} INFO - [2025-07-04T12:39:26.148+0530] {dag.py:3823} INFO - Setting next_dagrun for example_branch_dop_operator_v3 to 2025-07-04 07:08:00+00:00, run_after=2025-07-04 07:09:00+00:00
[2025-07-04T12:39:26.165+0530] {processor.py:183} INFO - Processing /home/tejhanagarajan/Projects/small-projects/NewsImpact/venv/lib64/python3.10/site-packages/airflow/example_dags/example_branch_python_dop_operator_3.py took 0.042 seconds
[2025-07-04T12:39:38.667+0530] {processor.py:161} INFO - Started process (PID=35558) to work on /home/tejhanagarajan/Projects/small-projects/NewsImpact/venv/lib64/python3.10/site-packages/airflow/example_dags/example_branch_python_dop_operator_3.py
[2025-07-04T12:39:38.670+0530] {processor.py:830} INFO - Processing file /home/tejhanagarajan/Projects/small-projects/NewsImpact/venv/lib64/python3.10/site-packages/airflow/example_dags/example_branch_python_dop_operator_3.py for tasks to queue
[2025-07-04T12:39:38.671+0530] {logging_mixin.py:188} INFO - [2025-07-04T12:39:38.670+0530] {dagbag.py:538} INFO - Filling up the DagBag from /home/tejhanagarajan/Projects/small-projects/NewsImpact/venv/lib64/python3.10/site-packages/airflow/example_dags/example_branch_python_dop_operator_3.py
[2025-07-04T12:39:38.679+0530] {processor.py:840} INFO - DAG(s) 'example_branch_dop_operator_v3' retrieved from /home/tejhanagarajan/Projects/small-projects/NewsImpact/venv/lib64/python3.10/site-packages/airflow/example_dags/example_branch_python_dop_operator_3.py
[2025-07-04T12:39:38.686+0530] {logging_mixin.py:188} INFO - [2025-07-04T12:39:38.686+0530] {dag.py:3036} INFO - Sync 1 DAGs
[2025-07-04T12:39:38.696+0530] {logging_mixin.py:188} INFO - [2025-07-04T12:39:38.696+0530] {dag.py:3823} INFO - Setting next_dagrun for example_branch_dop_operator_v3 to 2025-07-04 07:08:00+00:00, run_after=2025-07-04 07:09:00+00:00
[2025-07-04T12:39:38.714+0530] {processor.py:183} INFO - Processing /home/tejhanagarajan/Projects/small-projects/NewsImpact/venv/lib64/python3.10/site-packages/airflow/example_dags/example_branch_python_dop_operator_3.py took 0.049 seconds
[2025-07-04T12:42:35.780+0530] {processor.py:161} INFO - Started process (PID=38036) to work on /home/tejhanagarajan/Projects/small-projects/NewsImpact/venv/lib64/python3.10/site-packages/airflow/example_dags/example_branch_python_dop_operator_3.py
[2025-07-04T12:42:35.782+0530] {processor.py:830} INFO - Processing file /home/tejhanagarajan/Projects/small-projects/NewsImpact/venv/lib64/python3.10/site-packages/airflow/example_dags/example_branch_python_dop_operator_3.py for tasks to queue
[2025-07-04T12:42:35.783+0530] {logging_mixin.py:188} INFO - [2025-07-04T12:42:35.783+0530] {dagbag.py:538} INFO - Filling up the DagBag from /home/tejhanagarajan/Projects/small-projects/NewsImpact/venv/lib64/python3.10/site-packages/airflow/example_dags/example_branch_python_dop_operator_3.py
[2025-07-04T12:42:35.789+0530] {processor.py:840} INFO - DAG(s) 'example_branch_dop_operator_v3' retrieved from /home/tejhanagarajan/Projects/small-projects/NewsImpact/venv/lib64/python3.10/site-packages/airflow/example_dags/example_branch_python_dop_operator_3.py
[2025-07-04T12:42:35.798+0530] {logging_mixin.py:188} INFO - [2025-07-04T12:42:35.798+0530] {dag.py:3036} INFO - Sync 1 DAGs
[2025-07-04T12:42:35.808+0530] {logging_mixin.py:188} INFO - [2025-07-04T12:42:35.808+0530] {dag.py:3823} INFO - Setting next_dagrun for example_branch_dop_operator_v3 to 2025-07-04 07:11:00+00:00, run_after=2025-07-04 07:12:00+00:00
[2025-07-04T12:42:35.825+0530] {processor.py:183} INFO - Processing /home/tejhanagarajan/Projects/small-projects/NewsImpact/venv/lib64/python3.10/site-packages/airflow/example_dags/example_branch_python_dop_operator_3.py took 0.048 seconds
[2025-07-04T12:43:26.454+0530] {processor.py:161} INFO - Started process (PID=38475) to work on /home/tejhanagarajan/Projects/small-projects/NewsImpact/venv/lib64/python3.10/site-packages/airflow/example_dags/example_branch_python_dop_operator_3.py
[2025-07-04T12:43:26.457+0530] {processor.py:830} INFO - Processing file /home/tejhanagarajan/Projects/small-projects/NewsImpact/venv/lib64/python3.10/site-packages/airflow/example_dags/example_branch_python_dop_operator_3.py for tasks to queue
[2025-07-04T12:43:26.458+0530] {logging_mixin.py:188} INFO - [2025-07-04T12:43:26.457+0530] {dagbag.py:538} INFO - Filling up the DagBag from /home/tejhanagarajan/Projects/small-projects/NewsImpact/venv/lib64/python3.10/site-packages/airflow/example_dags/example_branch_python_dop_operator_3.py
[2025-07-04T12:43:26.466+0530] {processor.py:840} INFO - DAG(s) 'example_branch_dop_operator_v3' retrieved from /home/tejhanagarajan/Projects/small-projects/NewsImpact/venv/lib64/python3.10/site-packages/airflow/example_dags/example_branch_python_dop_operator_3.py
[2025-07-04T12:43:26.474+0530] {logging_mixin.py:188} INFO - [2025-07-04T12:43:26.474+0530] {dag.py:3036} INFO - Sync 1 DAGs
[2025-07-04T12:43:26.484+0530] {logging_mixin.py:188} INFO - [2025-07-04T12:43:26.484+0530] {dag.py:3823} INFO - Setting next_dagrun for example_branch_dop_operator_v3 to 2025-07-04 07:12:00+00:00, run_after=2025-07-04 07:13:00+00:00
[2025-07-04T12:43:26.502+0530] {processor.py:183} INFO - Processing /home/tejhanagarajan/Projects/small-projects/NewsImpact/venv/lib64/python3.10/site-packages/airflow/example_dags/example_branch_python_dop_operator_3.py took 0.051 seconds
[2025-07-04T12:44:20.334+0530] {processor.py:161} INFO - Started process (PID=38848) to work on /home/tejhanagarajan/Projects/small-projects/NewsImpact/venv/lib64/python3.10/site-packages/airflow/example_dags/example_branch_python_dop_operator_3.py
[2025-07-04T12:44:20.336+0530] {processor.py:830} INFO - Processing file /home/tejhanagarajan/Projects/small-projects/NewsImpact/venv/lib64/python3.10/site-packages/airflow/example_dags/example_branch_python_dop_operator_3.py for tasks to queue
[2025-07-04T12:44:20.337+0530] {logging_mixin.py:188} INFO - [2025-07-04T12:44:20.337+0530] {dagbag.py:538} INFO - Filling up the DagBag from /home/tejhanagarajan/Projects/small-projects/NewsImpact/venv/lib64/python3.10/site-packages/airflow/example_dags/example_branch_python_dop_operator_3.py
[2025-07-04T12:44:20.343+0530] {processor.py:840} INFO - DAG(s) 'example_branch_dop_operator_v3' retrieved from /home/tejhanagarajan/Projects/small-projects/NewsImpact/venv/lib64/python3.10/site-packages/airflow/example_dags/example_branch_python_dop_operator_3.py
[2025-07-04T12:44:20.350+0530] {logging_mixin.py:188} INFO - [2025-07-04T12:44:20.350+0530] {dag.py:3036} INFO - Sync 1 DAGs
[2025-07-04T12:44:20.359+0530] {logging_mixin.py:188} INFO - [2025-07-04T12:44:20.359+0530] {dag.py:3823} INFO - Setting next_dagrun for example_branch_dop_operator_v3 to 2025-07-04 07:13:00+00:00, run_after=2025-07-04 07:14:00+00:00
[2025-07-04T12:44:20.379+0530] {processor.py:183} INFO - Processing /home/tejhanagarajan/Projects/small-projects/NewsImpact/venv/lib64/python3.10/site-packages/airflow/example_dags/example_branch_python_dop_operator_3.py took 0.048 seconds
[2025-07-04T12:45:14.321+0530] {processor.py:161} INFO - Started process (PID=39253) to work on /home/tejhanagarajan/Projects/small-projects/NewsImpact/venv/lib64/python3.10/site-packages/airflow/example_dags/example_branch_python_dop_operator_3.py
[2025-07-04T12:45:14.324+0530] {processor.py:830} INFO - Processing file /home/tejhanagarajan/Projects/small-projects/NewsImpact/venv/lib64/python3.10/site-packages/airflow/example_dags/example_branch_python_dop_operator_3.py for tasks to queue
[2025-07-04T12:45:14.324+0530] {logging_mixin.py:188} INFO - [2025-07-04T12:45:14.324+0530] {dagbag.py:538} INFO - Filling up the DagBag from /home/tejhanagarajan/Projects/small-projects/NewsImpact/venv/lib64/python3.10/site-packages/airflow/example_dags/example_branch_python_dop_operator_3.py
[2025-07-04T12:45:14.329+0530] {processor.py:840} INFO - DAG(s) 'example_branch_dop_operator_v3' retrieved from /home/tejhanagarajan/Projects/small-projects/NewsImpact/venv/lib64/python3.10/site-packages/airflow/example_dags/example_branch_python_dop_operator_3.py
[2025-07-04T12:45:14.336+0530] {logging_mixin.py:188} INFO - [2025-07-04T12:45:14.336+0530] {dag.py:3036} INFO - Sync 1 DAGs
[2025-07-04T12:45:14.345+0530] {logging_mixin.py:188} INFO - [2025-07-04T12:45:14.345+0530] {dag.py:3823} INFO - Setting next_dagrun for example_branch_dop_operator_v3 to 2025-07-04 07:14:00+00:00, run_after=2025-07-04 07:15:00+00:00
[2025-07-04T12:45:14.362+0530] {processor.py:183} INFO - Processing /home/tejhanagarajan/Projects/small-projects/NewsImpact/venv/lib64/python3.10/site-packages/airflow/example_dags/example_branch_python_dop_operator_3.py took 0.045 seconds
[2025-07-04T12:46:08.527+0530] {processor.py:161} INFO - Started process (PID=39627) to work on /home/tejhanagarajan/Projects/small-projects/NewsImpact/venv/lib64/python3.10/site-packages/airflow/example_dags/example_branch_python_dop_operator_3.py
[2025-07-04T12:46:08.530+0530] {processor.py:830} INFO - Processing file /home/tejhanagarajan/Projects/small-projects/NewsImpact/venv/lib64/python3.10/site-packages/airflow/example_dags/example_branch_python_dop_operator_3.py for tasks to queue
[2025-07-04T12:46:08.531+0530] {logging_mixin.py:188} INFO - [2025-07-04T12:46:08.531+0530] {dagbag.py:538} INFO - Filling up the DagBag from /home/tejhanagarajan/Projects/small-projects/NewsImpact/venv/lib64/python3.10/site-packages/airflow/example_dags/example_branch_python_dop_operator_3.py
[2025-07-04T12:46:08.537+0530] {processor.py:840} INFO - DAG(s) 'example_branch_dop_operator_v3' retrieved from /home/tejhanagarajan/Projects/small-projects/NewsImpact/venv/lib64/python3.10/site-packages/airflow/example_dags/example_branch_python_dop_operator_3.py
[2025-07-04T12:46:08.544+0530] {logging_mixin.py:188} INFO - [2025-07-04T12:46:08.543+0530] {dag.py:3036} INFO - Sync 1 DAGs
[2025-07-04T12:46:08.553+0530] {logging_mixin.py:188} INFO - [2025-07-04T12:46:08.553+0530] {dag.py:3823} INFO - Setting next_dagrun for example_branch_dop_operator_v3 to 2025-07-04 07:15:00+00:00, run_after=2025-07-04 07:16:00+00:00
[2025-07-04T12:46:08.570+0530] {processor.py:183} INFO - Processing /home/tejhanagarajan/Projects/small-projects/NewsImpact/venv/lib64/python3.10/site-packages/airflow/example_dags/example_branch_python_dop_operator_3.py took 0.046 seconds
[2025-07-04T12:46:59.411+0530] {processor.py:161} INFO - Started process (PID=40014) to work on /home/tejhanagarajan/Projects/small-projects/NewsImpact/venv/lib64/python3.10/site-packages/airflow/example_dags/example_branch_python_dop_operator_3.py
[2025-07-04T12:46:59.413+0530] {processor.py:830} INFO - Processing file /home/tejhanagarajan/Projects/small-projects/NewsImpact/venv/lib64/python3.10/site-packages/airflow/example_dags/example_branch_python_dop_operator_3.py for tasks to queue
[2025-07-04T12:46:59.413+0530] {logging_mixin.py:188} INFO - [2025-07-04T12:46:59.413+0530] {dagbag.py:538} INFO - Filling up the DagBag from /home/tejhanagarajan/Projects/small-projects/NewsImpact/venv/lib64/python3.10/site-packages/airflow/example_dags/example_branch_python_dop_operator_3.py
[2025-07-04T12:46:59.418+0530] {processor.py:840} INFO - DAG(s) 'example_branch_dop_operator_v3' retrieved from /home/tejhanagarajan/Projects/small-projects/NewsImpact/venv/lib64/python3.10/site-packages/airflow/example_dags/example_branch_python_dop_operator_3.py
[2025-07-04T12:46:59.425+0530] {logging_mixin.py:188} INFO - [2025-07-04T12:46:59.425+0530] {dag.py:3036} INFO - Sync 1 DAGs
[2025-07-04T12:46:59.435+0530] {logging_mixin.py:188} INFO - [2025-07-04T12:46:59.435+0530] {dag.py:3823} INFO - Setting next_dagrun for example_branch_dop_operator_v3 to 2025-07-04 07:15:00+00:00, run_after=2025-07-04 07:16:00+00:00
[2025-07-04T12:46:59.452+0530] {processor.py:183} INFO - Processing /home/tejhanagarajan/Projects/small-projects/NewsImpact/venv/lib64/python3.10/site-packages/airflow/example_dags/example_branch_python_dop_operator_3.py took 0.042 seconds
[2025-07-04T12:47:53.724+0530] {processor.py:161} INFO - Started process (PID=40410) to work on /home/tejhanagarajan/Projects/small-projects/NewsImpact/venv/lib64/python3.10/site-packages/airflow/example_dags/example_branch_python_dop_operator_3.py
[2025-07-04T12:47:53.726+0530] {processor.py:830} INFO - Processing file /home/tejhanagarajan/Projects/small-projects/NewsImpact/venv/lib64/python3.10/site-packages/airflow/example_dags/example_branch_python_dop_operator_3.py for tasks to queue
[2025-07-04T12:47:53.727+0530] {logging_mixin.py:188} INFO - [2025-07-04T12:47:53.727+0530] {dagbag.py:538} INFO - Filling up the DagBag from /home/tejhanagarajan/Projects/small-projects/NewsImpact/venv/lib64/python3.10/site-packages/airflow/example_dags/example_branch_python_dop_operator_3.py
[2025-07-04T12:47:53.733+0530] {processor.py:840} INFO - DAG(s) 'example_branch_dop_operator_v3' retrieved from /home/tejhanagarajan/Projects/small-projects/NewsImpact/venv/lib64/python3.10/site-packages/airflow/example_dags/example_branch_python_dop_operator_3.py
[2025-07-04T12:47:53.741+0530] {logging_mixin.py:188} INFO - [2025-07-04T12:47:53.741+0530] {dag.py:3036} INFO - Sync 1 DAGs
[2025-07-04T12:47:53.750+0530] {logging_mixin.py:188} INFO - [2025-07-04T12:47:53.750+0530] {dag.py:3823} INFO - Setting next_dagrun for example_branch_dop_operator_v3 to 2025-07-04 07:16:00+00:00, run_after=2025-07-04 07:17:00+00:00
[2025-07-04T12:47:53.769+0530] {processor.py:183} INFO - Processing /home/tejhanagarajan/Projects/small-projects/NewsImpact/venv/lib64/python3.10/site-packages/airflow/example_dags/example_branch_python_dop_operator_3.py took 0.047 seconds
