[2025-07-04T12:26:41.084+0530] {processor.py:161} INFO - Started process (PID=25197) to work on /home/tejhanagarajan/Projects/small-projects/NewsImpact/venv/lib64/python3.10/site-packages/airflow/example_dags/example_task_group.py
[2025-07-04T12:26:41.084+0530] {processor.py:830} INFO - Processing file /home/tejhanagarajan/Projects/small-projects/NewsImpact/venv/lib64/python3.10/site-packages/airflow/example_dags/example_task_group.py for tasks to queue
[2025-07-04T12:26:41.084+0530] {logging_mixin.py:188} INFO - [2025-07-04T12:26:41.084+0530] {dagbag.py:538} INFO - Filling up the DagBag from /home/tejhanagarajan/Projects/small-projects/NewsImpact/venv/lib64/python3.10/site-packages/airflow/example_dags/example_task_group.py
[2025-07-04T12:26:41.089+0530] {processor.py:840} INFO - DAG(s) 'example_task_group' retrieved from /home/tejhanagarajan/Projects/small-projects/NewsImpact/venv/lib64/python3.10/site-packages/airflow/example_dags/example_task_group.py
[2025-07-04T12:26:41.151+0530] {logging_mixin.py:188} INFO - [2025-07-04T12:26:41.150+0530] {override.py:1769} INFO - Created Permission View: can read on DAG:example_task_group
[2025-07-04T12:26:41.167+0530] {logging_mixin.py:188} INFO - [2025-07-04T12:26:41.167+0530] {override.py:1769} INFO - Created Permission View: can edit on DAG:example_task_group
[2025-07-04T12:26:41.181+0530] {logging_mixin.py:188} INFO - [2025-07-04T12:26:41.181+0530] {override.py:1769} INFO - Created Permission View: can delete on DAG:example_task_group
[2025-07-04T12:26:41.181+0530] {logging_mixin.py:188} INFO - [2025-07-04T12:26:41.181+0530] {dag.py:3036} INFO - Sync 1 DAGs
[2025-07-04T12:26:41.188+0530] {logging_mixin.py:188} INFO - [2025-07-04T12:26:41.188+0530] {dag.py:3058} INFO - Creating ORM DAG for example_task_group
[2025-07-04T12:26:41.192+0530] {logging_mixin.py:188} INFO - [2025-07-04T12:26:41.192+0530] {dag.py:3823} INFO - Setting next_dagrun for example_task_group to 2025-07-03 00:00:00+00:00, run_after=2025-07-04 00:00:00+00:00
[2025-07-04T12:26:41.209+0530] {processor.py:183} INFO - Processing /home/tejhanagarajan/Projects/small-projects/NewsImpact/venv/lib64/python3.10/site-packages/airflow/example_dags/example_task_group.py took 0.127 seconds
[2025-07-04T12:27:31.530+0530] {processor.py:161} INFO - Started process (PID=25584) to work on /home/tejhanagarajan/Projects/small-projects/NewsImpact/venv/lib64/python3.10/site-packages/airflow/example_dags/example_task_group.py
[2025-07-04T12:27:31.531+0530] {processor.py:830} INFO - Processing file /home/tejhanagarajan/Projects/small-projects/NewsImpact/venv/lib64/python3.10/site-packages/airflow/example_dags/example_task_group.py for tasks to queue
[2025-07-04T12:27:31.532+0530] {logging_mixin.py:188} INFO - [2025-07-04T12:27:31.531+0530] {dagbag.py:538} INFO - Filling up the DagBag from /home/tejhanagarajan/Projects/small-projects/NewsImpact/venv/lib64/python3.10/site-packages/airflow/example_dags/example_task_group.py
[2025-07-04T12:27:31.537+0530] {processor.py:840} INFO - DAG(s) 'example_task_group' retrieved from /home/tejhanagarajan/Projects/small-projects/NewsImpact/venv/lib64/python3.10/site-packages/airflow/example_dags/example_task_group.py
[2025-07-04T12:27:31.547+0530] {logging_mixin.py:188} INFO - [2025-07-04T12:27:31.547+0530] {dag.py:3036} INFO - Sync 1 DAGs
[2025-07-04T12:27:31.555+0530] {logging_mixin.py:188} INFO - [2025-07-04T12:27:31.555+0530] {dag.py:3823} INFO - Setting next_dagrun for example_task_group to 2025-07-03 00:00:00+00:00, run_after=2025-07-04 00:00:00+00:00
[2025-07-04T12:27:31.572+0530] {processor.py:183} INFO - Processing /home/tejhanagarajan/Projects/small-projects/NewsImpact/venv/lib64/python3.10/site-packages/airflow/example_dags/example_task_group.py took 0.044 seconds
[2025-07-04T12:28:20.273+0530] {processor.py:161} INFO - Started process (PID=25987) to work on /home/tejhanagarajan/Projects/small-projects/NewsImpact/venv/lib64/python3.10/site-packages/airflow/example_dags/example_task_group.py
[2025-07-04T12:28:20.273+0530] {processor.py:830} INFO - Processing file /home/tejhanagarajan/Projects/small-projects/NewsImpact/venv/lib64/python3.10/site-packages/airflow/example_dags/example_task_group.py for tasks to queue
[2025-07-04T12:28:20.274+0530] {logging_mixin.py:188} INFO - [2025-07-04T12:28:20.273+0530] {dagbag.py:538} INFO - Filling up the DagBag from /home/tejhanagarajan/Projects/small-projects/NewsImpact/venv/lib64/python3.10/site-packages/airflow/example_dags/example_task_group.py
[2025-07-04T12:28:20.278+0530] {processor.py:840} INFO - DAG(s) 'example_task_group' retrieved from /home/tejhanagarajan/Projects/small-projects/NewsImpact/venv/lib64/python3.10/site-packages/airflow/example_dags/example_task_group.py
[2025-07-04T12:28:20.286+0530] {logging_mixin.py:188} INFO - [2025-07-04T12:28:20.286+0530] {dag.py:3036} INFO - Sync 1 DAGs
[2025-07-04T12:28:20.295+0530] {logging_mixin.py:188} INFO - [2025-07-04T12:28:20.295+0530] {dag.py:3823} INFO - Setting next_dagrun for example_task_group to 2025-07-03 00:00:00+00:00, run_after=2025-07-04 00:00:00+00:00
[2025-07-04T12:28:20.313+0530] {processor.py:183} INFO - Processing /home/tejhanagarajan/Projects/small-projects/NewsImpact/venv/lib64/python3.10/site-packages/airflow/example_dags/example_task_group.py took 0.042 seconds
[2025-07-04T12:29:00.349+0530] {processor.py:161} INFO - Started process (PID=26312) to work on /home/tejhanagarajan/Projects/small-projects/NewsImpact/venv/lib64/python3.10/site-packages/airflow/example_dags/example_task_group.py
[2025-07-04T12:29:00.351+0530] {processor.py:830} INFO - Processing file /home/tejhanagarajan/Projects/small-projects/NewsImpact/venv/lib64/python3.10/site-packages/airflow/example_dags/example_task_group.py for tasks to queue
[2025-07-04T12:29:00.352+0530] {logging_mixin.py:188} INFO - [2025-07-04T12:29:00.352+0530] {dagbag.py:538} INFO - Filling up the DagBag from /home/tejhanagarajan/Projects/small-projects/NewsImpact/venv/lib64/python3.10/site-packages/airflow/example_dags/example_task_group.py
[2025-07-04T12:29:00.356+0530] {processor.py:840} INFO - DAG(s) 'example_task_group' retrieved from /home/tejhanagarajan/Projects/small-projects/NewsImpact/venv/lib64/python3.10/site-packages/airflow/example_dags/example_task_group.py
[2025-07-04T12:29:00.363+0530] {logging_mixin.py:188} INFO - [2025-07-04T12:29:00.363+0530] {dag.py:3036} INFO - Sync 1 DAGs
[2025-07-04T12:29:00.372+0530] {logging_mixin.py:188} INFO - [2025-07-04T12:29:00.372+0530] {dag.py:3823} INFO - Setting next_dagrun for example_task_group to 2025-07-03 00:00:00+00:00, run_after=2025-07-04 00:00:00+00:00
[2025-07-04T12:29:00.390+0530] {processor.py:183} INFO - Processing /home/tejhanagarajan/Projects/small-projects/NewsImpact/venv/lib64/python3.10/site-packages/airflow/example_dags/example_task_group.py took 0.042 seconds
[2025-07-04T12:29:40.035+0530] {processor.py:161} INFO - Started process (PID=26642) to work on /home/tejhanagarajan/Projects/small-projects/NewsImpact/venv/lib64/python3.10/site-packages/airflow/example_dags/example_task_group.py
[2025-07-04T12:29:40.038+0530] {processor.py:830} INFO - Processing file /home/tejhanagarajan/Projects/small-projects/NewsImpact/venv/lib64/python3.10/site-packages/airflow/example_dags/example_task_group.py for tasks to queue
[2025-07-04T12:29:40.039+0530] {logging_mixin.py:188} INFO - [2025-07-04T12:29:40.038+0530] {dagbag.py:538} INFO - Filling up the DagBag from /home/tejhanagarajan/Projects/small-projects/NewsImpact/venv/lib64/python3.10/site-packages/airflow/example_dags/example_task_group.py
[2025-07-04T12:29:40.045+0530] {processor.py:840} INFO - DAG(s) 'example_task_group' retrieved from /home/tejhanagarajan/Projects/small-projects/NewsImpact/venv/lib64/python3.10/site-packages/airflow/example_dags/example_task_group.py
[2025-07-04T12:29:40.052+0530] {logging_mixin.py:188} INFO - [2025-07-04T12:29:40.052+0530] {dag.py:3036} INFO - Sync 1 DAGs
[2025-07-04T12:29:40.060+0530] {logging_mixin.py:188} INFO - [2025-07-04T12:29:40.060+0530] {dag.py:3823} INFO - Setting next_dagrun for example_task_group to 2025-07-03 00:00:00+00:00, run_after=2025-07-04 00:00:00+00:00
[2025-07-04T12:29:40.078+0530] {processor.py:183} INFO - Processing /home/tejhanagarajan/Projects/small-projects/NewsImpact/venv/lib64/python3.10/site-packages/airflow/example_dags/example_task_group.py took 0.044 seconds
[2025-07-04T12:30:29.496+0530] {processor.py:161} INFO - Started process (PID=27013) to work on /home/tejhanagarajan/Projects/small-projects/NewsImpact/venv/lib64/python3.10/site-packages/airflow/example_dags/example_task_group.py
[2025-07-04T12:30:29.498+0530] {processor.py:830} INFO - Processing file /home/tejhanagarajan/Projects/small-projects/NewsImpact/venv/lib64/python3.10/site-packages/airflow/example_dags/example_task_group.py for tasks to queue
[2025-07-04T12:30:29.498+0530] {logging_mixin.py:188} INFO - [2025-07-04T12:30:29.498+0530] {dagbag.py:538} INFO - Filling up the DagBag from /home/tejhanagarajan/Projects/small-projects/NewsImpact/venv/lib64/python3.10/site-packages/airflow/example_dags/example_task_group.py
[2025-07-04T12:30:29.502+0530] {processor.py:840} INFO - DAG(s) 'example_task_group' retrieved from /home/tejhanagarajan/Projects/small-projects/NewsImpact/venv/lib64/python3.10/site-packages/airflow/example_dags/example_task_group.py
[2025-07-04T12:30:29.510+0530] {logging_mixin.py:188} INFO - [2025-07-04T12:30:29.510+0530] {dag.py:3036} INFO - Sync 1 DAGs
[2025-07-04T12:30:29.518+0530] {logging_mixin.py:188} INFO - [2025-07-04T12:30:29.518+0530] {dag.py:3823} INFO - Setting next_dagrun for example_task_group to 2025-07-03 00:00:00+00:00, run_after=2025-07-04 00:00:00+00:00
[2025-07-04T12:30:29.535+0530] {processor.py:183} INFO - Processing /home/tejhanagarajan/Projects/small-projects/NewsImpact/venv/lib64/python3.10/site-packages/airflow/example_dags/example_task_group.py took 0.041 seconds
[2025-07-04T12:33:07.364+0530] {processor.py:161} INFO - Started process (PID=30067) to work on /home/tejhanagarajan/Projects/small-projects/NewsImpact/venv/lib64/python3.10/site-packages/airflow/example_dags/example_task_group.py
[2025-07-04T12:33:07.367+0530] {processor.py:830} INFO - Processing file /home/tejhanagarajan/Projects/small-projects/NewsImpact/venv/lib64/python3.10/site-packages/airflow/example_dags/example_task_group.py for tasks to queue
[2025-07-04T12:33:07.367+0530] {logging_mixin.py:188} INFO - [2025-07-04T12:33:07.367+0530] {dagbag.py:538} INFO - Filling up the DagBag from /home/tejhanagarajan/Projects/small-projects/NewsImpact/venv/lib64/python3.10/site-packages/airflow/example_dags/example_task_group.py
[2025-07-04T12:33:07.371+0530] {processor.py:840} INFO - DAG(s) 'example_task_group' retrieved from /home/tejhanagarajan/Projects/small-projects/NewsImpact/venv/lib64/python3.10/site-packages/airflow/example_dags/example_task_group.py
[2025-07-04T12:33:07.379+0530] {logging_mixin.py:188} INFO - [2025-07-04T12:33:07.379+0530] {dag.py:3036} INFO - Sync 1 DAGs
[2025-07-04T12:33:07.388+0530] {logging_mixin.py:188} INFO - [2025-07-04T12:33:07.388+0530] {dag.py:3823} INFO - Setting next_dagrun for example_task_group to 2025-07-03 00:00:00+00:00, run_after=2025-07-04 00:00:00+00:00
[2025-07-04T12:33:07.404+0530] {processor.py:183} INFO - Processing /home/tejhanagarajan/Projects/small-projects/NewsImpact/venv/lib64/python3.10/site-packages/airflow/example_dags/example_task_group.py took 0.041 seconds
[2025-07-04T12:33:53.696+0530] {processor.py:161} INFO - Started process (PID=30416) to work on /home/tejhanagarajan/Projects/small-projects/NewsImpact/venv/lib64/python3.10/site-packages/airflow/example_dags/example_task_group.py
[2025-07-04T12:33:53.698+0530] {processor.py:830} INFO - Processing file /home/tejhanagarajan/Projects/small-projects/NewsImpact/venv/lib64/python3.10/site-packages/airflow/example_dags/example_task_group.py for tasks to queue
[2025-07-04T12:33:53.698+0530] {logging_mixin.py:188} INFO - [2025-07-04T12:33:53.698+0530] {dagbag.py:538} INFO - Filling up the DagBag from /home/tejhanagarajan/Projects/small-projects/NewsImpact/venv/lib64/python3.10/site-packages/airflow/example_dags/example_task_group.py
[2025-07-04T12:33:53.702+0530] {processor.py:840} INFO - DAG(s) 'example_task_group' retrieved from /home/tejhanagarajan/Projects/small-projects/NewsImpact/venv/lib64/python3.10/site-packages/airflow/example_dags/example_task_group.py
[2025-07-04T12:33:53.709+0530] {logging_mixin.py:188} INFO - [2025-07-04T12:33:53.709+0530] {dag.py:3036} INFO - Sync 1 DAGs
[2025-07-04T12:33:53.718+0530] {logging_mixin.py:188} INFO - [2025-07-04T12:33:53.718+0530] {dag.py:3823} INFO - Setting next_dagrun for example_task_group to 2025-07-03 00:00:00+00:00, run_after=2025-07-04 00:00:00+00:00
[2025-07-04T12:33:53.734+0530] {processor.py:183} INFO - Processing /home/tejhanagarajan/Projects/small-projects/NewsImpact/venv/lib64/python3.10/site-packages/airflow/example_dags/example_task_group.py took 0.040 seconds
[2025-07-04T12:34:41.231+0530] {processor.py:161} INFO - Started process (PID=31007) to work on /home/tejhanagarajan/Projects/small-projects/NewsImpact/venv/lib64/python3.10/site-packages/airflow/example_dags/example_task_group.py
[2025-07-04T12:34:41.233+0530] {processor.py:830} INFO - Processing file /home/tejhanagarajan/Projects/small-projects/NewsImpact/venv/lib64/python3.10/site-packages/airflow/example_dags/example_task_group.py for tasks to queue
[2025-07-04T12:34:41.234+0530] {logging_mixin.py:188} INFO - [2025-07-04T12:34:41.234+0530] {dagbag.py:538} INFO - Filling up the DagBag from /home/tejhanagarajan/Projects/small-projects/NewsImpact/venv/lib64/python3.10/site-packages/airflow/example_dags/example_task_group.py
[2025-07-04T12:34:41.238+0530] {processor.py:840} INFO - DAG(s) 'example_task_group' retrieved from /home/tejhanagarajan/Projects/small-projects/NewsImpact/venv/lib64/python3.10/site-packages/airflow/example_dags/example_task_group.py
[2025-07-04T12:34:41.246+0530] {logging_mixin.py:188} INFO - [2025-07-04T12:34:41.246+0530] {dag.py:3036} INFO - Sync 1 DAGs
[2025-07-04T12:34:41.254+0530] {logging_mixin.py:188} INFO - [2025-07-04T12:34:41.254+0530] {dag.py:3823} INFO - Setting next_dagrun for example_task_group to 2025-07-03 00:00:00+00:00, run_after=2025-07-04 00:00:00+00:00
[2025-07-04T12:34:41.271+0530] {processor.py:183} INFO - Processing /home/tejhanagarajan/Projects/small-projects/NewsImpact/venv/lib64/python3.10/site-packages/airflow/example_dags/example_task_group.py took 0.041 seconds
[2025-07-04T12:35:34.232+0530] {processor.py:161} INFO - Started process (PID=31457) to work on /home/tejhanagarajan/Projects/small-projects/NewsImpact/venv/lib64/python3.10/site-packages/airflow/example_dags/example_task_group.py
[2025-07-04T12:35:34.236+0530] {processor.py:830} INFO - Processing file /home/tejhanagarajan/Projects/small-projects/NewsImpact/venv/lib64/python3.10/site-packages/airflow/example_dags/example_task_group.py for tasks to queue
[2025-07-04T12:35:34.237+0530] {logging_mixin.py:188} INFO - [2025-07-04T12:35:34.236+0530] {dagbag.py:538} INFO - Filling up the DagBag from /home/tejhanagarajan/Projects/small-projects/NewsImpact/venv/lib64/python3.10/site-packages/airflow/example_dags/example_task_group.py
[2025-07-04T12:35:34.243+0530] {processor.py:840} INFO - DAG(s) 'example_task_group' retrieved from /home/tejhanagarajan/Projects/small-projects/NewsImpact/venv/lib64/python3.10/site-packages/airflow/example_dags/example_task_group.py
[2025-07-04T12:35:34.250+0530] {logging_mixin.py:188} INFO - [2025-07-04T12:35:34.250+0530] {dag.py:3036} INFO - Sync 1 DAGs
[2025-07-04T12:35:34.259+0530] {logging_mixin.py:188} INFO - [2025-07-04T12:35:34.259+0530] {dag.py:3823} INFO - Setting next_dagrun for example_task_group to 2025-07-03 00:00:00+00:00, run_after=2025-07-04 00:00:00+00:00
[2025-07-04T12:35:34.274+0530] {processor.py:183} INFO - Processing /home/tejhanagarajan/Projects/small-projects/NewsImpact/venv/lib64/python3.10/site-packages/airflow/example_dags/example_task_group.py took 0.045 seconds
[2025-07-04T12:36:28.138+0530] {processor.py:161} INFO - Started process (PID=31858) to work on /home/tejhanagarajan/Projects/small-projects/NewsImpact/venv/lib64/python3.10/site-packages/airflow/example_dags/example_task_group.py
[2025-07-04T12:36:28.143+0530] {processor.py:830} INFO - Processing file /home/tejhanagarajan/Projects/small-projects/NewsImpact/venv/lib64/python3.10/site-packages/airflow/example_dags/example_task_group.py for tasks to queue
[2025-07-04T12:36:28.145+0530] {logging_mixin.py:188} INFO - [2025-07-04T12:36:28.144+0530] {dagbag.py:538} INFO - Filling up the DagBag from /home/tejhanagarajan/Projects/small-projects/NewsImpact/venv/lib64/python3.10/site-packages/airflow/example_dags/example_task_group.py
[2025-07-04T12:36:28.151+0530] {processor.py:840} INFO - DAG(s) 'example_task_group' retrieved from /home/tejhanagarajan/Projects/small-projects/NewsImpact/venv/lib64/python3.10/site-packages/airflow/example_dags/example_task_group.py
[2025-07-04T12:36:28.158+0530] {logging_mixin.py:188} INFO - [2025-07-04T12:36:28.158+0530] {dag.py:3036} INFO - Sync 1 DAGs
[2025-07-04T12:36:28.165+0530] {logging_mixin.py:188} INFO - [2025-07-04T12:36:28.165+0530] {dag.py:3823} INFO - Setting next_dagrun for example_task_group to 2025-07-03 00:00:00+00:00, run_after=2025-07-04 00:00:00+00:00
[2025-07-04T12:36:28.181+0530] {processor.py:183} INFO - Processing /home/tejhanagarajan/Projects/small-projects/NewsImpact/venv/lib64/python3.10/site-packages/airflow/example_dags/example_task_group.py took 0.044 seconds
[2025-07-04T12:37:16.746+0530] {processor.py:161} INFO - Started process (PID=32355) to work on /home/tejhanagarajan/Projects/small-projects/NewsImpact/venv/lib64/python3.10/site-packages/airflow/example_dags/example_task_group.py
[2025-07-04T12:37:16.748+0530] {processor.py:830} INFO - Processing file /home/tejhanagarajan/Projects/small-projects/NewsImpact/venv/lib64/python3.10/site-packages/airflow/example_dags/example_task_group.py for tasks to queue
[2025-07-04T12:37:16.749+0530] {logging_mixin.py:188} INFO - [2025-07-04T12:37:16.749+0530] {dagbag.py:538} INFO - Filling up the DagBag from /home/tejhanagarajan/Projects/small-projects/NewsImpact/venv/lib64/python3.10/site-packages/airflow/example_dags/example_task_group.py
[2025-07-04T12:37:16.756+0530] {processor.py:840} INFO - DAG(s) 'example_task_group' retrieved from /home/tejhanagarajan/Projects/small-projects/NewsImpact/venv/lib64/python3.10/site-packages/airflow/example_dags/example_task_group.py
[2025-07-04T12:37:16.765+0530] {logging_mixin.py:188} INFO - [2025-07-04T12:37:16.765+0530] {dag.py:3036} INFO - Sync 1 DAGs
[2025-07-04T12:37:16.773+0530] {logging_mixin.py:188} INFO - [2025-07-04T12:37:16.773+0530] {dag.py:3823} INFO - Setting next_dagrun for example_task_group to 2025-07-03 00:00:00+00:00, run_after=2025-07-04 00:00:00+00:00
[2025-07-04T12:37:16.793+0530] {processor.py:183} INFO - Processing /home/tejhanagarajan/Projects/small-projects/NewsImpact/venv/lib64/python3.10/site-packages/airflow/example_dags/example_task_group.py took 0.050 seconds
[2025-07-04T12:38:06.306+0530] {processor.py:161} INFO - Started process (PID=34734) to work on /home/tejhanagarajan/Projects/small-projects/NewsImpact/venv/lib64/python3.10/site-packages/airflow/example_dags/example_task_group.py
[2025-07-04T12:38:06.308+0530] {processor.py:830} INFO - Processing file /home/tejhanagarajan/Projects/small-projects/NewsImpact/venv/lib64/python3.10/site-packages/airflow/example_dags/example_task_group.py for tasks to queue
[2025-07-04T12:38:06.308+0530] {logging_mixin.py:188} INFO - [2025-07-04T12:38:06.308+0530] {dagbag.py:538} INFO - Filling up the DagBag from /home/tejhanagarajan/Projects/small-projects/NewsImpact/venv/lib64/python3.10/site-packages/airflow/example_dags/example_task_group.py
[2025-07-04T12:38:06.313+0530] {processor.py:840} INFO - DAG(s) 'example_task_group' retrieved from /home/tejhanagarajan/Projects/small-projects/NewsImpact/venv/lib64/python3.10/site-packages/airflow/example_dags/example_task_group.py
[2025-07-04T12:38:06.321+0530] {logging_mixin.py:188} INFO - [2025-07-04T12:38:06.321+0530] {dag.py:3036} INFO - Sync 1 DAGs
[2025-07-04T12:38:06.330+0530] {logging_mixin.py:188} INFO - [2025-07-04T12:38:06.330+0530] {dag.py:3823} INFO - Setting next_dagrun for example_task_group to 2025-07-03 00:00:00+00:00, run_after=2025-07-04 00:00:00+00:00
[2025-07-04T12:38:06.348+0530] {processor.py:183} INFO - Processing /home/tejhanagarajan/Projects/small-projects/NewsImpact/venv/lib64/python3.10/site-packages/airflow/example_dags/example_task_group.py took 0.044 seconds
[2025-07-04T12:38:09.433+0530] {processor.py:161} INFO - Started process (PID=34763) to work on /home/tejhanagarajan/Projects/small-projects/NewsImpact/venv/lib64/python3.10/site-packages/airflow/example_dags/example_task_group.py
[2025-07-04T12:38:09.434+0530] {processor.py:830} INFO - Processing file /home/tejhanagarajan/Projects/small-projects/NewsImpact/venv/lib64/python3.10/site-packages/airflow/example_dags/example_task_group.py for tasks to queue
[2025-07-04T12:38:09.434+0530] {logging_mixin.py:188} INFO - [2025-07-04T12:38:09.434+0530] {dagbag.py:538} INFO - Filling up the DagBag from /home/tejhanagarajan/Projects/small-projects/NewsImpact/venv/lib64/python3.10/site-packages/airflow/example_dags/example_task_group.py
[2025-07-04T12:38:09.440+0530] {processor.py:840} INFO - DAG(s) 'example_task_group' retrieved from /home/tejhanagarajan/Projects/small-projects/NewsImpact/venv/lib64/python3.10/site-packages/airflow/example_dags/example_task_group.py
[2025-07-04T12:38:09.449+0530] {logging_mixin.py:188} INFO - [2025-07-04T12:38:09.449+0530] {dag.py:3036} INFO - Sync 1 DAGs
[2025-07-04T12:38:09.459+0530] {logging_mixin.py:188} INFO - [2025-07-04T12:38:09.459+0530] {dag.py:3823} INFO - Setting next_dagrun for example_task_group to 2025-07-03 00:00:00+00:00, run_after=2025-07-04 00:00:00+00:00
[2025-07-04T12:38:09.475+0530] {processor.py:183} INFO - Processing /home/tejhanagarajan/Projects/small-projects/NewsImpact/venv/lib64/python3.10/site-packages/airflow/example_dags/example_task_group.py took 0.045 seconds
[2025-07-04T12:38:56.974+0530] {processor.py:161} INFO - Started process (PID=35168) to work on /home/tejhanagarajan/Projects/small-projects/NewsImpact/venv/lib64/python3.10/site-packages/airflow/example_dags/example_task_group.py
[2025-07-04T12:38:56.976+0530] {processor.py:830} INFO - Processing file /home/tejhanagarajan/Projects/small-projects/NewsImpact/venv/lib64/python3.10/site-packages/airflow/example_dags/example_task_group.py for tasks to queue
[2025-07-04T12:38:56.976+0530] {logging_mixin.py:188} INFO - [2025-07-04T12:38:56.976+0530] {dagbag.py:538} INFO - Filling up the DagBag from /home/tejhanagarajan/Projects/small-projects/NewsImpact/venv/lib64/python3.10/site-packages/airflow/example_dags/example_task_group.py
[2025-07-04T12:38:56.982+0530] {processor.py:840} INFO - DAG(s) 'example_task_group' retrieved from /home/tejhanagarajan/Projects/small-projects/NewsImpact/venv/lib64/python3.10/site-packages/airflow/example_dags/example_task_group.py
[2025-07-04T12:38:56.990+0530] {logging_mixin.py:188} INFO - [2025-07-04T12:38:56.990+0530] {dag.py:3036} INFO - Sync 1 DAGs
[2025-07-04T12:38:56.998+0530] {processor.py:161} INFO - Started process (PID=35169) to work on /home/tejhanagarajan/Projects/small-projects/NewsImpact/venv/lib64/python3.10/site-packages/airflow/example_dags/example_task_group.py
[2025-07-04T12:38:56.998+0530] {processor.py:830} INFO - Processing file /home/tejhanagarajan/Projects/small-projects/NewsImpact/venv/lib64/python3.10/site-packages/airflow/example_dags/example_task_group.py for tasks to queue
[2025-07-04T12:38:56.999+0530] {logging_mixin.py:188} INFO - [2025-07-04T12:38:56.998+0530] {dagbag.py:538} INFO - Filling up the DagBag from /home/tejhanagarajan/Projects/small-projects/NewsImpact/venv/lib64/python3.10/site-packages/airflow/example_dags/example_task_group.py
[2025-07-04T12:38:56.999+0530] {logging_mixin.py:188} INFO - [2025-07-04T12:38:56.999+0530] {dag.py:3823} INFO - Setting next_dagrun for example_task_group to 2025-07-03 00:00:00+00:00, run_after=2025-07-04 00:00:00+00:00
[2025-07-04T12:38:57.003+0530] {processor.py:840} INFO - DAG(s) 'example_task_group' retrieved from /home/tejhanagarajan/Projects/small-projects/NewsImpact/venv/lib64/python3.10/site-packages/airflow/example_dags/example_task_group.py
[2025-07-04T12:38:57.017+0530] {processor.py:183} INFO - Processing /home/tejhanagarajan/Projects/small-projects/NewsImpact/venv/lib64/python3.10/site-packages/airflow/example_dags/example_task_group.py took 0.045 seconds
[2025-07-04T12:38:57.019+0530] {logging_mixin.py:188} INFO - [2025-07-04T12:38:57.019+0530] {dag.py:3036} INFO - Sync 1 DAGs
[2025-07-04T12:38:57.028+0530] {logging_mixin.py:188} INFO - [2025-07-04T12:38:57.028+0530] {dag.py:3823} INFO - Setting next_dagrun for example_task_group to 2025-07-03 00:00:00+00:00, run_after=2025-07-04 00:00:00+00:00
[2025-07-04T12:38:57.044+0530] {processor.py:183} INFO - Processing /home/tejhanagarajan/Projects/small-projects/NewsImpact/venv/lib64/python3.10/site-packages/airflow/example_dags/example_task_group.py took 0.049 seconds
[2025-07-04T12:39:44.415+0530] {processor.py:161} INFO - Started process (PID=35603) to work on /home/tejhanagarajan/Projects/small-projects/NewsImpact/venv/lib64/python3.10/site-packages/airflow/example_dags/example_task_group.py
[2025-07-04T12:39:44.417+0530] {processor.py:830} INFO - Processing file /home/tejhanagarajan/Projects/small-projects/NewsImpact/venv/lib64/python3.10/site-packages/airflow/example_dags/example_task_group.py for tasks to queue
[2025-07-04T12:39:44.417+0530] {logging_mixin.py:188} INFO - [2025-07-04T12:39:44.417+0530] {dagbag.py:538} INFO - Filling up the DagBag from /home/tejhanagarajan/Projects/small-projects/NewsImpact/venv/lib64/python3.10/site-packages/airflow/example_dags/example_task_group.py
[2025-07-04T12:39:44.422+0530] {processor.py:840} INFO - DAG(s) 'example_task_group' retrieved from /home/tejhanagarajan/Projects/small-projects/NewsImpact/venv/lib64/python3.10/site-packages/airflow/example_dags/example_task_group.py
[2025-07-04T12:39:44.430+0530] {logging_mixin.py:188} INFO - [2025-07-04T12:39:44.430+0530] {dag.py:3036} INFO - Sync 1 DAGs
[2025-07-04T12:39:44.439+0530] {logging_mixin.py:188} INFO - [2025-07-04T12:39:44.439+0530] {dag.py:3823} INFO - Setting next_dagrun for example_task_group to 2025-07-03 00:00:00+00:00, run_after=2025-07-04 00:00:00+00:00
[2025-07-04T12:39:44.458+0530] {processor.py:183} INFO - Processing /home/tejhanagarajan/Projects/small-projects/NewsImpact/venv/lib64/python3.10/site-packages/airflow/example_dags/example_task_group.py took 0.044 seconds
[2025-07-04T12:39:51.226+0530] {processor.py:161} INFO - Started process (PID=35669) to work on /home/tejhanagarajan/Projects/small-projects/NewsImpact/venv/lib64/python3.10/site-packages/airflow/example_dags/example_task_group.py
[2025-07-04T12:39:51.226+0530] {processor.py:830} INFO - Processing file /home/tejhanagarajan/Projects/small-projects/NewsImpact/venv/lib64/python3.10/site-packages/airflow/example_dags/example_task_group.py for tasks to queue
[2025-07-04T12:39:51.226+0530] {logging_mixin.py:188} INFO - [2025-07-04T12:39:51.226+0530] {dagbag.py:538} INFO - Filling up the DagBag from /home/tejhanagarajan/Projects/small-projects/NewsImpact/venv/lib64/python3.10/site-packages/airflow/example_dags/example_task_group.py
[2025-07-04T12:39:51.230+0530] {processor.py:840} INFO - DAG(s) 'example_task_group' retrieved from /home/tejhanagarajan/Projects/small-projects/NewsImpact/venv/lib64/python3.10/site-packages/airflow/example_dags/example_task_group.py
[2025-07-04T12:39:51.238+0530] {logging_mixin.py:188} INFO - [2025-07-04T12:39:51.237+0530] {dag.py:3036} INFO - Sync 1 DAGs
[2025-07-04T12:39:51.247+0530] {logging_mixin.py:188} INFO - [2025-07-04T12:39:51.247+0530] {dag.py:3823} INFO - Setting next_dagrun for example_task_group to 2025-07-03 00:00:00+00:00, run_after=2025-07-04 00:00:00+00:00
[2025-07-04T12:39:51.265+0530] {processor.py:183} INFO - Processing /home/tejhanagarajan/Projects/small-projects/NewsImpact/venv/lib64/python3.10/site-packages/airflow/example_dags/example_task_group.py took 0.041 seconds
[2025-07-04T12:42:11.516+0530] {processor.py:161} INFO - Started process (PID=37864) to work on /home/tejhanagarajan/Projects/small-projects/NewsImpact/venv/lib64/python3.10/site-packages/airflow/example_dags/example_task_group.py
[2025-07-04T12:42:11.519+0530] {processor.py:830} INFO - Processing file /home/tejhanagarajan/Projects/small-projects/NewsImpact/venv/lib64/python3.10/site-packages/airflow/example_dags/example_task_group.py for tasks to queue
[2025-07-04T12:42:11.520+0530] {logging_mixin.py:188} INFO - [2025-07-04T12:42:11.520+0530] {dagbag.py:538} INFO - Filling up the DagBag from /home/tejhanagarajan/Projects/small-projects/NewsImpact/venv/lib64/python3.10/site-packages/airflow/example_dags/example_task_group.py
[2025-07-04T12:42:11.527+0530] {processor.py:840} INFO - DAG(s) 'example_task_group' retrieved from /home/tejhanagarajan/Projects/small-projects/NewsImpact/venv/lib64/python3.10/site-packages/airflow/example_dags/example_task_group.py
[2025-07-04T12:42:11.537+0530] {logging_mixin.py:188} INFO - [2025-07-04T12:42:11.536+0530] {dag.py:3036} INFO - Sync 1 DAGs
[2025-07-04T12:42:11.546+0530] {logging_mixin.py:188} INFO - [2025-07-04T12:42:11.546+0530] {dag.py:3823} INFO - Setting next_dagrun for example_task_group to 2025-07-03 00:00:00+00:00, run_after=2025-07-04 00:00:00+00:00
[2025-07-04T12:42:11.562+0530] {processor.py:183} INFO - Processing /home/tejhanagarajan/Projects/small-projects/NewsImpact/venv/lib64/python3.10/site-packages/airflow/example_dags/example_task_group.py took 0.049 seconds
[2025-07-04T12:42:56.690+0530] {processor.py:161} INFO - Started process (PID=38201) to work on /home/tejhanagarajan/Projects/small-projects/NewsImpact/venv/lib64/python3.10/site-packages/airflow/example_dags/example_task_group.py
[2025-07-04T12:42:56.693+0530] {processor.py:830} INFO - Processing file /home/tejhanagarajan/Projects/small-projects/NewsImpact/venv/lib64/python3.10/site-packages/airflow/example_dags/example_task_group.py for tasks to queue
[2025-07-04T12:42:56.694+0530] {logging_mixin.py:188} INFO - [2025-07-04T12:42:56.693+0530] {dagbag.py:538} INFO - Filling up the DagBag from /home/tejhanagarajan/Projects/small-projects/NewsImpact/venv/lib64/python3.10/site-packages/airflow/example_dags/example_task_group.py
[2025-07-04T12:42:56.699+0530] {processor.py:840} INFO - DAG(s) 'example_task_group' retrieved from /home/tejhanagarajan/Projects/small-projects/NewsImpact/venv/lib64/python3.10/site-packages/airflow/example_dags/example_task_group.py
[2025-07-04T12:42:56.707+0530] {logging_mixin.py:188} INFO - [2025-07-04T12:42:56.707+0530] {dag.py:3036} INFO - Sync 1 DAGs
[2025-07-04T12:42:56.715+0530] {logging_mixin.py:188} INFO - [2025-07-04T12:42:56.715+0530] {dag.py:3823} INFO - Setting next_dagrun for example_task_group to 2025-07-03 00:00:00+00:00, run_after=2025-07-04 00:00:00+00:00
[2025-07-04T12:42:56.731+0530] {processor.py:183} INFO - Processing /home/tejhanagarajan/Projects/small-projects/NewsImpact/venv/lib64/python3.10/site-packages/airflow/example_dags/example_task_group.py took 0.043 seconds
[2025-07-04T12:43:46.556+0530] {processor.py:161} INFO - Started process (PID=38605) to work on /home/tejhanagarajan/Projects/small-projects/NewsImpact/venv/lib64/python3.10/site-packages/airflow/example_dags/example_task_group.py
[2025-07-04T12:43:46.559+0530] {processor.py:830} INFO - Processing file /home/tejhanagarajan/Projects/small-projects/NewsImpact/venv/lib64/python3.10/site-packages/airflow/example_dags/example_task_group.py for tasks to queue
[2025-07-04T12:43:46.560+0530] {logging_mixin.py:188} INFO - [2025-07-04T12:43:46.559+0530] {dagbag.py:538} INFO - Filling up the DagBag from /home/tejhanagarajan/Projects/small-projects/NewsImpact/venv/lib64/python3.10/site-packages/airflow/example_dags/example_task_group.py
[2025-07-04T12:43:46.564+0530] {processor.py:840} INFO - DAG(s) 'example_task_group' retrieved from /home/tejhanagarajan/Projects/small-projects/NewsImpact/venv/lib64/python3.10/site-packages/airflow/example_dags/example_task_group.py
[2025-07-04T12:43:46.572+0530] {logging_mixin.py:188} INFO - [2025-07-04T12:43:46.572+0530] {dag.py:3036} INFO - Sync 1 DAGs
[2025-07-04T12:43:46.581+0530] {logging_mixin.py:188} INFO - [2025-07-04T12:43:46.581+0530] {dag.py:3823} INFO - Setting next_dagrun for example_task_group to 2025-07-03 00:00:00+00:00, run_after=2025-07-04 00:00:00+00:00
[2025-07-04T12:43:46.598+0530] {processor.py:183} INFO - Processing /home/tejhanagarajan/Projects/small-projects/NewsImpact/venv/lib64/python3.10/site-packages/airflow/example_dags/example_task_group.py took 0.043 seconds
[2025-07-04T12:44:37.013+0530] {processor.py:161} INFO - Started process (PID=38975) to work on /home/tejhanagarajan/Projects/small-projects/NewsImpact/venv/lib64/python3.10/site-packages/airflow/example_dags/example_task_group.py
[2025-07-04T12:44:37.015+0530] {processor.py:830} INFO - Processing file /home/tejhanagarajan/Projects/small-projects/NewsImpact/venv/lib64/python3.10/site-packages/airflow/example_dags/example_task_group.py for tasks to queue
[2025-07-04T12:44:37.016+0530] {logging_mixin.py:188} INFO - [2025-07-04T12:44:37.016+0530] {dagbag.py:538} INFO - Filling up the DagBag from /home/tejhanagarajan/Projects/small-projects/NewsImpact/venv/lib64/python3.10/site-packages/airflow/example_dags/example_task_group.py
[2025-07-04T12:44:37.021+0530] {processor.py:840} INFO - DAG(s) 'example_task_group' retrieved from /home/tejhanagarajan/Projects/small-projects/NewsImpact/venv/lib64/python3.10/site-packages/airflow/example_dags/example_task_group.py
[2025-07-04T12:44:37.028+0530] {logging_mixin.py:188} INFO - [2025-07-04T12:44:37.028+0530] {dag.py:3036} INFO - Sync 1 DAGs
[2025-07-04T12:44:37.036+0530] {logging_mixin.py:188} INFO - [2025-07-04T12:44:37.036+0530] {dag.py:3823} INFO - Setting next_dagrun for example_task_group to 2025-07-03 00:00:00+00:00, run_after=2025-07-04 00:00:00+00:00
[2025-07-04T12:44:37.053+0530] {processor.py:183} INFO - Processing /home/tejhanagarajan/Projects/small-projects/NewsImpact/venv/lib64/python3.10/site-packages/airflow/example_dags/example_task_group.py took 0.042 seconds
[2025-07-04T12:45:28.162+0530] {processor.py:161} INFO - Started process (PID=39349) to work on /home/tejhanagarajan/Projects/small-projects/NewsImpact/venv/lib64/python3.10/site-packages/airflow/example_dags/example_task_group.py
[2025-07-04T12:45:28.162+0530] {processor.py:830} INFO - Processing file /home/tejhanagarajan/Projects/small-projects/NewsImpact/venv/lib64/python3.10/site-packages/airflow/example_dags/example_task_group.py for tasks to queue
[2025-07-04T12:45:28.163+0530] {logging_mixin.py:188} INFO - [2025-07-04T12:45:28.163+0530] {dagbag.py:538} INFO - Filling up the DagBag from /home/tejhanagarajan/Projects/small-projects/NewsImpact/venv/lib64/python3.10/site-packages/airflow/example_dags/example_task_group.py
[2025-07-04T12:45:28.167+0530] {processor.py:840} INFO - DAG(s) 'example_task_group' retrieved from /home/tejhanagarajan/Projects/small-projects/NewsImpact/venv/lib64/python3.10/site-packages/airflow/example_dags/example_task_group.py
[2025-07-04T12:45:28.173+0530] {logging_mixin.py:188} INFO - [2025-07-04T12:45:28.173+0530] {dag.py:3036} INFO - Sync 1 DAGs
[2025-07-04T12:45:28.181+0530] {logging_mixin.py:188} INFO - [2025-07-04T12:45:28.181+0530] {dag.py:3823} INFO - Setting next_dagrun for example_task_group to 2025-07-03 00:00:00+00:00, run_after=2025-07-04 00:00:00+00:00
[2025-07-04T12:45:28.199+0530] {processor.py:183} INFO - Processing /home/tejhanagarajan/Projects/small-projects/NewsImpact/venv/lib64/python3.10/site-packages/airflow/example_dags/example_task_group.py took 0.038 seconds
[2025-07-04T12:46:22.279+0530] {processor.py:161} INFO - Started process (PID=39738) to work on /home/tejhanagarajan/Projects/small-projects/NewsImpact/venv/lib64/python3.10/site-packages/airflow/example_dags/example_task_group.py
[2025-07-04T12:46:22.282+0530] {processor.py:830} INFO - Processing file /home/tejhanagarajan/Projects/small-projects/NewsImpact/venv/lib64/python3.10/site-packages/airflow/example_dags/example_task_group.py for tasks to queue
[2025-07-04T12:46:22.283+0530] {logging_mixin.py:188} INFO - [2025-07-04T12:46:22.282+0530] {dagbag.py:538} INFO - Filling up the DagBag from /home/tejhanagarajan/Projects/small-projects/NewsImpact/venv/lib64/python3.10/site-packages/airflow/example_dags/example_task_group.py
[2025-07-04T12:46:22.288+0530] {processor.py:840} INFO - DAG(s) 'example_task_group' retrieved from /home/tejhanagarajan/Projects/small-projects/NewsImpact/venv/lib64/python3.10/site-packages/airflow/example_dags/example_task_group.py
[2025-07-04T12:46:22.295+0530] {logging_mixin.py:188} INFO - [2025-07-04T12:46:22.295+0530] {dag.py:3036} INFO - Sync 1 DAGs
[2025-07-04T12:46:22.303+0530] {logging_mixin.py:188} INFO - [2025-07-04T12:46:22.303+0530] {dag.py:3823} INFO - Setting next_dagrun for example_task_group to 2025-07-03 00:00:00+00:00, run_after=2025-07-04 00:00:00+00:00
[2025-07-04T12:46:22.318+0530] {processor.py:183} INFO - Processing /home/tejhanagarajan/Projects/small-projects/NewsImpact/venv/lib64/python3.10/site-packages/airflow/example_dags/example_task_group.py took 0.043 seconds
[2025-07-04T12:47:14.239+0530] {processor.py:161} INFO - Started process (PID=40124) to work on /home/tejhanagarajan/Projects/small-projects/NewsImpact/venv/lib64/python3.10/site-packages/airflow/example_dags/example_task_group.py
[2025-07-04T12:47:14.243+0530] {processor.py:830} INFO - Processing file /home/tejhanagarajan/Projects/small-projects/NewsImpact/venv/lib64/python3.10/site-packages/airflow/example_dags/example_task_group.py for tasks to queue
[2025-07-04T12:47:14.244+0530] {logging_mixin.py:188} INFO - [2025-07-04T12:47:14.244+0530] {dagbag.py:538} INFO - Filling up the DagBag from /home/tejhanagarajan/Projects/small-projects/NewsImpact/venv/lib64/python3.10/site-packages/airflow/example_dags/example_task_group.py
[2025-07-04T12:47:14.251+0530] {processor.py:840} INFO - DAG(s) 'example_task_group' retrieved from /home/tejhanagarajan/Projects/small-projects/NewsImpact/venv/lib64/python3.10/site-packages/airflow/example_dags/example_task_group.py
[2025-07-04T12:47:14.258+0530] {logging_mixin.py:188} INFO - [2025-07-04T12:47:14.257+0530] {dag.py:3036} INFO - Sync 1 DAGs
[2025-07-04T12:47:14.266+0530] {logging_mixin.py:188} INFO - [2025-07-04T12:47:14.266+0530] {dag.py:3823} INFO - Setting next_dagrun for example_task_group to 2025-07-03 00:00:00+00:00, run_after=2025-07-04 00:00:00+00:00
[2025-07-04T12:47:14.286+0530] {processor.py:183} INFO - Processing /home/tejhanagarajan/Projects/small-projects/NewsImpact/venv/lib64/python3.10/site-packages/airflow/example_dags/example_task_group.py took 0.049 seconds
[2025-07-04T12:48:03.928+0530] {processor.py:161} INFO - Started process (PID=40503) to work on /home/tejhanagarajan/Projects/small-projects/NewsImpact/venv/lib64/python3.10/site-packages/airflow/example_dags/example_task_group.py
[2025-07-04T12:48:03.931+0530] {processor.py:830} INFO - Processing file /home/tejhanagarajan/Projects/small-projects/NewsImpact/venv/lib64/python3.10/site-packages/airflow/example_dags/example_task_group.py for tasks to queue
[2025-07-04T12:48:03.932+0530] {logging_mixin.py:188} INFO - [2025-07-04T12:48:03.931+0530] {dagbag.py:538} INFO - Filling up the DagBag from /home/tejhanagarajan/Projects/small-projects/NewsImpact/venv/lib64/python3.10/site-packages/airflow/example_dags/example_task_group.py
[2025-07-04T12:48:03.939+0530] {processor.py:840} INFO - DAG(s) 'example_task_group' retrieved from /home/tejhanagarajan/Projects/small-projects/NewsImpact/venv/lib64/python3.10/site-packages/airflow/example_dags/example_task_group.py
[2025-07-04T12:48:03.947+0530] {logging_mixin.py:188} INFO - [2025-07-04T12:48:03.947+0530] {dag.py:3036} INFO - Sync 1 DAGs
[2025-07-04T12:48:03.955+0530] {logging_mixin.py:188} INFO - [2025-07-04T12:48:03.955+0530] {dag.py:3823} INFO - Setting next_dagrun for example_task_group to 2025-07-03 00:00:00+00:00, run_after=2025-07-04 00:00:00+00:00
[2025-07-04T12:48:03.971+0530] {processor.py:183} INFO - Processing /home/tejhanagarajan/Projects/small-projects/NewsImpact/venv/lib64/python3.10/site-packages/airflow/example_dags/example_task_group.py took 0.045 seconds
