[2025-07-04T12:26:54.348+0530] {processor.py:161} INFO - Started process (PID=25293) to work on /home/tejhanagarajan/Projects/small-projects/NewsImpact/venv/lib64/python3.10/site-packages/airflow/example_dags/example_params_ui_tutorial.py
[2025-07-04T12:26:54.349+0530] {processor.py:830} INFO - Processing file /home/tejhanagarajan/Projects/small-projects/NewsImpact/venv/lib64/python3.10/site-packages/airflow/example_dags/example_params_ui_tutorial.py for tasks to queue
[2025-07-04T12:26:54.349+0530] {logging_mixin.py:188} INFO - [2025-07-04T12:26:54.349+0530] {dagbag.py:538} INFO - Filling up the DagBag from /home/tejhanagarajan/Projects/small-projects/NewsImpact/venv/lib64/python3.10/site-packages/airflow/example_dags/example_params_ui_tutorial.py
[2025-07-04T12:26:54.356+0530] {processor.py:840} INFO - DAG(s) 'example_params_ui_tutorial' retrieved from /home/tejhanagarajan/Projects/small-projects/NewsImpact/venv/lib64/python3.10/site-packages/airflow/example_dags/example_params_ui_tutorial.py
[2025-07-04T12:26:54.448+0530] {logging_mixin.py:188} INFO - [2025-07-04T12:26:54.448+0530] {override.py:1769} INFO - Created Permission View: can read on DAG:example_params_ui_tutorial
[2025-07-04T12:26:54.489+0530] {logging_mixin.py:188} INFO - [2025-07-04T12:26:54.489+0530] {override.py:1769} INFO - Created Permission View: can edit on DAG:example_params_ui_tutorial
[2025-07-04T12:26:54.561+0530] {logging_mixin.py:188} INFO - [2025-07-04T12:26:54.561+0530] {override.py:1769} INFO - Created Permission View: can delete on DAG:example_params_ui_tutorial
[2025-07-04T12:26:54.561+0530] {logging_mixin.py:188} INFO - [2025-07-04T12:26:54.561+0530] {dag.py:3036} INFO - Sync 1 DAGs
[2025-07-04T12:26:54.620+0530] {logging_mixin.py:188} INFO - [2025-07-04T12:26:54.620+0530] {dag.py:3058} INFO - Creating ORM DAG for example_params_ui_tutorial
[2025-07-04T12:26:54.620+0530] {logging_mixin.py:188} INFO - [2025-07-04T12:26:54.620+0530] {dag.py:3823} INFO - Setting next_dagrun for example_params_ui_tutorial to None, run_after=None
[2025-07-04T12:26:54.729+0530] {processor.py:183} INFO - Processing /home/tejhanagarajan/Projects/small-projects/NewsImpact/venv/lib64/python3.10/site-packages/airflow/example_dags/example_params_ui_tutorial.py took 0.384 seconds
[2025-07-04T12:27:44.111+0530] {processor.py:161} INFO - Started process (PID=25669) to work on /home/tejhanagarajan/Projects/small-projects/NewsImpact/venv/lib64/python3.10/site-packages/airflow/example_dags/example_params_ui_tutorial.py
[2025-07-04T12:27:44.111+0530] {processor.py:830} INFO - Processing file /home/tejhanagarajan/Projects/small-projects/NewsImpact/venv/lib64/python3.10/site-packages/airflow/example_dags/example_params_ui_tutorial.py for tasks to queue
[2025-07-04T12:27:44.112+0530] {logging_mixin.py:188} INFO - [2025-07-04T12:27:44.112+0530] {dagbag.py:538} INFO - Filling up the DagBag from /home/tejhanagarajan/Projects/small-projects/NewsImpact/venv/lib64/python3.10/site-packages/airflow/example_dags/example_params_ui_tutorial.py
[2025-07-04T12:27:44.118+0530] {processor.py:840} INFO - DAG(s) 'example_params_ui_tutorial' retrieved from /home/tejhanagarajan/Projects/small-projects/NewsImpact/venv/lib64/python3.10/site-packages/airflow/example_dags/example_params_ui_tutorial.py
[2025-07-04T12:27:44.137+0530] {logging_mixin.py:188} INFO - [2025-07-04T12:27:44.137+0530] {dag.py:3036} INFO - Sync 1 DAGs
[2025-07-04T12:27:44.142+0530] {logging_mixin.py:188} INFO - [2025-07-04T12:27:44.142+0530] {dag.py:3823} INFO - Setting next_dagrun for example_params_ui_tutorial to None, run_after=None
[2025-07-04T12:27:44.158+0530] {processor.py:183} INFO - Processing /home/tejhanagarajan/Projects/small-projects/NewsImpact/venv/lib64/python3.10/site-packages/airflow/example_dags/example_params_ui_tutorial.py took 0.048 seconds
[2025-07-04T12:28:32.964+0530] {processor.py:161} INFO - Started process (PID=26089) to work on /home/tejhanagarajan/Projects/small-projects/NewsImpact/venv/lib64/python3.10/site-packages/airflow/example_dags/example_params_ui_tutorial.py
[2025-07-04T12:28:32.964+0530] {processor.py:830} INFO - Processing file /home/tejhanagarajan/Projects/small-projects/NewsImpact/venv/lib64/python3.10/site-packages/airflow/example_dags/example_params_ui_tutorial.py for tasks to queue
[2025-07-04T12:28:32.965+0530] {logging_mixin.py:188} INFO - [2025-07-04T12:28:32.965+0530] {dagbag.py:538} INFO - Filling up the DagBag from /home/tejhanagarajan/Projects/small-projects/NewsImpact/venv/lib64/python3.10/site-packages/airflow/example_dags/example_params_ui_tutorial.py
[2025-07-04T12:28:32.971+0530] {processor.py:840} INFO - DAG(s) 'example_params_ui_tutorial' retrieved from /home/tejhanagarajan/Projects/small-projects/NewsImpact/venv/lib64/python3.10/site-packages/airflow/example_dags/example_params_ui_tutorial.py
[2025-07-04T12:28:32.990+0530] {logging_mixin.py:188} INFO - [2025-07-04T12:28:32.990+0530] {dag.py:3036} INFO - Sync 1 DAGs
[2025-07-04T12:28:32.994+0530] {logging_mixin.py:188} INFO - [2025-07-04T12:28:32.994+0530] {dag.py:3823} INFO - Setting next_dagrun for example_params_ui_tutorial to None, run_after=None
[2025-07-04T12:28:33.013+0530] {processor.py:183} INFO - Processing /home/tejhanagarajan/Projects/small-projects/NewsImpact/venv/lib64/python3.10/site-packages/airflow/example_dags/example_params_ui_tutorial.py took 0.052 seconds
[2025-07-04T12:29:29.884+0530] {processor.py:161} INFO - Started process (PID=26572) to work on /home/tejhanagarajan/Projects/small-projects/NewsImpact/venv/lib64/python3.10/site-packages/airflow/example_dags/example_params_ui_tutorial.py
[2025-07-04T12:29:29.886+0530] {processor.py:830} INFO - Processing file /home/tejhanagarajan/Projects/small-projects/NewsImpact/venv/lib64/python3.10/site-packages/airflow/example_dags/example_params_ui_tutorial.py for tasks to queue
[2025-07-04T12:29:29.887+0530] {logging_mixin.py:188} INFO - [2025-07-04T12:29:29.886+0530] {dagbag.py:538} INFO - Filling up the DagBag from /home/tejhanagarajan/Projects/small-projects/NewsImpact/venv/lib64/python3.10/site-packages/airflow/example_dags/example_params_ui_tutorial.py
[2025-07-04T12:29:29.893+0530] {processor.py:840} INFO - DAG(s) 'example_params_ui_tutorial' retrieved from /home/tejhanagarajan/Projects/small-projects/NewsImpact/venv/lib64/python3.10/site-packages/airflow/example_dags/example_params_ui_tutorial.py
[2025-07-04T12:29:29.912+0530] {logging_mixin.py:188} INFO - [2025-07-04T12:29:29.912+0530] {dag.py:3036} INFO - Sync 1 DAGs
[2025-07-04T12:29:29.917+0530] {logging_mixin.py:188} INFO - [2025-07-04T12:29:29.917+0530] {dag.py:3823} INFO - Setting next_dagrun for example_params_ui_tutorial to None, run_after=None
[2025-07-04T12:29:29.935+0530] {processor.py:183} INFO - Processing /home/tejhanagarajan/Projects/small-projects/NewsImpact/venv/lib64/python3.10/site-packages/airflow/example_dags/example_params_ui_tutorial.py took 0.053 seconds
[2025-07-04T12:30:20.492+0530] {processor.py:161} INFO - Started process (PID=26928) to work on /home/tejhanagarajan/Projects/small-projects/NewsImpact/venv/lib64/python3.10/site-packages/airflow/example_dags/example_params_ui_tutorial.py
[2025-07-04T12:30:20.494+0530] {processor.py:830} INFO - Processing file /home/tejhanagarajan/Projects/small-projects/NewsImpact/venv/lib64/python3.10/site-packages/airflow/example_dags/example_params_ui_tutorial.py for tasks to queue
[2025-07-04T12:30:20.494+0530] {logging_mixin.py:188} INFO - [2025-07-04T12:30:20.494+0530] {dagbag.py:538} INFO - Filling up the DagBag from /home/tejhanagarajan/Projects/small-projects/NewsImpact/venv/lib64/python3.10/site-packages/airflow/example_dags/example_params_ui_tutorial.py
[2025-07-04T12:30:20.501+0530] {processor.py:840} INFO - DAG(s) 'example_params_ui_tutorial' retrieved from /home/tejhanagarajan/Projects/small-projects/NewsImpact/venv/lib64/python3.10/site-packages/airflow/example_dags/example_params_ui_tutorial.py
[2025-07-04T12:30:20.522+0530] {logging_mixin.py:188} INFO - [2025-07-04T12:30:20.522+0530] {dag.py:3036} INFO - Sync 1 DAGs
[2025-07-04T12:30:20.528+0530] {logging_mixin.py:188} INFO - [2025-07-04T12:30:20.527+0530] {dag.py:3823} INFO - Setting next_dagrun for example_params_ui_tutorial to None, run_after=None
[2025-07-04T12:30:20.546+0530] {processor.py:183} INFO - Processing /home/tejhanagarajan/Projects/small-projects/NewsImpact/venv/lib64/python3.10/site-packages/airflow/example_dags/example_params_ui_tutorial.py took 0.056 seconds
[2025-07-04T12:33:19.937+0530] {processor.py:161} INFO - Started process (PID=30165) to work on /home/tejhanagarajan/Projects/small-projects/NewsImpact/venv/lib64/python3.10/site-packages/airflow/example_dags/example_params_ui_tutorial.py
[2025-07-04T12:33:19.940+0530] {processor.py:830} INFO - Processing file /home/tejhanagarajan/Projects/small-projects/NewsImpact/venv/lib64/python3.10/site-packages/airflow/example_dags/example_params_ui_tutorial.py for tasks to queue
[2025-07-04T12:33:19.941+0530] {logging_mixin.py:188} INFO - [2025-07-04T12:33:19.940+0530] {dagbag.py:538} INFO - Filling up the DagBag from /home/tejhanagarajan/Projects/small-projects/NewsImpact/venv/lib64/python3.10/site-packages/airflow/example_dags/example_params_ui_tutorial.py
[2025-07-04T12:33:19.946+0530] {processor.py:840} INFO - DAG(s) 'example_params_ui_tutorial' retrieved from /home/tejhanagarajan/Projects/small-projects/NewsImpact/venv/lib64/python3.10/site-packages/airflow/example_dags/example_params_ui_tutorial.py
[2025-07-04T12:33:19.967+0530] {logging_mixin.py:188} INFO - [2025-07-04T12:33:19.966+0530] {dag.py:3036} INFO - Sync 1 DAGs
[2025-07-04T12:33:19.973+0530] {logging_mixin.py:188} INFO - [2025-07-04T12:33:19.973+0530] {dag.py:3823} INFO - Setting next_dagrun for example_params_ui_tutorial to None, run_after=None
[2025-07-04T12:33:19.990+0530] {processor.py:183} INFO - Processing /home/tejhanagarajan/Projects/small-projects/NewsImpact/venv/lib64/python3.10/site-packages/airflow/example_dags/example_params_ui_tutorial.py took 0.055 seconds
[2025-07-04T12:34:07.451+0530] {processor.py:161} INFO - Started process (PID=30503) to work on /home/tejhanagarajan/Projects/small-projects/NewsImpact/venv/lib64/python3.10/site-packages/airflow/example_dags/example_params_ui_tutorial.py
[2025-07-04T12:34:07.454+0530] {processor.py:830} INFO - Processing file /home/tejhanagarajan/Projects/small-projects/NewsImpact/venv/lib64/python3.10/site-packages/airflow/example_dags/example_params_ui_tutorial.py for tasks to queue
[2025-07-04T12:34:07.455+0530] {logging_mixin.py:188} INFO - [2025-07-04T12:34:07.454+0530] {dagbag.py:538} INFO - Filling up the DagBag from /home/tejhanagarajan/Projects/small-projects/NewsImpact/venv/lib64/python3.10/site-packages/airflow/example_dags/example_params_ui_tutorial.py
[2025-07-04T12:34:07.464+0530] {processor.py:840} INFO - DAG(s) 'example_params_ui_tutorial' retrieved from /home/tejhanagarajan/Projects/small-projects/NewsImpact/venv/lib64/python3.10/site-packages/airflow/example_dags/example_params_ui_tutorial.py
[2025-07-04T12:34:07.482+0530] {logging_mixin.py:188} INFO - [2025-07-04T12:34:07.482+0530] {dag.py:3036} INFO - Sync 1 DAGs
[2025-07-04T12:34:07.486+0530] {logging_mixin.py:188} INFO - [2025-07-04T12:34:07.486+0530] {dag.py:3823} INFO - Setting next_dagrun for example_params_ui_tutorial to None, run_after=None
[2025-07-04T12:34:07.504+0530] {processor.py:183} INFO - Processing /home/tejhanagarajan/Projects/small-projects/NewsImpact/venv/lib64/python3.10/site-packages/airflow/example_dags/example_params_ui_tutorial.py took 0.056 seconds
[2025-07-04T12:34:57.807+0530] {processor.py:161} INFO - Started process (PID=31127) to work on /home/tejhanagarajan/Projects/small-projects/NewsImpact/venv/lib64/python3.10/site-packages/airflow/example_dags/example_params_ui_tutorial.py
[2025-07-04T12:34:57.808+0530] {processor.py:830} INFO - Processing file /home/tejhanagarajan/Projects/small-projects/NewsImpact/venv/lib64/python3.10/site-packages/airflow/example_dags/example_params_ui_tutorial.py for tasks to queue
[2025-07-04T12:34:57.809+0530] {logging_mixin.py:188} INFO - [2025-07-04T12:34:57.808+0530] {dagbag.py:538} INFO - Filling up the DagBag from /home/tejhanagarajan/Projects/small-projects/NewsImpact/venv/lib64/python3.10/site-packages/airflow/example_dags/example_params_ui_tutorial.py
[2025-07-04T12:34:57.814+0530] {processor.py:840} INFO - DAG(s) 'example_params_ui_tutorial' retrieved from /home/tejhanagarajan/Projects/small-projects/NewsImpact/venv/lib64/python3.10/site-packages/airflow/example_dags/example_params_ui_tutorial.py
[2025-07-04T12:34:57.833+0530] {logging_mixin.py:188} INFO - [2025-07-04T12:34:57.833+0530] {dag.py:3036} INFO - Sync 1 DAGs
[2025-07-04T12:34:57.838+0530] {logging_mixin.py:188} INFO - [2025-07-04T12:34:57.837+0530] {dag.py:3823} INFO - Setting next_dagrun for example_params_ui_tutorial to None, run_after=None
[2025-07-04T12:34:57.854+0530] {processor.py:183} INFO - Processing /home/tejhanagarajan/Projects/small-projects/NewsImpact/venv/lib64/python3.10/site-packages/airflow/example_dags/example_params_ui_tutorial.py took 0.049 seconds
[2025-07-04T12:35:52.069+0530] {processor.py:161} INFO - Started process (PID=31585) to work on /home/tejhanagarajan/Projects/small-projects/NewsImpact/venv/lib64/python3.10/site-packages/airflow/example_dags/example_params_ui_tutorial.py
[2025-07-04T12:35:52.070+0530] {processor.py:830} INFO - Processing file /home/tejhanagarajan/Projects/small-projects/NewsImpact/venv/lib64/python3.10/site-packages/airflow/example_dags/example_params_ui_tutorial.py for tasks to queue
[2025-07-04T12:35:52.071+0530] {logging_mixin.py:188} INFO - [2025-07-04T12:35:52.071+0530] {dagbag.py:538} INFO - Filling up the DagBag from /home/tejhanagarajan/Projects/small-projects/NewsImpact/venv/lib64/python3.10/site-packages/airflow/example_dags/example_params_ui_tutorial.py
[2025-07-04T12:35:52.078+0530] {processor.py:840} INFO - DAG(s) 'example_params_ui_tutorial' retrieved from /home/tejhanagarajan/Projects/small-projects/NewsImpact/venv/lib64/python3.10/site-packages/airflow/example_dags/example_params_ui_tutorial.py
[2025-07-04T12:35:52.096+0530] {logging_mixin.py:188} INFO - [2025-07-04T12:35:52.096+0530] {dag.py:3036} INFO - Sync 1 DAGs
[2025-07-04T12:35:52.101+0530] {logging_mixin.py:188} INFO - [2025-07-04T12:35:52.101+0530] {dag.py:3823} INFO - Setting next_dagrun for example_params_ui_tutorial to None, run_after=None
[2025-07-04T12:35:52.117+0530] {processor.py:183} INFO - Processing /home/tejhanagarajan/Projects/small-projects/NewsImpact/venv/lib64/python3.10/site-packages/airflow/example_dags/example_params_ui_tutorial.py took 0.051 seconds
[2025-07-04T12:36:48.625+0530] {processor.py:161} INFO - Started process (PID=32147) to work on /home/tejhanagarajan/Projects/small-projects/NewsImpact/venv/lib64/python3.10/site-packages/airflow/example_dags/example_params_ui_tutorial.py
[2025-07-04T12:36:48.627+0530] {processor.py:830} INFO - Processing file /home/tejhanagarajan/Projects/small-projects/NewsImpact/venv/lib64/python3.10/site-packages/airflow/example_dags/example_params_ui_tutorial.py for tasks to queue
[2025-07-04T12:36:48.627+0530] {logging_mixin.py:188} INFO - [2025-07-04T12:36:48.627+0530] {dagbag.py:538} INFO - Filling up the DagBag from /home/tejhanagarajan/Projects/small-projects/NewsImpact/venv/lib64/python3.10/site-packages/airflow/example_dags/example_params_ui_tutorial.py
[2025-07-04T12:36:48.633+0530] {processor.py:840} INFO - DAG(s) 'example_params_ui_tutorial' retrieved from /home/tejhanagarajan/Projects/small-projects/NewsImpact/venv/lib64/python3.10/site-packages/airflow/example_dags/example_params_ui_tutorial.py
[2025-07-04T12:36:48.653+0530] {logging_mixin.py:188} INFO - [2025-07-04T12:36:48.653+0530] {dag.py:3036} INFO - Sync 1 DAGs
[2025-07-04T12:36:48.658+0530] {logging_mixin.py:188} INFO - [2025-07-04T12:36:48.658+0530] {dag.py:3823} INFO - Setting next_dagrun for example_params_ui_tutorial to None, run_after=None
[2025-07-04T12:36:48.676+0530] {processor.py:183} INFO - Processing /home/tejhanagarajan/Projects/small-projects/NewsImpact/venv/lib64/python3.10/site-packages/airflow/example_dags/example_params_ui_tutorial.py took 0.053 seconds
[2025-07-04T12:37:33.257+0530] {processor.py:161} INFO - Started process (PID=32719) to work on /home/tejhanagarajan/Projects/small-projects/NewsImpact/venv/lib64/python3.10/site-packages/airflow/example_dags/example_params_ui_tutorial.py
[2025-07-04T12:37:33.259+0530] {processor.py:830} INFO - Processing file /home/tejhanagarajan/Projects/small-projects/NewsImpact/venv/lib64/python3.10/site-packages/airflow/example_dags/example_params_ui_tutorial.py for tasks to queue
[2025-07-04T12:37:33.260+0530] {logging_mixin.py:188} INFO - [2025-07-04T12:37:33.260+0530] {dagbag.py:538} INFO - Filling up the DagBag from /home/tejhanagarajan/Projects/small-projects/NewsImpact/venv/lib64/python3.10/site-packages/airflow/example_dags/example_params_ui_tutorial.py
[2025-07-04T12:37:33.268+0530] {processor.py:840} INFO - DAG(s) 'example_params_ui_tutorial' retrieved from /home/tejhanagarajan/Projects/small-projects/NewsImpact/venv/lib64/python3.10/site-packages/airflow/example_dags/example_params_ui_tutorial.py
[2025-07-04T12:37:33.285+0530] {logging_mixin.py:188} INFO - [2025-07-04T12:37:33.285+0530] {dag.py:3036} INFO - Sync 1 DAGs
[2025-07-04T12:37:33.290+0530] {logging_mixin.py:188} INFO - [2025-07-04T12:37:33.290+0530] {dag.py:3823} INFO - Setting next_dagrun for example_params_ui_tutorial to None, run_after=None
[2025-07-04T12:37:33.308+0530] {processor.py:183} INFO - Processing /home/tejhanagarajan/Projects/small-projects/NewsImpact/venv/lib64/python3.10/site-packages/airflow/example_dags/example_params_ui_tutorial.py took 0.053 seconds
[2025-07-04T12:38:22.013+0530] {processor.py:161} INFO - Started process (PID=34858) to work on /home/tejhanagarajan/Projects/small-projects/NewsImpact/venv/lib64/python3.10/site-packages/airflow/example_dags/example_params_ui_tutorial.py
[2025-07-04T12:38:22.016+0530] {processor.py:830} INFO - Processing file /home/tejhanagarajan/Projects/small-projects/NewsImpact/venv/lib64/python3.10/site-packages/airflow/example_dags/example_params_ui_tutorial.py for tasks to queue
[2025-07-04T12:38:22.016+0530] {logging_mixin.py:188} INFO - [2025-07-04T12:38:22.016+0530] {dagbag.py:538} INFO - Filling up the DagBag from /home/tejhanagarajan/Projects/small-projects/NewsImpact/venv/lib64/python3.10/site-packages/airflow/example_dags/example_params_ui_tutorial.py
[2025-07-04T12:38:22.021+0530] {processor.py:840} INFO - DAG(s) 'example_params_ui_tutorial' retrieved from /home/tejhanagarajan/Projects/small-projects/NewsImpact/venv/lib64/python3.10/site-packages/airflow/example_dags/example_params_ui_tutorial.py
[2025-07-04T12:38:22.040+0530] {logging_mixin.py:188} INFO - [2025-07-04T12:38:22.040+0530] {dag.py:3036} INFO - Sync 1 DAGs
[2025-07-04T12:38:22.047+0530] {logging_mixin.py:188} INFO - [2025-07-04T12:38:22.047+0530] {dag.py:3823} INFO - Setting next_dagrun for example_params_ui_tutorial to None, run_after=None
[2025-07-04T12:38:22.065+0530] {processor.py:183} INFO - Processing /home/tejhanagarajan/Projects/small-projects/NewsImpact/venv/lib64/python3.10/site-packages/airflow/example_dags/example_params_ui_tutorial.py took 0.053 seconds
[2025-07-04T12:38:23.711+0530] {processor.py:161} INFO - Started process (PID=34871) to work on /home/tejhanagarajan/Projects/small-projects/NewsImpact/venv/lib64/python3.10/site-packages/airflow/example_dags/example_params_ui_tutorial.py
[2025-07-04T12:38:23.711+0530] {processor.py:830} INFO - Processing file /home/tejhanagarajan/Projects/small-projects/NewsImpact/venv/lib64/python3.10/site-packages/airflow/example_dags/example_params_ui_tutorial.py for tasks to queue
[2025-07-04T12:38:23.712+0530] {logging_mixin.py:188} INFO - [2025-07-04T12:38:23.711+0530] {dagbag.py:538} INFO - Filling up the DagBag from /home/tejhanagarajan/Projects/small-projects/NewsImpact/venv/lib64/python3.10/site-packages/airflow/example_dags/example_params_ui_tutorial.py
[2025-07-04T12:38:23.717+0530] {processor.py:840} INFO - DAG(s) 'example_params_ui_tutorial' retrieved from /home/tejhanagarajan/Projects/small-projects/NewsImpact/venv/lib64/python3.10/site-packages/airflow/example_dags/example_params_ui_tutorial.py
[2025-07-04T12:38:23.734+0530] {logging_mixin.py:188} INFO - [2025-07-04T12:38:23.734+0530] {dag.py:3036} INFO - Sync 1 DAGs
[2025-07-04T12:38:23.739+0530] {logging_mixin.py:188} INFO - [2025-07-04T12:38:23.739+0530] {dag.py:3823} INFO - Setting next_dagrun for example_params_ui_tutorial to None, run_after=None
[2025-07-04T12:38:23.755+0530] {processor.py:183} INFO - Processing /home/tejhanagarajan/Projects/small-projects/NewsImpact/venv/lib64/python3.10/site-packages/airflow/example_dags/example_params_ui_tutorial.py took 0.046 seconds
[2025-07-04T12:39:09.568+0530] {processor.py:161} INFO - Started process (PID=35307) to work on /home/tejhanagarajan/Projects/small-projects/NewsImpact/venv/lib64/python3.10/site-packages/airflow/example_dags/example_params_ui_tutorial.py
[2025-07-04T12:39:09.571+0530] {processor.py:830} INFO - Processing file /home/tejhanagarajan/Projects/small-projects/NewsImpact/venv/lib64/python3.10/site-packages/airflow/example_dags/example_params_ui_tutorial.py for tasks to queue
[2025-07-04T12:39:09.573+0530] {logging_mixin.py:188} INFO - [2025-07-04T12:39:09.572+0530] {dagbag.py:538} INFO - Filling up the DagBag from /home/tejhanagarajan/Projects/small-projects/NewsImpact/venv/lib64/python3.10/site-packages/airflow/example_dags/example_params_ui_tutorial.py
[2025-07-04T12:39:09.585+0530] {processor.py:840} INFO - DAG(s) 'example_params_ui_tutorial' retrieved from /home/tejhanagarajan/Projects/small-projects/NewsImpact/venv/lib64/python3.10/site-packages/airflow/example_dags/example_params_ui_tutorial.py
[2025-07-04T12:39:09.603+0530] {logging_mixin.py:188} INFO - [2025-07-04T12:39:09.603+0530] {dag.py:3036} INFO - Sync 1 DAGs
[2025-07-04T12:39:09.607+0530] {logging_mixin.py:188} INFO - [2025-07-04T12:39:09.607+0530] {dag.py:3823} INFO - Setting next_dagrun for example_params_ui_tutorial to None, run_after=None
[2025-07-04T12:39:09.623+0530] {processor.py:183} INFO - Processing /home/tejhanagarajan/Projects/small-projects/NewsImpact/venv/lib64/python3.10/site-packages/airflow/example_dags/example_params_ui_tutorial.py took 0.060 seconds
[2025-07-04T12:39:15.220+0530] {processor.py:161} INFO - Started process (PID=35353) to work on /home/tejhanagarajan/Projects/small-projects/NewsImpact/venv/lib64/python3.10/site-packages/airflow/example_dags/example_params_ui_tutorial.py
[2025-07-04T12:39:15.221+0530] {processor.py:830} INFO - Processing file /home/tejhanagarajan/Projects/small-projects/NewsImpact/venv/lib64/python3.10/site-packages/airflow/example_dags/example_params_ui_tutorial.py for tasks to queue
[2025-07-04T12:39:15.222+0530] {logging_mixin.py:188} INFO - [2025-07-04T12:39:15.222+0530] {dagbag.py:538} INFO - Filling up the DagBag from /home/tejhanagarajan/Projects/small-projects/NewsImpact/venv/lib64/python3.10/site-packages/airflow/example_dags/example_params_ui_tutorial.py
[2025-07-04T12:39:15.229+0530] {processor.py:840} INFO - DAG(s) 'example_params_ui_tutorial' retrieved from /home/tejhanagarajan/Projects/small-projects/NewsImpact/venv/lib64/python3.10/site-packages/airflow/example_dags/example_params_ui_tutorial.py
[2025-07-04T12:39:15.247+0530] {logging_mixin.py:188} INFO - [2025-07-04T12:39:15.247+0530] {dag.py:3036} INFO - Sync 1 DAGs
[2025-07-04T12:39:15.251+0530] {logging_mixin.py:188} INFO - [2025-07-04T12:39:15.251+0530] {dag.py:3823} INFO - Setting next_dagrun for example_params_ui_tutorial to None, run_after=None
[2025-07-04T12:39:15.267+0530] {processor.py:183} INFO - Processing /home/tejhanagarajan/Projects/small-projects/NewsImpact/venv/lib64/python3.10/site-packages/airflow/example_dags/example_params_ui_tutorial.py took 0.052 seconds
[2025-07-04T12:42:25.216+0530] {processor.py:161} INFO - Started process (PID=37952) to work on /home/tejhanagarajan/Projects/small-projects/NewsImpact/venv/lib64/python3.10/site-packages/airflow/example_dags/example_params_ui_tutorial.py
[2025-07-04T12:42:25.218+0530] {processor.py:830} INFO - Processing file /home/tejhanagarajan/Projects/small-projects/NewsImpact/venv/lib64/python3.10/site-packages/airflow/example_dags/example_params_ui_tutorial.py for tasks to queue
[2025-07-04T12:42:25.218+0530] {logging_mixin.py:188} INFO - [2025-07-04T12:42:25.218+0530] {dagbag.py:538} INFO - Filling up the DagBag from /home/tejhanagarajan/Projects/small-projects/NewsImpact/venv/lib64/python3.10/site-packages/airflow/example_dags/example_params_ui_tutorial.py
[2025-07-04T12:42:25.224+0530] {processor.py:840} INFO - DAG(s) 'example_params_ui_tutorial' retrieved from /home/tejhanagarajan/Projects/small-projects/NewsImpact/venv/lib64/python3.10/site-packages/airflow/example_dags/example_params_ui_tutorial.py
[2025-07-04T12:42:25.245+0530] {logging_mixin.py:188} INFO - [2025-07-04T12:42:25.245+0530] {dag.py:3036} INFO - Sync 1 DAGs
[2025-07-04T12:42:25.251+0530] {logging_mixin.py:188} INFO - [2025-07-04T12:42:25.251+0530] {dag.py:3823} INFO - Setting next_dagrun for example_params_ui_tutorial to None, run_after=None
[2025-07-04T12:42:25.268+0530] {processor.py:183} INFO - Processing /home/tejhanagarajan/Projects/small-projects/NewsImpact/venv/lib64/python3.10/site-packages/airflow/example_dags/example_params_ui_tutorial.py took 0.054 seconds
[2025-07-04T12:43:10.407+0530] {processor.py:161} INFO - Started process (PID=38293) to work on /home/tejhanagarajan/Projects/small-projects/NewsImpact/venv/lib64/python3.10/site-packages/airflow/example_dags/example_params_ui_tutorial.py
[2025-07-04T12:43:10.410+0530] {processor.py:830} INFO - Processing file /home/tejhanagarajan/Projects/small-projects/NewsImpact/venv/lib64/python3.10/site-packages/airflow/example_dags/example_params_ui_tutorial.py for tasks to queue
[2025-07-04T12:43:10.410+0530] {logging_mixin.py:188} INFO - [2025-07-04T12:43:10.410+0530] {dagbag.py:538} INFO - Filling up the DagBag from /home/tejhanagarajan/Projects/small-projects/NewsImpact/venv/lib64/python3.10/site-packages/airflow/example_dags/example_params_ui_tutorial.py
[2025-07-04T12:43:10.417+0530] {processor.py:840} INFO - DAG(s) 'example_params_ui_tutorial' retrieved from /home/tejhanagarajan/Projects/small-projects/NewsImpact/venv/lib64/python3.10/site-packages/airflow/example_dags/example_params_ui_tutorial.py
[2025-07-04T12:43:10.435+0530] {logging_mixin.py:188} INFO - [2025-07-04T12:43:10.435+0530] {dag.py:3036} INFO - Sync 1 DAGs
[2025-07-04T12:43:10.439+0530] {logging_mixin.py:188} INFO - [2025-07-04T12:43:10.439+0530] {dag.py:3823} INFO - Setting next_dagrun for example_params_ui_tutorial to None, run_after=None
[2025-07-04T12:43:10.457+0530] {processor.py:183} INFO - Processing /home/tejhanagarajan/Projects/small-projects/NewsImpact/venv/lib64/python3.10/site-packages/airflow/example_dags/example_params_ui_tutorial.py took 0.052 seconds
[2025-07-04T12:44:00.867+0530] {processor.py:161} INFO - Started process (PID=38720) to work on /home/tejhanagarajan/Projects/small-projects/NewsImpact/venv/lib64/python3.10/site-packages/airflow/example_dags/example_params_ui_tutorial.py
[2025-07-04T12:44:00.870+0530] {processor.py:830} INFO - Processing file /home/tejhanagarajan/Projects/small-projects/NewsImpact/venv/lib64/python3.10/site-packages/airflow/example_dags/example_params_ui_tutorial.py for tasks to queue
[2025-07-04T12:44:00.871+0530] {logging_mixin.py:188} INFO - [2025-07-04T12:44:00.871+0530] {dagbag.py:538} INFO - Filling up the DagBag from /home/tejhanagarajan/Projects/small-projects/NewsImpact/venv/lib64/python3.10/site-packages/airflow/example_dags/example_params_ui_tutorial.py
[2025-07-04T12:44:00.879+0530] {processor.py:840} INFO - DAG(s) 'example_params_ui_tutorial' retrieved from /home/tejhanagarajan/Projects/small-projects/NewsImpact/venv/lib64/python3.10/site-packages/airflow/example_dags/example_params_ui_tutorial.py
[2025-07-04T12:44:00.897+0530] {logging_mixin.py:188} INFO - [2025-07-04T12:44:00.897+0530] {dag.py:3036} INFO - Sync 1 DAGs
[2025-07-04T12:44:00.902+0530] {logging_mixin.py:188} INFO - [2025-07-04T12:44:00.902+0530] {dag.py:3823} INFO - Setting next_dagrun for example_params_ui_tutorial to None, run_after=None
[2025-07-04T12:44:00.919+0530] {processor.py:183} INFO - Processing /home/tejhanagarajan/Projects/small-projects/NewsImpact/venv/lib64/python3.10/site-packages/airflow/example_dags/example_params_ui_tutorial.py took 0.055 seconds
[2025-07-04T12:44:55.494+0530] {processor.py:161} INFO - Started process (PID=39093) to work on /home/tejhanagarajan/Projects/small-projects/NewsImpact/venv/lib64/python3.10/site-packages/airflow/example_dags/example_params_ui_tutorial.py
[2025-07-04T12:44:55.497+0530] {processor.py:830} INFO - Processing file /home/tejhanagarajan/Projects/small-projects/NewsImpact/venv/lib64/python3.10/site-packages/airflow/example_dags/example_params_ui_tutorial.py for tasks to queue
[2025-07-04T12:44:55.498+0530] {logging_mixin.py:188} INFO - [2025-07-04T12:44:55.498+0530] {dagbag.py:538} INFO - Filling up the DagBag from /home/tejhanagarajan/Projects/small-projects/NewsImpact/venv/lib64/python3.10/site-packages/airflow/example_dags/example_params_ui_tutorial.py
[2025-07-04T12:44:55.506+0530] {processor.py:840} INFO - DAG(s) 'example_params_ui_tutorial' retrieved from /home/tejhanagarajan/Projects/small-projects/NewsImpact/venv/lib64/python3.10/site-packages/airflow/example_dags/example_params_ui_tutorial.py
[2025-07-04T12:44:55.524+0530] {logging_mixin.py:188} INFO - [2025-07-04T12:44:55.524+0530] {dag.py:3036} INFO - Sync 1 DAGs
[2025-07-04T12:44:55.528+0530] {logging_mixin.py:188} INFO - [2025-07-04T12:44:55.528+0530] {dag.py:3823} INFO - Setting next_dagrun for example_params_ui_tutorial to None, run_after=None
[2025-07-04T12:44:55.545+0530] {processor.py:183} INFO - Processing /home/tejhanagarajan/Projects/small-projects/NewsImpact/venv/lib64/python3.10/site-packages/airflow/example_dags/example_params_ui_tutorial.py took 0.052 seconds
[2025-07-04T12:45:47.908+0530] {processor.py:161} INFO - Started process (PID=39499) to work on /home/tejhanagarajan/Projects/small-projects/NewsImpact/venv/lib64/python3.10/site-packages/airflow/example_dags/example_params_ui_tutorial.py
[2025-07-04T12:45:47.911+0530] {processor.py:830} INFO - Processing file /home/tejhanagarajan/Projects/small-projects/NewsImpact/venv/lib64/python3.10/site-packages/airflow/example_dags/example_params_ui_tutorial.py for tasks to queue
[2025-07-04T12:45:47.912+0530] {logging_mixin.py:188} INFO - [2025-07-04T12:45:47.911+0530] {dagbag.py:538} INFO - Filling up the DagBag from /home/tejhanagarajan/Projects/small-projects/NewsImpact/venv/lib64/python3.10/site-packages/airflow/example_dags/example_params_ui_tutorial.py
[2025-07-04T12:45:47.919+0530] {processor.py:840} INFO - DAG(s) 'example_params_ui_tutorial' retrieved from /home/tejhanagarajan/Projects/small-projects/NewsImpact/venv/lib64/python3.10/site-packages/airflow/example_dags/example_params_ui_tutorial.py
[2025-07-04T12:45:47.937+0530] {logging_mixin.py:188} INFO - [2025-07-04T12:45:47.937+0530] {dag.py:3036} INFO - Sync 1 DAGs
[2025-07-04T12:45:47.942+0530] {logging_mixin.py:188} INFO - [2025-07-04T12:45:47.942+0530] {dag.py:3823} INFO - Setting next_dagrun for example_params_ui_tutorial to None, run_after=None
[2025-07-04T12:45:47.958+0530] {processor.py:183} INFO - Processing /home/tejhanagarajan/Projects/small-projects/NewsImpact/venv/lib64/python3.10/site-packages/airflow/example_dags/example_params_ui_tutorial.py took 0.052 seconds
[2025-07-04T12:46:40.281+0530] {processor.py:161} INFO - Started process (PID=39867) to work on /home/tejhanagarajan/Projects/small-projects/NewsImpact/venv/lib64/python3.10/site-packages/airflow/example_dags/example_params_ui_tutorial.py
[2025-07-04T12:46:40.284+0530] {processor.py:830} INFO - Processing file /home/tejhanagarajan/Projects/small-projects/NewsImpact/venv/lib64/python3.10/site-packages/airflow/example_dags/example_params_ui_tutorial.py for tasks to queue
[2025-07-04T12:46:40.284+0530] {logging_mixin.py:188} INFO - [2025-07-04T12:46:40.284+0530] {dagbag.py:538} INFO - Filling up the DagBag from /home/tejhanagarajan/Projects/small-projects/NewsImpact/venv/lib64/python3.10/site-packages/airflow/example_dags/example_params_ui_tutorial.py
[2025-07-04T12:46:40.292+0530] {processor.py:840} INFO - DAG(s) 'example_params_ui_tutorial' retrieved from /home/tejhanagarajan/Projects/small-projects/NewsImpact/venv/lib64/python3.10/site-packages/airflow/example_dags/example_params_ui_tutorial.py
[2025-07-04T12:46:40.310+0530] {logging_mixin.py:188} INFO - [2025-07-04T12:46:40.310+0530] {dag.py:3036} INFO - Sync 1 DAGs
[2025-07-04T12:46:40.314+0530] {logging_mixin.py:188} INFO - [2025-07-04T12:46:40.314+0530] {dag.py:3823} INFO - Setting next_dagrun for example_params_ui_tutorial to None, run_after=None
[2025-07-04T12:46:40.332+0530] {processor.py:183} INFO - Processing /home/tejhanagarajan/Projects/small-projects/NewsImpact/venv/lib64/python3.10/site-packages/airflow/example_dags/example_params_ui_tutorial.py took 0.054 seconds
[2025-07-04T12:47:32.013+0530] {processor.py:161} INFO - Started process (PID=40254) to work on /home/tejhanagarajan/Projects/small-projects/NewsImpact/venv/lib64/python3.10/site-packages/airflow/example_dags/example_params_ui_tutorial.py
[2025-07-04T12:47:32.016+0530] {processor.py:830} INFO - Processing file /home/tejhanagarajan/Projects/small-projects/NewsImpact/venv/lib64/python3.10/site-packages/airflow/example_dags/example_params_ui_tutorial.py for tasks to queue
[2025-07-04T12:47:32.016+0530] {logging_mixin.py:188} INFO - [2025-07-04T12:47:32.016+0530] {dagbag.py:538} INFO - Filling up the DagBag from /home/tejhanagarajan/Projects/small-projects/NewsImpact/venv/lib64/python3.10/site-packages/airflow/example_dags/example_params_ui_tutorial.py
[2025-07-04T12:47:32.022+0530] {processor.py:840} INFO - DAG(s) 'example_params_ui_tutorial' retrieved from /home/tejhanagarajan/Projects/small-projects/NewsImpact/venv/lib64/python3.10/site-packages/airflow/example_dags/example_params_ui_tutorial.py
[2025-07-04T12:47:32.039+0530] {logging_mixin.py:188} INFO - [2025-07-04T12:47:32.039+0530] {dag.py:3036} INFO - Sync 1 DAGs
[2025-07-04T12:47:32.044+0530] {logging_mixin.py:188} INFO - [2025-07-04T12:47:32.044+0530] {dag.py:3823} INFO - Setting next_dagrun for example_params_ui_tutorial to None, run_after=None
[2025-07-04T12:47:32.060+0530] {processor.py:183} INFO - Processing /home/tejhanagarajan/Projects/small-projects/NewsImpact/venv/lib64/python3.10/site-packages/airflow/example_dags/example_params_ui_tutorial.py took 0.049 seconds
[2025-07-04T12:48:19.307+0530] {processor.py:161} INFO - Started process (PID=40627) to work on /home/tejhanagarajan/Projects/small-projects/NewsImpact/venv/lib64/python3.10/site-packages/airflow/example_dags/example_params_ui_tutorial.py
[2025-07-04T12:48:19.310+0530] {processor.py:830} INFO - Processing file /home/tejhanagarajan/Projects/small-projects/NewsImpact/venv/lib64/python3.10/site-packages/airflow/example_dags/example_params_ui_tutorial.py for tasks to queue
[2025-07-04T12:48:19.311+0530] {logging_mixin.py:188} INFO - [2025-07-04T12:48:19.311+0530] {dagbag.py:538} INFO - Filling up the DagBag from /home/tejhanagarajan/Projects/small-projects/NewsImpact/venv/lib64/python3.10/site-packages/airflow/example_dags/example_params_ui_tutorial.py
[2025-07-04T12:48:19.318+0530] {processor.py:840} INFO - DAG(s) 'example_params_ui_tutorial' retrieved from /home/tejhanagarajan/Projects/small-projects/NewsImpact/venv/lib64/python3.10/site-packages/airflow/example_dags/example_params_ui_tutorial.py
[2025-07-04T12:48:19.335+0530] {logging_mixin.py:188} INFO - [2025-07-04T12:48:19.335+0530] {dag.py:3036} INFO - Sync 1 DAGs
[2025-07-04T12:48:19.339+0530] {logging_mixin.py:188} INFO - [2025-07-04T12:48:19.339+0530] {dag.py:3823} INFO - Setting next_dagrun for example_params_ui_tutorial to None, run_after=None
[2025-07-04T12:48:19.355+0530] {processor.py:183} INFO - Processing /home/tejhanagarajan/Projects/small-projects/NewsImpact/venv/lib64/python3.10/site-packages/airflow/example_dags/example_params_ui_tutorial.py took 0.050 seconds
