[2025-07-04T12:27:01.137+0530] {processor.py:161} INFO - Started process (PID=25341) to work on /home/tejhanagarajan/Projects/small-projects/NewsImpact/venv/lib64/python3.10/site-packages/airflow/example_dags/example_kubernetes_executor.py
[2025-07-04T12:27:01.137+0530] {processor.py:830} INFO - Processing file /home/tejhanagarajan/Projects/small-projects/NewsImpact/venv/lib64/python3.10/site-packages/airflow/example_dags/example_kubernetes_executor.py for tasks to queue
[2025-07-04T12:27:01.137+0530] {logging_mixin.py:188} INFO - [2025-07-04T12:27:01.137+0530] {dagbag.py:538} INFO - Filling up the DagBag from /home/tejhanagarajan/Projects/small-projects/NewsImpact/venv/lib64/python3.10/site-packages/airflow/example_dags/example_kubernetes_executor.py
[2025-07-04T12:27:01.139+0530] {logging_mixin.py:188} INFO - [2025-07-04T12:27:01.139+0530] {example_kubernetes_executor.py:38} WARNING - The example_kubernetes_executor example DAG requires the kubernetes provider. Please install it with: pip install apache-airflow[cncf.kubernetes]
[2025-07-04T12:27:01.139+0530] {processor.py:842} WARNING - No viable dags retrieved from /home/tejhanagarajan/Projects/small-projects/NewsImpact/venv/lib64/python3.10/site-packages/airflow/example_dags/example_kubernetes_executor.py
[2025-07-04T12:27:01.144+0530] {processor.py:183} INFO - Processing /home/tejhanagarajan/Projects/small-projects/NewsImpact/venv/lib64/python3.10/site-packages/airflow/example_dags/example_kubernetes_executor.py took 0.009 seconds
[2025-07-04T12:27:50.397+0530] {processor.py:161} INFO - Started process (PID=25709) to work on /home/tejhanagarajan/Projects/small-projects/NewsImpact/venv/lib64/python3.10/site-packages/airflow/example_dags/example_kubernetes_executor.py
[2025-07-04T12:27:50.397+0530] {processor.py:830} INFO - Processing file /home/tejhanagarajan/Projects/small-projects/NewsImpact/venv/lib64/python3.10/site-packages/airflow/example_dags/example_kubernetes_executor.py for tasks to queue
[2025-07-04T12:27:50.398+0530] {logging_mixin.py:188} INFO - [2025-07-04T12:27:50.397+0530] {dagbag.py:538} INFO - Filling up the DagBag from /home/tejhanagarajan/Projects/small-projects/NewsImpact/venv/lib64/python3.10/site-packages/airflow/example_dags/example_kubernetes_executor.py
[2025-07-04T12:27:50.400+0530] {logging_mixin.py:188} INFO - [2025-07-04T12:27:50.399+0530] {example_kubernetes_executor.py:38} WARNING - The example_kubernetes_executor example DAG requires the kubernetes provider. Please install it with: pip install apache-airflow[cncf.kubernetes]
[2025-07-04T12:27:50.400+0530] {processor.py:842} WARNING - No viable dags retrieved from /home/tejhanagarajan/Projects/small-projects/NewsImpact/venv/lib64/python3.10/site-packages/airflow/example_dags/example_kubernetes_executor.py
[2025-07-04T12:27:50.404+0530] {processor.py:183} INFO - Processing /home/tejhanagarajan/Projects/small-projects/NewsImpact/venv/lib64/python3.10/site-packages/airflow/example_dags/example_kubernetes_executor.py took 0.010 seconds
[2025-07-04T12:28:46.785+0530] {processor.py:161} INFO - Started process (PID=26210) to work on /home/tejhanagarajan/Projects/small-projects/NewsImpact/venv/lib64/python3.10/site-packages/airflow/example_dags/example_kubernetes_executor.py
[2025-07-04T12:28:46.786+0530] {processor.py:830} INFO - Processing file /home/tejhanagarajan/Projects/small-projects/NewsImpact/venv/lib64/python3.10/site-packages/airflow/example_dags/example_kubernetes_executor.py for tasks to queue
[2025-07-04T12:28:46.787+0530] {logging_mixin.py:188} INFO - [2025-07-04T12:28:46.786+0530] {dagbag.py:538} INFO - Filling up the DagBag from /home/tejhanagarajan/Projects/small-projects/NewsImpact/venv/lib64/python3.10/site-packages/airflow/example_dags/example_kubernetes_executor.py
[2025-07-04T12:28:46.789+0530] {logging_mixin.py:188} INFO - [2025-07-04T12:28:46.789+0530] {example_kubernetes_executor.py:38} WARNING - The example_kubernetes_executor example DAG requires the kubernetes provider. Please install it with: pip install apache-airflow[cncf.kubernetes]
[2025-07-04T12:28:46.789+0530] {processor.py:842} WARNING - No viable dags retrieved from /home/tejhanagarajan/Projects/small-projects/NewsImpact/venv/lib64/python3.10/site-packages/airflow/example_dags/example_kubernetes_executor.py
[2025-07-04T12:28:46.797+0530] {processor.py:183} INFO - Processing /home/tejhanagarajan/Projects/small-projects/NewsImpact/venv/lib64/python3.10/site-packages/airflow/example_dags/example_kubernetes_executor.py took 0.013 seconds
[2025-07-04T12:29:45.333+0530] {processor.py:161} INFO - Started process (PID=26682) to work on /home/tejhanagarajan/Projects/small-projects/NewsImpact/venv/lib64/python3.10/site-packages/airflow/example_dags/example_kubernetes_executor.py
[2025-07-04T12:29:45.336+0530] {processor.py:830} INFO - Processing file /home/tejhanagarajan/Projects/small-projects/NewsImpact/venv/lib64/python3.10/site-packages/airflow/example_dags/example_kubernetes_executor.py for tasks to queue
[2025-07-04T12:29:45.336+0530] {logging_mixin.py:188} INFO - [2025-07-04T12:29:45.336+0530] {dagbag.py:538} INFO - Filling up the DagBag from /home/tejhanagarajan/Projects/small-projects/NewsImpact/venv/lib64/python3.10/site-packages/airflow/example_dags/example_kubernetes_executor.py
[2025-07-04T12:29:45.337+0530] {logging_mixin.py:188} INFO - [2025-07-04T12:29:45.337+0530] {example_kubernetes_executor.py:38} WARNING - The example_kubernetes_executor example DAG requires the kubernetes provider. Please install it with: pip install apache-airflow[cncf.kubernetes]
[2025-07-04T12:29:45.337+0530] {processor.py:842} WARNING - No viable dags retrieved from /home/tejhanagarajan/Projects/small-projects/NewsImpact/venv/lib64/python3.10/site-packages/airflow/example_dags/example_kubernetes_executor.py
[2025-07-04T12:29:45.342+0530] {processor.py:183} INFO - Processing /home/tejhanagarajan/Projects/small-projects/NewsImpact/venv/lib64/python3.10/site-packages/airflow/example_dags/example_kubernetes_executor.py took 0.010 seconds
[2025-07-04T12:30:36.264+0530] {processor.py:161} INFO - Started process (PID=27052) to work on /home/tejhanagarajan/Projects/small-projects/NewsImpact/venv/lib64/python3.10/site-packages/airflow/example_dags/example_kubernetes_executor.py
[2025-07-04T12:30:36.266+0530] {processor.py:830} INFO - Processing file /home/tejhanagarajan/Projects/small-projects/NewsImpact/venv/lib64/python3.10/site-packages/airflow/example_dags/example_kubernetes_executor.py for tasks to queue
[2025-07-04T12:30:36.266+0530] {logging_mixin.py:188} INFO - [2025-07-04T12:30:36.266+0530] {dagbag.py:538} INFO - Filling up the DagBag from /home/tejhanagarajan/Projects/small-projects/NewsImpact/venv/lib64/python3.10/site-packages/airflow/example_dags/example_kubernetes_executor.py
[2025-07-04T12:30:36.269+0530] {logging_mixin.py:188} INFO - [2025-07-04T12:30:36.268+0530] {example_kubernetes_executor.py:38} WARNING - The example_kubernetes_executor example DAG requires the kubernetes provider. Please install it with: pip install apache-airflow[cncf.kubernetes]
[2025-07-04T12:30:36.269+0530] {processor.py:842} WARNING - No viable dags retrieved from /home/tejhanagarajan/Projects/small-projects/NewsImpact/venv/lib64/python3.10/site-packages/airflow/example_dags/example_kubernetes_executor.py
[2025-07-04T12:30:36.274+0530] {processor.py:183} INFO - Processing /home/tejhanagarajan/Projects/small-projects/NewsImpact/venv/lib64/python3.10/site-packages/airflow/example_dags/example_kubernetes_executor.py took 0.012 seconds
[2025-07-04T12:33:25.095+0530] {processor.py:161} INFO - Started process (PID=30195) to work on /home/tejhanagarajan/Projects/small-projects/NewsImpact/venv/lib64/python3.10/site-packages/airflow/example_dags/example_kubernetes_executor.py
[2025-07-04T12:33:25.098+0530] {processor.py:830} INFO - Processing file /home/tejhanagarajan/Projects/small-projects/NewsImpact/venv/lib64/python3.10/site-packages/airflow/example_dags/example_kubernetes_executor.py for tasks to queue
[2025-07-04T12:33:25.098+0530] {logging_mixin.py:188} INFO - [2025-07-04T12:33:25.098+0530] {dagbag.py:538} INFO - Filling up the DagBag from /home/tejhanagarajan/Projects/small-projects/NewsImpact/venv/lib64/python3.10/site-packages/airflow/example_dags/example_kubernetes_executor.py
[2025-07-04T12:33:25.100+0530] {logging_mixin.py:188} INFO - [2025-07-04T12:33:25.100+0530] {example_kubernetes_executor.py:38} WARNING - The example_kubernetes_executor example DAG requires the kubernetes provider. Please install it with: pip install apache-airflow[cncf.kubernetes]
[2025-07-04T12:33:25.100+0530] {processor.py:842} WARNING - No viable dags retrieved from /home/tejhanagarajan/Projects/small-projects/NewsImpact/venv/lib64/python3.10/site-packages/airflow/example_dags/example_kubernetes_executor.py
[2025-07-04T12:33:25.104+0530] {processor.py:183} INFO - Processing /home/tejhanagarajan/Projects/small-projects/NewsImpact/venv/lib64/python3.10/site-packages/airflow/example_dags/example_kubernetes_executor.py took 0.010 seconds
[2025-07-04T12:34:12.603+0530] {processor.py:161} INFO - Started process (PID=30543) to work on /home/tejhanagarajan/Projects/small-projects/NewsImpact/venv/lib64/python3.10/site-packages/airflow/example_dags/example_kubernetes_executor.py
[2025-07-04T12:34:12.606+0530] {processor.py:830} INFO - Processing file /home/tejhanagarajan/Projects/small-projects/NewsImpact/venv/lib64/python3.10/site-packages/airflow/example_dags/example_kubernetes_executor.py for tasks to queue
[2025-07-04T12:34:12.607+0530] {logging_mixin.py:188} INFO - [2025-07-04T12:34:12.606+0530] {dagbag.py:538} INFO - Filling up the DagBag from /home/tejhanagarajan/Projects/small-projects/NewsImpact/venv/lib64/python3.10/site-packages/airflow/example_dags/example_kubernetes_executor.py
[2025-07-04T12:34:12.609+0530] {logging_mixin.py:188} INFO - [2025-07-04T12:34:12.609+0530] {example_kubernetes_executor.py:38} WARNING - The example_kubernetes_executor example DAG requires the kubernetes provider. Please install it with: pip install apache-airflow[cncf.kubernetes]
[2025-07-04T12:34:12.609+0530] {processor.py:842} WARNING - No viable dags retrieved from /home/tejhanagarajan/Projects/small-projects/NewsImpact/venv/lib64/python3.10/site-packages/airflow/example_dags/example_kubernetes_executor.py
[2025-07-04T12:34:12.614+0530] {processor.py:183} INFO - Processing /home/tejhanagarajan/Projects/small-projects/NewsImpact/venv/lib64/python3.10/site-packages/airflow/example_dags/example_kubernetes_executor.py took 0.013 seconds
[2025-07-04T12:35:03.804+0530] {processor.py:161} INFO - Started process (PID=31166) to work on /home/tejhanagarajan/Projects/small-projects/NewsImpact/venv/lib64/python3.10/site-packages/airflow/example_dags/example_kubernetes_executor.py
[2025-07-04T12:35:03.807+0530] {processor.py:830} INFO - Processing file /home/tejhanagarajan/Projects/small-projects/NewsImpact/venv/lib64/python3.10/site-packages/airflow/example_dags/example_kubernetes_executor.py for tasks to queue
[2025-07-04T12:35:03.808+0530] {logging_mixin.py:188} INFO - [2025-07-04T12:35:03.807+0530] {dagbag.py:538} INFO - Filling up the DagBag from /home/tejhanagarajan/Projects/small-projects/NewsImpact/venv/lib64/python3.10/site-packages/airflow/example_dags/example_kubernetes_executor.py
[2025-07-04T12:35:03.810+0530] {logging_mixin.py:188} INFO - [2025-07-04T12:35:03.810+0530] {example_kubernetes_executor.py:38} WARNING - The example_kubernetes_executor example DAG requires the kubernetes provider. Please install it with: pip install apache-airflow[cncf.kubernetes]
[2025-07-04T12:35:03.810+0530] {processor.py:842} WARNING - No viable dags retrieved from /home/tejhanagarajan/Projects/small-projects/NewsImpact/venv/lib64/python3.10/site-packages/airflow/example_dags/example_kubernetes_executor.py
[2025-07-04T12:35:03.816+0530] {processor.py:183} INFO - Processing /home/tejhanagarajan/Projects/small-projects/NewsImpact/venv/lib64/python3.10/site-packages/airflow/example_dags/example_kubernetes_executor.py took 0.013 seconds
[2025-07-04T12:35:57.210+0530] {processor.py:161} INFO - Started process (PID=31614) to work on /home/tejhanagarajan/Projects/small-projects/NewsImpact/venv/lib64/python3.10/site-packages/airflow/example_dags/example_kubernetes_executor.py
[2025-07-04T12:35:57.210+0530] {processor.py:830} INFO - Processing file /home/tejhanagarajan/Projects/small-projects/NewsImpact/venv/lib64/python3.10/site-packages/airflow/example_dags/example_kubernetes_executor.py for tasks to queue
[2025-07-04T12:35:57.211+0530] {logging_mixin.py:188} INFO - [2025-07-04T12:35:57.210+0530] {dagbag.py:538} INFO - Filling up the DagBag from /home/tejhanagarajan/Projects/small-projects/NewsImpact/venv/lib64/python3.10/site-packages/airflow/example_dags/example_kubernetes_executor.py
[2025-07-04T12:35:57.212+0530] {logging_mixin.py:188} INFO - [2025-07-04T12:35:57.212+0530] {example_kubernetes_executor.py:38} WARNING - The example_kubernetes_executor example DAG requires the kubernetes provider. Please install it with: pip install apache-airflow[cncf.kubernetes]
[2025-07-04T12:35:57.212+0530] {processor.py:842} WARNING - No viable dags retrieved from /home/tejhanagarajan/Projects/small-projects/NewsImpact/venv/lib64/python3.10/site-packages/airflow/example_dags/example_kubernetes_executor.py
[2025-07-04T12:35:57.217+0530] {processor.py:183} INFO - Processing /home/tejhanagarajan/Projects/small-projects/NewsImpact/venv/lib64/python3.10/site-packages/airflow/example_dags/example_kubernetes_executor.py took 0.009 seconds
[2025-07-04T12:36:53.620+0530] {processor.py:161} INFO - Started process (PID=32177) to work on /home/tejhanagarajan/Projects/small-projects/NewsImpact/venv/lib64/python3.10/site-packages/airflow/example_dags/example_kubernetes_executor.py
[2025-07-04T12:36:53.621+0530] {processor.py:830} INFO - Processing file /home/tejhanagarajan/Projects/small-projects/NewsImpact/venv/lib64/python3.10/site-packages/airflow/example_dags/example_kubernetes_executor.py for tasks to queue
[2025-07-04T12:36:53.622+0530] {logging_mixin.py:188} INFO - [2025-07-04T12:36:53.622+0530] {dagbag.py:538} INFO - Filling up the DagBag from /home/tejhanagarajan/Projects/small-projects/NewsImpact/venv/lib64/python3.10/site-packages/airflow/example_dags/example_kubernetes_executor.py
[2025-07-04T12:36:53.624+0530] {logging_mixin.py:188} INFO - [2025-07-04T12:36:53.624+0530] {example_kubernetes_executor.py:38} WARNING - The example_kubernetes_executor example DAG requires the kubernetes provider. Please install it with: pip install apache-airflow[cncf.kubernetes]
[2025-07-04T12:36:53.624+0530] {processor.py:842} WARNING - No viable dags retrieved from /home/tejhanagarajan/Projects/small-projects/NewsImpact/venv/lib64/python3.10/site-packages/airflow/example_dags/example_kubernetes_executor.py
[2025-07-04T12:36:53.629+0530] {processor.py:183} INFO - Processing /home/tejhanagarajan/Projects/small-projects/NewsImpact/venv/lib64/python3.10/site-packages/airflow/example_dags/example_kubernetes_executor.py took 0.012 seconds
[2025-07-04T12:37:39.325+0530] {processor.py:161} INFO - Started process (PID=32776) to work on /home/tejhanagarajan/Projects/small-projects/NewsImpact/venv/lib64/python3.10/site-packages/airflow/example_dags/example_kubernetes_executor.py
[2025-07-04T12:37:39.328+0530] {processor.py:830} INFO - Processing file /home/tejhanagarajan/Projects/small-projects/NewsImpact/venv/lib64/python3.10/site-packages/airflow/example_dags/example_kubernetes_executor.py for tasks to queue
[2025-07-04T12:37:39.329+0530] {logging_mixin.py:188} INFO - [2025-07-04T12:37:39.329+0530] {dagbag.py:538} INFO - Filling up the DagBag from /home/tejhanagarajan/Projects/small-projects/NewsImpact/venv/lib64/python3.10/site-packages/airflow/example_dags/example_kubernetes_executor.py
[2025-07-04T12:37:39.331+0530] {logging_mixin.py:188} INFO - [2025-07-04T12:37:39.331+0530] {example_kubernetes_executor.py:38} WARNING - The example_kubernetes_executor example DAG requires the kubernetes provider. Please install it with: pip install apache-airflow[cncf.kubernetes]
[2025-07-04T12:37:39.332+0530] {processor.py:842} WARNING - No viable dags retrieved from /home/tejhanagarajan/Projects/small-projects/NewsImpact/venv/lib64/python3.10/site-packages/airflow/example_dags/example_kubernetes_executor.py
[2025-07-04T12:37:39.337+0530] {processor.py:183} INFO - Processing /home/tejhanagarajan/Projects/small-projects/NewsImpact/venv/lib64/python3.10/site-packages/airflow/example_dags/example_kubernetes_executor.py took 0.013 seconds
[2025-07-04T12:38:27.144+0530] {processor.py:161} INFO - Started process (PID=34889) to work on /home/tejhanagarajan/Projects/small-projects/NewsImpact/venv/lib64/python3.10/site-packages/airflow/example_dags/example_kubernetes_executor.py
[2025-07-04T12:38:27.146+0530] {processor.py:830} INFO - Processing file /home/tejhanagarajan/Projects/small-projects/NewsImpact/venv/lib64/python3.10/site-packages/airflow/example_dags/example_kubernetes_executor.py for tasks to queue
[2025-07-04T12:38:27.147+0530] {logging_mixin.py:188} INFO - [2025-07-04T12:38:27.147+0530] {dagbag.py:538} INFO - Filling up the DagBag from /home/tejhanagarajan/Projects/small-projects/NewsImpact/venv/lib64/python3.10/site-packages/airflow/example_dags/example_kubernetes_executor.py
[2025-07-04T12:38:27.149+0530] {logging_mixin.py:188} INFO - [2025-07-04T12:38:27.149+0530] {example_kubernetes_executor.py:38} WARNING - The example_kubernetes_executor example DAG requires the kubernetes provider. Please install it with: pip install apache-airflow[cncf.kubernetes]
[2025-07-04T12:38:27.149+0530] {processor.py:842} WARNING - No viable dags retrieved from /home/tejhanagarajan/Projects/small-projects/NewsImpact/venv/lib64/python3.10/site-packages/airflow/example_dags/example_kubernetes_executor.py
[2025-07-04T12:38:27.153+0530] {processor.py:183} INFO - Processing /home/tejhanagarajan/Projects/small-projects/NewsImpact/venv/lib64/python3.10/site-packages/airflow/example_dags/example_kubernetes_executor.py took 0.011 seconds
[2025-07-04T12:38:30.017+0530] {processor.py:161} INFO - Started process (PID=34916) to work on /home/tejhanagarajan/Projects/small-projects/NewsImpact/venv/lib64/python3.10/site-packages/airflow/example_dags/example_kubernetes_executor.py
[2025-07-04T12:38:30.017+0530] {processor.py:830} INFO - Processing file /home/tejhanagarajan/Projects/small-projects/NewsImpact/venv/lib64/python3.10/site-packages/airflow/example_dags/example_kubernetes_executor.py for tasks to queue
[2025-07-04T12:38:30.018+0530] {logging_mixin.py:188} INFO - [2025-07-04T12:38:30.018+0530] {dagbag.py:538} INFO - Filling up the DagBag from /home/tejhanagarajan/Projects/small-projects/NewsImpact/venv/lib64/python3.10/site-packages/airflow/example_dags/example_kubernetes_executor.py
[2025-07-04T12:38:30.020+0530] {logging_mixin.py:188} INFO - [2025-07-04T12:38:30.020+0530] {example_kubernetes_executor.py:38} WARNING - The example_kubernetes_executor example DAG requires the kubernetes provider. Please install it with: pip install apache-airflow[cncf.kubernetes]
[2025-07-04T12:38:30.020+0530] {processor.py:842} WARNING - No viable dags retrieved from /home/tejhanagarajan/Projects/small-projects/NewsImpact/venv/lib64/python3.10/site-packages/airflow/example_dags/example_kubernetes_executor.py
[2025-07-04T12:38:30.025+0530] {processor.py:183} INFO - Processing /home/tejhanagarajan/Projects/small-projects/NewsImpact/venv/lib64/python3.10/site-packages/airflow/example_dags/example_kubernetes_executor.py took 0.010 seconds
[2025-07-04T12:39:14.718+0530] {processor.py:161} INFO - Started process (PID=35349) to work on /home/tejhanagarajan/Projects/small-projects/NewsImpact/venv/lib64/python3.10/site-packages/airflow/example_dags/example_kubernetes_executor.py
[2025-07-04T12:39:14.721+0530] {processor.py:830} INFO - Processing file /home/tejhanagarajan/Projects/small-projects/NewsImpact/venv/lib64/python3.10/site-packages/airflow/example_dags/example_kubernetes_executor.py for tasks to queue
[2025-07-04T12:39:14.722+0530] {logging_mixin.py:188} INFO - [2025-07-04T12:39:14.722+0530] {dagbag.py:538} INFO - Filling up the DagBag from /home/tejhanagarajan/Projects/small-projects/NewsImpact/venv/lib64/python3.10/site-packages/airflow/example_dags/example_kubernetes_executor.py
[2025-07-04T12:39:14.725+0530] {logging_mixin.py:188} INFO - [2025-07-04T12:39:14.724+0530] {example_kubernetes_executor.py:38} WARNING - The example_kubernetes_executor example DAG requires the kubernetes provider. Please install it with: pip install apache-airflow[cncf.kubernetes]
[2025-07-04T12:39:14.725+0530] {processor.py:842} WARNING - No viable dags retrieved from /home/tejhanagarajan/Projects/small-projects/NewsImpact/venv/lib64/python3.10/site-packages/airflow/example_dags/example_kubernetes_executor.py
[2025-07-04T12:39:14.733+0530] {processor.py:183} INFO - Processing /home/tejhanagarajan/Projects/small-projects/NewsImpact/venv/lib64/python3.10/site-packages/airflow/example_dags/example_kubernetes_executor.py took 0.017 seconds
[2025-07-04T12:39:21.498+0530] {processor.py:161} INFO - Started process (PID=35420) to work on /home/tejhanagarajan/Projects/small-projects/NewsImpact/venv/lib64/python3.10/site-packages/airflow/example_dags/example_kubernetes_executor.py
[2025-07-04T12:39:21.498+0530] {processor.py:830} INFO - Processing file /home/tejhanagarajan/Projects/small-projects/NewsImpact/venv/lib64/python3.10/site-packages/airflow/example_dags/example_kubernetes_executor.py for tasks to queue
[2025-07-04T12:39:21.499+0530] {logging_mixin.py:188} INFO - [2025-07-04T12:39:21.498+0530] {dagbag.py:538} INFO - Filling up the DagBag from /home/tejhanagarajan/Projects/small-projects/NewsImpact/venv/lib64/python3.10/site-packages/airflow/example_dags/example_kubernetes_executor.py
[2025-07-04T12:39:21.500+0530] {logging_mixin.py:188} INFO - [2025-07-04T12:39:21.500+0530] {example_kubernetes_executor.py:38} WARNING - The example_kubernetes_executor example DAG requires the kubernetes provider. Please install it with: pip install apache-airflow[cncf.kubernetes]
[2025-07-04T12:39:21.500+0530] {processor.py:842} WARNING - No viable dags retrieved from /home/tejhanagarajan/Projects/small-projects/NewsImpact/venv/lib64/python3.10/site-packages/airflow/example_dags/example_kubernetes_executor.py
[2025-07-04T12:39:21.505+0530] {processor.py:183} INFO - Processing /home/tejhanagarajan/Projects/small-projects/NewsImpact/venv/lib64/python3.10/site-packages/airflow/example_dags/example_kubernetes_executor.py took 0.009 seconds
[2025-07-04T12:42:29.207+0530] {processor.py:161} INFO - Started process (PID=37990) to work on /home/tejhanagarajan/Projects/small-projects/NewsImpact/venv/lib64/python3.10/site-packages/airflow/example_dags/example_kubernetes_executor.py
[2025-07-04T12:42:29.210+0530] {processor.py:830} INFO - Processing file /home/tejhanagarajan/Projects/small-projects/NewsImpact/venv/lib64/python3.10/site-packages/airflow/example_dags/example_kubernetes_executor.py for tasks to queue
[2025-07-04T12:42:29.210+0530] {logging_mixin.py:188} INFO - [2025-07-04T12:42:29.210+0530] {dagbag.py:538} INFO - Filling up the DagBag from /home/tejhanagarajan/Projects/small-projects/NewsImpact/venv/lib64/python3.10/site-packages/airflow/example_dags/example_kubernetes_executor.py
[2025-07-04T12:42:29.212+0530] {logging_mixin.py:188} INFO - [2025-07-04T12:42:29.212+0530] {example_kubernetes_executor.py:38} WARNING - The example_kubernetes_executor example DAG requires the kubernetes provider. Please install it with: pip install apache-airflow[cncf.kubernetes]
[2025-07-04T12:42:29.212+0530] {processor.py:842} WARNING - No viable dags retrieved from /home/tejhanagarajan/Projects/small-projects/NewsImpact/venv/lib64/python3.10/site-packages/airflow/example_dags/example_kubernetes_executor.py
[2025-07-04T12:42:29.217+0530] {processor.py:183} INFO - Processing /home/tejhanagarajan/Projects/small-projects/NewsImpact/venv/lib64/python3.10/site-packages/airflow/example_dags/example_kubernetes_executor.py took 0.011 seconds
[2025-07-04T12:43:19.695+0530] {processor.py:161} INFO - Started process (PID=38392) to work on /home/tejhanagarajan/Projects/small-projects/NewsImpact/venv/lib64/python3.10/site-packages/airflow/example_dags/example_kubernetes_executor.py
[2025-07-04T12:43:19.697+0530] {processor.py:830} INFO - Processing file /home/tejhanagarajan/Projects/small-projects/NewsImpact/venv/lib64/python3.10/site-packages/airflow/example_dags/example_kubernetes_executor.py for tasks to queue
[2025-07-04T12:43:19.699+0530] {logging_mixin.py:188} INFO - [2025-07-04T12:43:19.698+0530] {dagbag.py:538} INFO - Filling up the DagBag from /home/tejhanagarajan/Projects/small-projects/NewsImpact/venv/lib64/python3.10/site-packages/airflow/example_dags/example_kubernetes_executor.py
[2025-07-04T12:43:19.701+0530] {logging_mixin.py:188} INFO - [2025-07-04T12:43:19.701+0530] {example_kubernetes_executor.py:38} WARNING - The example_kubernetes_executor example DAG requires the kubernetes provider. Please install it with: pip install apache-airflow[cncf.kubernetes]
[2025-07-04T12:43:19.701+0530] {processor.py:842} WARNING - No viable dags retrieved from /home/tejhanagarajan/Projects/small-projects/NewsImpact/venv/lib64/python3.10/site-packages/airflow/example_dags/example_kubernetes_executor.py
[2025-07-04T12:43:19.707+0530] {processor.py:183} INFO - Processing /home/tejhanagarajan/Projects/small-projects/NewsImpact/venv/lib64/python3.10/site-packages/airflow/example_dags/example_kubernetes_executor.py took 0.016 seconds
[2025-07-04T12:44:07.032+0530] {processor.py:161} INFO - Started process (PID=38761) to work on /home/tejhanagarajan/Projects/small-projects/NewsImpact/venv/lib64/python3.10/site-packages/airflow/example_dags/example_kubernetes_executor.py
[2025-07-04T12:44:07.034+0530] {processor.py:830} INFO - Processing file /home/tejhanagarajan/Projects/small-projects/NewsImpact/venv/lib64/python3.10/site-packages/airflow/example_dags/example_kubernetes_executor.py for tasks to queue
[2025-07-04T12:44:07.035+0530] {logging_mixin.py:188} INFO - [2025-07-04T12:44:07.035+0530] {dagbag.py:538} INFO - Filling up the DagBag from /home/tejhanagarajan/Projects/small-projects/NewsImpact/venv/lib64/python3.10/site-packages/airflow/example_dags/example_kubernetes_executor.py
[2025-07-04T12:44:07.038+0530] {logging_mixin.py:188} INFO - [2025-07-04T12:44:07.037+0530] {example_kubernetes_executor.py:38} WARNING - The example_kubernetes_executor example DAG requires the kubernetes provider. Please install it with: pip install apache-airflow[cncf.kubernetes]
[2025-07-04T12:44:07.038+0530] {processor.py:842} WARNING - No viable dags retrieved from /home/tejhanagarajan/Projects/small-projects/NewsImpact/venv/lib64/python3.10/site-packages/airflow/example_dags/example_kubernetes_executor.py
[2025-07-04T12:44:07.043+0530] {processor.py:183} INFO - Processing /home/tejhanagarajan/Projects/small-projects/NewsImpact/venv/lib64/python3.10/site-packages/airflow/example_dags/example_kubernetes_executor.py took 0.012 seconds
[2025-07-04T12:45:00.369+0530] {processor.py:161} INFO - Started process (PID=39132) to work on /home/tejhanagarajan/Projects/small-projects/NewsImpact/venv/lib64/python3.10/site-packages/airflow/example_dags/example_kubernetes_executor.py
[2025-07-04T12:45:00.372+0530] {processor.py:830} INFO - Processing file /home/tejhanagarajan/Projects/small-projects/NewsImpact/venv/lib64/python3.10/site-packages/airflow/example_dags/example_kubernetes_executor.py for tasks to queue
[2025-07-04T12:45:00.373+0530] {logging_mixin.py:188} INFO - [2025-07-04T12:45:00.372+0530] {dagbag.py:538} INFO - Filling up the DagBag from /home/tejhanagarajan/Projects/small-projects/NewsImpact/venv/lib64/python3.10/site-packages/airflow/example_dags/example_kubernetes_executor.py
[2025-07-04T12:45:00.375+0530] {logging_mixin.py:188} INFO - [2025-07-04T12:45:00.375+0530] {example_kubernetes_executor.py:38} WARNING - The example_kubernetes_executor example DAG requires the kubernetes provider. Please install it with: pip install apache-airflow[cncf.kubernetes]
[2025-07-04T12:45:00.375+0530] {processor.py:842} WARNING - No viable dags retrieved from /home/tejhanagarajan/Projects/small-projects/NewsImpact/venv/lib64/python3.10/site-packages/airflow/example_dags/example_kubernetes_executor.py
[2025-07-04T12:45:00.379+0530] {processor.py:183} INFO - Processing /home/tejhanagarajan/Projects/small-projects/NewsImpact/venv/lib64/python3.10/site-packages/airflow/example_dags/example_kubernetes_executor.py took 0.014 seconds
[2025-07-04T12:45:54.192+0530] {processor.py:161} INFO - Started process (PID=39537) to work on /home/tejhanagarajan/Projects/small-projects/NewsImpact/venv/lib64/python3.10/site-packages/airflow/example_dags/example_kubernetes_executor.py
[2025-07-04T12:45:54.197+0530] {processor.py:830} INFO - Processing file /home/tejhanagarajan/Projects/small-projects/NewsImpact/venv/lib64/python3.10/site-packages/airflow/example_dags/example_kubernetes_executor.py for tasks to queue
[2025-07-04T12:45:54.198+0530] {logging_mixin.py:188} INFO - [2025-07-04T12:45:54.197+0530] {dagbag.py:538} INFO - Filling up the DagBag from /home/tejhanagarajan/Projects/small-projects/NewsImpact/venv/lib64/python3.10/site-packages/airflow/example_dags/example_kubernetes_executor.py
[2025-07-04T12:45:54.201+0530] {logging_mixin.py:188} INFO - [2025-07-04T12:45:54.201+0530] {example_kubernetes_executor.py:38} WARNING - The example_kubernetes_executor example DAG requires the kubernetes provider. Please install it with: pip install apache-airflow[cncf.kubernetes]
[2025-07-04T12:45:54.202+0530] {processor.py:842} WARNING - No viable dags retrieved from /home/tejhanagarajan/Projects/small-projects/NewsImpact/venv/lib64/python3.10/site-packages/airflow/example_dags/example_kubernetes_executor.py
[2025-07-04T12:45:54.208+0530] {processor.py:183} INFO - Processing /home/tejhanagarajan/Projects/small-projects/NewsImpact/venv/lib64/python3.10/site-packages/airflow/example_dags/example_kubernetes_executor.py took 0.019 seconds
[2025-07-04T12:46:45.724+0530] {processor.py:161} INFO - Started process (PID=39908) to work on /home/tejhanagarajan/Projects/small-projects/NewsImpact/venv/lib64/python3.10/site-packages/airflow/example_dags/example_kubernetes_executor.py
[2025-07-04T12:46:45.726+0530] {processor.py:830} INFO - Processing file /home/tejhanagarajan/Projects/small-projects/NewsImpact/venv/lib64/python3.10/site-packages/airflow/example_dags/example_kubernetes_executor.py for tasks to queue
[2025-07-04T12:46:45.727+0530] {logging_mixin.py:188} INFO - [2025-07-04T12:46:45.727+0530] {dagbag.py:538} INFO - Filling up the DagBag from /home/tejhanagarajan/Projects/small-projects/NewsImpact/venv/lib64/python3.10/site-packages/airflow/example_dags/example_kubernetes_executor.py
[2025-07-04T12:46:45.729+0530] {logging_mixin.py:188} INFO - [2025-07-04T12:46:45.729+0530] {example_kubernetes_executor.py:38} WARNING - The example_kubernetes_executor example DAG requires the kubernetes provider. Please install it with: pip install apache-airflow[cncf.kubernetes]
[2025-07-04T12:46:45.729+0530] {processor.py:842} WARNING - No viable dags retrieved from /home/tejhanagarajan/Projects/small-projects/NewsImpact/venv/lib64/python3.10/site-packages/airflow/example_dags/example_kubernetes_executor.py
[2025-07-04T12:46:45.733+0530] {processor.py:183} INFO - Processing /home/tejhanagarajan/Projects/small-projects/NewsImpact/venv/lib64/python3.10/site-packages/airflow/example_dags/example_kubernetes_executor.py took 0.011 seconds
[2025-07-04T12:47:38.291+0530] {processor.py:161} INFO - Started process (PID=40296) to work on /home/tejhanagarajan/Projects/small-projects/NewsImpact/venv/lib64/python3.10/site-packages/airflow/example_dags/example_kubernetes_executor.py
[2025-07-04T12:47:38.294+0530] {processor.py:830} INFO - Processing file /home/tejhanagarajan/Projects/small-projects/NewsImpact/venv/lib64/python3.10/site-packages/airflow/example_dags/example_kubernetes_executor.py for tasks to queue
[2025-07-04T12:47:38.294+0530] {logging_mixin.py:188} INFO - [2025-07-04T12:47:38.294+0530] {dagbag.py:538} INFO - Filling up the DagBag from /home/tejhanagarajan/Projects/small-projects/NewsImpact/venv/lib64/python3.10/site-packages/airflow/example_dags/example_kubernetes_executor.py
[2025-07-04T12:47:38.297+0530] {logging_mixin.py:188} INFO - [2025-07-04T12:47:38.297+0530] {example_kubernetes_executor.py:38} WARNING - The example_kubernetes_executor example DAG requires the kubernetes provider. Please install it with: pip install apache-airflow[cncf.kubernetes]
[2025-07-04T12:47:38.297+0530] {processor.py:842} WARNING - No viable dags retrieved from /home/tejhanagarajan/Projects/small-projects/NewsImpact/venv/lib64/python3.10/site-packages/airflow/example_dags/example_kubernetes_executor.py
[2025-07-04T12:47:38.304+0530] {processor.py:183} INFO - Processing /home/tejhanagarajan/Projects/small-projects/NewsImpact/venv/lib64/python3.10/site-packages/airflow/example_dags/example_kubernetes_executor.py took 0.015 seconds
[2025-07-04T12:48:25.595+0530] {processor.py:161} INFO - Started process (PID=40674) to work on /home/tejhanagarajan/Projects/small-projects/NewsImpact/venv/lib64/python3.10/site-packages/airflow/example_dags/example_kubernetes_executor.py
[2025-07-04T12:48:25.598+0530] {processor.py:830} INFO - Processing file /home/tejhanagarajan/Projects/small-projects/NewsImpact/venv/lib64/python3.10/site-packages/airflow/example_dags/example_kubernetes_executor.py for tasks to queue
[2025-07-04T12:48:25.598+0530] {logging_mixin.py:188} INFO - [2025-07-04T12:48:25.598+0530] {dagbag.py:538} INFO - Filling up the DagBag from /home/tejhanagarajan/Projects/small-projects/NewsImpact/venv/lib64/python3.10/site-packages/airflow/example_dags/example_kubernetes_executor.py
[2025-07-04T12:48:25.599+0530] {logging_mixin.py:188} INFO - [2025-07-04T12:48:25.599+0530] {example_kubernetes_executor.py:38} WARNING - The example_kubernetes_executor example DAG requires the kubernetes provider. Please install it with: pip install apache-airflow[cncf.kubernetes]
[2025-07-04T12:48:25.600+0530] {processor.py:842} WARNING - No viable dags retrieved from /home/tejhanagarajan/Projects/small-projects/NewsImpact/venv/lib64/python3.10/site-packages/airflow/example_dags/example_kubernetes_executor.py
[2025-07-04T12:48:25.604+0530] {processor.py:183} INFO - Processing /home/tejhanagarajan/Projects/small-projects/NewsImpact/venv/lib64/python3.10/site-packages/airflow/example_dags/example_kubernetes_executor.py took 0.011 seconds
