[2025-07-04T12:26:51.564+0530] {processor.py:161} INFO - Started process (PID=25280) to work on /home/tejhanagarajan/Projects/small-projects/NewsImpact/venv/lib64/python3.10/site-packages/airflow/example_dags/example_python_operator.py
[2025-07-04T12:26:51.564+0530] {processor.py:830} INFO - Processing file /home/tejhanagarajan/Projects/small-projects/NewsImpact/venv/lib64/python3.10/site-packages/airflow/example_dags/example_python_operator.py for tasks to queue
[2025-07-04T12:26:51.565+0530] {logging_mixin.py:188} INFO - [2025-07-04T12:26:51.565+0530] {dagbag.py:538} INFO - Filling up the DagBag from /home/tejhanagarajan/Projects/small-projects/NewsImpact/venv/lib64/python3.10/site-packages/airflow/example_dags/example_python_operator.py
[2025-07-04T12:26:51.571+0530] {processor.py:840} INFO - DAG(s) 'example_python_operator' retrieved from /home/tejhanagarajan/Projects/small-projects/NewsImpact/venv/lib64/python3.10/site-packages/airflow/example_dags/example_python_operator.py
[2025-07-04T12:26:51.693+0530] {logging_mixin.py:188} INFO - [2025-07-04T12:26:51.692+0530] {override.py:1769} INFO - Created Permission View: can read on DAG:example_python_operator
[2025-07-04T12:26:51.726+0530] {logging_mixin.py:188} INFO - [2025-07-04T12:26:51.726+0530] {override.py:1769} INFO - Created Permission View: can edit on DAG:example_python_operator
[2025-07-04T12:26:51.738+0530] {logging_mixin.py:188} INFO - [2025-07-04T12:26:51.737+0530] {override.py:1769} INFO - Created Permission View: can delete on DAG:example_python_operator
[2025-07-04T12:26:51.738+0530] {logging_mixin.py:188} INFO - [2025-07-04T12:26:51.738+0530] {dag.py:3036} INFO - Sync 1 DAGs
[2025-07-04T12:26:51.743+0530] {logging_mixin.py:188} INFO - [2025-07-04T12:26:51.743+0530] {dag.py:3058} INFO - Creating ORM DAG for example_python_operator
[2025-07-04T12:26:51.743+0530] {logging_mixin.py:188} INFO - [2025-07-04T12:26:51.743+0530] {dag.py:3823} INFO - Setting next_dagrun for example_python_operator to None, run_after=None
[2025-07-04T12:26:51.763+0530] {processor.py:183} INFO - Processing /home/tejhanagarajan/Projects/small-projects/NewsImpact/venv/lib64/python3.10/site-packages/airflow/example_dags/example_python_operator.py took 0.200 seconds
[2025-07-04T12:27:41.619+0530] {processor.py:161} INFO - Started process (PID=25653) to work on /home/tejhanagarajan/Projects/small-projects/NewsImpact/venv/lib64/python3.10/site-packages/airflow/example_dags/example_python_operator.py
[2025-07-04T12:27:41.619+0530] {processor.py:830} INFO - Processing file /home/tejhanagarajan/Projects/small-projects/NewsImpact/venv/lib64/python3.10/site-packages/airflow/example_dags/example_python_operator.py for tasks to queue
[2025-07-04T12:27:41.620+0530] {logging_mixin.py:188} INFO - [2025-07-04T12:27:41.620+0530] {dagbag.py:538} INFO - Filling up the DagBag from /home/tejhanagarajan/Projects/small-projects/NewsImpact/venv/lib64/python3.10/site-packages/airflow/example_dags/example_python_operator.py
[2025-07-04T12:27:41.626+0530] {processor.py:840} INFO - DAG(s) 'example_python_operator' retrieved from /home/tejhanagarajan/Projects/small-projects/NewsImpact/venv/lib64/python3.10/site-packages/airflow/example_dags/example_python_operator.py
[2025-07-04T12:27:41.633+0530] {logging_mixin.py:188} INFO - [2025-07-04T12:27:41.633+0530] {dag.py:3036} INFO - Sync 1 DAGs
[2025-07-04T12:27:41.638+0530] {logging_mixin.py:188} INFO - [2025-07-04T12:27:41.638+0530] {dag.py:3823} INFO - Setting next_dagrun for example_python_operator to None, run_after=None
[2025-07-04T12:27:41.656+0530] {processor.py:183} INFO - Processing /home/tejhanagarajan/Projects/small-projects/NewsImpact/venv/lib64/python3.10/site-packages/airflow/example_dags/example_python_operator.py took 0.040 seconds
[2025-07-04T12:28:29.436+0530] {processor.py:161} INFO - Started process (PID=26052) to work on /home/tejhanagarajan/Projects/small-projects/NewsImpact/venv/lib64/python3.10/site-packages/airflow/example_dags/example_python_operator.py
[2025-07-04T12:28:29.436+0530] {processor.py:830} INFO - Processing file /home/tejhanagarajan/Projects/small-projects/NewsImpact/venv/lib64/python3.10/site-packages/airflow/example_dags/example_python_operator.py for tasks to queue
[2025-07-04T12:28:29.437+0530] {logging_mixin.py:188} INFO - [2025-07-04T12:28:29.436+0530] {dagbag.py:538} INFO - Filling up the DagBag from /home/tejhanagarajan/Projects/small-projects/NewsImpact/venv/lib64/python3.10/site-packages/airflow/example_dags/example_python_operator.py
[2025-07-04T12:28:29.443+0530] {processor.py:840} INFO - DAG(s) 'example_python_operator' retrieved from /home/tejhanagarajan/Projects/small-projects/NewsImpact/venv/lib64/python3.10/site-packages/airflow/example_dags/example_python_operator.py
[2025-07-04T12:28:29.471+0530] {logging_mixin.py:188} INFO - [2025-07-04T12:28:29.471+0530] {dag.py:3036} INFO - Sync 1 DAGs
[2025-07-04T12:28:29.480+0530] {logging_mixin.py:188} INFO - [2025-07-04T12:28:29.480+0530] {dag.py:3823} INFO - Setting next_dagrun for example_python_operator to None, run_after=None
[2025-07-04T12:28:29.544+0530] {processor.py:183} INFO - Processing /home/tejhanagarajan/Projects/small-projects/NewsImpact/venv/lib64/python3.10/site-packages/airflow/example_dags/example_python_operator.py took 0.110 seconds
[2025-07-04T12:29:27.421+0530] {processor.py:161} INFO - Started process (PID=26558) to work on /home/tejhanagarajan/Projects/small-projects/NewsImpact/venv/lib64/python3.10/site-packages/airflow/example_dags/example_python_operator.py
[2025-07-04T12:29:27.423+0530] {processor.py:830} INFO - Processing file /home/tejhanagarajan/Projects/small-projects/NewsImpact/venv/lib64/python3.10/site-packages/airflow/example_dags/example_python_operator.py for tasks to queue
[2025-07-04T12:29:27.424+0530] {logging_mixin.py:188} INFO - [2025-07-04T12:29:27.423+0530] {dagbag.py:538} INFO - Filling up the DagBag from /home/tejhanagarajan/Projects/small-projects/NewsImpact/venv/lib64/python3.10/site-packages/airflow/example_dags/example_python_operator.py
[2025-07-04T12:29:27.429+0530] {processor.py:840} INFO - DAG(s) 'example_python_operator' retrieved from /home/tejhanagarajan/Projects/small-projects/NewsImpact/venv/lib64/python3.10/site-packages/airflow/example_dags/example_python_operator.py
[2025-07-04T12:29:27.438+0530] {logging_mixin.py:188} INFO - [2025-07-04T12:29:27.438+0530] {dag.py:3036} INFO - Sync 1 DAGs
[2025-07-04T12:29:27.443+0530] {logging_mixin.py:188} INFO - [2025-07-04T12:29:27.443+0530] {dag.py:3823} INFO - Setting next_dagrun for example_python_operator to None, run_after=None
[2025-07-04T12:29:27.462+0530] {processor.py:183} INFO - Processing /home/tejhanagarajan/Projects/small-projects/NewsImpact/venv/lib64/python3.10/site-packages/airflow/example_dags/example_python_operator.py took 0.043 seconds
[2025-07-04T12:30:17.410+0530] {processor.py:161} INFO - Started process (PID=26914) to work on /home/tejhanagarajan/Projects/small-projects/NewsImpact/venv/lib64/python3.10/site-packages/airflow/example_dags/example_python_operator.py
[2025-07-04T12:30:17.412+0530] {processor.py:830} INFO - Processing file /home/tejhanagarajan/Projects/small-projects/NewsImpact/venv/lib64/python3.10/site-packages/airflow/example_dags/example_python_operator.py for tasks to queue
[2025-07-04T12:30:17.413+0530] {logging_mixin.py:188} INFO - [2025-07-04T12:30:17.413+0530] {dagbag.py:538} INFO - Filling up the DagBag from /home/tejhanagarajan/Projects/small-projects/NewsImpact/venv/lib64/python3.10/site-packages/airflow/example_dags/example_python_operator.py
[2025-07-04T12:30:17.421+0530] {processor.py:840} INFO - DAG(s) 'example_python_operator' retrieved from /home/tejhanagarajan/Projects/small-projects/NewsImpact/venv/lib64/python3.10/site-packages/airflow/example_dags/example_python_operator.py
[2025-07-04T12:30:17.429+0530] {logging_mixin.py:188} INFO - [2025-07-04T12:30:17.428+0530] {dag.py:3036} INFO - Sync 1 DAGs
[2025-07-04T12:30:17.433+0530] {logging_mixin.py:188} INFO - [2025-07-04T12:30:17.433+0530] {dag.py:3823} INFO - Setting next_dagrun for example_python_operator to None, run_after=None
[2025-07-04T12:30:17.449+0530] {processor.py:183} INFO - Processing /home/tejhanagarajan/Projects/small-projects/NewsImpact/venv/lib64/python3.10/site-packages/airflow/example_dags/example_python_operator.py took 0.043 seconds
[2025-07-04T12:33:17.095+0530] {processor.py:161} INFO - Started process (PID=30137) to work on /home/tejhanagarajan/Projects/small-projects/NewsImpact/venv/lib64/python3.10/site-packages/airflow/example_dags/example_python_operator.py
[2025-07-04T12:33:17.097+0530] {processor.py:830} INFO - Processing file /home/tejhanagarajan/Projects/small-projects/NewsImpact/venv/lib64/python3.10/site-packages/airflow/example_dags/example_python_operator.py for tasks to queue
[2025-07-04T12:33:17.098+0530] {logging_mixin.py:188} INFO - [2025-07-04T12:33:17.098+0530] {dagbag.py:538} INFO - Filling up the DagBag from /home/tejhanagarajan/Projects/small-projects/NewsImpact/venv/lib64/python3.10/site-packages/airflow/example_dags/example_python_operator.py
[2025-07-04T12:33:17.103+0530] {processor.py:840} INFO - DAG(s) 'example_python_operator' retrieved from /home/tejhanagarajan/Projects/small-projects/NewsImpact/venv/lib64/python3.10/site-packages/airflow/example_dags/example_python_operator.py
[2025-07-04T12:33:17.143+0530] {logging_mixin.py:188} INFO - [2025-07-04T12:33:17.143+0530] {dag.py:3036} INFO - Sync 1 DAGs
[2025-07-04T12:33:17.147+0530] {logging_mixin.py:188} INFO - [2025-07-04T12:33:17.147+0530] {dag.py:3823} INFO - Setting next_dagrun for example_python_operator to None, run_after=None
[2025-07-04T12:33:17.163+0530] {processor.py:183} INFO - Processing /home/tejhanagarajan/Projects/small-projects/NewsImpact/venv/lib64/python3.10/site-packages/airflow/example_dags/example_python_operator.py took 0.069 seconds
[2025-07-04T12:34:04.011+0530] {processor.py:161} INFO - Started process (PID=30479) to work on /home/tejhanagarajan/Projects/small-projects/NewsImpact/venv/lib64/python3.10/site-packages/airflow/example_dags/example_python_operator.py
[2025-07-04T12:34:04.013+0530] {processor.py:830} INFO - Processing file /home/tejhanagarajan/Projects/small-projects/NewsImpact/venv/lib64/python3.10/site-packages/airflow/example_dags/example_python_operator.py for tasks to queue
[2025-07-04T12:34:04.013+0530] {logging_mixin.py:188} INFO - [2025-07-04T12:34:04.013+0530] {dagbag.py:538} INFO - Filling up the DagBag from /home/tejhanagarajan/Projects/small-projects/NewsImpact/venv/lib64/python3.10/site-packages/airflow/example_dags/example_python_operator.py
[2025-07-04T12:34:04.019+0530] {processor.py:840} INFO - DAG(s) 'example_python_operator' retrieved from /home/tejhanagarajan/Projects/small-projects/NewsImpact/venv/lib64/python3.10/site-packages/airflow/example_dags/example_python_operator.py
[2025-07-04T12:34:04.027+0530] {logging_mixin.py:188} INFO - [2025-07-04T12:34:04.027+0530] {dag.py:3036} INFO - Sync 1 DAGs
[2025-07-04T12:34:04.031+0530] {logging_mixin.py:188} INFO - [2025-07-04T12:34:04.031+0530] {dag.py:3823} INFO - Setting next_dagrun for example_python_operator to None, run_after=None
[2025-07-04T12:34:04.047+0530] {processor.py:183} INFO - Processing /home/tejhanagarajan/Projects/small-projects/NewsImpact/venv/lib64/python3.10/site-packages/airflow/example_dags/example_python_operator.py took 0.039 seconds
[2025-07-04T12:34:54.807+0530] {processor.py:161} INFO - Started process (PID=31106) to work on /home/tejhanagarajan/Projects/small-projects/NewsImpact/venv/lib64/python3.10/site-packages/airflow/example_dags/example_python_operator.py
[2025-07-04T12:34:54.809+0530] {processor.py:830} INFO - Processing file /home/tejhanagarajan/Projects/small-projects/NewsImpact/venv/lib64/python3.10/site-packages/airflow/example_dags/example_python_operator.py for tasks to queue
[2025-07-04T12:34:54.809+0530] {logging_mixin.py:188} INFO - [2025-07-04T12:34:54.809+0530] {dagbag.py:538} INFO - Filling up the DagBag from /home/tejhanagarajan/Projects/small-projects/NewsImpact/venv/lib64/python3.10/site-packages/airflow/example_dags/example_python_operator.py
[2025-07-04T12:34:54.815+0530] {processor.py:840} INFO - DAG(s) 'example_python_operator' retrieved from /home/tejhanagarajan/Projects/small-projects/NewsImpact/venv/lib64/python3.10/site-packages/airflow/example_dags/example_python_operator.py
[2025-07-04T12:34:54.822+0530] {logging_mixin.py:188} INFO - [2025-07-04T12:34:54.822+0530] {dag.py:3036} INFO - Sync 1 DAGs
[2025-07-04T12:34:54.827+0530] {logging_mixin.py:188} INFO - [2025-07-04T12:34:54.827+0530] {dag.py:3823} INFO - Setting next_dagrun for example_python_operator to None, run_after=None
[2025-07-04T12:34:54.844+0530] {processor.py:183} INFO - Processing /home/tejhanagarajan/Projects/small-projects/NewsImpact/venv/lib64/python3.10/site-packages/airflow/example_dags/example_python_operator.py took 0.040 seconds
[2025-07-04T12:35:44.069+0530] {processor.py:161} INFO - Started process (PID=31525) to work on /home/tejhanagarajan/Projects/small-projects/NewsImpact/venv/lib64/python3.10/site-packages/airflow/example_dags/example_python_operator.py
[2025-07-04T12:35:44.071+0530] {processor.py:830} INFO - Processing file /home/tejhanagarajan/Projects/small-projects/NewsImpact/venv/lib64/python3.10/site-packages/airflow/example_dags/example_python_operator.py for tasks to queue
[2025-07-04T12:35:44.072+0530] {logging_mixin.py:188} INFO - [2025-07-04T12:35:44.072+0530] {dagbag.py:538} INFO - Filling up the DagBag from /home/tejhanagarajan/Projects/small-projects/NewsImpact/venv/lib64/python3.10/site-packages/airflow/example_dags/example_python_operator.py
[2025-07-04T12:35:44.077+0530] {processor.py:840} INFO - DAG(s) 'example_python_operator' retrieved from /home/tejhanagarajan/Projects/small-projects/NewsImpact/venv/lib64/python3.10/site-packages/airflow/example_dags/example_python_operator.py
[2025-07-04T12:35:44.084+0530] {logging_mixin.py:188} INFO - [2025-07-04T12:35:44.084+0530] {dag.py:3036} INFO - Sync 1 DAGs
[2025-07-04T12:35:44.089+0530] {logging_mixin.py:188} INFO - [2025-07-04T12:35:44.089+0530] {dag.py:3823} INFO - Setting next_dagrun for example_python_operator to None, run_after=None
[2025-07-04T12:35:44.105+0530] {processor.py:183} INFO - Processing /home/tejhanagarajan/Projects/small-projects/NewsImpact/venv/lib64/python3.10/site-packages/airflow/example_dags/example_python_operator.py took 0.037 seconds
[2025-07-04T12:36:38.425+0530] {processor.py:161} INFO - Started process (PID=32058) to work on /home/tejhanagarajan/Projects/small-projects/NewsImpact/venv/lib64/python3.10/site-packages/airflow/example_dags/example_python_operator.py
[2025-07-04T12:36:38.425+0530] {processor.py:830} INFO - Processing file /home/tejhanagarajan/Projects/small-projects/NewsImpact/venv/lib64/python3.10/site-packages/airflow/example_dags/example_python_operator.py for tasks to queue
[2025-07-04T12:36:38.426+0530] {logging_mixin.py:188} INFO - [2025-07-04T12:36:38.426+0530] {dagbag.py:538} INFO - Filling up the DagBag from /home/tejhanagarajan/Projects/small-projects/NewsImpact/venv/lib64/python3.10/site-packages/airflow/example_dags/example_python_operator.py
[2025-07-04T12:36:38.431+0530] {processor.py:840} INFO - DAG(s) 'example_python_operator' retrieved from /home/tejhanagarajan/Projects/small-projects/NewsImpact/venv/lib64/python3.10/site-packages/airflow/example_dags/example_python_operator.py
[2025-07-04T12:36:38.438+0530] {logging_mixin.py:188} INFO - [2025-07-04T12:36:38.438+0530] {dag.py:3036} INFO - Sync 1 DAGs
[2025-07-04T12:36:38.443+0530] {logging_mixin.py:188} INFO - [2025-07-04T12:36:38.443+0530] {dag.py:3823} INFO - Setting next_dagrun for example_python_operator to None, run_after=None
[2025-07-04T12:36:38.459+0530] {processor.py:183} INFO - Processing /home/tejhanagarajan/Projects/small-projects/NewsImpact/venv/lib64/python3.10/site-packages/airflow/example_dags/example_python_operator.py took 0.036 seconds
[2025-07-04T12:37:25.746+0530] {processor.py:161} INFO - Started process (PID=32411) to work on /home/tejhanagarajan/Projects/small-projects/NewsImpact/venv/lib64/python3.10/site-packages/airflow/example_dags/example_python_operator.py
[2025-07-04T12:37:25.749+0530] {processor.py:830} INFO - Processing file /home/tejhanagarajan/Projects/small-projects/NewsImpact/venv/lib64/python3.10/site-packages/airflow/example_dags/example_python_operator.py for tasks to queue
[2025-07-04T12:37:25.750+0530] {logging_mixin.py:188} INFO - [2025-07-04T12:37:25.749+0530] {dagbag.py:538} INFO - Filling up the DagBag from /home/tejhanagarajan/Projects/small-projects/NewsImpact/venv/lib64/python3.10/site-packages/airflow/example_dags/example_python_operator.py
[2025-07-04T12:37:25.758+0530] {processor.py:840} INFO - DAG(s) 'example_python_operator' retrieved from /home/tejhanagarajan/Projects/small-projects/NewsImpact/venv/lib64/python3.10/site-packages/airflow/example_dags/example_python_operator.py
[2025-07-04T12:37:25.766+0530] {logging_mixin.py:188} INFO - [2025-07-04T12:37:25.766+0530] {dag.py:3036} INFO - Sync 1 DAGs
[2025-07-04T12:37:25.771+0530] {logging_mixin.py:188} INFO - [2025-07-04T12:37:25.771+0530] {dag.py:3823} INFO - Setting next_dagrun for example_python_operator to None, run_after=None
[2025-07-04T12:37:25.787+0530] {processor.py:183} INFO - Processing /home/tejhanagarajan/Projects/small-projects/NewsImpact/venv/lib64/python3.10/site-packages/airflow/example_dags/example_python_operator.py took 0.043 seconds
[2025-07-04T12:38:16.274+0530] {processor.py:161} INFO - Started process (PID=34816) to work on /home/tejhanagarajan/Projects/small-projects/NewsImpact/venv/lib64/python3.10/site-packages/airflow/example_dags/example_python_operator.py
[2025-07-04T12:38:16.276+0530] {processor.py:830} INFO - Processing file /home/tejhanagarajan/Projects/small-projects/NewsImpact/venv/lib64/python3.10/site-packages/airflow/example_dags/example_python_operator.py for tasks to queue
[2025-07-04T12:38:16.277+0530] {logging_mixin.py:188} INFO - [2025-07-04T12:38:16.277+0530] {dagbag.py:538} INFO - Filling up the DagBag from /home/tejhanagarajan/Projects/small-projects/NewsImpact/venv/lib64/python3.10/site-packages/airflow/example_dags/example_python_operator.py
[2025-07-04T12:38:16.282+0530] {processor.py:840} INFO - DAG(s) 'example_python_operator' retrieved from /home/tejhanagarajan/Projects/small-projects/NewsImpact/venv/lib64/python3.10/site-packages/airflow/example_dags/example_python_operator.py
[2025-07-04T12:38:16.290+0530] {logging_mixin.py:188} INFO - [2025-07-04T12:38:16.289+0530] {dag.py:3036} INFO - Sync 1 DAGs
[2025-07-04T12:38:16.294+0530] {logging_mixin.py:188} INFO - [2025-07-04T12:38:16.294+0530] {dag.py:3823} INFO - Setting next_dagrun for example_python_operator to None, run_after=None
[2025-07-04T12:38:16.311+0530] {processor.py:183} INFO - Processing /home/tejhanagarajan/Projects/small-projects/NewsImpact/venv/lib64/python3.10/site-packages/airflow/example_dags/example_python_operator.py took 0.039 seconds
[2025-07-04T12:38:19.139+0530] {processor.py:161} INFO - Started process (PID=34832) to work on /home/tejhanagarajan/Projects/small-projects/NewsImpact/venv/lib64/python3.10/site-packages/airflow/example_dags/example_python_operator.py
[2025-07-04T12:38:19.139+0530] {processor.py:830} INFO - Processing file /home/tejhanagarajan/Projects/small-projects/NewsImpact/venv/lib64/python3.10/site-packages/airflow/example_dags/example_python_operator.py for tasks to queue
[2025-07-04T12:38:19.140+0530] {logging_mixin.py:188} INFO - [2025-07-04T12:38:19.140+0530] {dagbag.py:538} INFO - Filling up the DagBag from /home/tejhanagarajan/Projects/small-projects/NewsImpact/venv/lib64/python3.10/site-packages/airflow/example_dags/example_python_operator.py
[2025-07-04T12:38:19.146+0530] {processor.py:840} INFO - DAG(s) 'example_python_operator' retrieved from /home/tejhanagarajan/Projects/small-projects/NewsImpact/venv/lib64/python3.10/site-packages/airflow/example_dags/example_python_operator.py
[2025-07-04T12:38:19.185+0530] {logging_mixin.py:188} INFO - [2025-07-04T12:38:19.185+0530] {dag.py:3036} INFO - Sync 1 DAGs
[2025-07-04T12:38:19.189+0530] {logging_mixin.py:188} INFO - [2025-07-04T12:38:19.188+0530] {dag.py:3823} INFO - Setting next_dagrun for example_python_operator to None, run_after=None
[2025-07-04T12:38:19.205+0530] {processor.py:183} INFO - Processing /home/tejhanagarajan/Projects/small-projects/NewsImpact/venv/lib64/python3.10/site-packages/airflow/example_dags/example_python_operator.py took 0.068 seconds
[2025-07-04T12:39:06.115+0530] {processor.py:161} INFO - Started process (PID=35274) to work on /home/tejhanagarajan/Projects/small-projects/NewsImpact/venv/lib64/python3.10/site-packages/airflow/example_dags/example_python_operator.py
[2025-07-04T12:39:06.116+0530] {processor.py:830} INFO - Processing file /home/tejhanagarajan/Projects/small-projects/NewsImpact/venv/lib64/python3.10/site-packages/airflow/example_dags/example_python_operator.py for tasks to queue
[2025-07-04T12:39:06.117+0530] {logging_mixin.py:188} INFO - [2025-07-04T12:39:06.116+0530] {dagbag.py:538} INFO - Filling up the DagBag from /home/tejhanagarajan/Projects/small-projects/NewsImpact/venv/lib64/python3.10/site-packages/airflow/example_dags/example_python_operator.py
[2025-07-04T12:39:06.123+0530] {processor.py:840} INFO - DAG(s) 'example_python_operator' retrieved from /home/tejhanagarajan/Projects/small-projects/NewsImpact/venv/lib64/python3.10/site-packages/airflow/example_dags/example_python_operator.py
[2025-07-04T12:39:06.131+0530] {logging_mixin.py:188} INFO - [2025-07-04T12:39:06.131+0530] {dag.py:3036} INFO - Sync 1 DAGs
[2025-07-04T12:39:06.136+0530] {logging_mixin.py:188} INFO - [2025-07-04T12:39:06.136+0530] {dag.py:3823} INFO - Setting next_dagrun for example_python_operator to None, run_after=None
[2025-07-04T12:39:06.152+0530] {processor.py:183} INFO - Processing /home/tejhanagarajan/Projects/small-projects/NewsImpact/venv/lib64/python3.10/site-packages/airflow/example_dags/example_python_operator.py took 0.039 seconds
[2025-07-04T12:39:07.130+0530] {processor.py:161} INFO - Started process (PID=35275) to work on /home/tejhanagarajan/Projects/small-projects/NewsImpact/venv/lib64/python3.10/site-packages/airflow/example_dags/example_python_operator.py
[2025-07-04T12:39:07.131+0530] {processor.py:830} INFO - Processing file /home/tejhanagarajan/Projects/small-projects/NewsImpact/venv/lib64/python3.10/site-packages/airflow/example_dags/example_python_operator.py for tasks to queue
[2025-07-04T12:39:07.131+0530] {logging_mixin.py:188} INFO - [2025-07-04T12:39:07.131+0530] {dagbag.py:538} INFO - Filling up the DagBag from /home/tejhanagarajan/Projects/small-projects/NewsImpact/venv/lib64/python3.10/site-packages/airflow/example_dags/example_python_operator.py
[2025-07-04T12:39:07.137+0530] {processor.py:840} INFO - DAG(s) 'example_python_operator' retrieved from /home/tejhanagarajan/Projects/small-projects/NewsImpact/venv/lib64/python3.10/site-packages/airflow/example_dags/example_python_operator.py
[2025-07-04T12:39:07.179+0530] {logging_mixin.py:188} INFO - [2025-07-04T12:39:07.179+0530] {dag.py:3036} INFO - Sync 1 DAGs
[2025-07-04T12:39:07.183+0530] {logging_mixin.py:188} INFO - [2025-07-04T12:39:07.183+0530] {dag.py:3823} INFO - Setting next_dagrun for example_python_operator to None, run_after=None
[2025-07-04T12:39:07.201+0530] {processor.py:183} INFO - Processing /home/tejhanagarajan/Projects/small-projects/NewsImpact/venv/lib64/python3.10/site-packages/airflow/example_dags/example_python_operator.py took 0.073 seconds
[2025-07-04T12:40:00.345+0530] {processor.py:161} INFO - Started process (PID=35917) to work on /home/tejhanagarajan/Projects/small-projects/NewsImpact/venv/lib64/python3.10/site-packages/airflow/example_dags/example_python_operator.py
[2025-07-04T12:40:00.347+0530] {processor.py:830} INFO - Processing file /home/tejhanagarajan/Projects/small-projects/NewsImpact/venv/lib64/python3.10/site-packages/airflow/example_dags/example_python_operator.py for tasks to queue
[2025-07-04T12:40:00.348+0530] {logging_mixin.py:188} INFO - [2025-07-04T12:40:00.348+0530] {dagbag.py:538} INFO - Filling up the DagBag from /home/tejhanagarajan/Projects/small-projects/NewsImpact/venv/lib64/python3.10/site-packages/airflow/example_dags/example_python_operator.py
[2025-07-04T12:40:00.356+0530] {processor.py:840} INFO - DAG(s) 'example_python_operator' retrieved from /home/tejhanagarajan/Projects/small-projects/NewsImpact/venv/lib64/python3.10/site-packages/airflow/example_dags/example_python_operator.py
[2025-07-04T12:40:00.366+0530] {logging_mixin.py:188} INFO - [2025-07-04T12:40:00.366+0530] {dag.py:3036} INFO - Sync 1 DAGs
[2025-07-04T12:40:00.371+0530] {logging_mixin.py:188} INFO - [2025-07-04T12:40:00.371+0530] {dag.py:3823} INFO - Setting next_dagrun for example_python_operator to None, run_after=None
[2025-07-04T12:40:00.388+0530] {processor.py:183} INFO - Processing /home/tejhanagarajan/Projects/small-projects/NewsImpact/venv/lib64/python3.10/site-packages/airflow/example_dags/example_python_operator.py took 0.046 seconds
[2025-07-04T12:42:21.804+0530] {processor.py:161} INFO - Started process (PID=37929) to work on /home/tejhanagarajan/Projects/small-projects/NewsImpact/venv/lib64/python3.10/site-packages/airflow/example_dags/example_python_operator.py
[2025-07-04T12:42:21.805+0530] {processor.py:830} INFO - Processing file /home/tejhanagarajan/Projects/small-projects/NewsImpact/venv/lib64/python3.10/site-packages/airflow/example_dags/example_python_operator.py for tasks to queue
[2025-07-04T12:42:21.805+0530] {logging_mixin.py:188} INFO - [2025-07-04T12:42:21.805+0530] {dagbag.py:538} INFO - Filling up the DagBag from /home/tejhanagarajan/Projects/small-projects/NewsImpact/venv/lib64/python3.10/site-packages/airflow/example_dags/example_python_operator.py
[2025-07-04T12:42:21.810+0530] {processor.py:840} INFO - DAG(s) 'example_python_operator' retrieved from /home/tejhanagarajan/Projects/small-projects/NewsImpact/venv/lib64/python3.10/site-packages/airflow/example_dags/example_python_operator.py
[2025-07-04T12:42:21.856+0530] {logging_mixin.py:188} INFO - [2025-07-04T12:42:21.856+0530] {dag.py:3036} INFO - Sync 1 DAGs
[2025-07-04T12:42:21.860+0530] {logging_mixin.py:188} INFO - [2025-07-04T12:42:21.860+0530] {dag.py:3823} INFO - Setting next_dagrun for example_python_operator to None, run_after=None
[2025-07-04T12:42:21.875+0530] {processor.py:183} INFO - Processing /home/tejhanagarajan/Projects/small-projects/NewsImpact/venv/lib64/python3.10/site-packages/airflow/example_dags/example_python_operator.py took 0.073 seconds
[2025-07-04T12:43:06.983+0530] {processor.py:161} INFO - Started process (PID=38279) to work on /home/tejhanagarajan/Projects/small-projects/NewsImpact/venv/lib64/python3.10/site-packages/airflow/example_dags/example_python_operator.py
[2025-07-04T12:43:06.985+0530] {processor.py:830} INFO - Processing file /home/tejhanagarajan/Projects/small-projects/NewsImpact/venv/lib64/python3.10/site-packages/airflow/example_dags/example_python_operator.py for tasks to queue
[2025-07-04T12:43:06.985+0530] {logging_mixin.py:188} INFO - [2025-07-04T12:43:06.985+0530] {dagbag.py:538} INFO - Filling up the DagBag from /home/tejhanagarajan/Projects/small-projects/NewsImpact/venv/lib64/python3.10/site-packages/airflow/example_dags/example_python_operator.py
[2025-07-04T12:43:06.991+0530] {processor.py:840} INFO - DAG(s) 'example_python_operator' retrieved from /home/tejhanagarajan/Projects/small-projects/NewsImpact/venv/lib64/python3.10/site-packages/airflow/example_dags/example_python_operator.py
[2025-07-04T12:43:06.999+0530] {logging_mixin.py:188} INFO - [2025-07-04T12:43:06.999+0530] {dag.py:3036} INFO - Sync 1 DAGs
[2025-07-04T12:43:07.003+0530] {logging_mixin.py:188} INFO - [2025-07-04T12:43:07.003+0530] {dag.py:3823} INFO - Setting next_dagrun for example_python_operator to None, run_after=None
[2025-07-04T12:43:07.020+0530] {processor.py:183} INFO - Processing /home/tejhanagarajan/Projects/small-projects/NewsImpact/venv/lib64/python3.10/site-packages/airflow/example_dags/example_python_operator.py took 0.039 seconds
[2025-07-04T12:43:58.026+0530] {processor.py:161} INFO - Started process (PID=38704) to work on /home/tejhanagarajan/Projects/small-projects/NewsImpact/venv/lib64/python3.10/site-packages/airflow/example_dags/example_python_operator.py
[2025-07-04T12:43:58.027+0530] {processor.py:830} INFO - Processing file /home/tejhanagarajan/Projects/small-projects/NewsImpact/venv/lib64/python3.10/site-packages/airflow/example_dags/example_python_operator.py for tasks to queue
[2025-07-04T12:43:58.028+0530] {logging_mixin.py:188} INFO - [2025-07-04T12:43:58.028+0530] {dagbag.py:538} INFO - Filling up the DagBag from /home/tejhanagarajan/Projects/small-projects/NewsImpact/venv/lib64/python3.10/site-packages/airflow/example_dags/example_python_operator.py
[2025-07-04T12:43:58.034+0530] {processor.py:840} INFO - DAG(s) 'example_python_operator' retrieved from /home/tejhanagarajan/Projects/small-projects/NewsImpact/venv/lib64/python3.10/site-packages/airflow/example_dags/example_python_operator.py
[2025-07-04T12:43:58.042+0530] {logging_mixin.py:188} INFO - [2025-07-04T12:43:58.042+0530] {dag.py:3036} INFO - Sync 1 DAGs
[2025-07-04T12:43:58.047+0530] {logging_mixin.py:188} INFO - [2025-07-04T12:43:58.047+0530] {dag.py:3823} INFO - Setting next_dagrun for example_python_operator to None, run_after=None
[2025-07-04T12:43:58.063+0530] {processor.py:183} INFO - Processing /home/tejhanagarajan/Projects/small-projects/NewsImpact/venv/lib64/python3.10/site-packages/airflow/example_dags/example_python_operator.py took 0.038 seconds
[2025-07-04T12:44:47.182+0530] {processor.py:161} INFO - Started process (PID=39045) to work on /home/tejhanagarajan/Projects/small-projects/NewsImpact/venv/lib64/python3.10/site-packages/airflow/example_dags/example_python_operator.py
[2025-07-04T12:44:47.183+0530] {processor.py:830} INFO - Processing file /home/tejhanagarajan/Projects/small-projects/NewsImpact/venv/lib64/python3.10/site-packages/airflow/example_dags/example_python_operator.py for tasks to queue
[2025-07-04T12:44:47.184+0530] {logging_mixin.py:188} INFO - [2025-07-04T12:44:47.183+0530] {dagbag.py:538} INFO - Filling up the DagBag from /home/tejhanagarajan/Projects/small-projects/NewsImpact/venv/lib64/python3.10/site-packages/airflow/example_dags/example_python_operator.py
[2025-07-04T12:44:47.189+0530] {processor.py:840} INFO - DAG(s) 'example_python_operator' retrieved from /home/tejhanagarajan/Projects/small-projects/NewsImpact/venv/lib64/python3.10/site-packages/airflow/example_dags/example_python_operator.py
[2025-07-04T12:44:47.196+0530] {logging_mixin.py:188} INFO - [2025-07-04T12:44:47.196+0530] {dag.py:3036} INFO - Sync 1 DAGs
[2025-07-04T12:44:47.200+0530] {logging_mixin.py:188} INFO - [2025-07-04T12:44:47.200+0530] {dag.py:3823} INFO - Setting next_dagrun for example_python_operator to None, run_after=None
[2025-07-04T12:44:47.216+0530] {processor.py:183} INFO - Processing /home/tejhanagarajan/Projects/small-projects/NewsImpact/venv/lib64/python3.10/site-packages/airflow/example_dags/example_python_operator.py took 0.035 seconds
[2025-07-04T12:45:38.317+0530] {processor.py:161} INFO - Started process (PID=39413) to work on /home/tejhanagarajan/Projects/small-projects/NewsImpact/venv/lib64/python3.10/site-packages/airflow/example_dags/example_python_operator.py
[2025-07-04T12:45:38.319+0530] {processor.py:830} INFO - Processing file /home/tejhanagarajan/Projects/small-projects/NewsImpact/venv/lib64/python3.10/site-packages/airflow/example_dags/example_python_operator.py for tasks to queue
[2025-07-04T12:45:38.319+0530] {logging_mixin.py:188} INFO - [2025-07-04T12:45:38.319+0530] {dagbag.py:538} INFO - Filling up the DagBag from /home/tejhanagarajan/Projects/small-projects/NewsImpact/venv/lib64/python3.10/site-packages/airflow/example_dags/example_python_operator.py
[2025-07-04T12:45:38.325+0530] {processor.py:840} INFO - DAG(s) 'example_python_operator' retrieved from /home/tejhanagarajan/Projects/small-projects/NewsImpact/venv/lib64/python3.10/site-packages/airflow/example_dags/example_python_operator.py
[2025-07-04T12:45:38.333+0530] {logging_mixin.py:188} INFO - [2025-07-04T12:45:38.333+0530] {dag.py:3036} INFO - Sync 1 DAGs
[2025-07-04T12:45:38.338+0530] {logging_mixin.py:188} INFO - [2025-07-04T12:45:38.338+0530] {dag.py:3823} INFO - Setting next_dagrun for example_python_operator to None, run_after=None
[2025-07-04T12:45:38.353+0530] {processor.py:183} INFO - Processing /home/tejhanagarajan/Projects/small-projects/NewsImpact/venv/lib64/python3.10/site-packages/airflow/example_dags/example_python_operator.py took 0.038 seconds
[2025-07-04T12:46:31.260+0530] {processor.py:161} INFO - Started process (PID=39800) to work on /home/tejhanagarajan/Projects/small-projects/NewsImpact/venv/lib64/python3.10/site-packages/airflow/example_dags/example_python_operator.py
[2025-07-04T12:46:31.264+0530] {processor.py:830} INFO - Processing file /home/tejhanagarajan/Projects/small-projects/NewsImpact/venv/lib64/python3.10/site-packages/airflow/example_dags/example_python_operator.py for tasks to queue
[2025-07-04T12:46:31.266+0530] {logging_mixin.py:188} INFO - [2025-07-04T12:46:31.265+0530] {dagbag.py:538} INFO - Filling up the DagBag from /home/tejhanagarajan/Projects/small-projects/NewsImpact/venv/lib64/python3.10/site-packages/airflow/example_dags/example_python_operator.py
[2025-07-04T12:46:31.274+0530] {processor.py:840} INFO - DAG(s) 'example_python_operator' retrieved from /home/tejhanagarajan/Projects/small-projects/NewsImpact/venv/lib64/python3.10/site-packages/airflow/example_dags/example_python_operator.py
[2025-07-04T12:46:31.281+0530] {logging_mixin.py:188} INFO - [2025-07-04T12:46:31.281+0530] {dag.py:3036} INFO - Sync 1 DAGs
[2025-07-04T12:46:31.285+0530] {logging_mixin.py:188} INFO - [2025-07-04T12:46:31.285+0530] {dag.py:3823} INFO - Setting next_dagrun for example_python_operator to None, run_after=None
[2025-07-04T12:46:31.302+0530] {processor.py:183} INFO - Processing /home/tejhanagarajan/Projects/small-projects/NewsImpact/venv/lib64/python3.10/site-packages/airflow/example_dags/example_python_operator.py took 0.045 seconds
[2025-07-04T12:47:24.247+0530] {processor.py:161} INFO - Started process (PID=40193) to work on /home/tejhanagarajan/Projects/small-projects/NewsImpact/venv/lib64/python3.10/site-packages/airflow/example_dags/example_python_operator.py
[2025-07-04T12:47:24.250+0530] {processor.py:830} INFO - Processing file /home/tejhanagarajan/Projects/small-projects/NewsImpact/venv/lib64/python3.10/site-packages/airflow/example_dags/example_python_operator.py for tasks to queue
[2025-07-04T12:47:24.250+0530] {logging_mixin.py:188} INFO - [2025-07-04T12:47:24.250+0530] {dagbag.py:538} INFO - Filling up the DagBag from /home/tejhanagarajan/Projects/small-projects/NewsImpact/venv/lib64/python3.10/site-packages/airflow/example_dags/example_python_operator.py
[2025-07-04T12:47:24.255+0530] {processor.py:840} INFO - DAG(s) 'example_python_operator' retrieved from /home/tejhanagarajan/Projects/small-projects/NewsImpact/venv/lib64/python3.10/site-packages/airflow/example_dags/example_python_operator.py
[2025-07-04T12:47:24.263+0530] {logging_mixin.py:188} INFO - [2025-07-04T12:47:24.263+0530] {dag.py:3036} INFO - Sync 1 DAGs
[2025-07-04T12:47:24.267+0530] {logging_mixin.py:188} INFO - [2025-07-04T12:47:24.267+0530] {dag.py:3823} INFO - Setting next_dagrun for example_python_operator to None, run_after=None
[2025-07-04T12:47:24.284+0530] {processor.py:183} INFO - Processing /home/tejhanagarajan/Projects/small-projects/NewsImpact/venv/lib64/python3.10/site-packages/airflow/example_dags/example_python_operator.py took 0.038 seconds
[2025-07-04T12:48:13.107+0530] {processor.py:161} INFO - Started process (PID=40565) to work on /home/tejhanagarajan/Projects/small-projects/NewsImpact/venv/lib64/python3.10/site-packages/airflow/example_dags/example_python_operator.py
[2025-07-04T12:48:13.109+0530] {processor.py:830} INFO - Processing file /home/tejhanagarajan/Projects/small-projects/NewsImpact/venv/lib64/python3.10/site-packages/airflow/example_dags/example_python_operator.py for tasks to queue
[2025-07-04T12:48:13.110+0530] {logging_mixin.py:188} INFO - [2025-07-04T12:48:13.110+0530] {dagbag.py:538} INFO - Filling up the DagBag from /home/tejhanagarajan/Projects/small-projects/NewsImpact/venv/lib64/python3.10/site-packages/airflow/example_dags/example_python_operator.py
[2025-07-04T12:48:13.117+0530] {processor.py:840} INFO - DAG(s) 'example_python_operator' retrieved from /home/tejhanagarajan/Projects/small-projects/NewsImpact/venv/lib64/python3.10/site-packages/airflow/example_dags/example_python_operator.py
[2025-07-04T12:48:13.124+0530] {logging_mixin.py:188} INFO - [2025-07-04T12:48:13.124+0530] {dag.py:3036} INFO - Sync 1 DAGs
[2025-07-04T12:48:13.129+0530] {logging_mixin.py:188} INFO - [2025-07-04T12:48:13.128+0530] {dag.py:3823} INFO - Setting next_dagrun for example_python_operator to None, run_after=None
[2025-07-04T12:48:13.144+0530] {processor.py:183} INFO - Processing /home/tejhanagarajan/Projects/small-projects/NewsImpact/venv/lib64/python3.10/site-packages/airflow/example_dags/example_python_operator.py took 0.041 seconds
