[2025-07-04T12:26:55.891+0530] {processor.py:161} INFO - Started process (PID=25308) to work on /home/tejhanagarajan/Projects/small-projects/NewsImpact/venv/lib64/python3.10/site-packages/airflow/example_dags/example_params_trigger_ui.py
[2025-07-04T12:26:55.891+0530] {processor.py:830} INFO - Processing file /home/tejhanagarajan/Projects/small-projects/NewsImpact/venv/lib64/python3.10/site-packages/airflow/example_dags/example_params_trigger_ui.py for tasks to queue
[2025-07-04T12:26:55.891+0530] {logging_mixin.py:188} INFO - [2025-07-04T12:26:55.891+0530] {dagbag.py:538} INFO - Filling up the DagBag from /home/tejhanagarajan/Projects/small-projects/NewsImpact/venv/lib64/python3.10/site-packages/airflow/example_dags/example_params_trigger_ui.py
[2025-07-04T12:26:55.898+0530] {processor.py:840} INFO - DAG(s) 'example_params_trigger_ui' retrieved from /home/tejhanagarajan/Projects/small-projects/NewsImpact/venv/lib64/python3.10/site-packages/airflow/example_dags/example_params_trigger_ui.py
[2025-07-04T12:26:55.967+0530] {logging_mixin.py:188} INFO - [2025-07-04T12:26:55.967+0530] {override.py:1769} INFO - Created Permission View: can read on DAG:example_params_trigger_ui
[2025-07-04T12:26:55.978+0530] {logging_mixin.py:188} INFO - [2025-07-04T12:26:55.978+0530] {override.py:1769} INFO - Created Permission View: can edit on DAG:example_params_trigger_ui
[2025-07-04T12:26:55.989+0530] {logging_mixin.py:188} INFO - [2025-07-04T12:26:55.988+0530] {override.py:1769} INFO - Created Permission View: can delete on DAG:example_params_trigger_ui
[2025-07-04T12:26:55.989+0530] {logging_mixin.py:188} INFO - [2025-07-04T12:26:55.989+0530] {dag.py:3036} INFO - Sync 1 DAGs
[2025-07-04T12:26:55.995+0530] {logging_mixin.py:188} INFO - [2025-07-04T12:26:55.995+0530] {dag.py:3058} INFO - Creating ORM DAG for example_params_trigger_ui
[2025-07-04T12:26:55.996+0530] {logging_mixin.py:188} INFO - [2025-07-04T12:26:55.996+0530] {dag.py:3823} INFO - Setting next_dagrun for example_params_trigger_ui to None, run_after=None
[2025-07-04T12:26:56.013+0530] {processor.py:183} INFO - Processing /home/tejhanagarajan/Projects/small-projects/NewsImpact/venv/lib64/python3.10/site-packages/airflow/example_dags/example_params_trigger_ui.py took 0.124 seconds
[2025-07-04T12:27:44.852+0530] {processor.py:161} INFO - Started process (PID=25670) to work on /home/tejhanagarajan/Projects/small-projects/NewsImpact/venv/lib64/python3.10/site-packages/airflow/example_dags/example_params_trigger_ui.py
[2025-07-04T12:27:44.853+0530] {processor.py:830} INFO - Processing file /home/tejhanagarajan/Projects/small-projects/NewsImpact/venv/lib64/python3.10/site-packages/airflow/example_dags/example_params_trigger_ui.py for tasks to queue
[2025-07-04T12:27:44.853+0530] {logging_mixin.py:188} INFO - [2025-07-04T12:27:44.853+0530] {dagbag.py:538} INFO - Filling up the DagBag from /home/tejhanagarajan/Projects/small-projects/NewsImpact/venv/lib64/python3.10/site-packages/airflow/example_dags/example_params_trigger_ui.py
[2025-07-04T12:27:44.861+0530] {processor.py:840} INFO - DAG(s) 'example_params_trigger_ui' retrieved from /home/tejhanagarajan/Projects/small-projects/NewsImpact/venv/lib64/python3.10/site-packages/airflow/example_dags/example_params_trigger_ui.py
[2025-07-04T12:27:44.878+0530] {logging_mixin.py:188} INFO - [2025-07-04T12:27:44.878+0530] {dag.py:3036} INFO - Sync 1 DAGs
[2025-07-04T12:27:44.883+0530] {logging_mixin.py:188} INFO - [2025-07-04T12:27:44.883+0530] {dag.py:3823} INFO - Setting next_dagrun for example_params_trigger_ui to None, run_after=None
[2025-07-04T12:27:44.904+0530] {processor.py:183} INFO - Processing /home/tejhanagarajan/Projects/small-projects/NewsImpact/venv/lib64/python3.10/site-packages/airflow/example_dags/example_params_trigger_ui.py took 0.053 seconds
[2025-07-04T12:28:33.441+0530] {processor.py:161} INFO - Started process (PID=26090) to work on /home/tejhanagarajan/Projects/small-projects/NewsImpact/venv/lib64/python3.10/site-packages/airflow/example_dags/example_params_trigger_ui.py
[2025-07-04T12:28:33.441+0530] {processor.py:830} INFO - Processing file /home/tejhanagarajan/Projects/small-projects/NewsImpact/venv/lib64/python3.10/site-packages/airflow/example_dags/example_params_trigger_ui.py for tasks to queue
[2025-07-04T12:28:33.442+0530] {logging_mixin.py:188} INFO - [2025-07-04T12:28:33.442+0530] {dagbag.py:538} INFO - Filling up the DagBag from /home/tejhanagarajan/Projects/small-projects/NewsImpact/venv/lib64/python3.10/site-packages/airflow/example_dags/example_params_trigger_ui.py
[2025-07-04T12:28:33.449+0530] {processor.py:840} INFO - DAG(s) 'example_params_trigger_ui' retrieved from /home/tejhanagarajan/Projects/small-projects/NewsImpact/venv/lib64/python3.10/site-packages/airflow/example_dags/example_params_trigger_ui.py
[2025-07-04T12:28:33.465+0530] {logging_mixin.py:188} INFO - [2025-07-04T12:28:33.465+0530] {dag.py:3036} INFO - Sync 1 DAGs
[2025-07-04T12:28:33.469+0530] {logging_mixin.py:188} INFO - [2025-07-04T12:28:33.469+0530] {dag.py:3823} INFO - Setting next_dagrun for example_params_trigger_ui to None, run_after=None
[2025-07-04T12:28:33.489+0530] {processor.py:183} INFO - Processing /home/tejhanagarajan/Projects/small-projects/NewsImpact/venv/lib64/python3.10/site-packages/airflow/example_dags/example_params_trigger_ui.py took 0.051 seconds
[2025-07-04T12:29:31.037+0530] {processor.py:161} INFO - Started process (PID=26583) to work on /home/tejhanagarajan/Projects/small-projects/NewsImpact/venv/lib64/python3.10/site-packages/airflow/example_dags/example_params_trigger_ui.py
[2025-07-04T12:29:31.040+0530] {processor.py:830} INFO - Processing file /home/tejhanagarajan/Projects/small-projects/NewsImpact/venv/lib64/python3.10/site-packages/airflow/example_dags/example_params_trigger_ui.py for tasks to queue
[2025-07-04T12:29:31.041+0530] {logging_mixin.py:188} INFO - [2025-07-04T12:29:31.041+0530] {dagbag.py:538} INFO - Filling up the DagBag from /home/tejhanagarajan/Projects/small-projects/NewsImpact/venv/lib64/python3.10/site-packages/airflow/example_dags/example_params_trigger_ui.py
[2025-07-04T12:29:31.054+0530] {processor.py:840} INFO - DAG(s) 'example_params_trigger_ui' retrieved from /home/tejhanagarajan/Projects/small-projects/NewsImpact/venv/lib64/python3.10/site-packages/airflow/example_dags/example_params_trigger_ui.py
[2025-07-04T12:29:31.072+0530] {logging_mixin.py:188} INFO - [2025-07-04T12:29:31.072+0530] {dag.py:3036} INFO - Sync 1 DAGs
[2025-07-04T12:29:31.077+0530] {logging_mixin.py:188} INFO - [2025-07-04T12:29:31.077+0530] {dag.py:3823} INFO - Setting next_dagrun for example_params_trigger_ui to None, run_after=None
[2025-07-04T12:29:31.095+0530] {processor.py:183} INFO - Processing /home/tejhanagarajan/Projects/small-projects/NewsImpact/venv/lib64/python3.10/site-packages/airflow/example_dags/example_params_trigger_ui.py took 0.061 seconds
[2025-07-04T12:30:21.403+0530] {processor.py:161} INFO - Started process (PID=26939) to work on /home/tejhanagarajan/Projects/small-projects/NewsImpact/venv/lib64/python3.10/site-packages/airflow/example_dags/example_params_trigger_ui.py
[2025-07-04T12:30:21.405+0530] {processor.py:830} INFO - Processing file /home/tejhanagarajan/Projects/small-projects/NewsImpact/venv/lib64/python3.10/site-packages/airflow/example_dags/example_params_trigger_ui.py for tasks to queue
[2025-07-04T12:30:21.406+0530] {logging_mixin.py:188} INFO - [2025-07-04T12:30:21.406+0530] {dagbag.py:538} INFO - Filling up the DagBag from /home/tejhanagarajan/Projects/small-projects/NewsImpact/venv/lib64/python3.10/site-packages/airflow/example_dags/example_params_trigger_ui.py
[2025-07-04T12:30:21.415+0530] {processor.py:840} INFO - DAG(s) 'example_params_trigger_ui' retrieved from /home/tejhanagarajan/Projects/small-projects/NewsImpact/venv/lib64/python3.10/site-packages/airflow/example_dags/example_params_trigger_ui.py
[2025-07-04T12:30:21.432+0530] {logging_mixin.py:188} INFO - [2025-07-04T12:30:21.431+0530] {dag.py:3036} INFO - Sync 1 DAGs
[2025-07-04T12:30:21.436+0530] {logging_mixin.py:188} INFO - [2025-07-04T12:30:21.436+0530] {dag.py:3823} INFO - Setting next_dagrun for example_params_trigger_ui to None, run_after=None
[2025-07-04T12:30:21.453+0530] {processor.py:183} INFO - Processing /home/tejhanagarajan/Projects/small-projects/NewsImpact/venv/lib64/python3.10/site-packages/airflow/example_dags/example_params_trigger_ui.py took 0.051 seconds
[2025-07-04T12:33:21.077+0530] {processor.py:161} INFO - Started process (PID=30166) to work on /home/tejhanagarajan/Projects/small-projects/NewsImpact/venv/lib64/python3.10/site-packages/airflow/example_dags/example_params_trigger_ui.py
[2025-07-04T12:33:21.079+0530] {processor.py:830} INFO - Processing file /home/tejhanagarajan/Projects/small-projects/NewsImpact/venv/lib64/python3.10/site-packages/airflow/example_dags/example_params_trigger_ui.py for tasks to queue
[2025-07-04T12:33:21.080+0530] {logging_mixin.py:188} INFO - [2025-07-04T12:33:21.079+0530] {dagbag.py:538} INFO - Filling up the DagBag from /home/tejhanagarajan/Projects/small-projects/NewsImpact/venv/lib64/python3.10/site-packages/airflow/example_dags/example_params_trigger_ui.py
[2025-07-04T12:33:21.086+0530] {processor.py:840} INFO - DAG(s) 'example_params_trigger_ui' retrieved from /home/tejhanagarajan/Projects/small-projects/NewsImpact/venv/lib64/python3.10/site-packages/airflow/example_dags/example_params_trigger_ui.py
[2025-07-04T12:33:21.103+0530] {logging_mixin.py:188} INFO - [2025-07-04T12:33:21.103+0530] {dag.py:3036} INFO - Sync 1 DAGs
[2025-07-04T12:33:21.108+0530] {logging_mixin.py:188} INFO - [2025-07-04T12:33:21.108+0530] {dag.py:3823} INFO - Setting next_dagrun for example_params_trigger_ui to None, run_after=None
[2025-07-04T12:33:21.127+0530] {processor.py:183} INFO - Processing /home/tejhanagarajan/Projects/small-projects/NewsImpact/venv/lib64/python3.10/site-packages/airflow/example_dags/example_params_trigger_ui.py took 0.052 seconds
[2025-07-04T12:34:07.643+0530] {processor.py:161} INFO - Started process (PID=30504) to work on /home/tejhanagarajan/Projects/small-projects/NewsImpact/venv/lib64/python3.10/site-packages/airflow/example_dags/example_params_trigger_ui.py
[2025-07-04T12:34:07.646+0530] {processor.py:830} INFO - Processing file /home/tejhanagarajan/Projects/small-projects/NewsImpact/venv/lib64/python3.10/site-packages/airflow/example_dags/example_params_trigger_ui.py for tasks to queue
[2025-07-04T12:34:07.647+0530] {logging_mixin.py:188} INFO - [2025-07-04T12:34:07.646+0530] {dagbag.py:538} INFO - Filling up the DagBag from /home/tejhanagarajan/Projects/small-projects/NewsImpact/venv/lib64/python3.10/site-packages/airflow/example_dags/example_params_trigger_ui.py
[2025-07-04T12:34:07.655+0530] {processor.py:840} INFO - DAG(s) 'example_params_trigger_ui' retrieved from /home/tejhanagarajan/Projects/small-projects/NewsImpact/venv/lib64/python3.10/site-packages/airflow/example_dags/example_params_trigger_ui.py
[2025-07-04T12:34:07.671+0530] {logging_mixin.py:188} INFO - [2025-07-04T12:34:07.671+0530] {dag.py:3036} INFO - Sync 1 DAGs
[2025-07-04T12:34:07.675+0530] {logging_mixin.py:188} INFO - [2025-07-04T12:34:07.675+0530] {dag.py:3823} INFO - Setting next_dagrun for example_params_trigger_ui to None, run_after=None
[2025-07-04T12:34:07.692+0530] {processor.py:183} INFO - Processing /home/tejhanagarajan/Projects/small-projects/NewsImpact/venv/lib64/python3.10/site-packages/airflow/example_dags/example_params_trigger_ui.py took 0.051 seconds
[2025-07-04T12:34:58.938+0530] {processor.py:161} INFO - Started process (PID=31128) to work on /home/tejhanagarajan/Projects/small-projects/NewsImpact/venv/lib64/python3.10/site-packages/airflow/example_dags/example_params_trigger_ui.py
[2025-07-04T12:34:58.940+0530] {processor.py:830} INFO - Processing file /home/tejhanagarajan/Projects/small-projects/NewsImpact/venv/lib64/python3.10/site-packages/airflow/example_dags/example_params_trigger_ui.py for tasks to queue
[2025-07-04T12:34:58.941+0530] {logging_mixin.py:188} INFO - [2025-07-04T12:34:58.941+0530] {dagbag.py:538} INFO - Filling up the DagBag from /home/tejhanagarajan/Projects/small-projects/NewsImpact/venv/lib64/python3.10/site-packages/airflow/example_dags/example_params_trigger_ui.py
[2025-07-04T12:34:58.947+0530] {processor.py:840} INFO - DAG(s) 'example_params_trigger_ui' retrieved from /home/tejhanagarajan/Projects/small-projects/NewsImpact/venv/lib64/python3.10/site-packages/airflow/example_dags/example_params_trigger_ui.py
[2025-07-04T12:34:58.964+0530] {logging_mixin.py:188} INFO - [2025-07-04T12:34:58.964+0530] {dag.py:3036} INFO - Sync 1 DAGs
[2025-07-04T12:34:58.969+0530] {logging_mixin.py:188} INFO - [2025-07-04T12:34:58.969+0530] {dag.py:3823} INFO - Setting next_dagrun for example_params_trigger_ui to None, run_after=None
[2025-07-04T12:34:58.985+0530] {processor.py:183} INFO - Processing /home/tejhanagarajan/Projects/small-projects/NewsImpact/venv/lib64/python3.10/site-packages/airflow/example_dags/example_params_trigger_ui.py took 0.048 seconds
[2025-07-04T12:35:52.358+0530] {processor.py:161} INFO - Started process (PID=31586) to work on /home/tejhanagarajan/Projects/small-projects/NewsImpact/venv/lib64/python3.10/site-packages/airflow/example_dags/example_params_trigger_ui.py
[2025-07-04T12:35:52.360+0530] {processor.py:830} INFO - Processing file /home/tejhanagarajan/Projects/small-projects/NewsImpact/venv/lib64/python3.10/site-packages/airflow/example_dags/example_params_trigger_ui.py for tasks to queue
[2025-07-04T12:35:52.361+0530] {logging_mixin.py:188} INFO - [2025-07-04T12:35:52.361+0530] {dagbag.py:538} INFO - Filling up the DagBag from /home/tejhanagarajan/Projects/small-projects/NewsImpact/venv/lib64/python3.10/site-packages/airflow/example_dags/example_params_trigger_ui.py
[2025-07-04T12:35:52.368+0530] {processor.py:840} INFO - DAG(s) 'example_params_trigger_ui' retrieved from /home/tejhanagarajan/Projects/small-projects/NewsImpact/venv/lib64/python3.10/site-packages/airflow/example_dags/example_params_trigger_ui.py
[2025-07-04T12:35:52.386+0530] {logging_mixin.py:188} INFO - [2025-07-04T12:35:52.386+0530] {dag.py:3036} INFO - Sync 1 DAGs
[2025-07-04T12:35:52.391+0530] {logging_mixin.py:188} INFO - [2025-07-04T12:35:52.391+0530] {dag.py:3823} INFO - Setting next_dagrun for example_params_trigger_ui to None, run_after=None
[2025-07-04T12:35:52.407+0530] {processor.py:183} INFO - Processing /home/tejhanagarajan/Projects/small-projects/NewsImpact/venv/lib64/python3.10/site-packages/airflow/example_dags/example_params_trigger_ui.py took 0.050 seconds
[2025-07-04T12:36:49.763+0530] {processor.py:161} INFO - Started process (PID=32148) to work on /home/tejhanagarajan/Projects/small-projects/NewsImpact/venv/lib64/python3.10/site-packages/airflow/example_dags/example_params_trigger_ui.py
[2025-07-04T12:36:49.764+0530] {processor.py:830} INFO - Processing file /home/tejhanagarajan/Projects/small-projects/NewsImpact/venv/lib64/python3.10/site-packages/airflow/example_dags/example_params_trigger_ui.py for tasks to queue
[2025-07-04T12:36:49.764+0530] {logging_mixin.py:188} INFO - [2025-07-04T12:36:49.764+0530] {dagbag.py:538} INFO - Filling up the DagBag from /home/tejhanagarajan/Projects/small-projects/NewsImpact/venv/lib64/python3.10/site-packages/airflow/example_dags/example_params_trigger_ui.py
[2025-07-04T12:36:49.772+0530] {processor.py:840} INFO - DAG(s) 'example_params_trigger_ui' retrieved from /home/tejhanagarajan/Projects/small-projects/NewsImpact/venv/lib64/python3.10/site-packages/airflow/example_dags/example_params_trigger_ui.py
[2025-07-04T12:36:49.791+0530] {logging_mixin.py:188} INFO - [2025-07-04T12:36:49.791+0530] {dag.py:3036} INFO - Sync 1 DAGs
[2025-07-04T12:36:49.797+0530] {logging_mixin.py:188} INFO - [2025-07-04T12:36:49.796+0530] {dag.py:3823} INFO - Setting next_dagrun for example_params_trigger_ui to None, run_after=None
[2025-07-04T12:36:49.815+0530] {processor.py:183} INFO - Processing /home/tejhanagarajan/Projects/small-projects/NewsImpact/venv/lib64/python3.10/site-packages/airflow/example_dags/example_params_trigger_ui.py took 0.053 seconds
[2025-07-04T12:37:34.403+0530] {processor.py:161} INFO - Started process (PID=32730) to work on /home/tejhanagarajan/Projects/small-projects/NewsImpact/venv/lib64/python3.10/site-packages/airflow/example_dags/example_params_trigger_ui.py
[2025-07-04T12:37:34.406+0530] {processor.py:830} INFO - Processing file /home/tejhanagarajan/Projects/small-projects/NewsImpact/venv/lib64/python3.10/site-packages/airflow/example_dags/example_params_trigger_ui.py for tasks to queue
[2025-07-04T12:37:34.407+0530] {logging_mixin.py:188} INFO - [2025-07-04T12:37:34.407+0530] {dagbag.py:538} INFO - Filling up the DagBag from /home/tejhanagarajan/Projects/small-projects/NewsImpact/venv/lib64/python3.10/site-packages/airflow/example_dags/example_params_trigger_ui.py
[2025-07-04T12:37:34.415+0530] {processor.py:840} INFO - DAG(s) 'example_params_trigger_ui' retrieved from /home/tejhanagarajan/Projects/small-projects/NewsImpact/venv/lib64/python3.10/site-packages/airflow/example_dags/example_params_trigger_ui.py
[2025-07-04T12:37:34.430+0530] {logging_mixin.py:188} INFO - [2025-07-04T12:37:34.430+0530] {dag.py:3036} INFO - Sync 1 DAGs
[2025-07-04T12:37:34.435+0530] {logging_mixin.py:188} INFO - [2025-07-04T12:37:34.435+0530] {dag.py:3823} INFO - Setting next_dagrun for example_params_trigger_ui to None, run_after=None
[2025-07-04T12:37:34.451+0530] {processor.py:183} INFO - Processing /home/tejhanagarajan/Projects/small-projects/NewsImpact/venv/lib64/python3.10/site-packages/airflow/example_dags/example_params_trigger_ui.py took 0.051 seconds
[2025-07-04T12:38:23.144+0530] {processor.py:161} INFO - Started process (PID=34860) to work on /home/tejhanagarajan/Projects/small-projects/NewsImpact/venv/lib64/python3.10/site-packages/airflow/example_dags/example_params_trigger_ui.py
[2025-07-04T12:38:23.147+0530] {processor.py:830} INFO - Processing file /home/tejhanagarajan/Projects/small-projects/NewsImpact/venv/lib64/python3.10/site-packages/airflow/example_dags/example_params_trigger_ui.py for tasks to queue
[2025-07-04T12:38:23.148+0530] {logging_mixin.py:188} INFO - [2025-07-04T12:38:23.147+0530] {dagbag.py:538} INFO - Filling up the DagBag from /home/tejhanagarajan/Projects/small-projects/NewsImpact/venv/lib64/python3.10/site-packages/airflow/example_dags/example_params_trigger_ui.py
[2025-07-04T12:38:23.156+0530] {processor.py:840} INFO - DAG(s) 'example_params_trigger_ui' retrieved from /home/tejhanagarajan/Projects/small-projects/NewsImpact/venv/lib64/python3.10/site-packages/airflow/example_dags/example_params_trigger_ui.py
[2025-07-04T12:38:23.172+0530] {logging_mixin.py:188} INFO - [2025-07-04T12:38:23.172+0530] {dag.py:3036} INFO - Sync 1 DAGs
[2025-07-04T12:38:23.177+0530] {logging_mixin.py:188} INFO - [2025-07-04T12:38:23.177+0530] {dag.py:3823} INFO - Setting next_dagrun for example_params_trigger_ui to None, run_after=None
[2025-07-04T12:38:23.194+0530] {processor.py:183} INFO - Processing /home/tejhanagarajan/Projects/small-projects/NewsImpact/venv/lib64/python3.10/site-packages/airflow/example_dags/example_params_trigger_ui.py took 0.053 seconds
[2025-07-04T12:38:24.838+0530] {processor.py:161} INFO - Started process (PID=34874) to work on /home/tejhanagarajan/Projects/small-projects/NewsImpact/venv/lib64/python3.10/site-packages/airflow/example_dags/example_params_trigger_ui.py
[2025-07-04T12:38:24.838+0530] {processor.py:830} INFO - Processing file /home/tejhanagarajan/Projects/small-projects/NewsImpact/venv/lib64/python3.10/site-packages/airflow/example_dags/example_params_trigger_ui.py for tasks to queue
[2025-07-04T12:38:24.839+0530] {logging_mixin.py:188} INFO - [2025-07-04T12:38:24.838+0530] {dagbag.py:538} INFO - Filling up the DagBag from /home/tejhanagarajan/Projects/small-projects/NewsImpact/venv/lib64/python3.10/site-packages/airflow/example_dags/example_params_trigger_ui.py
[2025-07-04T12:38:24.845+0530] {processor.py:840} INFO - DAG(s) 'example_params_trigger_ui' retrieved from /home/tejhanagarajan/Projects/small-projects/NewsImpact/venv/lib64/python3.10/site-packages/airflow/example_dags/example_params_trigger_ui.py
[2025-07-04T12:38:24.861+0530] {logging_mixin.py:188} INFO - [2025-07-04T12:38:24.861+0530] {dag.py:3036} INFO - Sync 1 DAGs
[2025-07-04T12:38:24.866+0530] {logging_mixin.py:188} INFO - [2025-07-04T12:38:24.866+0530] {dag.py:3823} INFO - Setting next_dagrun for example_params_trigger_ui to None, run_after=None
[2025-07-04T12:38:24.885+0530] {processor.py:183} INFO - Processing /home/tejhanagarajan/Projects/small-projects/NewsImpact/venv/lib64/python3.10/site-packages/airflow/example_dags/example_params_trigger_ui.py took 0.049 seconds
[2025-07-04T12:39:09.845+0530] {processor.py:161} INFO - Started process (PID=35308) to work on /home/tejhanagarajan/Projects/small-projects/NewsImpact/venv/lib64/python3.10/site-packages/airflow/example_dags/example_params_trigger_ui.py
[2025-07-04T12:39:09.847+0530] {processor.py:830} INFO - Processing file /home/tejhanagarajan/Projects/small-projects/NewsImpact/venv/lib64/python3.10/site-packages/airflow/example_dags/example_params_trigger_ui.py for tasks to queue
[2025-07-04T12:39:09.848+0530] {logging_mixin.py:188} INFO - [2025-07-04T12:39:09.848+0530] {dagbag.py:538} INFO - Filling up the DagBag from /home/tejhanagarajan/Projects/small-projects/NewsImpact/venv/lib64/python3.10/site-packages/airflow/example_dags/example_params_trigger_ui.py
[2025-07-04T12:39:09.854+0530] {processor.py:840} INFO - DAG(s) 'example_params_trigger_ui' retrieved from /home/tejhanagarajan/Projects/small-projects/NewsImpact/venv/lib64/python3.10/site-packages/airflow/example_dags/example_params_trigger_ui.py
[2025-07-04T12:39:09.870+0530] {logging_mixin.py:188} INFO - [2025-07-04T12:39:09.870+0530] {dag.py:3036} INFO - Sync 1 DAGs
[2025-07-04T12:39:09.875+0530] {logging_mixin.py:188} INFO - [2025-07-04T12:39:09.874+0530] {dag.py:3823} INFO - Setting next_dagrun for example_params_trigger_ui to None, run_after=None
[2025-07-04T12:39:09.890+0530] {processor.py:183} INFO - Processing /home/tejhanagarajan/Projects/small-projects/NewsImpact/venv/lib64/python3.10/site-packages/airflow/example_dags/example_params_trigger_ui.py took 0.047 seconds
[2025-07-04T12:39:16.346+0530] {processor.py:161} INFO - Started process (PID=35368) to work on /home/tejhanagarajan/Projects/small-projects/NewsImpact/venv/lib64/python3.10/site-packages/airflow/example_dags/example_params_trigger_ui.py
[2025-07-04T12:39:16.346+0530] {processor.py:830} INFO - Processing file /home/tejhanagarajan/Projects/small-projects/NewsImpact/venv/lib64/python3.10/site-packages/airflow/example_dags/example_params_trigger_ui.py for tasks to queue
[2025-07-04T12:39:16.347+0530] {logging_mixin.py:188} INFO - [2025-07-04T12:39:16.347+0530] {dagbag.py:538} INFO - Filling up the DagBag from /home/tejhanagarajan/Projects/small-projects/NewsImpact/venv/lib64/python3.10/site-packages/airflow/example_dags/example_params_trigger_ui.py
[2025-07-04T12:39:16.354+0530] {processor.py:840} INFO - DAG(s) 'example_params_trigger_ui' retrieved from /home/tejhanagarajan/Projects/small-projects/NewsImpact/venv/lib64/python3.10/site-packages/airflow/example_dags/example_params_trigger_ui.py
[2025-07-04T12:39:16.372+0530] {logging_mixin.py:188} INFO - [2025-07-04T12:39:16.372+0530] {dag.py:3036} INFO - Sync 1 DAGs
[2025-07-04T12:39:16.377+0530] {logging_mixin.py:188} INFO - [2025-07-04T12:39:16.377+0530] {dag.py:3823} INFO - Setting next_dagrun for example_params_trigger_ui to None, run_after=None
[2025-07-04T12:39:16.394+0530] {processor.py:183} INFO - Processing /home/tejhanagarajan/Projects/small-projects/NewsImpact/venv/lib64/python3.10/site-packages/airflow/example_dags/example_params_trigger_ui.py took 0.050 seconds
[2025-07-04T12:42:25.514+0530] {processor.py:161} INFO - Started process (PID=37957) to work on /home/tejhanagarajan/Projects/small-projects/NewsImpact/venv/lib64/python3.10/site-packages/airflow/example_dags/example_params_trigger_ui.py
[2025-07-04T12:42:25.516+0530] {processor.py:830} INFO - Processing file /home/tejhanagarajan/Projects/small-projects/NewsImpact/venv/lib64/python3.10/site-packages/airflow/example_dags/example_params_trigger_ui.py for tasks to queue
[2025-07-04T12:42:25.517+0530] {logging_mixin.py:188} INFO - [2025-07-04T12:42:25.517+0530] {dagbag.py:538} INFO - Filling up the DagBag from /home/tejhanagarajan/Projects/small-projects/NewsImpact/venv/lib64/python3.10/site-packages/airflow/example_dags/example_params_trigger_ui.py
[2025-07-04T12:42:25.524+0530] {processor.py:840} INFO - DAG(s) 'example_params_trigger_ui' retrieved from /home/tejhanagarajan/Projects/small-projects/NewsImpact/venv/lib64/python3.10/site-packages/airflow/example_dags/example_params_trigger_ui.py
[2025-07-04T12:42:25.543+0530] {logging_mixin.py:188} INFO - [2025-07-04T12:42:25.543+0530] {dag.py:3036} INFO - Sync 1 DAGs
[2025-07-04T12:42:25.549+0530] {logging_mixin.py:188} INFO - [2025-07-04T12:42:25.549+0530] {dag.py:3823} INFO - Setting next_dagrun for example_params_trigger_ui to None, run_after=None
[2025-07-04T12:42:25.566+0530] {processor.py:183} INFO - Processing /home/tejhanagarajan/Projects/small-projects/NewsImpact/venv/lib64/python3.10/site-packages/airflow/example_dags/example_params_trigger_ui.py took 0.053 seconds
[2025-07-04T12:43:10.930+0530] {processor.py:161} INFO - Started process (PID=38304) to work on /home/tejhanagarajan/Projects/small-projects/NewsImpact/venv/lib64/python3.10/site-packages/airflow/example_dags/example_params_trigger_ui.py
[2025-07-04T12:43:10.932+0530] {processor.py:830} INFO - Processing file /home/tejhanagarajan/Projects/small-projects/NewsImpact/venv/lib64/python3.10/site-packages/airflow/example_dags/example_params_trigger_ui.py for tasks to queue
[2025-07-04T12:43:10.933+0530] {logging_mixin.py:188} INFO - [2025-07-04T12:43:10.932+0530] {dagbag.py:538} INFO - Filling up the DagBag from /home/tejhanagarajan/Projects/small-projects/NewsImpact/venv/lib64/python3.10/site-packages/airflow/example_dags/example_params_trigger_ui.py
[2025-07-04T12:43:10.941+0530] {processor.py:840} INFO - DAG(s) 'example_params_trigger_ui' retrieved from /home/tejhanagarajan/Projects/small-projects/NewsImpact/venv/lib64/python3.10/site-packages/airflow/example_dags/example_params_trigger_ui.py
[2025-07-04T12:43:10.958+0530] {logging_mixin.py:188} INFO - [2025-07-04T12:43:10.957+0530] {dag.py:3036} INFO - Sync 1 DAGs
[2025-07-04T12:43:10.962+0530] {logging_mixin.py:188} INFO - [2025-07-04T12:43:10.962+0530] {dag.py:3823} INFO - Setting next_dagrun for example_params_trigger_ui to None, run_after=None
[2025-07-04T12:43:10.980+0530] {processor.py:183} INFO - Processing /home/tejhanagarajan/Projects/small-projects/NewsImpact/venv/lib64/python3.10/site-packages/airflow/example_dags/example_params_trigger_ui.py took 0.052 seconds
[2025-07-04T12:44:02.010+0530] {processor.py:161} INFO - Started process (PID=38733) to work on /home/tejhanagarajan/Projects/small-projects/NewsImpact/venv/lib64/python3.10/site-packages/airflow/example_dags/example_params_trigger_ui.py
[2025-07-04T12:44:02.013+0530] {processor.py:830} INFO - Processing file /home/tejhanagarajan/Projects/small-projects/NewsImpact/venv/lib64/python3.10/site-packages/airflow/example_dags/example_params_trigger_ui.py for tasks to queue
[2025-07-04T12:44:02.013+0530] {logging_mixin.py:188} INFO - [2025-07-04T12:44:02.013+0530] {dagbag.py:538} INFO - Filling up the DagBag from /home/tejhanagarajan/Projects/small-projects/NewsImpact/venv/lib64/python3.10/site-packages/airflow/example_dags/example_params_trigger_ui.py
[2025-07-04T12:44:02.021+0530] {processor.py:840} INFO - DAG(s) 'example_params_trigger_ui' retrieved from /home/tejhanagarajan/Projects/small-projects/NewsImpact/venv/lib64/python3.10/site-packages/airflow/example_dags/example_params_trigger_ui.py
[2025-07-04T12:44:02.038+0530] {logging_mixin.py:188} INFO - [2025-07-04T12:44:02.038+0530] {dag.py:3036} INFO - Sync 1 DAGs
[2025-07-04T12:44:02.043+0530] {logging_mixin.py:188} INFO - [2025-07-04T12:44:02.043+0530] {dag.py:3823} INFO - Setting next_dagrun for example_params_trigger_ui to None, run_after=None
[2025-07-04T12:44:02.059+0530] {processor.py:183} INFO - Processing /home/tejhanagarajan/Projects/small-projects/NewsImpact/venv/lib64/python3.10/site-packages/airflow/example_dags/example_params_trigger_ui.py took 0.050 seconds
[2025-07-04T12:44:56.636+0530] {processor.py:161} INFO - Started process (PID=39106) to work on /home/tejhanagarajan/Projects/small-projects/NewsImpact/venv/lib64/python3.10/site-packages/airflow/example_dags/example_params_trigger_ui.py
[2025-07-04T12:44:56.639+0530] {processor.py:830} INFO - Processing file /home/tejhanagarajan/Projects/small-projects/NewsImpact/venv/lib64/python3.10/site-packages/airflow/example_dags/example_params_trigger_ui.py for tasks to queue
[2025-07-04T12:44:56.640+0530] {logging_mixin.py:188} INFO - [2025-07-04T12:44:56.640+0530] {dagbag.py:538} INFO - Filling up the DagBag from /home/tejhanagarajan/Projects/small-projects/NewsImpact/venv/lib64/python3.10/site-packages/airflow/example_dags/example_params_trigger_ui.py
[2025-07-04T12:44:56.646+0530] {processor.py:840} INFO - DAG(s) 'example_params_trigger_ui' retrieved from /home/tejhanagarajan/Projects/small-projects/NewsImpact/venv/lib64/python3.10/site-packages/airflow/example_dags/example_params_trigger_ui.py
[2025-07-04T12:44:56.662+0530] {logging_mixin.py:188} INFO - [2025-07-04T12:44:56.662+0530] {dag.py:3036} INFO - Sync 1 DAGs
[2025-07-04T12:44:56.667+0530] {logging_mixin.py:188} INFO - [2025-07-04T12:44:56.667+0530] {dag.py:3823} INFO - Setting next_dagrun for example_params_trigger_ui to None, run_after=None
[2025-07-04T12:44:56.682+0530] {processor.py:183} INFO - Processing /home/tejhanagarajan/Projects/small-projects/NewsImpact/venv/lib64/python3.10/site-packages/airflow/example_dags/example_params_trigger_ui.py took 0.047 seconds
[2025-07-04T12:45:48.468+0530] {processor.py:161} INFO - Started process (PID=39501) to work on /home/tejhanagarajan/Projects/small-projects/NewsImpact/venv/lib64/python3.10/site-packages/airflow/example_dags/example_params_trigger_ui.py
[2025-07-04T12:45:48.471+0530] {processor.py:830} INFO - Processing file /home/tejhanagarajan/Projects/small-projects/NewsImpact/venv/lib64/python3.10/site-packages/airflow/example_dags/example_params_trigger_ui.py for tasks to queue
[2025-07-04T12:45:48.472+0530] {logging_mixin.py:188} INFO - [2025-07-04T12:45:48.472+0530] {dagbag.py:538} INFO - Filling up the DagBag from /home/tejhanagarajan/Projects/small-projects/NewsImpact/venv/lib64/python3.10/site-packages/airflow/example_dags/example_params_trigger_ui.py
[2025-07-04T12:45:48.482+0530] {processor.py:840} INFO - DAG(s) 'example_params_trigger_ui' retrieved from /home/tejhanagarajan/Projects/small-projects/NewsImpact/venv/lib64/python3.10/site-packages/airflow/example_dags/example_params_trigger_ui.py
[2025-07-04T12:45:48.498+0530] {logging_mixin.py:188} INFO - [2025-07-04T12:45:48.498+0530] {dag.py:3036} INFO - Sync 1 DAGs
[2025-07-04T12:45:48.503+0530] {logging_mixin.py:188} INFO - [2025-07-04T12:45:48.503+0530] {dag.py:3823} INFO - Setting next_dagrun for example_params_trigger_ui to None, run_after=None
[2025-07-04T12:45:48.519+0530] {processor.py:183} INFO - Processing /home/tejhanagarajan/Projects/small-projects/NewsImpact/venv/lib64/python3.10/site-packages/airflow/example_dags/example_params_trigger_ui.py took 0.054 seconds
[2025-07-04T12:46:41.413+0530] {processor.py:161} INFO - Started process (PID=39869) to work on /home/tejhanagarajan/Projects/small-projects/NewsImpact/venv/lib64/python3.10/site-packages/airflow/example_dags/example_params_trigger_ui.py
[2025-07-04T12:46:41.416+0530] {processor.py:830} INFO - Processing file /home/tejhanagarajan/Projects/small-projects/NewsImpact/venv/lib64/python3.10/site-packages/airflow/example_dags/example_params_trigger_ui.py for tasks to queue
[2025-07-04T12:46:41.416+0530] {logging_mixin.py:188} INFO - [2025-07-04T12:46:41.416+0530] {dagbag.py:538} INFO - Filling up the DagBag from /home/tejhanagarajan/Projects/small-projects/NewsImpact/venv/lib64/python3.10/site-packages/airflow/example_dags/example_params_trigger_ui.py
[2025-07-04T12:46:41.423+0530] {processor.py:840} INFO - DAG(s) 'example_params_trigger_ui' retrieved from /home/tejhanagarajan/Projects/small-projects/NewsImpact/venv/lib64/python3.10/site-packages/airflow/example_dags/example_params_trigger_ui.py
[2025-07-04T12:46:41.438+0530] {logging_mixin.py:188} INFO - [2025-07-04T12:46:41.438+0530] {dag.py:3036} INFO - Sync 1 DAGs
[2025-07-04T12:46:41.443+0530] {logging_mixin.py:188} INFO - [2025-07-04T12:46:41.443+0530] {dag.py:3823} INFO - Setting next_dagrun for example_params_trigger_ui to None, run_after=None
[2025-07-04T12:46:41.461+0530] {processor.py:183} INFO - Processing /home/tejhanagarajan/Projects/small-projects/NewsImpact/venv/lib64/python3.10/site-packages/airflow/example_dags/example_params_trigger_ui.py took 0.049 seconds
[2025-07-04T12:47:33.164+0530] {processor.py:161} INFO - Started process (PID=40265) to work on /home/tejhanagarajan/Projects/small-projects/NewsImpact/venv/lib64/python3.10/site-packages/airflow/example_dags/example_params_trigger_ui.py
[2025-07-04T12:47:33.166+0530] {processor.py:830} INFO - Processing file /home/tejhanagarajan/Projects/small-projects/NewsImpact/venv/lib64/python3.10/site-packages/airflow/example_dags/example_params_trigger_ui.py for tasks to queue
[2025-07-04T12:47:33.167+0530] {logging_mixin.py:188} INFO - [2025-07-04T12:47:33.167+0530] {dagbag.py:538} INFO - Filling up the DagBag from /home/tejhanagarajan/Projects/small-projects/NewsImpact/venv/lib64/python3.10/site-packages/airflow/example_dags/example_params_trigger_ui.py
[2025-07-04T12:47:33.178+0530] {processor.py:840} INFO - DAG(s) 'example_params_trigger_ui' retrieved from /home/tejhanagarajan/Projects/small-projects/NewsImpact/venv/lib64/python3.10/site-packages/airflow/example_dags/example_params_trigger_ui.py
[2025-07-04T12:47:33.194+0530] {logging_mixin.py:188} INFO - [2025-07-04T12:47:33.194+0530] {dag.py:3036} INFO - Sync 1 DAGs
[2025-07-04T12:47:33.199+0530] {logging_mixin.py:188} INFO - [2025-07-04T12:47:33.199+0530] {dag.py:3823} INFO - Setting next_dagrun for example_params_trigger_ui to None, run_after=None
[2025-07-04T12:47:33.215+0530] {processor.py:183} INFO - Processing /home/tejhanagarajan/Projects/small-projects/NewsImpact/venv/lib64/python3.10/site-packages/airflow/example_dags/example_params_trigger_ui.py took 0.053 seconds
[2025-07-04T12:48:20.441+0530] {processor.py:161} INFO - Started process (PID=40636) to work on /home/tejhanagarajan/Projects/small-projects/NewsImpact/venv/lib64/python3.10/site-packages/airflow/example_dags/example_params_trigger_ui.py
[2025-07-04T12:48:20.445+0530] {processor.py:830} INFO - Processing file /home/tejhanagarajan/Projects/small-projects/NewsImpact/venv/lib64/python3.10/site-packages/airflow/example_dags/example_params_trigger_ui.py for tasks to queue
[2025-07-04T12:48:20.446+0530] {logging_mixin.py:188} INFO - [2025-07-04T12:48:20.445+0530] {dagbag.py:538} INFO - Filling up the DagBag from /home/tejhanagarajan/Projects/small-projects/NewsImpact/venv/lib64/python3.10/site-packages/airflow/example_dags/example_params_trigger_ui.py
[2025-07-04T12:48:20.457+0530] {processor.py:840} INFO - DAG(s) 'example_params_trigger_ui' retrieved from /home/tejhanagarajan/Projects/small-projects/NewsImpact/venv/lib64/python3.10/site-packages/airflow/example_dags/example_params_trigger_ui.py
[2025-07-04T12:48:20.474+0530] {logging_mixin.py:188} INFO - [2025-07-04T12:48:20.474+0530] {dag.py:3036} INFO - Sync 1 DAGs
[2025-07-04T12:48:20.479+0530] {logging_mixin.py:188} INFO - [2025-07-04T12:48:20.478+0530] {dag.py:3823} INFO - Setting next_dagrun for example_params_trigger_ui to None, run_after=None
[2025-07-04T12:48:20.495+0530] {processor.py:183} INFO - Processing /home/tejhanagarajan/Projects/small-projects/NewsImpact/venv/lib64/python3.10/site-packages/airflow/example_dags/example_params_trigger_ui.py took 0.057 seconds
