[2025-07-04T12:26:42.328+0530] {processor.py:161} INFO - Started process (PID=25198) to work on /home/tejhanagarajan/Projects/small-projects/NewsImpact/venv/lib64/python3.10/site-packages/airflow/example_dags/example_subdag_operator.py
[2025-07-04T12:26:42.328+0530] {processor.py:830} INFO - Processing file /home/tejhanagarajan/Projects/small-projects/NewsImpact/venv/lib64/python3.10/site-packages/airflow/example_dags/example_subdag_operator.py for tasks to queue
[2025-07-04T12:26:42.328+0530] {logging_mixin.py:188} INFO - [2025-07-04T12:26:42.328+0530] {dagbag.py:538} INFO - Filling up the DagBag from /home/tejhanagarajan/Projects/small-projects/NewsImpact/venv/lib64/python3.10/site-packages/airflow/example_dags/example_subdag_operator.py
[2025-07-04T12:26:42.337+0530] {processor.py:840} INFO - DAG(s) 'example_subdag_operator.section-1', 'example_subdag_operator.section-2', 'example_subdag_operator' retrieved from /home/tejhanagarajan/Projects/small-projects/NewsImpact/venv/lib64/python3.10/site-packages/airflow/example_dags/example_subdag_operator.py
[2025-07-04T12:26:42.397+0530] {logging_mixin.py:188} INFO - [2025-07-04T12:26:42.397+0530] {override.py:1769} INFO - Created Permission View: can read on DAG:example_subdag_operator
[2025-07-04T12:26:42.410+0530] {logging_mixin.py:188} INFO - [2025-07-04T12:26:42.410+0530] {override.py:1769} INFO - Created Permission View: can edit on DAG:example_subdag_operator
[2025-07-04T12:26:42.422+0530] {logging_mixin.py:188} INFO - [2025-07-04T12:26:42.421+0530] {override.py:1769} INFO - Created Permission View: can delete on DAG:example_subdag_operator
[2025-07-04T12:26:42.422+0530] {logging_mixin.py:188} INFO - [2025-07-04T12:26:42.422+0530] {dag.py:3036} INFO - Sync 3 DAGs
[2025-07-04T12:26:42.427+0530] {logging_mixin.py:188} INFO - [2025-07-04T12:26:42.427+0530] {dag.py:3058} INFO - Creating ORM DAG for example_subdag_operator.section-1
[2025-07-04T12:26:42.427+0530] {logging_mixin.py:188} INFO - [2025-07-04T12:26:42.427+0530] {dag.py:3058} INFO - Creating ORM DAG for example_subdag_operator
[2025-07-04T12:26:42.428+0530] {logging_mixin.py:188} INFO - [2025-07-04T12:26:42.428+0530] {dag.py:3058} INFO - Creating ORM DAG for example_subdag_operator.section-2
[2025-07-04T12:26:42.431+0530] {logging_mixin.py:188} INFO - [2025-07-04T12:26:42.431+0530] {dag.py:3823} INFO - Setting next_dagrun for example_subdag_operator to 2022-01-01 00:00:00+00:00, run_after=2022-01-01 00:00:00+00:00
[2025-07-04T12:26:42.432+0530] {logging_mixin.py:188} INFO - [2025-07-04T12:26:42.432+0530] {dag.py:3823} INFO - Setting next_dagrun for example_subdag_operator.section-1 to None, run_after=None
[2025-07-04T12:26:42.432+0530] {logging_mixin.py:188} INFO - [2025-07-04T12:26:42.432+0530] {dag.py:3823} INFO - Setting next_dagrun for example_subdag_operator.section-2 to None, run_after=None
[2025-07-04T12:26:42.435+0530] {logging_mixin.py:188} INFO - [2025-07-04T12:26:42.435+0530] {dag.py:3036} INFO - Sync 2 DAGs
[2025-07-04T12:26:42.437+0530] {logging_mixin.py:188} INFO - [2025-07-04T12:26:42.437+0530] {dag.py:3823} INFO - Setting next_dagrun for example_subdag_operator.section-1 to None, run_after=None
[2025-07-04T12:26:42.438+0530] {logging_mixin.py:188} INFO - [2025-07-04T12:26:42.438+0530] {dag.py:3823} INFO - Setting next_dagrun for example_subdag_operator.section-2 to None, run_after=None
[2025-07-04T12:26:42.453+0530] {processor.py:183} INFO - Processing /home/tejhanagarajan/Projects/small-projects/NewsImpact/venv/lib64/python3.10/site-packages/airflow/example_dags/example_subdag_operator.py took 0.127 seconds
[2025-07-04T12:27:32.680+0530] {processor.py:161} INFO - Started process (PID=25589) to work on /home/tejhanagarajan/Projects/small-projects/NewsImpact/venv/lib64/python3.10/site-packages/airflow/example_dags/example_subdag_operator.py
[2025-07-04T12:27:32.680+0530] {processor.py:830} INFO - Processing file /home/tejhanagarajan/Projects/small-projects/NewsImpact/venv/lib64/python3.10/site-packages/airflow/example_dags/example_subdag_operator.py for tasks to queue
[2025-07-04T12:27:32.680+0530] {logging_mixin.py:188} INFO - [2025-07-04T12:27:32.680+0530] {dagbag.py:538} INFO - Filling up the DagBag from /home/tejhanagarajan/Projects/small-projects/NewsImpact/venv/lib64/python3.10/site-packages/airflow/example_dags/example_subdag_operator.py
[2025-07-04T12:27:32.691+0530] {processor.py:840} INFO - DAG(s) 'example_subdag_operator.section-1', 'example_subdag_operator.section-2', 'example_subdag_operator' retrieved from /home/tejhanagarajan/Projects/small-projects/NewsImpact/venv/lib64/python3.10/site-packages/airflow/example_dags/example_subdag_operator.py
[2025-07-04T12:27:32.697+0530] {logging_mixin.py:188} INFO - [2025-07-04T12:27:32.697+0530] {dag.py:3036} INFO - Sync 3 DAGs
[2025-07-04T12:27:32.705+0530] {logging_mixin.py:188} INFO - [2025-07-04T12:27:32.705+0530] {dag.py:3823} INFO - Setting next_dagrun for example_subdag_operator to 2022-01-01 00:00:00+00:00, run_after=2022-01-01 00:00:00+00:00
[2025-07-04T12:27:32.707+0530] {logging_mixin.py:188} INFO - [2025-07-04T12:27:32.707+0530] {dag.py:3823} INFO - Setting next_dagrun for example_subdag_operator.section-1 to None, run_after=None
[2025-07-04T12:27:32.707+0530] {logging_mixin.py:188} INFO - [2025-07-04T12:27:32.707+0530] {dag.py:3823} INFO - Setting next_dagrun for example_subdag_operator.section-2 to None, run_after=None
[2025-07-04T12:27:32.710+0530] {logging_mixin.py:188} INFO - [2025-07-04T12:27:32.710+0530] {dag.py:3036} INFO - Sync 2 DAGs
[2025-07-04T12:27:32.712+0530] {logging_mixin.py:188} INFO - [2025-07-04T12:27:32.712+0530] {dag.py:3823} INFO - Setting next_dagrun for example_subdag_operator.section-1 to None, run_after=None
[2025-07-04T12:27:32.712+0530] {logging_mixin.py:188} INFO - [2025-07-04T12:27:32.712+0530] {dag.py:3823} INFO - Setting next_dagrun for example_subdag_operator.section-2 to None, run_after=None
[2025-07-04T12:27:32.726+0530] {processor.py:183} INFO - Processing /home/tejhanagarajan/Projects/small-projects/NewsImpact/venv/lib64/python3.10/site-packages/airflow/example_dags/example_subdag_operator.py took 0.049 seconds
[2025-07-04T12:28:21.410+0530] {processor.py:161} INFO - Started process (PID=25992) to work on /home/tejhanagarajan/Projects/small-projects/NewsImpact/venv/lib64/python3.10/site-packages/airflow/example_dags/example_subdag_operator.py
[2025-07-04T12:28:21.413+0530] {processor.py:830} INFO - Processing file /home/tejhanagarajan/Projects/small-projects/NewsImpact/venv/lib64/python3.10/site-packages/airflow/example_dags/example_subdag_operator.py for tasks to queue
[2025-07-04T12:28:21.414+0530] {logging_mixin.py:188} INFO - [2025-07-04T12:28:21.413+0530] {dagbag.py:538} INFO - Filling up the DagBag from /home/tejhanagarajan/Projects/small-projects/NewsImpact/venv/lib64/python3.10/site-packages/airflow/example_dags/example_subdag_operator.py
[2025-07-04T12:28:21.425+0530] {processor.py:840} INFO - DAG(s) 'example_subdag_operator.section-1', 'example_subdag_operator.section-2', 'example_subdag_operator' retrieved from /home/tejhanagarajan/Projects/small-projects/NewsImpact/venv/lib64/python3.10/site-packages/airflow/example_dags/example_subdag_operator.py
[2025-07-04T12:28:21.431+0530] {logging_mixin.py:188} INFO - [2025-07-04T12:28:21.431+0530] {dag.py:3036} INFO - Sync 3 DAGs
[2025-07-04T12:28:21.439+0530] {logging_mixin.py:188} INFO - [2025-07-04T12:28:21.439+0530] {dag.py:3823} INFO - Setting next_dagrun for example_subdag_operator to 2022-01-01 00:00:00+00:00, run_after=2022-01-01 00:00:00+00:00
[2025-07-04T12:28:21.440+0530] {logging_mixin.py:188} INFO - [2025-07-04T12:28:21.440+0530] {dag.py:3823} INFO - Setting next_dagrun for example_subdag_operator.section-1 to None, run_after=None
[2025-07-04T12:28:21.440+0530] {logging_mixin.py:188} INFO - [2025-07-04T12:28:21.440+0530] {dag.py:3823} INFO - Setting next_dagrun for example_subdag_operator.section-2 to None, run_after=None
[2025-07-04T12:28:21.443+0530] {logging_mixin.py:188} INFO - [2025-07-04T12:28:21.443+0530] {dag.py:3036} INFO - Sync 2 DAGs
[2025-07-04T12:28:21.444+0530] {logging_mixin.py:188} INFO - [2025-07-04T12:28:21.444+0530] {dag.py:3823} INFO - Setting next_dagrun for example_subdag_operator.section-1 to None, run_after=None
[2025-07-04T12:28:21.444+0530] {logging_mixin.py:188} INFO - [2025-07-04T12:28:21.444+0530] {dag.py:3823} INFO - Setting next_dagrun for example_subdag_operator.section-2 to None, run_after=None
[2025-07-04T12:28:21.459+0530] {processor.py:183} INFO - Processing /home/tejhanagarajan/Projects/small-projects/NewsImpact/venv/lib64/python3.10/site-packages/airflow/example_dags/example_subdag_operator.py took 0.053 seconds
[2025-07-04T12:29:01.489+0530] {processor.py:161} INFO - Started process (PID=26313) to work on /home/tejhanagarajan/Projects/small-projects/NewsImpact/venv/lib64/python3.10/site-packages/airflow/example_dags/example_subdag_operator.py
[2025-07-04T12:29:01.490+0530] {processor.py:830} INFO - Processing file /home/tejhanagarajan/Projects/small-projects/NewsImpact/venv/lib64/python3.10/site-packages/airflow/example_dags/example_subdag_operator.py for tasks to queue
[2025-07-04T12:29:01.491+0530] {logging_mixin.py:188} INFO - [2025-07-04T12:29:01.491+0530] {dagbag.py:538} INFO - Filling up the DagBag from /home/tejhanagarajan/Projects/small-projects/NewsImpact/venv/lib64/python3.10/site-packages/airflow/example_dags/example_subdag_operator.py
[2025-07-04T12:29:01.501+0530] {processor.py:840} INFO - DAG(s) 'example_subdag_operator.section-1', 'example_subdag_operator.section-2', 'example_subdag_operator' retrieved from /home/tejhanagarajan/Projects/small-projects/NewsImpact/venv/lib64/python3.10/site-packages/airflow/example_dags/example_subdag_operator.py
[2025-07-04T12:29:01.508+0530] {logging_mixin.py:188} INFO - [2025-07-04T12:29:01.508+0530] {dag.py:3036} INFO - Sync 3 DAGs
[2025-07-04T12:29:01.516+0530] {logging_mixin.py:188} INFO - [2025-07-04T12:29:01.516+0530] {dag.py:3823} INFO - Setting next_dagrun for example_subdag_operator to 2022-01-01 00:00:00+00:00, run_after=2022-01-01 00:00:00+00:00
[2025-07-04T12:29:01.517+0530] {logging_mixin.py:188} INFO - [2025-07-04T12:29:01.517+0530] {dag.py:3823} INFO - Setting next_dagrun for example_subdag_operator.section-1 to None, run_after=None
[2025-07-04T12:29:01.518+0530] {logging_mixin.py:188} INFO - [2025-07-04T12:29:01.518+0530] {dag.py:3823} INFO - Setting next_dagrun for example_subdag_operator.section-2 to None, run_after=None
[2025-07-04T12:29:01.521+0530] {logging_mixin.py:188} INFO - [2025-07-04T12:29:01.520+0530] {dag.py:3036} INFO - Sync 2 DAGs
[2025-07-04T12:29:01.522+0530] {logging_mixin.py:188} INFO - [2025-07-04T12:29:01.522+0530] {dag.py:3823} INFO - Setting next_dagrun for example_subdag_operator.section-1 to None, run_after=None
[2025-07-04T12:29:01.523+0530] {logging_mixin.py:188} INFO - [2025-07-04T12:29:01.522+0530] {dag.py:3823} INFO - Setting next_dagrun for example_subdag_operator.section-2 to None, run_after=None
[2025-07-04T12:29:01.536+0530] {processor.py:183} INFO - Processing /home/tejhanagarajan/Projects/small-projects/NewsImpact/venv/lib64/python3.10/site-packages/airflow/example_dags/example_subdag_operator.py took 0.049 seconds
[2025-07-04T12:29:40.182+0530] {processor.py:161} INFO - Started process (PID=26643) to work on /home/tejhanagarajan/Projects/small-projects/NewsImpact/venv/lib64/python3.10/site-packages/airflow/example_dags/example_subdag_operator.py
[2025-07-04T12:29:40.184+0530] {processor.py:830} INFO - Processing file /home/tejhanagarajan/Projects/small-projects/NewsImpact/venv/lib64/python3.10/site-packages/airflow/example_dags/example_subdag_operator.py for tasks to queue
[2025-07-04T12:29:40.186+0530] {logging_mixin.py:188} INFO - [2025-07-04T12:29:40.185+0530] {dagbag.py:538} INFO - Filling up the DagBag from /home/tejhanagarajan/Projects/small-projects/NewsImpact/venv/lib64/python3.10/site-packages/airflow/example_dags/example_subdag_operator.py
[2025-07-04T12:29:40.197+0530] {processor.py:840} INFO - DAG(s) 'example_subdag_operator.section-1', 'example_subdag_operator.section-2', 'example_subdag_operator' retrieved from /home/tejhanagarajan/Projects/small-projects/NewsImpact/venv/lib64/python3.10/site-packages/airflow/example_dags/example_subdag_operator.py
[2025-07-04T12:29:40.203+0530] {logging_mixin.py:188} INFO - [2025-07-04T12:29:40.203+0530] {dag.py:3036} INFO - Sync 3 DAGs
[2025-07-04T12:29:40.211+0530] {logging_mixin.py:188} INFO - [2025-07-04T12:29:40.211+0530] {dag.py:3823} INFO - Setting next_dagrun for example_subdag_operator to 2022-01-01 00:00:00+00:00, run_after=2022-01-01 00:00:00+00:00
[2025-07-04T12:29:40.212+0530] {logging_mixin.py:188} INFO - [2025-07-04T12:29:40.212+0530] {dag.py:3823} INFO - Setting next_dagrun for example_subdag_operator.section-1 to None, run_after=None
[2025-07-04T12:29:40.213+0530] {logging_mixin.py:188} INFO - [2025-07-04T12:29:40.213+0530] {dag.py:3823} INFO - Setting next_dagrun for example_subdag_operator.section-2 to None, run_after=None
[2025-07-04T12:29:40.215+0530] {logging_mixin.py:188} INFO - [2025-07-04T12:29:40.215+0530] {dag.py:3036} INFO - Sync 2 DAGs
[2025-07-04T12:29:40.217+0530] {logging_mixin.py:188} INFO - [2025-07-04T12:29:40.217+0530] {dag.py:3823} INFO - Setting next_dagrun for example_subdag_operator.section-1 to None, run_after=None
[2025-07-04T12:29:40.217+0530] {logging_mixin.py:188} INFO - [2025-07-04T12:29:40.217+0530] {dag.py:3823} INFO - Setting next_dagrun for example_subdag_operator.section-2 to None, run_after=None
[2025-07-04T12:29:40.233+0530] {processor.py:183} INFO - Processing /home/tejhanagarajan/Projects/small-projects/NewsImpact/venv/lib64/python3.10/site-packages/airflow/example_dags/example_subdag_operator.py took 0.054 seconds
[2025-07-04T12:30:30.621+0530] {processor.py:161} INFO - Started process (PID=27014) to work on /home/tejhanagarajan/Projects/small-projects/NewsImpact/venv/lib64/python3.10/site-packages/airflow/example_dags/example_subdag_operator.py
[2025-07-04T12:30:30.622+0530] {processor.py:830} INFO - Processing file /home/tejhanagarajan/Projects/small-projects/NewsImpact/venv/lib64/python3.10/site-packages/airflow/example_dags/example_subdag_operator.py for tasks to queue
[2025-07-04T12:30:30.622+0530] {logging_mixin.py:188} INFO - [2025-07-04T12:30:30.622+0530] {dagbag.py:538} INFO - Filling up the DagBag from /home/tejhanagarajan/Projects/small-projects/NewsImpact/venv/lib64/python3.10/site-packages/airflow/example_dags/example_subdag_operator.py
[2025-07-04T12:30:30.634+0530] {processor.py:840} INFO - DAG(s) 'example_subdag_operator.section-1', 'example_subdag_operator.section-2', 'example_subdag_operator' retrieved from /home/tejhanagarajan/Projects/small-projects/NewsImpact/venv/lib64/python3.10/site-packages/airflow/example_dags/example_subdag_operator.py
[2025-07-04T12:30:30.641+0530] {logging_mixin.py:188} INFO - [2025-07-04T12:30:30.641+0530] {dag.py:3036} INFO - Sync 3 DAGs
[2025-07-04T12:30:30.650+0530] {logging_mixin.py:188} INFO - [2025-07-04T12:30:30.650+0530] {dag.py:3823} INFO - Setting next_dagrun for example_subdag_operator to 2022-01-01 00:00:00+00:00, run_after=2022-01-01 00:00:00+00:00
[2025-07-04T12:30:30.651+0530] {logging_mixin.py:188} INFO - [2025-07-04T12:30:30.651+0530] {dag.py:3823} INFO - Setting next_dagrun for example_subdag_operator.section-1 to None, run_after=None
[2025-07-04T12:30:30.652+0530] {logging_mixin.py:188} INFO - [2025-07-04T12:30:30.652+0530] {dag.py:3823} INFO - Setting next_dagrun for example_subdag_operator.section-2 to None, run_after=None
[2025-07-04T12:30:30.655+0530] {logging_mixin.py:188} INFO - [2025-07-04T12:30:30.655+0530] {dag.py:3036} INFO - Sync 2 DAGs
[2025-07-04T12:30:30.657+0530] {logging_mixin.py:188} INFO - [2025-07-04T12:30:30.657+0530] {dag.py:3823} INFO - Setting next_dagrun for example_subdag_operator.section-1 to None, run_after=None
[2025-07-04T12:30:30.657+0530] {logging_mixin.py:188} INFO - [2025-07-04T12:30:30.657+0530] {dag.py:3823} INFO - Setting next_dagrun for example_subdag_operator.section-2 to None, run_after=None
[2025-07-04T12:30:30.669+0530] {processor.py:183} INFO - Processing /home/tejhanagarajan/Projects/small-projects/NewsImpact/venv/lib64/python3.10/site-packages/airflow/example_dags/example_subdag_operator.py took 0.050 seconds
[2025-07-04T12:33:08.520+0530] {processor.py:161} INFO - Started process (PID=30078) to work on /home/tejhanagarajan/Projects/small-projects/NewsImpact/venv/lib64/python3.10/site-packages/airflow/example_dags/example_subdag_operator.py
[2025-07-04T12:33:08.523+0530] {processor.py:830} INFO - Processing file /home/tejhanagarajan/Projects/small-projects/NewsImpact/venv/lib64/python3.10/site-packages/airflow/example_dags/example_subdag_operator.py for tasks to queue
[2025-07-04T12:33:08.523+0530] {logging_mixin.py:188} INFO - [2025-07-04T12:33:08.523+0530] {dagbag.py:538} INFO - Filling up the DagBag from /home/tejhanagarajan/Projects/small-projects/NewsImpact/venv/lib64/python3.10/site-packages/airflow/example_dags/example_subdag_operator.py
[2025-07-04T12:33:08.531+0530] {processor.py:840} INFO - DAG(s) 'example_subdag_operator.section-1', 'example_subdag_operator.section-2', 'example_subdag_operator' retrieved from /home/tejhanagarajan/Projects/small-projects/NewsImpact/venv/lib64/python3.10/site-packages/airflow/example_dags/example_subdag_operator.py
[2025-07-04T12:33:08.538+0530] {logging_mixin.py:188} INFO - [2025-07-04T12:33:08.538+0530] {dag.py:3036} INFO - Sync 3 DAGs
[2025-07-04T12:33:08.547+0530] {logging_mixin.py:188} INFO - [2025-07-04T12:33:08.547+0530] {dag.py:3823} INFO - Setting next_dagrun for example_subdag_operator to 2022-01-01 00:00:00+00:00, run_after=2022-01-01 00:00:00+00:00
[2025-07-04T12:33:08.548+0530] {logging_mixin.py:188} INFO - [2025-07-04T12:33:08.548+0530] {dag.py:3823} INFO - Setting next_dagrun for example_subdag_operator.section-1 to None, run_after=None
[2025-07-04T12:33:08.548+0530] {logging_mixin.py:188} INFO - [2025-07-04T12:33:08.548+0530] {dag.py:3823} INFO - Setting next_dagrun for example_subdag_operator.section-2 to None, run_after=None
[2025-07-04T12:33:08.551+0530] {logging_mixin.py:188} INFO - [2025-07-04T12:33:08.551+0530] {dag.py:3036} INFO - Sync 2 DAGs
[2025-07-04T12:33:08.552+0530] {logging_mixin.py:188} INFO - [2025-07-04T12:33:08.552+0530] {dag.py:3823} INFO - Setting next_dagrun for example_subdag_operator.section-1 to None, run_after=None
[2025-07-04T12:33:08.553+0530] {logging_mixin.py:188} INFO - [2025-07-04T12:33:08.552+0530] {dag.py:3823} INFO - Setting next_dagrun for example_subdag_operator.section-2 to None, run_after=None
[2025-07-04T12:33:08.566+0530] {processor.py:183} INFO - Processing /home/tejhanagarajan/Projects/small-projects/NewsImpact/venv/lib64/python3.10/site-packages/airflow/example_dags/example_subdag_operator.py took 0.047 seconds
[2025-07-04T12:33:54.860+0530] {processor.py:161} INFO - Started process (PID=30428) to work on /home/tejhanagarajan/Projects/small-projects/NewsImpact/venv/lib64/python3.10/site-packages/airflow/example_dags/example_subdag_operator.py
[2025-07-04T12:33:54.862+0530] {processor.py:830} INFO - Processing file /home/tejhanagarajan/Projects/small-projects/NewsImpact/venv/lib64/python3.10/site-packages/airflow/example_dags/example_subdag_operator.py for tasks to queue
[2025-07-04T12:33:54.862+0530] {logging_mixin.py:188} INFO - [2025-07-04T12:33:54.862+0530] {dagbag.py:538} INFO - Filling up the DagBag from /home/tejhanagarajan/Projects/small-projects/NewsImpact/venv/lib64/python3.10/site-packages/airflow/example_dags/example_subdag_operator.py
[2025-07-04T12:33:54.871+0530] {processor.py:840} INFO - DAG(s) 'example_subdag_operator.section-1', 'example_subdag_operator.section-2', 'example_subdag_operator' retrieved from /home/tejhanagarajan/Projects/small-projects/NewsImpact/venv/lib64/python3.10/site-packages/airflow/example_dags/example_subdag_operator.py
[2025-07-04T12:33:54.877+0530] {logging_mixin.py:188} INFO - [2025-07-04T12:33:54.877+0530] {dag.py:3036} INFO - Sync 3 DAGs
[2025-07-04T12:33:54.886+0530] {logging_mixin.py:188} INFO - [2025-07-04T12:33:54.885+0530] {dag.py:3823} INFO - Setting next_dagrun for example_subdag_operator to 2022-01-01 00:00:00+00:00, run_after=2022-01-01 00:00:00+00:00
[2025-07-04T12:33:54.887+0530] {logging_mixin.py:188} INFO - [2025-07-04T12:33:54.887+0530] {dag.py:3823} INFO - Setting next_dagrun for example_subdag_operator.section-1 to None, run_after=None
[2025-07-04T12:33:54.887+0530] {logging_mixin.py:188} INFO - [2025-07-04T12:33:54.887+0530] {dag.py:3823} INFO - Setting next_dagrun for example_subdag_operator.section-2 to None, run_after=None
[2025-07-04T12:33:54.890+0530] {logging_mixin.py:188} INFO - [2025-07-04T12:33:54.890+0530] {dag.py:3036} INFO - Sync 2 DAGs
[2025-07-04T12:33:54.891+0530] {logging_mixin.py:188} INFO - [2025-07-04T12:33:54.891+0530] {dag.py:3823} INFO - Setting next_dagrun for example_subdag_operator.section-1 to None, run_after=None
[2025-07-04T12:33:54.892+0530] {logging_mixin.py:188} INFO - [2025-07-04T12:33:54.892+0530] {dag.py:3823} INFO - Setting next_dagrun for example_subdag_operator.section-2 to None, run_after=None
[2025-07-04T12:33:54.904+0530] {processor.py:183} INFO - Processing /home/tejhanagarajan/Projects/small-projects/NewsImpact/venv/lib64/python3.10/site-packages/airflow/example_dags/example_subdag_operator.py took 0.047 seconds
[2025-07-04T12:34:42.377+0530] {processor.py:161} INFO - Started process (PID=31008) to work on /home/tejhanagarajan/Projects/small-projects/NewsImpact/venv/lib64/python3.10/site-packages/airflow/example_dags/example_subdag_operator.py
[2025-07-04T12:34:42.379+0530] {processor.py:830} INFO - Processing file /home/tejhanagarajan/Projects/small-projects/NewsImpact/venv/lib64/python3.10/site-packages/airflow/example_dags/example_subdag_operator.py for tasks to queue
[2025-07-04T12:34:42.380+0530] {logging_mixin.py:188} INFO - [2025-07-04T12:34:42.380+0530] {dagbag.py:538} INFO - Filling up the DagBag from /home/tejhanagarajan/Projects/small-projects/NewsImpact/venv/lib64/python3.10/site-packages/airflow/example_dags/example_subdag_operator.py
[2025-07-04T12:34:42.388+0530] {processor.py:840} INFO - DAG(s) 'example_subdag_operator.section-1', 'example_subdag_operator.section-2', 'example_subdag_operator' retrieved from /home/tejhanagarajan/Projects/small-projects/NewsImpact/venv/lib64/python3.10/site-packages/airflow/example_dags/example_subdag_operator.py
[2025-07-04T12:34:42.394+0530] {logging_mixin.py:188} INFO - [2025-07-04T12:34:42.394+0530] {dag.py:3036} INFO - Sync 3 DAGs
[2025-07-04T12:34:42.402+0530] {logging_mixin.py:188} INFO - [2025-07-04T12:34:42.401+0530] {dag.py:3823} INFO - Setting next_dagrun for example_subdag_operator to 2022-01-01 00:00:00+00:00, run_after=2022-01-01 00:00:00+00:00
[2025-07-04T12:34:42.403+0530] {logging_mixin.py:188} INFO - [2025-07-04T12:34:42.403+0530] {dag.py:3823} INFO - Setting next_dagrun for example_subdag_operator.section-1 to None, run_after=None
[2025-07-04T12:34:42.403+0530] {logging_mixin.py:188} INFO - [2025-07-04T12:34:42.403+0530] {dag.py:3823} INFO - Setting next_dagrun for example_subdag_operator.section-2 to None, run_after=None
[2025-07-04T12:34:42.406+0530] {logging_mixin.py:188} INFO - [2025-07-04T12:34:42.406+0530] {dag.py:3036} INFO - Sync 2 DAGs
[2025-07-04T12:34:42.407+0530] {logging_mixin.py:188} INFO - [2025-07-04T12:34:42.407+0530] {dag.py:3823} INFO - Setting next_dagrun for example_subdag_operator.section-1 to None, run_after=None
[2025-07-04T12:34:42.407+0530] {logging_mixin.py:188} INFO - [2025-07-04T12:34:42.407+0530] {dag.py:3823} INFO - Setting next_dagrun for example_subdag_operator.section-2 to None, run_after=None
[2025-07-04T12:34:42.423+0530] {processor.py:183} INFO - Processing /home/tejhanagarajan/Projects/small-projects/NewsImpact/venv/lib64/python3.10/site-packages/airflow/example_dags/example_subdag_operator.py took 0.047 seconds
[2025-07-04T12:35:35.367+0530] {processor.py:161} INFO - Started process (PID=31458) to work on /home/tejhanagarajan/Projects/small-projects/NewsImpact/venv/lib64/python3.10/site-packages/airflow/example_dags/example_subdag_operator.py
[2025-07-04T12:35:35.370+0530] {processor.py:830} INFO - Processing file /home/tejhanagarajan/Projects/small-projects/NewsImpact/venv/lib64/python3.10/site-packages/airflow/example_dags/example_subdag_operator.py for tasks to queue
[2025-07-04T12:35:35.371+0530] {logging_mixin.py:188} INFO - [2025-07-04T12:35:35.371+0530] {dagbag.py:538} INFO - Filling up the DagBag from /home/tejhanagarajan/Projects/small-projects/NewsImpact/venv/lib64/python3.10/site-packages/airflow/example_dags/example_subdag_operator.py
[2025-07-04T12:35:35.381+0530] {processor.py:840} INFO - DAG(s) 'example_subdag_operator.section-1', 'example_subdag_operator.section-2', 'example_subdag_operator' retrieved from /home/tejhanagarajan/Projects/small-projects/NewsImpact/venv/lib64/python3.10/site-packages/airflow/example_dags/example_subdag_operator.py
[2025-07-04T12:35:35.387+0530] {logging_mixin.py:188} INFO - [2025-07-04T12:35:35.387+0530] {dag.py:3036} INFO - Sync 3 DAGs
[2025-07-04T12:35:35.395+0530] {logging_mixin.py:188} INFO - [2025-07-04T12:35:35.395+0530] {dag.py:3823} INFO - Setting next_dagrun for example_subdag_operator to 2022-01-01 00:00:00+00:00, run_after=2022-01-01 00:00:00+00:00
[2025-07-04T12:35:35.396+0530] {logging_mixin.py:188} INFO - [2025-07-04T12:35:35.396+0530] {dag.py:3823} INFO - Setting next_dagrun for example_subdag_operator.section-1 to None, run_after=None
[2025-07-04T12:35:35.397+0530] {logging_mixin.py:188} INFO - [2025-07-04T12:35:35.397+0530] {dag.py:3823} INFO - Setting next_dagrun for example_subdag_operator.section-2 to None, run_after=None
[2025-07-04T12:35:35.399+0530] {logging_mixin.py:188} INFO - [2025-07-04T12:35:35.399+0530] {dag.py:3036} INFO - Sync 2 DAGs
[2025-07-04T12:35:35.401+0530] {logging_mixin.py:188} INFO - [2025-07-04T12:35:35.401+0530] {dag.py:3823} INFO - Setting next_dagrun for example_subdag_operator.section-1 to None, run_after=None
[2025-07-04T12:35:35.401+0530] {logging_mixin.py:188} INFO - [2025-07-04T12:35:35.401+0530] {dag.py:3823} INFO - Setting next_dagrun for example_subdag_operator.section-2 to None, run_after=None
[2025-07-04T12:35:35.414+0530] {processor.py:183} INFO - Processing /home/tejhanagarajan/Projects/small-projects/NewsImpact/venv/lib64/python3.10/site-packages/airflow/example_dags/example_subdag_operator.py took 0.049 seconds
[2025-07-04T12:36:29.287+0530] {processor.py:161} INFO - Started process (PID=31860) to work on /home/tejhanagarajan/Projects/small-projects/NewsImpact/venv/lib64/python3.10/site-packages/airflow/example_dags/example_subdag_operator.py
[2025-07-04T12:36:29.290+0530] {processor.py:830} INFO - Processing file /home/tejhanagarajan/Projects/small-projects/NewsImpact/venv/lib64/python3.10/site-packages/airflow/example_dags/example_subdag_operator.py for tasks to queue
[2025-07-04T12:36:29.291+0530] {logging_mixin.py:188} INFO - [2025-07-04T12:36:29.290+0530] {dagbag.py:538} INFO - Filling up the DagBag from /home/tejhanagarajan/Projects/small-projects/NewsImpact/venv/lib64/python3.10/site-packages/airflow/example_dags/example_subdag_operator.py
[2025-07-04T12:36:29.300+0530] {processor.py:840} INFO - DAG(s) 'example_subdag_operator.section-1', 'example_subdag_operator.section-2', 'example_subdag_operator' retrieved from /home/tejhanagarajan/Projects/small-projects/NewsImpact/venv/lib64/python3.10/site-packages/airflow/example_dags/example_subdag_operator.py
[2025-07-04T12:36:29.307+0530] {logging_mixin.py:188} INFO - [2025-07-04T12:36:29.306+0530] {dag.py:3036} INFO - Sync 3 DAGs
[2025-07-04T12:36:29.314+0530] {logging_mixin.py:188} INFO - [2025-07-04T12:36:29.314+0530] {dag.py:3823} INFO - Setting next_dagrun for example_subdag_operator to 2022-01-01 00:00:00+00:00, run_after=2022-01-01 00:00:00+00:00
[2025-07-04T12:36:29.315+0530] {logging_mixin.py:188} INFO - [2025-07-04T12:36:29.315+0530] {dag.py:3823} INFO - Setting next_dagrun for example_subdag_operator.section-1 to None, run_after=None
[2025-07-04T12:36:29.316+0530] {logging_mixin.py:188} INFO - [2025-07-04T12:36:29.316+0530] {dag.py:3823} INFO - Setting next_dagrun for example_subdag_operator.section-2 to None, run_after=None
[2025-07-04T12:36:29.318+0530] {logging_mixin.py:188} INFO - [2025-07-04T12:36:29.318+0530] {dag.py:3036} INFO - Sync 2 DAGs
[2025-07-04T12:36:29.319+0530] {logging_mixin.py:188} INFO - [2025-07-04T12:36:29.319+0530] {dag.py:3823} INFO - Setting next_dagrun for example_subdag_operator.section-1 to None, run_after=None
[2025-07-04T12:36:29.320+0530] {logging_mixin.py:188} INFO - [2025-07-04T12:36:29.320+0530] {dag.py:3823} INFO - Setting next_dagrun for example_subdag_operator.section-2 to None, run_after=None
[2025-07-04T12:36:29.333+0530] {processor.py:183} INFO - Processing /home/tejhanagarajan/Projects/small-projects/NewsImpact/venv/lib64/python3.10/site-packages/airflow/example_dags/example_subdag_operator.py took 0.047 seconds
[2025-07-04T12:37:17.873+0530] {processor.py:161} INFO - Started process (PID=32356) to work on /home/tejhanagarajan/Projects/small-projects/NewsImpact/venv/lib64/python3.10/site-packages/airflow/example_dags/example_subdag_operator.py
[2025-07-04T12:37:17.875+0530] {processor.py:830} INFO - Processing file /home/tejhanagarajan/Projects/small-projects/NewsImpact/venv/lib64/python3.10/site-packages/airflow/example_dags/example_subdag_operator.py for tasks to queue
[2025-07-04T12:37:17.876+0530] {logging_mixin.py:188} INFO - [2025-07-04T12:37:17.876+0530] {dagbag.py:538} INFO - Filling up the DagBag from /home/tejhanagarajan/Projects/small-projects/NewsImpact/venv/lib64/python3.10/site-packages/airflow/example_dags/example_subdag_operator.py
[2025-07-04T12:37:17.886+0530] {processor.py:840} INFO - DAG(s) 'example_subdag_operator.section-1', 'example_subdag_operator.section-2', 'example_subdag_operator' retrieved from /home/tejhanagarajan/Projects/small-projects/NewsImpact/venv/lib64/python3.10/site-packages/airflow/example_dags/example_subdag_operator.py
[2025-07-04T12:37:17.893+0530] {logging_mixin.py:188} INFO - [2025-07-04T12:37:17.893+0530] {dag.py:3036} INFO - Sync 3 DAGs
[2025-07-04T12:37:17.902+0530] {logging_mixin.py:188} INFO - [2025-07-04T12:37:17.902+0530] {dag.py:3823} INFO - Setting next_dagrun for example_subdag_operator to 2022-01-01 00:00:00+00:00, run_after=2022-01-01 00:00:00+00:00
[2025-07-04T12:37:17.904+0530] {logging_mixin.py:188} INFO - [2025-07-04T12:37:17.904+0530] {dag.py:3823} INFO - Setting next_dagrun for example_subdag_operator.section-1 to None, run_after=None
[2025-07-04T12:37:17.904+0530] {logging_mixin.py:188} INFO - [2025-07-04T12:37:17.904+0530] {dag.py:3823} INFO - Setting next_dagrun for example_subdag_operator.section-2 to None, run_after=None
[2025-07-04T12:37:17.907+0530] {logging_mixin.py:188} INFO - [2025-07-04T12:37:17.907+0530] {dag.py:3036} INFO - Sync 2 DAGs
[2025-07-04T12:37:17.909+0530] {logging_mixin.py:188} INFO - [2025-07-04T12:37:17.909+0530] {dag.py:3823} INFO - Setting next_dagrun for example_subdag_operator.section-1 to None, run_after=None
[2025-07-04T12:37:17.909+0530] {logging_mixin.py:188} INFO - [2025-07-04T12:37:17.909+0530] {dag.py:3823} INFO - Setting next_dagrun for example_subdag_operator.section-2 to None, run_after=None
[2025-07-04T12:37:17.923+0530] {processor.py:183} INFO - Processing /home/tejhanagarajan/Projects/small-projects/NewsImpact/venv/lib64/python3.10/site-packages/airflow/example_dags/example_subdag_operator.py took 0.052 seconds
[2025-07-04T12:38:07.441+0530] {processor.py:161} INFO - Started process (PID=34748) to work on /home/tejhanagarajan/Projects/small-projects/NewsImpact/venv/lib64/python3.10/site-packages/airflow/example_dags/example_subdag_operator.py
[2025-07-04T12:38:07.443+0530] {processor.py:830} INFO - Processing file /home/tejhanagarajan/Projects/small-projects/NewsImpact/venv/lib64/python3.10/site-packages/airflow/example_dags/example_subdag_operator.py for tasks to queue
[2025-07-04T12:38:07.445+0530] {logging_mixin.py:188} INFO - [2025-07-04T12:38:07.444+0530] {dagbag.py:538} INFO - Filling up the DagBag from /home/tejhanagarajan/Projects/small-projects/NewsImpact/venv/lib64/python3.10/site-packages/airflow/example_dags/example_subdag_operator.py
[2025-07-04T12:38:07.458+0530] {processor.py:840} INFO - DAG(s) 'example_subdag_operator.section-1', 'example_subdag_operator.section-2', 'example_subdag_operator' retrieved from /home/tejhanagarajan/Projects/small-projects/NewsImpact/venv/lib64/python3.10/site-packages/airflow/example_dags/example_subdag_operator.py
[2025-07-04T12:38:07.464+0530] {logging_mixin.py:188} INFO - [2025-07-04T12:38:07.463+0530] {dag.py:3036} INFO - Sync 3 DAGs
[2025-07-04T12:38:07.471+0530] {logging_mixin.py:188} INFO - [2025-07-04T12:38:07.471+0530] {dag.py:3823} INFO - Setting next_dagrun for example_subdag_operator to 2022-01-01 00:00:00+00:00, run_after=2022-01-01 00:00:00+00:00
[2025-07-04T12:38:07.473+0530] {logging_mixin.py:188} INFO - [2025-07-04T12:38:07.472+0530] {dag.py:3823} INFO - Setting next_dagrun for example_subdag_operator.section-1 to None, run_after=None
[2025-07-04T12:38:07.473+0530] {logging_mixin.py:188} INFO - [2025-07-04T12:38:07.473+0530] {dag.py:3823} INFO - Setting next_dagrun for example_subdag_operator.section-2 to None, run_after=None
[2025-07-04T12:38:07.475+0530] {logging_mixin.py:188} INFO - [2025-07-04T12:38:07.475+0530] {dag.py:3036} INFO - Sync 2 DAGs
[2025-07-04T12:38:07.477+0530] {logging_mixin.py:188} INFO - [2025-07-04T12:38:07.477+0530] {dag.py:3823} INFO - Setting next_dagrun for example_subdag_operator.section-1 to None, run_after=None
[2025-07-04T12:38:07.477+0530] {logging_mixin.py:188} INFO - [2025-07-04T12:38:07.477+0530] {dag.py:3823} INFO - Setting next_dagrun for example_subdag_operator.section-2 to None, run_after=None
[2025-07-04T12:38:07.489+0530] {processor.py:183} INFO - Processing /home/tejhanagarajan/Projects/small-projects/NewsImpact/venv/lib64/python3.10/site-packages/airflow/example_dags/example_subdag_operator.py took 0.052 seconds
[2025-07-04T12:38:10.575+0530] {processor.py:161} INFO - Started process (PID=34769) to work on /home/tejhanagarajan/Projects/small-projects/NewsImpact/venv/lib64/python3.10/site-packages/airflow/example_dags/example_subdag_operator.py
[2025-07-04T12:38:10.576+0530] {processor.py:830} INFO - Processing file /home/tejhanagarajan/Projects/small-projects/NewsImpact/venv/lib64/python3.10/site-packages/airflow/example_dags/example_subdag_operator.py for tasks to queue
[2025-07-04T12:38:10.576+0530] {logging_mixin.py:188} INFO - [2025-07-04T12:38:10.576+0530] {dagbag.py:538} INFO - Filling up the DagBag from /home/tejhanagarajan/Projects/small-projects/NewsImpact/venv/lib64/python3.10/site-packages/airflow/example_dags/example_subdag_operator.py
[2025-07-04T12:38:10.588+0530] {processor.py:840} INFO - DAG(s) 'example_subdag_operator.section-1', 'example_subdag_operator.section-2', 'example_subdag_operator' retrieved from /home/tejhanagarajan/Projects/small-projects/NewsImpact/venv/lib64/python3.10/site-packages/airflow/example_dags/example_subdag_operator.py
[2025-07-04T12:38:10.596+0530] {logging_mixin.py:188} INFO - [2025-07-04T12:38:10.596+0530] {dag.py:3036} INFO - Sync 3 DAGs
[2025-07-04T12:38:10.604+0530] {logging_mixin.py:188} INFO - [2025-07-04T12:38:10.604+0530] {dag.py:3823} INFO - Setting next_dagrun for example_subdag_operator to 2022-01-01 00:00:00+00:00, run_after=2022-01-01 00:00:00+00:00
[2025-07-04T12:38:10.605+0530] {logging_mixin.py:188} INFO - [2025-07-04T12:38:10.605+0530] {dag.py:3823} INFO - Setting next_dagrun for example_subdag_operator.section-1 to None, run_after=None
[2025-07-04T12:38:10.606+0530] {logging_mixin.py:188} INFO - [2025-07-04T12:38:10.606+0530] {dag.py:3823} INFO - Setting next_dagrun for example_subdag_operator.section-2 to None, run_after=None
[2025-07-04T12:38:10.608+0530] {logging_mixin.py:188} INFO - [2025-07-04T12:38:10.608+0530] {dag.py:3036} INFO - Sync 2 DAGs
[2025-07-04T12:38:10.610+0530] {logging_mixin.py:188} INFO - [2025-07-04T12:38:10.610+0530] {dag.py:3823} INFO - Setting next_dagrun for example_subdag_operator.section-1 to None, run_after=None
[2025-07-04T12:38:10.610+0530] {logging_mixin.py:188} INFO - [2025-07-04T12:38:10.610+0530] {dag.py:3823} INFO - Setting next_dagrun for example_subdag_operator.section-2 to None, run_after=None
[2025-07-04T12:38:10.623+0530] {processor.py:183} INFO - Processing /home/tejhanagarajan/Projects/small-projects/NewsImpact/venv/lib64/python3.10/site-packages/airflow/example_dags/example_subdag_operator.py took 0.051 seconds
[2025-07-04T12:38:57.485+0530] {processor.py:161} INFO - Started process (PID=35170) to work on /home/tejhanagarajan/Projects/small-projects/NewsImpact/venv/lib64/python3.10/site-packages/airflow/example_dags/example_subdag_operator.py
[2025-07-04T12:38:57.487+0530] {processor.py:830} INFO - Processing file /home/tejhanagarajan/Projects/small-projects/NewsImpact/venv/lib64/python3.10/site-packages/airflow/example_dags/example_subdag_operator.py for tasks to queue
[2025-07-04T12:38:57.488+0530] {logging_mixin.py:188} INFO - [2025-07-04T12:38:57.487+0530] {dagbag.py:538} INFO - Filling up the DagBag from /home/tejhanagarajan/Projects/small-projects/NewsImpact/venv/lib64/python3.10/site-packages/airflow/example_dags/example_subdag_operator.py
[2025-07-04T12:38:57.498+0530] {processor.py:840} INFO - DAG(s) 'example_subdag_operator.section-1', 'example_subdag_operator.section-2', 'example_subdag_operator' retrieved from /home/tejhanagarajan/Projects/small-projects/NewsImpact/venv/lib64/python3.10/site-packages/airflow/example_dags/example_subdag_operator.py
[2025-07-04T12:38:57.506+0530] {logging_mixin.py:188} INFO - [2025-07-04T12:38:57.506+0530] {dag.py:3036} INFO - Sync 3 DAGs
[2025-07-04T12:38:57.515+0530] {logging_mixin.py:188} INFO - [2025-07-04T12:38:57.515+0530] {dag.py:3823} INFO - Setting next_dagrun for example_subdag_operator to 2022-01-01 00:00:00+00:00, run_after=2022-01-01 00:00:00+00:00
[2025-07-04T12:38:57.517+0530] {logging_mixin.py:188} INFO - [2025-07-04T12:38:57.517+0530] {dag.py:3823} INFO - Setting next_dagrun for example_subdag_operator.section-1 to None, run_after=None
[2025-07-04T12:38:57.517+0530] {logging_mixin.py:188} INFO - [2025-07-04T12:38:57.517+0530] {dag.py:3823} INFO - Setting next_dagrun for example_subdag_operator.section-2 to None, run_after=None
[2025-07-04T12:38:57.520+0530] {logging_mixin.py:188} INFO - [2025-07-04T12:38:57.520+0530] {dag.py:3036} INFO - Sync 2 DAGs
[2025-07-04T12:38:57.522+0530] {logging_mixin.py:188} INFO - [2025-07-04T12:38:57.522+0530] {dag.py:3823} INFO - Setting next_dagrun for example_subdag_operator.section-1 to None, run_after=None
[2025-07-04T12:38:57.522+0530] {logging_mixin.py:188} INFO - [2025-07-04T12:38:57.522+0530] {dag.py:3823} INFO - Setting next_dagrun for example_subdag_operator.section-2 to None, run_after=None
[2025-07-04T12:38:57.536+0530] {processor.py:183} INFO - Processing /home/tejhanagarajan/Projects/small-projects/NewsImpact/venv/lib64/python3.10/site-packages/airflow/example_dags/example_subdag_operator.py took 0.053 seconds
[2025-07-04T12:38:58.098+0530] {processor.py:161} INFO - Started process (PID=35181) to work on /home/tejhanagarajan/Projects/small-projects/NewsImpact/venv/lib64/python3.10/site-packages/airflow/example_dags/example_subdag_operator.py
[2025-07-04T12:38:58.098+0530] {processor.py:830} INFO - Processing file /home/tejhanagarajan/Projects/small-projects/NewsImpact/venv/lib64/python3.10/site-packages/airflow/example_dags/example_subdag_operator.py for tasks to queue
[2025-07-04T12:38:58.099+0530] {logging_mixin.py:188} INFO - [2025-07-04T12:38:58.099+0530] {dagbag.py:538} INFO - Filling up the DagBag from /home/tejhanagarajan/Projects/small-projects/NewsImpact/venv/lib64/python3.10/site-packages/airflow/example_dags/example_subdag_operator.py
[2025-07-04T12:38:58.108+0530] {processor.py:840} INFO - DAG(s) 'example_subdag_operator.section-1', 'example_subdag_operator.section-2', 'example_subdag_operator' retrieved from /home/tejhanagarajan/Projects/small-projects/NewsImpact/venv/lib64/python3.10/site-packages/airflow/example_dags/example_subdag_operator.py
[2025-07-04T12:38:58.115+0530] {logging_mixin.py:188} INFO - [2025-07-04T12:38:58.115+0530] {dag.py:3036} INFO - Sync 3 DAGs
[2025-07-04T12:38:58.123+0530] {logging_mixin.py:188} INFO - [2025-07-04T12:38:58.123+0530] {dag.py:3823} INFO - Setting next_dagrun for example_subdag_operator to 2022-01-01 00:00:00+00:00, run_after=2022-01-01 00:00:00+00:00
[2025-07-04T12:38:58.125+0530] {logging_mixin.py:188} INFO - [2025-07-04T12:38:58.124+0530] {dag.py:3823} INFO - Setting next_dagrun for example_subdag_operator.section-1 to None, run_after=None
[2025-07-04T12:38:58.125+0530] {logging_mixin.py:188} INFO - [2025-07-04T12:38:58.125+0530] {dag.py:3823} INFO - Setting next_dagrun for example_subdag_operator.section-2 to None, run_after=None
[2025-07-04T12:38:58.128+0530] {logging_mixin.py:188} INFO - [2025-07-04T12:38:58.127+0530] {dag.py:3036} INFO - Sync 2 DAGs
[2025-07-04T12:38:58.129+0530] {logging_mixin.py:188} INFO - [2025-07-04T12:38:58.129+0530] {dag.py:3823} INFO - Setting next_dagrun for example_subdag_operator.section-1 to None, run_after=None
[2025-07-04T12:38:58.129+0530] {logging_mixin.py:188} INFO - [2025-07-04T12:38:58.129+0530] {dag.py:3823} INFO - Setting next_dagrun for example_subdag_operator.section-2 to None, run_after=None
[2025-07-04T12:38:58.143+0530] {processor.py:183} INFO - Processing /home/tejhanagarajan/Projects/small-projects/NewsImpact/venv/lib64/python3.10/site-packages/airflow/example_dags/example_subdag_operator.py took 0.046 seconds
[2025-07-04T12:39:45.255+0530] {processor.py:161} INFO - Started process (PID=35606) to work on /home/tejhanagarajan/Projects/small-projects/NewsImpact/venv/lib64/python3.10/site-packages/airflow/example_dags/example_subdag_operator.py
[2025-07-04T12:39:45.258+0530] {processor.py:830} INFO - Processing file /home/tejhanagarajan/Projects/small-projects/NewsImpact/venv/lib64/python3.10/site-packages/airflow/example_dags/example_subdag_operator.py for tasks to queue
[2025-07-04T12:39:45.258+0530] {logging_mixin.py:188} INFO - [2025-07-04T12:39:45.258+0530] {dagbag.py:538} INFO - Filling up the DagBag from /home/tejhanagarajan/Projects/small-projects/NewsImpact/venv/lib64/python3.10/site-packages/airflow/example_dags/example_subdag_operator.py
[2025-07-04T12:39:45.267+0530] {processor.py:840} INFO - DAG(s) 'example_subdag_operator.section-1', 'example_subdag_operator.section-2', 'example_subdag_operator' retrieved from /home/tejhanagarajan/Projects/small-projects/NewsImpact/venv/lib64/python3.10/site-packages/airflow/example_dags/example_subdag_operator.py
[2025-07-04T12:39:45.275+0530] {logging_mixin.py:188} INFO - [2025-07-04T12:39:45.275+0530] {dag.py:3036} INFO - Sync 3 DAGs
[2025-07-04T12:39:45.283+0530] {logging_mixin.py:188} INFO - [2025-07-04T12:39:45.283+0530] {dag.py:3823} INFO - Setting next_dagrun for example_subdag_operator to 2022-01-01 00:00:00+00:00, run_after=2022-01-01 00:00:00+00:00
[2025-07-04T12:39:45.284+0530] {logging_mixin.py:188} INFO - [2025-07-04T12:39:45.284+0530] {dag.py:3823} INFO - Setting next_dagrun for example_subdag_operator.section-1 to None, run_after=None
[2025-07-04T12:39:45.285+0530] {logging_mixin.py:188} INFO - [2025-07-04T12:39:45.285+0530] {dag.py:3823} INFO - Setting next_dagrun for example_subdag_operator.section-2 to None, run_after=None
[2025-07-04T12:39:45.287+0530] {logging_mixin.py:188} INFO - [2025-07-04T12:39:45.287+0530] {dag.py:3036} INFO - Sync 2 DAGs
[2025-07-04T12:39:45.289+0530] {logging_mixin.py:188} INFO - [2025-07-04T12:39:45.289+0530] {dag.py:3823} INFO - Setting next_dagrun for example_subdag_operator.section-1 to None, run_after=None
[2025-07-04T12:39:45.289+0530] {logging_mixin.py:188} INFO - [2025-07-04T12:39:45.289+0530] {dag.py:3823} INFO - Setting next_dagrun for example_subdag_operator.section-2 to None, run_after=None
[2025-07-04T12:39:45.302+0530] {processor.py:183} INFO - Processing /home/tejhanagarajan/Projects/small-projects/NewsImpact/venv/lib64/python3.10/site-packages/airflow/example_dags/example_subdag_operator.py took 0.048 seconds
[2025-07-04T12:39:52.352+0530] {processor.py:161} INFO - Started process (PID=35683) to work on /home/tejhanagarajan/Projects/small-projects/NewsImpact/venv/lib64/python3.10/site-packages/airflow/example_dags/example_subdag_operator.py
[2025-07-04T12:39:52.352+0530] {processor.py:830} INFO - Processing file /home/tejhanagarajan/Projects/small-projects/NewsImpact/venv/lib64/python3.10/site-packages/airflow/example_dags/example_subdag_operator.py for tasks to queue
[2025-07-04T12:39:52.353+0530] {logging_mixin.py:188} INFO - [2025-07-04T12:39:52.352+0530] {dagbag.py:538} INFO - Filling up the DagBag from /home/tejhanagarajan/Projects/small-projects/NewsImpact/venv/lib64/python3.10/site-packages/airflow/example_dags/example_subdag_operator.py
[2025-07-04T12:39:52.363+0530] {processor.py:840} INFO - DAG(s) 'example_subdag_operator.section-1', 'example_subdag_operator.section-2', 'example_subdag_operator' retrieved from /home/tejhanagarajan/Projects/small-projects/NewsImpact/venv/lib64/python3.10/site-packages/airflow/example_dags/example_subdag_operator.py
[2025-07-04T12:39:52.370+0530] {logging_mixin.py:188} INFO - [2025-07-04T12:39:52.370+0530] {dag.py:3036} INFO - Sync 3 DAGs
[2025-07-04T12:39:52.379+0530] {logging_mixin.py:188} INFO - [2025-07-04T12:39:52.379+0530] {dag.py:3823} INFO - Setting next_dagrun for example_subdag_operator to 2022-01-01 00:00:00+00:00, run_after=2022-01-01 00:00:00+00:00
[2025-07-04T12:39:52.381+0530] {logging_mixin.py:188} INFO - [2025-07-04T12:39:52.380+0530] {dag.py:3823} INFO - Setting next_dagrun for example_subdag_operator.section-1 to None, run_after=None
[2025-07-04T12:39:52.381+0530] {logging_mixin.py:188} INFO - [2025-07-04T12:39:52.381+0530] {dag.py:3823} INFO - Setting next_dagrun for example_subdag_operator.section-2 to None, run_after=None
[2025-07-04T12:39:52.384+0530] {logging_mixin.py:188} INFO - [2025-07-04T12:39:52.383+0530] {dag.py:3036} INFO - Sync 2 DAGs
[2025-07-04T12:39:52.385+0530] {logging_mixin.py:188} INFO - [2025-07-04T12:39:52.385+0530] {dag.py:3823} INFO - Setting next_dagrun for example_subdag_operator.section-1 to None, run_after=None
[2025-07-04T12:39:52.386+0530] {logging_mixin.py:188} INFO - [2025-07-04T12:39:52.385+0530] {dag.py:3823} INFO - Setting next_dagrun for example_subdag_operator.section-2 to None, run_after=None
[2025-07-04T12:39:52.399+0530] {processor.py:183} INFO - Processing /home/tejhanagarajan/Projects/small-projects/NewsImpact/venv/lib64/python3.10/site-packages/airflow/example_dags/example_subdag_operator.py took 0.049 seconds
[2025-07-04T12:42:12.643+0530] {processor.py:161} INFO - Started process (PID=37875) to work on /home/tejhanagarajan/Projects/small-projects/NewsImpact/venv/lib64/python3.10/site-packages/airflow/example_dags/example_subdag_operator.py
[2025-07-04T12:42:12.645+0530] {processor.py:830} INFO - Processing file /home/tejhanagarajan/Projects/small-projects/NewsImpact/venv/lib64/python3.10/site-packages/airflow/example_dags/example_subdag_operator.py for tasks to queue
[2025-07-04T12:42:12.646+0530] {logging_mixin.py:188} INFO - [2025-07-04T12:42:12.646+0530] {dagbag.py:538} INFO - Filling up the DagBag from /home/tejhanagarajan/Projects/small-projects/NewsImpact/venv/lib64/python3.10/site-packages/airflow/example_dags/example_subdag_operator.py
[2025-07-04T12:42:12.654+0530] {processor.py:840} INFO - DAG(s) 'example_subdag_operator.section-1', 'example_subdag_operator.section-2', 'example_subdag_operator' retrieved from /home/tejhanagarajan/Projects/small-projects/NewsImpact/venv/lib64/python3.10/site-packages/airflow/example_dags/example_subdag_operator.py
[2025-07-04T12:42:12.662+0530] {logging_mixin.py:188} INFO - [2025-07-04T12:42:12.662+0530] {dag.py:3036} INFO - Sync 3 DAGs
[2025-07-04T12:42:12.670+0530] {logging_mixin.py:188} INFO - [2025-07-04T12:42:12.670+0530] {dag.py:3823} INFO - Setting next_dagrun for example_subdag_operator to 2022-01-01 00:00:00+00:00, run_after=2022-01-01 00:00:00+00:00
[2025-07-04T12:42:12.672+0530] {logging_mixin.py:188} INFO - [2025-07-04T12:42:12.672+0530] {dag.py:3823} INFO - Setting next_dagrun for example_subdag_operator.section-1 to None, run_after=None
[2025-07-04T12:42:12.672+0530] {logging_mixin.py:188} INFO - [2025-07-04T12:42:12.672+0530] {dag.py:3823} INFO - Setting next_dagrun for example_subdag_operator.section-2 to None, run_after=None
[2025-07-04T12:42:12.675+0530] {logging_mixin.py:188} INFO - [2025-07-04T12:42:12.674+0530] {dag.py:3036} INFO - Sync 2 DAGs
[2025-07-04T12:42:12.676+0530] {logging_mixin.py:188} INFO - [2025-07-04T12:42:12.676+0530] {dag.py:3823} INFO - Setting next_dagrun for example_subdag_operator.section-1 to None, run_after=None
[2025-07-04T12:42:12.676+0530] {logging_mixin.py:188} INFO - [2025-07-04T12:42:12.676+0530] {dag.py:3823} INFO - Setting next_dagrun for example_subdag_operator.section-2 to None, run_after=None
[2025-07-04T12:42:12.690+0530] {processor.py:183} INFO - Processing /home/tejhanagarajan/Projects/small-projects/NewsImpact/venv/lib64/python3.10/site-packages/airflow/example_dags/example_subdag_operator.py took 0.048 seconds
[2025-07-04T12:42:57.843+0530] {processor.py:161} INFO - Started process (PID=38214) to work on /home/tejhanagarajan/Projects/small-projects/NewsImpact/venv/lib64/python3.10/site-packages/airflow/example_dags/example_subdag_operator.py
[2025-07-04T12:42:57.845+0530] {processor.py:830} INFO - Processing file /home/tejhanagarajan/Projects/small-projects/NewsImpact/venv/lib64/python3.10/site-packages/airflow/example_dags/example_subdag_operator.py for tasks to queue
[2025-07-04T12:42:57.847+0530] {logging_mixin.py:188} INFO - [2025-07-04T12:42:57.846+0530] {dagbag.py:538} INFO - Filling up the DagBag from /home/tejhanagarajan/Projects/small-projects/NewsImpact/venv/lib64/python3.10/site-packages/airflow/example_dags/example_subdag_operator.py
[2025-07-04T12:42:57.859+0530] {processor.py:840} INFO - DAG(s) 'example_subdag_operator.section-1', 'example_subdag_operator.section-2', 'example_subdag_operator' retrieved from /home/tejhanagarajan/Projects/small-projects/NewsImpact/venv/lib64/python3.10/site-packages/airflow/example_dags/example_subdag_operator.py
[2025-07-04T12:42:57.866+0530] {logging_mixin.py:188} INFO - [2025-07-04T12:42:57.866+0530] {dag.py:3036} INFO - Sync 3 DAGs
[2025-07-04T12:42:57.873+0530] {logging_mixin.py:188} INFO - [2025-07-04T12:42:57.873+0530] {dag.py:3823} INFO - Setting next_dagrun for example_subdag_operator to 2022-01-01 00:00:00+00:00, run_after=2022-01-01 00:00:00+00:00
[2025-07-04T12:42:57.874+0530] {logging_mixin.py:188} INFO - [2025-07-04T12:42:57.874+0530] {dag.py:3823} INFO - Setting next_dagrun for example_subdag_operator.section-1 to None, run_after=None
[2025-07-04T12:42:57.875+0530] {logging_mixin.py:188} INFO - [2025-07-04T12:42:57.875+0530] {dag.py:3823} INFO - Setting next_dagrun for example_subdag_operator.section-2 to None, run_after=None
[2025-07-04T12:42:57.877+0530] {logging_mixin.py:188} INFO - [2025-07-04T12:42:57.877+0530] {dag.py:3036} INFO - Sync 2 DAGs
[2025-07-04T12:42:57.879+0530] {logging_mixin.py:188} INFO - [2025-07-04T12:42:57.879+0530] {dag.py:3823} INFO - Setting next_dagrun for example_subdag_operator.section-1 to None, run_after=None
[2025-07-04T12:42:57.879+0530] {logging_mixin.py:188} INFO - [2025-07-04T12:42:57.879+0530] {dag.py:3823} INFO - Setting next_dagrun for example_subdag_operator.section-2 to None, run_after=None
[2025-07-04T12:42:57.893+0530] {processor.py:183} INFO - Processing /home/tejhanagarajan/Projects/small-projects/NewsImpact/venv/lib64/python3.10/site-packages/airflow/example_dags/example_subdag_operator.py took 0.054 seconds
[2025-07-04T12:43:46.745+0530] {processor.py:161} INFO - Started process (PID=38607) to work on /home/tejhanagarajan/Projects/small-projects/NewsImpact/venv/lib64/python3.10/site-packages/airflow/example_dags/example_subdag_operator.py
[2025-07-04T12:43:46.747+0530] {processor.py:830} INFO - Processing file /home/tejhanagarajan/Projects/small-projects/NewsImpact/venv/lib64/python3.10/site-packages/airflow/example_dags/example_subdag_operator.py for tasks to queue
[2025-07-04T12:43:46.748+0530] {logging_mixin.py:188} INFO - [2025-07-04T12:43:46.747+0530] {dagbag.py:538} INFO - Filling up the DagBag from /home/tejhanagarajan/Projects/small-projects/NewsImpact/venv/lib64/python3.10/site-packages/airflow/example_dags/example_subdag_operator.py
[2025-07-04T12:43:46.759+0530] {processor.py:840} INFO - DAG(s) 'example_subdag_operator.section-1', 'example_subdag_operator.section-2', 'example_subdag_operator' retrieved from /home/tejhanagarajan/Projects/small-projects/NewsImpact/venv/lib64/python3.10/site-packages/airflow/example_dags/example_subdag_operator.py
[2025-07-04T12:43:46.766+0530] {logging_mixin.py:188} INFO - [2025-07-04T12:43:46.765+0530] {dag.py:3036} INFO - Sync 3 DAGs
[2025-07-04T12:43:46.774+0530] {logging_mixin.py:188} INFO - [2025-07-04T12:43:46.774+0530] {dag.py:3823} INFO - Setting next_dagrun for example_subdag_operator to 2022-01-01 00:00:00+00:00, run_after=2022-01-01 00:00:00+00:00
[2025-07-04T12:43:46.775+0530] {logging_mixin.py:188} INFO - [2025-07-04T12:43:46.775+0530] {dag.py:3823} INFO - Setting next_dagrun for example_subdag_operator.section-1 to None, run_after=None
[2025-07-04T12:43:46.776+0530] {logging_mixin.py:188} INFO - [2025-07-04T12:43:46.776+0530] {dag.py:3823} INFO - Setting next_dagrun for example_subdag_operator.section-2 to None, run_after=None
[2025-07-04T12:43:46.778+0530] {logging_mixin.py:188} INFO - [2025-07-04T12:43:46.778+0530] {dag.py:3036} INFO - Sync 2 DAGs
[2025-07-04T12:43:46.780+0530] {logging_mixin.py:188} INFO - [2025-07-04T12:43:46.780+0530] {dag.py:3823} INFO - Setting next_dagrun for example_subdag_operator.section-1 to None, run_after=None
[2025-07-04T12:43:46.780+0530] {logging_mixin.py:188} INFO - [2025-07-04T12:43:46.780+0530] {dag.py:3823} INFO - Setting next_dagrun for example_subdag_operator.section-2 to None, run_after=None
[2025-07-04T12:43:46.794+0530] {processor.py:183} INFO - Processing /home/tejhanagarajan/Projects/small-projects/NewsImpact/venv/lib64/python3.10/site-packages/airflow/example_dags/example_subdag_operator.py took 0.053 seconds
[2025-07-04T12:44:37.434+0530] {processor.py:161} INFO - Started process (PID=38976) to work on /home/tejhanagarajan/Projects/small-projects/NewsImpact/venv/lib64/python3.10/site-packages/airflow/example_dags/example_subdag_operator.py
[2025-07-04T12:44:37.436+0530] {processor.py:830} INFO - Processing file /home/tejhanagarajan/Projects/small-projects/NewsImpact/venv/lib64/python3.10/site-packages/airflow/example_dags/example_subdag_operator.py for tasks to queue
[2025-07-04T12:44:37.436+0530] {logging_mixin.py:188} INFO - [2025-07-04T12:44:37.436+0530] {dagbag.py:538} INFO - Filling up the DagBag from /home/tejhanagarajan/Projects/small-projects/NewsImpact/venv/lib64/python3.10/site-packages/airflow/example_dags/example_subdag_operator.py
[2025-07-04T12:44:37.445+0530] {processor.py:840} INFO - DAG(s) 'example_subdag_operator.section-1', 'example_subdag_operator.section-2', 'example_subdag_operator' retrieved from /home/tejhanagarajan/Projects/small-projects/NewsImpact/venv/lib64/python3.10/site-packages/airflow/example_dags/example_subdag_operator.py
[2025-07-04T12:44:37.451+0530] {logging_mixin.py:188} INFO - [2025-07-04T12:44:37.451+0530] {dag.py:3036} INFO - Sync 3 DAGs
[2025-07-04T12:44:37.458+0530] {logging_mixin.py:188} INFO - [2025-07-04T12:44:37.458+0530] {dag.py:3823} INFO - Setting next_dagrun for example_subdag_operator to 2022-01-01 00:00:00+00:00, run_after=2022-01-01 00:00:00+00:00
[2025-07-04T12:44:37.460+0530] {logging_mixin.py:188} INFO - [2025-07-04T12:44:37.460+0530] {dag.py:3823} INFO - Setting next_dagrun for example_subdag_operator.section-1 to None, run_after=None
[2025-07-04T12:44:37.460+0530] {logging_mixin.py:188} INFO - [2025-07-04T12:44:37.460+0530] {dag.py:3823} INFO - Setting next_dagrun for example_subdag_operator.section-2 to None, run_after=None
[2025-07-04T12:44:37.463+0530] {logging_mixin.py:188} INFO - [2025-07-04T12:44:37.462+0530] {dag.py:3036} INFO - Sync 2 DAGs
[2025-07-04T12:44:37.464+0530] {logging_mixin.py:188} INFO - [2025-07-04T12:44:37.464+0530] {dag.py:3823} INFO - Setting next_dagrun for example_subdag_operator.section-1 to None, run_after=None
[2025-07-04T12:44:37.464+0530] {logging_mixin.py:188} INFO - [2025-07-04T12:44:37.464+0530] {dag.py:3823} INFO - Setting next_dagrun for example_subdag_operator.section-2 to None, run_after=None
[2025-07-04T12:44:37.477+0530] {processor.py:183} INFO - Processing /home/tejhanagarajan/Projects/small-projects/NewsImpact/venv/lib64/python3.10/site-packages/airflow/example_dags/example_subdag_operator.py took 0.045 seconds
[2025-07-04T12:45:29.311+0530] {processor.py:161} INFO - Started process (PID=39362) to work on /home/tejhanagarajan/Projects/small-projects/NewsImpact/venv/lib64/python3.10/site-packages/airflow/example_dags/example_subdag_operator.py
[2025-07-04T12:45:29.314+0530] {processor.py:830} INFO - Processing file /home/tejhanagarajan/Projects/small-projects/NewsImpact/venv/lib64/python3.10/site-packages/airflow/example_dags/example_subdag_operator.py for tasks to queue
[2025-07-04T12:45:29.314+0530] {logging_mixin.py:188} INFO - [2025-07-04T12:45:29.314+0530] {dagbag.py:538} INFO - Filling up the DagBag from /home/tejhanagarajan/Projects/small-projects/NewsImpact/venv/lib64/python3.10/site-packages/airflow/example_dags/example_subdag_operator.py
[2025-07-04T12:45:29.323+0530] {processor.py:840} INFO - DAG(s) 'example_subdag_operator.section-1', 'example_subdag_operator.section-2', 'example_subdag_operator' retrieved from /home/tejhanagarajan/Projects/small-projects/NewsImpact/venv/lib64/python3.10/site-packages/airflow/example_dags/example_subdag_operator.py
[2025-07-04T12:45:29.329+0530] {logging_mixin.py:188} INFO - [2025-07-04T12:45:29.329+0530] {dag.py:3036} INFO - Sync 3 DAGs
[2025-07-04T12:45:29.336+0530] {logging_mixin.py:188} INFO - [2025-07-04T12:45:29.336+0530] {dag.py:3823} INFO - Setting next_dagrun for example_subdag_operator to 2022-01-01 00:00:00+00:00, run_after=2022-01-01 00:00:00+00:00
[2025-07-04T12:45:29.337+0530] {logging_mixin.py:188} INFO - [2025-07-04T12:45:29.337+0530] {dag.py:3823} INFO - Setting next_dagrun for example_subdag_operator.section-1 to None, run_after=None
[2025-07-04T12:45:29.338+0530] {logging_mixin.py:188} INFO - [2025-07-04T12:45:29.338+0530] {dag.py:3823} INFO - Setting next_dagrun for example_subdag_operator.section-2 to None, run_after=None
[2025-07-04T12:45:29.340+0530] {logging_mixin.py:188} INFO - [2025-07-04T12:45:29.340+0530] {dag.py:3036} INFO - Sync 2 DAGs
[2025-07-04T12:45:29.342+0530] {logging_mixin.py:188} INFO - [2025-07-04T12:45:29.342+0530] {dag.py:3823} INFO - Setting next_dagrun for example_subdag_operator.section-1 to None, run_after=None
[2025-07-04T12:45:29.342+0530] {logging_mixin.py:188} INFO - [2025-07-04T12:45:29.342+0530] {dag.py:3823} INFO - Setting next_dagrun for example_subdag_operator.section-2 to None, run_after=None
[2025-07-04T12:45:29.355+0530] {processor.py:183} INFO - Processing /home/tejhanagarajan/Projects/small-projects/NewsImpact/venv/lib64/python3.10/site-packages/airflow/example_dags/example_subdag_operator.py took 0.045 seconds
[2025-07-04T12:46:22.839+0530] {processor.py:161} INFO - Started process (PID=39739) to work on /home/tejhanagarajan/Projects/small-projects/NewsImpact/venv/lib64/python3.10/site-packages/airflow/example_dags/example_subdag_operator.py
[2025-07-04T12:46:22.841+0530] {processor.py:830} INFO - Processing file /home/tejhanagarajan/Projects/small-projects/NewsImpact/venv/lib64/python3.10/site-packages/airflow/example_dags/example_subdag_operator.py for tasks to queue
[2025-07-04T12:46:22.841+0530] {logging_mixin.py:188} INFO - [2025-07-04T12:46:22.841+0530] {dagbag.py:538} INFO - Filling up the DagBag from /home/tejhanagarajan/Projects/small-projects/NewsImpact/venv/lib64/python3.10/site-packages/airflow/example_dags/example_subdag_operator.py
[2025-07-04T12:46:22.850+0530] {processor.py:840} INFO - DAG(s) 'example_subdag_operator.section-1', 'example_subdag_operator.section-2', 'example_subdag_operator' retrieved from /home/tejhanagarajan/Projects/small-projects/NewsImpact/venv/lib64/python3.10/site-packages/airflow/example_dags/example_subdag_operator.py
[2025-07-04T12:46:22.856+0530] {logging_mixin.py:188} INFO - [2025-07-04T12:46:22.856+0530] {dag.py:3036} INFO - Sync 3 DAGs
[2025-07-04T12:46:22.863+0530] {logging_mixin.py:188} INFO - [2025-07-04T12:46:22.863+0530] {dag.py:3823} INFO - Setting next_dagrun for example_subdag_operator to 2022-01-01 00:00:00+00:00, run_after=2022-01-01 00:00:00+00:00
[2025-07-04T12:46:22.865+0530] {logging_mixin.py:188} INFO - [2025-07-04T12:46:22.865+0530] {dag.py:3823} INFO - Setting next_dagrun for example_subdag_operator.section-1 to None, run_after=None
[2025-07-04T12:46:22.865+0530] {logging_mixin.py:188} INFO - [2025-07-04T12:46:22.865+0530] {dag.py:3823} INFO - Setting next_dagrun for example_subdag_operator.section-2 to None, run_after=None
[2025-07-04T12:46:22.868+0530] {logging_mixin.py:188} INFO - [2025-07-04T12:46:22.868+0530] {dag.py:3036} INFO - Sync 2 DAGs
[2025-07-04T12:46:22.869+0530] {logging_mixin.py:188} INFO - [2025-07-04T12:46:22.869+0530] {dag.py:3823} INFO - Setting next_dagrun for example_subdag_operator.section-1 to None, run_after=None
[2025-07-04T12:46:22.869+0530] {logging_mixin.py:188} INFO - [2025-07-04T12:46:22.869+0530] {dag.py:3823} INFO - Setting next_dagrun for example_subdag_operator.section-2 to None, run_after=None
[2025-07-04T12:46:22.884+0530] {processor.py:183} INFO - Processing /home/tejhanagarajan/Projects/small-projects/NewsImpact/venv/lib64/python3.10/site-packages/airflow/example_dags/example_subdag_operator.py took 0.046 seconds
[2025-07-04T12:47:15.397+0530] {processor.py:161} INFO - Started process (PID=40126) to work on /home/tejhanagarajan/Projects/small-projects/NewsImpact/venv/lib64/python3.10/site-packages/airflow/example_dags/example_subdag_operator.py
[2025-07-04T12:47:15.400+0530] {processor.py:830} INFO - Processing file /home/tejhanagarajan/Projects/small-projects/NewsImpact/venv/lib64/python3.10/site-packages/airflow/example_dags/example_subdag_operator.py for tasks to queue
[2025-07-04T12:47:15.400+0530] {logging_mixin.py:188} INFO - [2025-07-04T12:47:15.400+0530] {dagbag.py:538} INFO - Filling up the DagBag from /home/tejhanagarajan/Projects/small-projects/NewsImpact/venv/lib64/python3.10/site-packages/airflow/example_dags/example_subdag_operator.py
[2025-07-04T12:47:15.413+0530] {processor.py:840} INFO - DAG(s) 'example_subdag_operator.section-1', 'example_subdag_operator.section-2', 'example_subdag_operator' retrieved from /home/tejhanagarajan/Projects/small-projects/NewsImpact/venv/lib64/python3.10/site-packages/airflow/example_dags/example_subdag_operator.py
[2025-07-04T12:47:15.419+0530] {logging_mixin.py:188} INFO - [2025-07-04T12:47:15.419+0530] {dag.py:3036} INFO - Sync 3 DAGs
[2025-07-04T12:47:15.427+0530] {logging_mixin.py:188} INFO - [2025-07-04T12:47:15.427+0530] {dag.py:3823} INFO - Setting next_dagrun for example_subdag_operator to 2022-01-01 00:00:00+00:00, run_after=2022-01-01 00:00:00+00:00
[2025-07-04T12:47:15.428+0530] {logging_mixin.py:188} INFO - [2025-07-04T12:47:15.428+0530] {dag.py:3823} INFO - Setting next_dagrun for example_subdag_operator.section-1 to None, run_after=None
[2025-07-04T12:47:15.429+0530] {logging_mixin.py:188} INFO - [2025-07-04T12:47:15.429+0530] {dag.py:3823} INFO - Setting next_dagrun for example_subdag_operator.section-2 to None, run_after=None
[2025-07-04T12:47:15.431+0530] {logging_mixin.py:188} INFO - [2025-07-04T12:47:15.431+0530] {dag.py:3036} INFO - Sync 2 DAGs
[2025-07-04T12:47:15.433+0530] {logging_mixin.py:188} INFO - [2025-07-04T12:47:15.433+0530] {dag.py:3823} INFO - Setting next_dagrun for example_subdag_operator.section-1 to None, run_after=None
[2025-07-04T12:47:15.433+0530] {logging_mixin.py:188} INFO - [2025-07-04T12:47:15.433+0530] {dag.py:3823} INFO - Setting next_dagrun for example_subdag_operator.section-2 to None, run_after=None
[2025-07-04T12:47:15.448+0530] {processor.py:183} INFO - Processing /home/tejhanagarajan/Projects/small-projects/NewsImpact/venv/lib64/python3.10/site-packages/airflow/example_dags/example_subdag_operator.py took 0.054 seconds
[2025-07-04T12:48:05.066+0530] {processor.py:161} INFO - Started process (PID=40514) to work on /home/tejhanagarajan/Projects/small-projects/NewsImpact/venv/lib64/python3.10/site-packages/airflow/example_dags/example_subdag_operator.py
[2025-07-04T12:48:05.069+0530] {processor.py:830} INFO - Processing file /home/tejhanagarajan/Projects/small-projects/NewsImpact/venv/lib64/python3.10/site-packages/airflow/example_dags/example_subdag_operator.py for tasks to queue
[2025-07-04T12:48:05.069+0530] {logging_mixin.py:188} INFO - [2025-07-04T12:48:05.069+0530] {dagbag.py:538} INFO - Filling up the DagBag from /home/tejhanagarajan/Projects/small-projects/NewsImpact/venv/lib64/python3.10/site-packages/airflow/example_dags/example_subdag_operator.py
[2025-07-04T12:48:05.078+0530] {processor.py:840} INFO - DAG(s) 'example_subdag_operator.section-1', 'example_subdag_operator.section-2', 'example_subdag_operator' retrieved from /home/tejhanagarajan/Projects/small-projects/NewsImpact/venv/lib64/python3.10/site-packages/airflow/example_dags/example_subdag_operator.py
[2025-07-04T12:48:05.084+0530] {logging_mixin.py:188} INFO - [2025-07-04T12:48:05.084+0530] {dag.py:3036} INFO - Sync 3 DAGs
[2025-07-04T12:48:05.092+0530] {logging_mixin.py:188} INFO - [2025-07-04T12:48:05.092+0530] {dag.py:3823} INFO - Setting next_dagrun for example_subdag_operator to 2022-01-01 00:00:00+00:00, run_after=2022-01-01 00:00:00+00:00
[2025-07-04T12:48:05.094+0530] {logging_mixin.py:188} INFO - [2025-07-04T12:48:05.093+0530] {dag.py:3823} INFO - Setting next_dagrun for example_subdag_operator.section-1 to None, run_after=None
[2025-07-04T12:48:05.094+0530] {logging_mixin.py:188} INFO - [2025-07-04T12:48:05.094+0530] {dag.py:3823} INFO - Setting next_dagrun for example_subdag_operator.section-2 to None, run_after=None
[2025-07-04T12:48:05.096+0530] {logging_mixin.py:188} INFO - [2025-07-04T12:48:05.096+0530] {dag.py:3036} INFO - Sync 2 DAGs
[2025-07-04T12:48:05.098+0530] {logging_mixin.py:188} INFO - [2025-07-04T12:48:05.098+0530] {dag.py:3823} INFO - Setting next_dagrun for example_subdag_operator.section-1 to None, run_after=None
[2025-07-04T12:48:05.098+0530] {logging_mixin.py:188} INFO - [2025-07-04T12:48:05.098+0530] {dag.py:3823} INFO - Setting next_dagrun for example_subdag_operator.section-2 to None, run_after=None
[2025-07-04T12:48:05.112+0530] {processor.py:183} INFO - Processing /home/tejhanagarajan/Projects/small-projects/NewsImpact/venv/lib64/python3.10/site-packages/airflow/example_dags/example_subdag_operator.py took 0.049 seconds
