[2025-07-04T12:26:43.827+0530] {processor.py:161} INFO - Started process (PID=25227) to work on /home/tejhanagarajan/Projects/small-projects/NewsImpact/venv/lib64/python3.10/site-packages/airflow/example_dags/example_skip_dag.py
[2025-07-04T12:26:43.827+0530] {processor.py:830} INFO - Processing file /home/tejhanagarajan/Projects/small-projects/NewsImpact/venv/lib64/python3.10/site-packages/airflow/example_dags/example_skip_dag.py for tasks to queue
[2025-07-04T12:26:43.827+0530] {logging_mixin.py:188} INFO - [2025-07-04T12:26:43.827+0530] {dagbag.py:538} INFO - Filling up the DagBag from /home/tejhanagarajan/Projects/small-projects/NewsImpact/venv/lib64/python3.10/site-packages/airflow/example_dags/example_skip_dag.py
[2025-07-04T12:26:43.831+0530] {processor.py:840} INFO - DAG(s) 'example_skip_dag' retrieved from /home/tejhanagarajan/Projects/small-projects/NewsImpact/venv/lib64/python3.10/site-packages/airflow/example_dags/example_skip_dag.py
[2025-07-04T12:26:43.891+0530] {logging_mixin.py:188} INFO - [2025-07-04T12:26:43.890+0530] {override.py:1769} INFO - Created Permission View: can read on DAG:example_skip_dag
[2025-07-04T12:26:43.902+0530] {logging_mixin.py:188} INFO - [2025-07-04T12:26:43.902+0530] {override.py:1769} INFO - Created Permission View: can edit on DAG:example_skip_dag
[2025-07-04T12:26:43.913+0530] {logging_mixin.py:188} INFO - [2025-07-04T12:26:43.913+0530] {override.py:1769} INFO - Created Permission View: can delete on DAG:example_skip_dag
[2025-07-04T12:26:43.913+0530] {logging_mixin.py:188} INFO - [2025-07-04T12:26:43.913+0530] {dag.py:3036} INFO - Sync 1 DAGs
[2025-07-04T12:26:43.919+0530] {logging_mixin.py:188} INFO - [2025-07-04T12:26:43.919+0530] {dag.py:3058} INFO - Creating ORM DAG for example_skip_dag
[2025-07-04T12:26:43.923+0530] {logging_mixin.py:188} INFO - [2025-07-04T12:26:43.923+0530] {dag.py:3823} INFO - Setting next_dagrun for example_skip_dag to 2025-07-03 00:00:00+00:00, run_after=2025-07-04 00:00:00+00:00
[2025-07-04T12:26:43.938+0530] {processor.py:183} INFO - Processing /home/tejhanagarajan/Projects/small-projects/NewsImpact/venv/lib64/python3.10/site-packages/airflow/example_dags/example_skip_dag.py took 0.113 seconds
[2025-07-04T12:27:34.712+0530] {processor.py:161} INFO - Started process (PID=25606) to work on /home/tejhanagarajan/Projects/small-projects/NewsImpact/venv/lib64/python3.10/site-packages/airflow/example_dags/example_skip_dag.py
[2025-07-04T12:27:34.712+0530] {processor.py:830} INFO - Processing file /home/tejhanagarajan/Projects/small-projects/NewsImpact/venv/lib64/python3.10/site-packages/airflow/example_dags/example_skip_dag.py for tasks to queue
[2025-07-04T12:27:34.713+0530] {logging_mixin.py:188} INFO - [2025-07-04T12:27:34.713+0530] {dagbag.py:538} INFO - Filling up the DagBag from /home/tejhanagarajan/Projects/small-projects/NewsImpact/venv/lib64/python3.10/site-packages/airflow/example_dags/example_skip_dag.py
[2025-07-04T12:27:34.720+0530] {processor.py:840} INFO - DAG(s) 'example_skip_dag' retrieved from /home/tejhanagarajan/Projects/small-projects/NewsImpact/venv/lib64/python3.10/site-packages/airflow/example_dags/example_skip_dag.py
[2025-07-04T12:27:34.730+0530] {logging_mixin.py:188} INFO - [2025-07-04T12:27:34.730+0530] {dag.py:3036} INFO - Sync 1 DAGs
[2025-07-04T12:27:34.738+0530] {logging_mixin.py:188} INFO - [2025-07-04T12:27:34.738+0530] {dag.py:3823} INFO - Setting next_dagrun for example_skip_dag to 2025-07-03 00:00:00+00:00, run_after=2025-07-04 00:00:00+00:00
[2025-07-04T12:27:34.756+0530] {processor.py:183} INFO - Processing /home/tejhanagarajan/Projects/small-projects/NewsImpact/venv/lib64/python3.10/site-packages/airflow/example_dags/example_skip_dag.py took 0.046 seconds
[2025-07-04T12:28:23.146+0530] {processor.py:161} INFO - Started process (PID=26004) to work on /home/tejhanagarajan/Projects/small-projects/NewsImpact/venv/lib64/python3.10/site-packages/airflow/example_dags/example_skip_dag.py
[2025-07-04T12:28:23.147+0530] {processor.py:830} INFO - Processing file /home/tejhanagarajan/Projects/small-projects/NewsImpact/venv/lib64/python3.10/site-packages/airflow/example_dags/example_skip_dag.py for tasks to queue
[2025-07-04T12:28:23.148+0530] {logging_mixin.py:188} INFO - [2025-07-04T12:28:23.148+0530] {dagbag.py:538} INFO - Filling up the DagBag from /home/tejhanagarajan/Projects/small-projects/NewsImpact/venv/lib64/python3.10/site-packages/airflow/example_dags/example_skip_dag.py
[2025-07-04T12:28:23.152+0530] {processor.py:840} INFO - DAG(s) 'example_skip_dag' retrieved from /home/tejhanagarajan/Projects/small-projects/NewsImpact/venv/lib64/python3.10/site-packages/airflow/example_dags/example_skip_dag.py
[2025-07-04T12:28:23.160+0530] {logging_mixin.py:188} INFO - [2025-07-04T12:28:23.160+0530] {dag.py:3036} INFO - Sync 1 DAGs
[2025-07-04T12:28:23.169+0530] {logging_mixin.py:188} INFO - [2025-07-04T12:28:23.169+0530] {dag.py:3823} INFO - Setting next_dagrun for example_skip_dag to 2025-07-03 00:00:00+00:00, run_after=2025-07-04 00:00:00+00:00
[2025-07-04T12:28:23.187+0530] {processor.py:183} INFO - Processing /home/tejhanagarajan/Projects/small-projects/NewsImpact/venv/lib64/python3.10/site-packages/airflow/example_dags/example_skip_dag.py took 0.043 seconds
[2025-07-04T12:29:04.176+0530] {processor.py:161} INFO - Started process (PID=26325) to work on /home/tejhanagarajan/Projects/small-projects/NewsImpact/venv/lib64/python3.10/site-packages/airflow/example_dags/example_skip_dag.py
[2025-07-04T12:29:04.179+0530] {processor.py:830} INFO - Processing file /home/tejhanagarajan/Projects/small-projects/NewsImpact/venv/lib64/python3.10/site-packages/airflow/example_dags/example_skip_dag.py for tasks to queue
[2025-07-04T12:29:04.179+0530] {logging_mixin.py:188} INFO - [2025-07-04T12:29:04.179+0530] {dagbag.py:538} INFO - Filling up the DagBag from /home/tejhanagarajan/Projects/small-projects/NewsImpact/venv/lib64/python3.10/site-packages/airflow/example_dags/example_skip_dag.py
[2025-07-04T12:29:04.183+0530] {processor.py:840} INFO - DAG(s) 'example_skip_dag' retrieved from /home/tejhanagarajan/Projects/small-projects/NewsImpact/venv/lib64/python3.10/site-packages/airflow/example_dags/example_skip_dag.py
[2025-07-04T12:29:04.192+0530] {logging_mixin.py:188} INFO - [2025-07-04T12:29:04.192+0530] {dag.py:3036} INFO - Sync 1 DAGs
[2025-07-04T12:29:04.202+0530] {logging_mixin.py:188} INFO - [2025-07-04T12:29:04.201+0530] {dag.py:3823} INFO - Setting next_dagrun for example_skip_dag to 2025-07-03 00:00:00+00:00, run_after=2025-07-04 00:00:00+00:00
[2025-07-04T12:29:04.219+0530] {processor.py:183} INFO - Processing /home/tejhanagarajan/Projects/small-projects/NewsImpact/venv/lib64/python3.10/site-packages/airflow/example_dags/example_skip_dag.py took 0.044 seconds
[2025-07-04T12:29:55.642+0530] {processor.py:161} INFO - Started process (PID=26773) to work on /home/tejhanagarajan/Projects/small-projects/NewsImpact/venv/lib64/python3.10/site-packages/airflow/example_dags/example_skip_dag.py
[2025-07-04T12:29:55.645+0530] {processor.py:830} INFO - Processing file /home/tejhanagarajan/Projects/small-projects/NewsImpact/venv/lib64/python3.10/site-packages/airflow/example_dags/example_skip_dag.py for tasks to queue
[2025-07-04T12:29:55.646+0530] {logging_mixin.py:188} INFO - [2025-07-04T12:29:55.646+0530] {dagbag.py:538} INFO - Filling up the DagBag from /home/tejhanagarajan/Projects/small-projects/NewsImpact/venv/lib64/python3.10/site-packages/airflow/example_dags/example_skip_dag.py
[2025-07-04T12:29:55.650+0530] {processor.py:840} INFO - DAG(s) 'example_skip_dag' retrieved from /home/tejhanagarajan/Projects/small-projects/NewsImpact/venv/lib64/python3.10/site-packages/airflow/example_dags/example_skip_dag.py
[2025-07-04T12:29:55.658+0530] {logging_mixin.py:188} INFO - [2025-07-04T12:29:55.658+0530] {dag.py:3036} INFO - Sync 1 DAGs
[2025-07-04T12:29:55.666+0530] {logging_mixin.py:188} INFO - [2025-07-04T12:29:55.665+0530] {dag.py:3823} INFO - Setting next_dagrun for example_skip_dag to 2025-07-03 00:00:00+00:00, run_after=2025-07-04 00:00:00+00:00
[2025-07-04T12:29:55.682+0530] {processor.py:183} INFO - Processing /home/tejhanagarajan/Projects/small-projects/NewsImpact/venv/lib64/python3.10/site-packages/airflow/example_dags/example_skip_dag.py took 0.042 seconds
[2025-07-04T12:30:48.649+0530] {processor.py:161} INFO - Started process (PID=27129) to work on /home/tejhanagarajan/Projects/small-projects/NewsImpact/venv/lib64/python3.10/site-packages/airflow/example_dags/example_skip_dag.py
[2025-07-04T12:30:48.651+0530] {processor.py:830} INFO - Processing file /home/tejhanagarajan/Projects/small-projects/NewsImpact/venv/lib64/python3.10/site-packages/airflow/example_dags/example_skip_dag.py for tasks to queue
[2025-07-04T12:30:48.651+0530] {logging_mixin.py:188} INFO - [2025-07-04T12:30:48.651+0530] {dagbag.py:538} INFO - Filling up the DagBag from /home/tejhanagarajan/Projects/small-projects/NewsImpact/venv/lib64/python3.10/site-packages/airflow/example_dags/example_skip_dag.py
[2025-07-04T12:30:48.656+0530] {processor.py:840} INFO - DAG(s) 'example_skip_dag' retrieved from /home/tejhanagarajan/Projects/small-projects/NewsImpact/venv/lib64/python3.10/site-packages/airflow/example_dags/example_skip_dag.py
[2025-07-04T12:30:48.667+0530] {logging_mixin.py:188} INFO - [2025-07-04T12:30:48.666+0530] {dag.py:3036} INFO - Sync 1 DAGs
[2025-07-04T12:30:48.675+0530] {logging_mixin.py:188} INFO - [2025-07-04T12:30:48.675+0530] {dag.py:3823} INFO - Setting next_dagrun for example_skip_dag to 2025-07-03 00:00:00+00:00, run_after=2025-07-04 00:00:00+00:00
[2025-07-04T12:30:48.692+0530] {processor.py:183} INFO - Processing /home/tejhanagarajan/Projects/small-projects/NewsImpact/venv/lib64/python3.10/site-packages/airflow/example_dags/example_skip_dag.py took 0.045 seconds
[2025-07-04T12:33:10.787+0530] {processor.py:161} INFO - Started process (PID=30090) to work on /home/tejhanagarajan/Projects/small-projects/NewsImpact/venv/lib64/python3.10/site-packages/airflow/example_dags/example_skip_dag.py
[2025-07-04T12:33:10.789+0530] {processor.py:830} INFO - Processing file /home/tejhanagarajan/Projects/small-projects/NewsImpact/venv/lib64/python3.10/site-packages/airflow/example_dags/example_skip_dag.py for tasks to queue
[2025-07-04T12:33:10.790+0530] {logging_mixin.py:188} INFO - [2025-07-04T12:33:10.789+0530] {dagbag.py:538} INFO - Filling up the DagBag from /home/tejhanagarajan/Projects/small-projects/NewsImpact/venv/lib64/python3.10/site-packages/airflow/example_dags/example_skip_dag.py
[2025-07-04T12:33:10.795+0530] {processor.py:840} INFO - DAG(s) 'example_skip_dag' retrieved from /home/tejhanagarajan/Projects/small-projects/NewsImpact/venv/lib64/python3.10/site-packages/airflow/example_dags/example_skip_dag.py
[2025-07-04T12:33:10.805+0530] {logging_mixin.py:188} INFO - [2025-07-04T12:33:10.804+0530] {dag.py:3036} INFO - Sync 1 DAGs
[2025-07-04T12:33:10.813+0530] {logging_mixin.py:188} INFO - [2025-07-04T12:33:10.813+0530] {dag.py:3823} INFO - Setting next_dagrun for example_skip_dag to 2025-07-03 00:00:00+00:00, run_after=2025-07-04 00:00:00+00:00
[2025-07-04T12:33:10.831+0530] {processor.py:183} INFO - Processing /home/tejhanagarajan/Projects/small-projects/NewsImpact/venv/lib64/python3.10/site-packages/airflow/example_dags/example_skip_dag.py took 0.047 seconds
[2025-07-04T12:33:57.149+0530] {processor.py:161} INFO - Started process (PID=30441) to work on /home/tejhanagarajan/Projects/small-projects/NewsImpact/venv/lib64/python3.10/site-packages/airflow/example_dags/example_skip_dag.py
[2025-07-04T12:33:57.153+0530] {processor.py:830} INFO - Processing file /home/tejhanagarajan/Projects/small-projects/NewsImpact/venv/lib64/python3.10/site-packages/airflow/example_dags/example_skip_dag.py for tasks to queue
[2025-07-04T12:33:57.155+0530] {logging_mixin.py:188} INFO - [2025-07-04T12:33:57.154+0530] {dagbag.py:538} INFO - Filling up the DagBag from /home/tejhanagarajan/Projects/small-projects/NewsImpact/venv/lib64/python3.10/site-packages/airflow/example_dags/example_skip_dag.py
[2025-07-04T12:33:57.161+0530] {processor.py:840} INFO - DAG(s) 'example_skip_dag' retrieved from /home/tejhanagarajan/Projects/small-projects/NewsImpact/venv/lib64/python3.10/site-packages/airflow/example_dags/example_skip_dag.py
[2025-07-04T12:33:57.168+0530] {logging_mixin.py:188} INFO - [2025-07-04T12:33:57.167+0530] {dag.py:3036} INFO - Sync 1 DAGs
[2025-07-04T12:33:57.175+0530] {logging_mixin.py:188} INFO - [2025-07-04T12:33:57.175+0530] {dag.py:3823} INFO - Setting next_dagrun for example_skip_dag to 2025-07-03 00:00:00+00:00, run_after=2025-07-04 00:00:00+00:00
[2025-07-04T12:33:57.190+0530] {processor.py:183} INFO - Processing /home/tejhanagarajan/Projects/small-projects/NewsImpact/venv/lib64/python3.10/site-packages/airflow/example_dags/example_skip_dag.py took 0.044 seconds
[2025-07-04T12:34:44.669+0530] {processor.py:161} INFO - Started process (PID=31023) to work on /home/tejhanagarajan/Projects/small-projects/NewsImpact/venv/lib64/python3.10/site-packages/airflow/example_dags/example_skip_dag.py
[2025-07-04T12:34:44.671+0530] {processor.py:830} INFO - Processing file /home/tejhanagarajan/Projects/small-projects/NewsImpact/venv/lib64/python3.10/site-packages/airflow/example_dags/example_skip_dag.py for tasks to queue
[2025-07-04T12:34:44.671+0530] {logging_mixin.py:188} INFO - [2025-07-04T12:34:44.671+0530] {dagbag.py:538} INFO - Filling up the DagBag from /home/tejhanagarajan/Projects/small-projects/NewsImpact/venv/lib64/python3.10/site-packages/airflow/example_dags/example_skip_dag.py
[2025-07-04T12:34:44.675+0530] {processor.py:840} INFO - DAG(s) 'example_skip_dag' retrieved from /home/tejhanagarajan/Projects/small-projects/NewsImpact/venv/lib64/python3.10/site-packages/airflow/example_dags/example_skip_dag.py
[2025-07-04T12:34:44.682+0530] {logging_mixin.py:188} INFO - [2025-07-04T12:34:44.682+0530] {dag.py:3036} INFO - Sync 1 DAGs
[2025-07-04T12:34:44.690+0530] {logging_mixin.py:188} INFO - [2025-07-04T12:34:44.690+0530] {dag.py:3823} INFO - Setting next_dagrun for example_skip_dag to 2025-07-03 00:00:00+00:00, run_after=2025-07-04 00:00:00+00:00
[2025-07-04T12:34:44.706+0530] {processor.py:183} INFO - Processing /home/tejhanagarajan/Projects/small-projects/NewsImpact/venv/lib64/python3.10/site-packages/airflow/example_dags/example_skip_dag.py took 0.039 seconds
[2025-07-04T12:35:36.773+0530] {processor.py:161} INFO - Started process (PID=31471) to work on /home/tejhanagarajan/Projects/small-projects/NewsImpact/venv/lib64/python3.10/site-packages/airflow/example_dags/example_skip_dag.py
[2025-07-04T12:35:36.775+0530] {processor.py:830} INFO - Processing file /home/tejhanagarajan/Projects/small-projects/NewsImpact/venv/lib64/python3.10/site-packages/airflow/example_dags/example_skip_dag.py for tasks to queue
[2025-07-04T12:35:36.776+0530] {logging_mixin.py:188} INFO - [2025-07-04T12:35:36.776+0530] {dagbag.py:538} INFO - Filling up the DagBag from /home/tejhanagarajan/Projects/small-projects/NewsImpact/venv/lib64/python3.10/site-packages/airflow/example_dags/example_skip_dag.py
[2025-07-04T12:35:36.782+0530] {processor.py:840} INFO - DAG(s) 'example_skip_dag' retrieved from /home/tejhanagarajan/Projects/small-projects/NewsImpact/venv/lib64/python3.10/site-packages/airflow/example_dags/example_skip_dag.py
[2025-07-04T12:35:36.789+0530] {logging_mixin.py:188} INFO - [2025-07-04T12:35:36.789+0530] {dag.py:3036} INFO - Sync 1 DAGs
[2025-07-04T12:35:36.797+0530] {logging_mixin.py:188} INFO - [2025-07-04T12:35:36.797+0530] {dag.py:3823} INFO - Setting next_dagrun for example_skip_dag to 2025-07-03 00:00:00+00:00, run_after=2025-07-04 00:00:00+00:00
[2025-07-04T12:35:36.813+0530] {processor.py:183} INFO - Processing /home/tejhanagarajan/Projects/small-projects/NewsImpact/venv/lib64/python3.10/site-packages/airflow/example_dags/example_skip_dag.py took 0.042 seconds
[2025-07-04T12:36:31.570+0530] {processor.py:161} INFO - Started process (PID=31872) to work on /home/tejhanagarajan/Projects/small-projects/NewsImpact/venv/lib64/python3.10/site-packages/airflow/example_dags/example_skip_dag.py
[2025-07-04T12:36:31.573+0530] {processor.py:830} INFO - Processing file /home/tejhanagarajan/Projects/small-projects/NewsImpact/venv/lib64/python3.10/site-packages/airflow/example_dags/example_skip_dag.py for tasks to queue
[2025-07-04T12:36:31.573+0530] {logging_mixin.py:188} INFO - [2025-07-04T12:36:31.573+0530] {dagbag.py:538} INFO - Filling up the DagBag from /home/tejhanagarajan/Projects/small-projects/NewsImpact/venv/lib64/python3.10/site-packages/airflow/example_dags/example_skip_dag.py
[2025-07-04T12:36:31.580+0530] {processor.py:840} INFO - DAG(s) 'example_skip_dag' retrieved from /home/tejhanagarajan/Projects/small-projects/NewsImpact/venv/lib64/python3.10/site-packages/airflow/example_dags/example_skip_dag.py
[2025-07-04T12:36:31.590+0530] {logging_mixin.py:188} INFO - [2025-07-04T12:36:31.590+0530] {dag.py:3036} INFO - Sync 1 DAGs
[2025-07-04T12:36:31.598+0530] {logging_mixin.py:188} INFO - [2025-07-04T12:36:31.598+0530] {dag.py:3823} INFO - Setting next_dagrun for example_skip_dag to 2025-07-03 00:00:00+00:00, run_after=2025-07-04 00:00:00+00:00
[2025-07-04T12:36:31.616+0530] {processor.py:183} INFO - Processing /home/tejhanagarajan/Projects/small-projects/NewsImpact/venv/lib64/python3.10/site-packages/airflow/example_dags/example_skip_dag.py took 0.048 seconds
[2025-07-04T12:37:19.486+0530] {processor.py:161} INFO - Started process (PID=32368) to work on /home/tejhanagarajan/Projects/small-projects/NewsImpact/venv/lib64/python3.10/site-packages/airflow/example_dags/example_skip_dag.py
[2025-07-04T12:37:19.488+0530] {processor.py:830} INFO - Processing file /home/tejhanagarajan/Projects/small-projects/NewsImpact/venv/lib64/python3.10/site-packages/airflow/example_dags/example_skip_dag.py for tasks to queue
[2025-07-04T12:37:19.489+0530] {logging_mixin.py:188} INFO - [2025-07-04T12:37:19.489+0530] {dagbag.py:538} INFO - Filling up the DagBag from /home/tejhanagarajan/Projects/small-projects/NewsImpact/venv/lib64/python3.10/site-packages/airflow/example_dags/example_skip_dag.py
[2025-07-04T12:37:19.492+0530] {processor.py:840} INFO - DAG(s) 'example_skip_dag' retrieved from /home/tejhanagarajan/Projects/small-projects/NewsImpact/venv/lib64/python3.10/site-packages/airflow/example_dags/example_skip_dag.py
[2025-07-04T12:37:19.499+0530] {logging_mixin.py:188} INFO - [2025-07-04T12:37:19.499+0530] {dag.py:3036} INFO - Sync 1 DAGs
[2025-07-04T12:37:19.507+0530] {logging_mixin.py:188} INFO - [2025-07-04T12:37:19.507+0530] {dag.py:3823} INFO - Setting next_dagrun for example_skip_dag to 2025-07-03 00:00:00+00:00, run_after=2025-07-04 00:00:00+00:00
[2025-07-04T12:37:19.523+0530] {processor.py:183} INFO - Processing /home/tejhanagarajan/Projects/small-projects/NewsImpact/venv/lib64/python3.10/site-packages/airflow/example_dags/example_skip_dag.py took 0.039 seconds
[2025-07-04T12:38:09.709+0530] {processor.py:161} INFO - Started process (PID=34764) to work on /home/tejhanagarajan/Projects/small-projects/NewsImpact/venv/lib64/python3.10/site-packages/airflow/example_dags/example_skip_dag.py
[2025-07-04T12:38:09.711+0530] {processor.py:830} INFO - Processing file /home/tejhanagarajan/Projects/small-projects/NewsImpact/venv/lib64/python3.10/site-packages/airflow/example_dags/example_skip_dag.py for tasks to queue
[2025-07-04T12:38:09.712+0530] {logging_mixin.py:188} INFO - [2025-07-04T12:38:09.712+0530] {dagbag.py:538} INFO - Filling up the DagBag from /home/tejhanagarajan/Projects/small-projects/NewsImpact/venv/lib64/python3.10/site-packages/airflow/example_dags/example_skip_dag.py
[2025-07-04T12:38:09.717+0530] {processor.py:840} INFO - DAG(s) 'example_skip_dag' retrieved from /home/tejhanagarajan/Projects/small-projects/NewsImpact/venv/lib64/python3.10/site-packages/airflow/example_dags/example_skip_dag.py
[2025-07-04T12:38:09.725+0530] {logging_mixin.py:188} INFO - [2025-07-04T12:38:09.725+0530] {dag.py:3036} INFO - Sync 1 DAGs
[2025-07-04T12:38:09.734+0530] {logging_mixin.py:188} INFO - [2025-07-04T12:38:09.734+0530] {dag.py:3823} INFO - Setting next_dagrun for example_skip_dag to 2025-07-03 00:00:00+00:00, run_after=2025-07-04 00:00:00+00:00
[2025-07-04T12:38:09.750+0530] {processor.py:183} INFO - Processing /home/tejhanagarajan/Projects/small-projects/NewsImpact/venv/lib64/python3.10/site-packages/airflow/example_dags/example_skip_dag.py took 0.042 seconds
[2025-07-04T12:38:12.860+0530] {processor.py:161} INFO - Started process (PID=34785) to work on /home/tejhanagarajan/Projects/small-projects/NewsImpact/venv/lib64/python3.10/site-packages/airflow/example_dags/example_skip_dag.py
[2025-07-04T12:38:12.860+0530] {processor.py:830} INFO - Processing file /home/tejhanagarajan/Projects/small-projects/NewsImpact/venv/lib64/python3.10/site-packages/airflow/example_dags/example_skip_dag.py for tasks to queue
[2025-07-04T12:38:12.860+0530] {logging_mixin.py:188} INFO - [2025-07-04T12:38:12.860+0530] {dagbag.py:538} INFO - Filling up the DagBag from /home/tejhanagarajan/Projects/small-projects/NewsImpact/venv/lib64/python3.10/site-packages/airflow/example_dags/example_skip_dag.py
[2025-07-04T12:38:12.865+0530] {processor.py:840} INFO - DAG(s) 'example_skip_dag' retrieved from /home/tejhanagarajan/Projects/small-projects/NewsImpact/venv/lib64/python3.10/site-packages/airflow/example_dags/example_skip_dag.py
[2025-07-04T12:38:12.877+0530] {logging_mixin.py:188} INFO - [2025-07-04T12:38:12.876+0530] {dag.py:3036} INFO - Sync 1 DAGs
[2025-07-04T12:38:12.885+0530] {logging_mixin.py:188} INFO - [2025-07-04T12:38:12.885+0530] {dag.py:3823} INFO - Setting next_dagrun for example_skip_dag to 2025-07-03 00:00:00+00:00, run_after=2025-07-04 00:00:00+00:00
[2025-07-04T12:38:12.902+0530] {processor.py:183} INFO - Processing /home/tejhanagarajan/Projects/small-projects/NewsImpact/venv/lib64/python3.10/site-packages/airflow/example_dags/example_skip_dag.py took 0.044 seconds
[2025-07-04T12:38:59.753+0530] {processor.py:161} INFO - Started process (PID=35184) to work on /home/tejhanagarajan/Projects/small-projects/NewsImpact/venv/lib64/python3.10/site-packages/airflow/example_dags/example_skip_dag.py
[2025-07-04T12:38:59.756+0530] {processor.py:830} INFO - Processing file /home/tejhanagarajan/Projects/small-projects/NewsImpact/venv/lib64/python3.10/site-packages/airflow/example_dags/example_skip_dag.py for tasks to queue
[2025-07-04T12:38:59.756+0530] {logging_mixin.py:188} INFO - [2025-07-04T12:38:59.756+0530] {dagbag.py:538} INFO - Filling up the DagBag from /home/tejhanagarajan/Projects/small-projects/NewsImpact/venv/lib64/python3.10/site-packages/airflow/example_dags/example_skip_dag.py
[2025-07-04T12:38:59.761+0530] {processor.py:840} INFO - DAG(s) 'example_skip_dag' retrieved from /home/tejhanagarajan/Projects/small-projects/NewsImpact/venv/lib64/python3.10/site-packages/airflow/example_dags/example_skip_dag.py
[2025-07-04T12:38:59.770+0530] {logging_mixin.py:188} INFO - [2025-07-04T12:38:59.770+0530] {dag.py:3036} INFO - Sync 1 DAGs
[2025-07-04T12:38:59.779+0530] {logging_mixin.py:188} INFO - [2025-07-04T12:38:59.779+0530] {dag.py:3823} INFO - Setting next_dagrun for example_skip_dag to 2025-07-03 00:00:00+00:00, run_after=2025-07-04 00:00:00+00:00
[2025-07-04T12:38:59.798+0530] {processor.py:183} INFO - Processing /home/tejhanagarajan/Projects/small-projects/NewsImpact/venv/lib64/python3.10/site-packages/airflow/example_dags/example_skip_dag.py took 0.047 seconds
[2025-07-04T12:39:00.365+0530] {processor.py:161} INFO - Started process (PID=35197) to work on /home/tejhanagarajan/Projects/small-projects/NewsImpact/venv/lib64/python3.10/site-packages/airflow/example_dags/example_skip_dag.py
[2025-07-04T12:39:00.366+0530] {processor.py:830} INFO - Processing file /home/tejhanagarajan/Projects/small-projects/NewsImpact/venv/lib64/python3.10/site-packages/airflow/example_dags/example_skip_dag.py for tasks to queue
[2025-07-04T12:39:00.366+0530] {logging_mixin.py:188} INFO - [2025-07-04T12:39:00.366+0530] {dagbag.py:538} INFO - Filling up the DagBag from /home/tejhanagarajan/Projects/small-projects/NewsImpact/venv/lib64/python3.10/site-packages/airflow/example_dags/example_skip_dag.py
[2025-07-04T12:39:00.369+0530] {processor.py:840} INFO - DAG(s) 'example_skip_dag' retrieved from /home/tejhanagarajan/Projects/small-projects/NewsImpact/venv/lib64/python3.10/site-packages/airflow/example_dags/example_skip_dag.py
[2025-07-04T12:39:00.377+0530] {logging_mixin.py:188} INFO - [2025-07-04T12:39:00.377+0530] {dag.py:3036} INFO - Sync 1 DAGs
[2025-07-04T12:39:00.385+0530] {logging_mixin.py:188} INFO - [2025-07-04T12:39:00.385+0530] {dag.py:3823} INFO - Setting next_dagrun for example_skip_dag to 2025-07-03 00:00:00+00:00, run_after=2025-07-04 00:00:00+00:00
[2025-07-04T12:39:00.403+0530] {processor.py:183} INFO - Processing /home/tejhanagarajan/Projects/small-projects/NewsImpact/venv/lib64/python3.10/site-packages/airflow/example_dags/example_skip_dag.py took 0.040 seconds
[2025-07-04T12:39:47.287+0530] {processor.py:161} INFO - Started process (PID=35639) to work on /home/tejhanagarajan/Projects/small-projects/NewsImpact/venv/lib64/python3.10/site-packages/airflow/example_dags/example_skip_dag.py
[2025-07-04T12:39:47.288+0530] {processor.py:830} INFO - Processing file /home/tejhanagarajan/Projects/small-projects/NewsImpact/venv/lib64/python3.10/site-packages/airflow/example_dags/example_skip_dag.py for tasks to queue
[2025-07-04T12:39:47.289+0530] {logging_mixin.py:188} INFO - [2025-07-04T12:39:47.288+0530] {dagbag.py:538} INFO - Filling up the DagBag from /home/tejhanagarajan/Projects/small-projects/NewsImpact/venv/lib64/python3.10/site-packages/airflow/example_dags/example_skip_dag.py
[2025-07-04T12:39:47.294+0530] {processor.py:840} INFO - DAG(s) 'example_skip_dag' retrieved from /home/tejhanagarajan/Projects/small-projects/NewsImpact/venv/lib64/python3.10/site-packages/airflow/example_dags/example_skip_dag.py
[2025-07-04T12:39:47.318+0530] {logging_mixin.py:188} INFO - [2025-07-04T12:39:47.317+0530] {dag.py:3036} INFO - Sync 1 DAGs
[2025-07-04T12:39:47.329+0530] {logging_mixin.py:188} INFO - [2025-07-04T12:39:47.329+0530] {dag.py:3823} INFO - Setting next_dagrun for example_skip_dag to 2025-07-03 00:00:00+00:00, run_after=2025-07-04 00:00:00+00:00
[2025-07-04T12:39:47.346+0530] {processor.py:183} INFO - Processing /home/tejhanagarajan/Projects/small-projects/NewsImpact/venv/lib64/python3.10/site-packages/airflow/example_dags/example_skip_dag.py took 0.061 seconds
[2025-07-04T12:39:54.030+0530] {processor.py:161} INFO - Started process (PID=35708) to work on /home/tejhanagarajan/Projects/small-projects/NewsImpact/venv/lib64/python3.10/site-packages/airflow/example_dags/example_skip_dag.py
[2025-07-04T12:39:54.031+0530] {processor.py:830} INFO - Processing file /home/tejhanagarajan/Projects/small-projects/NewsImpact/venv/lib64/python3.10/site-packages/airflow/example_dags/example_skip_dag.py for tasks to queue
[2025-07-04T12:39:54.031+0530] {logging_mixin.py:188} INFO - [2025-07-04T12:39:54.031+0530] {dagbag.py:538} INFO - Filling up the DagBag from /home/tejhanagarajan/Projects/small-projects/NewsImpact/venv/lib64/python3.10/site-packages/airflow/example_dags/example_skip_dag.py
[2025-07-04T12:39:54.035+0530] {processor.py:840} INFO - DAG(s) 'example_skip_dag' retrieved from /home/tejhanagarajan/Projects/small-projects/NewsImpact/venv/lib64/python3.10/site-packages/airflow/example_dags/example_skip_dag.py
[2025-07-04T12:39:54.043+0530] {logging_mixin.py:188} INFO - [2025-07-04T12:39:54.043+0530] {dag.py:3036} INFO - Sync 1 DAGs
[2025-07-04T12:39:54.052+0530] {logging_mixin.py:188} INFO - [2025-07-04T12:39:54.052+0530] {dag.py:3823} INFO - Setting next_dagrun for example_skip_dag to 2025-07-03 00:00:00+00:00, run_after=2025-07-04 00:00:00+00:00
[2025-07-04T12:39:54.069+0530] {processor.py:183} INFO - Processing /home/tejhanagarajan/Projects/small-projects/NewsImpact/venv/lib64/python3.10/site-packages/airflow/example_dags/example_skip_dag.py took 0.041 seconds
[2025-07-04T12:42:14.916+0530] {processor.py:161} INFO - Started process (PID=37890) to work on /home/tejhanagarajan/Projects/small-projects/NewsImpact/venv/lib64/python3.10/site-packages/airflow/example_dags/example_skip_dag.py
[2025-07-04T12:42:14.919+0530] {processor.py:830} INFO - Processing file /home/tejhanagarajan/Projects/small-projects/NewsImpact/venv/lib64/python3.10/site-packages/airflow/example_dags/example_skip_dag.py for tasks to queue
[2025-07-04T12:42:14.919+0530] {logging_mixin.py:188} INFO - [2025-07-04T12:42:14.919+0530] {dagbag.py:538} INFO - Filling up the DagBag from /home/tejhanagarajan/Projects/small-projects/NewsImpact/venv/lib64/python3.10/site-packages/airflow/example_dags/example_skip_dag.py
[2025-07-04T12:42:14.923+0530] {processor.py:840} INFO - DAG(s) 'example_skip_dag' retrieved from /home/tejhanagarajan/Projects/small-projects/NewsImpact/venv/lib64/python3.10/site-packages/airflow/example_dags/example_skip_dag.py
[2025-07-04T12:42:14.931+0530] {logging_mixin.py:188} INFO - [2025-07-04T12:42:14.931+0530] {dag.py:3036} INFO - Sync 1 DAGs
[2025-07-04T12:42:14.939+0530] {logging_mixin.py:188} INFO - [2025-07-04T12:42:14.939+0530] {dag.py:3823} INFO - Setting next_dagrun for example_skip_dag to 2025-07-03 00:00:00+00:00, run_after=2025-07-04 00:00:00+00:00
[2025-07-04T12:42:14.954+0530] {processor.py:183} INFO - Processing /home/tejhanagarajan/Projects/small-projects/NewsImpact/venv/lib64/python3.10/site-packages/airflow/example_dags/example_skip_dag.py took 0.040 seconds
[2025-07-04T12:43:00.109+0530] {processor.py:161} INFO - Started process (PID=38226) to work on /home/tejhanagarajan/Projects/small-projects/NewsImpact/venv/lib64/python3.10/site-packages/airflow/example_dags/example_skip_dag.py
[2025-07-04T12:43:00.111+0530] {processor.py:830} INFO - Processing file /home/tejhanagarajan/Projects/small-projects/NewsImpact/venv/lib64/python3.10/site-packages/airflow/example_dags/example_skip_dag.py for tasks to queue
[2025-07-04T12:43:00.112+0530] {logging_mixin.py:188} INFO - [2025-07-04T12:43:00.111+0530] {dagbag.py:538} INFO - Filling up the DagBag from /home/tejhanagarajan/Projects/small-projects/NewsImpact/venv/lib64/python3.10/site-packages/airflow/example_dags/example_skip_dag.py
[2025-07-04T12:43:00.115+0530] {processor.py:840} INFO - DAG(s) 'example_skip_dag' retrieved from /home/tejhanagarajan/Projects/small-projects/NewsImpact/venv/lib64/python3.10/site-packages/airflow/example_dags/example_skip_dag.py
[2025-07-04T12:43:00.122+0530] {logging_mixin.py:188} INFO - [2025-07-04T12:43:00.122+0530] {dag.py:3036} INFO - Sync 1 DAGs
[2025-07-04T12:43:00.129+0530] {logging_mixin.py:188} INFO - [2025-07-04T12:43:00.129+0530] {dag.py:3823} INFO - Setting next_dagrun for example_skip_dag to 2025-07-03 00:00:00+00:00, run_after=2025-07-04 00:00:00+00:00
[2025-07-04T12:43:00.145+0530] {processor.py:183} INFO - Processing /home/tejhanagarajan/Projects/small-projects/NewsImpact/venv/lib64/python3.10/site-packages/airflow/example_dags/example_skip_dag.py took 0.037 seconds
[2025-07-04T12:43:48.276+0530] {processor.py:161} INFO - Started process (PID=38620) to work on /home/tejhanagarajan/Projects/small-projects/NewsImpact/venv/lib64/python3.10/site-packages/airflow/example_dags/example_skip_dag.py
[2025-07-04T12:43:48.279+0530] {processor.py:830} INFO - Processing file /home/tejhanagarajan/Projects/small-projects/NewsImpact/venv/lib64/python3.10/site-packages/airflow/example_dags/example_skip_dag.py for tasks to queue
[2025-07-04T12:43:48.280+0530] {logging_mixin.py:188} INFO - [2025-07-04T12:43:48.280+0530] {dagbag.py:538} INFO - Filling up the DagBag from /home/tejhanagarajan/Projects/small-projects/NewsImpact/venv/lib64/python3.10/site-packages/airflow/example_dags/example_skip_dag.py
[2025-07-04T12:43:48.286+0530] {processor.py:840} INFO - DAG(s) 'example_skip_dag' retrieved from /home/tejhanagarajan/Projects/small-projects/NewsImpact/venv/lib64/python3.10/site-packages/airflow/example_dags/example_skip_dag.py
[2025-07-04T12:43:48.293+0530] {logging_mixin.py:188} INFO - [2025-07-04T12:43:48.293+0530] {dag.py:3036} INFO - Sync 1 DAGs
[2025-07-04T12:43:48.301+0530] {logging_mixin.py:188} INFO - [2025-07-04T12:43:48.301+0530] {dag.py:3823} INFO - Setting next_dagrun for example_skip_dag to 2025-07-03 00:00:00+00:00, run_after=2025-07-04 00:00:00+00:00
[2025-07-04T12:43:48.317+0530] {processor.py:183} INFO - Processing /home/tejhanagarajan/Projects/small-projects/NewsImpact/venv/lib64/python3.10/site-packages/airflow/example_dags/example_skip_dag.py took 0.043 seconds
[2025-07-04T12:44:39.725+0530] {processor.py:161} INFO - Started process (PID=38990) to work on /home/tejhanagarajan/Projects/small-projects/NewsImpact/venv/lib64/python3.10/site-packages/airflow/example_dags/example_skip_dag.py
[2025-07-04T12:44:39.727+0530] {processor.py:830} INFO - Processing file /home/tejhanagarajan/Projects/small-projects/NewsImpact/venv/lib64/python3.10/site-packages/airflow/example_dags/example_skip_dag.py for tasks to queue
[2025-07-04T12:44:39.728+0530] {logging_mixin.py:188} INFO - [2025-07-04T12:44:39.727+0530] {dagbag.py:538} INFO - Filling up the DagBag from /home/tejhanagarajan/Projects/small-projects/NewsImpact/venv/lib64/python3.10/site-packages/airflow/example_dags/example_skip_dag.py
[2025-07-04T12:44:39.731+0530] {processor.py:840} INFO - DAG(s) 'example_skip_dag' retrieved from /home/tejhanagarajan/Projects/small-projects/NewsImpact/venv/lib64/python3.10/site-packages/airflow/example_dags/example_skip_dag.py
[2025-07-04T12:44:39.738+0530] {logging_mixin.py:188} INFO - [2025-07-04T12:44:39.738+0530] {dag.py:3036} INFO - Sync 1 DAGs
[2025-07-04T12:44:39.746+0530] {logging_mixin.py:188} INFO - [2025-07-04T12:44:39.746+0530] {dag.py:3823} INFO - Setting next_dagrun for example_skip_dag to 2025-07-03 00:00:00+00:00, run_after=2025-07-04 00:00:00+00:00
[2025-07-04T12:44:39.762+0530] {processor.py:183} INFO - Processing /home/tejhanagarajan/Projects/small-projects/NewsImpact/venv/lib64/python3.10/site-packages/airflow/example_dags/example_skip_dag.py took 0.039 seconds
[2025-07-04T12:45:31.295+0530] {processor.py:161} INFO - Started process (PID=39375) to work on /home/tejhanagarajan/Projects/small-projects/NewsImpact/venv/lib64/python3.10/site-packages/airflow/example_dags/example_skip_dag.py
[2025-07-04T12:45:31.297+0530] {processor.py:830} INFO - Processing file /home/tejhanagarajan/Projects/small-projects/NewsImpact/venv/lib64/python3.10/site-packages/airflow/example_dags/example_skip_dag.py for tasks to queue
[2025-07-04T12:45:31.298+0530] {logging_mixin.py:188} INFO - [2025-07-04T12:45:31.297+0530] {dagbag.py:538} INFO - Filling up the DagBag from /home/tejhanagarajan/Projects/small-projects/NewsImpact/venv/lib64/python3.10/site-packages/airflow/example_dags/example_skip_dag.py
[2025-07-04T12:45:31.303+0530] {processor.py:840} INFO - DAG(s) 'example_skip_dag' retrieved from /home/tejhanagarajan/Projects/small-projects/NewsImpact/venv/lib64/python3.10/site-packages/airflow/example_dags/example_skip_dag.py
[2025-07-04T12:45:31.311+0530] {logging_mixin.py:188} INFO - [2025-07-04T12:45:31.311+0530] {dag.py:3036} INFO - Sync 1 DAGs
[2025-07-04T12:45:31.319+0530] {logging_mixin.py:188} INFO - [2025-07-04T12:45:31.319+0530] {dag.py:3823} INFO - Setting next_dagrun for example_skip_dag to 2025-07-03 00:00:00+00:00, run_after=2025-07-04 00:00:00+00:00
[2025-07-04T12:45:31.335+0530] {processor.py:183} INFO - Processing /home/tejhanagarajan/Projects/small-projects/NewsImpact/venv/lib64/python3.10/site-packages/airflow/example_dags/example_skip_dag.py took 0.042 seconds
[2025-07-04T12:46:25.146+0530] {processor.py:161} INFO - Started process (PID=39753) to work on /home/tejhanagarajan/Projects/small-projects/NewsImpact/venv/lib64/python3.10/site-packages/airflow/example_dags/example_skip_dag.py
[2025-07-04T12:46:25.149+0530] {processor.py:830} INFO - Processing file /home/tejhanagarajan/Projects/small-projects/NewsImpact/venv/lib64/python3.10/site-packages/airflow/example_dags/example_skip_dag.py for tasks to queue
[2025-07-04T12:46:25.149+0530] {logging_mixin.py:188} INFO - [2025-07-04T12:46:25.149+0530] {dagbag.py:538} INFO - Filling up the DagBag from /home/tejhanagarajan/Projects/small-projects/NewsImpact/venv/lib64/python3.10/site-packages/airflow/example_dags/example_skip_dag.py
[2025-07-04T12:46:25.152+0530] {processor.py:840} INFO - DAG(s) 'example_skip_dag' retrieved from /home/tejhanagarajan/Projects/small-projects/NewsImpact/venv/lib64/python3.10/site-packages/airflow/example_dags/example_skip_dag.py
[2025-07-04T12:46:25.159+0530] {logging_mixin.py:188} INFO - [2025-07-04T12:46:25.159+0530] {dag.py:3036} INFO - Sync 1 DAGs
[2025-07-04T12:46:25.167+0530] {logging_mixin.py:188} INFO - [2025-07-04T12:46:25.167+0530] {dag.py:3823} INFO - Setting next_dagrun for example_skip_dag to 2025-07-03 00:00:00+00:00, run_after=2025-07-04 00:00:00+00:00
[2025-07-04T12:46:25.184+0530] {processor.py:183} INFO - Processing /home/tejhanagarajan/Projects/small-projects/NewsImpact/venv/lib64/python3.10/site-packages/airflow/example_dags/example_skip_dag.py took 0.039 seconds
[2025-07-04T12:47:17.669+0530] {processor.py:161} INFO - Started process (PID=40139) to work on /home/tejhanagarajan/Projects/small-projects/NewsImpact/venv/lib64/python3.10/site-packages/airflow/example_dags/example_skip_dag.py
[2025-07-04T12:47:17.670+0530] {processor.py:830} INFO - Processing file /home/tejhanagarajan/Projects/small-projects/NewsImpact/venv/lib64/python3.10/site-packages/airflow/example_dags/example_skip_dag.py for tasks to queue
[2025-07-04T12:47:17.671+0530] {logging_mixin.py:188} INFO - [2025-07-04T12:47:17.670+0530] {dagbag.py:538} INFO - Filling up the DagBag from /home/tejhanagarajan/Projects/small-projects/NewsImpact/venv/lib64/python3.10/site-packages/airflow/example_dags/example_skip_dag.py
[2025-07-04T12:47:17.675+0530] {processor.py:840} INFO - DAG(s) 'example_skip_dag' retrieved from /home/tejhanagarajan/Projects/small-projects/NewsImpact/venv/lib64/python3.10/site-packages/airflow/example_dags/example_skip_dag.py
[2025-07-04T12:47:17.682+0530] {logging_mixin.py:188} INFO - [2025-07-04T12:47:17.682+0530] {dag.py:3036} INFO - Sync 1 DAGs
[2025-07-04T12:47:17.690+0530] {logging_mixin.py:188} INFO - [2025-07-04T12:47:17.690+0530] {dag.py:3823} INFO - Setting next_dagrun for example_skip_dag to 2025-07-03 00:00:00+00:00, run_after=2025-07-04 00:00:00+00:00
[2025-07-04T12:47:17.705+0530] {processor.py:183} INFO - Processing /home/tejhanagarajan/Projects/small-projects/NewsImpact/venv/lib64/python3.10/site-packages/airflow/example_dags/example_skip_dag.py took 0.039 seconds
[2025-07-04T12:48:06.793+0530] {processor.py:161} INFO - Started process (PID=40527) to work on /home/tejhanagarajan/Projects/small-projects/NewsImpact/venv/lib64/python3.10/site-packages/airflow/example_dags/example_skip_dag.py
[2025-07-04T12:48:06.795+0530] {processor.py:830} INFO - Processing file /home/tejhanagarajan/Projects/small-projects/NewsImpact/venv/lib64/python3.10/site-packages/airflow/example_dags/example_skip_dag.py for tasks to queue
[2025-07-04T12:48:06.796+0530] {logging_mixin.py:188} INFO - [2025-07-04T12:48:06.796+0530] {dagbag.py:538} INFO - Filling up the DagBag from /home/tejhanagarajan/Projects/small-projects/NewsImpact/venv/lib64/python3.10/site-packages/airflow/example_dags/example_skip_dag.py
[2025-07-04T12:48:06.802+0530] {processor.py:840} INFO - DAG(s) 'example_skip_dag' retrieved from /home/tejhanagarajan/Projects/small-projects/NewsImpact/venv/lib64/python3.10/site-packages/airflow/example_dags/example_skip_dag.py
[2025-07-04T12:48:06.809+0530] {logging_mixin.py:188} INFO - [2025-07-04T12:48:06.809+0530] {dag.py:3036} INFO - Sync 1 DAGs
[2025-07-04T12:48:06.817+0530] {logging_mixin.py:188} INFO - [2025-07-04T12:48:06.817+0530] {dag.py:3823} INFO - Setting next_dagrun for example_skip_dag to 2025-07-03 00:00:00+00:00, run_after=2025-07-04 00:00:00+00:00
[2025-07-04T12:48:06.833+0530] {processor.py:183} INFO - Processing /home/tejhanagarajan/Projects/small-projects/NewsImpact/venv/lib64/python3.10/site-packages/airflow/example_dags/example_skip_dag.py took 0.043 seconds
