[2025-07-04T12:26:59.522+0530] {processor.py:161} INFO - Started process (PID=25329) to work on /home/tejhanagarajan/Projects/small-projects/NewsImpact/venv/lib64/python3.10/site-packages/airflow/example_dags/example_latest_only_with_trigger.py
[2025-07-04T12:26:59.523+0530] {processor.py:830} INFO - Processing file /home/tejhanagarajan/Projects/small-projects/NewsImpact/venv/lib64/python3.10/site-packages/airflow/example_dags/example_latest_only_with_trigger.py for tasks to queue
[2025-07-04T12:26:59.524+0530] {logging_mixin.py:188} INFO - [2025-07-04T12:26:59.523+0530] {dagbag.py:538} INFO - Filling up the DagBag from /home/tejhanagarajan/Projects/small-projects/NewsImpact/venv/lib64/python3.10/site-packages/airflow/example_dags/example_latest_only_with_trigger.py
[2025-07-04T12:26:59.528+0530] {processor.py:840} INFO - DAG(s) 'latest_only_with_trigger' retrieved from /home/tejhanagarajan/Projects/small-projects/NewsImpact/venv/lib64/python3.10/site-packages/airflow/example_dags/example_latest_only_with_trigger.py
[2025-07-04T12:26:59.589+0530] {logging_mixin.py:188} INFO - [2025-07-04T12:26:59.588+0530] {override.py:1769} INFO - Created Permission View: can read on DAG:latest_only_with_trigger
[2025-07-04T12:26:59.601+0530] {logging_mixin.py:188} INFO - [2025-07-04T12:26:59.600+0530] {override.py:1769} INFO - Created Permission View: can edit on DAG:latest_only_with_trigger
[2025-07-04T12:26:59.611+0530] {logging_mixin.py:188} INFO - [2025-07-04T12:26:59.611+0530] {override.py:1769} INFO - Created Permission View: can delete on DAG:latest_only_with_trigger
[2025-07-04T12:26:59.612+0530] {logging_mixin.py:188} INFO - [2025-07-04T12:26:59.611+0530] {dag.py:3036} INFO - Sync 1 DAGs
[2025-07-04T12:26:59.620+0530] {logging_mixin.py:188} INFO - [2025-07-04T12:26:59.620+0530] {dag.py:3058} INFO - Creating ORM DAG for latest_only_with_trigger
[2025-07-04T12:26:59.624+0530] {logging_mixin.py:188} INFO - [2025-07-04T12:26:59.624+0530] {dag.py:3823} INFO - Setting next_dagrun for latest_only_with_trigger to 2025-07-04 00:00:00+00:00, run_after=2025-07-04 04:00:00+00:00
[2025-07-04T12:26:59.641+0530] {processor.py:183} INFO - Processing /home/tejhanagarajan/Projects/small-projects/NewsImpact/venv/lib64/python3.10/site-packages/airflow/example_dags/example_latest_only_with_trigger.py took 0.122 seconds
[2025-07-04T12:27:48.131+0530] {processor.py:161} INFO - Started process (PID=25694) to work on /home/tejhanagarajan/Projects/small-projects/NewsImpact/venv/lib64/python3.10/site-packages/airflow/example_dags/example_latest_only_with_trigger.py
[2025-07-04T12:27:48.131+0530] {processor.py:830} INFO - Processing file /home/tejhanagarajan/Projects/small-projects/NewsImpact/venv/lib64/python3.10/site-packages/airflow/example_dags/example_latest_only_with_trigger.py for tasks to queue
[2025-07-04T12:27:48.132+0530] {logging_mixin.py:188} INFO - [2025-07-04T12:27:48.132+0530] {dagbag.py:538} INFO - Filling up the DagBag from /home/tejhanagarajan/Projects/small-projects/NewsImpact/venv/lib64/python3.10/site-packages/airflow/example_dags/example_latest_only_with_trigger.py
[2025-07-04T12:27:48.135+0530] {processor.py:840} INFO - DAG(s) 'latest_only_with_trigger' retrieved from /home/tejhanagarajan/Projects/small-projects/NewsImpact/venv/lib64/python3.10/site-packages/airflow/example_dags/example_latest_only_with_trigger.py
[2025-07-04T12:27:48.142+0530] {logging_mixin.py:188} INFO - [2025-07-04T12:27:48.142+0530] {dag.py:3036} INFO - Sync 1 DAGs
[2025-07-04T12:27:48.151+0530] {logging_mixin.py:188} INFO - [2025-07-04T12:27:48.151+0530] {dag.py:3823} INFO - Setting next_dagrun for latest_only_with_trigger to 2025-07-04 00:00:00+00:00, run_after=2025-07-04 04:00:00+00:00
[2025-07-04T12:27:48.170+0530] {processor.py:183} INFO - Processing /home/tejhanagarajan/Projects/small-projects/NewsImpact/venv/lib64/python3.10/site-packages/airflow/example_dags/example_latest_only_with_trigger.py took 0.040 seconds
[2025-07-04T12:28:44.879+0530] {processor.py:161} INFO - Started process (PID=26192) to work on /home/tejhanagarajan/Projects/small-projects/NewsImpact/venv/lib64/python3.10/site-packages/airflow/example_dags/example_latest_only_with_trigger.py
[2025-07-04T12:28:44.879+0530] {processor.py:830} INFO - Processing file /home/tejhanagarajan/Projects/small-projects/NewsImpact/venv/lib64/python3.10/site-packages/airflow/example_dags/example_latest_only_with_trigger.py for tasks to queue
[2025-07-04T12:28:44.880+0530] {logging_mixin.py:188} INFO - [2025-07-04T12:28:44.879+0530] {dagbag.py:538} INFO - Filling up the DagBag from /home/tejhanagarajan/Projects/small-projects/NewsImpact/venv/lib64/python3.10/site-packages/airflow/example_dags/example_latest_only_with_trigger.py
[2025-07-04T12:28:44.883+0530] {processor.py:840} INFO - DAG(s) 'latest_only_with_trigger' retrieved from /home/tejhanagarajan/Projects/small-projects/NewsImpact/venv/lib64/python3.10/site-packages/airflow/example_dags/example_latest_only_with_trigger.py
[2025-07-04T12:28:44.891+0530] {logging_mixin.py:188} INFO - [2025-07-04T12:28:44.890+0530] {dag.py:3036} INFO - Sync 1 DAGs
[2025-07-04T12:28:44.899+0530] {logging_mixin.py:188} INFO - [2025-07-04T12:28:44.899+0530] {dag.py:3823} INFO - Setting next_dagrun for latest_only_with_trigger to 2025-07-04 00:00:00+00:00, run_after=2025-07-04 04:00:00+00:00
[2025-07-04T12:28:44.916+0530] {processor.py:183} INFO - Processing /home/tejhanagarajan/Projects/small-projects/NewsImpact/venv/lib64/python3.10/site-packages/airflow/example_dags/example_latest_only_with_trigger.py took 0.039 seconds
[2025-07-04T12:29:43.603+0530] {processor.py:161} INFO - Started process (PID=26666) to work on /home/tejhanagarajan/Projects/small-projects/NewsImpact/venv/lib64/python3.10/site-packages/airflow/example_dags/example_latest_only_with_trigger.py
[2025-07-04T12:29:43.605+0530] {processor.py:830} INFO - Processing file /home/tejhanagarajan/Projects/small-projects/NewsImpact/venv/lib64/python3.10/site-packages/airflow/example_dags/example_latest_only_with_trigger.py for tasks to queue
[2025-07-04T12:29:43.606+0530] {logging_mixin.py:188} INFO - [2025-07-04T12:29:43.606+0530] {dagbag.py:538} INFO - Filling up the DagBag from /home/tejhanagarajan/Projects/small-projects/NewsImpact/venv/lib64/python3.10/site-packages/airflow/example_dags/example_latest_only_with_trigger.py
[2025-07-04T12:29:43.609+0530] {processor.py:840} INFO - DAG(s) 'latest_only_with_trigger' retrieved from /home/tejhanagarajan/Projects/small-projects/NewsImpact/venv/lib64/python3.10/site-packages/airflow/example_dags/example_latest_only_with_trigger.py
[2025-07-04T12:29:43.616+0530] {logging_mixin.py:188} INFO - [2025-07-04T12:29:43.616+0530] {dag.py:3036} INFO - Sync 1 DAGs
[2025-07-04T12:29:43.626+0530] {logging_mixin.py:188} INFO - [2025-07-04T12:29:43.626+0530] {dag.py:3823} INFO - Setting next_dagrun for latest_only_with_trigger to 2025-07-04 00:00:00+00:00, run_after=2025-07-04 04:00:00+00:00
[2025-07-04T12:29:43.645+0530] {processor.py:183} INFO - Processing /home/tejhanagarajan/Projects/small-projects/NewsImpact/venv/lib64/python3.10/site-packages/airflow/example_dags/example_latest_only_with_trigger.py took 0.044 seconds
[2025-07-04T12:30:33.987+0530] {processor.py:161} INFO - Started process (PID=27040) to work on /home/tejhanagarajan/Projects/small-projects/NewsImpact/venv/lib64/python3.10/site-packages/airflow/example_dags/example_latest_only_with_trigger.py
[2025-07-04T12:30:33.990+0530] {processor.py:830} INFO - Processing file /home/tejhanagarajan/Projects/small-projects/NewsImpact/venv/lib64/python3.10/site-packages/airflow/example_dags/example_latest_only_with_trigger.py for tasks to queue
[2025-07-04T12:30:33.991+0530] {logging_mixin.py:188} INFO - [2025-07-04T12:30:33.990+0530] {dagbag.py:538} INFO - Filling up the DagBag from /home/tejhanagarajan/Projects/small-projects/NewsImpact/venv/lib64/python3.10/site-packages/airflow/example_dags/example_latest_only_with_trigger.py
[2025-07-04T12:30:33.994+0530] {processor.py:840} INFO - DAG(s) 'latest_only_with_trigger' retrieved from /home/tejhanagarajan/Projects/small-projects/NewsImpact/venv/lib64/python3.10/site-packages/airflow/example_dags/example_latest_only_with_trigger.py
[2025-07-04T12:30:34.001+0530] {logging_mixin.py:188} INFO - [2025-07-04T12:30:34.001+0530] {dag.py:3036} INFO - Sync 1 DAGs
[2025-07-04T12:30:34.009+0530] {logging_mixin.py:188} INFO - [2025-07-04T12:30:34.009+0530] {dag.py:3823} INFO - Setting next_dagrun for latest_only_with_trigger to 2025-07-04 00:00:00+00:00, run_after=2025-07-04 04:00:00+00:00
[2025-07-04T12:30:34.024+0530] {processor.py:183} INFO - Processing /home/tejhanagarajan/Projects/small-projects/NewsImpact/venv/lib64/python3.10/site-packages/airflow/example_dags/example_latest_only_with_trigger.py took 0.039 seconds
[2025-07-04T12:33:22.805+0530] {processor.py:161} INFO - Started process (PID=30180) to work on /home/tejhanagarajan/Projects/small-projects/NewsImpact/venv/lib64/python3.10/site-packages/airflow/example_dags/example_latest_only_with_trigger.py
[2025-07-04T12:33:22.807+0530] {processor.py:830} INFO - Processing file /home/tejhanagarajan/Projects/small-projects/NewsImpact/venv/lib64/python3.10/site-packages/airflow/example_dags/example_latest_only_with_trigger.py for tasks to queue
[2025-07-04T12:33:22.807+0530] {logging_mixin.py:188} INFO - [2025-07-04T12:33:22.807+0530] {dagbag.py:538} INFO - Filling up the DagBag from /home/tejhanagarajan/Projects/small-projects/NewsImpact/venv/lib64/python3.10/site-packages/airflow/example_dags/example_latest_only_with_trigger.py
[2025-07-04T12:33:22.811+0530] {processor.py:840} INFO - DAG(s) 'latest_only_with_trigger' retrieved from /home/tejhanagarajan/Projects/small-projects/NewsImpact/venv/lib64/python3.10/site-packages/airflow/example_dags/example_latest_only_with_trigger.py
[2025-07-04T12:33:22.820+0530] {logging_mixin.py:188} INFO - [2025-07-04T12:33:22.820+0530] {dag.py:3036} INFO - Sync 1 DAGs
[2025-07-04T12:33:22.830+0530] {logging_mixin.py:188} INFO - [2025-07-04T12:33:22.830+0530] {dag.py:3823} INFO - Setting next_dagrun for latest_only_with_trigger to 2025-07-04 00:00:00+00:00, run_after=2025-07-04 04:00:00+00:00
[2025-07-04T12:33:22.846+0530] {processor.py:183} INFO - Processing /home/tejhanagarajan/Projects/small-projects/NewsImpact/venv/lib64/python3.10/site-packages/airflow/example_dags/example_latest_only_with_trigger.py took 0.043 seconds
[2025-07-04T12:34:10.328+0530] {processor.py:161} INFO - Started process (PID=30517) to work on /home/tejhanagarajan/Projects/small-projects/NewsImpact/venv/lib64/python3.10/site-packages/airflow/example_dags/example_latest_only_with_trigger.py
[2025-07-04T12:34:10.331+0530] {processor.py:830} INFO - Processing file /home/tejhanagarajan/Projects/small-projects/NewsImpact/venv/lib64/python3.10/site-packages/airflow/example_dags/example_latest_only_with_trigger.py for tasks to queue
[2025-07-04T12:34:10.333+0530] {logging_mixin.py:188} INFO - [2025-07-04T12:34:10.332+0530] {dagbag.py:538} INFO - Filling up the DagBag from /home/tejhanagarajan/Projects/small-projects/NewsImpact/venv/lib64/python3.10/site-packages/airflow/example_dags/example_latest_only_with_trigger.py
[2025-07-04T12:34:10.338+0530] {processor.py:840} INFO - DAG(s) 'latest_only_with_trigger' retrieved from /home/tejhanagarajan/Projects/small-projects/NewsImpact/venv/lib64/python3.10/site-packages/airflow/example_dags/example_latest_only_with_trigger.py
[2025-07-04T12:34:10.347+0530] {logging_mixin.py:188} INFO - [2025-07-04T12:34:10.347+0530] {dag.py:3036} INFO - Sync 1 DAGs
[2025-07-04T12:34:10.356+0530] {logging_mixin.py:188} INFO - [2025-07-04T12:34:10.356+0530] {dag.py:3823} INFO - Setting next_dagrun for latest_only_with_trigger to 2025-07-04 00:00:00+00:00, run_after=2025-07-04 04:00:00+00:00
[2025-07-04T12:34:10.374+0530] {processor.py:183} INFO - Processing /home/tejhanagarajan/Projects/small-projects/NewsImpact/venv/lib64/python3.10/site-packages/airflow/example_dags/example_latest_only_with_trigger.py took 0.049 seconds
[2025-07-04T12:35:01.831+0530] {processor.py:161} INFO - Started process (PID=31153) to work on /home/tejhanagarajan/Projects/small-projects/NewsImpact/venv/lib64/python3.10/site-packages/airflow/example_dags/example_latest_only_with_trigger.py
[2025-07-04T12:35:01.834+0530] {processor.py:830} INFO - Processing file /home/tejhanagarajan/Projects/small-projects/NewsImpact/venv/lib64/python3.10/site-packages/airflow/example_dags/example_latest_only_with_trigger.py for tasks to queue
[2025-07-04T12:35:01.834+0530] {logging_mixin.py:188} INFO - [2025-07-04T12:35:01.834+0530] {dagbag.py:538} INFO - Filling up the DagBag from /home/tejhanagarajan/Projects/small-projects/NewsImpact/venv/lib64/python3.10/site-packages/airflow/example_dags/example_latest_only_with_trigger.py
[2025-07-04T12:35:01.837+0530] {processor.py:840} INFO - DAG(s) 'latest_only_with_trigger' retrieved from /home/tejhanagarajan/Projects/small-projects/NewsImpact/venv/lib64/python3.10/site-packages/airflow/example_dags/example_latest_only_with_trigger.py
[2025-07-04T12:35:01.844+0530] {logging_mixin.py:188} INFO - [2025-07-04T12:35:01.844+0530] {dag.py:3036} INFO - Sync 1 DAGs
[2025-07-04T12:35:01.852+0530] {logging_mixin.py:188} INFO - [2025-07-04T12:35:01.852+0530] {dag.py:3823} INFO - Setting next_dagrun for latest_only_with_trigger to 2025-07-04 00:00:00+00:00, run_after=2025-07-04 04:00:00+00:00
[2025-07-04T12:35:01.870+0530] {processor.py:183} INFO - Processing /home/tejhanagarajan/Projects/small-projects/NewsImpact/venv/lib64/python3.10/site-packages/airflow/example_dags/example_latest_only_with_trigger.py took 0.040 seconds
[2025-07-04T12:35:55.652+0530] {processor.py:161} INFO - Started process (PID=31602) to work on /home/tejhanagarajan/Projects/small-projects/NewsImpact/venv/lib64/python3.10/site-packages/airflow/example_dags/example_latest_only_with_trigger.py
[2025-07-04T12:35:55.655+0530] {processor.py:830} INFO - Processing file /home/tejhanagarajan/Projects/small-projects/NewsImpact/venv/lib64/python3.10/site-packages/airflow/example_dags/example_latest_only_with_trigger.py for tasks to queue
[2025-07-04T12:35:55.655+0530] {logging_mixin.py:188} INFO - [2025-07-04T12:35:55.655+0530] {dagbag.py:538} INFO - Filling up the DagBag from /home/tejhanagarajan/Projects/small-projects/NewsImpact/venv/lib64/python3.10/site-packages/airflow/example_dags/example_latest_only_with_trigger.py
[2025-07-04T12:35:55.659+0530] {processor.py:840} INFO - DAG(s) 'latest_only_with_trigger' retrieved from /home/tejhanagarajan/Projects/small-projects/NewsImpact/venv/lib64/python3.10/site-packages/airflow/example_dags/example_latest_only_with_trigger.py
[2025-07-04T12:35:55.665+0530] {logging_mixin.py:188} INFO - [2025-07-04T12:35:55.665+0530] {dag.py:3036} INFO - Sync 1 DAGs
[2025-07-04T12:35:55.673+0530] {logging_mixin.py:188} INFO - [2025-07-04T12:35:55.673+0530] {dag.py:3823} INFO - Setting next_dagrun for latest_only_with_trigger to 2025-07-04 00:00:00+00:00, run_after=2025-07-04 04:00:00+00:00
[2025-07-04T12:35:55.689+0530] {processor.py:183} INFO - Processing /home/tejhanagarajan/Projects/small-projects/NewsImpact/venv/lib64/python3.10/site-packages/airflow/example_dags/example_latest_only_with_trigger.py took 0.039 seconds
[2025-07-04T12:36:52.358+0530] {processor.py:161} INFO - Started process (PID=32164) to work on /home/tejhanagarajan/Projects/small-projects/NewsImpact/venv/lib64/python3.10/site-packages/airflow/example_dags/example_latest_only_with_trigger.py
[2025-07-04T12:36:52.360+0530] {processor.py:830} INFO - Processing file /home/tejhanagarajan/Projects/small-projects/NewsImpact/venv/lib64/python3.10/site-packages/airflow/example_dags/example_latest_only_with_trigger.py for tasks to queue
[2025-07-04T12:36:52.360+0530] {logging_mixin.py:188} INFO - [2025-07-04T12:36:52.360+0530] {dagbag.py:538} INFO - Filling up the DagBag from /home/tejhanagarajan/Projects/small-projects/NewsImpact/venv/lib64/python3.10/site-packages/airflow/example_dags/example_latest_only_with_trigger.py
[2025-07-04T12:36:52.364+0530] {processor.py:840} INFO - DAG(s) 'latest_only_with_trigger' retrieved from /home/tejhanagarajan/Projects/small-projects/NewsImpact/venv/lib64/python3.10/site-packages/airflow/example_dags/example_latest_only_with_trigger.py
[2025-07-04T12:36:52.371+0530] {logging_mixin.py:188} INFO - [2025-07-04T12:36:52.371+0530] {dag.py:3036} INFO - Sync 1 DAGs
[2025-07-04T12:36:52.380+0530] {logging_mixin.py:188} INFO - [2025-07-04T12:36:52.380+0530] {dag.py:3823} INFO - Setting next_dagrun for latest_only_with_trigger to 2025-07-04 00:00:00+00:00, run_after=2025-07-04 04:00:00+00:00
[2025-07-04T12:36:52.398+0530] {processor.py:183} INFO - Processing /home/tejhanagarajan/Projects/small-projects/NewsImpact/venv/lib64/python3.10/site-packages/airflow/example_dags/example_latest_only_with_trigger.py took 0.042 seconds
[2025-07-04T12:37:37.042+0530] {processor.py:161} INFO - Started process (PID=32757) to work on /home/tejhanagarajan/Projects/small-projects/NewsImpact/venv/lib64/python3.10/site-packages/airflow/example_dags/example_latest_only_with_trigger.py
[2025-07-04T12:37:37.045+0530] {processor.py:830} INFO - Processing file /home/tejhanagarajan/Projects/small-projects/NewsImpact/venv/lib64/python3.10/site-packages/airflow/example_dags/example_latest_only_with_trigger.py for tasks to queue
[2025-07-04T12:37:37.046+0530] {logging_mixin.py:188} INFO - [2025-07-04T12:37:37.046+0530] {dagbag.py:538} INFO - Filling up the DagBag from /home/tejhanagarajan/Projects/small-projects/NewsImpact/venv/lib64/python3.10/site-packages/airflow/example_dags/example_latest_only_with_trigger.py
[2025-07-04T12:37:37.051+0530] {processor.py:840} INFO - DAG(s) 'latest_only_with_trigger' retrieved from /home/tejhanagarajan/Projects/small-projects/NewsImpact/venv/lib64/python3.10/site-packages/airflow/example_dags/example_latest_only_with_trigger.py
[2025-07-04T12:37:37.058+0530] {logging_mixin.py:188} INFO - [2025-07-04T12:37:37.057+0530] {dag.py:3036} INFO - Sync 1 DAGs
[2025-07-04T12:37:37.065+0530] {logging_mixin.py:188} INFO - [2025-07-04T12:37:37.065+0530] {dag.py:3823} INFO - Setting next_dagrun for latest_only_with_trigger to 2025-07-04 00:00:00+00:00, run_after=2025-07-04 04:00:00+00:00
[2025-07-04T12:37:37.083+0530] {processor.py:183} INFO - Processing /home/tejhanagarajan/Projects/small-projects/NewsImpact/venv/lib64/python3.10/site-packages/airflow/example_dags/example_latest_only_with_trigger.py took 0.044 seconds
[2025-07-04T12:38:24.867+0530] {processor.py:161} INFO - Started process (PID=34875) to work on /home/tejhanagarajan/Projects/small-projects/NewsImpact/venv/lib64/python3.10/site-packages/airflow/example_dags/example_latest_only_with_trigger.py
[2025-07-04T12:38:24.868+0530] {processor.py:830} INFO - Processing file /home/tejhanagarajan/Projects/small-projects/NewsImpact/venv/lib64/python3.10/site-packages/airflow/example_dags/example_latest_only_with_trigger.py for tasks to queue
[2025-07-04T12:38:24.868+0530] {logging_mixin.py:188} INFO - [2025-07-04T12:38:24.868+0530] {dagbag.py:538} INFO - Filling up the DagBag from /home/tejhanagarajan/Projects/small-projects/NewsImpact/venv/lib64/python3.10/site-packages/airflow/example_dags/example_latest_only_with_trigger.py
[2025-07-04T12:38:24.872+0530] {processor.py:840} INFO - DAG(s) 'latest_only_with_trigger' retrieved from /home/tejhanagarajan/Projects/small-projects/NewsImpact/venv/lib64/python3.10/site-packages/airflow/example_dags/example_latest_only_with_trigger.py
[2025-07-04T12:38:24.888+0530] {logging_mixin.py:188} INFO - [2025-07-04T12:38:24.888+0530] {dag.py:3036} INFO - Sync 1 DAGs
[2025-07-04T12:38:24.897+0530] {logging_mixin.py:188} INFO - [2025-07-04T12:38:24.897+0530] {dag.py:3823} INFO - Setting next_dagrun for latest_only_with_trigger to 2025-07-04 00:00:00+00:00, run_after=2025-07-04 04:00:00+00:00
[2025-07-04T12:38:24.913+0530] {processor.py:183} INFO - Processing /home/tejhanagarajan/Projects/small-projects/NewsImpact/venv/lib64/python3.10/site-packages/airflow/example_dags/example_latest_only_with_trigger.py took 0.048 seconds
[2025-07-04T12:38:27.739+0530] {processor.py:161} INFO - Started process (PID=34901) to work on /home/tejhanagarajan/Projects/small-projects/NewsImpact/venv/lib64/python3.10/site-packages/airflow/example_dags/example_latest_only_with_trigger.py
[2025-07-04T12:38:27.739+0530] {processor.py:830} INFO - Processing file /home/tejhanagarajan/Projects/small-projects/NewsImpact/venv/lib64/python3.10/site-packages/airflow/example_dags/example_latest_only_with_trigger.py for tasks to queue
[2025-07-04T12:38:27.740+0530] {logging_mixin.py:188} INFO - [2025-07-04T12:38:27.740+0530] {dagbag.py:538} INFO - Filling up the DagBag from /home/tejhanagarajan/Projects/small-projects/NewsImpact/venv/lib64/python3.10/site-packages/airflow/example_dags/example_latest_only_with_trigger.py
[2025-07-04T12:38:27.744+0530] {processor.py:840} INFO - DAG(s) 'latest_only_with_trigger' retrieved from /home/tejhanagarajan/Projects/small-projects/NewsImpact/venv/lib64/python3.10/site-packages/airflow/example_dags/example_latest_only_with_trigger.py
[2025-07-04T12:38:27.751+0530] {logging_mixin.py:188} INFO - [2025-07-04T12:38:27.751+0530] {dag.py:3036} INFO - Sync 1 DAGs
[2025-07-04T12:38:27.759+0530] {logging_mixin.py:188} INFO - [2025-07-04T12:38:27.759+0530] {dag.py:3823} INFO - Setting next_dagrun for latest_only_with_trigger to 2025-07-04 00:00:00+00:00, run_after=2025-07-04 04:00:00+00:00
[2025-07-04T12:38:27.775+0530] {processor.py:183} INFO - Processing /home/tejhanagarajan/Projects/small-projects/NewsImpact/venv/lib64/python3.10/site-packages/airflow/example_dags/example_latest_only_with_trigger.py took 0.038 seconds
[2025-07-04T12:39:12.440+0530] {processor.py:161} INFO - Started process (PID=35333) to work on /home/tejhanagarajan/Projects/small-projects/NewsImpact/venv/lib64/python3.10/site-packages/airflow/example_dags/example_latest_only_with_trigger.py
[2025-07-04T12:39:12.443+0530] {processor.py:830} INFO - Processing file /home/tejhanagarajan/Projects/small-projects/NewsImpact/venv/lib64/python3.10/site-packages/airflow/example_dags/example_latest_only_with_trigger.py for tasks to queue
[2025-07-04T12:39:12.443+0530] {logging_mixin.py:188} INFO - [2025-07-04T12:39:12.443+0530] {dagbag.py:538} INFO - Filling up the DagBag from /home/tejhanagarajan/Projects/small-projects/NewsImpact/venv/lib64/python3.10/site-packages/airflow/example_dags/example_latest_only_with_trigger.py
[2025-07-04T12:39:12.447+0530] {processor.py:840} INFO - DAG(s) 'latest_only_with_trigger' retrieved from /home/tejhanagarajan/Projects/small-projects/NewsImpact/venv/lib64/python3.10/site-packages/airflow/example_dags/example_latest_only_with_trigger.py
[2025-07-04T12:39:12.454+0530] {logging_mixin.py:188} INFO - [2025-07-04T12:39:12.453+0530] {dag.py:3036} INFO - Sync 1 DAGs
[2025-07-04T12:39:12.462+0530] {logging_mixin.py:188} INFO - [2025-07-04T12:39:12.462+0530] {dag.py:3823} INFO - Setting next_dagrun for latest_only_with_trigger to 2025-07-04 00:00:00+00:00, run_after=2025-07-04 04:00:00+00:00
[2025-07-04T12:39:12.480+0530] {processor.py:183} INFO - Processing /home/tejhanagarajan/Projects/small-projects/NewsImpact/venv/lib64/python3.10/site-packages/airflow/example_dags/example_latest_only_with_trigger.py took 0.042 seconds
[2025-07-04T12:39:19.228+0530] {processor.py:161} INFO - Started process (PID=35405) to work on /home/tejhanagarajan/Projects/small-projects/NewsImpact/venv/lib64/python3.10/site-packages/airflow/example_dags/example_latest_only_with_trigger.py
[2025-07-04T12:39:19.228+0530] {processor.py:830} INFO - Processing file /home/tejhanagarajan/Projects/small-projects/NewsImpact/venv/lib64/python3.10/site-packages/airflow/example_dags/example_latest_only_with_trigger.py for tasks to queue
[2025-07-04T12:39:19.229+0530] {logging_mixin.py:188} INFO - [2025-07-04T12:39:19.228+0530] {dagbag.py:538} INFO - Filling up the DagBag from /home/tejhanagarajan/Projects/small-projects/NewsImpact/venv/lib64/python3.10/site-packages/airflow/example_dags/example_latest_only_with_trigger.py
[2025-07-04T12:39:19.232+0530] {processor.py:840} INFO - DAG(s) 'latest_only_with_trigger' retrieved from /home/tejhanagarajan/Projects/small-projects/NewsImpact/venv/lib64/python3.10/site-packages/airflow/example_dags/example_latest_only_with_trigger.py
[2025-07-04T12:39:19.238+0530] {logging_mixin.py:188} INFO - [2025-07-04T12:39:19.238+0530] {dag.py:3036} INFO - Sync 1 DAGs
[2025-07-04T12:39:19.246+0530] {logging_mixin.py:188} INFO - [2025-07-04T12:39:19.246+0530] {dag.py:3823} INFO - Setting next_dagrun for latest_only_with_trigger to 2025-07-04 00:00:00+00:00, run_after=2025-07-04 04:00:00+00:00
[2025-07-04T12:39:19.262+0530] {processor.py:183} INFO - Processing /home/tejhanagarajan/Projects/small-projects/NewsImpact/venv/lib64/python3.10/site-packages/airflow/example_dags/example_latest_only_with_trigger.py took 0.036 seconds
[2025-07-04T12:42:26.953+0530] {processor.py:161} INFO - Started process (PID=37972) to work on /home/tejhanagarajan/Projects/small-projects/NewsImpact/venv/lib64/python3.10/site-packages/airflow/example_dags/example_latest_only_with_trigger.py
[2025-07-04T12:42:26.956+0530] {processor.py:830} INFO - Processing file /home/tejhanagarajan/Projects/small-projects/NewsImpact/venv/lib64/python3.10/site-packages/airflow/example_dags/example_latest_only_with_trigger.py for tasks to queue
[2025-07-04T12:42:26.956+0530] {logging_mixin.py:188} INFO - [2025-07-04T12:42:26.956+0530] {dagbag.py:538} INFO - Filling up the DagBag from /home/tejhanagarajan/Projects/small-projects/NewsImpact/venv/lib64/python3.10/site-packages/airflow/example_dags/example_latest_only_with_trigger.py
[2025-07-04T12:42:26.960+0530] {processor.py:840} INFO - DAG(s) 'latest_only_with_trigger' retrieved from /home/tejhanagarajan/Projects/small-projects/NewsImpact/venv/lib64/python3.10/site-packages/airflow/example_dags/example_latest_only_with_trigger.py
[2025-07-04T12:42:26.969+0530] {logging_mixin.py:188} INFO - [2025-07-04T12:42:26.969+0530] {dag.py:3036} INFO - Sync 1 DAGs
[2025-07-04T12:42:26.978+0530] {logging_mixin.py:188} INFO - [2025-07-04T12:42:26.978+0530] {dag.py:3823} INFO - Setting next_dagrun for latest_only_with_trigger to 2025-07-04 00:00:00+00:00, run_after=2025-07-04 04:00:00+00:00
[2025-07-04T12:42:26.994+0530] {processor.py:183} INFO - Processing /home/tejhanagarajan/Projects/small-projects/NewsImpact/venv/lib64/python3.10/site-packages/airflow/example_dags/example_latest_only_with_trigger.py took 0.042 seconds
[2025-07-04T12:43:14.351+0530] {processor.py:161} INFO - Started process (PID=38320) to work on /home/tejhanagarajan/Projects/small-projects/NewsImpact/venv/lib64/python3.10/site-packages/airflow/example_dags/example_latest_only_with_trigger.py
[2025-07-04T12:43:14.354+0530] {processor.py:830} INFO - Processing file /home/tejhanagarajan/Projects/small-projects/NewsImpact/venv/lib64/python3.10/site-packages/airflow/example_dags/example_latest_only_with_trigger.py for tasks to queue
[2025-07-04T12:43:14.355+0530] {logging_mixin.py:188} INFO - [2025-07-04T12:43:14.354+0530] {dagbag.py:538} INFO - Filling up the DagBag from /home/tejhanagarajan/Projects/small-projects/NewsImpact/venv/lib64/python3.10/site-packages/airflow/example_dags/example_latest_only_with_trigger.py
[2025-07-04T12:43:14.361+0530] {processor.py:840} INFO - DAG(s) 'latest_only_with_trigger' retrieved from /home/tejhanagarajan/Projects/small-projects/NewsImpact/venv/lib64/python3.10/site-packages/airflow/example_dags/example_latest_only_with_trigger.py
[2025-07-04T12:43:14.372+0530] {logging_mixin.py:188} INFO - [2025-07-04T12:43:14.372+0530] {dag.py:3036} INFO - Sync 1 DAGs
[2025-07-04T12:43:14.379+0530] {logging_mixin.py:188} INFO - [2025-07-04T12:43:14.379+0530] {dag.py:3823} INFO - Setting next_dagrun for latest_only_with_trigger to 2025-07-04 00:00:00+00:00, run_after=2025-07-04 04:00:00+00:00
[2025-07-04T12:43:14.396+0530] {processor.py:183} INFO - Processing /home/tejhanagarajan/Projects/small-projects/NewsImpact/venv/lib64/python3.10/site-packages/airflow/example_dags/example_latest_only_with_trigger.py took 0.047 seconds
[2025-07-04T12:44:04.889+0530] {processor.py:161} INFO - Started process (PID=38748) to work on /home/tejhanagarajan/Projects/small-projects/NewsImpact/venv/lib64/python3.10/site-packages/airflow/example_dags/example_latest_only_with_trigger.py
[2025-07-04T12:44:04.893+0530] {processor.py:830} INFO - Processing file /home/tejhanagarajan/Projects/small-projects/NewsImpact/venv/lib64/python3.10/site-packages/airflow/example_dags/example_latest_only_with_trigger.py for tasks to queue
[2025-07-04T12:44:04.894+0530] {logging_mixin.py:188} INFO - [2025-07-04T12:44:04.894+0530] {dagbag.py:538} INFO - Filling up the DagBag from /home/tejhanagarajan/Projects/small-projects/NewsImpact/venv/lib64/python3.10/site-packages/airflow/example_dags/example_latest_only_with_trigger.py
[2025-07-04T12:44:04.899+0530] {processor.py:840} INFO - DAG(s) 'latest_only_with_trigger' retrieved from /home/tejhanagarajan/Projects/small-projects/NewsImpact/venv/lib64/python3.10/site-packages/airflow/example_dags/example_latest_only_with_trigger.py
[2025-07-04T12:44:04.906+0530] {logging_mixin.py:188} INFO - [2025-07-04T12:44:04.906+0530] {dag.py:3036} INFO - Sync 1 DAGs
[2025-07-04T12:44:04.914+0530] {logging_mixin.py:188} INFO - [2025-07-04T12:44:04.914+0530] {dag.py:3823} INFO - Setting next_dagrun for latest_only_with_trigger to 2025-07-04 00:00:00+00:00, run_after=2025-07-04 04:00:00+00:00
[2025-07-04T12:44:04.931+0530] {processor.py:183} INFO - Processing /home/tejhanagarajan/Projects/small-projects/NewsImpact/venv/lib64/python3.10/site-packages/airflow/example_dags/example_latest_only_with_trigger.py took 0.044 seconds
[2025-07-04T12:44:58.873+0530] {processor.py:161} INFO - Started process (PID=39120) to work on /home/tejhanagarajan/Projects/small-projects/NewsImpact/venv/lib64/python3.10/site-packages/airflow/example_dags/example_latest_only_with_trigger.py
[2025-07-04T12:44:58.875+0530] {processor.py:830} INFO - Processing file /home/tejhanagarajan/Projects/small-projects/NewsImpact/venv/lib64/python3.10/site-packages/airflow/example_dags/example_latest_only_with_trigger.py for tasks to queue
[2025-07-04T12:44:58.876+0530] {logging_mixin.py:188} INFO - [2025-07-04T12:44:58.875+0530] {dagbag.py:538} INFO - Filling up the DagBag from /home/tejhanagarajan/Projects/small-projects/NewsImpact/venv/lib64/python3.10/site-packages/airflow/example_dags/example_latest_only_with_trigger.py
[2025-07-04T12:44:58.879+0530] {processor.py:840} INFO - DAG(s) 'latest_only_with_trigger' retrieved from /home/tejhanagarajan/Projects/small-projects/NewsImpact/venv/lib64/python3.10/site-packages/airflow/example_dags/example_latest_only_with_trigger.py
[2025-07-04T12:44:58.885+0530] {logging_mixin.py:188} INFO - [2025-07-04T12:44:58.885+0530] {dag.py:3036} INFO - Sync 1 DAGs
[2025-07-04T12:44:58.893+0530] {logging_mixin.py:188} INFO - [2025-07-04T12:44:58.893+0530] {dag.py:3823} INFO - Setting next_dagrun for latest_only_with_trigger to 2025-07-04 00:00:00+00:00, run_after=2025-07-04 04:00:00+00:00
[2025-07-04T12:44:58.910+0530] {processor.py:183} INFO - Processing /home/tejhanagarajan/Projects/small-projects/NewsImpact/venv/lib64/python3.10/site-packages/airflow/example_dags/example_latest_only_with_trigger.py took 0.039 seconds
[2025-07-04T12:45:51.896+0530] {processor.py:161} INFO - Started process (PID=39525) to work on /home/tejhanagarajan/Projects/small-projects/NewsImpact/venv/lib64/python3.10/site-packages/airflow/example_dags/example_latest_only_with_trigger.py
[2025-07-04T12:45:51.899+0530] {processor.py:830} INFO - Processing file /home/tejhanagarajan/Projects/small-projects/NewsImpact/venv/lib64/python3.10/site-packages/airflow/example_dags/example_latest_only_with_trigger.py for tasks to queue
[2025-07-04T12:45:51.900+0530] {logging_mixin.py:188} INFO - [2025-07-04T12:45:51.899+0530] {dagbag.py:538} INFO - Filling up the DagBag from /home/tejhanagarajan/Projects/small-projects/NewsImpact/venv/lib64/python3.10/site-packages/airflow/example_dags/example_latest_only_with_trigger.py
[2025-07-04T12:45:51.906+0530] {processor.py:840} INFO - DAG(s) 'latest_only_with_trigger' retrieved from /home/tejhanagarajan/Projects/small-projects/NewsImpact/venv/lib64/python3.10/site-packages/airflow/example_dags/example_latest_only_with_trigger.py
[2025-07-04T12:45:51.913+0530] {logging_mixin.py:188} INFO - [2025-07-04T12:45:51.913+0530] {dag.py:3036} INFO - Sync 1 DAGs
[2025-07-04T12:45:51.921+0530] {logging_mixin.py:188} INFO - [2025-07-04T12:45:51.921+0530] {dag.py:3823} INFO - Setting next_dagrun for latest_only_with_trigger to 2025-07-04 00:00:00+00:00, run_after=2025-07-04 04:00:00+00:00
[2025-07-04T12:45:51.938+0530] {processor.py:183} INFO - Processing /home/tejhanagarajan/Projects/small-projects/NewsImpact/venv/lib64/python3.10/site-packages/airflow/example_dags/example_latest_only_with_trigger.py took 0.045 seconds
[2025-07-04T12:46:43.448+0530] {processor.py:161} INFO - Started process (PID=39886) to work on /home/tejhanagarajan/Projects/small-projects/NewsImpact/venv/lib64/python3.10/site-packages/airflow/example_dags/example_latest_only_with_trigger.py
[2025-07-04T12:46:43.452+0530] {processor.py:830} INFO - Processing file /home/tejhanagarajan/Projects/small-projects/NewsImpact/venv/lib64/python3.10/site-packages/airflow/example_dags/example_latest_only_with_trigger.py for tasks to queue
[2025-07-04T12:46:43.452+0530] {logging_mixin.py:188} INFO - [2025-07-04T12:46:43.452+0530] {dagbag.py:538} INFO - Filling up the DagBag from /home/tejhanagarajan/Projects/small-projects/NewsImpact/venv/lib64/python3.10/site-packages/airflow/example_dags/example_latest_only_with_trigger.py
[2025-07-04T12:46:43.456+0530] {processor.py:840} INFO - DAG(s) 'latest_only_with_trigger' retrieved from /home/tejhanagarajan/Projects/small-projects/NewsImpact/venv/lib64/python3.10/site-packages/airflow/example_dags/example_latest_only_with_trigger.py
[2025-07-04T12:46:43.464+0530] {logging_mixin.py:188} INFO - [2025-07-04T12:46:43.464+0530] {dag.py:3036} INFO - Sync 1 DAGs
[2025-07-04T12:46:43.473+0530] {logging_mixin.py:188} INFO - [2025-07-04T12:46:43.473+0530] {dag.py:3823} INFO - Setting next_dagrun for latest_only_with_trigger to 2025-07-04 00:00:00+00:00, run_after=2025-07-04 04:00:00+00:00
[2025-07-04T12:46:43.491+0530] {processor.py:183} INFO - Processing /home/tejhanagarajan/Projects/small-projects/NewsImpact/venv/lib64/python3.10/site-packages/airflow/example_dags/example_latest_only_with_trigger.py took 0.045 seconds
[2025-07-04T12:47:36.015+0530] {processor.py:161} INFO - Started process (PID=40284) to work on /home/tejhanagarajan/Projects/small-projects/NewsImpact/venv/lib64/python3.10/site-packages/airflow/example_dags/example_latest_only_with_trigger.py
[2025-07-04T12:47:36.018+0530] {processor.py:830} INFO - Processing file /home/tejhanagarajan/Projects/small-projects/NewsImpact/venv/lib64/python3.10/site-packages/airflow/example_dags/example_latest_only_with_trigger.py for tasks to queue
[2025-07-04T12:47:36.018+0530] {logging_mixin.py:188} INFO - [2025-07-04T12:47:36.018+0530] {dagbag.py:538} INFO - Filling up the DagBag from /home/tejhanagarajan/Projects/small-projects/NewsImpact/venv/lib64/python3.10/site-packages/airflow/example_dags/example_latest_only_with_trigger.py
[2025-07-04T12:47:36.022+0530] {processor.py:840} INFO - DAG(s) 'latest_only_with_trigger' retrieved from /home/tejhanagarajan/Projects/small-projects/NewsImpact/venv/lib64/python3.10/site-packages/airflow/example_dags/example_latest_only_with_trigger.py
[2025-07-04T12:47:36.029+0530] {logging_mixin.py:188} INFO - [2025-07-04T12:47:36.029+0530] {dag.py:3036} INFO - Sync 1 DAGs
[2025-07-04T12:47:36.037+0530] {logging_mixin.py:188} INFO - [2025-07-04T12:47:36.037+0530] {dag.py:3823} INFO - Setting next_dagrun for latest_only_with_trigger to 2025-07-04 00:00:00+00:00, run_after=2025-07-04 04:00:00+00:00
[2025-07-04T12:47:36.052+0530] {processor.py:183} INFO - Processing /home/tejhanagarajan/Projects/small-projects/NewsImpact/venv/lib64/python3.10/site-packages/airflow/example_dags/example_latest_only_with_trigger.py took 0.039 seconds
[2025-07-04T12:48:23.321+0530] {processor.py:161} INFO - Started process (PID=40660) to work on /home/tejhanagarajan/Projects/small-projects/NewsImpact/venv/lib64/python3.10/site-packages/airflow/example_dags/example_latest_only_with_trigger.py
[2025-07-04T12:48:23.324+0530] {processor.py:830} INFO - Processing file /home/tejhanagarajan/Projects/small-projects/NewsImpact/venv/lib64/python3.10/site-packages/airflow/example_dags/example_latest_only_with_trigger.py for tasks to queue
[2025-07-04T12:48:23.324+0530] {logging_mixin.py:188} INFO - [2025-07-04T12:48:23.324+0530] {dagbag.py:538} INFO - Filling up the DagBag from /home/tejhanagarajan/Projects/small-projects/NewsImpact/venv/lib64/python3.10/site-packages/airflow/example_dags/example_latest_only_with_trigger.py
[2025-07-04T12:48:23.329+0530] {processor.py:840} INFO - DAG(s) 'latest_only_with_trigger' retrieved from /home/tejhanagarajan/Projects/small-projects/NewsImpact/venv/lib64/python3.10/site-packages/airflow/example_dags/example_latest_only_with_trigger.py
[2025-07-04T12:48:23.337+0530] {logging_mixin.py:188} INFO - [2025-07-04T12:48:23.337+0530] {dag.py:3036} INFO - Sync 1 DAGs
[2025-07-04T12:48:23.347+0530] {logging_mixin.py:188} INFO - [2025-07-04T12:48:23.347+0530] {dag.py:3823} INFO - Setting next_dagrun for latest_only_with_trigger to 2025-07-04 00:00:00+00:00, run_after=2025-07-04 04:00:00+00:00
[2025-07-04T12:48:23.364+0530] {processor.py:183} INFO - Processing /home/tejhanagarajan/Projects/small-projects/NewsImpact/venv/lib64/python3.10/site-packages/airflow/example_dags/example_latest_only_with_trigger.py took 0.045 seconds
