[2025-07-04T12:26:59.889+0530] {processor.py:161} INFO - Started process (PID=25330) to work on /home/tejhanagarajan/Projects/small-projects/NewsImpact/venv/lib64/python3.10/site-packages/airflow/example_dags/example_latest_only.py
[2025-07-04T12:26:59.890+0530] {processor.py:830} INFO - Processing file /home/tejhanagarajan/Projects/small-projects/NewsImpact/venv/lib64/python3.10/site-packages/airflow/example_dags/example_latest_only.py for tasks to queue
[2025-07-04T12:26:59.891+0530] {logging_mixin.py:188} INFO - [2025-07-04T12:26:59.890+0530] {dagbag.py:538} INFO - Filling up the DagBag from /home/tejhanagarajan/Projects/small-projects/NewsImpact/venv/lib64/python3.10/site-packages/airflow/example_dags/example_latest_only.py
[2025-07-04T12:26:59.894+0530] {processor.py:840} INFO - DAG(s) 'latest_only' retrieved from /home/tejhanagarajan/Projects/small-projects/NewsImpact/venv/lib64/python3.10/site-packages/airflow/example_dags/example_latest_only.py
[2025-07-04T12:26:59.953+0530] {logging_mixin.py:188} INFO - [2025-07-04T12:26:59.952+0530] {override.py:1769} INFO - Created Permission View: can read on DAG:latest_only
[2025-07-04T12:26:59.964+0530] {logging_mixin.py:188} INFO - [2025-07-04T12:26:59.964+0530] {override.py:1769} INFO - Created Permission View: can edit on DAG:latest_only
[2025-07-04T12:26:59.975+0530] {logging_mixin.py:188} INFO - [2025-07-04T12:26:59.975+0530] {override.py:1769} INFO - Created Permission View: can delete on DAG:latest_only
[2025-07-04T12:26:59.975+0530] {logging_mixin.py:188} INFO - [2025-07-04T12:26:59.975+0530] {dag.py:3036} INFO - Sync 1 DAGs
[2025-07-04T12:26:59.982+0530] {logging_mixin.py:188} INFO - [2025-07-04T12:26:59.981+0530] {dag.py:3058} INFO - Creating ORM DAG for latest_only
[2025-07-04T12:26:59.986+0530] {logging_mixin.py:188} INFO - [2025-07-04T12:26:59.986+0530] {dag.py:3823} INFO - Setting next_dagrun for latest_only to 2025-07-04 00:00:00+00:00, run_after=2025-07-04 04:00:00+00:00
[2025-07-04T12:27:00.002+0530] {processor.py:183} INFO - Processing /home/tejhanagarajan/Projects/small-projects/NewsImpact/venv/lib64/python3.10/site-packages/airflow/example_dags/example_latest_only.py took 0.115 seconds
[2025-07-04T12:27:49.256+0530] {processor.py:161} INFO - Started process (PID=25695) to work on /home/tejhanagarajan/Projects/small-projects/NewsImpact/venv/lib64/python3.10/site-packages/airflow/example_dags/example_latest_only.py
[2025-07-04T12:27:49.256+0530] {processor.py:830} INFO - Processing file /home/tejhanagarajan/Projects/small-projects/NewsImpact/venv/lib64/python3.10/site-packages/airflow/example_dags/example_latest_only.py for tasks to queue
[2025-07-04T12:27:49.257+0530] {logging_mixin.py:188} INFO - [2025-07-04T12:27:49.257+0530] {dagbag.py:538} INFO - Filling up the DagBag from /home/tejhanagarajan/Projects/small-projects/NewsImpact/venv/lib64/python3.10/site-packages/airflow/example_dags/example_latest_only.py
[2025-07-04T12:27:49.260+0530] {processor.py:840} INFO - DAG(s) 'latest_only' retrieved from /home/tejhanagarajan/Projects/small-projects/NewsImpact/venv/lib64/python3.10/site-packages/airflow/example_dags/example_latest_only.py
[2025-07-04T12:27:49.268+0530] {logging_mixin.py:188} INFO - [2025-07-04T12:27:49.268+0530] {dag.py:3036} INFO - Sync 1 DAGs
[2025-07-04T12:27:49.276+0530] {logging_mixin.py:188} INFO - [2025-07-04T12:27:49.276+0530] {dag.py:3823} INFO - Setting next_dagrun for latest_only to 2025-07-04 00:00:00+00:00, run_after=2025-07-04 04:00:00+00:00
[2025-07-04T12:27:49.296+0530] {processor.py:183} INFO - Processing /home/tejhanagarajan/Projects/small-projects/NewsImpact/venv/lib64/python3.10/site-packages/airflow/example_dags/example_latest_only.py took 0.042 seconds
[2025-07-04T12:28:45.639+0530] {processor.py:161} INFO - Started process (PID=26194) to work on /home/tejhanagarajan/Projects/small-projects/NewsImpact/venv/lib64/python3.10/site-packages/airflow/example_dags/example_latest_only.py
[2025-07-04T12:28:45.639+0530] {processor.py:830} INFO - Processing file /home/tejhanagarajan/Projects/small-projects/NewsImpact/venv/lib64/python3.10/site-packages/airflow/example_dags/example_latest_only.py for tasks to queue
[2025-07-04T12:28:45.640+0530] {logging_mixin.py:188} INFO - [2025-07-04T12:28:45.640+0530] {dagbag.py:538} INFO - Filling up the DagBag from /home/tejhanagarajan/Projects/small-projects/NewsImpact/venv/lib64/python3.10/site-packages/airflow/example_dags/example_latest_only.py
[2025-07-04T12:28:45.643+0530] {processor.py:840} INFO - DAG(s) 'latest_only' retrieved from /home/tejhanagarajan/Projects/small-projects/NewsImpact/venv/lib64/python3.10/site-packages/airflow/example_dags/example_latest_only.py
[2025-07-04T12:28:45.650+0530] {logging_mixin.py:188} INFO - [2025-07-04T12:28:45.650+0530] {dag.py:3036} INFO - Sync 1 DAGs
[2025-07-04T12:28:45.660+0530] {logging_mixin.py:188} INFO - [2025-07-04T12:28:45.660+0530] {dag.py:3823} INFO - Setting next_dagrun for latest_only to 2025-07-04 00:00:00+00:00, run_after=2025-07-04 04:00:00+00:00
[2025-07-04T12:28:45.679+0530] {processor.py:183} INFO - Processing /home/tejhanagarajan/Projects/small-projects/NewsImpact/venv/lib64/python3.10/site-packages/airflow/example_dags/example_latest_only.py took 0.042 seconds
[2025-07-04T12:29:44.742+0530] {processor.py:161} INFO - Started process (PID=26677) to work on /home/tejhanagarajan/Projects/small-projects/NewsImpact/venv/lib64/python3.10/site-packages/airflow/example_dags/example_latest_only.py
[2025-07-04T12:29:44.744+0530] {processor.py:830} INFO - Processing file /home/tejhanagarajan/Projects/small-projects/NewsImpact/venv/lib64/python3.10/site-packages/airflow/example_dags/example_latest_only.py for tasks to queue
[2025-07-04T12:29:44.745+0530] {logging_mixin.py:188} INFO - [2025-07-04T12:29:44.745+0530] {dagbag.py:538} INFO - Filling up the DagBag from /home/tejhanagarajan/Projects/small-projects/NewsImpact/venv/lib64/python3.10/site-packages/airflow/example_dags/example_latest_only.py
[2025-07-04T12:29:44.749+0530] {processor.py:840} INFO - DAG(s) 'latest_only' retrieved from /home/tejhanagarajan/Projects/small-projects/NewsImpact/venv/lib64/python3.10/site-packages/airflow/example_dags/example_latest_only.py
[2025-07-04T12:29:44.756+0530] {logging_mixin.py:188} INFO - [2025-07-04T12:29:44.755+0530] {dag.py:3036} INFO - Sync 1 DAGs
[2025-07-04T12:29:44.764+0530] {logging_mixin.py:188} INFO - [2025-07-04T12:29:44.764+0530] {dag.py:3823} INFO - Setting next_dagrun for latest_only to 2025-07-04 00:00:00+00:00, run_after=2025-07-04 04:00:00+00:00
[2025-07-04T12:29:44.780+0530] {processor.py:183} INFO - Processing /home/tejhanagarajan/Projects/small-projects/NewsImpact/venv/lib64/python3.10/site-packages/airflow/example_dags/example_latest_only.py took 0.040 seconds
[2025-07-04T12:30:35.121+0530] {processor.py:161} INFO - Started process (PID=27041) to work on /home/tejhanagarajan/Projects/small-projects/NewsImpact/venv/lib64/python3.10/site-packages/airflow/example_dags/example_latest_only.py
[2025-07-04T12:30:35.124+0530] {processor.py:830} INFO - Processing file /home/tejhanagarajan/Projects/small-projects/NewsImpact/venv/lib64/python3.10/site-packages/airflow/example_dags/example_latest_only.py for tasks to queue
[2025-07-04T12:30:35.125+0530] {logging_mixin.py:188} INFO - [2025-07-04T12:30:35.125+0530] {dagbag.py:538} INFO - Filling up the DagBag from /home/tejhanagarajan/Projects/small-projects/NewsImpact/venv/lib64/python3.10/site-packages/airflow/example_dags/example_latest_only.py
[2025-07-04T12:30:35.130+0530] {processor.py:840} INFO - DAG(s) 'latest_only' retrieved from /home/tejhanagarajan/Projects/small-projects/NewsImpact/venv/lib64/python3.10/site-packages/airflow/example_dags/example_latest_only.py
[2025-07-04T12:30:35.138+0530] {logging_mixin.py:188} INFO - [2025-07-04T12:30:35.137+0530] {dag.py:3036} INFO - Sync 1 DAGs
[2025-07-04T12:30:35.146+0530] {logging_mixin.py:188} INFO - [2025-07-04T12:30:35.146+0530] {dag.py:3823} INFO - Setting next_dagrun for latest_only to 2025-07-04 00:00:00+00:00, run_after=2025-07-04 04:00:00+00:00
[2025-07-04T12:30:35.162+0530] {processor.py:183} INFO - Processing /home/tejhanagarajan/Projects/small-projects/NewsImpact/venv/lib64/python3.10/site-packages/airflow/example_dags/example_latest_only.py took 0.043 seconds
[2025-07-04T12:33:23.952+0530] {processor.py:161} INFO - Started process (PID=30194) to work on /home/tejhanagarajan/Projects/small-projects/NewsImpact/venv/lib64/python3.10/site-packages/airflow/example_dags/example_latest_only.py
[2025-07-04T12:33:23.955+0530] {processor.py:830} INFO - Processing file /home/tejhanagarajan/Projects/small-projects/NewsImpact/venv/lib64/python3.10/site-packages/airflow/example_dags/example_latest_only.py for tasks to queue
[2025-07-04T12:33:23.956+0530] {logging_mixin.py:188} INFO - [2025-07-04T12:33:23.955+0530] {dagbag.py:538} INFO - Filling up the DagBag from /home/tejhanagarajan/Projects/small-projects/NewsImpact/venv/lib64/python3.10/site-packages/airflow/example_dags/example_latest_only.py
[2025-07-04T12:33:23.963+0530] {processor.py:840} INFO - DAG(s) 'latest_only' retrieved from /home/tejhanagarajan/Projects/small-projects/NewsImpact/venv/lib64/python3.10/site-packages/airflow/example_dags/example_latest_only.py
[2025-07-04T12:33:23.972+0530] {logging_mixin.py:188} INFO - [2025-07-04T12:33:23.972+0530] {dag.py:3036} INFO - Sync 1 DAGs
[2025-07-04T12:33:23.981+0530] {logging_mixin.py:188} INFO - [2025-07-04T12:33:23.980+0530] {dag.py:3823} INFO - Setting next_dagrun for latest_only to 2025-07-04 00:00:00+00:00, run_after=2025-07-04 04:00:00+00:00
[2025-07-04T12:33:23.997+0530] {processor.py:183} INFO - Processing /home/tejhanagarajan/Projects/small-projects/NewsImpact/venv/lib64/python3.10/site-packages/airflow/example_dags/example_latest_only.py took 0.047 seconds
[2025-07-04T12:34:11.470+0530] {processor.py:161} INFO - Started process (PID=30531) to work on /home/tejhanagarajan/Projects/small-projects/NewsImpact/venv/lib64/python3.10/site-packages/airflow/example_dags/example_latest_only.py
[2025-07-04T12:34:11.472+0530] {processor.py:830} INFO - Processing file /home/tejhanagarajan/Projects/small-projects/NewsImpact/venv/lib64/python3.10/site-packages/airflow/example_dags/example_latest_only.py for tasks to queue
[2025-07-04T12:34:11.472+0530] {logging_mixin.py:188} INFO - [2025-07-04T12:34:11.472+0530] {dagbag.py:538} INFO - Filling up the DagBag from /home/tejhanagarajan/Projects/small-projects/NewsImpact/venv/lib64/python3.10/site-packages/airflow/example_dags/example_latest_only.py
[2025-07-04T12:34:11.475+0530] {processor.py:840} INFO - DAG(s) 'latest_only' retrieved from /home/tejhanagarajan/Projects/small-projects/NewsImpact/venv/lib64/python3.10/site-packages/airflow/example_dags/example_latest_only.py
[2025-07-04T12:34:11.481+0530] {logging_mixin.py:188} INFO - [2025-07-04T12:34:11.481+0530] {dag.py:3036} INFO - Sync 1 DAGs
[2025-07-04T12:34:11.489+0530] {logging_mixin.py:188} INFO - [2025-07-04T12:34:11.489+0530] {dag.py:3823} INFO - Setting next_dagrun for latest_only to 2025-07-04 00:00:00+00:00, run_after=2025-07-04 04:00:00+00:00
[2025-07-04T12:34:11.506+0530] {processor.py:183} INFO - Processing /home/tejhanagarajan/Projects/small-projects/NewsImpact/venv/lib64/python3.10/site-packages/airflow/example_dags/example_latest_only.py took 0.038 seconds
[2025-07-04T12:35:02.974+0530] {processor.py:161} INFO - Started process (PID=31154) to work on /home/tejhanagarajan/Projects/small-projects/NewsImpact/venv/lib64/python3.10/site-packages/airflow/example_dags/example_latest_only.py
[2025-07-04T12:35:02.977+0530] {processor.py:830} INFO - Processing file /home/tejhanagarajan/Projects/small-projects/NewsImpact/venv/lib64/python3.10/site-packages/airflow/example_dags/example_latest_only.py for tasks to queue
[2025-07-04T12:35:02.977+0530] {logging_mixin.py:188} INFO - [2025-07-04T12:35:02.977+0530] {dagbag.py:538} INFO - Filling up the DagBag from /home/tejhanagarajan/Projects/small-projects/NewsImpact/venv/lib64/python3.10/site-packages/airflow/example_dags/example_latest_only.py
[2025-07-04T12:35:02.981+0530] {processor.py:840} INFO - DAG(s) 'latest_only' retrieved from /home/tejhanagarajan/Projects/small-projects/NewsImpact/venv/lib64/python3.10/site-packages/airflow/example_dags/example_latest_only.py
[2025-07-04T12:35:02.987+0530] {logging_mixin.py:188} INFO - [2025-07-04T12:35:02.987+0530] {dag.py:3036} INFO - Sync 1 DAGs
[2025-07-04T12:35:02.996+0530] {logging_mixin.py:188} INFO - [2025-07-04T12:35:02.996+0530] {dag.py:3823} INFO - Setting next_dagrun for latest_only to 2025-07-04 00:00:00+00:00, run_after=2025-07-04 04:00:00+00:00
[2025-07-04T12:35:03.015+0530] {processor.py:183} INFO - Processing /home/tejhanagarajan/Projects/small-projects/NewsImpact/venv/lib64/python3.10/site-packages/airflow/example_dags/example_latest_only.py took 0.042 seconds
[2025-07-04T12:35:56.783+0530] {processor.py:161} INFO - Started process (PID=31613) to work on /home/tejhanagarajan/Projects/small-projects/NewsImpact/venv/lib64/python3.10/site-packages/airflow/example_dags/example_latest_only.py
[2025-07-04T12:35:56.784+0530] {processor.py:830} INFO - Processing file /home/tejhanagarajan/Projects/small-projects/NewsImpact/venv/lib64/python3.10/site-packages/airflow/example_dags/example_latest_only.py for tasks to queue
[2025-07-04T12:35:56.784+0530] {logging_mixin.py:188} INFO - [2025-07-04T12:35:56.784+0530] {dagbag.py:538} INFO - Filling up the DagBag from /home/tejhanagarajan/Projects/small-projects/NewsImpact/venv/lib64/python3.10/site-packages/airflow/example_dags/example_latest_only.py
[2025-07-04T12:35:56.787+0530] {processor.py:840} INFO - DAG(s) 'latest_only' retrieved from /home/tejhanagarajan/Projects/small-projects/NewsImpact/venv/lib64/python3.10/site-packages/airflow/example_dags/example_latest_only.py
[2025-07-04T12:35:56.793+0530] {logging_mixin.py:188} INFO - [2025-07-04T12:35:56.793+0530] {dag.py:3036} INFO - Sync 1 DAGs
[2025-07-04T12:35:56.801+0530] {logging_mixin.py:188} INFO - [2025-07-04T12:35:56.801+0530] {dag.py:3823} INFO - Setting next_dagrun for latest_only to 2025-07-04 00:00:00+00:00, run_after=2025-07-04 04:00:00+00:00
[2025-07-04T12:35:56.818+0530] {processor.py:183} INFO - Processing /home/tejhanagarajan/Projects/small-projects/NewsImpact/venv/lib64/python3.10/site-packages/airflow/example_dags/example_latest_only.py took 0.036 seconds
[2025-07-04T12:36:52.489+0530] {processor.py:161} INFO - Started process (PID=32175) to work on /home/tejhanagarajan/Projects/small-projects/NewsImpact/venv/lib64/python3.10/site-packages/airflow/example_dags/example_latest_only.py
[2025-07-04T12:36:52.490+0530] {processor.py:830} INFO - Processing file /home/tejhanagarajan/Projects/small-projects/NewsImpact/venv/lib64/python3.10/site-packages/airflow/example_dags/example_latest_only.py for tasks to queue
[2025-07-04T12:36:52.490+0530] {logging_mixin.py:188} INFO - [2025-07-04T12:36:52.490+0530] {dagbag.py:538} INFO - Filling up the DagBag from /home/tejhanagarajan/Projects/small-projects/NewsImpact/venv/lib64/python3.10/site-packages/airflow/example_dags/example_latest_only.py
[2025-07-04T12:36:52.493+0530] {processor.py:840} INFO - DAG(s) 'latest_only' retrieved from /home/tejhanagarajan/Projects/small-projects/NewsImpact/venv/lib64/python3.10/site-packages/airflow/example_dags/example_latest_only.py
[2025-07-04T12:36:52.501+0530] {logging_mixin.py:188} INFO - [2025-07-04T12:36:52.501+0530] {dag.py:3036} INFO - Sync 1 DAGs
[2025-07-04T12:36:52.510+0530] {logging_mixin.py:188} INFO - [2025-07-04T12:36:52.510+0530] {dag.py:3823} INFO - Setting next_dagrun for latest_only to 2025-07-04 00:00:00+00:00, run_after=2025-07-04 04:00:00+00:00
[2025-07-04T12:36:52.527+0530] {processor.py:183} INFO - Processing /home/tejhanagarajan/Projects/small-projects/NewsImpact/venv/lib64/python3.10/site-packages/airflow/example_dags/example_latest_only.py took 0.039 seconds
[2025-07-04T12:37:38.184+0530] {processor.py:161} INFO - Started process (PID=32761) to work on /home/tejhanagarajan/Projects/small-projects/NewsImpact/venv/lib64/python3.10/site-packages/airflow/example_dags/example_latest_only.py
[2025-07-04T12:37:38.187+0530] {processor.py:830} INFO - Processing file /home/tejhanagarajan/Projects/small-projects/NewsImpact/venv/lib64/python3.10/site-packages/airflow/example_dags/example_latest_only.py for tasks to queue
[2025-07-04T12:37:38.188+0530] {logging_mixin.py:188} INFO - [2025-07-04T12:37:38.187+0530] {dagbag.py:538} INFO - Filling up the DagBag from /home/tejhanagarajan/Projects/small-projects/NewsImpact/venv/lib64/python3.10/site-packages/airflow/example_dags/example_latest_only.py
[2025-07-04T12:37:38.193+0530] {processor.py:840} INFO - DAG(s) 'latest_only' retrieved from /home/tejhanagarajan/Projects/small-projects/NewsImpact/venv/lib64/python3.10/site-packages/airflow/example_dags/example_latest_only.py
[2025-07-04T12:37:38.199+0530] {logging_mixin.py:188} INFO - [2025-07-04T12:37:38.199+0530] {dag.py:3036} INFO - Sync 1 DAGs
[2025-07-04T12:37:38.207+0530] {logging_mixin.py:188} INFO - [2025-07-04T12:37:38.207+0530] {dag.py:3823} INFO - Setting next_dagrun for latest_only to 2025-07-04 00:00:00+00:00, run_after=2025-07-04 04:00:00+00:00
[2025-07-04T12:37:38.225+0530] {processor.py:183} INFO - Processing /home/tejhanagarajan/Projects/small-projects/NewsImpact/venv/lib64/python3.10/site-packages/airflow/example_dags/example_latest_only.py took 0.044 seconds
[2025-07-04T12:38:26.004+0530] {processor.py:161} INFO - Started process (PID=34887) to work on /home/tejhanagarajan/Projects/small-projects/NewsImpact/venv/lib64/python3.10/site-packages/airflow/example_dags/example_latest_only.py
[2025-07-04T12:38:26.005+0530] {processor.py:830} INFO - Processing file /home/tejhanagarajan/Projects/small-projects/NewsImpact/venv/lib64/python3.10/site-packages/airflow/example_dags/example_latest_only.py for tasks to queue
[2025-07-04T12:38:26.005+0530] {logging_mixin.py:188} INFO - [2025-07-04T12:38:26.005+0530] {dagbag.py:538} INFO - Filling up the DagBag from /home/tejhanagarajan/Projects/small-projects/NewsImpact/venv/lib64/python3.10/site-packages/airflow/example_dags/example_latest_only.py
[2025-07-04T12:38:26.008+0530] {processor.py:840} INFO - DAG(s) 'latest_only' retrieved from /home/tejhanagarajan/Projects/small-projects/NewsImpact/venv/lib64/python3.10/site-packages/airflow/example_dags/example_latest_only.py
[2025-07-04T12:38:26.017+0530] {logging_mixin.py:188} INFO - [2025-07-04T12:38:26.017+0530] {dag.py:3036} INFO - Sync 1 DAGs
[2025-07-04T12:38:26.027+0530] {logging_mixin.py:188} INFO - [2025-07-04T12:38:26.027+0530] {dag.py:3823} INFO - Setting next_dagrun for latest_only to 2025-07-04 00:00:00+00:00, run_after=2025-07-04 04:00:00+00:00
[2025-07-04T12:38:26.045+0530] {processor.py:183} INFO - Processing /home/tejhanagarajan/Projects/small-projects/NewsImpact/venv/lib64/python3.10/site-packages/airflow/example_dags/example_latest_only.py took 0.043 seconds
[2025-07-04T12:38:28.880+0530] {processor.py:161} INFO - Started process (PID=34903) to work on /home/tejhanagarajan/Projects/small-projects/NewsImpact/venv/lib64/python3.10/site-packages/airflow/example_dags/example_latest_only.py
[2025-07-04T12:38:28.881+0530] {processor.py:830} INFO - Processing file /home/tejhanagarajan/Projects/small-projects/NewsImpact/venv/lib64/python3.10/site-packages/airflow/example_dags/example_latest_only.py for tasks to queue
[2025-07-04T12:38:28.881+0530] {logging_mixin.py:188} INFO - [2025-07-04T12:38:28.881+0530] {dagbag.py:538} INFO - Filling up the DagBag from /home/tejhanagarajan/Projects/small-projects/NewsImpact/venv/lib64/python3.10/site-packages/airflow/example_dags/example_latest_only.py
[2025-07-04T12:38:28.885+0530] {processor.py:840} INFO - DAG(s) 'latest_only' retrieved from /home/tejhanagarajan/Projects/small-projects/NewsImpact/venv/lib64/python3.10/site-packages/airflow/example_dags/example_latest_only.py
[2025-07-04T12:38:28.892+0530] {logging_mixin.py:188} INFO - [2025-07-04T12:38:28.892+0530] {dag.py:3036} INFO - Sync 1 DAGs
[2025-07-04T12:38:28.902+0530] {logging_mixin.py:188} INFO - [2025-07-04T12:38:28.902+0530] {dag.py:3823} INFO - Setting next_dagrun for latest_only to 2025-07-04 00:00:00+00:00, run_after=2025-07-04 04:00:00+00:00
[2025-07-04T12:38:28.918+0530] {processor.py:183} INFO - Processing /home/tejhanagarajan/Projects/small-projects/NewsImpact/venv/lib64/python3.10/site-packages/airflow/example_dags/example_latest_only.py took 0.041 seconds
[2025-07-04T12:39:13.577+0530] {processor.py:161} INFO - Started process (PID=35336) to work on /home/tejhanagarajan/Projects/small-projects/NewsImpact/venv/lib64/python3.10/site-packages/airflow/example_dags/example_latest_only.py
[2025-07-04T12:39:13.579+0530] {processor.py:830} INFO - Processing file /home/tejhanagarajan/Projects/small-projects/NewsImpact/venv/lib64/python3.10/site-packages/airflow/example_dags/example_latest_only.py for tasks to queue
[2025-07-04T12:39:13.580+0530] {logging_mixin.py:188} INFO - [2025-07-04T12:39:13.580+0530] {dagbag.py:538} INFO - Filling up the DagBag from /home/tejhanagarajan/Projects/small-projects/NewsImpact/venv/lib64/python3.10/site-packages/airflow/example_dags/example_latest_only.py
[2025-07-04T12:39:13.582+0530] {processor.py:840} INFO - DAG(s) 'latest_only' retrieved from /home/tejhanagarajan/Projects/small-projects/NewsImpact/venv/lib64/python3.10/site-packages/airflow/example_dags/example_latest_only.py
[2025-07-04T12:39:13.589+0530] {logging_mixin.py:188} INFO - [2025-07-04T12:39:13.589+0530] {dag.py:3036} INFO - Sync 1 DAGs
[2025-07-04T12:39:13.596+0530] {logging_mixin.py:188} INFO - [2025-07-04T12:39:13.596+0530] {dag.py:3823} INFO - Setting next_dagrun for latest_only to 2025-07-04 00:00:00+00:00, run_after=2025-07-04 04:00:00+00:00
[2025-07-04T12:39:13.613+0530] {processor.py:183} INFO - Processing /home/tejhanagarajan/Projects/small-projects/NewsImpact/venv/lib64/python3.10/site-packages/airflow/example_dags/example_latest_only.py took 0.038 seconds
[2025-07-04T12:39:20.365+0530] {processor.py:161} INFO - Started process (PID=35418) to work on /home/tejhanagarajan/Projects/small-projects/NewsImpact/venv/lib64/python3.10/site-packages/airflow/example_dags/example_latest_only.py
[2025-07-04T12:39:20.365+0530] {processor.py:830} INFO - Processing file /home/tejhanagarajan/Projects/small-projects/NewsImpact/venv/lib64/python3.10/site-packages/airflow/example_dags/example_latest_only.py for tasks to queue
[2025-07-04T12:39:20.366+0530] {logging_mixin.py:188} INFO - [2025-07-04T12:39:20.366+0530] {dagbag.py:538} INFO - Filling up the DagBag from /home/tejhanagarajan/Projects/small-projects/NewsImpact/venv/lib64/python3.10/site-packages/airflow/example_dags/example_latest_only.py
[2025-07-04T12:39:20.368+0530] {processor.py:840} INFO - DAG(s) 'latest_only' retrieved from /home/tejhanagarajan/Projects/small-projects/NewsImpact/venv/lib64/python3.10/site-packages/airflow/example_dags/example_latest_only.py
[2025-07-04T12:39:20.374+0530] {logging_mixin.py:188} INFO - [2025-07-04T12:39:20.374+0530] {dag.py:3036} INFO - Sync 1 DAGs
[2025-07-04T12:39:20.382+0530] {logging_mixin.py:188} INFO - [2025-07-04T12:39:20.382+0530] {dag.py:3823} INFO - Setting next_dagrun for latest_only to 2025-07-04 00:00:00+00:00, run_after=2025-07-04 04:00:00+00:00
[2025-07-04T12:39:20.399+0530] {processor.py:183} INFO - Processing /home/tejhanagarajan/Projects/small-projects/NewsImpact/venv/lib64/python3.10/site-packages/airflow/example_dags/example_latest_only.py took 0.035 seconds
[2025-07-04T12:42:28.081+0530] {processor.py:161} INFO - Started process (PID=37973) to work on /home/tejhanagarajan/Projects/small-projects/NewsImpact/venv/lib64/python3.10/site-packages/airflow/example_dags/example_latest_only.py
[2025-07-04T12:42:28.084+0530] {processor.py:830} INFO - Processing file /home/tejhanagarajan/Projects/small-projects/NewsImpact/venv/lib64/python3.10/site-packages/airflow/example_dags/example_latest_only.py for tasks to queue
[2025-07-04T12:42:28.084+0530] {logging_mixin.py:188} INFO - [2025-07-04T12:42:28.084+0530] {dagbag.py:538} INFO - Filling up the DagBag from /home/tejhanagarajan/Projects/small-projects/NewsImpact/venv/lib64/python3.10/site-packages/airflow/example_dags/example_latest_only.py
[2025-07-04T12:42:28.087+0530] {processor.py:840} INFO - DAG(s) 'latest_only' retrieved from /home/tejhanagarajan/Projects/small-projects/NewsImpact/venv/lib64/python3.10/site-packages/airflow/example_dags/example_latest_only.py
[2025-07-04T12:42:28.096+0530] {logging_mixin.py:188} INFO - [2025-07-04T12:42:28.096+0530] {dag.py:3036} INFO - Sync 1 DAGs
[2025-07-04T12:42:28.106+0530] {logging_mixin.py:188} INFO - [2025-07-04T12:42:28.106+0530] {dag.py:3823} INFO - Setting next_dagrun for latest_only to 2025-07-04 00:00:00+00:00, run_after=2025-07-04 04:00:00+00:00
[2025-07-04T12:42:28.123+0530] {processor.py:183} INFO - Processing /home/tejhanagarajan/Projects/small-projects/NewsImpact/venv/lib64/python3.10/site-packages/airflow/example_dags/example_latest_only.py took 0.043 seconds
[2025-07-04T12:43:15.476+0530] {processor.py:161} INFO - Started process (PID=38332) to work on /home/tejhanagarajan/Projects/small-projects/NewsImpact/venv/lib64/python3.10/site-packages/airflow/example_dags/example_latest_only.py
[2025-07-04T12:43:15.480+0530] {processor.py:830} INFO - Processing file /home/tejhanagarajan/Projects/small-projects/NewsImpact/venv/lib64/python3.10/site-packages/airflow/example_dags/example_latest_only.py for tasks to queue
[2025-07-04T12:43:15.481+0530] {logging_mixin.py:188} INFO - [2025-07-04T12:43:15.481+0530] {dagbag.py:538} INFO - Filling up the DagBag from /home/tejhanagarajan/Projects/small-projects/NewsImpact/venv/lib64/python3.10/site-packages/airflow/example_dags/example_latest_only.py
[2025-07-04T12:43:15.484+0530] {processor.py:840} INFO - DAG(s) 'latest_only' retrieved from /home/tejhanagarajan/Projects/small-projects/NewsImpact/venv/lib64/python3.10/site-packages/airflow/example_dags/example_latest_only.py
[2025-07-04T12:43:15.490+0530] {logging_mixin.py:188} INFO - [2025-07-04T12:43:15.490+0530] {dag.py:3036} INFO - Sync 1 DAGs
[2025-07-04T12:43:15.499+0530] {logging_mixin.py:188} INFO - [2025-07-04T12:43:15.498+0530] {dag.py:3823} INFO - Setting next_dagrun for latest_only to 2025-07-04 00:00:00+00:00, run_after=2025-07-04 04:00:00+00:00
[2025-07-04T12:43:15.516+0530] {processor.py:183} INFO - Processing /home/tejhanagarajan/Projects/small-projects/NewsImpact/venv/lib64/python3.10/site-packages/airflow/example_dags/example_latest_only.py took 0.041 seconds
[2025-07-04T12:44:06.029+0530] {processor.py:161} INFO - Started process (PID=38760) to work on /home/tejhanagarajan/Projects/small-projects/NewsImpact/venv/lib64/python3.10/site-packages/airflow/example_dags/example_latest_only.py
[2025-07-04T12:44:06.031+0530] {processor.py:830} INFO - Processing file /home/tejhanagarajan/Projects/small-projects/NewsImpact/venv/lib64/python3.10/site-packages/airflow/example_dags/example_latest_only.py for tasks to queue
[2025-07-04T12:44:06.032+0530] {logging_mixin.py:188} INFO - [2025-07-04T12:44:06.032+0530] {dagbag.py:538} INFO - Filling up the DagBag from /home/tejhanagarajan/Projects/small-projects/NewsImpact/venv/lib64/python3.10/site-packages/airflow/example_dags/example_latest_only.py
[2025-07-04T12:44:06.037+0530] {processor.py:840} INFO - DAG(s) 'latest_only' retrieved from /home/tejhanagarajan/Projects/small-projects/NewsImpact/venv/lib64/python3.10/site-packages/airflow/example_dags/example_latest_only.py
[2025-07-04T12:44:06.043+0530] {logging_mixin.py:188} INFO - [2025-07-04T12:44:06.043+0530] {dag.py:3036} INFO - Sync 1 DAGs
[2025-07-04T12:44:06.051+0530] {logging_mixin.py:188} INFO - [2025-07-04T12:44:06.051+0530] {dag.py:3823} INFO - Setting next_dagrun for latest_only to 2025-07-04 00:00:00+00:00, run_after=2025-07-04 04:00:00+00:00
[2025-07-04T12:44:06.067+0530] {processor.py:183} INFO - Processing /home/tejhanagarajan/Projects/small-projects/NewsImpact/venv/lib64/python3.10/site-packages/airflow/example_dags/example_latest_only.py took 0.040 seconds
[2025-07-04T12:45:00.024+0530] {processor.py:161} INFO - Started process (PID=39121) to work on /home/tejhanagarajan/Projects/small-projects/NewsImpact/venv/lib64/python3.10/site-packages/airflow/example_dags/example_latest_only.py
[2025-07-04T12:45:00.025+0530] {processor.py:830} INFO - Processing file /home/tejhanagarajan/Projects/small-projects/NewsImpact/venv/lib64/python3.10/site-packages/airflow/example_dags/example_latest_only.py for tasks to queue
[2025-07-04T12:45:00.026+0530] {logging_mixin.py:188} INFO - [2025-07-04T12:45:00.026+0530] {dagbag.py:538} INFO - Filling up the DagBag from /home/tejhanagarajan/Projects/small-projects/NewsImpact/venv/lib64/python3.10/site-packages/airflow/example_dags/example_latest_only.py
[2025-07-04T12:45:00.031+0530] {processor.py:840} INFO - DAG(s) 'latest_only' retrieved from /home/tejhanagarajan/Projects/small-projects/NewsImpact/venv/lib64/python3.10/site-packages/airflow/example_dags/example_latest_only.py
[2025-07-04T12:45:00.037+0530] {logging_mixin.py:188} INFO - [2025-07-04T12:45:00.037+0530] {dag.py:3036} INFO - Sync 1 DAGs
[2025-07-04T12:45:00.045+0530] {logging_mixin.py:188} INFO - [2025-07-04T12:45:00.045+0530] {dag.py:3823} INFO - Setting next_dagrun for latest_only to 2025-07-04 00:00:00+00:00, run_after=2025-07-04 04:00:00+00:00
[2025-07-04T12:45:00.061+0530] {processor.py:183} INFO - Processing /home/tejhanagarajan/Projects/small-projects/NewsImpact/venv/lib64/python3.10/site-packages/airflow/example_dags/example_latest_only.py took 0.039 seconds
[2025-07-04T12:45:53.048+0530] {processor.py:161} INFO - Started process (PID=39536) to work on /home/tejhanagarajan/Projects/small-projects/NewsImpact/venv/lib64/python3.10/site-packages/airflow/example_dags/example_latest_only.py
[2025-07-04T12:45:53.050+0530] {processor.py:830} INFO - Processing file /home/tejhanagarajan/Projects/small-projects/NewsImpact/venv/lib64/python3.10/site-packages/airflow/example_dags/example_latest_only.py for tasks to queue
[2025-07-04T12:45:53.051+0530] {logging_mixin.py:188} INFO - [2025-07-04T12:45:53.051+0530] {dagbag.py:538} INFO - Filling up the DagBag from /home/tejhanagarajan/Projects/small-projects/NewsImpact/venv/lib64/python3.10/site-packages/airflow/example_dags/example_latest_only.py
[2025-07-04T12:45:53.053+0530] {processor.py:840} INFO - DAG(s) 'latest_only' retrieved from /home/tejhanagarajan/Projects/small-projects/NewsImpact/venv/lib64/python3.10/site-packages/airflow/example_dags/example_latest_only.py
[2025-07-04T12:45:53.059+0530] {logging_mixin.py:188} INFO - [2025-07-04T12:45:53.059+0530] {dag.py:3036} INFO - Sync 1 DAGs
[2025-07-04T12:45:53.068+0530] {logging_mixin.py:188} INFO - [2025-07-04T12:45:53.067+0530] {dag.py:3823} INFO - Setting next_dagrun for latest_only to 2025-07-04 00:00:00+00:00, run_after=2025-07-04 04:00:00+00:00
[2025-07-04T12:45:53.085+0530] {processor.py:183} INFO - Processing /home/tejhanagarajan/Projects/small-projects/NewsImpact/venv/lib64/python3.10/site-packages/airflow/example_dags/example_latest_only.py took 0.039 seconds
[2025-07-04T12:46:44.593+0530] {processor.py:161} INFO - Started process (PID=39897) to work on /home/tejhanagarajan/Projects/small-projects/NewsImpact/venv/lib64/python3.10/site-packages/airflow/example_dags/example_latest_only.py
[2025-07-04T12:46:44.596+0530] {processor.py:830} INFO - Processing file /home/tejhanagarajan/Projects/small-projects/NewsImpact/venv/lib64/python3.10/site-packages/airflow/example_dags/example_latest_only.py for tasks to queue
[2025-07-04T12:46:44.597+0530] {logging_mixin.py:188} INFO - [2025-07-04T12:46:44.596+0530] {dagbag.py:538} INFO - Filling up the DagBag from /home/tejhanagarajan/Projects/small-projects/NewsImpact/venv/lib64/python3.10/site-packages/airflow/example_dags/example_latest_only.py
[2025-07-04T12:46:44.601+0530] {processor.py:840} INFO - DAG(s) 'latest_only' retrieved from /home/tejhanagarajan/Projects/small-projects/NewsImpact/venv/lib64/python3.10/site-packages/airflow/example_dags/example_latest_only.py
[2025-07-04T12:46:44.609+0530] {logging_mixin.py:188} INFO - [2025-07-04T12:46:44.609+0530] {dag.py:3036} INFO - Sync 1 DAGs
[2025-07-04T12:46:44.618+0530] {logging_mixin.py:188} INFO - [2025-07-04T12:46:44.618+0530] {dag.py:3823} INFO - Setting next_dagrun for latest_only to 2025-07-04 00:00:00+00:00, run_after=2025-07-04 04:00:00+00:00
[2025-07-04T12:46:44.635+0530] {processor.py:183} INFO - Processing /home/tejhanagarajan/Projects/small-projects/NewsImpact/venv/lib64/python3.10/site-packages/airflow/example_dags/example_latest_only.py took 0.045 seconds
[2025-07-04T12:47:37.152+0530] {processor.py:161} INFO - Started process (PID=40295) to work on /home/tejhanagarajan/Projects/small-projects/NewsImpact/venv/lib64/python3.10/site-packages/airflow/example_dags/example_latest_only.py
[2025-07-04T12:47:37.155+0530] {processor.py:830} INFO - Processing file /home/tejhanagarajan/Projects/small-projects/NewsImpact/venv/lib64/python3.10/site-packages/airflow/example_dags/example_latest_only.py for tasks to queue
[2025-07-04T12:47:37.156+0530] {logging_mixin.py:188} INFO - [2025-07-04T12:47:37.156+0530] {dagbag.py:538} INFO - Filling up the DagBag from /home/tejhanagarajan/Projects/small-projects/NewsImpact/venv/lib64/python3.10/site-packages/airflow/example_dags/example_latest_only.py
[2025-07-04T12:47:37.162+0530] {processor.py:840} INFO - DAG(s) 'latest_only' retrieved from /home/tejhanagarajan/Projects/small-projects/NewsImpact/venv/lib64/python3.10/site-packages/airflow/example_dags/example_latest_only.py
[2025-07-04T12:47:37.169+0530] {logging_mixin.py:188} INFO - [2025-07-04T12:47:37.169+0530] {dag.py:3036} INFO - Sync 1 DAGs
[2025-07-04T12:47:37.176+0530] {logging_mixin.py:188} INFO - [2025-07-04T12:47:37.176+0530] {dag.py:3823} INFO - Setting next_dagrun for latest_only to 2025-07-04 00:00:00+00:00, run_after=2025-07-04 04:00:00+00:00
[2025-07-04T12:47:37.192+0530] {processor.py:183} INFO - Processing /home/tejhanagarajan/Projects/small-projects/NewsImpact/venv/lib64/python3.10/site-packages/airflow/example_dags/example_latest_only.py took 0.043 seconds
[2025-07-04T12:48:24.460+0530] {processor.py:161} INFO - Started process (PID=40663) to work on /home/tejhanagarajan/Projects/small-projects/NewsImpact/venv/lib64/python3.10/site-packages/airflow/example_dags/example_latest_only.py
[2025-07-04T12:48:24.463+0530] {processor.py:830} INFO - Processing file /home/tejhanagarajan/Projects/small-projects/NewsImpact/venv/lib64/python3.10/site-packages/airflow/example_dags/example_latest_only.py for tasks to queue
[2025-07-04T12:48:24.463+0530] {logging_mixin.py:188} INFO - [2025-07-04T12:48:24.463+0530] {dagbag.py:538} INFO - Filling up the DagBag from /home/tejhanagarajan/Projects/small-projects/NewsImpact/venv/lib64/python3.10/site-packages/airflow/example_dags/example_latest_only.py
[2025-07-04T12:48:24.467+0530] {processor.py:840} INFO - DAG(s) 'latest_only' retrieved from /home/tejhanagarajan/Projects/small-projects/NewsImpact/venv/lib64/python3.10/site-packages/airflow/example_dags/example_latest_only.py
[2025-07-04T12:48:24.473+0530] {logging_mixin.py:188} INFO - [2025-07-04T12:48:24.473+0530] {dag.py:3036} INFO - Sync 1 DAGs
[2025-07-04T12:48:24.481+0530] {logging_mixin.py:188} INFO - [2025-07-04T12:48:24.481+0530] {dag.py:3823} INFO - Setting next_dagrun for latest_only to 2025-07-04 00:00:00+00:00, run_after=2025-07-04 04:00:00+00:00
[2025-07-04T12:48:24.497+0530] {processor.py:183} INFO - Processing /home/tejhanagarajan/Projects/small-projects/NewsImpact/venv/lib64/python3.10/site-packages/airflow/example_dags/example_latest_only.py took 0.040 seconds
