[2025-07-04T12:27:10.199+0530] {processor.py:161} INFO - Started process (PID=25399) to work on /home/tejhanagarajan/Projects/small-projects/NewsImpact/venv/lib64/python3.10/site-packages/airflow/example_dags/example_branch_operator_decorator.py
[2025-07-04T12:27:10.200+0530] {processor.py:830} INFO - Processing file /home/tejhanagarajan/Projects/small-projects/NewsImpact/venv/lib64/python3.10/site-packages/airflow/example_dags/example_branch_operator_decorator.py for tasks to queue
[2025-07-04T12:27:10.200+0530] {logging_mixin.py:188} INFO - [2025-07-04T12:27:10.200+0530] {dagbag.py:538} INFO - Filling up the DagBag from /home/tejhanagarajan/Projects/small-projects/NewsImpact/venv/lib64/python3.10/site-packages/airflow/example_dags/example_branch_operator_decorator.py
[2025-07-04T12:27:10.212+0530] {processor.py:840} INFO - DAG(s) 'example_branch_python_operator_decorator' retrieved from /home/tejhanagarajan/Projects/small-projects/NewsImpact/venv/lib64/python3.10/site-packages/airflow/example_dags/example_branch_operator_decorator.py
[2025-07-04T12:27:10.276+0530] {logging_mixin.py:188} INFO - [2025-07-04T12:27:10.276+0530] {override.py:1769} INFO - Created Permission View: can read on DAG:example_branch_python_operator_decorator
[2025-07-04T12:27:10.288+0530] {logging_mixin.py:188} INFO - [2025-07-04T12:27:10.287+0530] {override.py:1769} INFO - Created Permission View: can edit on DAG:example_branch_python_operator_decorator
[2025-07-04T12:27:10.298+0530] {logging_mixin.py:188} INFO - [2025-07-04T12:27:10.297+0530] {override.py:1769} INFO - Created Permission View: can delete on DAG:example_branch_python_operator_decorator
[2025-07-04T12:27:10.298+0530] {logging_mixin.py:188} INFO - [2025-07-04T12:27:10.298+0530] {dag.py:3036} INFO - Sync 1 DAGs
[2025-07-04T12:27:10.302+0530] {logging_mixin.py:188} INFO - [2025-07-04T12:27:10.302+0530] {dag.py:3058} INFO - Creating ORM DAG for example_branch_python_operator_decorator
[2025-07-04T12:27:10.307+0530] {logging_mixin.py:188} INFO - [2025-07-04T12:27:10.307+0530] {dag.py:3823} INFO - Setting next_dagrun for example_branch_python_operator_decorator to 2025-07-03 00:00:00+00:00, run_after=2025-07-04 00:00:00+00:00
[2025-07-04T12:27:10.323+0530] {processor.py:183} INFO - Processing /home/tejhanagarajan/Projects/small-projects/NewsImpact/venv/lib64/python3.10/site-packages/airflow/example_dags/example_branch_operator_decorator.py took 0.125 seconds
[2025-07-04T12:28:07.685+0530] {processor.py:161} INFO - Started process (PID=25849) to work on /home/tejhanagarajan/Projects/small-projects/NewsImpact/venv/lib64/python3.10/site-packages/airflow/example_dags/example_branch_operator_decorator.py
[2025-07-04T12:28:07.686+0530] {processor.py:830} INFO - Processing file /home/tejhanagarajan/Projects/small-projects/NewsImpact/venv/lib64/python3.10/site-packages/airflow/example_dags/example_branch_operator_decorator.py for tasks to queue
[2025-07-04T12:28:07.687+0530] {logging_mixin.py:188} INFO - [2025-07-04T12:28:07.686+0530] {dagbag.py:538} INFO - Filling up the DagBag from /home/tejhanagarajan/Projects/small-projects/NewsImpact/venv/lib64/python3.10/site-packages/airflow/example_dags/example_branch_operator_decorator.py
[2025-07-04T12:28:07.696+0530] {processor.py:840} INFO - DAG(s) 'example_branch_python_operator_decorator' retrieved from /home/tejhanagarajan/Projects/small-projects/NewsImpact/venv/lib64/python3.10/site-packages/airflow/example_dags/example_branch_operator_decorator.py
[2025-07-04T12:28:07.705+0530] {logging_mixin.py:188} INFO - [2025-07-04T12:28:07.705+0530] {dag.py:3036} INFO - Sync 1 DAGs
[2025-07-04T12:28:07.714+0530] {logging_mixin.py:188} INFO - [2025-07-04T12:28:07.714+0530] {dag.py:3823} INFO - Setting next_dagrun for example_branch_python_operator_decorator to 2025-07-03 00:00:00+00:00, run_after=2025-07-04 00:00:00+00:00
[2025-07-04T12:28:07.732+0530] {processor.py:183} INFO - Processing /home/tejhanagarajan/Projects/small-projects/NewsImpact/venv/lib64/python3.10/site-packages/airflow/example_dags/example_branch_operator_decorator.py took 0.051 seconds
[2025-07-04T12:29:05.917+0530] {processor.py:161} INFO - Started process (PID=26343) to work on /home/tejhanagarajan/Projects/small-projects/NewsImpact/venv/lib64/python3.10/site-packages/airflow/example_dags/example_branch_operator_decorator.py
[2025-07-04T12:29:05.918+0530] {processor.py:830} INFO - Processing file /home/tejhanagarajan/Projects/small-projects/NewsImpact/venv/lib64/python3.10/site-packages/airflow/example_dags/example_branch_operator_decorator.py for tasks to queue
[2025-07-04T12:29:05.918+0530] {logging_mixin.py:188} INFO - [2025-07-04T12:29:05.918+0530] {dagbag.py:538} INFO - Filling up the DagBag from /home/tejhanagarajan/Projects/small-projects/NewsImpact/venv/lib64/python3.10/site-packages/airflow/example_dags/example_branch_operator_decorator.py
[2025-07-04T12:29:05.928+0530] {processor.py:840} INFO - DAG(s) 'example_branch_python_operator_decorator' retrieved from /home/tejhanagarajan/Projects/small-projects/NewsImpact/venv/lib64/python3.10/site-packages/airflow/example_dags/example_branch_operator_decorator.py
[2025-07-04T12:29:05.938+0530] {logging_mixin.py:188} INFO - [2025-07-04T12:29:05.938+0530] {dag.py:3036} INFO - Sync 1 DAGs
[2025-07-04T12:29:05.946+0530] {logging_mixin.py:188} INFO - [2025-07-04T12:29:05.946+0530] {dag.py:3823} INFO - Setting next_dagrun for example_branch_python_operator_decorator to 2025-07-03 00:00:00+00:00, run_after=2025-07-04 00:00:00+00:00
[2025-07-04T12:29:05.966+0530] {processor.py:183} INFO - Processing /home/tejhanagarajan/Projects/small-projects/NewsImpact/venv/lib64/python3.10/site-packages/airflow/example_dags/example_branch_operator_decorator.py took 0.051 seconds
[2025-07-04T12:29:59.065+0530] {processor.py:161} INFO - Started process (PID=26797) to work on /home/tejhanagarajan/Projects/small-projects/NewsImpact/venv/lib64/python3.10/site-packages/airflow/example_dags/example_branch_operator_decorator.py
[2025-07-04T12:29:59.070+0530] {processor.py:830} INFO - Processing file /home/tejhanagarajan/Projects/small-projects/NewsImpact/venv/lib64/python3.10/site-packages/airflow/example_dags/example_branch_operator_decorator.py for tasks to queue
[2025-07-04T12:29:59.071+0530] {logging_mixin.py:188} INFO - [2025-07-04T12:29:59.070+0530] {dagbag.py:538} INFO - Filling up the DagBag from /home/tejhanagarajan/Projects/small-projects/NewsImpact/venv/lib64/python3.10/site-packages/airflow/example_dags/example_branch_operator_decorator.py
[2025-07-04T12:29:59.082+0530] {processor.py:840} INFO - DAG(s) 'example_branch_python_operator_decorator' retrieved from /home/tejhanagarajan/Projects/small-projects/NewsImpact/venv/lib64/python3.10/site-packages/airflow/example_dags/example_branch_operator_decorator.py
[2025-07-04T12:29:59.091+0530] {logging_mixin.py:188} INFO - [2025-07-04T12:29:59.091+0530] {dag.py:3036} INFO - Sync 1 DAGs
[2025-07-04T12:29:59.099+0530] {logging_mixin.py:188} INFO - [2025-07-04T12:29:59.099+0530] {dag.py:3823} INFO - Setting next_dagrun for example_branch_python_operator_decorator to 2025-07-03 00:00:00+00:00, run_after=2025-07-04 00:00:00+00:00
[2025-07-04T12:29:59.118+0530] {processor.py:183} INFO - Processing /home/tejhanagarajan/Projects/small-projects/NewsImpact/venv/lib64/python3.10/site-packages/airflow/example_dags/example_branch_operator_decorator.py took 0.054 seconds
[2025-07-04T12:30:52.274+0530] {processor.py:161} INFO - Started process (PID=27156) to work on /home/tejhanagarajan/Projects/small-projects/NewsImpact/venv/lib64/python3.10/site-packages/airflow/example_dags/example_branch_operator_decorator.py
[2025-07-04T12:30:52.276+0530] {processor.py:830} INFO - Processing file /home/tejhanagarajan/Projects/small-projects/NewsImpact/venv/lib64/python3.10/site-packages/airflow/example_dags/example_branch_operator_decorator.py for tasks to queue
[2025-07-04T12:30:52.277+0530] {logging_mixin.py:188} INFO - [2025-07-04T12:30:52.276+0530] {dagbag.py:538} INFO - Filling up the DagBag from /home/tejhanagarajan/Projects/small-projects/NewsImpact/venv/lib64/python3.10/site-packages/airflow/example_dags/example_branch_operator_decorator.py
[2025-07-04T12:30:52.288+0530] {processor.py:840} INFO - DAG(s) 'example_branch_python_operator_decorator' retrieved from /home/tejhanagarajan/Projects/small-projects/NewsImpact/venv/lib64/python3.10/site-packages/airflow/example_dags/example_branch_operator_decorator.py
[2025-07-04T12:30:52.298+0530] {logging_mixin.py:188} INFO - [2025-07-04T12:30:52.298+0530] {dag.py:3036} INFO - Sync 1 DAGs
[2025-07-04T12:30:52.308+0530] {logging_mixin.py:188} INFO - [2025-07-04T12:30:52.307+0530] {dag.py:3823} INFO - Setting next_dagrun for example_branch_python_operator_decorator to 2025-07-03 00:00:00+00:00, run_after=2025-07-04 00:00:00+00:00
[2025-07-04T12:30:52.326+0530] {processor.py:183} INFO - Processing /home/tejhanagarajan/Projects/small-projects/NewsImpact/venv/lib64/python3.10/site-packages/airflow/example_dags/example_branch_operator_decorator.py took 0.054 seconds
[2025-07-04T12:33:33.095+0530] {processor.py:161} INFO - Started process (PID=30248) to work on /home/tejhanagarajan/Projects/small-projects/NewsImpact/venv/lib64/python3.10/site-packages/airflow/example_dags/example_branch_operator_decorator.py
[2025-07-04T12:33:33.097+0530] {processor.py:830} INFO - Processing file /home/tejhanagarajan/Projects/small-projects/NewsImpact/venv/lib64/python3.10/site-packages/airflow/example_dags/example_branch_operator_decorator.py for tasks to queue
[2025-07-04T12:33:33.098+0530] {logging_mixin.py:188} INFO - [2025-07-04T12:33:33.098+0530] {dagbag.py:538} INFO - Filling up the DagBag from /home/tejhanagarajan/Projects/small-projects/NewsImpact/venv/lib64/python3.10/site-packages/airflow/example_dags/example_branch_operator_decorator.py
[2025-07-04T12:33:33.108+0530] {processor.py:840} INFO - DAG(s) 'example_branch_python_operator_decorator' retrieved from /home/tejhanagarajan/Projects/small-projects/NewsImpact/venv/lib64/python3.10/site-packages/airflow/example_dags/example_branch_operator_decorator.py
[2025-07-04T12:33:33.152+0530] {logging_mixin.py:188} INFO - [2025-07-04T12:33:33.152+0530] {dag.py:3036} INFO - Sync 1 DAGs
[2025-07-04T12:33:33.161+0530] {logging_mixin.py:188} INFO - [2025-07-04T12:33:33.161+0530] {dag.py:3823} INFO - Setting next_dagrun for example_branch_python_operator_decorator to 2025-07-03 00:00:00+00:00, run_after=2025-07-04 00:00:00+00:00
[2025-07-04T12:33:33.179+0530] {processor.py:183} INFO - Processing /home/tejhanagarajan/Projects/small-projects/NewsImpact/venv/lib64/python3.10/site-packages/airflow/example_dags/example_branch_operator_decorator.py took 0.085 seconds
[2025-07-04T12:34:24.448+0530] {processor.py:161} INFO - Started process (PID=30892) to work on /home/tejhanagarajan/Projects/small-projects/NewsImpact/venv/lib64/python3.10/site-packages/airflow/example_dags/example_branch_operator_decorator.py
[2025-07-04T12:34:24.451+0530] {processor.py:830} INFO - Processing file /home/tejhanagarajan/Projects/small-projects/NewsImpact/venv/lib64/python3.10/site-packages/airflow/example_dags/example_branch_operator_decorator.py for tasks to queue
[2025-07-04T12:34:24.453+0530] {logging_mixin.py:188} INFO - [2025-07-04T12:34:24.452+0530] {dagbag.py:538} INFO - Filling up the DagBag from /home/tejhanagarajan/Projects/small-projects/NewsImpact/venv/lib64/python3.10/site-packages/airflow/example_dags/example_branch_operator_decorator.py
[2025-07-04T12:34:24.466+0530] {processor.py:840} INFO - DAG(s) 'example_branch_python_operator_decorator' retrieved from /home/tejhanagarajan/Projects/small-projects/NewsImpact/venv/lib64/python3.10/site-packages/airflow/example_dags/example_branch_operator_decorator.py
[2025-07-04T12:34:24.476+0530] {logging_mixin.py:188} INFO - [2025-07-04T12:34:24.476+0530] {dag.py:3036} INFO - Sync 1 DAGs
[2025-07-04T12:34:24.484+0530] {logging_mixin.py:188} INFO - [2025-07-04T12:34:24.484+0530] {dag.py:3823} INFO - Setting next_dagrun for example_branch_python_operator_decorator to 2025-07-03 00:00:00+00:00, run_after=2025-07-04 00:00:00+00:00
[2025-07-04T12:34:24.502+0530] {processor.py:183} INFO - Processing /home/tejhanagarajan/Projects/small-projects/NewsImpact/venv/lib64/python3.10/site-packages/airflow/example_dags/example_branch_operator_decorator.py took 0.056 seconds
[2025-07-04T12:35:18.418+0530] {processor.py:161} INFO - Started process (PID=31259) to work on /home/tejhanagarajan/Projects/small-projects/NewsImpact/venv/lib64/python3.10/site-packages/airflow/example_dags/example_branch_operator_decorator.py
[2025-07-04T12:35:18.420+0530] {processor.py:830} INFO - Processing file /home/tejhanagarajan/Projects/small-projects/NewsImpact/venv/lib64/python3.10/site-packages/airflow/example_dags/example_branch_operator_decorator.py for tasks to queue
[2025-07-04T12:35:18.421+0530] {logging_mixin.py:188} INFO - [2025-07-04T12:35:18.420+0530] {dagbag.py:538} INFO - Filling up the DagBag from /home/tejhanagarajan/Projects/small-projects/NewsImpact/venv/lib64/python3.10/site-packages/airflow/example_dags/example_branch_operator_decorator.py
[2025-07-04T12:35:18.430+0530] {processor.py:840} INFO - DAG(s) 'example_branch_python_operator_decorator' retrieved from /home/tejhanagarajan/Projects/small-projects/NewsImpact/venv/lib64/python3.10/site-packages/airflow/example_dags/example_branch_operator_decorator.py
[2025-07-04T12:35:18.439+0530] {logging_mixin.py:188} INFO - [2025-07-04T12:35:18.439+0530] {dag.py:3036} INFO - Sync 1 DAGs
[2025-07-04T12:35:18.448+0530] {logging_mixin.py:188} INFO - [2025-07-04T12:35:18.448+0530] {dag.py:3823} INFO - Setting next_dagrun for example_branch_python_operator_decorator to 2025-07-03 00:00:00+00:00, run_after=2025-07-04 00:00:00+00:00
[2025-07-04T12:35:18.464+0530] {processor.py:183} INFO - Processing /home/tejhanagarajan/Projects/small-projects/NewsImpact/venv/lib64/python3.10/site-packages/airflow/example_dags/example_branch_operator_decorator.py took 0.048 seconds
[2025-07-04T12:36:12.683+0530] {processor.py:161} INFO - Started process (PID=31745) to work on /home/tejhanagarajan/Projects/small-projects/NewsImpact/venv/lib64/python3.10/site-packages/airflow/example_dags/example_branch_operator_decorator.py
[2025-07-04T12:36:12.686+0530] {processor.py:830} INFO - Processing file /home/tejhanagarajan/Projects/small-projects/NewsImpact/venv/lib64/python3.10/site-packages/airflow/example_dags/example_branch_operator_decorator.py for tasks to queue
[2025-07-04T12:36:12.687+0530] {logging_mixin.py:188} INFO - [2025-07-04T12:36:12.687+0530] {dagbag.py:538} INFO - Filling up the DagBag from /home/tejhanagarajan/Projects/small-projects/NewsImpact/venv/lib64/python3.10/site-packages/airflow/example_dags/example_branch_operator_decorator.py
[2025-07-04T12:36:12.701+0530] {processor.py:840} INFO - DAG(s) 'example_branch_python_operator_decorator' retrieved from /home/tejhanagarajan/Projects/small-projects/NewsImpact/venv/lib64/python3.10/site-packages/airflow/example_dags/example_branch_operator_decorator.py
[2025-07-04T12:36:12.711+0530] {logging_mixin.py:188} INFO - [2025-07-04T12:36:12.711+0530] {dag.py:3036} INFO - Sync 1 DAGs
[2025-07-04T12:36:12.719+0530] {logging_mixin.py:188} INFO - [2025-07-04T12:36:12.719+0530] {dag.py:3823} INFO - Setting next_dagrun for example_branch_python_operator_decorator to 2025-07-03 00:00:00+00:00, run_after=2025-07-04 00:00:00+00:00
[2025-07-04T12:36:12.735+0530] {processor.py:183} INFO - Processing /home/tejhanagarajan/Projects/small-projects/NewsImpact/venv/lib64/python3.10/site-packages/airflow/example_dags/example_branch_operator_decorator.py took 0.054 seconds
[2025-07-04T12:37:05.484+0530] {processor.py:161} INFO - Started process (PID=32253) to work on /home/tejhanagarajan/Projects/small-projects/NewsImpact/venv/lib64/python3.10/site-packages/airflow/example_dags/example_branch_operator_decorator.py
[2025-07-04T12:37:05.486+0530] {processor.py:830} INFO - Processing file /home/tejhanagarajan/Projects/small-projects/NewsImpact/venv/lib64/python3.10/site-packages/airflow/example_dags/example_branch_operator_decorator.py for tasks to queue
[2025-07-04T12:37:05.486+0530] {logging_mixin.py:188} INFO - [2025-07-04T12:37:05.486+0530] {dagbag.py:538} INFO - Filling up the DagBag from /home/tejhanagarajan/Projects/small-projects/NewsImpact/venv/lib64/python3.10/site-packages/airflow/example_dags/example_branch_operator_decorator.py
[2025-07-04T12:37:05.498+0530] {processor.py:840} INFO - DAG(s) 'example_branch_python_operator_decorator' retrieved from /home/tejhanagarajan/Projects/small-projects/NewsImpact/venv/lib64/python3.10/site-packages/airflow/example_dags/example_branch_operator_decorator.py
[2025-07-04T12:37:05.508+0530] {logging_mixin.py:188} INFO - [2025-07-04T12:37:05.508+0530] {dag.py:3036} INFO - Sync 1 DAGs
[2025-07-04T12:37:05.518+0530] {logging_mixin.py:188} INFO - [2025-07-04T12:37:05.517+0530] {dag.py:3823} INFO - Setting next_dagrun for example_branch_python_operator_decorator to 2025-07-03 00:00:00+00:00, run_after=2025-07-04 00:00:00+00:00
[2025-07-04T12:37:05.535+0530] {processor.py:183} INFO - Processing /home/tejhanagarajan/Projects/small-projects/NewsImpact/venv/lib64/python3.10/site-packages/airflow/example_dags/example_branch_operator_decorator.py took 0.053 seconds
[2025-07-04T12:37:52.622+0530] {processor.py:161} INFO - Started process (PID=34072) to work on /home/tejhanagarajan/Projects/small-projects/NewsImpact/venv/lib64/python3.10/site-packages/airflow/example_dags/example_branch_operator_decorator.py
[2025-07-04T12:37:52.624+0530] {processor.py:830} INFO - Processing file /home/tejhanagarajan/Projects/small-projects/NewsImpact/venv/lib64/python3.10/site-packages/airflow/example_dags/example_branch_operator_decorator.py for tasks to queue
[2025-07-04T12:37:52.625+0530] {logging_mixin.py:188} INFO - [2025-07-04T12:37:52.624+0530] {dagbag.py:538} INFO - Filling up the DagBag from /home/tejhanagarajan/Projects/small-projects/NewsImpact/venv/lib64/python3.10/site-packages/airflow/example_dags/example_branch_operator_decorator.py
[2025-07-04T12:37:52.634+0530] {processor.py:840} INFO - DAG(s) 'example_branch_python_operator_decorator' retrieved from /home/tejhanagarajan/Projects/small-projects/NewsImpact/venv/lib64/python3.10/site-packages/airflow/example_dags/example_branch_operator_decorator.py
[2025-07-04T12:37:52.643+0530] {logging_mixin.py:188} INFO - [2025-07-04T12:37:52.643+0530] {dag.py:3036} INFO - Sync 1 DAGs
[2025-07-04T12:37:52.651+0530] {logging_mixin.py:188} INFO - [2025-07-04T12:37:52.651+0530] {dag.py:3823} INFO - Setting next_dagrun for example_branch_python_operator_decorator to 2025-07-03 00:00:00+00:00, run_after=2025-07-04 00:00:00+00:00
[2025-07-04T12:37:52.667+0530] {processor.py:183} INFO - Processing /home/tejhanagarajan/Projects/small-projects/NewsImpact/venv/lib64/python3.10/site-packages/airflow/example_dags/example_branch_operator_decorator.py took 0.047 seconds
[2025-07-04T12:38:35.159+0530] {processor.py:161} INFO - Started process (PID=34969) to work on /home/tejhanagarajan/Projects/small-projects/NewsImpact/venv/lib64/python3.10/site-packages/airflow/example_dags/example_branch_operator_decorator.py
[2025-07-04T12:38:35.160+0530] {processor.py:830} INFO - Processing file /home/tejhanagarajan/Projects/small-projects/NewsImpact/venv/lib64/python3.10/site-packages/airflow/example_dags/example_branch_operator_decorator.py for tasks to queue
[2025-07-04T12:38:35.161+0530] {logging_mixin.py:188} INFO - [2025-07-04T12:38:35.160+0530] {dagbag.py:538} INFO - Filling up the DagBag from /home/tejhanagarajan/Projects/small-projects/NewsImpact/venv/lib64/python3.10/site-packages/airflow/example_dags/example_branch_operator_decorator.py
[2025-07-04T12:38:35.175+0530] {processor.py:840} INFO - DAG(s) 'example_branch_python_operator_decorator' retrieved from /home/tejhanagarajan/Projects/small-projects/NewsImpact/venv/lib64/python3.10/site-packages/airflow/example_dags/example_branch_operator_decorator.py
[2025-07-04T12:38:35.254+0530] {logging_mixin.py:188} INFO - [2025-07-04T12:38:35.253+0530] {dag.py:3036} INFO - Sync 1 DAGs
[2025-07-04T12:38:35.265+0530] {logging_mixin.py:188} INFO - [2025-07-04T12:38:35.265+0530] {dag.py:3823} INFO - Setting next_dagrun for example_branch_python_operator_decorator to 2025-07-03 00:00:00+00:00, run_after=2025-07-04 00:00:00+00:00
[2025-07-04T12:38:35.286+0530] {processor.py:183} INFO - Processing /home/tejhanagarajan/Projects/small-projects/NewsImpact/venv/lib64/python3.10/site-packages/airflow/example_dags/example_branch_operator_decorator.py took 0.129 seconds
[2025-07-04T12:38:45.440+0530] {processor.py:161} INFO - Started process (PID=35074) to work on /home/tejhanagarajan/Projects/small-projects/NewsImpact/venv/lib64/python3.10/site-packages/airflow/example_dags/example_branch_operator_decorator.py
[2025-07-04T12:38:45.441+0530] {processor.py:830} INFO - Processing file /home/tejhanagarajan/Projects/small-projects/NewsImpact/venv/lib64/python3.10/site-packages/airflow/example_dags/example_branch_operator_decorator.py for tasks to queue
[2025-07-04T12:38:45.442+0530] {logging_mixin.py:188} INFO - [2025-07-04T12:38:45.442+0530] {dagbag.py:538} INFO - Filling up the DagBag from /home/tejhanagarajan/Projects/small-projects/NewsImpact/venv/lib64/python3.10/site-packages/airflow/example_dags/example_branch_operator_decorator.py
[2025-07-04T12:38:45.457+0530] {processor.py:840} INFO - DAG(s) 'example_branch_python_operator_decorator' retrieved from /home/tejhanagarajan/Projects/small-projects/NewsImpact/venv/lib64/python3.10/site-packages/airflow/example_dags/example_branch_operator_decorator.py
[2025-07-04T12:38:45.462+0530] {logging_mixin.py:188} INFO - [2025-07-04T12:38:45.461+0530] {dag.py:3036} INFO - Sync 1 DAGs
[2025-07-04T12:38:45.471+0530] {logging_mixin.py:188} INFO - [2025-07-04T12:38:45.471+0530] {dag.py:3823} INFO - Setting next_dagrun for example_branch_python_operator_decorator to 2025-07-03 00:00:00+00:00, run_after=2025-07-04 00:00:00+00:00
[2025-07-04T12:38:45.487+0530] {processor.py:183} INFO - Processing /home/tejhanagarajan/Projects/small-projects/NewsImpact/venv/lib64/python3.10/site-packages/airflow/example_dags/example_branch_operator_decorator.py took 0.049 seconds
[2025-07-04T12:39:26.730+0530] {processor.py:161} INFO - Started process (PID=35468) to work on /home/tejhanagarajan/Projects/small-projects/NewsImpact/venv/lib64/python3.10/site-packages/airflow/example_dags/example_branch_operator_decorator.py
[2025-07-04T12:39:26.732+0530] {processor.py:830} INFO - Processing file /home/tejhanagarajan/Projects/small-projects/NewsImpact/venv/lib64/python3.10/site-packages/airflow/example_dags/example_branch_operator_decorator.py for tasks to queue
[2025-07-04T12:39:26.733+0530] {logging_mixin.py:188} INFO - [2025-07-04T12:39:26.732+0530] {dagbag.py:538} INFO - Filling up the DagBag from /home/tejhanagarajan/Projects/small-projects/NewsImpact/venv/lib64/python3.10/site-packages/airflow/example_dags/example_branch_operator_decorator.py
[2025-07-04T12:39:26.742+0530] {processor.py:840} INFO - DAG(s) 'example_branch_python_operator_decorator' retrieved from /home/tejhanagarajan/Projects/small-projects/NewsImpact/venv/lib64/python3.10/site-packages/airflow/example_dags/example_branch_operator_decorator.py
[2025-07-04T12:39:26.751+0530] {logging_mixin.py:188} INFO - [2025-07-04T12:39:26.751+0530] {dag.py:3036} INFO - Sync 1 DAGs
[2025-07-04T12:39:26.759+0530] {logging_mixin.py:188} INFO - [2025-07-04T12:39:26.759+0530] {dag.py:3823} INFO - Setting next_dagrun for example_branch_python_operator_decorator to 2025-07-03 00:00:00+00:00, run_after=2025-07-04 00:00:00+00:00
[2025-07-04T12:39:26.774+0530] {processor.py:183} INFO - Processing /home/tejhanagarajan/Projects/small-projects/NewsImpact/venv/lib64/python3.10/site-packages/airflow/example_dags/example_branch_operator_decorator.py took 0.046 seconds
[2025-07-04T12:39:39.817+0530] {processor.py:161} INFO - Started process (PID=35561) to work on /home/tejhanagarajan/Projects/small-projects/NewsImpact/venv/lib64/python3.10/site-packages/airflow/example_dags/example_branch_operator_decorator.py
[2025-07-04T12:39:39.817+0530] {processor.py:830} INFO - Processing file /home/tejhanagarajan/Projects/small-projects/NewsImpact/venv/lib64/python3.10/site-packages/airflow/example_dags/example_branch_operator_decorator.py for tasks to queue
[2025-07-04T12:39:39.817+0530] {logging_mixin.py:188} INFO - [2025-07-04T12:39:39.817+0530] {dagbag.py:538} INFO - Filling up the DagBag from /home/tejhanagarajan/Projects/small-projects/NewsImpact/venv/lib64/python3.10/site-packages/airflow/example_dags/example_branch_operator_decorator.py
[2025-07-04T12:39:39.829+0530] {processor.py:840} INFO - DAG(s) 'example_branch_python_operator_decorator' retrieved from /home/tejhanagarajan/Projects/small-projects/NewsImpact/venv/lib64/python3.10/site-packages/airflow/example_dags/example_branch_operator_decorator.py
[2025-07-04T12:39:39.869+0530] {logging_mixin.py:188} INFO - [2025-07-04T12:39:39.869+0530] {dag.py:3036} INFO - Sync 1 DAGs
[2025-07-04T12:39:39.877+0530] {logging_mixin.py:188} INFO - [2025-07-04T12:39:39.877+0530] {dag.py:3823} INFO - Setting next_dagrun for example_branch_python_operator_decorator to 2025-07-03 00:00:00+00:00, run_after=2025-07-04 00:00:00+00:00
[2025-07-04T12:39:39.894+0530] {processor.py:183} INFO - Processing /home/tejhanagarajan/Projects/small-projects/NewsImpact/venv/lib64/python3.10/site-packages/airflow/example_dags/example_branch_operator_decorator.py took 0.079 seconds
[2025-07-04T12:42:36.121+0530] {processor.py:161} INFO - Started process (PID=38039) to work on /home/tejhanagarajan/Projects/small-projects/NewsImpact/venv/lib64/python3.10/site-packages/airflow/example_dags/example_branch_operator_decorator.py
[2025-07-04T12:42:36.123+0530] {processor.py:830} INFO - Processing file /home/tejhanagarajan/Projects/small-projects/NewsImpact/venv/lib64/python3.10/site-packages/airflow/example_dags/example_branch_operator_decorator.py for tasks to queue
[2025-07-04T12:42:36.124+0530] {logging_mixin.py:188} INFO - [2025-07-04T12:42:36.124+0530] {dagbag.py:538} INFO - Filling up the DagBag from /home/tejhanagarajan/Projects/small-projects/NewsImpact/venv/lib64/python3.10/site-packages/airflow/example_dags/example_branch_operator_decorator.py
[2025-07-04T12:42:36.140+0530] {processor.py:840} INFO - DAG(s) 'example_branch_python_operator_decorator' retrieved from /home/tejhanagarajan/Projects/small-projects/NewsImpact/venv/lib64/python3.10/site-packages/airflow/example_dags/example_branch_operator_decorator.py
[2025-07-04T12:42:36.181+0530] {logging_mixin.py:188} INFO - [2025-07-04T12:42:36.181+0530] {dag.py:3036} INFO - Sync 1 DAGs
[2025-07-04T12:42:36.189+0530] {logging_mixin.py:188} INFO - [2025-07-04T12:42:36.189+0530] {dag.py:3823} INFO - Setting next_dagrun for example_branch_python_operator_decorator to 2025-07-03 00:00:00+00:00, run_after=2025-07-04 00:00:00+00:00
[2025-07-04T12:42:36.207+0530] {processor.py:183} INFO - Processing /home/tejhanagarajan/Projects/small-projects/NewsImpact/venv/lib64/python3.10/site-packages/airflow/example_dags/example_branch_operator_decorator.py took 0.090 seconds
[2025-07-04T12:43:27.595+0530] {processor.py:161} INFO - Started process (PID=38486) to work on /home/tejhanagarajan/Projects/small-projects/NewsImpact/venv/lib64/python3.10/site-packages/airflow/example_dags/example_branch_operator_decorator.py
[2025-07-04T12:43:27.596+0530] {processor.py:830} INFO - Processing file /home/tejhanagarajan/Projects/small-projects/NewsImpact/venv/lib64/python3.10/site-packages/airflow/example_dags/example_branch_operator_decorator.py for tasks to queue
[2025-07-04T12:43:27.597+0530] {logging_mixin.py:188} INFO - [2025-07-04T12:43:27.597+0530] {dagbag.py:538} INFO - Filling up the DagBag from /home/tejhanagarajan/Projects/small-projects/NewsImpact/venv/lib64/python3.10/site-packages/airflow/example_dags/example_branch_operator_decorator.py
[2025-07-04T12:43:27.609+0530] {processor.py:840} INFO - DAG(s) 'example_branch_python_operator_decorator' retrieved from /home/tejhanagarajan/Projects/small-projects/NewsImpact/venv/lib64/python3.10/site-packages/airflow/example_dags/example_branch_operator_decorator.py
[2025-07-04T12:43:27.630+0530] {logging_mixin.py:188} INFO - [2025-07-04T12:43:27.629+0530] {dag.py:3036} INFO - Sync 1 DAGs
[2025-07-04T12:43:27.684+0530] {logging_mixin.py:188} INFO - [2025-07-04T12:43:27.684+0530] {dag.py:3823} INFO - Setting next_dagrun for example_branch_python_operator_decorator to 2025-07-03 00:00:00+00:00, run_after=2025-07-04 00:00:00+00:00
[2025-07-04T12:43:27.701+0530] {processor.py:183} INFO - Processing /home/tejhanagarajan/Projects/small-projects/NewsImpact/venv/lib64/python3.10/site-packages/airflow/example_dags/example_branch_operator_decorator.py took 0.108 seconds
[2025-07-04T12:44:21.470+0530] {processor.py:161} INFO - Started process (PID=38850) to work on /home/tejhanagarajan/Projects/small-projects/NewsImpact/venv/lib64/python3.10/site-packages/airflow/example_dags/example_branch_operator_decorator.py
[2025-07-04T12:44:21.473+0530] {processor.py:830} INFO - Processing file /home/tejhanagarajan/Projects/small-projects/NewsImpact/venv/lib64/python3.10/site-packages/airflow/example_dags/example_branch_operator_decorator.py for tasks to queue
[2025-07-04T12:44:21.473+0530] {logging_mixin.py:188} INFO - [2025-07-04T12:44:21.473+0530] {dagbag.py:538} INFO - Filling up the DagBag from /home/tejhanagarajan/Projects/small-projects/NewsImpact/venv/lib64/python3.10/site-packages/airflow/example_dags/example_branch_operator_decorator.py
[2025-07-04T12:44:21.490+0530] {processor.py:840} INFO - DAG(s) 'example_branch_python_operator_decorator' retrieved from /home/tejhanagarajan/Projects/small-projects/NewsImpact/venv/lib64/python3.10/site-packages/airflow/example_dags/example_branch_operator_decorator.py
[2025-07-04T12:44:21.500+0530] {logging_mixin.py:188} INFO - [2025-07-04T12:44:21.500+0530] {dag.py:3036} INFO - Sync 1 DAGs
[2025-07-04T12:44:21.510+0530] {logging_mixin.py:188} INFO - [2025-07-04T12:44:21.510+0530] {dag.py:3823} INFO - Setting next_dagrun for example_branch_python_operator_decorator to 2025-07-03 00:00:00+00:00, run_after=2025-07-04 00:00:00+00:00
[2025-07-04T12:44:21.526+0530] {processor.py:183} INFO - Processing /home/tejhanagarajan/Projects/small-projects/NewsImpact/venv/lib64/python3.10/site-packages/airflow/example_dags/example_branch_operator_decorator.py took 0.060 seconds
[2025-07-04T12:45:15.455+0530] {processor.py:161} INFO - Started process (PID=39266) to work on /home/tejhanagarajan/Projects/small-projects/NewsImpact/venv/lib64/python3.10/site-packages/airflow/example_dags/example_branch_operator_decorator.py
[2025-07-04T12:45:15.457+0530] {processor.py:830} INFO - Processing file /home/tejhanagarajan/Projects/small-projects/NewsImpact/venv/lib64/python3.10/site-packages/airflow/example_dags/example_branch_operator_decorator.py for tasks to queue
[2025-07-04T12:45:15.459+0530] {logging_mixin.py:188} INFO - [2025-07-04T12:45:15.458+0530] {dagbag.py:538} INFO - Filling up the DagBag from /home/tejhanagarajan/Projects/small-projects/NewsImpact/venv/lib64/python3.10/site-packages/airflow/example_dags/example_branch_operator_decorator.py
[2025-07-04T12:45:15.470+0530] {processor.py:840} INFO - DAG(s) 'example_branch_python_operator_decorator' retrieved from /home/tejhanagarajan/Projects/small-projects/NewsImpact/venv/lib64/python3.10/site-packages/airflow/example_dags/example_branch_operator_decorator.py
[2025-07-04T12:45:15.479+0530] {logging_mixin.py:188} INFO - [2025-07-04T12:45:15.479+0530] {dag.py:3036} INFO - Sync 1 DAGs
[2025-07-04T12:45:15.488+0530] {logging_mixin.py:188} INFO - [2025-07-04T12:45:15.488+0530] {dag.py:3823} INFO - Setting next_dagrun for example_branch_python_operator_decorator to 2025-07-03 00:00:00+00:00, run_after=2025-07-04 00:00:00+00:00
[2025-07-04T12:45:15.505+0530] {processor.py:183} INFO - Processing /home/tejhanagarajan/Projects/small-projects/NewsImpact/venv/lib64/python3.10/site-packages/airflow/example_dags/example_branch_operator_decorator.py took 0.053 seconds
[2025-07-04T12:46:08.762+0530] {processor.py:161} INFO - Started process (PID=39628) to work on /home/tejhanagarajan/Projects/small-projects/NewsImpact/venv/lib64/python3.10/site-packages/airflow/example_dags/example_branch_operator_decorator.py
[2025-07-04T12:46:08.765+0530] {processor.py:830} INFO - Processing file /home/tejhanagarajan/Projects/small-projects/NewsImpact/venv/lib64/python3.10/site-packages/airflow/example_dags/example_branch_operator_decorator.py for tasks to queue
[2025-07-04T12:46:08.765+0530] {logging_mixin.py:188} INFO - [2025-07-04T12:46:08.765+0530] {dagbag.py:538} INFO - Filling up the DagBag from /home/tejhanagarajan/Projects/small-projects/NewsImpact/venv/lib64/python3.10/site-packages/airflow/example_dags/example_branch_operator_decorator.py
[2025-07-04T12:46:08.775+0530] {processor.py:840} INFO - DAG(s) 'example_branch_python_operator_decorator' retrieved from /home/tejhanagarajan/Projects/small-projects/NewsImpact/venv/lib64/python3.10/site-packages/airflow/example_dags/example_branch_operator_decorator.py
[2025-07-04T12:46:08.784+0530] {logging_mixin.py:188} INFO - [2025-07-04T12:46:08.784+0530] {dag.py:3036} INFO - Sync 1 DAGs
[2025-07-04T12:46:08.792+0530] {logging_mixin.py:188} INFO - [2025-07-04T12:46:08.792+0530] {dag.py:3823} INFO - Setting next_dagrun for example_branch_python_operator_decorator to 2025-07-03 00:00:00+00:00, run_after=2025-07-04 00:00:00+00:00
[2025-07-04T12:46:08.807+0530] {processor.py:183} INFO - Processing /home/tejhanagarajan/Projects/small-projects/NewsImpact/venv/lib64/python3.10/site-packages/airflow/example_dags/example_branch_operator_decorator.py took 0.047 seconds
[2025-07-04T12:47:00.548+0530] {processor.py:161} INFO - Started process (PID=40027) to work on /home/tejhanagarajan/Projects/small-projects/NewsImpact/venv/lib64/python3.10/site-packages/airflow/example_dags/example_branch_operator_decorator.py
[2025-07-04T12:47:00.552+0530] {processor.py:830} INFO - Processing file /home/tejhanagarajan/Projects/small-projects/NewsImpact/venv/lib64/python3.10/site-packages/airflow/example_dags/example_branch_operator_decorator.py for tasks to queue
[2025-07-04T12:47:00.553+0530] {logging_mixin.py:188} INFO - [2025-07-04T12:47:00.553+0530] {dagbag.py:538} INFO - Filling up the DagBag from /home/tejhanagarajan/Projects/small-projects/NewsImpact/venv/lib64/python3.10/site-packages/airflow/example_dags/example_branch_operator_decorator.py
[2025-07-04T12:47:00.567+0530] {processor.py:840} INFO - DAG(s) 'example_branch_python_operator_decorator' retrieved from /home/tejhanagarajan/Projects/small-projects/NewsImpact/venv/lib64/python3.10/site-packages/airflow/example_dags/example_branch_operator_decorator.py
[2025-07-04T12:47:00.578+0530] {logging_mixin.py:188} INFO - [2025-07-04T12:47:00.578+0530] {dag.py:3036} INFO - Sync 1 DAGs
[2025-07-04T12:47:00.587+0530] {logging_mixin.py:188} INFO - [2025-07-04T12:47:00.587+0530] {dag.py:3823} INFO - Setting next_dagrun for example_branch_python_operator_decorator to 2025-07-03 00:00:00+00:00, run_after=2025-07-04 00:00:00+00:00
[2025-07-04T12:47:00.605+0530] {processor.py:183} INFO - Processing /home/tejhanagarajan/Projects/small-projects/NewsImpact/venv/lib64/python3.10/site-packages/airflow/example_dags/example_branch_operator_decorator.py took 0.059 seconds
[2025-07-04T12:47:54.861+0530] {processor.py:161} INFO - Started process (PID=40422) to work on /home/tejhanagarajan/Projects/small-projects/NewsImpact/venv/lib64/python3.10/site-packages/airflow/example_dags/example_branch_operator_decorator.py
[2025-07-04T12:47:54.862+0530] {processor.py:830} INFO - Processing file /home/tejhanagarajan/Projects/small-projects/NewsImpact/venv/lib64/python3.10/site-packages/airflow/example_dags/example_branch_operator_decorator.py for tasks to queue
[2025-07-04T12:47:54.862+0530] {logging_mixin.py:188} INFO - [2025-07-04T12:47:54.862+0530] {dagbag.py:538} INFO - Filling up the DagBag from /home/tejhanagarajan/Projects/small-projects/NewsImpact/venv/lib64/python3.10/site-packages/airflow/example_dags/example_branch_operator_decorator.py
[2025-07-04T12:47:54.872+0530] {processor.py:840} INFO - DAG(s) 'example_branch_python_operator_decorator' retrieved from /home/tejhanagarajan/Projects/small-projects/NewsImpact/venv/lib64/python3.10/site-packages/airflow/example_dags/example_branch_operator_decorator.py
[2025-07-04T12:47:54.882+0530] {logging_mixin.py:188} INFO - [2025-07-04T12:47:54.881+0530] {dag.py:3036} INFO - Sync 1 DAGs
[2025-07-04T12:47:54.891+0530] {logging_mixin.py:188} INFO - [2025-07-04T12:47:54.891+0530] {dag.py:3823} INFO - Setting next_dagrun for example_branch_python_operator_decorator to 2025-07-03 00:00:00+00:00, run_after=2025-07-04 00:00:00+00:00
[2025-07-04T12:47:54.908+0530] {processor.py:183} INFO - Processing /home/tejhanagarajan/Projects/small-projects/NewsImpact/venv/lib64/python3.10/site-packages/airflow/example_dags/example_branch_operator_decorator.py took 0.049 seconds
