[2025-07-04T12:26:37.065+0530] {processor.py:161} INFO - Started process (PID=25171) to work on /home/tejhanagarajan/Projects/small-projects/NewsImpact/venv/lib64/python3.10/site-packages/airflow/example_dags/example_trigger_target_dag.py
[2025-07-04T12:26:37.066+0530] {processor.py:830} INFO - Processing file /home/tejhanagarajan/Projects/small-projects/NewsImpact/venv/lib64/python3.10/site-packages/airflow/example_dags/example_trigger_target_dag.py for tasks to queue
[2025-07-04T12:26:37.066+0530] {logging_mixin.py:188} INFO - [2025-07-04T12:26:37.066+0530] {dagbag.py:538} INFO - Filling up the DagBag from /home/tejhanagarajan/Projects/small-projects/NewsImpact/venv/lib64/python3.10/site-packages/airflow/example_dags/example_trigger_target_dag.py
[2025-07-04T12:26:37.070+0530] {processor.py:840} INFO - DAG(s) 'example_trigger_target_dag' retrieved from /home/tejhanagarajan/Projects/small-projects/NewsImpact/venv/lib64/python3.10/site-packages/airflow/example_dags/example_trigger_target_dag.py
[2025-07-04T12:26:37.133+0530] {logging_mixin.py:188} INFO - [2025-07-04T12:26:37.133+0530] {override.py:1769} INFO - Created Permission View: can read on DAG:example_trigger_target_dag
[2025-07-04T12:26:37.145+0530] {logging_mixin.py:188} INFO - [2025-07-04T12:26:37.145+0530] {override.py:1769} INFO - Created Permission View: can edit on DAG:example_trigger_target_dag
[2025-07-04T12:26:37.156+0530] {logging_mixin.py:188} INFO - [2025-07-04T12:26:37.156+0530] {override.py:1769} INFO - Created Permission View: can delete on DAG:example_trigger_target_dag
[2025-07-04T12:26:37.156+0530] {logging_mixin.py:188} INFO - [2025-07-04T12:26:37.156+0530] {dag.py:3036} INFO - Sync 1 DAGs
[2025-07-04T12:26:37.161+0530] {logging_mixin.py:188} INFO - [2025-07-04T12:26:37.161+0530] {dag.py:3058} INFO - Creating ORM DAG for example_trigger_target_dag
[2025-07-04T12:26:37.161+0530] {logging_mixin.py:188} INFO - [2025-07-04T12:26:37.161+0530] {dag.py:3823} INFO - Setting next_dagrun for example_trigger_target_dag to None, run_after=None
[2025-07-04T12:26:37.177+0530] {processor.py:183} INFO - Processing /home/tejhanagarajan/Projects/small-projects/NewsImpact/venv/lib64/python3.10/site-packages/airflow/example_dags/example_trigger_target_dag.py took 0.113 seconds
[2025-07-04T12:27:27.535+0530] {processor.py:161} INFO - Started process (PID=25559) to work on /home/tejhanagarajan/Projects/small-projects/NewsImpact/venv/lib64/python3.10/site-packages/airflow/example_dags/example_trigger_target_dag.py
[2025-07-04T12:27:27.536+0530] {processor.py:830} INFO - Processing file /home/tejhanagarajan/Projects/small-projects/NewsImpact/venv/lib64/python3.10/site-packages/airflow/example_dags/example_trigger_target_dag.py for tasks to queue
[2025-07-04T12:27:27.537+0530] {logging_mixin.py:188} INFO - [2025-07-04T12:27:27.536+0530] {dagbag.py:538} INFO - Filling up the DagBag from /home/tejhanagarajan/Projects/small-projects/NewsImpact/venv/lib64/python3.10/site-packages/airflow/example_dags/example_trigger_target_dag.py
[2025-07-04T12:27:27.542+0530] {processor.py:840} INFO - DAG(s) 'example_trigger_target_dag' retrieved from /home/tejhanagarajan/Projects/small-projects/NewsImpact/venv/lib64/python3.10/site-packages/airflow/example_dags/example_trigger_target_dag.py
[2025-07-04T12:27:27.550+0530] {logging_mixin.py:188} INFO - [2025-07-04T12:27:27.550+0530] {dag.py:3036} INFO - Sync 1 DAGs
[2025-07-04T12:27:27.555+0530] {logging_mixin.py:188} INFO - [2025-07-04T12:27:27.555+0530] {dag.py:3823} INFO - Setting next_dagrun for example_trigger_target_dag to None, run_after=None
[2025-07-04T12:27:27.574+0530] {processor.py:183} INFO - Processing /home/tejhanagarajan/Projects/small-projects/NewsImpact/venv/lib64/python3.10/site-packages/airflow/example_dags/example_trigger_target_dag.py took 0.041 seconds
[2025-07-04T12:28:16.268+0530] {processor.py:161} INFO - Started process (PID=25954) to work on /home/tejhanagarajan/Projects/small-projects/NewsImpact/venv/lib64/python3.10/site-packages/airflow/example_dags/example_trigger_target_dag.py
[2025-07-04T12:28:16.269+0530] {processor.py:830} INFO - Processing file /home/tejhanagarajan/Projects/small-projects/NewsImpact/venv/lib64/python3.10/site-packages/airflow/example_dags/example_trigger_target_dag.py for tasks to queue
[2025-07-04T12:28:16.269+0530] {logging_mixin.py:188} INFO - [2025-07-04T12:28:16.269+0530] {dagbag.py:538} INFO - Filling up the DagBag from /home/tejhanagarajan/Projects/small-projects/NewsImpact/venv/lib64/python3.10/site-packages/airflow/example_dags/example_trigger_target_dag.py
[2025-07-04T12:28:16.273+0530] {processor.py:840} INFO - DAG(s) 'example_trigger_target_dag' retrieved from /home/tejhanagarajan/Projects/small-projects/NewsImpact/venv/lib64/python3.10/site-packages/airflow/example_dags/example_trigger_target_dag.py
[2025-07-04T12:28:16.281+0530] {logging_mixin.py:188} INFO - [2025-07-04T12:28:16.280+0530] {dag.py:3036} INFO - Sync 1 DAGs
[2025-07-04T12:28:16.286+0530] {logging_mixin.py:188} INFO - [2025-07-04T12:28:16.286+0530] {dag.py:3823} INFO - Setting next_dagrun for example_trigger_target_dag to None, run_after=None
[2025-07-04T12:28:16.304+0530] {processor.py:183} INFO - Processing /home/tejhanagarajan/Projects/small-projects/NewsImpact/venv/lib64/python3.10/site-packages/airflow/example_dags/example_trigger_target_dag.py took 0.038 seconds
[2025-07-04T12:28:55.774+0530] {processor.py:161} INFO - Started process (PID=26268) to work on /home/tejhanagarajan/Projects/small-projects/NewsImpact/venv/lib64/python3.10/site-packages/airflow/example_dags/example_trigger_target_dag.py
[2025-07-04T12:28:55.776+0530] {processor.py:830} INFO - Processing file /home/tejhanagarajan/Projects/small-projects/NewsImpact/venv/lib64/python3.10/site-packages/airflow/example_dags/example_trigger_target_dag.py for tasks to queue
[2025-07-04T12:28:55.777+0530] {logging_mixin.py:188} INFO - [2025-07-04T12:28:55.777+0530] {dagbag.py:538} INFO - Filling up the DagBag from /home/tejhanagarajan/Projects/small-projects/NewsImpact/venv/lib64/python3.10/site-packages/airflow/example_dags/example_trigger_target_dag.py
[2025-07-04T12:28:55.780+0530] {processor.py:840} INFO - DAG(s) 'example_trigger_target_dag' retrieved from /home/tejhanagarajan/Projects/small-projects/NewsImpact/venv/lib64/python3.10/site-packages/airflow/example_dags/example_trigger_target_dag.py
[2025-07-04T12:28:55.787+0530] {logging_mixin.py:188} INFO - [2025-07-04T12:28:55.787+0530] {dag.py:3036} INFO - Sync 1 DAGs
[2025-07-04T12:28:55.792+0530] {logging_mixin.py:188} INFO - [2025-07-04T12:28:55.791+0530] {dag.py:3823} INFO - Setting next_dagrun for example_trigger_target_dag to None, run_after=None
[2025-07-04T12:28:55.808+0530] {processor.py:183} INFO - Processing /home/tejhanagarajan/Projects/small-projects/NewsImpact/venv/lib64/python3.10/site-packages/airflow/example_dags/example_trigger_target_dag.py took 0.036 seconds
[2025-07-04T12:29:36.187+0530] {processor.py:161} INFO - Started process (PID=26615) to work on /home/tejhanagarajan/Projects/small-projects/NewsImpact/venv/lib64/python3.10/site-packages/airflow/example_dags/example_trigger_target_dag.py
[2025-07-04T12:29:36.189+0530] {processor.py:830} INFO - Processing file /home/tejhanagarajan/Projects/small-projects/NewsImpact/venv/lib64/python3.10/site-packages/airflow/example_dags/example_trigger_target_dag.py for tasks to queue
[2025-07-04T12:29:36.190+0530] {logging_mixin.py:188} INFO - [2025-07-04T12:29:36.190+0530] {dagbag.py:538} INFO - Filling up the DagBag from /home/tejhanagarajan/Projects/small-projects/NewsImpact/venv/lib64/python3.10/site-packages/airflow/example_dags/example_trigger_target_dag.py
[2025-07-04T12:29:36.195+0530] {processor.py:840} INFO - DAG(s) 'example_trigger_target_dag' retrieved from /home/tejhanagarajan/Projects/small-projects/NewsImpact/venv/lib64/python3.10/site-packages/airflow/example_dags/example_trigger_target_dag.py
[2025-07-04T12:29:36.202+0530] {logging_mixin.py:188} INFO - [2025-07-04T12:29:36.202+0530] {dag.py:3036} INFO - Sync 1 DAGs
[2025-07-04T12:29:36.207+0530] {logging_mixin.py:188} INFO - [2025-07-04T12:29:36.207+0530] {dag.py:3823} INFO - Setting next_dagrun for example_trigger_target_dag to None, run_after=None
[2025-07-04T12:29:36.225+0530] {processor.py:183} INFO - Processing /home/tejhanagarajan/Projects/small-projects/NewsImpact/venv/lib64/python3.10/site-packages/airflow/example_dags/example_trigger_target_dag.py took 0.040 seconds
[2025-07-04T12:30:25.501+0530] {processor.py:161} INFO - Started process (PID=26987) to work on /home/tejhanagarajan/Projects/small-projects/NewsImpact/venv/lib64/python3.10/site-packages/airflow/example_dags/example_trigger_target_dag.py
[2025-07-04T12:30:25.503+0530] {processor.py:830} INFO - Processing file /home/tejhanagarajan/Projects/small-projects/NewsImpact/venv/lib64/python3.10/site-packages/airflow/example_dags/example_trigger_target_dag.py for tasks to queue
[2025-07-04T12:30:25.504+0530] {logging_mixin.py:188} INFO - [2025-07-04T12:30:25.504+0530] {dagbag.py:538} INFO - Filling up the DagBag from /home/tejhanagarajan/Projects/small-projects/NewsImpact/venv/lib64/python3.10/site-packages/airflow/example_dags/example_trigger_target_dag.py
[2025-07-04T12:30:25.509+0530] {processor.py:840} INFO - DAG(s) 'example_trigger_target_dag' retrieved from /home/tejhanagarajan/Projects/small-projects/NewsImpact/venv/lib64/python3.10/site-packages/airflow/example_dags/example_trigger_target_dag.py
[2025-07-04T12:30:25.517+0530] {logging_mixin.py:188} INFO - [2025-07-04T12:30:25.517+0530] {dag.py:3036} INFO - Sync 1 DAGs
[2025-07-04T12:30:25.522+0530] {logging_mixin.py:188} INFO - [2025-07-04T12:30:25.522+0530] {dag.py:3823} INFO - Setting next_dagrun for example_trigger_target_dag to None, run_after=None
[2025-07-04T12:30:25.540+0530] {processor.py:183} INFO - Processing /home/tejhanagarajan/Projects/small-projects/NewsImpact/venv/lib64/python3.10/site-packages/airflow/example_dags/example_trigger_target_dag.py took 0.041 seconds
[2025-07-04T12:31:02.305+0530] {processor.py:161} INFO - Started process (PID=27254) to work on /home/tejhanagarajan/Projects/small-projects/NewsImpact/venv/lib64/python3.10/site-packages/airflow/example_dags/example_trigger_target_dag.py
[2025-07-04T12:31:02.308+0530] {processor.py:830} INFO - Processing file /home/tejhanagarajan/Projects/small-projects/NewsImpact/venv/lib64/python3.10/site-packages/airflow/example_dags/example_trigger_target_dag.py for tasks to queue
[2025-07-04T12:31:02.309+0530] {logging_mixin.py:188} INFO - [2025-07-04T12:31:02.309+0530] {dagbag.py:538} INFO - Filling up the DagBag from /home/tejhanagarajan/Projects/small-projects/NewsImpact/venv/lib64/python3.10/site-packages/airflow/example_dags/example_trigger_target_dag.py
[2025-07-04T12:31:02.314+0530] {processor.py:840} INFO - DAG(s) 'example_trigger_target_dag' retrieved from /home/tejhanagarajan/Projects/small-projects/NewsImpact/venv/lib64/python3.10/site-packages/airflow/example_dags/example_trigger_target_dag.py
[2025-07-04T12:31:02.320+0530] {logging_mixin.py:188} INFO - [2025-07-04T12:31:02.320+0530] {dag.py:3036} INFO - Sync 1 DAGs
[2025-07-04T12:31:02.325+0530] {logging_mixin.py:188} INFO - [2025-07-04T12:31:02.325+0530] {dag.py:3823} INFO - Setting next_dagrun for example_trigger_target_dag to None, run_after=None
[2025-07-04T12:31:02.341+0530] {processor.py:183} INFO - Processing /home/tejhanagarajan/Projects/small-projects/NewsImpact/venv/lib64/python3.10/site-packages/airflow/example_dags/example_trigger_target_dag.py took 0.038 seconds
[2025-07-04T12:33:04.503+0530] {processor.py:161} INFO - Started process (PID=30050) to work on /home/tejhanagarajan/Projects/small-projects/NewsImpact/venv/lib64/python3.10/site-packages/airflow/example_dags/example_trigger_target_dag.py
[2025-07-04T12:33:04.505+0530] {processor.py:830} INFO - Processing file /home/tejhanagarajan/Projects/small-projects/NewsImpact/venv/lib64/python3.10/site-packages/airflow/example_dags/example_trigger_target_dag.py for tasks to queue
[2025-07-04T12:33:04.506+0530] {logging_mixin.py:188} INFO - [2025-07-04T12:33:04.505+0530] {dagbag.py:538} INFO - Filling up the DagBag from /home/tejhanagarajan/Projects/small-projects/NewsImpact/venv/lib64/python3.10/site-packages/airflow/example_dags/example_trigger_target_dag.py
[2025-07-04T12:33:04.510+0530] {processor.py:840} INFO - DAG(s) 'example_trigger_target_dag' retrieved from /home/tejhanagarajan/Projects/small-projects/NewsImpact/venv/lib64/python3.10/site-packages/airflow/example_dags/example_trigger_target_dag.py
[2025-07-04T12:33:04.521+0530] {logging_mixin.py:188} INFO - [2025-07-04T12:33:04.521+0530] {dag.py:3036} INFO - Sync 1 DAGs
[2025-07-04T12:33:04.526+0530] {logging_mixin.py:188} INFO - [2025-07-04T12:33:04.526+0530] {dag.py:3823} INFO - Setting next_dagrun for example_trigger_target_dag to None, run_after=None
[2025-07-04T12:33:04.542+0530] {processor.py:183} INFO - Processing /home/tejhanagarajan/Projects/small-projects/NewsImpact/venv/lib64/python3.10/site-packages/airflow/example_dags/example_trigger_target_dag.py took 0.040 seconds
[2025-07-04T12:33:51.976+0530] {processor.py:161} INFO - Started process (PID=30400) to work on /home/tejhanagarajan/Projects/small-projects/NewsImpact/venv/lib64/python3.10/site-packages/airflow/example_dags/example_trigger_target_dag.py
[2025-07-04T12:33:51.979+0530] {processor.py:830} INFO - Processing file /home/tejhanagarajan/Projects/small-projects/NewsImpact/venv/lib64/python3.10/site-packages/airflow/example_dags/example_trigger_target_dag.py for tasks to queue
[2025-07-04T12:33:51.980+0530] {logging_mixin.py:188} INFO - [2025-07-04T12:33:51.980+0530] {dagbag.py:538} INFO - Filling up the DagBag from /home/tejhanagarajan/Projects/small-projects/NewsImpact/venv/lib64/python3.10/site-packages/airflow/example_dags/example_trigger_target_dag.py
[2025-07-04T12:33:51.985+0530] {processor.py:840} INFO - DAG(s) 'example_trigger_target_dag' retrieved from /home/tejhanagarajan/Projects/small-projects/NewsImpact/venv/lib64/python3.10/site-packages/airflow/example_dags/example_trigger_target_dag.py
[2025-07-04T12:33:51.994+0530] {logging_mixin.py:188} INFO - [2025-07-04T12:33:51.994+0530] {dag.py:3036} INFO - Sync 1 DAGs
[2025-07-04T12:33:51.999+0530] {logging_mixin.py:188} INFO - [2025-07-04T12:33:51.999+0530] {dag.py:3823} INFO - Setting next_dagrun for example_trigger_target_dag to None, run_after=None
[2025-07-04T12:33:52.015+0530] {processor.py:183} INFO - Processing /home/tejhanagarajan/Projects/small-projects/NewsImpact/venv/lib64/python3.10/site-packages/airflow/example_dags/example_trigger_target_dag.py took 0.041 seconds
[2025-07-04T12:34:37.217+0530] {processor.py:161} INFO - Started process (PID=30983) to work on /home/tejhanagarajan/Projects/small-projects/NewsImpact/venv/lib64/python3.10/site-packages/airflow/example_dags/example_trigger_target_dag.py
[2025-07-04T12:34:37.219+0530] {processor.py:830} INFO - Processing file /home/tejhanagarajan/Projects/small-projects/NewsImpact/venv/lib64/python3.10/site-packages/airflow/example_dags/example_trigger_target_dag.py for tasks to queue
[2025-07-04T12:34:37.220+0530] {logging_mixin.py:188} INFO - [2025-07-04T12:34:37.220+0530] {dagbag.py:538} INFO - Filling up the DagBag from /home/tejhanagarajan/Projects/small-projects/NewsImpact/venv/lib64/python3.10/site-packages/airflow/example_dags/example_trigger_target_dag.py
[2025-07-04T12:34:37.227+0530] {processor.py:840} INFO - DAG(s) 'example_trigger_target_dag' retrieved from /home/tejhanagarajan/Projects/small-projects/NewsImpact/venv/lib64/python3.10/site-packages/airflow/example_dags/example_trigger_target_dag.py
[2025-07-04T12:34:37.235+0530] {logging_mixin.py:188} INFO - [2025-07-04T12:34:37.235+0530] {dag.py:3036} INFO - Sync 1 DAGs
[2025-07-04T12:34:37.239+0530] {logging_mixin.py:188} INFO - [2025-07-04T12:34:37.239+0530] {dag.py:3823} INFO - Setting next_dagrun for example_trigger_target_dag to None, run_after=None
[2025-07-04T12:34:37.255+0530] {processor.py:183} INFO - Processing /home/tejhanagarajan/Projects/small-projects/NewsImpact/venv/lib64/python3.10/site-packages/airflow/example_dags/example_trigger_target_dag.py took 0.041 seconds
[2025-07-04T12:35:31.037+0530] {processor.py:161} INFO - Started process (PID=31432) to work on /home/tejhanagarajan/Projects/small-projects/NewsImpact/venv/lib64/python3.10/site-packages/airflow/example_dags/example_trigger_target_dag.py
[2025-07-04T12:35:31.040+0530] {processor.py:830} INFO - Processing file /home/tejhanagarajan/Projects/small-projects/NewsImpact/venv/lib64/python3.10/site-packages/airflow/example_dags/example_trigger_target_dag.py for tasks to queue
[2025-07-04T12:35:31.041+0530] {logging_mixin.py:188} INFO - [2025-07-04T12:35:31.040+0530] {dagbag.py:538} INFO - Filling up the DagBag from /home/tejhanagarajan/Projects/small-projects/NewsImpact/venv/lib64/python3.10/site-packages/airflow/example_dags/example_trigger_target_dag.py
[2025-07-04T12:35:31.045+0530] {processor.py:840} INFO - DAG(s) 'example_trigger_target_dag' retrieved from /home/tejhanagarajan/Projects/small-projects/NewsImpact/venv/lib64/python3.10/site-packages/airflow/example_dags/example_trigger_target_dag.py
[2025-07-04T12:35:31.051+0530] {logging_mixin.py:188} INFO - [2025-07-04T12:35:31.051+0530] {dag.py:3036} INFO - Sync 1 DAGs
[2025-07-04T12:35:31.056+0530] {logging_mixin.py:188} INFO - [2025-07-04T12:35:31.056+0530] {dag.py:3823} INFO - Setting next_dagrun for example_trigger_target_dag to None, run_after=None
[2025-07-04T12:35:31.074+0530] {processor.py:183} INFO - Processing /home/tejhanagarajan/Projects/small-projects/NewsImpact/venv/lib64/python3.10/site-packages/airflow/example_dags/example_trigger_target_dag.py took 0.040 seconds
[2025-07-04T12:36:07.528+0530] {processor.py:161} INFO - Started process (PID=31707) to work on /home/tejhanagarajan/Projects/small-projects/NewsImpact/venv/lib64/python3.10/site-packages/airflow/example_dags/example_trigger_target_dag.py
[2025-07-04T12:36:07.531+0530] {processor.py:830} INFO - Processing file /home/tejhanagarajan/Projects/small-projects/NewsImpact/venv/lib64/python3.10/site-packages/airflow/example_dags/example_trigger_target_dag.py for tasks to queue
[2025-07-04T12:36:07.531+0530] {logging_mixin.py:188} INFO - [2025-07-04T12:36:07.531+0530] {dagbag.py:538} INFO - Filling up the DagBag from /home/tejhanagarajan/Projects/small-projects/NewsImpact/venv/lib64/python3.10/site-packages/airflow/example_dags/example_trigger_target_dag.py
[2025-07-04T12:36:07.535+0530] {processor.py:840} INFO - DAG(s) 'example_trigger_target_dag' retrieved from /home/tejhanagarajan/Projects/small-projects/NewsImpact/venv/lib64/python3.10/site-packages/airflow/example_dags/example_trigger_target_dag.py
[2025-07-04T12:36:07.541+0530] {logging_mixin.py:188} INFO - [2025-07-04T12:36:07.541+0530] {dag.py:3036} INFO - Sync 1 DAGs
[2025-07-04T12:36:07.545+0530] {logging_mixin.py:188} INFO - [2025-07-04T12:36:07.545+0530] {dag.py:3823} INFO - Setting next_dagrun for example_trigger_target_dag to None, run_after=None
[2025-07-04T12:36:07.560+0530] {processor.py:183} INFO - Processing /home/tejhanagarajan/Projects/small-projects/NewsImpact/venv/lib64/python3.10/site-packages/airflow/example_dags/example_trigger_target_dag.py took 0.036 seconds
[2025-07-04T12:36:44.739+0530] {processor.py:161} INFO - Started process (PID=32123) to work on /home/tejhanagarajan/Projects/small-projects/NewsImpact/venv/lib64/python3.10/site-packages/airflow/example_dags/example_trigger_target_dag.py
[2025-07-04T12:36:44.742+0530] {processor.py:830} INFO - Processing file /home/tejhanagarajan/Projects/small-projects/NewsImpact/venv/lib64/python3.10/site-packages/airflow/example_dags/example_trigger_target_dag.py for tasks to queue
[2025-07-04T12:36:44.743+0530] {logging_mixin.py:188} INFO - [2025-07-04T12:36:44.743+0530] {dagbag.py:538} INFO - Filling up the DagBag from /home/tejhanagarajan/Projects/small-projects/NewsImpact/venv/lib64/python3.10/site-packages/airflow/example_dags/example_trigger_target_dag.py
[2025-07-04T12:36:44.748+0530] {processor.py:840} INFO - DAG(s) 'example_trigger_target_dag' retrieved from /home/tejhanagarajan/Projects/small-projects/NewsImpact/venv/lib64/python3.10/site-packages/airflow/example_dags/example_trigger_target_dag.py
[2025-07-04T12:36:44.757+0530] {logging_mixin.py:188} INFO - [2025-07-04T12:36:44.757+0530] {dag.py:3036} INFO - Sync 1 DAGs
[2025-07-04T12:36:44.762+0530] {logging_mixin.py:188} INFO - [2025-07-04T12:36:44.762+0530] {dag.py:3823} INFO - Setting next_dagrun for example_trigger_target_dag to None, run_after=None
[2025-07-04T12:36:44.779+0530] {processor.py:183} INFO - Processing /home/tejhanagarajan/Projects/small-projects/NewsImpact/venv/lib64/python3.10/site-packages/airflow/example_dags/example_trigger_target_dag.py took 0.043 seconds
[2025-07-04T12:37:29.173+0530] {processor.py:161} INFO - Started process (PID=32692) to work on /home/tejhanagarajan/Projects/small-projects/NewsImpact/venv/lib64/python3.10/site-packages/airflow/example_dags/example_trigger_target_dag.py
[2025-07-04T12:37:29.176+0530] {processor.py:830} INFO - Processing file /home/tejhanagarajan/Projects/small-projects/NewsImpact/venv/lib64/python3.10/site-packages/airflow/example_dags/example_trigger_target_dag.py for tasks to queue
[2025-07-04T12:37:29.176+0530] {logging_mixin.py:188} INFO - [2025-07-04T12:37:29.176+0530] {dagbag.py:538} INFO - Filling up the DagBag from /home/tejhanagarajan/Projects/small-projects/NewsImpact/venv/lib64/python3.10/site-packages/airflow/example_dags/example_trigger_target_dag.py
[2025-07-04T12:37:29.179+0530] {processor.py:840} INFO - DAG(s) 'example_trigger_target_dag' retrieved from /home/tejhanagarajan/Projects/small-projects/NewsImpact/venv/lib64/python3.10/site-packages/airflow/example_dags/example_trigger_target_dag.py
[2025-07-04T12:37:29.188+0530] {logging_mixin.py:188} INFO - [2025-07-04T12:37:29.187+0530] {dag.py:3036} INFO - Sync 1 DAGs
[2025-07-04T12:37:29.193+0530] {logging_mixin.py:188} INFO - [2025-07-04T12:37:29.193+0530] {dag.py:3823} INFO - Setting next_dagrun for example_trigger_target_dag to None, run_after=None
[2025-07-04T12:37:29.210+0530] {processor.py:183} INFO - Processing /home/tejhanagarajan/Projects/small-projects/NewsImpact/venv/lib64/python3.10/site-packages/airflow/example_dags/example_trigger_target_dag.py took 0.039 seconds
[2025-07-04T12:38:05.364+0530] {processor.py:161} INFO - Started process (PID=34727) to work on /home/tejhanagarajan/Projects/small-projects/NewsImpact/venv/lib64/python3.10/site-packages/airflow/example_dags/example_trigger_target_dag.py
[2025-07-04T12:38:05.367+0530] {processor.py:830} INFO - Processing file /home/tejhanagarajan/Projects/small-projects/NewsImpact/venv/lib64/python3.10/site-packages/airflow/example_dags/example_trigger_target_dag.py for tasks to queue
[2025-07-04T12:38:05.367+0530] {logging_mixin.py:188} INFO - [2025-07-04T12:38:05.367+0530] {dagbag.py:538} INFO - Filling up the DagBag from /home/tejhanagarajan/Projects/small-projects/NewsImpact/venv/lib64/python3.10/site-packages/airflow/example_dags/example_trigger_target_dag.py
[2025-07-04T12:38:05.370+0530] {processor.py:840} INFO - DAG(s) 'example_trigger_target_dag' retrieved from /home/tejhanagarajan/Projects/small-projects/NewsImpact/venv/lib64/python3.10/site-packages/airflow/example_dags/example_trigger_target_dag.py
[2025-07-04T12:38:05.377+0530] {logging_mixin.py:188} INFO - [2025-07-04T12:38:05.376+0530] {dag.py:3036} INFO - Sync 1 DAGs
[2025-07-04T12:38:05.381+0530] {logging_mixin.py:188} INFO - [2025-07-04T12:38:05.381+0530] {dag.py:3823} INFO - Setting next_dagrun for example_trigger_target_dag to None, run_after=None
[2025-07-04T12:38:05.397+0530] {processor.py:183} INFO - Processing /home/tejhanagarajan/Projects/small-projects/NewsImpact/venv/lib64/python3.10/site-packages/airflow/example_dags/example_trigger_target_dag.py took 0.034 seconds
[2025-07-04T12:38:06.562+0530] {processor.py:161} INFO - Started process (PID=34735) to work on /home/tejhanagarajan/Projects/small-projects/NewsImpact/venv/lib64/python3.10/site-packages/airflow/example_dags/example_trigger_target_dag.py
[2025-07-04T12:38:06.563+0530] {processor.py:830} INFO - Processing file /home/tejhanagarajan/Projects/small-projects/NewsImpact/venv/lib64/python3.10/site-packages/airflow/example_dags/example_trigger_target_dag.py for tasks to queue
[2025-07-04T12:38:06.563+0530] {logging_mixin.py:188} INFO - [2025-07-04T12:38:06.563+0530] {dagbag.py:538} INFO - Filling up the DagBag from /home/tejhanagarajan/Projects/small-projects/NewsImpact/venv/lib64/python3.10/site-packages/airflow/example_dags/example_trigger_target_dag.py
[2025-07-04T12:38:06.568+0530] {processor.py:840} INFO - DAG(s) 'example_trigger_target_dag' retrieved from /home/tejhanagarajan/Projects/small-projects/NewsImpact/venv/lib64/python3.10/site-packages/airflow/example_dags/example_trigger_target_dag.py
[2025-07-04T12:38:06.579+0530] {logging_mixin.py:188} INFO - [2025-07-04T12:38:06.578+0530] {dag.py:3036} INFO - Sync 1 DAGs
[2025-07-04T12:38:06.584+0530] {logging_mixin.py:188} INFO - [2025-07-04T12:38:06.583+0530] {dag.py:3823} INFO - Setting next_dagrun for example_trigger_target_dag to None, run_after=None
[2025-07-04T12:38:06.601+0530] {processor.py:183} INFO - Processing /home/tejhanagarajan/Projects/small-projects/NewsImpact/venv/lib64/python3.10/site-packages/airflow/example_dags/example_trigger_target_dag.py took 0.040 seconds
[2025-07-04T12:38:53.905+0530] {processor.py:161} INFO - Started process (PID=35149) to work on /home/tejhanagarajan/Projects/small-projects/NewsImpact/venv/lib64/python3.10/site-packages/airflow/example_dags/example_trigger_target_dag.py
[2025-07-04T12:38:53.907+0530] {processor.py:830} INFO - Processing file /home/tejhanagarajan/Projects/small-projects/NewsImpact/venv/lib64/python3.10/site-packages/airflow/example_dags/example_trigger_target_dag.py for tasks to queue
[2025-07-04T12:38:53.907+0530] {logging_mixin.py:188} INFO - [2025-07-04T12:38:53.907+0530] {dagbag.py:538} INFO - Filling up the DagBag from /home/tejhanagarajan/Projects/small-projects/NewsImpact/venv/lib64/python3.10/site-packages/airflow/example_dags/example_trigger_target_dag.py
[2025-07-04T12:38:53.912+0530] {processor.py:840} INFO - DAG(s) 'example_trigger_target_dag' retrieved from /home/tejhanagarajan/Projects/small-projects/NewsImpact/venv/lib64/python3.10/site-packages/airflow/example_dags/example_trigger_target_dag.py
[2025-07-04T12:38:53.920+0530] {logging_mixin.py:188} INFO - [2025-07-04T12:38:53.920+0530] {dag.py:3036} INFO - Sync 1 DAGs
[2025-07-04T12:38:53.926+0530] {logging_mixin.py:188} INFO - [2025-07-04T12:38:53.926+0530] {dag.py:3823} INFO - Setting next_dagrun for example_trigger_target_dag to None, run_after=None
[2025-07-04T12:38:53.944+0530] {processor.py:183} INFO - Processing /home/tejhanagarajan/Projects/small-projects/NewsImpact/venv/lib64/python3.10/site-packages/airflow/example_dags/example_trigger_target_dag.py took 0.041 seconds
[2025-07-04T12:38:54.098+0530] {processor.py:161} INFO - Started process (PID=35151) to work on /home/tejhanagarajan/Projects/small-projects/NewsImpact/venv/lib64/python3.10/site-packages/airflow/example_dags/example_trigger_target_dag.py
[2025-07-04T12:38:54.099+0530] {processor.py:830} INFO - Processing file /home/tejhanagarajan/Projects/small-projects/NewsImpact/venv/lib64/python3.10/site-packages/airflow/example_dags/example_trigger_target_dag.py for tasks to queue
[2025-07-04T12:38:54.099+0530] {logging_mixin.py:188} INFO - [2025-07-04T12:38:54.099+0530] {dagbag.py:538} INFO - Filling up the DagBag from /home/tejhanagarajan/Projects/small-projects/NewsImpact/venv/lib64/python3.10/site-packages/airflow/example_dags/example_trigger_target_dag.py
[2025-07-04T12:38:54.103+0530] {processor.py:840} INFO - DAG(s) 'example_trigger_target_dag' retrieved from /home/tejhanagarajan/Projects/small-projects/NewsImpact/venv/lib64/python3.10/site-packages/airflow/example_dags/example_trigger_target_dag.py
[2025-07-04T12:38:54.112+0530] {logging_mixin.py:188} INFO - [2025-07-04T12:38:54.112+0530] {dag.py:3036} INFO - Sync 1 DAGs
[2025-07-04T12:38:54.118+0530] {logging_mixin.py:188} INFO - [2025-07-04T12:38:54.118+0530] {dag.py:3823} INFO - Setting next_dagrun for example_trigger_target_dag to None, run_after=None
[2025-07-04T12:38:54.137+0530] {processor.py:183} INFO - Processing /home/tejhanagarajan/Projects/small-projects/NewsImpact/venv/lib64/python3.10/site-packages/airflow/example_dags/example_trigger_target_dag.py took 0.040 seconds
[2025-07-04T12:39:32.896+0530] {processor.py:161} INFO - Started process (PID=35512) to work on /home/tejhanagarajan/Projects/small-projects/NewsImpact/venv/lib64/python3.10/site-packages/airflow/example_dags/example_trigger_target_dag.py
[2025-07-04T12:39:32.898+0530] {processor.py:830} INFO - Processing file /home/tejhanagarajan/Projects/small-projects/NewsImpact/venv/lib64/python3.10/site-packages/airflow/example_dags/example_trigger_target_dag.py for tasks to queue
[2025-07-04T12:39:32.899+0530] {logging_mixin.py:188} INFO - [2025-07-04T12:39:32.899+0530] {dagbag.py:538} INFO - Filling up the DagBag from /home/tejhanagarajan/Projects/small-projects/NewsImpact/venv/lib64/python3.10/site-packages/airflow/example_dags/example_trigger_target_dag.py
[2025-07-04T12:39:32.902+0530] {processor.py:840} INFO - DAG(s) 'example_trigger_target_dag' retrieved from /home/tejhanagarajan/Projects/small-projects/NewsImpact/venv/lib64/python3.10/site-packages/airflow/example_dags/example_trigger_target_dag.py
[2025-07-04T12:39:32.908+0530] {logging_mixin.py:188} INFO - [2025-07-04T12:39:32.908+0530] {dag.py:3036} INFO - Sync 1 DAGs
[2025-07-04T12:39:32.913+0530] {logging_mixin.py:188} INFO - [2025-07-04T12:39:32.913+0530] {dag.py:3823} INFO - Setting next_dagrun for example_trigger_target_dag to None, run_after=None
[2025-07-04T12:39:32.929+0530] {processor.py:183} INFO - Processing /home/tejhanagarajan/Projects/small-projects/NewsImpact/venv/lib64/python3.10/site-packages/airflow/example_dags/example_trigger_target_dag.py took 0.034 seconds
[2025-07-04T12:39:40.115+0530] {processor.py:161} INFO - Started process (PID=35562) to work on /home/tejhanagarajan/Projects/small-projects/NewsImpact/venv/lib64/python3.10/site-packages/airflow/example_dags/example_trigger_target_dag.py
[2025-07-04T12:39:40.117+0530] {processor.py:830} INFO - Processing file /home/tejhanagarajan/Projects/small-projects/NewsImpact/venv/lib64/python3.10/site-packages/airflow/example_dags/example_trigger_target_dag.py for tasks to queue
[2025-07-04T12:39:40.117+0530] {logging_mixin.py:188} INFO - [2025-07-04T12:39:40.117+0530] {dagbag.py:538} INFO - Filling up the DagBag from /home/tejhanagarajan/Projects/small-projects/NewsImpact/venv/lib64/python3.10/site-packages/airflow/example_dags/example_trigger_target_dag.py
[2025-07-04T12:39:40.120+0530] {processor.py:840} INFO - DAG(s) 'example_trigger_target_dag' retrieved from /home/tejhanagarajan/Projects/small-projects/NewsImpact/venv/lib64/python3.10/site-packages/airflow/example_dags/example_trigger_target_dag.py
[2025-07-04T12:39:40.127+0530] {logging_mixin.py:188} INFO - [2025-07-04T12:39:40.127+0530] {dag.py:3036} INFO - Sync 1 DAGs
[2025-07-04T12:39:40.132+0530] {logging_mixin.py:188} INFO - [2025-07-04T12:39:40.132+0530] {dag.py:3823} INFO - Setting next_dagrun for example_trigger_target_dag to None, run_after=None
[2025-07-04T12:39:40.148+0530] {processor.py:183} INFO - Processing /home/tejhanagarajan/Projects/small-projects/NewsImpact/venv/lib64/python3.10/site-packages/airflow/example_dags/example_trigger_target_dag.py took 0.035 seconds
[2025-07-04T12:42:07.657+0530] {processor.py:161} INFO - Started process (PID=37839) to work on /home/tejhanagarajan/Projects/small-projects/NewsImpact/venv/lib64/python3.10/site-packages/airflow/example_dags/example_trigger_target_dag.py
[2025-07-04T12:42:07.660+0530] {processor.py:830} INFO - Processing file /home/tejhanagarajan/Projects/small-projects/NewsImpact/venv/lib64/python3.10/site-packages/airflow/example_dags/example_trigger_target_dag.py for tasks to queue
[2025-07-04T12:42:07.661+0530] {logging_mixin.py:188} INFO - [2025-07-04T12:42:07.661+0530] {dagbag.py:538} INFO - Filling up the DagBag from /home/tejhanagarajan/Projects/small-projects/NewsImpact/venv/lib64/python3.10/site-packages/airflow/example_dags/example_trigger_target_dag.py
[2025-07-04T12:42:07.666+0530] {processor.py:840} INFO - DAG(s) 'example_trigger_target_dag' retrieved from /home/tejhanagarajan/Projects/small-projects/NewsImpact/venv/lib64/python3.10/site-packages/airflow/example_dags/example_trigger_target_dag.py
[2025-07-04T12:42:07.676+0530] {logging_mixin.py:188} INFO - [2025-07-04T12:42:07.676+0530] {dag.py:3036} INFO - Sync 1 DAGs
[2025-07-04T12:42:07.681+0530] {logging_mixin.py:188} INFO - [2025-07-04T12:42:07.681+0530] {dag.py:3823} INFO - Setting next_dagrun for example_trigger_target_dag to None, run_after=None
[2025-07-04T12:42:07.697+0530] {processor.py:183} INFO - Processing /home/tejhanagarajan/Projects/small-projects/NewsImpact/venv/lib64/python3.10/site-packages/airflow/example_dags/example_trigger_target_dag.py took 0.042 seconds
[2025-07-04T12:42:54.935+0530] {processor.py:161} INFO - Started process (PID=38196) to work on /home/tejhanagarajan/Projects/small-projects/NewsImpact/venv/lib64/python3.10/site-packages/airflow/example_dags/example_trigger_target_dag.py
[2025-07-04T12:42:54.938+0530] {processor.py:830} INFO - Processing file /home/tejhanagarajan/Projects/small-projects/NewsImpact/venv/lib64/python3.10/site-packages/airflow/example_dags/example_trigger_target_dag.py for tasks to queue
[2025-07-04T12:42:54.939+0530] {logging_mixin.py:188} INFO - [2025-07-04T12:42:54.938+0530] {dagbag.py:538} INFO - Filling up the DagBag from /home/tejhanagarajan/Projects/small-projects/NewsImpact/venv/lib64/python3.10/site-packages/airflow/example_dags/example_trigger_target_dag.py
[2025-07-04T12:42:54.943+0530] {processor.py:840} INFO - DAG(s) 'example_trigger_target_dag' retrieved from /home/tejhanagarajan/Projects/small-projects/NewsImpact/venv/lib64/python3.10/site-packages/airflow/example_dags/example_trigger_target_dag.py
[2025-07-04T12:42:54.950+0530] {logging_mixin.py:188} INFO - [2025-07-04T12:42:54.949+0530] {dag.py:3036} INFO - Sync 1 DAGs
[2025-07-04T12:42:54.954+0530] {logging_mixin.py:188} INFO - [2025-07-04T12:42:54.954+0530] {dag.py:3823} INFO - Setting next_dagrun for example_trigger_target_dag to None, run_after=None
[2025-07-04T12:42:54.973+0530] {processor.py:183} INFO - Processing /home/tejhanagarajan/Projects/small-projects/NewsImpact/venv/lib64/python3.10/site-packages/airflow/example_dags/example_trigger_target_dag.py took 0.039 seconds
[2025-07-04T12:43:42.340+0530] {processor.py:161} INFO - Started process (PID=38578) to work on /home/tejhanagarajan/Projects/small-projects/NewsImpact/venv/lib64/python3.10/site-packages/airflow/example_dags/example_trigger_target_dag.py
[2025-07-04T12:43:42.342+0530] {processor.py:830} INFO - Processing file /home/tejhanagarajan/Projects/small-projects/NewsImpact/venv/lib64/python3.10/site-packages/airflow/example_dags/example_trigger_target_dag.py for tasks to queue
[2025-07-04T12:43:42.343+0530] {logging_mixin.py:188} INFO - [2025-07-04T12:43:42.343+0530] {dagbag.py:538} INFO - Filling up the DagBag from /home/tejhanagarajan/Projects/small-projects/NewsImpact/venv/lib64/python3.10/site-packages/airflow/example_dags/example_trigger_target_dag.py
[2025-07-04T12:43:42.348+0530] {processor.py:840} INFO - DAG(s) 'example_trigger_target_dag' retrieved from /home/tejhanagarajan/Projects/small-projects/NewsImpact/venv/lib64/python3.10/site-packages/airflow/example_dags/example_trigger_target_dag.py
[2025-07-04T12:43:42.356+0530] {logging_mixin.py:188} INFO - [2025-07-04T12:43:42.355+0530] {dag.py:3036} INFO - Sync 1 DAGs
[2025-07-04T12:43:42.361+0530] {logging_mixin.py:188} INFO - [2025-07-04T12:43:42.361+0530] {dag.py:3823} INFO - Setting next_dagrun for example_trigger_target_dag to None, run_after=None
[2025-07-04T12:43:42.378+0530] {processor.py:183} INFO - Processing /home/tejhanagarajan/Projects/small-projects/NewsImpact/venv/lib64/python3.10/site-packages/airflow/example_dags/example_trigger_target_dag.py took 0.040 seconds
[2025-07-04T12:44:33.019+0530] {processor.py:161} INFO - Started process (PID=38946) to work on /home/tejhanagarajan/Projects/small-projects/NewsImpact/venv/lib64/python3.10/site-packages/airflow/example_dags/example_trigger_target_dag.py
[2025-07-04T12:44:33.021+0530] {processor.py:830} INFO - Processing file /home/tejhanagarajan/Projects/small-projects/NewsImpact/venv/lib64/python3.10/site-packages/airflow/example_dags/example_trigger_target_dag.py for tasks to queue
[2025-07-04T12:44:33.022+0530] {logging_mixin.py:188} INFO - [2025-07-04T12:44:33.022+0530] {dagbag.py:538} INFO - Filling up the DagBag from /home/tejhanagarajan/Projects/small-projects/NewsImpact/venv/lib64/python3.10/site-packages/airflow/example_dags/example_trigger_target_dag.py
[2025-07-04T12:44:33.025+0530] {processor.py:840} INFO - DAG(s) 'example_trigger_target_dag' retrieved from /home/tejhanagarajan/Projects/small-projects/NewsImpact/venv/lib64/python3.10/site-packages/airflow/example_dags/example_trigger_target_dag.py
[2025-07-04T12:44:33.031+0530] {logging_mixin.py:188} INFO - [2025-07-04T12:44:33.031+0530] {dag.py:3036} INFO - Sync 1 DAGs
[2025-07-04T12:44:33.035+0530] {logging_mixin.py:188} INFO - [2025-07-04T12:44:33.035+0530] {dag.py:3823} INFO - Setting next_dagrun for example_trigger_target_dag to None, run_after=None
[2025-07-04T12:44:33.051+0530] {processor.py:183} INFO - Processing /home/tejhanagarajan/Projects/small-projects/NewsImpact/venv/lib64/python3.10/site-packages/airflow/example_dags/example_trigger_target_dag.py took 0.034 seconds
[2025-07-04T12:45:10.172+0530] {processor.py:161} INFO - Started process (PID=39214) to work on /home/tejhanagarajan/Projects/small-projects/NewsImpact/venv/lib64/python3.10/site-packages/airflow/example_dags/example_trigger_target_dag.py
[2025-07-04T12:45:10.174+0530] {processor.py:830} INFO - Processing file /home/tejhanagarajan/Projects/small-projects/NewsImpact/venv/lib64/python3.10/site-packages/airflow/example_dags/example_trigger_target_dag.py for tasks to queue
[2025-07-04T12:45:10.175+0530] {logging_mixin.py:188} INFO - [2025-07-04T12:45:10.175+0530] {dagbag.py:538} INFO - Filling up the DagBag from /home/tejhanagarajan/Projects/small-projects/NewsImpact/venv/lib64/python3.10/site-packages/airflow/example_dags/example_trigger_target_dag.py
[2025-07-04T12:45:10.179+0530] {processor.py:840} INFO - DAG(s) 'example_trigger_target_dag' retrieved from /home/tejhanagarajan/Projects/small-projects/NewsImpact/venv/lib64/python3.10/site-packages/airflow/example_dags/example_trigger_target_dag.py
[2025-07-04T12:45:10.185+0530] {logging_mixin.py:188} INFO - [2025-07-04T12:45:10.185+0530] {dag.py:3036} INFO - Sync 1 DAGs
[2025-07-04T12:45:10.190+0530] {logging_mixin.py:188} INFO - [2025-07-04T12:45:10.190+0530] {dag.py:3823} INFO - Setting next_dagrun for example_trigger_target_dag to None, run_after=None
[2025-07-04T12:45:10.206+0530] {processor.py:183} INFO - Processing /home/tejhanagarajan/Projects/small-projects/NewsImpact/venv/lib64/python3.10/site-packages/airflow/example_dags/example_trigger_target_dag.py took 0.037 seconds
[2025-07-04T12:46:02.196+0530] {processor.py:161} INFO - Started process (PID=39590) to work on /home/tejhanagarajan/Projects/small-projects/NewsImpact/venv/lib64/python3.10/site-packages/airflow/example_dags/example_trigger_target_dag.py
[2025-07-04T12:46:02.199+0530] {processor.py:830} INFO - Processing file /home/tejhanagarajan/Projects/small-projects/NewsImpact/venv/lib64/python3.10/site-packages/airflow/example_dags/example_trigger_target_dag.py for tasks to queue
[2025-07-04T12:46:02.200+0530] {logging_mixin.py:188} INFO - [2025-07-04T12:46:02.199+0530] {dagbag.py:538} INFO - Filling up the DagBag from /home/tejhanagarajan/Projects/small-projects/NewsImpact/venv/lib64/python3.10/site-packages/airflow/example_dags/example_trigger_target_dag.py
[2025-07-04T12:46:02.204+0530] {processor.py:840} INFO - DAG(s) 'example_trigger_target_dag' retrieved from /home/tejhanagarajan/Projects/small-projects/NewsImpact/venv/lib64/python3.10/site-packages/airflow/example_dags/example_trigger_target_dag.py
[2025-07-04T12:46:02.210+0530] {logging_mixin.py:188} INFO - [2025-07-04T12:46:02.210+0530] {dag.py:3036} INFO - Sync 1 DAGs
[2025-07-04T12:46:02.215+0530] {logging_mixin.py:188} INFO - [2025-07-04T12:46:02.215+0530] {dag.py:3823} INFO - Setting next_dagrun for example_trigger_target_dag to None, run_after=None
[2025-07-04T12:46:02.232+0530] {processor.py:183} INFO - Processing /home/tejhanagarajan/Projects/small-projects/NewsImpact/venv/lib64/python3.10/site-packages/airflow/example_dags/example_trigger_target_dag.py took 0.038 seconds
[2025-07-04T12:46:38.302+0530] {processor.py:161} INFO - Started process (PID=39853) to work on /home/tejhanagarajan/Projects/small-projects/NewsImpact/venv/lib64/python3.10/site-packages/airflow/example_dags/example_trigger_target_dag.py
[2025-07-04T12:46:38.304+0530] {processor.py:830} INFO - Processing file /home/tejhanagarajan/Projects/small-projects/NewsImpact/venv/lib64/python3.10/site-packages/airflow/example_dags/example_trigger_target_dag.py for tasks to queue
[2025-07-04T12:46:38.306+0530] {logging_mixin.py:188} INFO - [2025-07-04T12:46:38.305+0530] {dagbag.py:538} INFO - Filling up the DagBag from /home/tejhanagarajan/Projects/small-projects/NewsImpact/venv/lib64/python3.10/site-packages/airflow/example_dags/example_trigger_target_dag.py
[2025-07-04T12:46:38.311+0530] {processor.py:840} INFO - DAG(s) 'example_trigger_target_dag' retrieved from /home/tejhanagarajan/Projects/small-projects/NewsImpact/venv/lib64/python3.10/site-packages/airflow/example_dags/example_trigger_target_dag.py
[2025-07-04T12:46:38.318+0530] {logging_mixin.py:188} INFO - [2025-07-04T12:46:38.318+0530] {dag.py:3036} INFO - Sync 1 DAGs
[2025-07-04T12:46:38.322+0530] {logging_mixin.py:188} INFO - [2025-07-04T12:46:38.322+0530] {dag.py:3823} INFO - Setting next_dagrun for example_trigger_target_dag to None, run_after=None
[2025-07-04T12:46:38.339+0530] {processor.py:183} INFO - Processing /home/tejhanagarajan/Projects/small-projects/NewsImpact/venv/lib64/python3.10/site-packages/airflow/example_dags/example_trigger_target_dag.py took 0.040 seconds
[2025-07-04T12:47:13.170+0530] {processor.py:161} INFO - Started process (PID=40113) to work on /home/tejhanagarajan/Projects/small-projects/NewsImpact/venv/lib64/python3.10/site-packages/airflow/example_dags/example_trigger_target_dag.py
[2025-07-04T12:47:13.173+0530] {processor.py:830} INFO - Processing file /home/tejhanagarajan/Projects/small-projects/NewsImpact/venv/lib64/python3.10/site-packages/airflow/example_dags/example_trigger_target_dag.py for tasks to queue
[2025-07-04T12:47:13.174+0530] {logging_mixin.py:188} INFO - [2025-07-04T12:47:13.173+0530] {dagbag.py:538} INFO - Filling up the DagBag from /home/tejhanagarajan/Projects/small-projects/NewsImpact/venv/lib64/python3.10/site-packages/airflow/example_dags/example_trigger_target_dag.py
[2025-07-04T12:47:13.178+0530] {processor.py:840} INFO - DAG(s) 'example_trigger_target_dag' retrieved from /home/tejhanagarajan/Projects/small-projects/NewsImpact/venv/lib64/python3.10/site-packages/airflow/example_dags/example_trigger_target_dag.py
[2025-07-04T12:47:13.184+0530] {logging_mixin.py:188} INFO - [2025-07-04T12:47:13.184+0530] {dag.py:3036} INFO - Sync 1 DAGs
[2025-07-04T12:47:13.189+0530] {logging_mixin.py:188} INFO - [2025-07-04T12:47:13.189+0530] {dag.py:3823} INFO - Setting next_dagrun for example_trigger_target_dag to None, run_after=None
[2025-07-04T12:47:13.205+0530] {processor.py:183} INFO - Processing /home/tejhanagarajan/Projects/small-projects/NewsImpact/venv/lib64/python3.10/site-packages/airflow/example_dags/example_trigger_target_dag.py took 0.040 seconds
[2025-07-04T12:47:49.610+0530] {processor.py:161} INFO - Started process (PID=40385) to work on /home/tejhanagarajan/Projects/small-projects/NewsImpact/venv/lib64/python3.10/site-packages/airflow/example_dags/example_trigger_target_dag.py
[2025-07-04T12:47:49.612+0530] {processor.py:830} INFO - Processing file /home/tejhanagarajan/Projects/small-projects/NewsImpact/venv/lib64/python3.10/site-packages/airflow/example_dags/example_trigger_target_dag.py for tasks to queue
[2025-07-04T12:47:49.613+0530] {logging_mixin.py:188} INFO - [2025-07-04T12:47:49.612+0530] {dagbag.py:538} INFO - Filling up the DagBag from /home/tejhanagarajan/Projects/small-projects/NewsImpact/venv/lib64/python3.10/site-packages/airflow/example_dags/example_trigger_target_dag.py
[2025-07-04T12:47:49.616+0530] {processor.py:840} INFO - DAG(s) 'example_trigger_target_dag' retrieved from /home/tejhanagarajan/Projects/small-projects/NewsImpact/venv/lib64/python3.10/site-packages/airflow/example_dags/example_trigger_target_dag.py
[2025-07-04T12:47:49.624+0530] {logging_mixin.py:188} INFO - [2025-07-04T12:47:49.623+0530] {dag.py:3036} INFO - Sync 1 DAGs
[2025-07-04T12:47:49.628+0530] {logging_mixin.py:188} INFO - [2025-07-04T12:47:49.628+0530] {dag.py:3823} INFO - Setting next_dagrun for example_trigger_target_dag to None, run_after=None
[2025-07-04T12:47:49.645+0530] {processor.py:183} INFO - Processing /home/tejhanagarajan/Projects/small-projects/NewsImpact/venv/lib64/python3.10/site-packages/airflow/example_dags/example_trigger_target_dag.py took 0.037 seconds
