[2025-07-04T12:26:48.817+0530] {processor.py:161} INFO - Started process (PID=25264) to work on /home/tejhanagarajan/Projects/small-projects/NewsImpact/venv/lib64/python3.10/site-packages/airflow/example_dags/example_setup_teardown.py
[2025-07-04T12:26:48.818+0530] {processor.py:830} INFO - Processing file /home/tejhanagarajan/Projects/small-projects/NewsImpact/venv/lib64/python3.10/site-packages/airflow/example_dags/example_setup_teardown.py for tasks to queue
[2025-07-04T12:26:48.819+0530] {logging_mixin.py:188} INFO - [2025-07-04T12:26:48.818+0530] {dagbag.py:538} INFO - Filling up the DagBag from /home/tejhanagarajan/Projects/small-projects/NewsImpact/venv/lib64/python3.10/site-packages/airflow/example_dags/example_setup_teardown.py
[2025-07-04T12:26:48.823+0530] {processor.py:840} INFO - DAG(s) 'example_setup_teardown' retrieved from /home/tejhanagarajan/Projects/small-projects/NewsImpact/venv/lib64/python3.10/site-packages/airflow/example_dags/example_setup_teardown.py
[2025-07-04T12:26:48.885+0530] {logging_mixin.py:188} INFO - [2025-07-04T12:26:48.885+0530] {override.py:1769} INFO - Created Permission View: can read on DAG:example_setup_teardown
[2025-07-04T12:26:48.897+0530] {logging_mixin.py:188} INFO - [2025-07-04T12:26:48.897+0530] {override.py:1769} INFO - Created Permission View: can edit on DAG:example_setup_teardown
[2025-07-04T12:26:48.911+0530] {logging_mixin.py:188} INFO - [2025-07-04T12:26:48.910+0530] {override.py:1769} INFO - Created Permission View: can delete on DAG:example_setup_teardown
[2025-07-04T12:26:48.912+0530] {logging_mixin.py:188} INFO - [2025-07-04T12:26:48.911+0530] {dag.py:3036} INFO - Sync 1 DAGs
[2025-07-04T12:26:48.921+0530] {logging_mixin.py:188} INFO - [2025-07-04T12:26:48.921+0530] {dag.py:3058} INFO - Creating ORM DAG for example_setup_teardown
[2025-07-04T12:26:48.926+0530] {logging_mixin.py:188} INFO - [2025-07-04T12:26:48.926+0530] {dag.py:3823} INFO - Setting next_dagrun for example_setup_teardown to 2025-07-03 00:00:00+00:00, run_after=2025-07-04 00:00:00+00:00
[2025-07-04T12:26:48.943+0530] {processor.py:183} INFO - Processing /home/tejhanagarajan/Projects/small-projects/NewsImpact/venv/lib64/python3.10/site-packages/airflow/example_dags/example_setup_teardown.py took 0.128 seconds
[2025-07-04T12:27:38.995+0530] {processor.py:161} INFO - Started process (PID=25632) to work on /home/tejhanagarajan/Projects/small-projects/NewsImpact/venv/lib64/python3.10/site-packages/airflow/example_dags/example_setup_teardown.py
[2025-07-04T12:27:38.996+0530] {processor.py:830} INFO - Processing file /home/tejhanagarajan/Projects/small-projects/NewsImpact/venv/lib64/python3.10/site-packages/airflow/example_dags/example_setup_teardown.py for tasks to queue
[2025-07-04T12:27:38.996+0530] {logging_mixin.py:188} INFO - [2025-07-04T12:27:38.996+0530] {dagbag.py:538} INFO - Filling up the DagBag from /home/tejhanagarajan/Projects/small-projects/NewsImpact/venv/lib64/python3.10/site-packages/airflow/example_dags/example_setup_teardown.py
[2025-07-04T12:27:39.002+0530] {processor.py:840} INFO - DAG(s) 'example_setup_teardown' retrieved from /home/tejhanagarajan/Projects/small-projects/NewsImpact/venv/lib64/python3.10/site-packages/airflow/example_dags/example_setup_teardown.py
[2025-07-04T12:27:39.009+0530] {logging_mixin.py:188} INFO - [2025-07-04T12:27:39.008+0530] {dag.py:3036} INFO - Sync 1 DAGs
[2025-07-04T12:27:39.016+0530] {logging_mixin.py:188} INFO - [2025-07-04T12:27:39.016+0530] {dag.py:3823} INFO - Setting next_dagrun for example_setup_teardown to 2025-07-03 00:00:00+00:00, run_after=2025-07-04 00:00:00+00:00
[2025-07-04T12:27:39.035+0530] {processor.py:183} INFO - Processing /home/tejhanagarajan/Projects/small-projects/NewsImpact/venv/lib64/python3.10/site-packages/airflow/example_dags/example_setup_teardown.py took 0.041 seconds
[2025-07-04T12:28:26.403+0530] {processor.py:161} INFO - Started process (PID=26033) to work on /home/tejhanagarajan/Projects/small-projects/NewsImpact/venv/lib64/python3.10/site-packages/airflow/example_dags/example_setup_teardown.py
[2025-07-04T12:28:26.404+0530] {processor.py:830} INFO - Processing file /home/tejhanagarajan/Projects/small-projects/NewsImpact/venv/lib64/python3.10/site-packages/airflow/example_dags/example_setup_teardown.py for tasks to queue
[2025-07-04T12:28:26.404+0530] {logging_mixin.py:188} INFO - [2025-07-04T12:28:26.404+0530] {dagbag.py:538} INFO - Filling up the DagBag from /home/tejhanagarajan/Projects/small-projects/NewsImpact/venv/lib64/python3.10/site-packages/airflow/example_dags/example_setup_teardown.py
[2025-07-04T12:28:26.409+0530] {processor.py:840} INFO - DAG(s) 'example_setup_teardown' retrieved from /home/tejhanagarajan/Projects/small-projects/NewsImpact/venv/lib64/python3.10/site-packages/airflow/example_dags/example_setup_teardown.py
[2025-07-04T12:28:26.416+0530] {logging_mixin.py:188} INFO - [2025-07-04T12:28:26.416+0530] {dag.py:3036} INFO - Sync 1 DAGs
[2025-07-04T12:28:26.425+0530] {logging_mixin.py:188} INFO - [2025-07-04T12:28:26.425+0530] {dag.py:3823} INFO - Setting next_dagrun for example_setup_teardown to 2025-07-03 00:00:00+00:00, run_after=2025-07-04 00:00:00+00:00
[2025-07-04T12:28:26.442+0530] {processor.py:183} INFO - Processing /home/tejhanagarajan/Projects/small-projects/NewsImpact/venv/lib64/python3.10/site-packages/airflow/example_dags/example_setup_teardown.py took 0.041 seconds
[2025-07-04T12:29:24.875+0530] {processor.py:161} INFO - Started process (PID=26543) to work on /home/tejhanagarajan/Projects/small-projects/NewsImpact/venv/lib64/python3.10/site-packages/airflow/example_dags/example_setup_teardown.py
[2025-07-04T12:29:24.877+0530] {processor.py:830} INFO - Processing file /home/tejhanagarajan/Projects/small-projects/NewsImpact/venv/lib64/python3.10/site-packages/airflow/example_dags/example_setup_teardown.py for tasks to queue
[2025-07-04T12:29:24.877+0530] {logging_mixin.py:188} INFO - [2025-07-04T12:29:24.877+0530] {dagbag.py:538} INFO - Filling up the DagBag from /home/tejhanagarajan/Projects/small-projects/NewsImpact/venv/lib64/python3.10/site-packages/airflow/example_dags/example_setup_teardown.py
[2025-07-04T12:29:24.881+0530] {processor.py:840} INFO - DAG(s) 'example_setup_teardown' retrieved from /home/tejhanagarajan/Projects/small-projects/NewsImpact/venv/lib64/python3.10/site-packages/airflow/example_dags/example_setup_teardown.py
[2025-07-04T12:29:24.889+0530] {logging_mixin.py:188} INFO - [2025-07-04T12:29:24.889+0530] {dag.py:3036} INFO - Sync 1 DAGs
[2025-07-04T12:29:24.898+0530] {logging_mixin.py:188} INFO - [2025-07-04T12:29:24.898+0530] {dag.py:3823} INFO - Setting next_dagrun for example_setup_teardown to 2025-07-03 00:00:00+00:00, run_after=2025-07-04 00:00:00+00:00
[2025-07-04T12:29:24.916+0530] {processor.py:183} INFO - Processing /home/tejhanagarajan/Projects/small-projects/NewsImpact/venv/lib64/python3.10/site-packages/airflow/example_dags/example_setup_teardown.py took 0.042 seconds
[2025-07-04T12:30:14.543+0530] {processor.py:161} INFO - Started process (PID=26889) to work on /home/tejhanagarajan/Projects/small-projects/NewsImpact/venv/lib64/python3.10/site-packages/airflow/example_dags/example_setup_teardown.py
[2025-07-04T12:30:14.546+0530] {processor.py:830} INFO - Processing file /home/tejhanagarajan/Projects/small-projects/NewsImpact/venv/lib64/python3.10/site-packages/airflow/example_dags/example_setup_teardown.py for tasks to queue
[2025-07-04T12:30:14.547+0530] {logging_mixin.py:188} INFO - [2025-07-04T12:30:14.546+0530] {dagbag.py:538} INFO - Filling up the DagBag from /home/tejhanagarajan/Projects/small-projects/NewsImpact/venv/lib64/python3.10/site-packages/airflow/example_dags/example_setup_teardown.py
[2025-07-04T12:30:14.554+0530] {processor.py:840} INFO - DAG(s) 'example_setup_teardown' retrieved from /home/tejhanagarajan/Projects/small-projects/NewsImpact/venv/lib64/python3.10/site-packages/airflow/example_dags/example_setup_teardown.py
[2025-07-04T12:30:14.566+0530] {logging_mixin.py:188} INFO - [2025-07-04T12:30:14.566+0530] {dag.py:3036} INFO - Sync 1 DAGs
[2025-07-04T12:30:14.574+0530] {logging_mixin.py:188} INFO - [2025-07-04T12:30:14.574+0530] {dag.py:3823} INFO - Setting next_dagrun for example_setup_teardown to 2025-07-03 00:00:00+00:00, run_after=2025-07-04 00:00:00+00:00
[2025-07-04T12:30:14.591+0530] {processor.py:183} INFO - Processing /home/tejhanagarajan/Projects/small-projects/NewsImpact/venv/lib64/python3.10/site-packages/airflow/example_dags/example_setup_teardown.py took 0.052 seconds
[2025-07-04T12:31:07.720+0530] {processor.py:161} INFO - Started process (PID=27290) to work on /home/tejhanagarajan/Projects/small-projects/NewsImpact/venv/lib64/python3.10/site-packages/airflow/example_dags/example_setup_teardown.py
[2025-07-04T12:31:07.722+0530] {processor.py:830} INFO - Processing file /home/tejhanagarajan/Projects/small-projects/NewsImpact/venv/lib64/python3.10/site-packages/airflow/example_dags/example_setup_teardown.py for tasks to queue
[2025-07-04T12:31:07.723+0530] {logging_mixin.py:188} INFO - [2025-07-04T12:31:07.723+0530] {dagbag.py:538} INFO - Filling up the DagBag from /home/tejhanagarajan/Projects/small-projects/NewsImpact/venv/lib64/python3.10/site-packages/airflow/example_dags/example_setup_teardown.py
[2025-07-04T12:31:07.726+0530] {processor.py:840} INFO - DAG(s) 'example_setup_teardown' retrieved from /home/tejhanagarajan/Projects/small-projects/NewsImpact/venv/lib64/python3.10/site-packages/airflow/example_dags/example_setup_teardown.py
[2025-07-04T12:31:07.734+0530] {logging_mixin.py:188} INFO - [2025-07-04T12:31:07.733+0530] {dag.py:3036} INFO - Sync 1 DAGs
[2025-07-04T12:31:07.742+0530] {logging_mixin.py:188} INFO - [2025-07-04T12:31:07.742+0530] {dag.py:3823} INFO - Setting next_dagrun for example_setup_teardown to 2025-07-03 00:00:00+00:00, run_after=2025-07-04 00:00:00+00:00
[2025-07-04T12:31:07.758+0530] {processor.py:183} INFO - Processing /home/tejhanagarajan/Projects/small-projects/NewsImpact/venv/lib64/python3.10/site-packages/airflow/example_dags/example_setup_teardown.py took 0.039 seconds
[2025-07-04T12:33:13.675+0530] {processor.py:161} INFO - Started process (PID=30115) to work on /home/tejhanagarajan/Projects/small-projects/NewsImpact/venv/lib64/python3.10/site-packages/airflow/example_dags/example_setup_teardown.py
[2025-07-04T12:33:13.680+0530] {processor.py:830} INFO - Processing file /home/tejhanagarajan/Projects/small-projects/NewsImpact/venv/lib64/python3.10/site-packages/airflow/example_dags/example_setup_teardown.py for tasks to queue
[2025-07-04T12:33:13.681+0530] {logging_mixin.py:188} INFO - [2025-07-04T12:33:13.681+0530] {dagbag.py:538} INFO - Filling up the DagBag from /home/tejhanagarajan/Projects/small-projects/NewsImpact/venv/lib64/python3.10/site-packages/airflow/example_dags/example_setup_teardown.py
[2025-07-04T12:33:13.686+0530] {processor.py:840} INFO - DAG(s) 'example_setup_teardown' retrieved from /home/tejhanagarajan/Projects/small-projects/NewsImpact/venv/lib64/python3.10/site-packages/airflow/example_dags/example_setup_teardown.py
[2025-07-04T12:33:13.693+0530] {logging_mixin.py:188} INFO - [2025-07-04T12:33:13.693+0530] {dag.py:3036} INFO - Sync 1 DAGs
[2025-07-04T12:33:13.702+0530] {logging_mixin.py:188} INFO - [2025-07-04T12:33:13.702+0530] {dag.py:3823} INFO - Setting next_dagrun for example_setup_teardown to 2025-07-03 00:00:00+00:00, run_after=2025-07-04 00:00:00+00:00
[2025-07-04T12:33:13.719+0530] {processor.py:183} INFO - Processing /home/tejhanagarajan/Projects/small-projects/NewsImpact/venv/lib64/python3.10/site-packages/airflow/example_dags/example_setup_teardown.py took 0.046 seconds
[2025-07-04T12:34:01.151+0530] {processor.py:161} INFO - Started process (PID=30466) to work on /home/tejhanagarajan/Projects/small-projects/NewsImpact/venv/lib64/python3.10/site-packages/airflow/example_dags/example_setup_teardown.py
[2025-07-04T12:34:01.154+0530] {processor.py:830} INFO - Processing file /home/tejhanagarajan/Projects/small-projects/NewsImpact/venv/lib64/python3.10/site-packages/airflow/example_dags/example_setup_teardown.py for tasks to queue
[2025-07-04T12:34:01.155+0530] {logging_mixin.py:188} INFO - [2025-07-04T12:34:01.154+0530] {dagbag.py:538} INFO - Filling up the DagBag from /home/tejhanagarajan/Projects/small-projects/NewsImpact/venv/lib64/python3.10/site-packages/airflow/example_dags/example_setup_teardown.py
[2025-07-04T12:34:01.159+0530] {processor.py:840} INFO - DAG(s) 'example_setup_teardown' retrieved from /home/tejhanagarajan/Projects/small-projects/NewsImpact/venv/lib64/python3.10/site-packages/airflow/example_dags/example_setup_teardown.py
[2025-07-04T12:34:01.166+0530] {logging_mixin.py:188} INFO - [2025-07-04T12:34:01.166+0530] {dag.py:3036} INFO - Sync 1 DAGs
[2025-07-04T12:34:01.174+0530] {logging_mixin.py:188} INFO - [2025-07-04T12:34:01.174+0530] {dag.py:3823} INFO - Setting next_dagrun for example_setup_teardown to 2025-07-03 00:00:00+00:00, run_after=2025-07-04 00:00:00+00:00
[2025-07-04T12:34:01.192+0530] {processor.py:183} INFO - Processing /home/tejhanagarajan/Projects/small-projects/NewsImpact/venv/lib64/python3.10/site-packages/airflow/example_dags/example_setup_teardown.py took 0.044 seconds
[2025-07-04T12:34:52.217+0530] {processor.py:161} INFO - Started process (PID=31092) to work on /home/tejhanagarajan/Projects/small-projects/NewsImpact/venv/lib64/python3.10/site-packages/airflow/example_dags/example_setup_teardown.py
[2025-07-04T12:34:52.220+0530] {processor.py:830} INFO - Processing file /home/tejhanagarajan/Projects/small-projects/NewsImpact/venv/lib64/python3.10/site-packages/airflow/example_dags/example_setup_teardown.py for tasks to queue
[2025-07-04T12:34:52.220+0530] {logging_mixin.py:188} INFO - [2025-07-04T12:34:52.220+0530] {dagbag.py:538} INFO - Filling up the DagBag from /home/tejhanagarajan/Projects/small-projects/NewsImpact/venv/lib64/python3.10/site-packages/airflow/example_dags/example_setup_teardown.py
[2025-07-04T12:34:52.225+0530] {processor.py:840} INFO - DAG(s) 'example_setup_teardown' retrieved from /home/tejhanagarajan/Projects/small-projects/NewsImpact/venv/lib64/python3.10/site-packages/airflow/example_dags/example_setup_teardown.py
[2025-07-04T12:34:52.231+0530] {logging_mixin.py:188} INFO - [2025-07-04T12:34:52.231+0530] {dag.py:3036} INFO - Sync 1 DAGs
[2025-07-04T12:34:52.239+0530] {logging_mixin.py:188} INFO - [2025-07-04T12:34:52.239+0530] {dag.py:3823} INFO - Setting next_dagrun for example_setup_teardown to 2025-07-03 00:00:00+00:00, run_after=2025-07-04 00:00:00+00:00
[2025-07-04T12:34:52.256+0530] {processor.py:183} INFO - Processing /home/tejhanagarajan/Projects/small-projects/NewsImpact/venv/lib64/python3.10/site-packages/airflow/example_dags/example_setup_teardown.py took 0.041 seconds
[2025-07-04T12:35:40.652+0530] {processor.py:161} INFO - Started process (PID=31499) to work on /home/tejhanagarajan/Projects/small-projects/NewsImpact/venv/lib64/python3.10/site-packages/airflow/example_dags/example_setup_teardown.py
[2025-07-04T12:35:40.654+0530] {processor.py:830} INFO - Processing file /home/tejhanagarajan/Projects/small-projects/NewsImpact/venv/lib64/python3.10/site-packages/airflow/example_dags/example_setup_teardown.py for tasks to queue
[2025-07-04T12:35:40.654+0530] {logging_mixin.py:188} INFO - [2025-07-04T12:35:40.654+0530] {dagbag.py:538} INFO - Filling up the DagBag from /home/tejhanagarajan/Projects/small-projects/NewsImpact/venv/lib64/python3.10/site-packages/airflow/example_dags/example_setup_teardown.py
[2025-07-04T12:35:40.658+0530] {processor.py:840} INFO - DAG(s) 'example_setup_teardown' retrieved from /home/tejhanagarajan/Projects/small-projects/NewsImpact/venv/lib64/python3.10/site-packages/airflow/example_dags/example_setup_teardown.py
[2025-07-04T12:35:40.665+0530] {logging_mixin.py:188} INFO - [2025-07-04T12:35:40.665+0530] {dag.py:3036} INFO - Sync 1 DAGs
[2025-07-04T12:35:40.674+0530] {logging_mixin.py:188} INFO - [2025-07-04T12:35:40.673+0530] {dag.py:3823} INFO - Setting next_dagrun for example_setup_teardown to 2025-07-03 00:00:00+00:00, run_after=2025-07-04 00:00:00+00:00
[2025-07-04T12:35:40.692+0530] {processor.py:183} INFO - Processing /home/tejhanagarajan/Projects/small-projects/NewsImpact/venv/lib64/python3.10/site-packages/airflow/example_dags/example_setup_teardown.py took 0.041 seconds
[2025-07-04T12:36:35.084+0530] {processor.py:161} INFO - Started process (PID=31913) to work on /home/tejhanagarajan/Projects/small-projects/NewsImpact/venv/lib64/python3.10/site-packages/airflow/example_dags/example_setup_teardown.py
[2025-07-04T12:36:35.086+0530] {processor.py:830} INFO - Processing file /home/tejhanagarajan/Projects/small-projects/NewsImpact/venv/lib64/python3.10/site-packages/airflow/example_dags/example_setup_teardown.py for tasks to queue
[2025-07-04T12:36:35.087+0530] {logging_mixin.py:188} INFO - [2025-07-04T12:36:35.086+0530] {dagbag.py:538} INFO - Filling up the DagBag from /home/tejhanagarajan/Projects/small-projects/NewsImpact/venv/lib64/python3.10/site-packages/airflow/example_dags/example_setup_teardown.py
[2025-07-04T12:36:35.090+0530] {processor.py:840} INFO - DAG(s) 'example_setup_teardown' retrieved from /home/tejhanagarajan/Projects/small-projects/NewsImpact/venv/lib64/python3.10/site-packages/airflow/example_dags/example_setup_teardown.py
[2025-07-04T12:36:35.097+0530] {logging_mixin.py:188} INFO - [2025-07-04T12:36:35.097+0530] {dag.py:3036} INFO - Sync 1 DAGs
[2025-07-04T12:36:35.107+0530] {logging_mixin.py:188} INFO - [2025-07-04T12:36:35.106+0530] {dag.py:3823} INFO - Setting next_dagrun for example_setup_teardown to 2025-07-03 00:00:00+00:00, run_after=2025-07-04 00:00:00+00:00
[2025-07-04T12:36:35.121+0530] {processor.py:183} INFO - Processing /home/tejhanagarajan/Projects/small-projects/NewsImpact/venv/lib64/python3.10/site-packages/airflow/example_dags/example_setup_teardown.py took 0.039 seconds
[2025-07-04T12:37:24.067+0530] {processor.py:161} INFO - Started process (PID=32398) to work on /home/tejhanagarajan/Projects/small-projects/NewsImpact/venv/lib64/python3.10/site-packages/airflow/example_dags/example_setup_teardown.py
[2025-07-04T12:37:24.070+0530] {processor.py:830} INFO - Processing file /home/tejhanagarajan/Projects/small-projects/NewsImpact/venv/lib64/python3.10/site-packages/airflow/example_dags/example_setup_teardown.py for tasks to queue
[2025-07-04T12:37:24.071+0530] {logging_mixin.py:188} INFO - [2025-07-04T12:37:24.071+0530] {dagbag.py:538} INFO - Filling up the DagBag from /home/tejhanagarajan/Projects/small-projects/NewsImpact/venv/lib64/python3.10/site-packages/airflow/example_dags/example_setup_teardown.py
[2025-07-04T12:37:24.076+0530] {processor.py:840} INFO - DAG(s) 'example_setup_teardown' retrieved from /home/tejhanagarajan/Projects/small-projects/NewsImpact/venv/lib64/python3.10/site-packages/airflow/example_dags/example_setup_teardown.py
[2025-07-04T12:37:24.083+0530] {logging_mixin.py:188} INFO - [2025-07-04T12:37:24.083+0530] {dag.py:3036} INFO - Sync 1 DAGs
[2025-07-04T12:37:24.096+0530] {logging_mixin.py:188} INFO - [2025-07-04T12:37:24.095+0530] {dag.py:3823} INFO - Setting next_dagrun for example_setup_teardown to 2025-07-03 00:00:00+00:00, run_after=2025-07-04 00:00:00+00:00
[2025-07-04T12:37:24.112+0530] {processor.py:183} INFO - Processing /home/tejhanagarajan/Projects/small-projects/NewsImpact/venv/lib64/python3.10/site-packages/airflow/example_dags/example_setup_teardown.py took 0.047 seconds
[2025-07-04T12:38:13.408+0530] {processor.py:161} INFO - Started process (PID=34796) to work on /home/tejhanagarajan/Projects/small-projects/NewsImpact/venv/lib64/python3.10/site-packages/airflow/example_dags/example_setup_teardown.py
[2025-07-04T12:38:13.411+0530] {processor.py:830} INFO - Processing file /home/tejhanagarajan/Projects/small-projects/NewsImpact/venv/lib64/python3.10/site-packages/airflow/example_dags/example_setup_teardown.py for tasks to queue
[2025-07-04T12:38:13.412+0530] {logging_mixin.py:188} INFO - [2025-07-04T12:38:13.411+0530] {dagbag.py:538} INFO - Filling up the DagBag from /home/tejhanagarajan/Projects/small-projects/NewsImpact/venv/lib64/python3.10/site-packages/airflow/example_dags/example_setup_teardown.py
[2025-07-04T12:38:13.419+0530] {processor.py:840} INFO - DAG(s) 'example_setup_teardown' retrieved from /home/tejhanagarajan/Projects/small-projects/NewsImpact/venv/lib64/python3.10/site-packages/airflow/example_dags/example_setup_teardown.py
[2025-07-04T12:38:13.427+0530] {logging_mixin.py:188} INFO - [2025-07-04T12:38:13.426+0530] {dag.py:3036} INFO - Sync 1 DAGs
[2025-07-04T12:38:13.434+0530] {logging_mixin.py:188} INFO - [2025-07-04T12:38:13.434+0530] {dag.py:3823} INFO - Setting next_dagrun for example_setup_teardown to 2025-07-03 00:00:00+00:00, run_after=2025-07-04 00:00:00+00:00
[2025-07-04T12:38:13.450+0530] {processor.py:183} INFO - Processing /home/tejhanagarajan/Projects/small-projects/NewsImpact/venv/lib64/python3.10/site-packages/airflow/example_dags/example_setup_teardown.py took 0.044 seconds
[2025-07-04T12:38:15.727+0530] {processor.py:161} INFO - Started process (PID=34814) to work on /home/tejhanagarajan/Projects/small-projects/NewsImpact/venv/lib64/python3.10/site-packages/airflow/example_dags/example_setup_teardown.py
[2025-07-04T12:38:15.727+0530] {processor.py:830} INFO - Processing file /home/tejhanagarajan/Projects/small-projects/NewsImpact/venv/lib64/python3.10/site-packages/airflow/example_dags/example_setup_teardown.py for tasks to queue
[2025-07-04T12:38:15.728+0530] {logging_mixin.py:188} INFO - [2025-07-04T12:38:15.728+0530] {dagbag.py:538} INFO - Filling up the DagBag from /home/tejhanagarajan/Projects/small-projects/NewsImpact/venv/lib64/python3.10/site-packages/airflow/example_dags/example_setup_teardown.py
[2025-07-04T12:38:15.731+0530] {processor.py:840} INFO - DAG(s) 'example_setup_teardown' retrieved from /home/tejhanagarajan/Projects/small-projects/NewsImpact/venv/lib64/python3.10/site-packages/airflow/example_dags/example_setup_teardown.py
[2025-07-04T12:38:15.739+0530] {logging_mixin.py:188} INFO - [2025-07-04T12:38:15.739+0530] {dag.py:3036} INFO - Sync 1 DAGs
[2025-07-04T12:38:15.748+0530] {logging_mixin.py:188} INFO - [2025-07-04T12:38:15.748+0530] {dag.py:3823} INFO - Setting next_dagrun for example_setup_teardown to 2025-07-03 00:00:00+00:00, run_after=2025-07-04 00:00:00+00:00
[2025-07-04T12:38:15.765+0530] {processor.py:183} INFO - Processing /home/tejhanagarajan/Projects/small-projects/NewsImpact/venv/lib64/python3.10/site-packages/airflow/example_dags/example_setup_teardown.py took 0.040 seconds
[2025-07-04T12:39:03.761+0530] {processor.py:161} INFO - Started process (PID=35222) to work on /home/tejhanagarajan/Projects/small-projects/NewsImpact/venv/lib64/python3.10/site-packages/airflow/example_dags/example_setup_teardown.py
[2025-07-04T12:39:03.763+0530] {processor.py:830} INFO - Processing file /home/tejhanagarajan/Projects/small-projects/NewsImpact/venv/lib64/python3.10/site-packages/airflow/example_dags/example_setup_teardown.py for tasks to queue
[2025-07-04T12:39:03.764+0530] {logging_mixin.py:188} INFO - [2025-07-04T12:39:03.764+0530] {dagbag.py:538} INFO - Filling up the DagBag from /home/tejhanagarajan/Projects/small-projects/NewsImpact/venv/lib64/python3.10/site-packages/airflow/example_dags/example_setup_teardown.py
[2025-07-04T12:39:03.768+0530] {processor.py:840} INFO - DAG(s) 'example_setup_teardown' retrieved from /home/tejhanagarajan/Projects/small-projects/NewsImpact/venv/lib64/python3.10/site-packages/airflow/example_dags/example_setup_teardown.py
[2025-07-04T12:39:03.775+0530] {logging_mixin.py:188} INFO - [2025-07-04T12:39:03.775+0530] {dag.py:3036} INFO - Sync 1 DAGs
[2025-07-04T12:39:03.784+0530] {logging_mixin.py:188} INFO - [2025-07-04T12:39:03.784+0530] {dag.py:3823} INFO - Setting next_dagrun for example_setup_teardown to 2025-07-03 00:00:00+00:00, run_after=2025-07-04 00:00:00+00:00
[2025-07-04T12:39:03.802+0530] {processor.py:183} INFO - Processing /home/tejhanagarajan/Projects/small-projects/NewsImpact/venv/lib64/python3.10/site-packages/airflow/example_dags/example_setup_teardown.py took 0.042 seconds
[2025-07-04T12:39:04.365+0530] {processor.py:161} INFO - Started process (PID=35257) to work on /home/tejhanagarajan/Projects/small-projects/NewsImpact/venv/lib64/python3.10/site-packages/airflow/example_dags/example_setup_teardown.py
[2025-07-04T12:39:04.366+0530] {processor.py:830} INFO - Processing file /home/tejhanagarajan/Projects/small-projects/NewsImpact/venv/lib64/python3.10/site-packages/airflow/example_dags/example_setup_teardown.py for tasks to queue
[2025-07-04T12:39:04.366+0530] {logging_mixin.py:188} INFO - [2025-07-04T12:39:04.366+0530] {dagbag.py:538} INFO - Filling up the DagBag from /home/tejhanagarajan/Projects/small-projects/NewsImpact/venv/lib64/python3.10/site-packages/airflow/example_dags/example_setup_teardown.py
[2025-07-04T12:39:04.370+0530] {processor.py:840} INFO - DAG(s) 'example_setup_teardown' retrieved from /home/tejhanagarajan/Projects/small-projects/NewsImpact/venv/lib64/python3.10/site-packages/airflow/example_dags/example_setup_teardown.py
[2025-07-04T12:39:04.377+0530] {logging_mixin.py:188} INFO - [2025-07-04T12:39:04.377+0530] {dag.py:3036} INFO - Sync 1 DAGs
[2025-07-04T12:39:04.386+0530] {logging_mixin.py:188} INFO - [2025-07-04T12:39:04.386+0530] {dag.py:3823} INFO - Setting next_dagrun for example_setup_teardown to 2025-07-03 00:00:00+00:00, run_after=2025-07-04 00:00:00+00:00
[2025-07-04T12:39:04.405+0530] {processor.py:183} INFO - Processing /home/tejhanagarajan/Projects/small-projects/NewsImpact/venv/lib64/python3.10/site-packages/airflow/example_dags/example_setup_teardown.py took 0.041 seconds
[2025-07-04T12:39:55.250+0530] {processor.py:161} INFO - Started process (PID=35892) to work on /home/tejhanagarajan/Projects/small-projects/NewsImpact/venv/lib64/python3.10/site-packages/airflow/example_dags/example_setup_teardown.py
[2025-07-04T12:39:55.251+0530] {processor.py:830} INFO - Processing file /home/tejhanagarajan/Projects/small-projects/NewsImpact/venv/lib64/python3.10/site-packages/airflow/example_dags/example_setup_teardown.py for tasks to queue
[2025-07-04T12:39:55.252+0530] {logging_mixin.py:188} INFO - [2025-07-04T12:39:55.252+0530] {dagbag.py:538} INFO - Filling up the DagBag from /home/tejhanagarajan/Projects/small-projects/NewsImpact/venv/lib64/python3.10/site-packages/airflow/example_dags/example_setup_teardown.py
[2025-07-04T12:39:55.257+0530] {processor.py:840} INFO - DAG(s) 'example_setup_teardown' retrieved from /home/tejhanagarajan/Projects/small-projects/NewsImpact/venv/lib64/python3.10/site-packages/airflow/example_dags/example_setup_teardown.py
[2025-07-04T12:39:55.264+0530] {logging_mixin.py:188} INFO - [2025-07-04T12:39:55.264+0530] {dag.py:3036} INFO - Sync 1 DAGs
[2025-07-04T12:39:55.273+0530] {logging_mixin.py:188} INFO - [2025-07-04T12:39:55.272+0530] {dag.py:3823} INFO - Setting next_dagrun for example_setup_teardown to 2025-07-03 00:00:00+00:00, run_after=2025-07-04 00:00:00+00:00
[2025-07-04T12:39:55.288+0530] {processor.py:183} INFO - Processing /home/tejhanagarajan/Projects/small-projects/NewsImpact/venv/lib64/python3.10/site-packages/airflow/example_dags/example_setup_teardown.py took 0.040 seconds
[2025-07-04T12:39:57.798+0530] {processor.py:161} INFO - Started process (PID=35905) to work on /home/tejhanagarajan/Projects/small-projects/NewsImpact/venv/lib64/python3.10/site-packages/airflow/example_dags/example_setup_teardown.py
[2025-07-04T12:39:57.799+0530] {processor.py:830} INFO - Processing file /home/tejhanagarajan/Projects/small-projects/NewsImpact/venv/lib64/python3.10/site-packages/airflow/example_dags/example_setup_teardown.py for tasks to queue
[2025-07-04T12:39:57.800+0530] {logging_mixin.py:188} INFO - [2025-07-04T12:39:57.799+0530] {dagbag.py:538} INFO - Filling up the DagBag from /home/tejhanagarajan/Projects/small-projects/NewsImpact/venv/lib64/python3.10/site-packages/airflow/example_dags/example_setup_teardown.py
[2025-07-04T12:39:57.803+0530] {processor.py:840} INFO - DAG(s) 'example_setup_teardown' retrieved from /home/tejhanagarajan/Projects/small-projects/NewsImpact/venv/lib64/python3.10/site-packages/airflow/example_dags/example_setup_teardown.py
[2025-07-04T12:39:57.810+0530] {logging_mixin.py:188} INFO - [2025-07-04T12:39:57.809+0530] {dag.py:3036} INFO - Sync 1 DAGs
[2025-07-04T12:39:57.818+0530] {logging_mixin.py:188} INFO - [2025-07-04T12:39:57.817+0530] {dag.py:3823} INFO - Setting next_dagrun for example_setup_teardown to 2025-07-03 00:00:00+00:00, run_after=2025-07-04 00:00:00+00:00
[2025-07-04T12:39:57.835+0530] {processor.py:183} INFO - Processing /home/tejhanagarajan/Projects/small-projects/NewsImpact/venv/lib64/python3.10/site-packages/airflow/example_dags/example_setup_teardown.py took 0.038 seconds
[2025-07-04T12:42:18.940+0530] {processor.py:161} INFO - Started process (PID=37914) to work on /home/tejhanagarajan/Projects/small-projects/NewsImpact/venv/lib64/python3.10/site-packages/airflow/example_dags/example_setup_teardown.py
[2025-07-04T12:42:18.942+0530] {processor.py:830} INFO - Processing file /home/tejhanagarajan/Projects/small-projects/NewsImpact/venv/lib64/python3.10/site-packages/airflow/example_dags/example_setup_teardown.py for tasks to queue
[2025-07-04T12:42:18.943+0530] {logging_mixin.py:188} INFO - [2025-07-04T12:42:18.943+0530] {dagbag.py:538} INFO - Filling up the DagBag from /home/tejhanagarajan/Projects/small-projects/NewsImpact/venv/lib64/python3.10/site-packages/airflow/example_dags/example_setup_teardown.py
[2025-07-04T12:42:18.946+0530] {processor.py:840} INFO - DAG(s) 'example_setup_teardown' retrieved from /home/tejhanagarajan/Projects/small-projects/NewsImpact/venv/lib64/python3.10/site-packages/airflow/example_dags/example_setup_teardown.py
[2025-07-04T12:42:18.954+0530] {logging_mixin.py:188} INFO - [2025-07-04T12:42:18.954+0530] {dag.py:3036} INFO - Sync 1 DAGs
[2025-07-04T12:42:18.962+0530] {logging_mixin.py:188} INFO - [2025-07-04T12:42:18.962+0530] {dag.py:3823} INFO - Setting next_dagrun for example_setup_teardown to 2025-07-03 00:00:00+00:00, run_after=2025-07-04 00:00:00+00:00
[2025-07-04T12:42:18.977+0530] {processor.py:183} INFO - Processing /home/tejhanagarajan/Projects/small-projects/NewsImpact/venv/lib64/python3.10/site-packages/airflow/example_dags/example_setup_teardown.py took 0.039 seconds
[2025-07-04T12:43:04.129+0530] {processor.py:161} INFO - Started process (PID=38251) to work on /home/tejhanagarajan/Projects/small-projects/NewsImpact/venv/lib64/python3.10/site-packages/airflow/example_dags/example_setup_teardown.py
[2025-07-04T12:43:04.131+0530] {processor.py:830} INFO - Processing file /home/tejhanagarajan/Projects/small-projects/NewsImpact/venv/lib64/python3.10/site-packages/airflow/example_dags/example_setup_teardown.py for tasks to queue
[2025-07-04T12:43:04.132+0530] {logging_mixin.py:188} INFO - [2025-07-04T12:43:04.132+0530] {dagbag.py:538} INFO - Filling up the DagBag from /home/tejhanagarajan/Projects/small-projects/NewsImpact/venv/lib64/python3.10/site-packages/airflow/example_dags/example_setup_teardown.py
[2025-07-04T12:43:04.135+0530] {processor.py:840} INFO - DAG(s) 'example_setup_teardown' retrieved from /home/tejhanagarajan/Projects/small-projects/NewsImpact/venv/lib64/python3.10/site-packages/airflow/example_dags/example_setup_teardown.py
[2025-07-04T12:43:04.142+0530] {logging_mixin.py:188} INFO - [2025-07-04T12:43:04.142+0530] {dag.py:3036} INFO - Sync 1 DAGs
[2025-07-04T12:43:04.150+0530] {logging_mixin.py:188} INFO - [2025-07-04T12:43:04.149+0530] {dag.py:3823} INFO - Setting next_dagrun for example_setup_teardown to 2025-07-03 00:00:00+00:00, run_after=2025-07-04 00:00:00+00:00
[2025-07-04T12:43:04.166+0530] {processor.py:183} INFO - Processing /home/tejhanagarajan/Projects/small-projects/NewsImpact/venv/lib64/python3.10/site-packages/airflow/example_dags/example_setup_teardown.py took 0.039 seconds
[2025-07-04T12:43:52.855+0530] {processor.py:161} INFO - Started process (PID=38648) to work on /home/tejhanagarajan/Projects/small-projects/NewsImpact/venv/lib64/python3.10/site-packages/airflow/example_dags/example_setup_teardown.py
[2025-07-04T12:43:52.859+0530] {processor.py:830} INFO - Processing file /home/tejhanagarajan/Projects/small-projects/NewsImpact/venv/lib64/python3.10/site-packages/airflow/example_dags/example_setup_teardown.py for tasks to queue
[2025-07-04T12:43:52.860+0530] {logging_mixin.py:188} INFO - [2025-07-04T12:43:52.859+0530] {dagbag.py:538} INFO - Filling up the DagBag from /home/tejhanagarajan/Projects/small-projects/NewsImpact/venv/lib64/python3.10/site-packages/airflow/example_dags/example_setup_teardown.py
[2025-07-04T12:43:52.868+0530] {processor.py:840} INFO - DAG(s) 'example_setup_teardown' retrieved from /home/tejhanagarajan/Projects/small-projects/NewsImpact/venv/lib64/python3.10/site-packages/airflow/example_dags/example_setup_teardown.py
[2025-07-04T12:43:52.877+0530] {logging_mixin.py:188} INFO - [2025-07-04T12:43:52.877+0530] {dag.py:3036} INFO - Sync 1 DAGs
[2025-07-04T12:43:52.885+0530] {logging_mixin.py:188} INFO - [2025-07-04T12:43:52.885+0530] {dag.py:3823} INFO - Setting next_dagrun for example_setup_teardown to 2025-07-03 00:00:00+00:00, run_after=2025-07-04 00:00:00+00:00
[2025-07-04T12:43:52.901+0530] {processor.py:183} INFO - Processing /home/tejhanagarajan/Projects/small-projects/NewsImpact/venv/lib64/python3.10/site-packages/airflow/example_dags/example_setup_teardown.py took 0.049 seconds
[2025-07-04T12:44:44.024+0530] {processor.py:161} INFO - Started process (PID=39030) to work on /home/tejhanagarajan/Projects/small-projects/NewsImpact/venv/lib64/python3.10/site-packages/airflow/example_dags/example_setup_teardown.py
[2025-07-04T12:44:44.027+0530] {processor.py:830} INFO - Processing file /home/tejhanagarajan/Projects/small-projects/NewsImpact/venv/lib64/python3.10/site-packages/airflow/example_dags/example_setup_teardown.py for tasks to queue
[2025-07-04T12:44:44.028+0530] {logging_mixin.py:188} INFO - [2025-07-04T12:44:44.028+0530] {dagbag.py:538} INFO - Filling up the DagBag from /home/tejhanagarajan/Projects/small-projects/NewsImpact/venv/lib64/python3.10/site-packages/airflow/example_dags/example_setup_teardown.py
[2025-07-04T12:44:44.036+0530] {processor.py:840} INFO - DAG(s) 'example_setup_teardown' retrieved from /home/tejhanagarajan/Projects/small-projects/NewsImpact/venv/lib64/python3.10/site-packages/airflow/example_dags/example_setup_teardown.py
[2025-07-04T12:44:44.045+0530] {logging_mixin.py:188} INFO - [2025-07-04T12:44:44.045+0530] {dag.py:3036} INFO - Sync 1 DAGs
[2025-07-04T12:44:44.053+0530] {logging_mixin.py:188} INFO - [2025-07-04T12:44:44.053+0530] {dag.py:3823} INFO - Setting next_dagrun for example_setup_teardown to 2025-07-03 00:00:00+00:00, run_after=2025-07-04 00:00:00+00:00
[2025-07-04T12:44:44.071+0530] {processor.py:183} INFO - Processing /home/tejhanagarajan/Projects/small-projects/NewsImpact/venv/lib64/python3.10/site-packages/airflow/example_dags/example_setup_teardown.py took 0.050 seconds
[2025-07-04T12:45:35.864+0530] {processor.py:161} INFO - Started process (PID=39399) to work on /home/tejhanagarajan/Projects/small-projects/NewsImpact/venv/lib64/python3.10/site-packages/airflow/example_dags/example_setup_teardown.py
[2025-07-04T12:45:35.866+0530] {processor.py:830} INFO - Processing file /home/tejhanagarajan/Projects/small-projects/NewsImpact/venv/lib64/python3.10/site-packages/airflow/example_dags/example_setup_teardown.py for tasks to queue
[2025-07-04T12:45:35.866+0530] {logging_mixin.py:188} INFO - [2025-07-04T12:45:35.866+0530] {dagbag.py:538} INFO - Filling up the DagBag from /home/tejhanagarajan/Projects/small-projects/NewsImpact/venv/lib64/python3.10/site-packages/airflow/example_dags/example_setup_teardown.py
[2025-07-04T12:45:35.871+0530] {processor.py:840} INFO - DAG(s) 'example_setup_teardown' retrieved from /home/tejhanagarajan/Projects/small-projects/NewsImpact/venv/lib64/python3.10/site-packages/airflow/example_dags/example_setup_teardown.py
[2025-07-04T12:45:35.877+0530] {logging_mixin.py:188} INFO - [2025-07-04T12:45:35.877+0530] {dag.py:3036} INFO - Sync 1 DAGs
[2025-07-04T12:45:35.885+0530] {logging_mixin.py:188} INFO - [2025-07-04T12:45:35.885+0530] {dag.py:3823} INFO - Setting next_dagrun for example_setup_teardown to 2025-07-03 00:00:00+00:00, run_after=2025-07-04 00:00:00+00:00
[2025-07-04T12:45:35.901+0530] {processor.py:183} INFO - Processing /home/tejhanagarajan/Projects/small-projects/NewsImpact/venv/lib64/python3.10/site-packages/airflow/example_dags/example_setup_teardown.py took 0.040 seconds
[2025-07-04T12:46:27.998+0530] {processor.py:161} INFO - Started process (PID=39780) to work on /home/tejhanagarajan/Projects/small-projects/NewsImpact/venv/lib64/python3.10/site-packages/airflow/example_dags/example_setup_teardown.py
[2025-07-04T12:46:28.000+0530] {processor.py:830} INFO - Processing file /home/tejhanagarajan/Projects/small-projects/NewsImpact/venv/lib64/python3.10/site-packages/airflow/example_dags/example_setup_teardown.py for tasks to queue
[2025-07-04T12:46:28.001+0530] {logging_mixin.py:188} INFO - [2025-07-04T12:46:28.001+0530] {dagbag.py:538} INFO - Filling up the DagBag from /home/tejhanagarajan/Projects/small-projects/NewsImpact/venv/lib64/python3.10/site-packages/airflow/example_dags/example_setup_teardown.py
[2025-07-04T12:46:28.008+0530] {processor.py:840} INFO - DAG(s) 'example_setup_teardown' retrieved from /home/tejhanagarajan/Projects/small-projects/NewsImpact/venv/lib64/python3.10/site-packages/airflow/example_dags/example_setup_teardown.py
[2025-07-04T12:46:28.016+0530] {logging_mixin.py:188} INFO - [2025-07-04T12:46:28.016+0530] {dag.py:3036} INFO - Sync 1 DAGs
[2025-07-04T12:46:28.025+0530] {logging_mixin.py:188} INFO - [2025-07-04T12:46:28.024+0530] {dag.py:3823} INFO - Setting next_dagrun for example_setup_teardown to 2025-07-03 00:00:00+00:00, run_after=2025-07-04 00:00:00+00:00
[2025-07-04T12:46:28.042+0530] {processor.py:183} INFO - Processing /home/tejhanagarajan/Projects/small-projects/NewsImpact/venv/lib64/python3.10/site-packages/airflow/example_dags/example_setup_teardown.py took 0.046 seconds
[2025-07-04T12:47:20.831+0530] {processor.py:161} INFO - Started process (PID=40165) to work on /home/tejhanagarajan/Projects/small-projects/NewsImpact/venv/lib64/python3.10/site-packages/airflow/example_dags/example_setup_teardown.py
[2025-07-04T12:47:20.835+0530] {processor.py:830} INFO - Processing file /home/tejhanagarajan/Projects/small-projects/NewsImpact/venv/lib64/python3.10/site-packages/airflow/example_dags/example_setup_teardown.py for tasks to queue
[2025-07-04T12:47:20.836+0530] {logging_mixin.py:188} INFO - [2025-07-04T12:47:20.836+0530] {dagbag.py:538} INFO - Filling up the DagBag from /home/tejhanagarajan/Projects/small-projects/NewsImpact/venv/lib64/python3.10/site-packages/airflow/example_dags/example_setup_teardown.py
[2025-07-04T12:47:20.844+0530] {processor.py:840} INFO - DAG(s) 'example_setup_teardown' retrieved from /home/tejhanagarajan/Projects/small-projects/NewsImpact/venv/lib64/python3.10/site-packages/airflow/example_dags/example_setup_teardown.py
[2025-07-04T12:47:20.852+0530] {logging_mixin.py:188} INFO - [2025-07-04T12:47:20.852+0530] {dag.py:3036} INFO - Sync 1 DAGs
[2025-07-04T12:47:20.860+0530] {logging_mixin.py:188} INFO - [2025-07-04T12:47:20.860+0530] {dag.py:3823} INFO - Setting next_dagrun for example_setup_teardown to 2025-07-03 00:00:00+00:00, run_after=2025-07-04 00:00:00+00:00
[2025-07-04T12:47:20.878+0530] {processor.py:183} INFO - Processing /home/tejhanagarajan/Projects/small-projects/NewsImpact/venv/lib64/python3.10/site-packages/airflow/example_dags/example_setup_teardown.py took 0.050 seconds
[2025-07-04T12:48:10.407+0530] {processor.py:161} INFO - Started process (PID=40541) to work on /home/tejhanagarajan/Projects/small-projects/NewsImpact/venv/lib64/python3.10/site-packages/airflow/example_dags/example_setup_teardown.py
[2025-07-04T12:48:10.410+0530] {processor.py:830} INFO - Processing file /home/tejhanagarajan/Projects/small-projects/NewsImpact/venv/lib64/python3.10/site-packages/airflow/example_dags/example_setup_teardown.py for tasks to queue
[2025-07-04T12:48:10.411+0530] {logging_mixin.py:188} INFO - [2025-07-04T12:48:10.411+0530] {dagbag.py:538} INFO - Filling up the DagBag from /home/tejhanagarajan/Projects/small-projects/NewsImpact/venv/lib64/python3.10/site-packages/airflow/example_dags/example_setup_teardown.py
[2025-07-04T12:48:10.420+0530] {processor.py:840} INFO - DAG(s) 'example_setup_teardown' retrieved from /home/tejhanagarajan/Projects/small-projects/NewsImpact/venv/lib64/python3.10/site-packages/airflow/example_dags/example_setup_teardown.py
[2025-07-04T12:48:10.427+0530] {logging_mixin.py:188} INFO - [2025-07-04T12:48:10.427+0530] {dag.py:3036} INFO - Sync 1 DAGs
[2025-07-04T12:48:10.435+0530] {logging_mixin.py:188} INFO - [2025-07-04T12:48:10.435+0530] {dag.py:3823} INFO - Setting next_dagrun for example_setup_teardown to 2025-07-03 00:00:00+00:00, run_after=2025-07-04 00:00:00+00:00
[2025-07-04T12:48:10.450+0530] {processor.py:183} INFO - Processing /home/tejhanagarajan/Projects/small-projects/NewsImpact/venv/lib64/python3.10/site-packages/airflow/example_dags/example_setup_teardown.py took 0.045 seconds
