[2025-07-04T12:26:47.577+0530] {processor.py:161} INFO - Started process (PID=25253) to work on /home/tejhanagarajan/Projects/small-projects/NewsImpact/venv/lib64/python3.10/site-packages/airflow/example_dags/example_setup_teardown_taskflow.py
[2025-07-04T12:26:47.578+0530] {processor.py:830} INFO - Processing file /home/tejhanagarajan/Projects/small-projects/NewsImpact/venv/lib64/python3.10/site-packages/airflow/example_dags/example_setup_teardown_taskflow.py for tasks to queue
[2025-07-04T12:26:47.578+0530] {logging_mixin.py:188} INFO - [2025-07-04T12:26:47.578+0530] {dagbag.py:538} INFO - Filling up the DagBag from /home/tejhanagarajan/Projects/small-projects/NewsImpact/venv/lib64/python3.10/site-packages/airflow/example_dags/example_setup_teardown_taskflow.py
[2025-07-04T12:26:47.583+0530] {processor.py:840} INFO - DAG(s) 'example_setup_teardown_taskflow' retrieved from /home/tejhanagarajan/Projects/small-projects/NewsImpact/venv/lib64/python3.10/site-packages/airflow/example_dags/example_setup_teardown_taskflow.py
[2025-07-04T12:26:47.643+0530] {logging_mixin.py:188} INFO - [2025-07-04T12:26:47.643+0530] {override.py:1769} INFO - Created Permission View: can read on DAG:example_setup_teardown_taskflow
[2025-07-04T12:26:47.656+0530] {logging_mixin.py:188} INFO - [2025-07-04T12:26:47.655+0530] {override.py:1769} INFO - Created Permission View: can edit on DAG:example_setup_teardown_taskflow
[2025-07-04T12:26:47.667+0530] {logging_mixin.py:188} INFO - [2025-07-04T12:26:47.667+0530] {override.py:1769} INFO - Created Permission View: can delete on DAG:example_setup_teardown_taskflow
[2025-07-04T12:26:47.667+0530] {logging_mixin.py:188} INFO - [2025-07-04T12:26:47.667+0530] {dag.py:3036} INFO - Sync 1 DAGs
[2025-07-04T12:26:47.675+0530] {logging_mixin.py:188} INFO - [2025-07-04T12:26:47.675+0530] {dag.py:3058} INFO - Creating ORM DAG for example_setup_teardown_taskflow
[2025-07-04T12:26:47.679+0530] {logging_mixin.py:188} INFO - [2025-07-04T12:26:47.679+0530] {dag.py:3823} INFO - Setting next_dagrun for example_setup_teardown_taskflow to 2025-07-03 00:00:00+00:00, run_after=2025-07-04 00:00:00+00:00
[2025-07-04T12:26:47.695+0530] {processor.py:183} INFO - Processing /home/tejhanagarajan/Projects/small-projects/NewsImpact/venv/lib64/python3.10/site-packages/airflow/example_dags/example_setup_teardown_taskflow.py took 0.121 seconds
[2025-07-04T12:27:37.847+0530] {processor.py:161} INFO - Started process (PID=25631) to work on /home/tejhanagarajan/Projects/small-projects/NewsImpact/venv/lib64/python3.10/site-packages/airflow/example_dags/example_setup_teardown_taskflow.py
[2025-07-04T12:27:37.848+0530] {processor.py:830} INFO - Processing file /home/tejhanagarajan/Projects/small-projects/NewsImpact/venv/lib64/python3.10/site-packages/airflow/example_dags/example_setup_teardown_taskflow.py for tasks to queue
[2025-07-04T12:27:37.848+0530] {logging_mixin.py:188} INFO - [2025-07-04T12:27:37.848+0530] {dagbag.py:538} INFO - Filling up the DagBag from /home/tejhanagarajan/Projects/small-projects/NewsImpact/venv/lib64/python3.10/site-packages/airflow/example_dags/example_setup_teardown_taskflow.py
[2025-07-04T12:27:37.852+0530] {processor.py:840} INFO - DAG(s) 'example_setup_teardown_taskflow' retrieved from /home/tejhanagarajan/Projects/small-projects/NewsImpact/venv/lib64/python3.10/site-packages/airflow/example_dags/example_setup_teardown_taskflow.py
[2025-07-04T12:27:37.860+0530] {logging_mixin.py:188} INFO - [2025-07-04T12:27:37.859+0530] {dag.py:3036} INFO - Sync 1 DAGs
[2025-07-04T12:27:37.867+0530] {logging_mixin.py:188} INFO - [2025-07-04T12:27:37.867+0530] {dag.py:3823} INFO - Setting next_dagrun for example_setup_teardown_taskflow to 2025-07-03 00:00:00+00:00, run_after=2025-07-04 00:00:00+00:00
[2025-07-04T12:27:37.885+0530] {processor.py:183} INFO - Processing /home/tejhanagarajan/Projects/small-projects/NewsImpact/venv/lib64/python3.10/site-packages/airflow/example_dags/example_setup_teardown_taskflow.py took 0.039 seconds
[2025-07-04T12:28:25.268+0530] {processor.py:161} INFO - Started process (PID=26022) to work on /home/tejhanagarajan/Projects/small-projects/NewsImpact/venv/lib64/python3.10/site-packages/airflow/example_dags/example_setup_teardown_taskflow.py
[2025-07-04T12:28:25.269+0530] {processor.py:830} INFO - Processing file /home/tejhanagarajan/Projects/small-projects/NewsImpact/venv/lib64/python3.10/site-packages/airflow/example_dags/example_setup_teardown_taskflow.py for tasks to queue
[2025-07-04T12:28:25.269+0530] {logging_mixin.py:188} INFO - [2025-07-04T12:28:25.269+0530] {dagbag.py:538} INFO - Filling up the DagBag from /home/tejhanagarajan/Projects/small-projects/NewsImpact/venv/lib64/python3.10/site-packages/airflow/example_dags/example_setup_teardown_taskflow.py
[2025-07-04T12:28:25.274+0530] {processor.py:840} INFO - DAG(s) 'example_setup_teardown_taskflow' retrieved from /home/tejhanagarajan/Projects/small-projects/NewsImpact/venv/lib64/python3.10/site-packages/airflow/example_dags/example_setup_teardown_taskflow.py
[2025-07-04T12:28:25.281+0530] {logging_mixin.py:188} INFO - [2025-07-04T12:28:25.281+0530] {dag.py:3036} INFO - Sync 1 DAGs
[2025-07-04T12:28:25.290+0530] {logging_mixin.py:188} INFO - [2025-07-04T12:28:25.290+0530] {dag.py:3823} INFO - Setting next_dagrun for example_setup_teardown_taskflow to 2025-07-03 00:00:00+00:00, run_after=2025-07-04 00:00:00+00:00
[2025-07-04T12:28:25.308+0530] {processor.py:183} INFO - Processing /home/tejhanagarajan/Projects/small-projects/NewsImpact/venv/lib64/python3.10/site-packages/airflow/example_dags/example_setup_teardown_taskflow.py took 0.041 seconds
[2025-07-04T12:29:24.738+0530] {processor.py:161} INFO - Started process (PID=26542) to work on /home/tejhanagarajan/Projects/small-projects/NewsImpact/venv/lib64/python3.10/site-packages/airflow/example_dags/example_setup_teardown_taskflow.py
[2025-07-04T12:29:24.740+0530] {processor.py:830} INFO - Processing file /home/tejhanagarajan/Projects/small-projects/NewsImpact/venv/lib64/python3.10/site-packages/airflow/example_dags/example_setup_teardown_taskflow.py for tasks to queue
[2025-07-04T12:29:24.741+0530] {logging_mixin.py:188} INFO - [2025-07-04T12:29:24.741+0530] {dagbag.py:538} INFO - Filling up the DagBag from /home/tejhanagarajan/Projects/small-projects/NewsImpact/venv/lib64/python3.10/site-packages/airflow/example_dags/example_setup_teardown_taskflow.py
[2025-07-04T12:29:24.747+0530] {processor.py:840} INFO - DAG(s) 'example_setup_teardown_taskflow' retrieved from /home/tejhanagarajan/Projects/small-projects/NewsImpact/venv/lib64/python3.10/site-packages/airflow/example_dags/example_setup_teardown_taskflow.py
[2025-07-04T12:29:24.755+0530] {logging_mixin.py:188} INFO - [2025-07-04T12:29:24.755+0530] {dag.py:3036} INFO - Sync 1 DAGs
[2025-07-04T12:29:24.765+0530] {logging_mixin.py:188} INFO - [2025-07-04T12:29:24.765+0530] {dag.py:3823} INFO - Setting next_dagrun for example_setup_teardown_taskflow to 2025-07-03 00:00:00+00:00, run_after=2025-07-04 00:00:00+00:00
[2025-07-04T12:29:24.783+0530] {processor.py:183} INFO - Processing /home/tejhanagarajan/Projects/small-projects/NewsImpact/venv/lib64/python3.10/site-packages/airflow/example_dags/example_setup_teardown_taskflow.py took 0.047 seconds
[2025-07-04T12:30:13.410+0530] {processor.py:161} INFO - Started process (PID=26887) to work on /home/tejhanagarajan/Projects/small-projects/NewsImpact/venv/lib64/python3.10/site-packages/airflow/example_dags/example_setup_teardown_taskflow.py
[2025-07-04T12:30:13.412+0530] {processor.py:830} INFO - Processing file /home/tejhanagarajan/Projects/small-projects/NewsImpact/venv/lib64/python3.10/site-packages/airflow/example_dags/example_setup_teardown_taskflow.py for tasks to queue
[2025-07-04T12:30:13.413+0530] {logging_mixin.py:188} INFO - [2025-07-04T12:30:13.413+0530] {dagbag.py:538} INFO - Filling up the DagBag from /home/tejhanagarajan/Projects/small-projects/NewsImpact/venv/lib64/python3.10/site-packages/airflow/example_dags/example_setup_teardown_taskflow.py
[2025-07-04T12:30:13.422+0530] {processor.py:840} INFO - DAG(s) 'example_setup_teardown_taskflow' retrieved from /home/tejhanagarajan/Projects/small-projects/NewsImpact/venv/lib64/python3.10/site-packages/airflow/example_dags/example_setup_teardown_taskflow.py
[2025-07-04T12:30:13.431+0530] {logging_mixin.py:188} INFO - [2025-07-04T12:30:13.431+0530] {dag.py:3036} INFO - Sync 1 DAGs
[2025-07-04T12:30:13.439+0530] {logging_mixin.py:188} INFO - [2025-07-04T12:30:13.438+0530] {dag.py:3823} INFO - Setting next_dagrun for example_setup_teardown_taskflow to 2025-07-03 00:00:00+00:00, run_after=2025-07-04 00:00:00+00:00
[2025-07-04T12:30:13.456+0530] {processor.py:183} INFO - Processing /home/tejhanagarajan/Projects/small-projects/NewsImpact/venv/lib64/python3.10/site-packages/airflow/example_dags/example_setup_teardown_taskflow.py took 0.049 seconds
[2025-07-04T12:31:07.119+0530] {processor.py:161} INFO - Started process (PID=27287) to work on /home/tejhanagarajan/Projects/small-projects/NewsImpact/venv/lib64/python3.10/site-packages/airflow/example_dags/example_setup_teardown_taskflow.py
[2025-07-04T12:31:07.121+0530] {processor.py:830} INFO - Processing file /home/tejhanagarajan/Projects/small-projects/NewsImpact/venv/lib64/python3.10/site-packages/airflow/example_dags/example_setup_teardown_taskflow.py for tasks to queue
[2025-07-04T12:31:07.122+0530] {logging_mixin.py:188} INFO - [2025-07-04T12:31:07.121+0530] {dagbag.py:538} INFO - Filling up the DagBag from /home/tejhanagarajan/Projects/small-projects/NewsImpact/venv/lib64/python3.10/site-packages/airflow/example_dags/example_setup_teardown_taskflow.py
[2025-07-04T12:31:07.128+0530] {processor.py:840} INFO - DAG(s) 'example_setup_teardown_taskflow' retrieved from /home/tejhanagarajan/Projects/small-projects/NewsImpact/venv/lib64/python3.10/site-packages/airflow/example_dags/example_setup_teardown_taskflow.py
[2025-07-04T12:31:07.138+0530] {logging_mixin.py:188} INFO - [2025-07-04T12:31:07.138+0530] {dag.py:3036} INFO - Sync 1 DAGs
[2025-07-04T12:31:07.147+0530] {logging_mixin.py:188} INFO - [2025-07-04T12:31:07.147+0530] {dag.py:3823} INFO - Setting next_dagrun for example_setup_teardown_taskflow to 2025-07-03 00:00:00+00:00, run_after=2025-07-04 00:00:00+00:00
[2025-07-04T12:31:07.163+0530] {processor.py:183} INFO - Processing /home/tejhanagarajan/Projects/small-projects/NewsImpact/venv/lib64/python3.10/site-packages/airflow/example_dags/example_setup_teardown_taskflow.py took 0.047 seconds
[2025-07-04T12:33:12.517+0530] {processor.py:161} INFO - Started process (PID=30103) to work on /home/tejhanagarajan/Projects/small-projects/NewsImpact/venv/lib64/python3.10/site-packages/airflow/example_dags/example_setup_teardown_taskflow.py
[2025-07-04T12:33:12.520+0530] {processor.py:830} INFO - Processing file /home/tejhanagarajan/Projects/small-projects/NewsImpact/venv/lib64/python3.10/site-packages/airflow/example_dags/example_setup_teardown_taskflow.py for tasks to queue
[2025-07-04T12:33:12.521+0530] {logging_mixin.py:188} INFO - [2025-07-04T12:33:12.521+0530] {dagbag.py:538} INFO - Filling up the DagBag from /home/tejhanagarajan/Projects/small-projects/NewsImpact/venv/lib64/python3.10/site-packages/airflow/example_dags/example_setup_teardown_taskflow.py
[2025-07-04T12:33:12.527+0530] {processor.py:840} INFO - DAG(s) 'example_setup_teardown_taskflow' retrieved from /home/tejhanagarajan/Projects/small-projects/NewsImpact/venv/lib64/python3.10/site-packages/airflow/example_dags/example_setup_teardown_taskflow.py
[2025-07-04T12:33:12.535+0530] {logging_mixin.py:188} INFO - [2025-07-04T12:33:12.535+0530] {dag.py:3036} INFO - Sync 1 DAGs
[2025-07-04T12:33:12.544+0530] {logging_mixin.py:188} INFO - [2025-07-04T12:33:12.544+0530] {dag.py:3823} INFO - Setting next_dagrun for example_setup_teardown_taskflow to 2025-07-03 00:00:00+00:00, run_after=2025-07-04 00:00:00+00:00
[2025-07-04T12:33:12.560+0530] {processor.py:183} INFO - Processing /home/tejhanagarajan/Projects/small-projects/NewsImpact/venv/lib64/python3.10/site-packages/airflow/example_dags/example_setup_teardown_taskflow.py took 0.046 seconds
[2025-07-04T12:34:00.008+0530] {processor.py:161} INFO - Started process (PID=30454) to work on /home/tejhanagarajan/Projects/small-projects/NewsImpact/venv/lib64/python3.10/site-packages/airflow/example_dags/example_setup_teardown_taskflow.py
[2025-07-04T12:34:00.009+0530] {processor.py:830} INFO - Processing file /home/tejhanagarajan/Projects/small-projects/NewsImpact/venv/lib64/python3.10/site-packages/airflow/example_dags/example_setup_teardown_taskflow.py for tasks to queue
[2025-07-04T12:34:00.010+0530] {logging_mixin.py:188} INFO - [2025-07-04T12:34:00.010+0530] {dagbag.py:538} INFO - Filling up the DagBag from /home/tejhanagarajan/Projects/small-projects/NewsImpact/venv/lib64/python3.10/site-packages/airflow/example_dags/example_setup_teardown_taskflow.py
[2025-07-04T12:34:00.015+0530] {processor.py:840} INFO - DAG(s) 'example_setup_teardown_taskflow' retrieved from /home/tejhanagarajan/Projects/small-projects/NewsImpact/venv/lib64/python3.10/site-packages/airflow/example_dags/example_setup_teardown_taskflow.py
[2025-07-04T12:34:00.023+0530] {logging_mixin.py:188} INFO - [2025-07-04T12:34:00.023+0530] {dag.py:3036} INFO - Sync 1 DAGs
[2025-07-04T12:34:00.031+0530] {logging_mixin.py:188} INFO - [2025-07-04T12:34:00.031+0530] {dag.py:3823} INFO - Setting next_dagrun for example_setup_teardown_taskflow to 2025-07-03 00:00:00+00:00, run_after=2025-07-04 00:00:00+00:00
[2025-07-04T12:34:00.050+0530] {processor.py:183} INFO - Processing /home/tejhanagarajan/Projects/small-projects/NewsImpact/venv/lib64/python3.10/site-packages/airflow/example_dags/example_setup_teardown_taskflow.py took 0.044 seconds
[2025-07-04T12:34:47.511+0530] {processor.py:161} INFO - Started process (PID=31047) to work on /home/tejhanagarajan/Projects/small-projects/NewsImpact/venv/lib64/python3.10/site-packages/airflow/example_dags/example_setup_teardown_taskflow.py
[2025-07-04T12:34:47.514+0530] {processor.py:830} INFO - Processing file /home/tejhanagarajan/Projects/small-projects/NewsImpact/venv/lib64/python3.10/site-packages/airflow/example_dags/example_setup_teardown_taskflow.py for tasks to queue
[2025-07-04T12:34:47.515+0530] {logging_mixin.py:188} INFO - [2025-07-04T12:34:47.514+0530] {dagbag.py:538} INFO - Filling up the DagBag from /home/tejhanagarajan/Projects/small-projects/NewsImpact/venv/lib64/python3.10/site-packages/airflow/example_dags/example_setup_teardown_taskflow.py
[2025-07-04T12:34:47.519+0530] {processor.py:840} INFO - DAG(s) 'example_setup_teardown_taskflow' retrieved from /home/tejhanagarajan/Projects/small-projects/NewsImpact/venv/lib64/python3.10/site-packages/airflow/example_dags/example_setup_teardown_taskflow.py
[2025-07-04T12:34:47.526+0530] {logging_mixin.py:188} INFO - [2025-07-04T12:34:47.526+0530] {dag.py:3036} INFO - Sync 1 DAGs
[2025-07-04T12:34:47.535+0530] {logging_mixin.py:188} INFO - [2025-07-04T12:34:47.534+0530] {dag.py:3823} INFO - Setting next_dagrun for example_setup_teardown_taskflow to 2025-07-03 00:00:00+00:00, run_after=2025-07-04 00:00:00+00:00
[2025-07-04T12:34:47.551+0530] {processor.py:183} INFO - Processing /home/tejhanagarajan/Projects/small-projects/NewsImpact/venv/lib64/python3.10/site-packages/airflow/example_dags/example_setup_teardown_taskflow.py took 0.041 seconds
[2025-07-04T12:35:39.529+0530] {processor.py:161} INFO - Started process (PID=31487) to work on /home/tejhanagarajan/Projects/small-projects/NewsImpact/venv/lib64/python3.10/site-packages/airflow/example_dags/example_setup_teardown_taskflow.py
[2025-07-04T12:35:39.531+0530] {processor.py:830} INFO - Processing file /home/tejhanagarajan/Projects/small-projects/NewsImpact/venv/lib64/python3.10/site-packages/airflow/example_dags/example_setup_teardown_taskflow.py for tasks to queue
[2025-07-04T12:35:39.532+0530] {logging_mixin.py:188} INFO - [2025-07-04T12:35:39.531+0530] {dagbag.py:538} INFO - Filling up the DagBag from /home/tejhanagarajan/Projects/small-projects/NewsImpact/venv/lib64/python3.10/site-packages/airflow/example_dags/example_setup_teardown_taskflow.py
[2025-07-04T12:35:39.537+0530] {processor.py:840} INFO - DAG(s) 'example_setup_teardown_taskflow' retrieved from /home/tejhanagarajan/Projects/small-projects/NewsImpact/venv/lib64/python3.10/site-packages/airflow/example_dags/example_setup_teardown_taskflow.py
[2025-07-04T12:35:39.545+0530] {logging_mixin.py:188} INFO - [2025-07-04T12:35:39.545+0530] {dag.py:3036} INFO - Sync 1 DAGs
[2025-07-04T12:35:39.554+0530] {logging_mixin.py:188} INFO - [2025-07-04T12:35:39.554+0530] {dag.py:3823} INFO - Setting next_dagrun for example_setup_teardown_taskflow to 2025-07-03 00:00:00+00:00, run_after=2025-07-04 00:00:00+00:00
[2025-07-04T12:35:39.570+0530] {processor.py:183} INFO - Processing /home/tejhanagarajan/Projects/small-projects/NewsImpact/venv/lib64/python3.10/site-packages/airflow/example_dags/example_setup_teardown_taskflow.py took 0.043 seconds
[2025-07-04T12:36:34.429+0530] {processor.py:161} INFO - Started process (PID=31905) to work on /home/tejhanagarajan/Projects/small-projects/NewsImpact/venv/lib64/python3.10/site-packages/airflow/example_dags/example_setup_teardown_taskflow.py
[2025-07-04T12:36:34.431+0530] {processor.py:830} INFO - Processing file /home/tejhanagarajan/Projects/small-projects/NewsImpact/venv/lib64/python3.10/site-packages/airflow/example_dags/example_setup_teardown_taskflow.py for tasks to queue
[2025-07-04T12:36:34.432+0530] {logging_mixin.py:188} INFO - [2025-07-04T12:36:34.432+0530] {dagbag.py:538} INFO - Filling up the DagBag from /home/tejhanagarajan/Projects/small-projects/NewsImpact/venv/lib64/python3.10/site-packages/airflow/example_dags/example_setup_teardown_taskflow.py
[2025-07-04T12:36:34.438+0530] {processor.py:840} INFO - DAG(s) 'example_setup_teardown_taskflow' retrieved from /home/tejhanagarajan/Projects/small-projects/NewsImpact/venv/lib64/python3.10/site-packages/airflow/example_dags/example_setup_teardown_taskflow.py
[2025-07-04T12:36:34.445+0530] {logging_mixin.py:188} INFO - [2025-07-04T12:36:34.445+0530] {dag.py:3036} INFO - Sync 1 DAGs
[2025-07-04T12:36:34.454+0530] {logging_mixin.py:188} INFO - [2025-07-04T12:36:34.454+0530] {dag.py:3823} INFO - Setting next_dagrun for example_setup_teardown_taskflow to 2025-07-03 00:00:00+00:00, run_after=2025-07-04 00:00:00+00:00
[2025-07-04T12:36:34.473+0530] {processor.py:183} INFO - Processing /home/tejhanagarajan/Projects/small-projects/NewsImpact/venv/lib64/python3.10/site-packages/airflow/example_dags/example_setup_teardown_taskflow.py took 0.047 seconds
[2025-07-04T12:37:22.928+0530] {processor.py:161} INFO - Started process (PID=32393) to work on /home/tejhanagarajan/Projects/small-projects/NewsImpact/venv/lib64/python3.10/site-packages/airflow/example_dags/example_setup_teardown_taskflow.py
[2025-07-04T12:37:22.931+0530] {processor.py:830} INFO - Processing file /home/tejhanagarajan/Projects/small-projects/NewsImpact/venv/lib64/python3.10/site-packages/airflow/example_dags/example_setup_teardown_taskflow.py for tasks to queue
[2025-07-04T12:37:22.932+0530] {logging_mixin.py:188} INFO - [2025-07-04T12:37:22.932+0530] {dagbag.py:538} INFO - Filling up the DagBag from /home/tejhanagarajan/Projects/small-projects/NewsImpact/venv/lib64/python3.10/site-packages/airflow/example_dags/example_setup_teardown_taskflow.py
[2025-07-04T12:37:22.951+0530] {processor.py:840} INFO - DAG(s) 'example_setup_teardown_taskflow' retrieved from /home/tejhanagarajan/Projects/small-projects/NewsImpact/venv/lib64/python3.10/site-packages/airflow/example_dags/example_setup_teardown_taskflow.py
[2025-07-04T12:37:22.965+0530] {logging_mixin.py:188} INFO - [2025-07-04T12:37:22.965+0530] {dag.py:3036} INFO - Sync 1 DAGs
[2025-07-04T12:37:22.977+0530] {logging_mixin.py:188} INFO - [2025-07-04T12:37:22.977+0530] {dag.py:3823} INFO - Setting next_dagrun for example_setup_teardown_taskflow to 2025-07-03 00:00:00+00:00, run_after=2025-07-04 00:00:00+00:00
[2025-07-04T12:37:22.995+0530] {processor.py:183} INFO - Processing /home/tejhanagarajan/Projects/small-projects/NewsImpact/venv/lib64/python3.10/site-packages/airflow/example_dags/example_setup_teardown_taskflow.py took 0.070 seconds
[2025-07-04T12:38:12.269+0530] {processor.py:161} INFO - Started process (PID=34784) to work on /home/tejhanagarajan/Projects/small-projects/NewsImpact/venv/lib64/python3.10/site-packages/airflow/example_dags/example_setup_teardown_taskflow.py
[2025-07-04T12:38:12.272+0530] {processor.py:830} INFO - Processing file /home/tejhanagarajan/Projects/small-projects/NewsImpact/venv/lib64/python3.10/site-packages/airflow/example_dags/example_setup_teardown_taskflow.py for tasks to queue
[2025-07-04T12:38:12.273+0530] {logging_mixin.py:188} INFO - [2025-07-04T12:38:12.273+0530] {dagbag.py:538} INFO - Filling up the DagBag from /home/tejhanagarajan/Projects/small-projects/NewsImpact/venv/lib64/python3.10/site-packages/airflow/example_dags/example_setup_teardown_taskflow.py
[2025-07-04T12:38:12.279+0530] {processor.py:840} INFO - DAG(s) 'example_setup_teardown_taskflow' retrieved from /home/tejhanagarajan/Projects/small-projects/NewsImpact/venv/lib64/python3.10/site-packages/airflow/example_dags/example_setup_teardown_taskflow.py
[2025-07-04T12:38:12.286+0530] {logging_mixin.py:188} INFO - [2025-07-04T12:38:12.286+0530] {dag.py:3036} INFO - Sync 1 DAGs
[2025-07-04T12:38:12.294+0530] {logging_mixin.py:188} INFO - [2025-07-04T12:38:12.294+0530] {dag.py:3823} INFO - Setting next_dagrun for example_setup_teardown_taskflow to 2025-07-03 00:00:00+00:00, run_after=2025-07-04 00:00:00+00:00
[2025-07-04T12:38:12.311+0530] {processor.py:183} INFO - Processing /home/tejhanagarajan/Projects/small-projects/NewsImpact/venv/lib64/python3.10/site-packages/airflow/example_dags/example_setup_teardown_taskflow.py took 0.044 seconds
[2025-07-04T12:38:14.582+0530] {processor.py:161} INFO - Started process (PID=34801) to work on /home/tejhanagarajan/Projects/small-projects/NewsImpact/venv/lib64/python3.10/site-packages/airflow/example_dags/example_setup_teardown_taskflow.py
[2025-07-04T12:38:14.582+0530] {processor.py:830} INFO - Processing file /home/tejhanagarajan/Projects/small-projects/NewsImpact/venv/lib64/python3.10/site-packages/airflow/example_dags/example_setup_teardown_taskflow.py for tasks to queue
[2025-07-04T12:38:14.583+0530] {logging_mixin.py:188} INFO - [2025-07-04T12:38:14.582+0530] {dagbag.py:538} INFO - Filling up the DagBag from /home/tejhanagarajan/Projects/small-projects/NewsImpact/venv/lib64/python3.10/site-packages/airflow/example_dags/example_setup_teardown_taskflow.py
[2025-07-04T12:38:14.588+0530] {processor.py:840} INFO - DAG(s) 'example_setup_teardown_taskflow' retrieved from /home/tejhanagarajan/Projects/small-projects/NewsImpact/venv/lib64/python3.10/site-packages/airflow/example_dags/example_setup_teardown_taskflow.py
[2025-07-04T12:38:14.596+0530] {logging_mixin.py:188} INFO - [2025-07-04T12:38:14.595+0530] {dag.py:3036} INFO - Sync 1 DAGs
[2025-07-04T12:38:14.604+0530] {logging_mixin.py:188} INFO - [2025-07-04T12:38:14.604+0530] {dag.py:3823} INFO - Setting next_dagrun for example_setup_teardown_taskflow to 2025-07-03 00:00:00+00:00, run_after=2025-07-04 00:00:00+00:00
[2025-07-04T12:38:14.620+0530] {processor.py:183} INFO - Processing /home/tejhanagarajan/Projects/small-projects/NewsImpact/venv/lib64/python3.10/site-packages/airflow/example_dags/example_setup_teardown_taskflow.py took 0.040 seconds
[2025-07-04T12:39:02.625+0530] {processor.py:161} INFO - Started process (PID=35212) to work on /home/tejhanagarajan/Projects/small-projects/NewsImpact/venv/lib64/python3.10/site-packages/airflow/example_dags/example_setup_teardown_taskflow.py
[2025-07-04T12:39:02.627+0530] {processor.py:830} INFO - Processing file /home/tejhanagarajan/Projects/small-projects/NewsImpact/venv/lib64/python3.10/site-packages/airflow/example_dags/example_setup_teardown_taskflow.py for tasks to queue
[2025-07-04T12:39:02.627+0530] {logging_mixin.py:188} INFO - [2025-07-04T12:39:02.627+0530] {dagbag.py:538} INFO - Filling up the DagBag from /home/tejhanagarajan/Projects/small-projects/NewsImpact/venv/lib64/python3.10/site-packages/airflow/example_dags/example_setup_teardown_taskflow.py
[2025-07-04T12:39:02.632+0530] {processor.py:840} INFO - DAG(s) 'example_setup_teardown_taskflow' retrieved from /home/tejhanagarajan/Projects/small-projects/NewsImpact/venv/lib64/python3.10/site-packages/airflow/example_dags/example_setup_teardown_taskflow.py
[2025-07-04T12:39:02.641+0530] {logging_mixin.py:188} INFO - [2025-07-04T12:39:02.641+0530] {dag.py:3036} INFO - Sync 1 DAGs
[2025-07-04T12:39:02.650+0530] {logging_mixin.py:188} INFO - [2025-07-04T12:39:02.650+0530] {dag.py:3823} INFO - Setting next_dagrun for example_setup_teardown_taskflow to 2025-07-03 00:00:00+00:00, run_after=2025-07-04 00:00:00+00:00
[2025-07-04T12:39:02.667+0530] {processor.py:183} INFO - Processing /home/tejhanagarajan/Projects/small-projects/NewsImpact/venv/lib64/python3.10/site-packages/airflow/example_dags/example_setup_teardown_taskflow.py took 0.045 seconds
[2025-07-04T12:39:03.242+0530] {processor.py:161} INFO - Started process (PID=35221) to work on /home/tejhanagarajan/Projects/small-projects/NewsImpact/venv/lib64/python3.10/site-packages/airflow/example_dags/example_setup_teardown_taskflow.py
[2025-07-04T12:39:03.243+0530] {processor.py:830} INFO - Processing file /home/tejhanagarajan/Projects/small-projects/NewsImpact/venv/lib64/python3.10/site-packages/airflow/example_dags/example_setup_teardown_taskflow.py for tasks to queue
[2025-07-04T12:39:03.243+0530] {logging_mixin.py:188} INFO - [2025-07-04T12:39:03.243+0530] {dagbag.py:538} INFO - Filling up the DagBag from /home/tejhanagarajan/Projects/small-projects/NewsImpact/venv/lib64/python3.10/site-packages/airflow/example_dags/example_setup_teardown_taskflow.py
[2025-07-04T12:39:03.249+0530] {processor.py:840} INFO - DAG(s) 'example_setup_teardown_taskflow' retrieved from /home/tejhanagarajan/Projects/small-projects/NewsImpact/venv/lib64/python3.10/site-packages/airflow/example_dags/example_setup_teardown_taskflow.py
[2025-07-04T12:39:03.256+0530] {logging_mixin.py:188} INFO - [2025-07-04T12:39:03.256+0530] {dag.py:3036} INFO - Sync 1 DAGs
[2025-07-04T12:39:03.265+0530] {logging_mixin.py:188} INFO - [2025-07-04T12:39:03.265+0530] {dag.py:3823} INFO - Setting next_dagrun for example_setup_teardown_taskflow to 2025-07-03 00:00:00+00:00, run_after=2025-07-04 00:00:00+00:00
[2025-07-04T12:39:03.283+0530] {processor.py:183} INFO - Processing /home/tejhanagarajan/Projects/small-projects/NewsImpact/venv/lib64/python3.10/site-packages/airflow/example_dags/example_setup_teardown_taskflow.py took 0.043 seconds
[2025-07-04T12:39:50.681+0530] {processor.py:161} INFO - Started process (PID=35668) to work on /home/tejhanagarajan/Projects/small-projects/NewsImpact/venv/lib64/python3.10/site-packages/airflow/example_dags/example_setup_teardown_taskflow.py
[2025-07-04T12:39:50.683+0530] {processor.py:830} INFO - Processing file /home/tejhanagarajan/Projects/small-projects/NewsImpact/venv/lib64/python3.10/site-packages/airflow/example_dags/example_setup_teardown_taskflow.py for tasks to queue
[2025-07-04T12:39:50.684+0530] {logging_mixin.py:188} INFO - [2025-07-04T12:39:50.684+0530] {dagbag.py:538} INFO - Filling up the DagBag from /home/tejhanagarajan/Projects/small-projects/NewsImpact/venv/lib64/python3.10/site-packages/airflow/example_dags/example_setup_teardown_taskflow.py
[2025-07-04T12:39:50.689+0530] {processor.py:840} INFO - DAG(s) 'example_setup_teardown_taskflow' retrieved from /home/tejhanagarajan/Projects/small-projects/NewsImpact/venv/lib64/python3.10/site-packages/airflow/example_dags/example_setup_teardown_taskflow.py
[2025-07-04T12:39:50.697+0530] {logging_mixin.py:188} INFO - [2025-07-04T12:39:50.696+0530] {dag.py:3036} INFO - Sync 1 DAGs
[2025-07-04T12:39:50.706+0530] {logging_mixin.py:188} INFO - [2025-07-04T12:39:50.706+0530] {dag.py:3823} INFO - Setting next_dagrun for example_setup_teardown_taskflow to 2025-07-03 00:00:00+00:00, run_after=2025-07-04 00:00:00+00:00
[2025-07-04T12:39:50.723+0530] {processor.py:183} INFO - Processing /home/tejhanagarajan/Projects/small-projects/NewsImpact/venv/lib64/python3.10/site-packages/airflow/example_dags/example_setup_teardown_taskflow.py took 0.043 seconds
[2025-07-04T12:39:56.717+0530] {processor.py:161} INFO - Started process (PID=35904) to work on /home/tejhanagarajan/Projects/small-projects/NewsImpact/venv/lib64/python3.10/site-packages/airflow/example_dags/example_setup_teardown_taskflow.py
[2025-07-04T12:39:56.718+0530] {processor.py:830} INFO - Processing file /home/tejhanagarajan/Projects/small-projects/NewsImpact/venv/lib64/python3.10/site-packages/airflow/example_dags/example_setup_teardown_taskflow.py for tasks to queue
[2025-07-04T12:39:56.719+0530] {logging_mixin.py:188} INFO - [2025-07-04T12:39:56.718+0530] {dagbag.py:538} INFO - Filling up the DagBag from /home/tejhanagarajan/Projects/small-projects/NewsImpact/venv/lib64/python3.10/site-packages/airflow/example_dags/example_setup_teardown_taskflow.py
[2025-07-04T12:39:56.724+0530] {processor.py:840} INFO - DAG(s) 'example_setup_teardown_taskflow' retrieved from /home/tejhanagarajan/Projects/small-projects/NewsImpact/venv/lib64/python3.10/site-packages/airflow/example_dags/example_setup_teardown_taskflow.py
[2025-07-04T12:39:56.731+0530] {logging_mixin.py:188} INFO - [2025-07-04T12:39:56.731+0530] {dag.py:3036} INFO - Sync 1 DAGs
[2025-07-04T12:39:56.739+0530] {logging_mixin.py:188} INFO - [2025-07-04T12:39:56.739+0530] {dag.py:3823} INFO - Setting next_dagrun for example_setup_teardown_taskflow to 2025-07-03 00:00:00+00:00, run_after=2025-07-04 00:00:00+00:00
[2025-07-04T12:39:56.756+0530] {processor.py:183} INFO - Processing /home/tejhanagarajan/Projects/small-projects/NewsImpact/venv/lib64/python3.10/site-packages/airflow/example_dags/example_setup_teardown_taskflow.py took 0.041 seconds
[2025-07-04T12:42:17.792+0530] {processor.py:161} INFO - Started process (PID=37905) to work on /home/tejhanagarajan/Projects/small-projects/NewsImpact/venv/lib64/python3.10/site-packages/airflow/example_dags/example_setup_teardown_taskflow.py
[2025-07-04T12:42:17.795+0530] {processor.py:830} INFO - Processing file /home/tejhanagarajan/Projects/small-projects/NewsImpact/venv/lib64/python3.10/site-packages/airflow/example_dags/example_setup_teardown_taskflow.py for tasks to queue
[2025-07-04T12:42:17.796+0530] {logging_mixin.py:188} INFO - [2025-07-04T12:42:17.795+0530] {dagbag.py:538} INFO - Filling up the DagBag from /home/tejhanagarajan/Projects/small-projects/NewsImpact/venv/lib64/python3.10/site-packages/airflow/example_dags/example_setup_teardown_taskflow.py
[2025-07-04T12:42:17.808+0530] {processor.py:840} INFO - DAG(s) 'example_setup_teardown_taskflow' retrieved from /home/tejhanagarajan/Projects/small-projects/NewsImpact/venv/lib64/python3.10/site-packages/airflow/example_dags/example_setup_teardown_taskflow.py
[2025-07-04T12:42:17.816+0530] {logging_mixin.py:188} INFO - [2025-07-04T12:42:17.816+0530] {dag.py:3036} INFO - Sync 1 DAGs
[2025-07-04T12:42:17.825+0530] {logging_mixin.py:188} INFO - [2025-07-04T12:42:17.825+0530] {dag.py:3823} INFO - Setting next_dagrun for example_setup_teardown_taskflow to 2025-07-03 00:00:00+00:00, run_after=2025-07-04 00:00:00+00:00
[2025-07-04T12:42:17.843+0530] {processor.py:183} INFO - Processing /home/tejhanagarajan/Projects/small-projects/NewsImpact/venv/lib64/python3.10/site-packages/airflow/example_dags/example_setup_teardown_taskflow.py took 0.054 seconds
[2025-07-04T12:43:02.989+0530] {processor.py:161} INFO - Started process (PID=38250) to work on /home/tejhanagarajan/Projects/small-projects/NewsImpact/venv/lib64/python3.10/site-packages/airflow/example_dags/example_setup_teardown_taskflow.py
[2025-07-04T12:43:02.994+0530] {processor.py:830} INFO - Processing file /home/tejhanagarajan/Projects/small-projects/NewsImpact/venv/lib64/python3.10/site-packages/airflow/example_dags/example_setup_teardown_taskflow.py for tasks to queue
[2025-07-04T12:43:02.995+0530] {logging_mixin.py:188} INFO - [2025-07-04T12:43:02.995+0530] {dagbag.py:538} INFO - Filling up the DagBag from /home/tejhanagarajan/Projects/small-projects/NewsImpact/venv/lib64/python3.10/site-packages/airflow/example_dags/example_setup_teardown_taskflow.py
[2025-07-04T12:43:03.003+0530] {processor.py:840} INFO - DAG(s) 'example_setup_teardown_taskflow' retrieved from /home/tejhanagarajan/Projects/small-projects/NewsImpact/venv/lib64/python3.10/site-packages/airflow/example_dags/example_setup_teardown_taskflow.py
[2025-07-04T12:43:03.010+0530] {logging_mixin.py:188} INFO - [2025-07-04T12:43:03.010+0530] {dag.py:3036} INFO - Sync 1 DAGs
[2025-07-04T12:43:03.018+0530] {logging_mixin.py:188} INFO - [2025-07-04T12:43:03.018+0530] {dag.py:3823} INFO - Setting next_dagrun for example_setup_teardown_taskflow to 2025-07-03 00:00:00+00:00, run_after=2025-07-04 00:00:00+00:00
[2025-07-04T12:43:03.034+0530] {processor.py:183} INFO - Processing /home/tejhanagarajan/Projects/small-projects/NewsImpact/venv/lib64/python3.10/site-packages/airflow/example_dags/example_setup_teardown_taskflow.py took 0.048 seconds
[2025-07-04T12:43:51.716+0530] {processor.py:161} INFO - Started process (PID=38647) to work on /home/tejhanagarajan/Projects/small-projects/NewsImpact/venv/lib64/python3.10/site-packages/airflow/example_dags/example_setup_teardown_taskflow.py
[2025-07-04T12:43:51.719+0530] {processor.py:830} INFO - Processing file /home/tejhanagarajan/Projects/small-projects/NewsImpact/venv/lib64/python3.10/site-packages/airflow/example_dags/example_setup_teardown_taskflow.py for tasks to queue
[2025-07-04T12:43:51.719+0530] {logging_mixin.py:188} INFO - [2025-07-04T12:43:51.719+0530] {dagbag.py:538} INFO - Filling up the DagBag from /home/tejhanagarajan/Projects/small-projects/NewsImpact/venv/lib64/python3.10/site-packages/airflow/example_dags/example_setup_teardown_taskflow.py
[2025-07-04T12:43:51.723+0530] {processor.py:840} INFO - DAG(s) 'example_setup_teardown_taskflow' retrieved from /home/tejhanagarajan/Projects/small-projects/NewsImpact/venv/lib64/python3.10/site-packages/airflow/example_dags/example_setup_teardown_taskflow.py
[2025-07-04T12:43:51.730+0530] {logging_mixin.py:188} INFO - [2025-07-04T12:43:51.730+0530] {dag.py:3036} INFO - Sync 1 DAGs
[2025-07-04T12:43:51.738+0530] {logging_mixin.py:188} INFO - [2025-07-04T12:43:51.738+0530] {dag.py:3823} INFO - Setting next_dagrun for example_setup_teardown_taskflow to 2025-07-03 00:00:00+00:00, run_after=2025-07-04 00:00:00+00:00
[2025-07-04T12:43:51.756+0530] {processor.py:183} INFO - Processing /home/tejhanagarajan/Projects/small-projects/NewsImpact/venv/lib64/python3.10/site-packages/airflow/example_dags/example_setup_teardown_taskflow.py took 0.041 seconds
[2025-07-04T12:44:42.881+0530] {processor.py:161} INFO - Started process (PID=39017) to work on /home/tejhanagarajan/Projects/small-projects/NewsImpact/venv/lib64/python3.10/site-packages/airflow/example_dags/example_setup_teardown_taskflow.py
[2025-07-04T12:44:42.884+0530] {processor.py:830} INFO - Processing file /home/tejhanagarajan/Projects/small-projects/NewsImpact/venv/lib64/python3.10/site-packages/airflow/example_dags/example_setup_teardown_taskflow.py for tasks to queue
[2025-07-04T12:44:42.884+0530] {logging_mixin.py:188} INFO - [2025-07-04T12:44:42.884+0530] {dagbag.py:538} INFO - Filling up the DagBag from /home/tejhanagarajan/Projects/small-projects/NewsImpact/venv/lib64/python3.10/site-packages/airflow/example_dags/example_setup_teardown_taskflow.py
[2025-07-04T12:44:42.891+0530] {processor.py:840} INFO - DAG(s) 'example_setup_teardown_taskflow' retrieved from /home/tejhanagarajan/Projects/small-projects/NewsImpact/venv/lib64/python3.10/site-packages/airflow/example_dags/example_setup_teardown_taskflow.py
[2025-07-04T12:44:42.898+0530] {logging_mixin.py:188} INFO - [2025-07-04T12:44:42.898+0530] {dag.py:3036} INFO - Sync 1 DAGs
[2025-07-04T12:44:42.906+0530] {logging_mixin.py:188} INFO - [2025-07-04T12:44:42.906+0530] {dag.py:3823} INFO - Setting next_dagrun for example_setup_teardown_taskflow to 2025-07-03 00:00:00+00:00, run_after=2025-07-04 00:00:00+00:00
[2025-07-04T12:44:42.923+0530] {processor.py:183} INFO - Processing /home/tejhanagarajan/Projects/small-projects/NewsImpact/venv/lib64/python3.10/site-packages/airflow/example_dags/example_setup_teardown_taskflow.py took 0.043 seconds
[2025-07-04T12:45:34.728+0530] {processor.py:161} INFO - Started process (PID=39398) to work on /home/tejhanagarajan/Projects/small-projects/NewsImpact/venv/lib64/python3.10/site-packages/airflow/example_dags/example_setup_teardown_taskflow.py
[2025-07-04T12:45:34.730+0530] {processor.py:830} INFO - Processing file /home/tejhanagarajan/Projects/small-projects/NewsImpact/venv/lib64/python3.10/site-packages/airflow/example_dags/example_setup_teardown_taskflow.py for tasks to queue
[2025-07-04T12:45:34.731+0530] {logging_mixin.py:188} INFO - [2025-07-04T12:45:34.731+0530] {dagbag.py:538} INFO - Filling up the DagBag from /home/tejhanagarajan/Projects/small-projects/NewsImpact/venv/lib64/python3.10/site-packages/airflow/example_dags/example_setup_teardown_taskflow.py
[2025-07-04T12:45:34.736+0530] {processor.py:840} INFO - DAG(s) 'example_setup_teardown_taskflow' retrieved from /home/tejhanagarajan/Projects/small-projects/NewsImpact/venv/lib64/python3.10/site-packages/airflow/example_dags/example_setup_teardown_taskflow.py
[2025-07-04T12:45:34.743+0530] {logging_mixin.py:188} INFO - [2025-07-04T12:45:34.743+0530] {dag.py:3036} INFO - Sync 1 DAGs
[2025-07-04T12:45:34.752+0530] {logging_mixin.py:188} INFO - [2025-07-04T12:45:34.751+0530] {dag.py:3823} INFO - Setting next_dagrun for example_setup_teardown_taskflow to 2025-07-03 00:00:00+00:00, run_after=2025-07-04 00:00:00+00:00
[2025-07-04T12:45:34.768+0530] {processor.py:183} INFO - Processing /home/tejhanagarajan/Projects/small-projects/NewsImpact/venv/lib64/python3.10/site-packages/airflow/example_dags/example_setup_teardown_taskflow.py took 0.042 seconds
[2025-07-04T12:46:27.677+0530] {processor.py:161} INFO - Started process (PID=39779) to work on /home/tejhanagarajan/Projects/small-projects/NewsImpact/venv/lib64/python3.10/site-packages/airflow/example_dags/example_setup_teardown_taskflow.py
[2025-07-04T12:46:27.680+0530] {processor.py:830} INFO - Processing file /home/tejhanagarajan/Projects/small-projects/NewsImpact/venv/lib64/python3.10/site-packages/airflow/example_dags/example_setup_teardown_taskflow.py for tasks to queue
[2025-07-04T12:46:27.681+0530] {logging_mixin.py:188} INFO - [2025-07-04T12:46:27.680+0530] {dagbag.py:538} INFO - Filling up the DagBag from /home/tejhanagarajan/Projects/small-projects/NewsImpact/venv/lib64/python3.10/site-packages/airflow/example_dags/example_setup_teardown_taskflow.py
[2025-07-04T12:46:27.686+0530] {processor.py:840} INFO - DAG(s) 'example_setup_teardown_taskflow' retrieved from /home/tejhanagarajan/Projects/small-projects/NewsImpact/venv/lib64/python3.10/site-packages/airflow/example_dags/example_setup_teardown_taskflow.py
[2025-07-04T12:46:27.693+0530] {logging_mixin.py:188} INFO - [2025-07-04T12:46:27.693+0530] {dag.py:3036} INFO - Sync 1 DAGs
[2025-07-04T12:46:27.701+0530] {logging_mixin.py:188} INFO - [2025-07-04T12:46:27.701+0530] {dag.py:3823} INFO - Setting next_dagrun for example_setup_teardown_taskflow to 2025-07-03 00:00:00+00:00, run_after=2025-07-04 00:00:00+00:00
[2025-07-04T12:46:27.717+0530] {processor.py:183} INFO - Processing /home/tejhanagarajan/Projects/small-projects/NewsImpact/venv/lib64/python3.10/site-packages/airflow/example_dags/example_setup_teardown_taskflow.py took 0.041 seconds
[2025-07-04T12:47:19.677+0530] {processor.py:161} INFO - Started process (PID=40152) to work on /home/tejhanagarajan/Projects/small-projects/NewsImpact/venv/lib64/python3.10/site-packages/airflow/example_dags/example_setup_teardown_taskflow.py
[2025-07-04T12:47:19.679+0530] {processor.py:830} INFO - Processing file /home/tejhanagarajan/Projects/small-projects/NewsImpact/venv/lib64/python3.10/site-packages/airflow/example_dags/example_setup_teardown_taskflow.py for tasks to queue
[2025-07-04T12:47:19.680+0530] {logging_mixin.py:188} INFO - [2025-07-04T12:47:19.680+0530] {dagbag.py:538} INFO - Filling up the DagBag from /home/tejhanagarajan/Projects/small-projects/NewsImpact/venv/lib64/python3.10/site-packages/airflow/example_dags/example_setup_teardown_taskflow.py
[2025-07-04T12:47:19.684+0530] {processor.py:840} INFO - DAG(s) 'example_setup_teardown_taskflow' retrieved from /home/tejhanagarajan/Projects/small-projects/NewsImpact/venv/lib64/python3.10/site-packages/airflow/example_dags/example_setup_teardown_taskflow.py
[2025-07-04T12:47:19.691+0530] {logging_mixin.py:188} INFO - [2025-07-04T12:47:19.691+0530] {dag.py:3036} INFO - Sync 1 DAGs
[2025-07-04T12:47:19.699+0530] {logging_mixin.py:188} INFO - [2025-07-04T12:47:19.699+0530] {dag.py:3823} INFO - Setting next_dagrun for example_setup_teardown_taskflow to 2025-07-03 00:00:00+00:00, run_after=2025-07-04 00:00:00+00:00
[2025-07-04T12:47:19.716+0530] {processor.py:183} INFO - Processing /home/tejhanagarajan/Projects/small-projects/NewsImpact/venv/lib64/python3.10/site-packages/airflow/example_dags/example_setup_teardown_taskflow.py took 0.040 seconds
[2025-07-04T12:48:10.207+0530] {processor.py:161} INFO - Started process (PID=40540) to work on /home/tejhanagarajan/Projects/small-projects/NewsImpact/venv/lib64/python3.10/site-packages/airflow/example_dags/example_setup_teardown_taskflow.py
[2025-07-04T12:48:10.210+0530] {processor.py:830} INFO - Processing file /home/tejhanagarajan/Projects/small-projects/NewsImpact/venv/lib64/python3.10/site-packages/airflow/example_dags/example_setup_teardown_taskflow.py for tasks to queue
[2025-07-04T12:48:10.210+0530] {logging_mixin.py:188} INFO - [2025-07-04T12:48:10.210+0530] {dagbag.py:538} INFO - Filling up the DagBag from /home/tejhanagarajan/Projects/small-projects/NewsImpact/venv/lib64/python3.10/site-packages/airflow/example_dags/example_setup_teardown_taskflow.py
[2025-07-04T12:48:10.214+0530] {processor.py:840} INFO - DAG(s) 'example_setup_teardown_taskflow' retrieved from /home/tejhanagarajan/Projects/small-projects/NewsImpact/venv/lib64/python3.10/site-packages/airflow/example_dags/example_setup_teardown_taskflow.py
[2025-07-04T12:48:10.221+0530] {logging_mixin.py:188} INFO - [2025-07-04T12:48:10.221+0530] {dag.py:3036} INFO - Sync 1 DAGs
[2025-07-04T12:48:10.229+0530] {logging_mixin.py:188} INFO - [2025-07-04T12:48:10.229+0530] {dag.py:3823} INFO - Setting next_dagrun for example_setup_teardown_taskflow to 2025-07-03 00:00:00+00:00, run_after=2025-07-04 00:00:00+00:00
[2025-07-04T12:48:10.246+0530] {processor.py:183} INFO - Processing /home/tejhanagarajan/Projects/small-projects/NewsImpact/venv/lib64/python3.10/site-packages/airflow/example_dags/example_setup_teardown_taskflow.py took 0.040 seconds
