[2025-07-04T12:26:45.088+0530] {processor.py:161} INFO - Started process (PID=25238) to work on /home/tejhanagarajan/Projects/small-projects/NewsImpact/venv/lib64/python3.10/site-packages/airflow/example_dags/example_short_circuit_operator.py
[2025-07-04T12:26:45.089+0530] {processor.py:830} INFO - Processing file /home/tejhanagarajan/Projects/small-projects/NewsImpact/venv/lib64/python3.10/site-packages/airflow/example_dags/example_short_circuit_operator.py for tasks to queue
[2025-07-04T12:26:45.089+0530] {logging_mixin.py:188} INFO - [2025-07-04T12:26:45.089+0530] {dagbag.py:538} INFO - Filling up the DagBag from /home/tejhanagarajan/Projects/small-projects/NewsImpact/venv/lib64/python3.10/site-packages/airflow/example_dags/example_short_circuit_operator.py
[2025-07-04T12:26:45.092+0530] {processor.py:840} INFO - DAG(s) 'example_short_circuit_operator' retrieved from /home/tejhanagarajan/Projects/small-projects/NewsImpact/venv/lib64/python3.10/site-packages/airflow/example_dags/example_short_circuit_operator.py
[2025-07-04T12:26:45.149+0530] {logging_mixin.py:188} INFO - [2025-07-04T12:26:45.149+0530] {override.py:1769} INFO - Created Permission View: can read on DAG:example_short_circuit_operator
[2025-07-04T12:26:45.160+0530] {logging_mixin.py:188} INFO - [2025-07-04T12:26:45.160+0530] {override.py:1769} INFO - Created Permission View: can edit on DAG:example_short_circuit_operator
[2025-07-04T12:26:45.170+0530] {logging_mixin.py:188} INFO - [2025-07-04T12:26:45.170+0530] {override.py:1769} INFO - Created Permission View: can delete on DAG:example_short_circuit_operator
[2025-07-04T12:26:45.170+0530] {logging_mixin.py:188} INFO - [2025-07-04T12:26:45.170+0530] {dag.py:3036} INFO - Sync 1 DAGs
[2025-07-04T12:26:45.175+0530] {logging_mixin.py:188} INFO - [2025-07-04T12:26:45.175+0530] {dag.py:3058} INFO - Creating ORM DAG for example_short_circuit_operator
[2025-07-04T12:26:45.179+0530] {logging_mixin.py:188} INFO - [2025-07-04T12:26:45.179+0530] {dag.py:3823} INFO - Setting next_dagrun for example_short_circuit_operator to 2025-07-03 00:00:00+00:00, run_after=2025-07-04 00:00:00+00:00
[2025-07-04T12:26:45.196+0530] {processor.py:183} INFO - Processing /home/tejhanagarajan/Projects/small-projects/NewsImpact/venv/lib64/python3.10/site-packages/airflow/example_dags/example_short_circuit_operator.py took 0.109 seconds
[2025-07-04T12:27:35.861+0530] {processor.py:161} INFO - Started process (PID=25618) to work on /home/tejhanagarajan/Projects/small-projects/NewsImpact/venv/lib64/python3.10/site-packages/airflow/example_dags/example_short_circuit_operator.py
[2025-07-04T12:27:35.862+0530] {processor.py:830} INFO - Processing file /home/tejhanagarajan/Projects/small-projects/NewsImpact/venv/lib64/python3.10/site-packages/airflow/example_dags/example_short_circuit_operator.py for tasks to queue
[2025-07-04T12:27:35.862+0530] {logging_mixin.py:188} INFO - [2025-07-04T12:27:35.862+0530] {dagbag.py:538} INFO - Filling up the DagBag from /home/tejhanagarajan/Projects/small-projects/NewsImpact/venv/lib64/python3.10/site-packages/airflow/example_dags/example_short_circuit_operator.py
[2025-07-04T12:27:35.866+0530] {processor.py:840} INFO - DAG(s) 'example_short_circuit_operator' retrieved from /home/tejhanagarajan/Projects/small-projects/NewsImpact/venv/lib64/python3.10/site-packages/airflow/example_dags/example_short_circuit_operator.py
[2025-07-04T12:27:35.873+0530] {logging_mixin.py:188} INFO - [2025-07-04T12:27:35.873+0530] {dag.py:3036} INFO - Sync 1 DAGs
[2025-07-04T12:27:35.881+0530] {logging_mixin.py:188} INFO - [2025-07-04T12:27:35.881+0530] {dag.py:3823} INFO - Setting next_dagrun for example_short_circuit_operator to 2025-07-03 00:00:00+00:00, run_after=2025-07-04 00:00:00+00:00
[2025-07-04T12:27:35.899+0530] {processor.py:183} INFO - Processing /home/tejhanagarajan/Projects/small-projects/NewsImpact/venv/lib64/python3.10/site-packages/airflow/example_dags/example_short_circuit_operator.py took 0.040 seconds
[2025-07-04T12:28:23.449+0530] {processor.py:161} INFO - Started process (PID=26005) to work on /home/tejhanagarajan/Projects/small-projects/NewsImpact/venv/lib64/python3.10/site-packages/airflow/example_dags/example_short_circuit_operator.py
[2025-07-04T12:28:23.450+0530] {processor.py:830} INFO - Processing file /home/tejhanagarajan/Projects/small-projects/NewsImpact/venv/lib64/python3.10/site-packages/airflow/example_dags/example_short_circuit_operator.py for tasks to queue
[2025-07-04T12:28:23.450+0530] {logging_mixin.py:188} INFO - [2025-07-04T12:28:23.450+0530] {dagbag.py:538} INFO - Filling up the DagBag from /home/tejhanagarajan/Projects/small-projects/NewsImpact/venv/lib64/python3.10/site-packages/airflow/example_dags/example_short_circuit_operator.py
[2025-07-04T12:28:23.457+0530] {processor.py:840} INFO - DAG(s) 'example_short_circuit_operator' retrieved from /home/tejhanagarajan/Projects/small-projects/NewsImpact/venv/lib64/python3.10/site-packages/airflow/example_dags/example_short_circuit_operator.py
[2025-07-04T12:28:23.465+0530] {logging_mixin.py:188} INFO - [2025-07-04T12:28:23.465+0530] {dag.py:3036} INFO - Sync 1 DAGs
[2025-07-04T12:28:23.474+0530] {logging_mixin.py:188} INFO - [2025-07-04T12:28:23.473+0530] {dag.py:3823} INFO - Setting next_dagrun for example_short_circuit_operator to 2025-07-03 00:00:00+00:00, run_after=2025-07-04 00:00:00+00:00
[2025-07-04T12:28:23.490+0530] {processor.py:183} INFO - Processing /home/tejhanagarajan/Projects/small-projects/NewsImpact/venv/lib64/python3.10/site-packages/airflow/example_dags/example_short_circuit_operator.py took 0.044 seconds
[2025-07-04T12:29:23.141+0530] {processor.py:161} INFO - Started process (PID=26521) to work on /home/tejhanagarajan/Projects/small-projects/NewsImpact/venv/lib64/python3.10/site-packages/airflow/example_dags/example_short_circuit_operator.py
[2025-07-04T12:29:23.145+0530] {processor.py:830} INFO - Processing file /home/tejhanagarajan/Projects/small-projects/NewsImpact/venv/lib64/python3.10/site-packages/airflow/example_dags/example_short_circuit_operator.py for tasks to queue
[2025-07-04T12:29:23.146+0530] {logging_mixin.py:188} INFO - [2025-07-04T12:29:23.145+0530] {dagbag.py:538} INFO - Filling up the DagBag from /home/tejhanagarajan/Projects/small-projects/NewsImpact/venv/lib64/python3.10/site-packages/airflow/example_dags/example_short_circuit_operator.py
[2025-07-04T12:29:23.151+0530] {processor.py:840} INFO - DAG(s) 'example_short_circuit_operator' retrieved from /home/tejhanagarajan/Projects/small-projects/NewsImpact/venv/lib64/python3.10/site-packages/airflow/example_dags/example_short_circuit_operator.py
[2025-07-04T12:29:23.159+0530] {logging_mixin.py:188} INFO - [2025-07-04T12:29:23.159+0530] {dag.py:3036} INFO - Sync 1 DAGs
[2025-07-04T12:29:23.167+0530] {logging_mixin.py:188} INFO - [2025-07-04T12:29:23.167+0530] {dag.py:3823} INFO - Setting next_dagrun for example_short_circuit_operator to 2025-07-03 00:00:00+00:00, run_after=2025-07-04 00:00:00+00:00
[2025-07-04T12:29:23.184+0530] {processor.py:183} INFO - Processing /home/tejhanagarajan/Projects/small-projects/NewsImpact/venv/lib64/python3.10/site-packages/airflow/example_dags/example_short_circuit_operator.py took 0.045 seconds
[2025-07-04T12:30:11.105+0530] {processor.py:161} INFO - Started process (PID=26874) to work on /home/tejhanagarajan/Projects/small-projects/NewsImpact/venv/lib64/python3.10/site-packages/airflow/example_dags/example_short_circuit_operator.py
[2025-07-04T12:30:11.107+0530] {processor.py:830} INFO - Processing file /home/tejhanagarajan/Projects/small-projects/NewsImpact/venv/lib64/python3.10/site-packages/airflow/example_dags/example_short_circuit_operator.py for tasks to queue
[2025-07-04T12:30:11.108+0530] {logging_mixin.py:188} INFO - [2025-07-04T12:30:11.107+0530] {dagbag.py:538} INFO - Filling up the DagBag from /home/tejhanagarajan/Projects/small-projects/NewsImpact/venv/lib64/python3.10/site-packages/airflow/example_dags/example_short_circuit_operator.py
[2025-07-04T12:30:11.113+0530] {processor.py:840} INFO - DAG(s) 'example_short_circuit_operator' retrieved from /home/tejhanagarajan/Projects/small-projects/NewsImpact/venv/lib64/python3.10/site-packages/airflow/example_dags/example_short_circuit_operator.py
[2025-07-04T12:30:11.122+0530] {logging_mixin.py:188} INFO - [2025-07-04T12:30:11.122+0530] {dag.py:3036} INFO - Sync 1 DAGs
[2025-07-04T12:30:11.130+0530] {logging_mixin.py:188} INFO - [2025-07-04T12:30:11.130+0530] {dag.py:3823} INFO - Setting next_dagrun for example_short_circuit_operator to 2025-07-03 00:00:00+00:00, run_after=2025-07-04 00:00:00+00:00
[2025-07-04T12:30:11.146+0530] {processor.py:183} INFO - Processing /home/tejhanagarajan/Projects/small-projects/NewsImpact/venv/lib64/python3.10/site-packages/airflow/example_dags/example_short_circuit_operator.py took 0.043 seconds
[2025-07-04T12:30:49.792+0530] {processor.py:161} INFO - Started process (PID=27141) to work on /home/tejhanagarajan/Projects/small-projects/NewsImpact/venv/lib64/python3.10/site-packages/airflow/example_dags/example_short_circuit_operator.py
[2025-07-04T12:30:49.795+0530] {processor.py:830} INFO - Processing file /home/tejhanagarajan/Projects/small-projects/NewsImpact/venv/lib64/python3.10/site-packages/airflow/example_dags/example_short_circuit_operator.py for tasks to queue
[2025-07-04T12:30:49.795+0530] {logging_mixin.py:188} INFO - [2025-07-04T12:30:49.795+0530] {dagbag.py:538} INFO - Filling up the DagBag from /home/tejhanagarajan/Projects/small-projects/NewsImpact/venv/lib64/python3.10/site-packages/airflow/example_dags/example_short_circuit_operator.py
[2025-07-04T12:30:49.802+0530] {processor.py:840} INFO - DAG(s) 'example_short_circuit_operator' retrieved from /home/tejhanagarajan/Projects/small-projects/NewsImpact/venv/lib64/python3.10/site-packages/airflow/example_dags/example_short_circuit_operator.py
[2025-07-04T12:30:49.810+0530] {logging_mixin.py:188} INFO - [2025-07-04T12:30:49.810+0530] {dag.py:3036} INFO - Sync 1 DAGs
[2025-07-04T12:30:49.819+0530] {logging_mixin.py:188} INFO - [2025-07-04T12:30:49.819+0530] {dag.py:3823} INFO - Setting next_dagrun for example_short_circuit_operator to 2025-07-03 00:00:00+00:00, run_after=2025-07-04 00:00:00+00:00
[2025-07-04T12:30:49.836+0530] {processor.py:183} INFO - Processing /home/tejhanagarajan/Projects/small-projects/NewsImpact/venv/lib64/python3.10/site-packages/airflow/example_dags/example_short_circuit_operator.py took 0.046 seconds
[2025-07-04T12:33:11.921+0530] {processor.py:161} INFO - Started process (PID=30101) to work on /home/tejhanagarajan/Projects/small-projects/NewsImpact/venv/lib64/python3.10/site-packages/airflow/example_dags/example_short_circuit_operator.py
[2025-07-04T12:33:11.923+0530] {processor.py:830} INFO - Processing file /home/tejhanagarajan/Projects/small-projects/NewsImpact/venv/lib64/python3.10/site-packages/airflow/example_dags/example_short_circuit_operator.py for tasks to queue
[2025-07-04T12:33:11.924+0530] {logging_mixin.py:188} INFO - [2025-07-04T12:33:11.924+0530] {dagbag.py:538} INFO - Filling up the DagBag from /home/tejhanagarajan/Projects/small-projects/NewsImpact/venv/lib64/python3.10/site-packages/airflow/example_dags/example_short_circuit_operator.py
[2025-07-04T12:33:11.927+0530] {processor.py:840} INFO - DAG(s) 'example_short_circuit_operator' retrieved from /home/tejhanagarajan/Projects/small-projects/NewsImpact/venv/lib64/python3.10/site-packages/airflow/example_dags/example_short_circuit_operator.py
[2025-07-04T12:33:11.936+0530] {logging_mixin.py:188} INFO - [2025-07-04T12:33:11.936+0530] {dag.py:3036} INFO - Sync 1 DAGs
[2025-07-04T12:33:11.945+0530] {logging_mixin.py:188} INFO - [2025-07-04T12:33:11.945+0530] {dag.py:3823} INFO - Setting next_dagrun for example_short_circuit_operator to 2025-07-03 00:00:00+00:00, run_after=2025-07-04 00:00:00+00:00
[2025-07-04T12:33:11.960+0530] {processor.py:183} INFO - Processing /home/tejhanagarajan/Projects/small-projects/NewsImpact/venv/lib64/python3.10/site-packages/airflow/example_dags/example_short_circuit_operator.py took 0.041 seconds
[2025-07-04T12:33:58.299+0530] {processor.py:161} INFO - Started process (PID=30452) to work on /home/tejhanagarajan/Projects/small-projects/NewsImpact/venv/lib64/python3.10/site-packages/airflow/example_dags/example_short_circuit_operator.py
[2025-07-04T12:33:58.302+0530] {processor.py:830} INFO - Processing file /home/tejhanagarajan/Projects/small-projects/NewsImpact/venv/lib64/python3.10/site-packages/airflow/example_dags/example_short_circuit_operator.py for tasks to queue
[2025-07-04T12:33:58.303+0530] {logging_mixin.py:188} INFO - [2025-07-04T12:33:58.303+0530] {dagbag.py:538} INFO - Filling up the DagBag from /home/tejhanagarajan/Projects/small-projects/NewsImpact/venv/lib64/python3.10/site-packages/airflow/example_dags/example_short_circuit_operator.py
[2025-07-04T12:33:58.309+0530] {processor.py:840} INFO - DAG(s) 'example_short_circuit_operator' retrieved from /home/tejhanagarajan/Projects/small-projects/NewsImpact/venv/lib64/python3.10/site-packages/airflow/example_dags/example_short_circuit_operator.py
[2025-07-04T12:33:58.318+0530] {logging_mixin.py:188} INFO - [2025-07-04T12:33:58.317+0530] {dag.py:3036} INFO - Sync 1 DAGs
[2025-07-04T12:33:58.326+0530] {logging_mixin.py:188} INFO - [2025-07-04T12:33:58.325+0530] {dag.py:3823} INFO - Setting next_dagrun for example_short_circuit_operator to 2025-07-03 00:00:00+00:00, run_after=2025-07-04 00:00:00+00:00
[2025-07-04T12:33:58.346+0530] {processor.py:183} INFO - Processing /home/tejhanagarajan/Projects/small-projects/NewsImpact/venv/lib64/python3.10/site-packages/airflow/example_dags/example_short_circuit_operator.py took 0.049 seconds
[2025-07-04T12:34:45.226+0530] {processor.py:161} INFO - Started process (PID=31035) to work on /home/tejhanagarajan/Projects/small-projects/NewsImpact/venv/lib64/python3.10/site-packages/airflow/example_dags/example_short_circuit_operator.py
[2025-07-04T12:34:45.229+0530] {processor.py:830} INFO - Processing file /home/tejhanagarajan/Projects/small-projects/NewsImpact/venv/lib64/python3.10/site-packages/airflow/example_dags/example_short_circuit_operator.py for tasks to queue
[2025-07-04T12:34:45.230+0530] {logging_mixin.py:188} INFO - [2025-07-04T12:34:45.229+0530] {dagbag.py:538} INFO - Filling up the DagBag from /home/tejhanagarajan/Projects/small-projects/NewsImpact/venv/lib64/python3.10/site-packages/airflow/example_dags/example_short_circuit_operator.py
[2025-07-04T12:34:45.235+0530] {processor.py:840} INFO - DAG(s) 'example_short_circuit_operator' retrieved from /home/tejhanagarajan/Projects/small-projects/NewsImpact/venv/lib64/python3.10/site-packages/airflow/example_dags/example_short_circuit_operator.py
[2025-07-04T12:34:45.243+0530] {logging_mixin.py:188} INFO - [2025-07-04T12:34:45.243+0530] {dag.py:3036} INFO - Sync 1 DAGs
[2025-07-04T12:34:45.251+0530] {logging_mixin.py:188} INFO - [2025-07-04T12:34:45.251+0530] {dag.py:3823} INFO - Setting next_dagrun for example_short_circuit_operator to 2025-07-03 00:00:00+00:00, run_after=2025-07-04 00:00:00+00:00
[2025-07-04T12:34:45.269+0530] {processor.py:183} INFO - Processing /home/tejhanagarajan/Projects/small-projects/NewsImpact/venv/lib64/python3.10/site-packages/airflow/example_dags/example_short_circuit_operator.py took 0.045 seconds
[2025-07-04T12:35:37.921+0530] {processor.py:161} INFO - Started process (PID=31482) to work on /home/tejhanagarajan/Projects/small-projects/NewsImpact/venv/lib64/python3.10/site-packages/airflow/example_dags/example_short_circuit_operator.py
[2025-07-04T12:35:37.923+0530] {processor.py:830} INFO - Processing file /home/tejhanagarajan/Projects/small-projects/NewsImpact/venv/lib64/python3.10/site-packages/airflow/example_dags/example_short_circuit_operator.py for tasks to queue
[2025-07-04T12:35:37.924+0530] {logging_mixin.py:188} INFO - [2025-07-04T12:35:37.924+0530] {dagbag.py:538} INFO - Filling up the DagBag from /home/tejhanagarajan/Projects/small-projects/NewsImpact/venv/lib64/python3.10/site-packages/airflow/example_dags/example_short_circuit_operator.py
[2025-07-04T12:35:37.930+0530] {processor.py:840} INFO - DAG(s) 'example_short_circuit_operator' retrieved from /home/tejhanagarajan/Projects/small-projects/NewsImpact/venv/lib64/python3.10/site-packages/airflow/example_dags/example_short_circuit_operator.py
[2025-07-04T12:35:37.938+0530] {logging_mixin.py:188} INFO - [2025-07-04T12:35:37.938+0530] {dag.py:3036} INFO - Sync 1 DAGs
[2025-07-04T12:35:37.946+0530] {logging_mixin.py:188} INFO - [2025-07-04T12:35:37.946+0530] {dag.py:3823} INFO - Setting next_dagrun for example_short_circuit_operator to 2025-07-03 00:00:00+00:00, run_after=2025-07-04 00:00:00+00:00
[2025-07-04T12:35:37.962+0530] {processor.py:183} INFO - Processing /home/tejhanagarajan/Projects/small-projects/NewsImpact/venv/lib64/python3.10/site-packages/airflow/example_dags/example_short_circuit_operator.py took 0.043 seconds
[2025-07-04T12:36:32.708+0530] {processor.py:161} INFO - Started process (PID=31884) to work on /home/tejhanagarajan/Projects/small-projects/NewsImpact/venv/lib64/python3.10/site-packages/airflow/example_dags/example_short_circuit_operator.py
[2025-07-04T12:36:32.710+0530] {processor.py:830} INFO - Processing file /home/tejhanagarajan/Projects/small-projects/NewsImpact/venv/lib64/python3.10/site-packages/airflow/example_dags/example_short_circuit_operator.py for tasks to queue
[2025-07-04T12:36:32.711+0530] {logging_mixin.py:188} INFO - [2025-07-04T12:36:32.711+0530] {dagbag.py:538} INFO - Filling up the DagBag from /home/tejhanagarajan/Projects/small-projects/NewsImpact/venv/lib64/python3.10/site-packages/airflow/example_dags/example_short_circuit_operator.py
[2025-07-04T12:36:32.717+0530] {processor.py:840} INFO - DAG(s) 'example_short_circuit_operator' retrieved from /home/tejhanagarajan/Projects/small-projects/NewsImpact/venv/lib64/python3.10/site-packages/airflow/example_dags/example_short_circuit_operator.py
[2025-07-04T12:36:32.727+0530] {logging_mixin.py:188} INFO - [2025-07-04T12:36:32.727+0530] {dag.py:3036} INFO - Sync 1 DAGs
[2025-07-04T12:36:32.737+0530] {logging_mixin.py:188} INFO - [2025-07-04T12:36:32.736+0530] {dag.py:3823} INFO - Setting next_dagrun for example_short_circuit_operator to 2025-07-03 00:00:00+00:00, run_after=2025-07-04 00:00:00+00:00
[2025-07-04T12:36:32.753+0530] {processor.py:183} INFO - Processing /home/tejhanagarajan/Projects/small-projects/NewsImpact/venv/lib64/python3.10/site-packages/airflow/example_dags/example_short_circuit_operator.py took 0.047 seconds
[2025-07-04T12:37:20.651+0530] {processor.py:161} INFO - Started process (PID=32370) to work on /home/tejhanagarajan/Projects/small-projects/NewsImpact/venv/lib64/python3.10/site-packages/airflow/example_dags/example_short_circuit_operator.py
[2025-07-04T12:37:20.653+0530] {processor.py:830} INFO - Processing file /home/tejhanagarajan/Projects/small-projects/NewsImpact/venv/lib64/python3.10/site-packages/airflow/example_dags/example_short_circuit_operator.py for tasks to queue
[2025-07-04T12:37:20.654+0530] {logging_mixin.py:188} INFO - [2025-07-04T12:37:20.653+0530] {dagbag.py:538} INFO - Filling up the DagBag from /home/tejhanagarajan/Projects/small-projects/NewsImpact/venv/lib64/python3.10/site-packages/airflow/example_dags/example_short_circuit_operator.py
[2025-07-04T12:37:20.658+0530] {processor.py:840} INFO - DAG(s) 'example_short_circuit_operator' retrieved from /home/tejhanagarajan/Projects/small-projects/NewsImpact/venv/lib64/python3.10/site-packages/airflow/example_dags/example_short_circuit_operator.py
[2025-07-04T12:37:20.665+0530] {logging_mixin.py:188} INFO - [2025-07-04T12:37:20.665+0530] {dag.py:3036} INFO - Sync 1 DAGs
[2025-07-04T12:37:20.674+0530] {logging_mixin.py:188} INFO - [2025-07-04T12:37:20.674+0530] {dag.py:3823} INFO - Setting next_dagrun for example_short_circuit_operator to 2025-07-03 00:00:00+00:00, run_after=2025-07-04 00:00:00+00:00
[2025-07-04T12:37:20.691+0530] {processor.py:183} INFO - Processing /home/tejhanagarajan/Projects/small-projects/NewsImpact/venv/lib64/python3.10/site-packages/airflow/example_dags/example_short_circuit_operator.py took 0.041 seconds
[2025-07-04T12:38:10.840+0530] {processor.py:161} INFO - Started process (PID=34770) to work on /home/tejhanagarajan/Projects/small-projects/NewsImpact/venv/lib64/python3.10/site-packages/airflow/example_dags/example_short_circuit_operator.py
[2025-07-04T12:38:10.843+0530] {processor.py:830} INFO - Processing file /home/tejhanagarajan/Projects/small-projects/NewsImpact/venv/lib64/python3.10/site-packages/airflow/example_dags/example_short_circuit_operator.py for tasks to queue
[2025-07-04T12:38:10.843+0530] {logging_mixin.py:188} INFO - [2025-07-04T12:38:10.843+0530] {dagbag.py:538} INFO - Filling up the DagBag from /home/tejhanagarajan/Projects/small-projects/NewsImpact/venv/lib64/python3.10/site-packages/airflow/example_dags/example_short_circuit_operator.py
[2025-07-04T12:38:10.847+0530] {processor.py:840} INFO - DAG(s) 'example_short_circuit_operator' retrieved from /home/tejhanagarajan/Projects/small-projects/NewsImpact/venv/lib64/python3.10/site-packages/airflow/example_dags/example_short_circuit_operator.py
[2025-07-04T12:38:10.855+0530] {logging_mixin.py:188} INFO - [2025-07-04T12:38:10.855+0530] {dag.py:3036} INFO - Sync 1 DAGs
[2025-07-04T12:38:10.863+0530] {logging_mixin.py:188} INFO - [2025-07-04T12:38:10.863+0530] {dag.py:3823} INFO - Setting next_dagrun for example_short_circuit_operator to 2025-07-03 00:00:00+00:00, run_after=2025-07-04 00:00:00+00:00
[2025-07-04T12:38:10.882+0530] {processor.py:183} INFO - Processing /home/tejhanagarajan/Projects/small-projects/NewsImpact/venv/lib64/python3.10/site-packages/airflow/example_dags/example_short_circuit_operator.py took 0.044 seconds
[2025-07-04T12:38:13.993+0530] {processor.py:161} INFO - Started process (PID=34798) to work on /home/tejhanagarajan/Projects/small-projects/NewsImpact/venv/lib64/python3.10/site-packages/airflow/example_dags/example_short_circuit_operator.py
[2025-07-04T12:38:13.994+0530] {processor.py:830} INFO - Processing file /home/tejhanagarajan/Projects/small-projects/NewsImpact/venv/lib64/python3.10/site-packages/airflow/example_dags/example_short_circuit_operator.py for tasks to queue
[2025-07-04T12:38:13.995+0530] {logging_mixin.py:188} INFO - [2025-07-04T12:38:13.995+0530] {dagbag.py:538} INFO - Filling up the DagBag from /home/tejhanagarajan/Projects/small-projects/NewsImpact/venv/lib64/python3.10/site-packages/airflow/example_dags/example_short_circuit_operator.py
[2025-07-04T12:38:14.003+0530] {processor.py:840} INFO - DAG(s) 'example_short_circuit_operator' retrieved from /home/tejhanagarajan/Projects/small-projects/NewsImpact/venv/lib64/python3.10/site-packages/airflow/example_dags/example_short_circuit_operator.py
[2025-07-04T12:38:14.014+0530] {logging_mixin.py:188} INFO - [2025-07-04T12:38:14.014+0530] {dag.py:3036} INFO - Sync 1 DAGs
[2025-07-04T12:38:14.022+0530] {logging_mixin.py:188} INFO - [2025-07-04T12:38:14.022+0530] {dag.py:3823} INFO - Setting next_dagrun for example_short_circuit_operator to 2025-07-03 00:00:00+00:00, run_after=2025-07-04 00:00:00+00:00
[2025-07-04T12:38:14.040+0530] {processor.py:183} INFO - Processing /home/tejhanagarajan/Projects/small-projects/NewsImpact/venv/lib64/python3.10/site-packages/airflow/example_dags/example_short_circuit_operator.py took 0.049 seconds
[2025-07-04T12:39:00.888+0530] {processor.py:161} INFO - Started process (PID=35198) to work on /home/tejhanagarajan/Projects/small-projects/NewsImpact/venv/lib64/python3.10/site-packages/airflow/example_dags/example_short_circuit_operator.py
[2025-07-04T12:39:00.890+0530] {processor.py:830} INFO - Processing file /home/tejhanagarajan/Projects/small-projects/NewsImpact/venv/lib64/python3.10/site-packages/airflow/example_dags/example_short_circuit_operator.py for tasks to queue
[2025-07-04T12:39:00.890+0530] {logging_mixin.py:188} INFO - [2025-07-04T12:39:00.890+0530] {dagbag.py:538} INFO - Filling up the DagBag from /home/tejhanagarajan/Projects/small-projects/NewsImpact/venv/lib64/python3.10/site-packages/airflow/example_dags/example_short_circuit_operator.py
[2025-07-04T12:39:00.896+0530] {processor.py:840} INFO - DAG(s) 'example_short_circuit_operator' retrieved from /home/tejhanagarajan/Projects/small-projects/NewsImpact/venv/lib64/python3.10/site-packages/airflow/example_dags/example_short_circuit_operator.py
[2025-07-04T12:39:00.905+0530] {logging_mixin.py:188} INFO - [2025-07-04T12:39:00.905+0530] {dag.py:3036} INFO - Sync 1 DAGs
[2025-07-04T12:39:00.914+0530] {logging_mixin.py:188} INFO - [2025-07-04T12:39:00.914+0530] {dag.py:3823} INFO - Setting next_dagrun for example_short_circuit_operator to 2025-07-03 00:00:00+00:00, run_after=2025-07-04 00:00:00+00:00
[2025-07-04T12:39:00.931+0530] {processor.py:183} INFO - Processing /home/tejhanagarajan/Projects/small-projects/NewsImpact/venv/lib64/python3.10/site-packages/airflow/example_dags/example_short_circuit_operator.py took 0.045 seconds
[2025-07-04T12:39:00.976+0530] {processor.py:161} INFO - Started process (PID=35199) to work on /home/tejhanagarajan/Projects/small-projects/NewsImpact/venv/lib64/python3.10/site-packages/airflow/example_dags/example_short_circuit_operator.py
[2025-07-04T12:39:00.977+0530] {processor.py:830} INFO - Processing file /home/tejhanagarajan/Projects/small-projects/NewsImpact/venv/lib64/python3.10/site-packages/airflow/example_dags/example_short_circuit_operator.py for tasks to queue
[2025-07-04T12:39:00.977+0530] {logging_mixin.py:188} INFO - [2025-07-04T12:39:00.977+0530] {dagbag.py:538} INFO - Filling up the DagBag from /home/tejhanagarajan/Projects/small-projects/NewsImpact/venv/lib64/python3.10/site-packages/airflow/example_dags/example_short_circuit_operator.py
[2025-07-04T12:39:00.981+0530] {processor.py:840} INFO - DAG(s) 'example_short_circuit_operator' retrieved from /home/tejhanagarajan/Projects/small-projects/NewsImpact/venv/lib64/python3.10/site-packages/airflow/example_dags/example_short_circuit_operator.py
[2025-07-04T12:39:00.990+0530] {logging_mixin.py:188} INFO - [2025-07-04T12:39:00.989+0530] {dag.py:3036} INFO - Sync 1 DAGs
[2025-07-04T12:39:00.998+0530] {logging_mixin.py:188} INFO - [2025-07-04T12:39:00.998+0530] {dag.py:3823} INFO - Setting next_dagrun for example_short_circuit_operator to 2025-07-03 00:00:00+00:00, run_after=2025-07-04 00:00:00+00:00
[2025-07-04T12:39:01.016+0530] {processor.py:183} INFO - Processing /home/tejhanagarajan/Projects/small-projects/NewsImpact/venv/lib64/python3.10/site-packages/airflow/example_dags/example_short_circuit_operator.py took 0.041 seconds
[2025-07-04T12:39:48.424+0530] {processor.py:161} INFO - Started process (PID=35652) to work on /home/tejhanagarajan/Projects/small-projects/NewsImpact/venv/lib64/python3.10/site-packages/airflow/example_dags/example_short_circuit_operator.py
[2025-07-04T12:39:48.427+0530] {processor.py:830} INFO - Processing file /home/tejhanagarajan/Projects/small-projects/NewsImpact/venv/lib64/python3.10/site-packages/airflow/example_dags/example_short_circuit_operator.py for tasks to queue
[2025-07-04T12:39:48.427+0530] {logging_mixin.py:188} INFO - [2025-07-04T12:39:48.427+0530] {dagbag.py:538} INFO - Filling up the DagBag from /home/tejhanagarajan/Projects/small-projects/NewsImpact/venv/lib64/python3.10/site-packages/airflow/example_dags/example_short_circuit_operator.py
[2025-07-04T12:39:48.431+0530] {processor.py:840} INFO - DAG(s) 'example_short_circuit_operator' retrieved from /home/tejhanagarajan/Projects/small-projects/NewsImpact/venv/lib64/python3.10/site-packages/airflow/example_dags/example_short_circuit_operator.py
[2025-07-04T12:39:48.443+0530] {logging_mixin.py:188} INFO - [2025-07-04T12:39:48.443+0530] {dag.py:3036} INFO - Sync 1 DAGs
[2025-07-04T12:39:48.452+0530] {logging_mixin.py:188} INFO - [2025-07-04T12:39:48.451+0530] {dag.py:3823} INFO - Setting next_dagrun for example_short_circuit_operator to 2025-07-03 00:00:00+00:00, run_after=2025-07-04 00:00:00+00:00
[2025-07-04T12:39:48.480+0530] {processor.py:183} INFO - Processing /home/tejhanagarajan/Projects/small-projects/NewsImpact/venv/lib64/python3.10/site-packages/airflow/example_dags/example_short_circuit_operator.py took 0.057 seconds
[2025-07-04T12:39:55.170+0530] {processor.py:161} INFO - Started process (PID=35891) to work on /home/tejhanagarajan/Projects/small-projects/NewsImpact/venv/lib64/python3.10/site-packages/airflow/example_dags/example_short_circuit_operator.py
[2025-07-04T12:39:55.171+0530] {processor.py:830} INFO - Processing file /home/tejhanagarajan/Projects/small-projects/NewsImpact/venv/lib64/python3.10/site-packages/airflow/example_dags/example_short_circuit_operator.py for tasks to queue
[2025-07-04T12:39:55.171+0530] {logging_mixin.py:188} INFO - [2025-07-04T12:39:55.171+0530] {dagbag.py:538} INFO - Filling up the DagBag from /home/tejhanagarajan/Projects/small-projects/NewsImpact/venv/lib64/python3.10/site-packages/airflow/example_dags/example_short_circuit_operator.py
[2025-07-04T12:39:55.175+0530] {processor.py:840} INFO - DAG(s) 'example_short_circuit_operator' retrieved from /home/tejhanagarajan/Projects/small-projects/NewsImpact/venv/lib64/python3.10/site-packages/airflow/example_dags/example_short_circuit_operator.py
[2025-07-04T12:39:55.184+0530] {logging_mixin.py:188} INFO - [2025-07-04T12:39:55.184+0530] {dag.py:3036} INFO - Sync 1 DAGs
[2025-07-04T12:39:55.193+0530] {logging_mixin.py:188} INFO - [2025-07-04T12:39:55.193+0530] {dag.py:3823} INFO - Setting next_dagrun for example_short_circuit_operator to 2025-07-03 00:00:00+00:00, run_after=2025-07-04 00:00:00+00:00
[2025-07-04T12:39:55.210+0530] {processor.py:183} INFO - Processing /home/tejhanagarajan/Projects/small-projects/NewsImpact/venv/lib64/python3.10/site-packages/airflow/example_dags/example_short_circuit_operator.py took 0.042 seconds
[2025-07-04T12:42:15.512+0530] {processor.py:161} INFO - Started process (PID=37891) to work on /home/tejhanagarajan/Projects/small-projects/NewsImpact/venv/lib64/python3.10/site-packages/airflow/example_dags/example_short_circuit_operator.py
[2025-07-04T12:42:15.514+0530] {processor.py:830} INFO - Processing file /home/tejhanagarajan/Projects/small-projects/NewsImpact/venv/lib64/python3.10/site-packages/airflow/example_dags/example_short_circuit_operator.py for tasks to queue
[2025-07-04T12:42:15.515+0530] {logging_mixin.py:188} INFO - [2025-07-04T12:42:15.515+0530] {dagbag.py:538} INFO - Filling up the DagBag from /home/tejhanagarajan/Projects/small-projects/NewsImpact/venv/lib64/python3.10/site-packages/airflow/example_dags/example_short_circuit_operator.py
[2025-07-04T12:42:15.521+0530] {processor.py:840} INFO - DAG(s) 'example_short_circuit_operator' retrieved from /home/tejhanagarajan/Projects/small-projects/NewsImpact/venv/lib64/python3.10/site-packages/airflow/example_dags/example_short_circuit_operator.py
[2025-07-04T12:42:15.532+0530] {logging_mixin.py:188} INFO - [2025-07-04T12:42:15.532+0530] {dag.py:3036} INFO - Sync 1 DAGs
[2025-07-04T12:42:15.541+0530] {logging_mixin.py:188} INFO - [2025-07-04T12:42:15.541+0530] {dag.py:3823} INFO - Setting next_dagrun for example_short_circuit_operator to 2025-07-03 00:00:00+00:00, run_after=2025-07-04 00:00:00+00:00
[2025-07-04T12:42:15.556+0530] {processor.py:183} INFO - Processing /home/tejhanagarajan/Projects/small-projects/NewsImpact/venv/lib64/python3.10/site-packages/airflow/example_dags/example_short_circuit_operator.py took 0.047 seconds
[2025-07-04T12:43:01.245+0530] {processor.py:161} INFO - Started process (PID=38237) to work on /home/tejhanagarajan/Projects/small-projects/NewsImpact/venv/lib64/python3.10/site-packages/airflow/example_dags/example_short_circuit_operator.py
[2025-07-04T12:43:01.246+0530] {processor.py:830} INFO - Processing file /home/tejhanagarajan/Projects/small-projects/NewsImpact/venv/lib64/python3.10/site-packages/airflow/example_dags/example_short_circuit_operator.py for tasks to queue
[2025-07-04T12:43:01.247+0530] {logging_mixin.py:188} INFO - [2025-07-04T12:43:01.247+0530] {dagbag.py:538} INFO - Filling up the DagBag from /home/tejhanagarajan/Projects/small-projects/NewsImpact/venv/lib64/python3.10/site-packages/airflow/example_dags/example_short_circuit_operator.py
[2025-07-04T12:43:01.253+0530] {processor.py:840} INFO - DAG(s) 'example_short_circuit_operator' retrieved from /home/tejhanagarajan/Projects/small-projects/NewsImpact/venv/lib64/python3.10/site-packages/airflow/example_dags/example_short_circuit_operator.py
[2025-07-04T12:43:01.261+0530] {logging_mixin.py:188} INFO - [2025-07-04T12:43:01.261+0530] {dag.py:3036} INFO - Sync 1 DAGs
[2025-07-04T12:43:01.269+0530] {logging_mixin.py:188} INFO - [2025-07-04T12:43:01.269+0530] {dag.py:3823} INFO - Setting next_dagrun for example_short_circuit_operator to 2025-07-03 00:00:00+00:00, run_after=2025-07-04 00:00:00+00:00
[2025-07-04T12:43:01.284+0530] {processor.py:183} INFO - Processing /home/tejhanagarajan/Projects/small-projects/NewsImpact/venv/lib64/python3.10/site-packages/airflow/example_dags/example_short_circuit_operator.py took 0.041 seconds
[2025-07-04T12:43:49.431+0530] {processor.py:161} INFO - Started process (PID=38635) to work on /home/tejhanagarajan/Projects/small-projects/NewsImpact/venv/lib64/python3.10/site-packages/airflow/example_dags/example_short_circuit_operator.py
[2025-07-04T12:43:49.433+0530] {processor.py:830} INFO - Processing file /home/tejhanagarajan/Projects/small-projects/NewsImpact/venv/lib64/python3.10/site-packages/airflow/example_dags/example_short_circuit_operator.py for tasks to queue
[2025-07-04T12:43:49.434+0530] {logging_mixin.py:188} INFO - [2025-07-04T12:43:49.434+0530] {dagbag.py:538} INFO - Filling up the DagBag from /home/tejhanagarajan/Projects/small-projects/NewsImpact/venv/lib64/python3.10/site-packages/airflow/example_dags/example_short_circuit_operator.py
[2025-07-04T12:43:49.439+0530] {processor.py:840} INFO - DAG(s) 'example_short_circuit_operator' retrieved from /home/tejhanagarajan/Projects/small-projects/NewsImpact/venv/lib64/python3.10/site-packages/airflow/example_dags/example_short_circuit_operator.py
[2025-07-04T12:43:49.448+0530] {logging_mixin.py:188} INFO - [2025-07-04T12:43:49.448+0530] {dag.py:3036} INFO - Sync 1 DAGs
[2025-07-04T12:43:49.456+0530] {logging_mixin.py:188} INFO - [2025-07-04T12:43:49.456+0530] {dag.py:3823} INFO - Setting next_dagrun for example_short_circuit_operator to 2025-07-03 00:00:00+00:00, run_after=2025-07-04 00:00:00+00:00
[2025-07-04T12:43:49.473+0530] {processor.py:183} INFO - Processing /home/tejhanagarajan/Projects/small-projects/NewsImpact/venv/lib64/python3.10/site-packages/airflow/example_dags/example_short_circuit_operator.py took 0.044 seconds
[2025-07-04T12:44:40.888+0530] {processor.py:161} INFO - Started process (PID=39004) to work on /home/tejhanagarajan/Projects/small-projects/NewsImpact/venv/lib64/python3.10/site-packages/airflow/example_dags/example_short_circuit_operator.py
[2025-07-04T12:44:40.892+0530] {processor.py:830} INFO - Processing file /home/tejhanagarajan/Projects/small-projects/NewsImpact/venv/lib64/python3.10/site-packages/airflow/example_dags/example_short_circuit_operator.py for tasks to queue
[2025-07-04T12:44:40.893+0530] {logging_mixin.py:188} INFO - [2025-07-04T12:44:40.893+0530] {dagbag.py:538} INFO - Filling up the DagBag from /home/tejhanagarajan/Projects/small-projects/NewsImpact/venv/lib64/python3.10/site-packages/airflow/example_dags/example_short_circuit_operator.py
[2025-07-04T12:44:40.897+0530] {processor.py:840} INFO - DAG(s) 'example_short_circuit_operator' retrieved from /home/tejhanagarajan/Projects/small-projects/NewsImpact/venv/lib64/python3.10/site-packages/airflow/example_dags/example_short_circuit_operator.py
[2025-07-04T12:44:40.904+0530] {logging_mixin.py:188} INFO - [2025-07-04T12:44:40.904+0530] {dag.py:3036} INFO - Sync 1 DAGs
[2025-07-04T12:44:40.913+0530] {logging_mixin.py:188} INFO - [2025-07-04T12:44:40.912+0530] {dag.py:3823} INFO - Setting next_dagrun for example_short_circuit_operator to 2025-07-03 00:00:00+00:00, run_after=2025-07-04 00:00:00+00:00
[2025-07-04T12:44:40.928+0530] {processor.py:183} INFO - Processing /home/tejhanagarajan/Projects/small-projects/NewsImpact/venv/lib64/python3.10/site-packages/airflow/example_dags/example_short_circuit_operator.py took 0.044 seconds
[2025-07-04T12:45:32.446+0530] {processor.py:161} INFO - Started process (PID=39376) to work on /home/tejhanagarajan/Projects/small-projects/NewsImpact/venv/lib64/python3.10/site-packages/airflow/example_dags/example_short_circuit_operator.py
[2025-07-04T12:45:32.448+0530] {processor.py:830} INFO - Processing file /home/tejhanagarajan/Projects/small-projects/NewsImpact/venv/lib64/python3.10/site-packages/airflow/example_dags/example_short_circuit_operator.py for tasks to queue
[2025-07-04T12:45:32.449+0530] {logging_mixin.py:188} INFO - [2025-07-04T12:45:32.449+0530] {dagbag.py:538} INFO - Filling up the DagBag from /home/tejhanagarajan/Projects/small-projects/NewsImpact/venv/lib64/python3.10/site-packages/airflow/example_dags/example_short_circuit_operator.py
[2025-07-04T12:45:32.452+0530] {processor.py:840} INFO - DAG(s) 'example_short_circuit_operator' retrieved from /home/tejhanagarajan/Projects/small-projects/NewsImpact/venv/lib64/python3.10/site-packages/airflow/example_dags/example_short_circuit_operator.py
[2025-07-04T12:45:32.460+0530] {logging_mixin.py:188} INFO - [2025-07-04T12:45:32.460+0530] {dag.py:3036} INFO - Sync 1 DAGs
[2025-07-04T12:45:32.467+0530] {logging_mixin.py:188} INFO - [2025-07-04T12:45:32.467+0530] {dag.py:3823} INFO - Setting next_dagrun for example_short_circuit_operator to 2025-07-03 00:00:00+00:00, run_after=2025-07-04 00:00:00+00:00
[2025-07-04T12:45:32.484+0530] {processor.py:183} INFO - Processing /home/tejhanagarajan/Projects/small-projects/NewsImpact/venv/lib64/python3.10/site-packages/airflow/example_dags/example_short_circuit_operator.py took 0.039 seconds
[2025-07-04T12:46:26.282+0530] {processor.py:161} INFO - Started process (PID=39766) to work on /home/tejhanagarajan/Projects/small-projects/NewsImpact/venv/lib64/python3.10/site-packages/airflow/example_dags/example_short_circuit_operator.py
[2025-07-04T12:46:26.285+0530] {processor.py:830} INFO - Processing file /home/tejhanagarajan/Projects/small-projects/NewsImpact/venv/lib64/python3.10/site-packages/airflow/example_dags/example_short_circuit_operator.py for tasks to queue
[2025-07-04T12:46:26.285+0530] {logging_mixin.py:188} INFO - [2025-07-04T12:46:26.285+0530] {dagbag.py:538} INFO - Filling up the DagBag from /home/tejhanagarajan/Projects/small-projects/NewsImpact/venv/lib64/python3.10/site-packages/airflow/example_dags/example_short_circuit_operator.py
[2025-07-04T12:46:26.288+0530] {processor.py:840} INFO - DAG(s) 'example_short_circuit_operator' retrieved from /home/tejhanagarajan/Projects/small-projects/NewsImpact/venv/lib64/python3.10/site-packages/airflow/example_dags/example_short_circuit_operator.py
[2025-07-04T12:46:26.296+0530] {logging_mixin.py:188} INFO - [2025-07-04T12:46:26.296+0530] {dag.py:3036} INFO - Sync 1 DAGs
[2025-07-04T12:46:26.304+0530] {logging_mixin.py:188} INFO - [2025-07-04T12:46:26.304+0530] {dag.py:3823} INFO - Setting next_dagrun for example_short_circuit_operator to 2025-07-03 00:00:00+00:00, run_after=2025-07-04 00:00:00+00:00
[2025-07-04T12:46:26.320+0530] {processor.py:183} INFO - Processing /home/tejhanagarajan/Projects/small-projects/NewsImpact/venv/lib64/python3.10/site-packages/airflow/example_dags/example_short_circuit_operator.py took 0.039 seconds
[2025-07-04T12:47:18.807+0530] {processor.py:161} INFO - Started process (PID=40150) to work on /home/tejhanagarajan/Projects/small-projects/NewsImpact/venv/lib64/python3.10/site-packages/airflow/example_dags/example_short_circuit_operator.py
[2025-07-04T12:47:18.809+0530] {processor.py:830} INFO - Processing file /home/tejhanagarajan/Projects/small-projects/NewsImpact/venv/lib64/python3.10/site-packages/airflow/example_dags/example_short_circuit_operator.py for tasks to queue
[2025-07-04T12:47:18.810+0530] {logging_mixin.py:188} INFO - [2025-07-04T12:47:18.809+0530] {dagbag.py:538} INFO - Filling up the DagBag from /home/tejhanagarajan/Projects/small-projects/NewsImpact/venv/lib64/python3.10/site-packages/airflow/example_dags/example_short_circuit_operator.py
[2025-07-04T12:47:18.817+0530] {processor.py:840} INFO - DAG(s) 'example_short_circuit_operator' retrieved from /home/tejhanagarajan/Projects/small-projects/NewsImpact/venv/lib64/python3.10/site-packages/airflow/example_dags/example_short_circuit_operator.py
[2025-07-04T12:47:18.825+0530] {logging_mixin.py:188} INFO - [2025-07-04T12:47:18.825+0530] {dag.py:3036} INFO - Sync 1 DAGs
[2025-07-04T12:47:18.833+0530] {logging_mixin.py:188} INFO - [2025-07-04T12:47:18.833+0530] {dag.py:3823} INFO - Setting next_dagrun for example_short_circuit_operator to 2025-07-03 00:00:00+00:00, run_after=2025-07-04 00:00:00+00:00
[2025-07-04T12:47:18.849+0530] {processor.py:183} INFO - Processing /home/tejhanagarajan/Projects/small-projects/NewsImpact/venv/lib64/python3.10/site-packages/airflow/example_dags/example_short_circuit_operator.py took 0.044 seconds
[2025-07-04T12:48:07.932+0530] {processor.py:161} INFO - Started process (PID=40528) to work on /home/tejhanagarajan/Projects/small-projects/NewsImpact/venv/lib64/python3.10/site-packages/airflow/example_dags/example_short_circuit_operator.py
[2025-07-04T12:48:07.934+0530] {processor.py:830} INFO - Processing file /home/tejhanagarajan/Projects/small-projects/NewsImpact/venv/lib64/python3.10/site-packages/airflow/example_dags/example_short_circuit_operator.py for tasks to queue
[2025-07-04T12:48:07.935+0530] {logging_mixin.py:188} INFO - [2025-07-04T12:48:07.935+0530] {dagbag.py:538} INFO - Filling up the DagBag from /home/tejhanagarajan/Projects/small-projects/NewsImpact/venv/lib64/python3.10/site-packages/airflow/example_dags/example_short_circuit_operator.py
[2025-07-04T12:48:07.940+0530] {processor.py:840} INFO - DAG(s) 'example_short_circuit_operator' retrieved from /home/tejhanagarajan/Projects/small-projects/NewsImpact/venv/lib64/python3.10/site-packages/airflow/example_dags/example_short_circuit_operator.py
[2025-07-04T12:48:07.947+0530] {logging_mixin.py:188} INFO - [2025-07-04T12:48:07.947+0530] {dag.py:3036} INFO - Sync 1 DAGs
[2025-07-04T12:48:07.955+0530] {logging_mixin.py:188} INFO - [2025-07-04T12:48:07.955+0530] {dag.py:3823} INFO - Setting next_dagrun for example_short_circuit_operator to 2025-07-03 00:00:00+00:00, run_after=2025-07-04 00:00:00+00:00
[2025-07-04T12:48:07.971+0530] {processor.py:183} INFO - Processing /home/tejhanagarajan/Projects/small-projects/NewsImpact/venv/lib64/python3.10/site-packages/airflow/example_dags/example_short_circuit_operator.py took 0.041 seconds
