[2025-07-04T12:26:39.837+0530] {processor.py:161} INFO - Started process (PID=25184) to work on /home/tejhanagarajan/Projects/small-projects/NewsImpact/venv/lib64/python3.10/site-packages/airflow/example_dags/example_task_group_decorator.py
[2025-07-04T12:26:39.837+0530] {processor.py:830} INFO - Processing file /home/tejhanagarajan/Projects/small-projects/NewsImpact/venv/lib64/python3.10/site-packages/airflow/example_dags/example_task_group_decorator.py for tasks to queue
[2025-07-04T12:26:39.838+0530] {logging_mixin.py:188} INFO - [2025-07-04T12:26:39.837+0530] {dagbag.py:538} INFO - Filling up the DagBag from /home/tejhanagarajan/Projects/small-projects/NewsImpact/venv/lib64/python3.10/site-packages/airflow/example_dags/example_task_group_decorator.py
[2025-07-04T12:26:39.845+0530] {processor.py:840} INFO - DAG(s) 'example_task_group_decorator' retrieved from /home/tejhanagarajan/Projects/small-projects/NewsImpact/venv/lib64/python3.10/site-packages/airflow/example_dags/example_task_group_decorator.py
[2025-07-04T12:26:39.904+0530] {logging_mixin.py:188} INFO - [2025-07-04T12:26:39.903+0530] {override.py:1769} INFO - Created Permission View: can read on DAG:example_task_group_decorator
[2025-07-04T12:26:39.915+0530] {logging_mixin.py:188} INFO - [2025-07-04T12:26:39.915+0530] {override.py:1769} INFO - Created Permission View: can edit on DAG:example_task_group_decorator
[2025-07-04T12:26:39.927+0530] {logging_mixin.py:188} INFO - [2025-07-04T12:26:39.927+0530] {override.py:1769} INFO - Created Permission View: can delete on DAG:example_task_group_decorator
[2025-07-04T12:26:39.928+0530] {logging_mixin.py:188} INFO - [2025-07-04T12:26:39.928+0530] {dag.py:3036} INFO - Sync 1 DAGs
[2025-07-04T12:26:39.938+0530] {logging_mixin.py:188} INFO - [2025-07-04T12:26:39.938+0530] {dag.py:3058} INFO - Creating ORM DAG for example_task_group_decorator
[2025-07-04T12:26:39.942+0530] {logging_mixin.py:188} INFO - [2025-07-04T12:26:39.942+0530] {dag.py:3823} INFO - Setting next_dagrun for example_task_group_decorator to 2025-07-03 00:00:00+00:00, run_after=2025-07-04 00:00:00+00:00
[2025-07-04T12:26:39.956+0530] {processor.py:183} INFO - Processing /home/tejhanagarajan/Projects/small-projects/NewsImpact/venv/lib64/python3.10/site-packages/airflow/example_dags/example_task_group_decorator.py took 0.121 seconds
[2025-07-04T12:27:30.961+0530] {processor.py:161} INFO - Started process (PID=25572) to work on /home/tejhanagarajan/Projects/small-projects/NewsImpact/venv/lib64/python3.10/site-packages/airflow/example_dags/example_task_group_decorator.py
[2025-07-04T12:27:30.962+0530] {processor.py:830} INFO - Processing file /home/tejhanagarajan/Projects/small-projects/NewsImpact/venv/lib64/python3.10/site-packages/airflow/example_dags/example_task_group_decorator.py for tasks to queue
[2025-07-04T12:27:30.963+0530] {logging_mixin.py:188} INFO - [2025-07-04T12:27:30.962+0530] {dagbag.py:538} INFO - Filling up the DagBag from /home/tejhanagarajan/Projects/small-projects/NewsImpact/venv/lib64/python3.10/site-packages/airflow/example_dags/example_task_group_decorator.py
[2025-07-04T12:27:30.971+0530] {processor.py:840} INFO - DAG(s) 'example_task_group_decorator' retrieved from /home/tejhanagarajan/Projects/small-projects/NewsImpact/venv/lib64/python3.10/site-packages/airflow/example_dags/example_task_group_decorator.py
[2025-07-04T12:27:30.980+0530] {logging_mixin.py:188} INFO - [2025-07-04T12:27:30.979+0530] {dag.py:3036} INFO - Sync 1 DAGs
[2025-07-04T12:27:30.988+0530] {logging_mixin.py:188} INFO - [2025-07-04T12:27:30.988+0530] {dag.py:3823} INFO - Setting next_dagrun for example_task_group_decorator to 2025-07-03 00:00:00+00:00, run_after=2025-07-04 00:00:00+00:00
[2025-07-04T12:27:31.006+0530] {processor.py:183} INFO - Processing /home/tejhanagarajan/Projects/small-projects/NewsImpact/venv/lib64/python3.10/site-packages/airflow/example_dags/example_task_group_decorator.py took 0.047 seconds
[2025-07-04T12:28:19.141+0530] {processor.py:161} INFO - Started process (PID=25976) to work on /home/tejhanagarajan/Projects/small-projects/NewsImpact/venv/lib64/python3.10/site-packages/airflow/example_dags/example_task_group_decorator.py
[2025-07-04T12:28:19.141+0530] {processor.py:830} INFO - Processing file /home/tejhanagarajan/Projects/small-projects/NewsImpact/venv/lib64/python3.10/site-packages/airflow/example_dags/example_task_group_decorator.py for tasks to queue
[2025-07-04T12:28:19.142+0530] {logging_mixin.py:188} INFO - [2025-07-04T12:28:19.142+0530] {dagbag.py:538} INFO - Filling up the DagBag from /home/tejhanagarajan/Projects/small-projects/NewsImpact/venv/lib64/python3.10/site-packages/airflow/example_dags/example_task_group_decorator.py
[2025-07-04T12:28:19.149+0530] {processor.py:840} INFO - DAG(s) 'example_task_group_decorator' retrieved from /home/tejhanagarajan/Projects/small-projects/NewsImpact/venv/lib64/python3.10/site-packages/airflow/example_dags/example_task_group_decorator.py
[2025-07-04T12:28:19.157+0530] {logging_mixin.py:188} INFO - [2025-07-04T12:28:19.157+0530] {dag.py:3036} INFO - Sync 1 DAGs
[2025-07-04T12:28:19.167+0530] {logging_mixin.py:188} INFO - [2025-07-04T12:28:19.166+0530] {dag.py:3823} INFO - Setting next_dagrun for example_task_group_decorator to 2025-07-03 00:00:00+00:00, run_after=2025-07-04 00:00:00+00:00
[2025-07-04T12:28:19.184+0530] {processor.py:183} INFO - Processing /home/tejhanagarajan/Projects/small-projects/NewsImpact/venv/lib64/python3.10/site-packages/airflow/example_dags/example_task_group_decorator.py took 0.045 seconds
[2025-07-04T12:28:59.182+0530] {processor.py:161} INFO - Started process (PID=26301) to work on /home/tejhanagarajan/Projects/small-projects/NewsImpact/venv/lib64/python3.10/site-packages/airflow/example_dags/example_task_group_decorator.py
[2025-07-04T12:28:59.185+0530] {processor.py:830} INFO - Processing file /home/tejhanagarajan/Projects/small-projects/NewsImpact/venv/lib64/python3.10/site-packages/airflow/example_dags/example_task_group_decorator.py for tasks to queue
[2025-07-04T12:28:59.186+0530] {logging_mixin.py:188} INFO - [2025-07-04T12:28:59.185+0530] {dagbag.py:538} INFO - Filling up the DagBag from /home/tejhanagarajan/Projects/small-projects/NewsImpact/venv/lib64/python3.10/site-packages/airflow/example_dags/example_task_group_decorator.py
[2025-07-04T12:28:59.194+0530] {processor.py:840} INFO - DAG(s) 'example_task_group_decorator' retrieved from /home/tejhanagarajan/Projects/small-projects/NewsImpact/venv/lib64/python3.10/site-packages/airflow/example_dags/example_task_group_decorator.py
[2025-07-04T12:28:59.203+0530] {logging_mixin.py:188} INFO - [2025-07-04T12:28:59.203+0530] {dag.py:3036} INFO - Sync 1 DAGs
[2025-07-04T12:28:59.211+0530] {logging_mixin.py:188} INFO - [2025-07-04T12:28:59.211+0530] {dag.py:3823} INFO - Setting next_dagrun for example_task_group_decorator to 2025-07-03 00:00:00+00:00, run_after=2025-07-04 00:00:00+00:00
[2025-07-04T12:28:59.228+0530] {processor.py:183} INFO - Processing /home/tejhanagarajan/Projects/small-projects/NewsImpact/venv/lib64/python3.10/site-packages/airflow/example_dags/example_task_group_decorator.py took 0.048 seconds
[2025-07-04T12:29:38.891+0530] {processor.py:161} INFO - Started process (PID=26637) to work on /home/tejhanagarajan/Projects/small-projects/NewsImpact/venv/lib64/python3.10/site-packages/airflow/example_dags/example_task_group_decorator.py
[2025-07-04T12:29:38.894+0530] {processor.py:830} INFO - Processing file /home/tejhanagarajan/Projects/small-projects/NewsImpact/venv/lib64/python3.10/site-packages/airflow/example_dags/example_task_group_decorator.py for tasks to queue
[2025-07-04T12:29:38.895+0530] {logging_mixin.py:188} INFO - [2025-07-04T12:29:38.895+0530] {dagbag.py:538} INFO - Filling up the DagBag from /home/tejhanagarajan/Projects/small-projects/NewsImpact/venv/lib64/python3.10/site-packages/airflow/example_dags/example_task_group_decorator.py
[2025-07-04T12:29:38.906+0530] {processor.py:840} INFO - DAG(s) 'example_task_group_decorator' retrieved from /home/tejhanagarajan/Projects/small-projects/NewsImpact/venv/lib64/python3.10/site-packages/airflow/example_dags/example_task_group_decorator.py
[2025-07-04T12:29:38.915+0530] {logging_mixin.py:188} INFO - [2025-07-04T12:29:38.915+0530] {dag.py:3036} INFO - Sync 1 DAGs
[2025-07-04T12:29:38.923+0530] {logging_mixin.py:188} INFO - [2025-07-04T12:29:38.923+0530] {dag.py:3823} INFO - Setting next_dagrun for example_task_group_decorator to 2025-07-03 00:00:00+00:00, run_after=2025-07-04 00:00:00+00:00
[2025-07-04T12:29:38.940+0530] {processor.py:183} INFO - Processing /home/tejhanagarajan/Projects/small-projects/NewsImpact/venv/lib64/python3.10/site-packages/airflow/example_dags/example_task_group_decorator.py took 0.051 seconds
[2025-07-04T12:30:28.366+0530] {processor.py:161} INFO - Started process (PID=27002) to work on /home/tejhanagarajan/Projects/small-projects/NewsImpact/venv/lib64/python3.10/site-packages/airflow/example_dags/example_task_group_decorator.py
[2025-07-04T12:30:28.368+0530] {processor.py:830} INFO - Processing file /home/tejhanagarajan/Projects/small-projects/NewsImpact/venv/lib64/python3.10/site-packages/airflow/example_dags/example_task_group_decorator.py for tasks to queue
[2025-07-04T12:30:28.369+0530] {logging_mixin.py:188} INFO - [2025-07-04T12:30:28.369+0530] {dagbag.py:538} INFO - Filling up the DagBag from /home/tejhanagarajan/Projects/small-projects/NewsImpact/venv/lib64/python3.10/site-packages/airflow/example_dags/example_task_group_decorator.py
[2025-07-04T12:30:28.376+0530] {processor.py:840} INFO - DAG(s) 'example_task_group_decorator' retrieved from /home/tejhanagarajan/Projects/small-projects/NewsImpact/venv/lib64/python3.10/site-packages/airflow/example_dags/example_task_group_decorator.py
[2025-07-04T12:30:28.385+0530] {logging_mixin.py:188} INFO - [2025-07-04T12:30:28.385+0530] {dag.py:3036} INFO - Sync 1 DAGs
[2025-07-04T12:30:28.394+0530] {logging_mixin.py:188} INFO - [2025-07-04T12:30:28.394+0530] {dag.py:3823} INFO - Setting next_dagrun for example_task_group_decorator to 2025-07-03 00:00:00+00:00, run_after=2025-07-04 00:00:00+00:00
[2025-07-04T12:30:28.411+0530] {processor.py:183} INFO - Processing /home/tejhanagarajan/Projects/small-projects/NewsImpact/venv/lib64/python3.10/site-packages/airflow/example_dags/example_task_group_decorator.py took 0.046 seconds
[2025-07-04T12:31:04.851+0530] {processor.py:161} INFO - Started process (PID=27272) to work on /home/tejhanagarajan/Projects/small-projects/NewsImpact/venv/lib64/python3.10/site-packages/airflow/example_dags/example_task_group_decorator.py
[2025-07-04T12:31:04.853+0530] {processor.py:830} INFO - Processing file /home/tejhanagarajan/Projects/small-projects/NewsImpact/venv/lib64/python3.10/site-packages/airflow/example_dags/example_task_group_decorator.py for tasks to queue
[2025-07-04T12:31:04.853+0530] {logging_mixin.py:188} INFO - [2025-07-04T12:31:04.853+0530] {dagbag.py:538} INFO - Filling up the DagBag from /home/tejhanagarajan/Projects/small-projects/NewsImpact/venv/lib64/python3.10/site-packages/airflow/example_dags/example_task_group_decorator.py
[2025-07-04T12:31:04.860+0530] {processor.py:840} INFO - DAG(s) 'example_task_group_decorator' retrieved from /home/tejhanagarajan/Projects/small-projects/NewsImpact/venv/lib64/python3.10/site-packages/airflow/example_dags/example_task_group_decorator.py
[2025-07-04T12:31:04.870+0530] {logging_mixin.py:188} INFO - [2025-07-04T12:31:04.870+0530] {dag.py:3036} INFO - Sync 1 DAGs
[2025-07-04T12:31:04.878+0530] {logging_mixin.py:188} INFO - [2025-07-04T12:31:04.878+0530] {dag.py:3823} INFO - Setting next_dagrun for example_task_group_decorator to 2025-07-03 00:00:00+00:00, run_after=2025-07-04 00:00:00+00:00
[2025-07-04T12:31:04.894+0530] {processor.py:183} INFO - Processing /home/tejhanagarajan/Projects/small-projects/NewsImpact/venv/lib64/python3.10/site-packages/airflow/example_dags/example_task_group_decorator.py took 0.045 seconds
[2025-07-04T12:33:07.206+0530] {processor.py:161} INFO - Started process (PID=30066) to work on /home/tejhanagarajan/Projects/small-projects/NewsImpact/venv/lib64/python3.10/site-packages/airflow/example_dags/example_task_group_decorator.py
[2025-07-04T12:33:07.208+0530] {processor.py:830} INFO - Processing file /home/tejhanagarajan/Projects/small-projects/NewsImpact/venv/lib64/python3.10/site-packages/airflow/example_dags/example_task_group_decorator.py for tasks to queue
[2025-07-04T12:33:07.209+0530] {logging_mixin.py:188} INFO - [2025-07-04T12:33:07.208+0530] {dagbag.py:538} INFO - Filling up the DagBag from /home/tejhanagarajan/Projects/small-projects/NewsImpact/venv/lib64/python3.10/site-packages/airflow/example_dags/example_task_group_decorator.py
[2025-07-04T12:33:07.217+0530] {processor.py:840} INFO - DAG(s) 'example_task_group_decorator' retrieved from /home/tejhanagarajan/Projects/small-projects/NewsImpact/venv/lib64/python3.10/site-packages/airflow/example_dags/example_task_group_decorator.py
[2025-07-04T12:33:07.227+0530] {logging_mixin.py:188} INFO - [2025-07-04T12:33:07.226+0530] {dag.py:3036} INFO - Sync 1 DAGs
[2025-07-04T12:33:07.235+0530] {logging_mixin.py:188} INFO - [2025-07-04T12:33:07.235+0530] {dag.py:3823} INFO - Setting next_dagrun for example_task_group_decorator to 2025-07-03 00:00:00+00:00, run_after=2025-07-04 00:00:00+00:00
[2025-07-04T12:33:07.251+0530] {processor.py:183} INFO - Processing /home/tejhanagarajan/Projects/small-projects/NewsImpact/venv/lib64/python3.10/site-packages/airflow/example_dags/example_task_group_decorator.py took 0.047 seconds
[2025-07-04T12:33:52.867+0530] {processor.py:161} INFO - Started process (PID=30415) to work on /home/tejhanagarajan/Projects/small-projects/NewsImpact/venv/lib64/python3.10/site-packages/airflow/example_dags/example_task_group_decorator.py
[2025-07-04T12:33:52.869+0530] {processor.py:830} INFO - Processing file /home/tejhanagarajan/Projects/small-projects/NewsImpact/venv/lib64/python3.10/site-packages/airflow/example_dags/example_task_group_decorator.py for tasks to queue
[2025-07-04T12:33:52.870+0530] {logging_mixin.py:188} INFO - [2025-07-04T12:33:52.869+0530] {dagbag.py:538} INFO - Filling up the DagBag from /home/tejhanagarajan/Projects/small-projects/NewsImpact/venv/lib64/python3.10/site-packages/airflow/example_dags/example_task_group_decorator.py
[2025-07-04T12:33:52.876+0530] {processor.py:840} INFO - DAG(s) 'example_task_group_decorator' retrieved from /home/tejhanagarajan/Projects/small-projects/NewsImpact/venv/lib64/python3.10/site-packages/airflow/example_dags/example_task_group_decorator.py
[2025-07-04T12:33:52.883+0530] {logging_mixin.py:188} INFO - [2025-07-04T12:33:52.883+0530] {dag.py:3036} INFO - Sync 1 DAGs
[2025-07-04T12:33:52.891+0530] {logging_mixin.py:188} INFO - [2025-07-04T12:33:52.891+0530] {dag.py:3823} INFO - Setting next_dagrun for example_task_group_decorator to 2025-07-03 00:00:00+00:00, run_after=2025-07-04 00:00:00+00:00
[2025-07-04T12:33:52.910+0530] {processor.py:183} INFO - Processing /home/tejhanagarajan/Projects/small-projects/NewsImpact/venv/lib64/python3.10/site-packages/airflow/example_dags/example_task_group_decorator.py took 0.045 seconds
[2025-07-04T12:34:40.079+0530] {processor.py:161} INFO - Started process (PID=30996) to work on /home/tejhanagarajan/Projects/small-projects/NewsImpact/venv/lib64/python3.10/site-packages/airflow/example_dags/example_task_group_decorator.py
[2025-07-04T12:34:40.082+0530] {processor.py:830} INFO - Processing file /home/tejhanagarajan/Projects/small-projects/NewsImpact/venv/lib64/python3.10/site-packages/airflow/example_dags/example_task_group_decorator.py for tasks to queue
[2025-07-04T12:34:40.083+0530] {logging_mixin.py:188} INFO - [2025-07-04T12:34:40.082+0530] {dagbag.py:538} INFO - Filling up the DagBag from /home/tejhanagarajan/Projects/small-projects/NewsImpact/venv/lib64/python3.10/site-packages/airflow/example_dags/example_task_group_decorator.py
[2025-07-04T12:34:40.094+0530] {processor.py:840} INFO - DAG(s) 'example_task_group_decorator' retrieved from /home/tejhanagarajan/Projects/small-projects/NewsImpact/venv/lib64/python3.10/site-packages/airflow/example_dags/example_task_group_decorator.py
[2025-07-04T12:34:40.102+0530] {logging_mixin.py:188} INFO - [2025-07-04T12:34:40.102+0530] {dag.py:3036} INFO - Sync 1 DAGs
[2025-07-04T12:34:40.110+0530] {logging_mixin.py:188} INFO - [2025-07-04T12:34:40.110+0530] {dag.py:3823} INFO - Setting next_dagrun for example_task_group_decorator to 2025-07-03 00:00:00+00:00, run_after=2025-07-04 00:00:00+00:00
[2025-07-04T12:34:40.126+0530] {processor.py:183} INFO - Processing /home/tejhanagarajan/Projects/small-projects/NewsImpact/venv/lib64/python3.10/site-packages/airflow/example_dags/example_task_group_decorator.py took 0.049 seconds
[2025-07-04T12:35:33.917+0530] {processor.py:161} INFO - Started process (PID=31456) to work on /home/tejhanagarajan/Projects/small-projects/NewsImpact/venv/lib64/python3.10/site-packages/airflow/example_dags/example_task_group_decorator.py
[2025-07-04T12:35:33.919+0530] {processor.py:830} INFO - Processing file /home/tejhanagarajan/Projects/small-projects/NewsImpact/venv/lib64/python3.10/site-packages/airflow/example_dags/example_task_group_decorator.py for tasks to queue
[2025-07-04T12:35:33.920+0530] {logging_mixin.py:188} INFO - [2025-07-04T12:35:33.920+0530] {dagbag.py:538} INFO - Filling up the DagBag from /home/tejhanagarajan/Projects/small-projects/NewsImpact/venv/lib64/python3.10/site-packages/airflow/example_dags/example_task_group_decorator.py
[2025-07-04T12:35:33.928+0530] {processor.py:840} INFO - DAG(s) 'example_task_group_decorator' retrieved from /home/tejhanagarajan/Projects/small-projects/NewsImpact/venv/lib64/python3.10/site-packages/airflow/example_dags/example_task_group_decorator.py
[2025-07-04T12:35:33.936+0530] {logging_mixin.py:188} INFO - [2025-07-04T12:35:33.936+0530] {dag.py:3036} INFO - Sync 1 DAGs
[2025-07-04T12:35:33.944+0530] {logging_mixin.py:188} INFO - [2025-07-04T12:35:33.944+0530] {dag.py:3823} INFO - Setting next_dagrun for example_task_group_decorator to 2025-07-03 00:00:00+00:00, run_after=2025-07-04 00:00:00+00:00
[2025-07-04T12:35:33.960+0530] {processor.py:183} INFO - Processing /home/tejhanagarajan/Projects/small-projects/NewsImpact/venv/lib64/python3.10/site-packages/airflow/example_dags/example_task_group_decorator.py took 0.046 seconds
[2025-07-04T12:36:27.230+0530] {processor.py:161} INFO - Started process (PID=31837) to work on /home/tejhanagarajan/Projects/small-projects/NewsImpact/venv/lib64/python3.10/site-packages/airflow/example_dags/example_task_group_decorator.py
[2025-07-04T12:36:27.233+0530] {processor.py:830} INFO - Processing file /home/tejhanagarajan/Projects/small-projects/NewsImpact/venv/lib64/python3.10/site-packages/airflow/example_dags/example_task_group_decorator.py for tasks to queue
[2025-07-04T12:36:27.233+0530] {logging_mixin.py:188} INFO - [2025-07-04T12:36:27.233+0530] {dagbag.py:538} INFO - Filling up the DagBag from /home/tejhanagarajan/Projects/small-projects/NewsImpact/venv/lib64/python3.10/site-packages/airflow/example_dags/example_task_group_decorator.py
[2025-07-04T12:36:27.241+0530] {processor.py:840} INFO - DAG(s) 'example_task_group_decorator' retrieved from /home/tejhanagarajan/Projects/small-projects/NewsImpact/venv/lib64/python3.10/site-packages/airflow/example_dags/example_task_group_decorator.py
[2025-07-04T12:36:27.251+0530] {logging_mixin.py:188} INFO - [2025-07-04T12:36:27.250+0530] {dag.py:3036} INFO - Sync 1 DAGs
[2025-07-04T12:36:27.258+0530] {logging_mixin.py:188} INFO - [2025-07-04T12:36:27.258+0530] {dag.py:3823} INFO - Setting next_dagrun for example_task_group_decorator to 2025-07-03 00:00:00+00:00, run_after=2025-07-04 00:00:00+00:00
[2025-07-04T12:36:27.274+0530] {processor.py:183} INFO - Processing /home/tejhanagarajan/Projects/small-projects/NewsImpact/venv/lib64/python3.10/site-packages/airflow/example_dags/example_task_group_decorator.py took 0.045 seconds
[2025-07-04T12:37:15.616+0530] {processor.py:161} INFO - Started process (PID=32343) to work on /home/tejhanagarajan/Projects/small-projects/NewsImpact/venv/lib64/python3.10/site-packages/airflow/example_dags/example_task_group_decorator.py
[2025-07-04T12:37:15.618+0530] {processor.py:830} INFO - Processing file /home/tejhanagarajan/Projects/small-projects/NewsImpact/venv/lib64/python3.10/site-packages/airflow/example_dags/example_task_group_decorator.py for tasks to queue
[2025-07-04T12:37:15.620+0530] {logging_mixin.py:188} INFO - [2025-07-04T12:37:15.619+0530] {dagbag.py:538} INFO - Filling up the DagBag from /home/tejhanagarajan/Projects/small-projects/NewsImpact/venv/lib64/python3.10/site-packages/airflow/example_dags/example_task_group_decorator.py
[2025-07-04T12:37:15.630+0530] {processor.py:840} INFO - DAG(s) 'example_task_group_decorator' retrieved from /home/tejhanagarajan/Projects/small-projects/NewsImpact/venv/lib64/python3.10/site-packages/airflow/example_dags/example_task_group_decorator.py
[2025-07-04T12:37:15.639+0530] {logging_mixin.py:188} INFO - [2025-07-04T12:37:15.639+0530] {dag.py:3036} INFO - Sync 1 DAGs
[2025-07-04T12:37:15.648+0530] {logging_mixin.py:188} INFO - [2025-07-04T12:37:15.648+0530] {dag.py:3823} INFO - Setting next_dagrun for example_task_group_decorator to 2025-07-03 00:00:00+00:00, run_after=2025-07-04 00:00:00+00:00
[2025-07-04T12:37:15.666+0530] {processor.py:183} INFO - Processing /home/tejhanagarajan/Projects/small-projects/NewsImpact/venv/lib64/python3.10/site-packages/airflow/example_dags/example_task_group_decorator.py took 0.053 seconds
[2025-07-04T12:38:05.951+0530] {processor.py:161} INFO - Started process (PID=34729) to work on /home/tejhanagarajan/Projects/small-projects/NewsImpact/venv/lib64/python3.10/site-packages/airflow/example_dags/example_task_group_decorator.py
[2025-07-04T12:38:05.953+0530] {processor.py:830} INFO - Processing file /home/tejhanagarajan/Projects/small-projects/NewsImpact/venv/lib64/python3.10/site-packages/airflow/example_dags/example_task_group_decorator.py for tasks to queue
[2025-07-04T12:38:05.954+0530] {logging_mixin.py:188} INFO - [2025-07-04T12:38:05.954+0530] {dagbag.py:538} INFO - Filling up the DagBag from /home/tejhanagarajan/Projects/small-projects/NewsImpact/venv/lib64/python3.10/site-packages/airflow/example_dags/example_task_group_decorator.py
[2025-07-04T12:38:05.960+0530] {processor.py:840} INFO - DAG(s) 'example_task_group_decorator' retrieved from /home/tejhanagarajan/Projects/small-projects/NewsImpact/venv/lib64/python3.10/site-packages/airflow/example_dags/example_task_group_decorator.py
[2025-07-04T12:38:05.968+0530] {logging_mixin.py:188} INFO - [2025-07-04T12:38:05.968+0530] {dag.py:3036} INFO - Sync 1 DAGs
[2025-07-04T12:38:05.977+0530] {logging_mixin.py:188} INFO - [2025-07-04T12:38:05.977+0530] {dag.py:3823} INFO - Setting next_dagrun for example_task_group_decorator to 2025-07-03 00:00:00+00:00, run_after=2025-07-04 00:00:00+00:00
[2025-07-04T12:38:05.993+0530] {processor.py:183} INFO - Processing /home/tejhanagarajan/Projects/small-projects/NewsImpact/venv/lib64/python3.10/site-packages/airflow/example_dags/example_task_group_decorator.py took 0.043 seconds
[2025-07-04T12:38:09.291+0530] {processor.py:161} INFO - Started process (PID=34762) to work on /home/tejhanagarajan/Projects/small-projects/NewsImpact/venv/lib64/python3.10/site-packages/airflow/example_dags/example_task_group_decorator.py
[2025-07-04T12:38:09.291+0530] {processor.py:830} INFO - Processing file /home/tejhanagarajan/Projects/small-projects/NewsImpact/venv/lib64/python3.10/site-packages/airflow/example_dags/example_task_group_decorator.py for tasks to queue
[2025-07-04T12:38:09.292+0530] {logging_mixin.py:188} INFO - [2025-07-04T12:38:09.292+0530] {dagbag.py:538} INFO - Filling up the DagBag from /home/tejhanagarajan/Projects/small-projects/NewsImpact/venv/lib64/python3.10/site-packages/airflow/example_dags/example_task_group_decorator.py
[2025-07-04T12:38:09.301+0530] {processor.py:840} INFO - DAG(s) 'example_task_group_decorator' retrieved from /home/tejhanagarajan/Projects/small-projects/NewsImpact/venv/lib64/python3.10/site-packages/airflow/example_dags/example_task_group_decorator.py
[2025-07-04T12:38:09.311+0530] {logging_mixin.py:188} INFO - [2025-07-04T12:38:09.311+0530] {dag.py:3036} INFO - Sync 1 DAGs
[2025-07-04T12:38:09.321+0530] {logging_mixin.py:188} INFO - [2025-07-04T12:38:09.321+0530] {dag.py:3823} INFO - Setting next_dagrun for example_task_group_decorator to 2025-07-03 00:00:00+00:00, run_after=2025-07-04 00:00:00+00:00
[2025-07-04T12:38:09.337+0530] {processor.py:183} INFO - Processing /home/tejhanagarajan/Projects/small-projects/NewsImpact/venv/lib64/python3.10/site-packages/airflow/example_dags/example_task_group_decorator.py took 0.049 seconds
[2025-07-04T12:38:55.836+0530] {processor.py:161} INFO - Started process (PID=35165) to work on /home/tejhanagarajan/Projects/small-projects/NewsImpact/venv/lib64/python3.10/site-packages/airflow/example_dags/example_task_group_decorator.py
[2025-07-04T12:38:55.838+0530] {processor.py:830} INFO - Processing file /home/tejhanagarajan/Projects/small-projects/NewsImpact/venv/lib64/python3.10/site-packages/airflow/example_dags/example_task_group_decorator.py for tasks to queue
[2025-07-04T12:38:55.839+0530] {logging_mixin.py:188} INFO - [2025-07-04T12:38:55.839+0530] {dagbag.py:538} INFO - Filling up the DagBag from /home/tejhanagarajan/Projects/small-projects/NewsImpact/venv/lib64/python3.10/site-packages/airflow/example_dags/example_task_group_decorator.py
[2025-07-04T12:38:55.847+0530] {processor.py:840} INFO - DAG(s) 'example_task_group_decorator' retrieved from /home/tejhanagarajan/Projects/small-projects/NewsImpact/venv/lib64/python3.10/site-packages/airflow/example_dags/example_task_group_decorator.py
[2025-07-04T12:38:55.855+0530] {logging_mixin.py:188} INFO - [2025-07-04T12:38:55.855+0530] {dag.py:3036} INFO - Sync 1 DAGs
[2025-07-04T12:38:55.863+0530] {logging_mixin.py:188} INFO - [2025-07-04T12:38:55.863+0530] {dag.py:3823} INFO - Setting next_dagrun for example_task_group_decorator to 2025-07-03 00:00:00+00:00, run_after=2025-07-04 00:00:00+00:00
[2025-07-04T12:38:55.881+0530] {processor.py:183} INFO - Processing /home/tejhanagarajan/Projects/small-projects/NewsImpact/venv/lib64/python3.10/site-packages/airflow/example_dags/example_task_group_decorator.py took 0.047 seconds
[2025-07-04T12:38:56.171+0530] {processor.py:161} INFO - Started process (PID=35166) to work on /home/tejhanagarajan/Projects/small-projects/NewsImpact/venv/lib64/python3.10/site-packages/airflow/example_dags/example_task_group_decorator.py
[2025-07-04T12:38:56.172+0530] {processor.py:830} INFO - Processing file /home/tejhanagarajan/Projects/small-projects/NewsImpact/venv/lib64/python3.10/site-packages/airflow/example_dags/example_task_group_decorator.py for tasks to queue
[2025-07-04T12:38:56.172+0530] {logging_mixin.py:188} INFO - [2025-07-04T12:38:56.172+0530] {dagbag.py:538} INFO - Filling up the DagBag from /home/tejhanagarajan/Projects/small-projects/NewsImpact/venv/lib64/python3.10/site-packages/airflow/example_dags/example_task_group_decorator.py
[2025-07-04T12:38:56.179+0530] {processor.py:840} INFO - DAG(s) 'example_task_group_decorator' retrieved from /home/tejhanagarajan/Projects/small-projects/NewsImpact/venv/lib64/python3.10/site-packages/airflow/example_dags/example_task_group_decorator.py
[2025-07-04T12:38:56.188+0530] {logging_mixin.py:188} INFO - [2025-07-04T12:38:56.187+0530] {dag.py:3036} INFO - Sync 1 DAGs
[2025-07-04T12:38:56.195+0530] {logging_mixin.py:188} INFO - [2025-07-04T12:38:56.195+0530] {dag.py:3823} INFO - Setting next_dagrun for example_task_group_decorator to 2025-07-03 00:00:00+00:00, run_after=2025-07-04 00:00:00+00:00
[2025-07-04T12:38:56.212+0530] {processor.py:183} INFO - Processing /home/tejhanagarajan/Projects/small-projects/NewsImpact/venv/lib64/python3.10/site-packages/airflow/example_dags/example_task_group_decorator.py took 0.043 seconds
[2025-07-04T12:39:35.795+0530] {processor.py:161} INFO - Started process (PID=35529) to work on /home/tejhanagarajan/Projects/small-projects/NewsImpact/venv/lib64/python3.10/site-packages/airflow/example_dags/example_task_group_decorator.py
[2025-07-04T12:39:35.797+0530] {processor.py:830} INFO - Processing file /home/tejhanagarajan/Projects/small-projects/NewsImpact/venv/lib64/python3.10/site-packages/airflow/example_dags/example_task_group_decorator.py for tasks to queue
[2025-07-04T12:39:35.797+0530] {logging_mixin.py:188} INFO - [2025-07-04T12:39:35.797+0530] {dagbag.py:538} INFO - Filling up the DagBag from /home/tejhanagarajan/Projects/small-projects/NewsImpact/venv/lib64/python3.10/site-packages/airflow/example_dags/example_task_group_decorator.py
[2025-07-04T12:39:35.804+0530] {processor.py:840} INFO - DAG(s) 'example_task_group_decorator' retrieved from /home/tejhanagarajan/Projects/small-projects/NewsImpact/venv/lib64/python3.10/site-packages/airflow/example_dags/example_task_group_decorator.py
[2025-07-04T12:39:35.813+0530] {logging_mixin.py:188} INFO - [2025-07-04T12:39:35.813+0530] {dag.py:3036} INFO - Sync 1 DAGs
[2025-07-04T12:39:35.823+0530] {logging_mixin.py:188} INFO - [2025-07-04T12:39:35.823+0530] {dag.py:3823} INFO - Setting next_dagrun for example_task_group_decorator to 2025-07-03 00:00:00+00:00, run_after=2025-07-04 00:00:00+00:00
[2025-07-04T12:39:35.843+0530] {processor.py:183} INFO - Processing /home/tejhanagarajan/Projects/small-projects/NewsImpact/venv/lib64/python3.10/site-packages/airflow/example_dags/example_task_group_decorator.py took 0.050 seconds
[2025-07-04T12:39:43.283+0530] {processor.py:161} INFO - Started process (PID=35591) to work on /home/tejhanagarajan/Projects/small-projects/NewsImpact/venv/lib64/python3.10/site-packages/airflow/example_dags/example_task_group_decorator.py
[2025-07-04T12:39:43.286+0530] {processor.py:830} INFO - Processing file /home/tejhanagarajan/Projects/small-projects/NewsImpact/venv/lib64/python3.10/site-packages/airflow/example_dags/example_task_group_decorator.py for tasks to queue
[2025-07-04T12:39:43.286+0530] {logging_mixin.py:188} INFO - [2025-07-04T12:39:43.286+0530] {dagbag.py:538} INFO - Filling up the DagBag from /home/tejhanagarajan/Projects/small-projects/NewsImpact/venv/lib64/python3.10/site-packages/airflow/example_dags/example_task_group_decorator.py
[2025-07-04T12:39:43.293+0530] {processor.py:840} INFO - DAG(s) 'example_task_group_decorator' retrieved from /home/tejhanagarajan/Projects/small-projects/NewsImpact/venv/lib64/python3.10/site-packages/airflow/example_dags/example_task_group_decorator.py
[2025-07-04T12:39:43.302+0530] {logging_mixin.py:188} INFO - [2025-07-04T12:39:43.302+0530] {dag.py:3036} INFO - Sync 1 DAGs
[2025-07-04T12:39:43.310+0530] {logging_mixin.py:188} INFO - [2025-07-04T12:39:43.310+0530] {dag.py:3823} INFO - Setting next_dagrun for example_task_group_decorator to 2025-07-03 00:00:00+00:00, run_after=2025-07-04 00:00:00+00:00
[2025-07-04T12:39:43.328+0530] {processor.py:183} INFO - Processing /home/tejhanagarajan/Projects/small-projects/NewsImpact/venv/lib64/python3.10/site-packages/airflow/example_dags/example_task_group_decorator.py took 0.046 seconds
[2025-07-04T12:42:10.355+0530] {processor.py:161} INFO - Started process (PID=37863) to work on /home/tejhanagarajan/Projects/small-projects/NewsImpact/venv/lib64/python3.10/site-packages/airflow/example_dags/example_task_group_decorator.py
[2025-07-04T12:42:10.357+0530] {processor.py:830} INFO - Processing file /home/tejhanagarajan/Projects/small-projects/NewsImpact/venv/lib64/python3.10/site-packages/airflow/example_dags/example_task_group_decorator.py for tasks to queue
[2025-07-04T12:42:10.359+0530] {logging_mixin.py:188} INFO - [2025-07-04T12:42:10.358+0530] {dagbag.py:538} INFO - Filling up the DagBag from /home/tejhanagarajan/Projects/small-projects/NewsImpact/venv/lib64/python3.10/site-packages/airflow/example_dags/example_task_group_decorator.py
[2025-07-04T12:42:10.368+0530] {processor.py:840} INFO - DAG(s) 'example_task_group_decorator' retrieved from /home/tejhanagarajan/Projects/small-projects/NewsImpact/venv/lib64/python3.10/site-packages/airflow/example_dags/example_task_group_decorator.py
[2025-07-04T12:42:10.377+0530] {logging_mixin.py:188} INFO - [2025-07-04T12:42:10.377+0530] {dag.py:3036} INFO - Sync 1 DAGs
[2025-07-04T12:42:10.385+0530] {logging_mixin.py:188} INFO - [2025-07-04T12:42:10.385+0530] {dag.py:3823} INFO - Setting next_dagrun for example_task_group_decorator to 2025-07-03 00:00:00+00:00, run_after=2025-07-04 00:00:00+00:00
[2025-07-04T12:42:10.401+0530] {processor.py:183} INFO - Processing /home/tejhanagarajan/Projects/small-projects/NewsImpact/venv/lib64/python3.10/site-packages/airflow/example_dags/example_task_group_decorator.py took 0.048 seconds
[2025-07-04T12:42:56.046+0530] {processor.py:161} INFO - Started process (PID=38199) to work on /home/tejhanagarajan/Projects/small-projects/NewsImpact/venv/lib64/python3.10/site-packages/airflow/example_dags/example_task_group_decorator.py
[2025-07-04T12:42:56.049+0530] {processor.py:830} INFO - Processing file /home/tejhanagarajan/Projects/small-projects/NewsImpact/venv/lib64/python3.10/site-packages/airflow/example_dags/example_task_group_decorator.py for tasks to queue
[2025-07-04T12:42:56.049+0530] {logging_mixin.py:188} INFO - [2025-07-04T12:42:56.049+0530] {dagbag.py:538} INFO - Filling up the DagBag from /home/tejhanagarajan/Projects/small-projects/NewsImpact/venv/lib64/python3.10/site-packages/airflow/example_dags/example_task_group_decorator.py
[2025-07-04T12:42:56.056+0530] {processor.py:840} INFO - DAG(s) 'example_task_group_decorator' retrieved from /home/tejhanagarajan/Projects/small-projects/NewsImpact/venv/lib64/python3.10/site-packages/airflow/example_dags/example_task_group_decorator.py
[2025-07-04T12:42:56.063+0530] {logging_mixin.py:188} INFO - [2025-07-04T12:42:56.063+0530] {dag.py:3036} INFO - Sync 1 DAGs
[2025-07-04T12:42:56.071+0530] {logging_mixin.py:188} INFO - [2025-07-04T12:42:56.071+0530] {dag.py:3823} INFO - Setting next_dagrun for example_task_group_decorator to 2025-07-03 00:00:00+00:00, run_after=2025-07-04 00:00:00+00:00
[2025-07-04T12:42:56.088+0530] {processor.py:183} INFO - Processing /home/tejhanagarajan/Projects/small-projects/NewsImpact/venv/lib64/python3.10/site-packages/airflow/example_dags/example_task_group_decorator.py took 0.043 seconds
[2025-07-04T12:43:45.424+0530] {processor.py:161} INFO - Started process (PID=38604) to work on /home/tejhanagarajan/Projects/small-projects/NewsImpact/venv/lib64/python3.10/site-packages/airflow/example_dags/example_task_group_decorator.py
[2025-07-04T12:43:45.426+0530] {processor.py:830} INFO - Processing file /home/tejhanagarajan/Projects/small-projects/NewsImpact/venv/lib64/python3.10/site-packages/airflow/example_dags/example_task_group_decorator.py for tasks to queue
[2025-07-04T12:43:45.427+0530] {logging_mixin.py:188} INFO - [2025-07-04T12:43:45.427+0530] {dagbag.py:538} INFO - Filling up the DagBag from /home/tejhanagarajan/Projects/small-projects/NewsImpact/venv/lib64/python3.10/site-packages/airflow/example_dags/example_task_group_decorator.py
[2025-07-04T12:43:45.434+0530] {processor.py:840} INFO - DAG(s) 'example_task_group_decorator' retrieved from /home/tejhanagarajan/Projects/small-projects/NewsImpact/venv/lib64/python3.10/site-packages/airflow/example_dags/example_task_group_decorator.py
[2025-07-04T12:43:45.442+0530] {logging_mixin.py:188} INFO - [2025-07-04T12:43:45.442+0530] {dag.py:3036} INFO - Sync 1 DAGs
[2025-07-04T12:43:45.450+0530] {logging_mixin.py:188} INFO - [2025-07-04T12:43:45.450+0530] {dag.py:3823} INFO - Setting next_dagrun for example_task_group_decorator to 2025-07-03 00:00:00+00:00, run_after=2025-07-04 00:00:00+00:00
[2025-07-04T12:43:45.468+0530] {processor.py:183} INFO - Processing /home/tejhanagarajan/Projects/small-projects/NewsImpact/venv/lib64/python3.10/site-packages/airflow/example_dags/example_task_group_decorator.py took 0.047 seconds
[2025-07-04T12:44:35.868+0530] {processor.py:161} INFO - Started process (PID=38971) to work on /home/tejhanagarajan/Projects/small-projects/NewsImpact/venv/lib64/python3.10/site-packages/airflow/example_dags/example_task_group_decorator.py
[2025-07-04T12:44:35.870+0530] {processor.py:830} INFO - Processing file /home/tejhanagarajan/Projects/small-projects/NewsImpact/venv/lib64/python3.10/site-packages/airflow/example_dags/example_task_group_decorator.py for tasks to queue
[2025-07-04T12:44:35.870+0530] {logging_mixin.py:188} INFO - [2025-07-04T12:44:35.870+0530] {dagbag.py:538} INFO - Filling up the DagBag from /home/tejhanagarajan/Projects/small-projects/NewsImpact/venv/lib64/python3.10/site-packages/airflow/example_dags/example_task_group_decorator.py
[2025-07-04T12:44:35.879+0530] {processor.py:840} INFO - DAG(s) 'example_task_group_decorator' retrieved from /home/tejhanagarajan/Projects/small-projects/NewsImpact/venv/lib64/python3.10/site-packages/airflow/example_dags/example_task_group_decorator.py
[2025-07-04T12:44:35.887+0530] {logging_mixin.py:188} INFO - [2025-07-04T12:44:35.887+0530] {dag.py:3036} INFO - Sync 1 DAGs
[2025-07-04T12:44:35.895+0530] {logging_mixin.py:188} INFO - [2025-07-04T12:44:35.895+0530] {dag.py:3823} INFO - Setting next_dagrun for example_task_group_decorator to 2025-07-03 00:00:00+00:00, run_after=2025-07-04 00:00:00+00:00
[2025-07-04T12:44:35.911+0530] {processor.py:183} INFO - Processing /home/tejhanagarajan/Projects/small-projects/NewsImpact/venv/lib64/python3.10/site-packages/airflow/example_dags/example_task_group_decorator.py took 0.044 seconds
[2025-07-04T12:45:27.173+0530] {processor.py:161} INFO - Started process (PID=39346) to work on /home/tejhanagarajan/Projects/small-projects/NewsImpact/venv/lib64/python3.10/site-packages/airflow/example_dags/example_task_group_decorator.py
[2025-07-04T12:45:27.174+0530] {processor.py:830} INFO - Processing file /home/tejhanagarajan/Projects/small-projects/NewsImpact/venv/lib64/python3.10/site-packages/airflow/example_dags/example_task_group_decorator.py for tasks to queue
[2025-07-04T12:45:27.175+0530] {logging_mixin.py:188} INFO - [2025-07-04T12:45:27.175+0530] {dagbag.py:538} INFO - Filling up the DagBag from /home/tejhanagarajan/Projects/small-projects/NewsImpact/venv/lib64/python3.10/site-packages/airflow/example_dags/example_task_group_decorator.py
[2025-07-04T12:45:27.182+0530] {processor.py:840} INFO - DAG(s) 'example_task_group_decorator' retrieved from /home/tejhanagarajan/Projects/small-projects/NewsImpact/venv/lib64/python3.10/site-packages/airflow/example_dags/example_task_group_decorator.py
[2025-07-04T12:45:27.190+0530] {logging_mixin.py:188} INFO - [2025-07-04T12:45:27.190+0530] {dag.py:3036} INFO - Sync 1 DAGs
[2025-07-04T12:45:27.198+0530] {logging_mixin.py:188} INFO - [2025-07-04T12:45:27.198+0530] {dag.py:3823} INFO - Setting next_dagrun for example_task_group_decorator to 2025-07-03 00:00:00+00:00, run_after=2025-07-04 00:00:00+00:00
[2025-07-04T12:45:27.214+0530] {processor.py:183} INFO - Processing /home/tejhanagarajan/Projects/small-projects/NewsImpact/venv/lib64/python3.10/site-packages/airflow/example_dags/example_task_group_decorator.py took 0.045 seconds
[2025-07-04T12:46:05.636+0530] {processor.py:161} INFO - Started process (PID=39614) to work on /home/tejhanagarajan/Projects/small-projects/NewsImpact/venv/lib64/python3.10/site-packages/airflow/example_dags/example_task_group_decorator.py
[2025-07-04T12:46:05.637+0530] {processor.py:830} INFO - Processing file /home/tejhanagarajan/Projects/small-projects/NewsImpact/venv/lib64/python3.10/site-packages/airflow/example_dags/example_task_group_decorator.py for tasks to queue
[2025-07-04T12:46:05.638+0530] {logging_mixin.py:188} INFO - [2025-07-04T12:46:05.638+0530] {dagbag.py:538} INFO - Filling up the DagBag from /home/tejhanagarajan/Projects/small-projects/NewsImpact/venv/lib64/python3.10/site-packages/airflow/example_dags/example_task_group_decorator.py
[2025-07-04T12:46:05.644+0530] {processor.py:840} INFO - DAG(s) 'example_task_group_decorator' retrieved from /home/tejhanagarajan/Projects/small-projects/NewsImpact/venv/lib64/python3.10/site-packages/airflow/example_dags/example_task_group_decorator.py
[2025-07-04T12:46:05.652+0530] {logging_mixin.py:188} INFO - [2025-07-04T12:46:05.652+0530] {dag.py:3036} INFO - Sync 1 DAGs
[2025-07-04T12:46:05.659+0530] {logging_mixin.py:188} INFO - [2025-07-04T12:46:05.659+0530] {dag.py:3823} INFO - Setting next_dagrun for example_task_group_decorator to 2025-07-03 00:00:00+00:00, run_after=2025-07-04 00:00:00+00:00
[2025-07-04T12:46:05.675+0530] {processor.py:183} INFO - Processing /home/tejhanagarajan/Projects/small-projects/NewsImpact/venv/lib64/python3.10/site-packages/airflow/example_dags/example_task_group_decorator.py took 0.040 seconds
[2025-07-04T12:46:56.788+0530] {processor.py:161} INFO - Started process (PID=39999) to work on /home/tejhanagarajan/Projects/small-projects/NewsImpact/venv/lib64/python3.10/site-packages/airflow/example_dags/example_task_group_decorator.py
[2025-07-04T12:46:56.790+0530] {processor.py:830} INFO - Processing file /home/tejhanagarajan/Projects/small-projects/NewsImpact/venv/lib64/python3.10/site-packages/airflow/example_dags/example_task_group_decorator.py for tasks to queue
[2025-07-04T12:46:56.791+0530] {logging_mixin.py:188} INFO - [2025-07-04T12:46:56.791+0530] {dagbag.py:538} INFO - Filling up the DagBag from /home/tejhanagarajan/Projects/small-projects/NewsImpact/venv/lib64/python3.10/site-packages/airflow/example_dags/example_task_group_decorator.py
[2025-07-04T12:46:56.799+0530] {processor.py:840} INFO - DAG(s) 'example_task_group_decorator' retrieved from /home/tejhanagarajan/Projects/small-projects/NewsImpact/venv/lib64/python3.10/site-packages/airflow/example_dags/example_task_group_decorator.py
[2025-07-04T12:46:56.806+0530] {logging_mixin.py:188} INFO - [2025-07-04T12:46:56.806+0530] {dag.py:3036} INFO - Sync 1 DAGs
[2025-07-04T12:46:56.814+0530] {logging_mixin.py:188} INFO - [2025-07-04T12:46:56.814+0530] {dag.py:3823} INFO - Setting next_dagrun for example_task_group_decorator to 2025-07-03 00:00:00+00:00, run_after=2025-07-04 00:00:00+00:00
[2025-07-04T12:46:56.830+0530] {processor.py:183} INFO - Processing /home/tejhanagarajan/Projects/small-projects/NewsImpact/venv/lib64/python3.10/site-packages/airflow/example_dags/example_task_group_decorator.py took 0.044 seconds
[2025-07-04T12:47:50.186+0530] {processor.py:161} INFO - Started process (PID=40387) to work on /home/tejhanagarajan/Projects/small-projects/NewsImpact/venv/lib64/python3.10/site-packages/airflow/example_dags/example_task_group_decorator.py
[2025-07-04T12:47:50.189+0530] {processor.py:830} INFO - Processing file /home/tejhanagarajan/Projects/small-projects/NewsImpact/venv/lib64/python3.10/site-packages/airflow/example_dags/example_task_group_decorator.py for tasks to queue
[2025-07-04T12:47:50.190+0530] {logging_mixin.py:188} INFO - [2025-07-04T12:47:50.190+0530] {dagbag.py:538} INFO - Filling up the DagBag from /home/tejhanagarajan/Projects/small-projects/NewsImpact/venv/lib64/python3.10/site-packages/airflow/example_dags/example_task_group_decorator.py
[2025-07-04T12:47:50.199+0530] {processor.py:840} INFO - DAG(s) 'example_task_group_decorator' retrieved from /home/tejhanagarajan/Projects/small-projects/NewsImpact/venv/lib64/python3.10/site-packages/airflow/example_dags/example_task_group_decorator.py
[2025-07-04T12:47:50.208+0530] {logging_mixin.py:188} INFO - [2025-07-04T12:47:50.208+0530] {dag.py:3036} INFO - Sync 1 DAGs
[2025-07-04T12:47:50.216+0530] {logging_mixin.py:188} INFO - [2025-07-04T12:47:50.216+0530] {dag.py:3823} INFO - Setting next_dagrun for example_task_group_decorator to 2025-07-03 00:00:00+00:00, run_after=2025-07-04 00:00:00+00:00
[2025-07-04T12:47:50.230+0530] {processor.py:183} INFO - Processing /home/tejhanagarajan/Projects/small-projects/NewsImpact/venv/lib64/python3.10/site-packages/airflow/example_dags/example_task_group_decorator.py took 0.047 seconds
