[2025-07-04T12:26:46.332+0530] {processor.py:161} INFO - Started process (PID=25241) to work on /home/tejhanagarajan/Projects/small-projects/NewsImpact/venv/lib64/python3.10/site-packages/airflow/example_dags/example_short_circuit_decorator.py
[2025-07-04T12:26:46.333+0530] {processor.py:830} INFO - Processing file /home/tejhanagarajan/Projects/small-projects/NewsImpact/venv/lib64/python3.10/site-packages/airflow/example_dags/example_short_circuit_decorator.py for tasks to queue
[2025-07-04T12:26:46.334+0530] {logging_mixin.py:188} INFO - [2025-07-04T12:26:46.333+0530] {dagbag.py:538} INFO - Filling up the DagBag from /home/tejhanagarajan/Projects/small-projects/NewsImpact/venv/lib64/python3.10/site-packages/airflow/example_dags/example_short_circuit_decorator.py
[2025-07-04T12:26:46.341+0530] {processor.py:840} INFO - DAG(s) 'example_short_circuit_decorator' retrieved from /home/tejhanagarajan/Projects/small-projects/NewsImpact/venv/lib64/python3.10/site-packages/airflow/example_dags/example_short_circuit_decorator.py
[2025-07-04T12:26:46.400+0530] {logging_mixin.py:188} INFO - [2025-07-04T12:26:46.399+0530] {override.py:1769} INFO - Created Permission View: can read on DAG:example_short_circuit_decorator
[2025-07-04T12:26:46.414+0530] {logging_mixin.py:188} INFO - [2025-07-04T12:26:46.413+0530] {override.py:1769} INFO - Created Permission View: can edit on DAG:example_short_circuit_decorator
[2025-07-04T12:26:46.426+0530] {logging_mixin.py:188} INFO - [2025-07-04T12:26:46.426+0530] {override.py:1769} INFO - Created Permission View: can delete on DAG:example_short_circuit_decorator
[2025-07-04T12:26:46.427+0530] {logging_mixin.py:188} INFO - [2025-07-04T12:26:46.427+0530] {dag.py:3036} INFO - Sync 1 DAGs
[2025-07-04T12:26:46.436+0530] {logging_mixin.py:188} INFO - [2025-07-04T12:26:46.436+0530] {dag.py:3058} INFO - Creating ORM DAG for example_short_circuit_decorator
[2025-07-04T12:26:46.439+0530] {logging_mixin.py:188} INFO - [2025-07-04T12:26:46.439+0530] {dag.py:3823} INFO - Setting next_dagrun for example_short_circuit_decorator to 2025-07-03 00:00:00+00:00, run_after=2025-07-04 00:00:00+00:00
[2025-07-04T12:26:46.456+0530] {processor.py:183} INFO - Processing /home/tejhanagarajan/Projects/small-projects/NewsImpact/venv/lib64/python3.10/site-packages/airflow/example_dags/example_short_circuit_decorator.py took 0.126 seconds
[2025-07-04T12:27:36.683+0530] {processor.py:161} INFO - Started process (PID=25619) to work on /home/tejhanagarajan/Projects/small-projects/NewsImpact/venv/lib64/python3.10/site-packages/airflow/example_dags/example_short_circuit_decorator.py
[2025-07-04T12:27:36.684+0530] {processor.py:830} INFO - Processing file /home/tejhanagarajan/Projects/small-projects/NewsImpact/venv/lib64/python3.10/site-packages/airflow/example_dags/example_short_circuit_decorator.py for tasks to queue
[2025-07-04T12:27:36.684+0530] {logging_mixin.py:188} INFO - [2025-07-04T12:27:36.684+0530] {dagbag.py:538} INFO - Filling up the DagBag from /home/tejhanagarajan/Projects/small-projects/NewsImpact/venv/lib64/python3.10/site-packages/airflow/example_dags/example_short_circuit_decorator.py
[2025-07-04T12:27:36.690+0530] {processor.py:840} INFO - DAG(s) 'example_short_circuit_decorator' retrieved from /home/tejhanagarajan/Projects/small-projects/NewsImpact/venv/lib64/python3.10/site-packages/airflow/example_dags/example_short_circuit_decorator.py
[2025-07-04T12:27:36.699+0530] {logging_mixin.py:188} INFO - [2025-07-04T12:27:36.699+0530] {dag.py:3036} INFO - Sync 1 DAGs
[2025-07-04T12:27:36.707+0530] {logging_mixin.py:188} INFO - [2025-07-04T12:27:36.707+0530] {dag.py:3823} INFO - Setting next_dagrun for example_short_circuit_decorator to 2025-07-03 00:00:00+00:00, run_after=2025-07-04 00:00:00+00:00
[2025-07-04T12:27:36.727+0530] {processor.py:183} INFO - Processing /home/tejhanagarajan/Projects/small-projects/NewsImpact/venv/lib64/python3.10/site-packages/airflow/example_dags/example_short_circuit_decorator.py took 0.046 seconds
[2025-07-04T12:28:24.596+0530] {processor.py:161} INFO - Started process (PID=26017) to work on /home/tejhanagarajan/Projects/small-projects/NewsImpact/venv/lib64/python3.10/site-packages/airflow/example_dags/example_short_circuit_decorator.py
[2025-07-04T12:28:24.596+0530] {processor.py:830} INFO - Processing file /home/tejhanagarajan/Projects/small-projects/NewsImpact/venv/lib64/python3.10/site-packages/airflow/example_dags/example_short_circuit_decorator.py for tasks to queue
[2025-07-04T12:28:24.597+0530] {logging_mixin.py:188} INFO - [2025-07-04T12:28:24.597+0530] {dagbag.py:538} INFO - Filling up the DagBag from /home/tejhanagarajan/Projects/small-projects/NewsImpact/venv/lib64/python3.10/site-packages/airflow/example_dags/example_short_circuit_decorator.py
[2025-07-04T12:28:24.601+0530] {processor.py:840} INFO - DAG(s) 'example_short_circuit_decorator' retrieved from /home/tejhanagarajan/Projects/small-projects/NewsImpact/venv/lib64/python3.10/site-packages/airflow/example_dags/example_short_circuit_decorator.py
[2025-07-04T12:28:24.608+0530] {logging_mixin.py:188} INFO - [2025-07-04T12:28:24.608+0530] {dag.py:3036} INFO - Sync 1 DAGs
[2025-07-04T12:28:24.616+0530] {logging_mixin.py:188} INFO - [2025-07-04T12:28:24.616+0530] {dag.py:3823} INFO - Setting next_dagrun for example_short_circuit_decorator to 2025-07-03 00:00:00+00:00, run_after=2025-07-04 00:00:00+00:00
[2025-07-04T12:28:24.633+0530] {processor.py:183} INFO - Processing /home/tejhanagarajan/Projects/small-projects/NewsImpact/venv/lib64/python3.10/site-packages/airflow/example_dags/example_short_circuit_decorator.py took 0.038 seconds
[2025-07-04T12:29:23.593+0530] {processor.py:161} INFO - Started process (PID=26522) to work on /home/tejhanagarajan/Projects/small-projects/NewsImpact/venv/lib64/python3.10/site-packages/airflow/example_dags/example_short_circuit_decorator.py
[2025-07-04T12:29:23.596+0530] {processor.py:830} INFO - Processing file /home/tejhanagarajan/Projects/small-projects/NewsImpact/venv/lib64/python3.10/site-packages/airflow/example_dags/example_short_circuit_decorator.py for tasks to queue
[2025-07-04T12:29:23.596+0530] {logging_mixin.py:188} INFO - [2025-07-04T12:29:23.596+0530] {dagbag.py:538} INFO - Filling up the DagBag from /home/tejhanagarajan/Projects/small-projects/NewsImpact/venv/lib64/python3.10/site-packages/airflow/example_dags/example_short_circuit_decorator.py
[2025-07-04T12:29:23.600+0530] {processor.py:840} INFO - DAG(s) 'example_short_circuit_decorator' retrieved from /home/tejhanagarajan/Projects/small-projects/NewsImpact/venv/lib64/python3.10/site-packages/airflow/example_dags/example_short_circuit_decorator.py
[2025-07-04T12:29:23.607+0530] {logging_mixin.py:188} INFO - [2025-07-04T12:29:23.607+0530] {dag.py:3036} INFO - Sync 1 DAGs
[2025-07-04T12:29:23.615+0530] {logging_mixin.py:188} INFO - [2025-07-04T12:29:23.615+0530] {dag.py:3823} INFO - Setting next_dagrun for example_short_circuit_decorator to 2025-07-03 00:00:00+00:00, run_after=2025-07-04 00:00:00+00:00
[2025-07-04T12:29:23.634+0530] {processor.py:183} INFO - Processing /home/tejhanagarajan/Projects/small-projects/NewsImpact/venv/lib64/python3.10/site-packages/airflow/example_dags/example_short_circuit_decorator.py took 0.042 seconds
[2025-07-04T12:30:12.266+0530] {processor.py:161} INFO - Started process (PID=26876) to work on /home/tejhanagarajan/Projects/small-projects/NewsImpact/venv/lib64/python3.10/site-packages/airflow/example_dags/example_short_circuit_decorator.py
[2025-07-04T12:30:12.269+0530] {processor.py:830} INFO - Processing file /home/tejhanagarajan/Projects/small-projects/NewsImpact/venv/lib64/python3.10/site-packages/airflow/example_dags/example_short_circuit_decorator.py for tasks to queue
[2025-07-04T12:30:12.270+0530] {logging_mixin.py:188} INFO - [2025-07-04T12:30:12.269+0530] {dagbag.py:538} INFO - Filling up the DagBag from /home/tejhanagarajan/Projects/small-projects/NewsImpact/venv/lib64/python3.10/site-packages/airflow/example_dags/example_short_circuit_decorator.py
[2025-07-04T12:30:12.278+0530] {processor.py:840} INFO - DAG(s) 'example_short_circuit_decorator' retrieved from /home/tejhanagarajan/Projects/small-projects/NewsImpact/venv/lib64/python3.10/site-packages/airflow/example_dags/example_short_circuit_decorator.py
[2025-07-04T12:30:12.286+0530] {logging_mixin.py:188} INFO - [2025-07-04T12:30:12.286+0530] {dag.py:3036} INFO - Sync 1 DAGs
[2025-07-04T12:30:12.294+0530] {logging_mixin.py:188} INFO - [2025-07-04T12:30:12.294+0530] {dag.py:3823} INFO - Setting next_dagrun for example_short_circuit_decorator to 2025-07-03 00:00:00+00:00, run_after=2025-07-04 00:00:00+00:00
[2025-07-04T12:30:12.311+0530] {processor.py:183} INFO - Processing /home/tejhanagarajan/Projects/small-projects/NewsImpact/venv/lib64/python3.10/site-packages/airflow/example_dags/example_short_circuit_decorator.py took 0.048 seconds
[2025-07-04T12:31:05.985+0530] {processor.py:161} INFO - Started process (PID=27286) to work on /home/tejhanagarajan/Projects/small-projects/NewsImpact/venv/lib64/python3.10/site-packages/airflow/example_dags/example_short_circuit_decorator.py
[2025-07-04T12:31:05.988+0530] {processor.py:830} INFO - Processing file /home/tejhanagarajan/Projects/small-projects/NewsImpact/venv/lib64/python3.10/site-packages/airflow/example_dags/example_short_circuit_decorator.py for tasks to queue
[2025-07-04T12:31:05.989+0530] {logging_mixin.py:188} INFO - [2025-07-04T12:31:05.989+0530] {dagbag.py:538} INFO - Filling up the DagBag from /home/tejhanagarajan/Projects/small-projects/NewsImpact/venv/lib64/python3.10/site-packages/airflow/example_dags/example_short_circuit_decorator.py
[2025-07-04T12:31:05.995+0530] {processor.py:840} INFO - DAG(s) 'example_short_circuit_decorator' retrieved from /home/tejhanagarajan/Projects/small-projects/NewsImpact/venv/lib64/python3.10/site-packages/airflow/example_dags/example_short_circuit_decorator.py
[2025-07-04T12:31:06.002+0530] {logging_mixin.py:188} INFO - [2025-07-04T12:31:06.002+0530] {dag.py:3036} INFO - Sync 1 DAGs
[2025-07-04T12:31:06.010+0530] {logging_mixin.py:188} INFO - [2025-07-04T12:31:06.010+0530] {dag.py:3823} INFO - Setting next_dagrun for example_short_circuit_decorator to 2025-07-03 00:00:00+00:00, run_after=2025-07-04 00:00:00+00:00
[2025-07-04T12:31:06.026+0530] {processor.py:183} INFO - Processing /home/tejhanagarajan/Projects/small-projects/NewsImpact/venv/lib64/python3.10/site-packages/airflow/example_dags/example_short_circuit_decorator.py took 0.044 seconds
[2025-07-04T12:33:12.363+0530] {processor.py:161} INFO - Started process (PID=30102) to work on /home/tejhanagarajan/Projects/small-projects/NewsImpact/venv/lib64/python3.10/site-packages/airflow/example_dags/example_short_circuit_decorator.py
[2025-07-04T12:33:12.366+0530] {processor.py:830} INFO - Processing file /home/tejhanagarajan/Projects/small-projects/NewsImpact/venv/lib64/python3.10/site-packages/airflow/example_dags/example_short_circuit_decorator.py for tasks to queue
[2025-07-04T12:33:12.367+0530] {logging_mixin.py:188} INFO - [2025-07-04T12:33:12.366+0530] {dagbag.py:538} INFO - Filling up the DagBag from /home/tejhanagarajan/Projects/small-projects/NewsImpact/venv/lib64/python3.10/site-packages/airflow/example_dags/example_short_circuit_decorator.py
[2025-07-04T12:33:12.375+0530] {processor.py:840} INFO - DAG(s) 'example_short_circuit_decorator' retrieved from /home/tejhanagarajan/Projects/small-projects/NewsImpact/venv/lib64/python3.10/site-packages/airflow/example_dags/example_short_circuit_decorator.py
[2025-07-04T12:33:12.385+0530] {logging_mixin.py:188} INFO - [2025-07-04T12:33:12.385+0530] {dag.py:3036} INFO - Sync 1 DAGs
[2025-07-04T12:33:12.394+0530] {logging_mixin.py:188} INFO - [2025-07-04T12:33:12.393+0530] {dag.py:3823} INFO - Setting next_dagrun for example_short_circuit_decorator to 2025-07-03 00:00:00+00:00, run_after=2025-07-04 00:00:00+00:00
[2025-07-04T12:33:12.410+0530] {processor.py:183} INFO - Processing /home/tejhanagarajan/Projects/small-projects/NewsImpact/venv/lib64/python3.10/site-packages/airflow/example_dags/example_short_circuit_decorator.py took 0.050 seconds
[2025-07-04T12:33:58.856+0530] {processor.py:161} INFO - Started process (PID=30453) to work on /home/tejhanagarajan/Projects/small-projects/NewsImpact/venv/lib64/python3.10/site-packages/airflow/example_dags/example_short_circuit_decorator.py
[2025-07-04T12:33:58.859+0530] {processor.py:830} INFO - Processing file /home/tejhanagarajan/Projects/small-projects/NewsImpact/venv/lib64/python3.10/site-packages/airflow/example_dags/example_short_circuit_decorator.py for tasks to queue
[2025-07-04T12:33:58.860+0530] {logging_mixin.py:188} INFO - [2025-07-04T12:33:58.859+0530] {dagbag.py:538} INFO - Filling up the DagBag from /home/tejhanagarajan/Projects/small-projects/NewsImpact/venv/lib64/python3.10/site-packages/airflow/example_dags/example_short_circuit_decorator.py
[2025-07-04T12:33:58.868+0530] {processor.py:840} INFO - DAG(s) 'example_short_circuit_decorator' retrieved from /home/tejhanagarajan/Projects/small-projects/NewsImpact/venv/lib64/python3.10/site-packages/airflow/example_dags/example_short_circuit_decorator.py
[2025-07-04T12:33:58.875+0530] {logging_mixin.py:188} INFO - [2025-07-04T12:33:58.875+0530] {dag.py:3036} INFO - Sync 1 DAGs
[2025-07-04T12:33:58.883+0530] {logging_mixin.py:188} INFO - [2025-07-04T12:33:58.883+0530] {dag.py:3823} INFO - Setting next_dagrun for example_short_circuit_decorator to 2025-07-03 00:00:00+00:00, run_after=2025-07-04 00:00:00+00:00
[2025-07-04T12:33:58.899+0530] {processor.py:183} INFO - Processing /home/tejhanagarajan/Projects/small-projects/NewsImpact/venv/lib64/python3.10/site-packages/airflow/example_dags/example_short_circuit_decorator.py took 0.046 seconds
[2025-07-04T12:34:46.381+0530] {processor.py:161} INFO - Started process (PID=31036) to work on /home/tejhanagarajan/Projects/small-projects/NewsImpact/venv/lib64/python3.10/site-packages/airflow/example_dags/example_short_circuit_decorator.py
[2025-07-04T12:34:46.383+0530] {processor.py:830} INFO - Processing file /home/tejhanagarajan/Projects/small-projects/NewsImpact/venv/lib64/python3.10/site-packages/airflow/example_dags/example_short_circuit_decorator.py for tasks to queue
[2025-07-04T12:34:46.384+0530] {logging_mixin.py:188} INFO - [2025-07-04T12:34:46.383+0530] {dagbag.py:538} INFO - Filling up the DagBag from /home/tejhanagarajan/Projects/small-projects/NewsImpact/venv/lib64/python3.10/site-packages/airflow/example_dags/example_short_circuit_decorator.py
[2025-07-04T12:34:46.389+0530] {processor.py:840} INFO - DAG(s) 'example_short_circuit_decorator' retrieved from /home/tejhanagarajan/Projects/small-projects/NewsImpact/venv/lib64/python3.10/site-packages/airflow/example_dags/example_short_circuit_decorator.py
[2025-07-04T12:34:46.397+0530] {logging_mixin.py:188} INFO - [2025-07-04T12:34:46.397+0530] {dag.py:3036} INFO - Sync 1 DAGs
[2025-07-04T12:34:46.405+0530] {logging_mixin.py:188} INFO - [2025-07-04T12:34:46.405+0530] {dag.py:3823} INFO - Setting next_dagrun for example_short_circuit_decorator to 2025-07-03 00:00:00+00:00, run_after=2025-07-04 00:00:00+00:00
[2025-07-04T12:34:46.422+0530] {processor.py:183} INFO - Processing /home/tejhanagarajan/Projects/small-projects/NewsImpact/venv/lib64/python3.10/site-packages/airflow/example_dags/example_short_circuit_decorator.py took 0.043 seconds
[2025-07-04T12:35:38.392+0530] {processor.py:161} INFO - Started process (PID=31485) to work on /home/tejhanagarajan/Projects/small-projects/NewsImpact/venv/lib64/python3.10/site-packages/airflow/example_dags/example_short_circuit_decorator.py
[2025-07-04T12:35:38.394+0530] {processor.py:830} INFO - Processing file /home/tejhanagarajan/Projects/small-projects/NewsImpact/venv/lib64/python3.10/site-packages/airflow/example_dags/example_short_circuit_decorator.py for tasks to queue
[2025-07-04T12:35:38.394+0530] {logging_mixin.py:188} INFO - [2025-07-04T12:35:38.394+0530] {dagbag.py:538} INFO - Filling up the DagBag from /home/tejhanagarajan/Projects/small-projects/NewsImpact/venv/lib64/python3.10/site-packages/airflow/example_dags/example_short_circuit_decorator.py
[2025-07-04T12:35:38.399+0530] {processor.py:840} INFO - DAG(s) 'example_short_circuit_decorator' retrieved from /home/tejhanagarajan/Projects/small-projects/NewsImpact/venv/lib64/python3.10/site-packages/airflow/example_dags/example_short_circuit_decorator.py
[2025-07-04T12:35:38.406+0530] {logging_mixin.py:188} INFO - [2025-07-04T12:35:38.406+0530] {dag.py:3036} INFO - Sync 1 DAGs
[2025-07-04T12:35:38.414+0530] {logging_mixin.py:188} INFO - [2025-07-04T12:35:38.414+0530] {dag.py:3823} INFO - Setting next_dagrun for example_short_circuit_decorator to 2025-07-03 00:00:00+00:00, run_after=2025-07-04 00:00:00+00:00
[2025-07-04T12:35:38.431+0530] {processor.py:183} INFO - Processing /home/tejhanagarajan/Projects/small-projects/NewsImpact/venv/lib64/python3.10/site-packages/airflow/example_dags/example_short_circuit_decorator.py took 0.040 seconds
[2025-07-04T12:36:33.285+0530] {processor.py:161} INFO - Started process (PID=31885) to work on /home/tejhanagarajan/Projects/small-projects/NewsImpact/venv/lib64/python3.10/site-packages/airflow/example_dags/example_short_circuit_decorator.py
[2025-07-04T12:36:33.287+0530] {processor.py:830} INFO - Processing file /home/tejhanagarajan/Projects/small-projects/NewsImpact/venv/lib64/python3.10/site-packages/airflow/example_dags/example_short_circuit_decorator.py for tasks to queue
[2025-07-04T12:36:33.287+0530] {logging_mixin.py:188} INFO - [2025-07-04T12:36:33.287+0530] {dagbag.py:538} INFO - Filling up the DagBag from /home/tejhanagarajan/Projects/small-projects/NewsImpact/venv/lib64/python3.10/site-packages/airflow/example_dags/example_short_circuit_decorator.py
[2025-07-04T12:36:33.293+0530] {processor.py:840} INFO - DAG(s) 'example_short_circuit_decorator' retrieved from /home/tejhanagarajan/Projects/small-projects/NewsImpact/venv/lib64/python3.10/site-packages/airflow/example_dags/example_short_circuit_decorator.py
[2025-07-04T12:36:33.303+0530] {logging_mixin.py:188} INFO - [2025-07-04T12:36:33.302+0530] {dag.py:3036} INFO - Sync 1 DAGs
[2025-07-04T12:36:33.312+0530] {logging_mixin.py:188} INFO - [2025-07-04T12:36:33.312+0530] {dag.py:3823} INFO - Setting next_dagrun for example_short_circuit_decorator to 2025-07-03 00:00:00+00:00, run_after=2025-07-04 00:00:00+00:00
[2025-07-04T12:36:33.330+0530] {processor.py:183} INFO - Processing /home/tejhanagarajan/Projects/small-projects/NewsImpact/venv/lib64/python3.10/site-packages/airflow/example_dags/example_short_circuit_decorator.py took 0.047 seconds
[2025-07-04T12:37:21.789+0530] {processor.py:161} INFO - Started process (PID=32381) to work on /home/tejhanagarajan/Projects/small-projects/NewsImpact/venv/lib64/python3.10/site-packages/airflow/example_dags/example_short_circuit_decorator.py
[2025-07-04T12:37:21.790+0530] {processor.py:830} INFO - Processing file /home/tejhanagarajan/Projects/small-projects/NewsImpact/venv/lib64/python3.10/site-packages/airflow/example_dags/example_short_circuit_decorator.py for tasks to queue
[2025-07-04T12:37:21.790+0530] {logging_mixin.py:188} INFO - [2025-07-04T12:37:21.790+0530] {dagbag.py:538} INFO - Filling up the DagBag from /home/tejhanagarajan/Projects/small-projects/NewsImpact/venv/lib64/python3.10/site-packages/airflow/example_dags/example_short_circuit_decorator.py
[2025-07-04T12:37:21.795+0530] {processor.py:840} INFO - DAG(s) 'example_short_circuit_decorator' retrieved from /home/tejhanagarajan/Projects/small-projects/NewsImpact/venv/lib64/python3.10/site-packages/airflow/example_dags/example_short_circuit_decorator.py
[2025-07-04T12:37:21.802+0530] {logging_mixin.py:188} INFO - [2025-07-04T12:37:21.802+0530] {dag.py:3036} INFO - Sync 1 DAGs
[2025-07-04T12:37:21.811+0530] {logging_mixin.py:188} INFO - [2025-07-04T12:37:21.810+0530] {dag.py:3823} INFO - Setting next_dagrun for example_short_circuit_decorator to 2025-07-03 00:00:00+00:00, run_after=2025-07-04 00:00:00+00:00
[2025-07-04T12:37:21.826+0530] {processor.py:183} INFO - Processing /home/tejhanagarajan/Projects/small-projects/NewsImpact/venv/lib64/python3.10/site-packages/airflow/example_dags/example_short_circuit_decorator.py took 0.039 seconds
[2025-07-04T12:38:11.115+0530] {processor.py:161} INFO - Started process (PID=34771) to work on /home/tejhanagarajan/Projects/small-projects/NewsImpact/venv/lib64/python3.10/site-packages/airflow/example_dags/example_short_circuit_decorator.py
[2025-07-04T12:38:11.117+0530] {processor.py:830} INFO - Processing file /home/tejhanagarajan/Projects/small-projects/NewsImpact/venv/lib64/python3.10/site-packages/airflow/example_dags/example_short_circuit_decorator.py for tasks to queue
[2025-07-04T12:38:11.118+0530] {logging_mixin.py:188} INFO - [2025-07-04T12:38:11.118+0530] {dagbag.py:538} INFO - Filling up the DagBag from /home/tejhanagarajan/Projects/small-projects/NewsImpact/venv/lib64/python3.10/site-packages/airflow/example_dags/example_short_circuit_decorator.py
[2025-07-04T12:38:11.125+0530] {processor.py:840} INFO - DAG(s) 'example_short_circuit_decorator' retrieved from /home/tejhanagarajan/Projects/small-projects/NewsImpact/venv/lib64/python3.10/site-packages/airflow/example_dags/example_short_circuit_decorator.py
[2025-07-04T12:38:11.132+0530] {logging_mixin.py:188} INFO - [2025-07-04T12:38:11.132+0530] {dag.py:3036} INFO - Sync 1 DAGs
[2025-07-04T12:38:11.140+0530] {logging_mixin.py:188} INFO - [2025-07-04T12:38:11.140+0530] {dag.py:3823} INFO - Setting next_dagrun for example_short_circuit_decorator to 2025-07-03 00:00:00+00:00, run_after=2025-07-04 00:00:00+00:00
[2025-07-04T12:38:11.155+0530] {processor.py:183} INFO - Processing /home/tejhanagarajan/Projects/small-projects/NewsImpact/venv/lib64/python3.10/site-packages/airflow/example_dags/example_short_circuit_decorator.py took 0.043 seconds
[2025-07-04T12:38:14.431+0530] {processor.py:161} INFO - Started process (PID=34799) to work on /home/tejhanagarajan/Projects/small-projects/NewsImpact/venv/lib64/python3.10/site-packages/airflow/example_dags/example_short_circuit_decorator.py
[2025-07-04T12:38:14.432+0530] {processor.py:830} INFO - Processing file /home/tejhanagarajan/Projects/small-projects/NewsImpact/venv/lib64/python3.10/site-packages/airflow/example_dags/example_short_circuit_decorator.py for tasks to queue
[2025-07-04T12:38:14.433+0530] {logging_mixin.py:188} INFO - [2025-07-04T12:38:14.433+0530] {dagbag.py:538} INFO - Filling up the DagBag from /home/tejhanagarajan/Projects/small-projects/NewsImpact/venv/lib64/python3.10/site-packages/airflow/example_dags/example_short_circuit_decorator.py
[2025-07-04T12:38:14.438+0530] {processor.py:840} INFO - DAG(s) 'example_short_circuit_decorator' retrieved from /home/tejhanagarajan/Projects/small-projects/NewsImpact/venv/lib64/python3.10/site-packages/airflow/example_dags/example_short_circuit_decorator.py
[2025-07-04T12:38:14.446+0530] {logging_mixin.py:188} INFO - [2025-07-04T12:38:14.446+0530] {dag.py:3036} INFO - Sync 1 DAGs
[2025-07-04T12:38:14.455+0530] {logging_mixin.py:188} INFO - [2025-07-04T12:38:14.455+0530] {dag.py:3823} INFO - Setting next_dagrun for example_short_circuit_decorator to 2025-07-03 00:00:00+00:00, run_after=2025-07-04 00:00:00+00:00
[2025-07-04T12:38:14.471+0530] {processor.py:183} INFO - Processing /home/tejhanagarajan/Projects/small-projects/NewsImpact/venv/lib64/python3.10/site-packages/airflow/example_dags/example_short_circuit_decorator.py took 0.042 seconds
[2025-07-04T12:39:02.012+0530] {processor.py:161} INFO - Started process (PID=35210) to work on /home/tejhanagarajan/Projects/small-projects/NewsImpact/venv/lib64/python3.10/site-packages/airflow/example_dags/example_short_circuit_decorator.py
[2025-07-04T12:39:02.014+0530] {processor.py:830} INFO - Processing file /home/tejhanagarajan/Projects/small-projects/NewsImpact/venv/lib64/python3.10/site-packages/airflow/example_dags/example_short_circuit_decorator.py for tasks to queue
[2025-07-04T12:39:02.014+0530] {logging_mixin.py:188} INFO - [2025-07-04T12:39:02.014+0530] {dagbag.py:538} INFO - Filling up the DagBag from /home/tejhanagarajan/Projects/small-projects/NewsImpact/venv/lib64/python3.10/site-packages/airflow/example_dags/example_short_circuit_decorator.py
[2025-07-04T12:39:02.019+0530] {processor.py:840} INFO - DAG(s) 'example_short_circuit_decorator' retrieved from /home/tejhanagarajan/Projects/small-projects/NewsImpact/venv/lib64/python3.10/site-packages/airflow/example_dags/example_short_circuit_decorator.py
[2025-07-04T12:39:02.027+0530] {logging_mixin.py:188} INFO - [2025-07-04T12:39:02.027+0530] {dag.py:3036} INFO - Sync 1 DAGs
[2025-07-04T12:39:02.036+0530] {logging_mixin.py:188} INFO - [2025-07-04T12:39:02.036+0530] {dag.py:3823} INFO - Setting next_dagrun for example_short_circuit_decorator to 2025-07-03 00:00:00+00:00, run_after=2025-07-04 00:00:00+00:00
[2025-07-04T12:39:02.054+0530] {processor.py:183} INFO - Processing /home/tejhanagarajan/Projects/small-projects/NewsImpact/venv/lib64/python3.10/site-packages/airflow/example_dags/example_short_circuit_decorator.py took 0.043 seconds
[2025-07-04T12:39:02.117+0530] {processor.py:161} INFO - Started process (PID=35211) to work on /home/tejhanagarajan/Projects/small-projects/NewsImpact/venv/lib64/python3.10/site-packages/airflow/example_dags/example_short_circuit_decorator.py
[2025-07-04T12:39:02.117+0530] {processor.py:830} INFO - Processing file /home/tejhanagarajan/Projects/small-projects/NewsImpact/venv/lib64/python3.10/site-packages/airflow/example_dags/example_short_circuit_decorator.py for tasks to queue
[2025-07-04T12:39:02.117+0530] {logging_mixin.py:188} INFO - [2025-07-04T12:39:02.117+0530] {dagbag.py:538} INFO - Filling up the DagBag from /home/tejhanagarajan/Projects/small-projects/NewsImpact/venv/lib64/python3.10/site-packages/airflow/example_dags/example_short_circuit_decorator.py
[2025-07-04T12:39:02.123+0530] {processor.py:840} INFO - DAG(s) 'example_short_circuit_decorator' retrieved from /home/tejhanagarajan/Projects/small-projects/NewsImpact/venv/lib64/python3.10/site-packages/airflow/example_dags/example_short_circuit_decorator.py
[2025-07-04T12:39:02.131+0530] {logging_mixin.py:188} INFO - [2025-07-04T12:39:02.131+0530] {dag.py:3036} INFO - Sync 1 DAGs
[2025-07-04T12:39:02.140+0530] {logging_mixin.py:188} INFO - [2025-07-04T12:39:02.140+0530] {dag.py:3823} INFO - Setting next_dagrun for example_short_circuit_decorator to 2025-07-03 00:00:00+00:00, run_after=2025-07-04 00:00:00+00:00
[2025-07-04T12:39:02.158+0530] {processor.py:183} INFO - Processing /home/tejhanagarajan/Projects/small-projects/NewsImpact/venv/lib64/python3.10/site-packages/airflow/example_dags/example_short_circuit_decorator.py took 0.043 seconds
[2025-07-04T12:39:49.553+0530] {processor.py:161} INFO - Started process (PID=35655) to work on /home/tejhanagarajan/Projects/small-projects/NewsImpact/venv/lib64/python3.10/site-packages/airflow/example_dags/example_short_circuit_decorator.py
[2025-07-04T12:39:49.556+0530] {processor.py:830} INFO - Processing file /home/tejhanagarajan/Projects/small-projects/NewsImpact/venv/lib64/python3.10/site-packages/airflow/example_dags/example_short_circuit_decorator.py for tasks to queue
[2025-07-04T12:39:49.556+0530] {logging_mixin.py:188} INFO - [2025-07-04T12:39:49.556+0530] {dagbag.py:538} INFO - Filling up the DagBag from /home/tejhanagarajan/Projects/small-projects/NewsImpact/venv/lib64/python3.10/site-packages/airflow/example_dags/example_short_circuit_decorator.py
[2025-07-04T12:39:49.561+0530] {processor.py:840} INFO - DAG(s) 'example_short_circuit_decorator' retrieved from /home/tejhanagarajan/Projects/small-projects/NewsImpact/venv/lib64/python3.10/site-packages/airflow/example_dags/example_short_circuit_decorator.py
[2025-07-04T12:39:49.569+0530] {logging_mixin.py:188} INFO - [2025-07-04T12:39:49.569+0530] {dag.py:3036} INFO - Sync 1 DAGs
[2025-07-04T12:39:49.578+0530] {logging_mixin.py:188} INFO - [2025-07-04T12:39:49.578+0530] {dag.py:3823} INFO - Setting next_dagrun for example_short_circuit_decorator to 2025-07-03 00:00:00+00:00, run_after=2025-07-04 00:00:00+00:00
[2025-07-04T12:39:49.596+0530] {processor.py:183} INFO - Processing /home/tejhanagarajan/Projects/small-projects/NewsImpact/venv/lib64/python3.10/site-packages/airflow/example_dags/example_short_circuit_decorator.py took 0.044 seconds
[2025-07-04T12:39:55.583+0530] {processor.py:161} INFO - Started process (PID=35893) to work on /home/tejhanagarajan/Projects/small-projects/NewsImpact/venv/lib64/python3.10/site-packages/airflow/example_dags/example_short_circuit_decorator.py
[2025-07-04T12:39:55.584+0530] {processor.py:830} INFO - Processing file /home/tejhanagarajan/Projects/small-projects/NewsImpact/venv/lib64/python3.10/site-packages/airflow/example_dags/example_short_circuit_decorator.py for tasks to queue
[2025-07-04T12:39:55.584+0530] {logging_mixin.py:188} INFO - [2025-07-04T12:39:55.584+0530] {dagbag.py:538} INFO - Filling up the DagBag from /home/tejhanagarajan/Projects/small-projects/NewsImpact/venv/lib64/python3.10/site-packages/airflow/example_dags/example_short_circuit_decorator.py
[2025-07-04T12:39:55.589+0530] {processor.py:840} INFO - DAG(s) 'example_short_circuit_decorator' retrieved from /home/tejhanagarajan/Projects/small-projects/NewsImpact/venv/lib64/python3.10/site-packages/airflow/example_dags/example_short_circuit_decorator.py
[2025-07-04T12:39:55.597+0530] {logging_mixin.py:188} INFO - [2025-07-04T12:39:55.597+0530] {dag.py:3036} INFO - Sync 1 DAGs
[2025-07-04T12:39:55.605+0530] {logging_mixin.py:188} INFO - [2025-07-04T12:39:55.605+0530] {dag.py:3823} INFO - Setting next_dagrun for example_short_circuit_decorator to 2025-07-03 00:00:00+00:00, run_after=2025-07-04 00:00:00+00:00
[2025-07-04T12:39:55.621+0530] {processor.py:183} INFO - Processing /home/tejhanagarajan/Projects/small-projects/NewsImpact/venv/lib64/python3.10/site-packages/airflow/example_dags/example_short_circuit_decorator.py took 0.040 seconds
[2025-07-04T12:42:16.661+0530] {processor.py:161} INFO - Started process (PID=37903) to work on /home/tejhanagarajan/Projects/small-projects/NewsImpact/venv/lib64/python3.10/site-packages/airflow/example_dags/example_short_circuit_decorator.py
[2025-07-04T12:42:16.663+0530] {processor.py:830} INFO - Processing file /home/tejhanagarajan/Projects/small-projects/NewsImpact/venv/lib64/python3.10/site-packages/airflow/example_dags/example_short_circuit_decorator.py for tasks to queue
[2025-07-04T12:42:16.664+0530] {logging_mixin.py:188} INFO - [2025-07-04T12:42:16.664+0530] {dagbag.py:538} INFO - Filling up the DagBag from /home/tejhanagarajan/Projects/small-projects/NewsImpact/venv/lib64/python3.10/site-packages/airflow/example_dags/example_short_circuit_decorator.py
[2025-07-04T12:42:16.671+0530] {processor.py:840} INFO - DAG(s) 'example_short_circuit_decorator' retrieved from /home/tejhanagarajan/Projects/small-projects/NewsImpact/venv/lib64/python3.10/site-packages/airflow/example_dags/example_short_circuit_decorator.py
[2025-07-04T12:42:16.680+0530] {logging_mixin.py:188} INFO - [2025-07-04T12:42:16.680+0530] {dag.py:3036} INFO - Sync 1 DAGs
[2025-07-04T12:42:16.689+0530] {logging_mixin.py:188} INFO - [2025-07-04T12:42:16.689+0530] {dag.py:3823} INFO - Setting next_dagrun for example_short_circuit_decorator to 2025-07-03 00:00:00+00:00, run_after=2025-07-04 00:00:00+00:00
[2025-07-04T12:42:16.705+0530] {processor.py:183} INFO - Processing /home/tejhanagarajan/Projects/small-projects/NewsImpact/venv/lib64/python3.10/site-packages/airflow/example_dags/example_short_circuit_decorator.py took 0.047 seconds
[2025-07-04T12:43:01.836+0530] {processor.py:161} INFO - Started process (PID=38238) to work on /home/tejhanagarajan/Projects/small-projects/NewsImpact/venv/lib64/python3.10/site-packages/airflow/example_dags/example_short_circuit_decorator.py
[2025-07-04T12:43:01.839+0530] {processor.py:830} INFO - Processing file /home/tejhanagarajan/Projects/small-projects/NewsImpact/venv/lib64/python3.10/site-packages/airflow/example_dags/example_short_circuit_decorator.py for tasks to queue
[2025-07-04T12:43:01.839+0530] {logging_mixin.py:188} INFO - [2025-07-04T12:43:01.839+0530] {dagbag.py:538} INFO - Filling up the DagBag from /home/tejhanagarajan/Projects/small-projects/NewsImpact/venv/lib64/python3.10/site-packages/airflow/example_dags/example_short_circuit_decorator.py
[2025-07-04T12:43:01.846+0530] {processor.py:840} INFO - DAG(s) 'example_short_circuit_decorator' retrieved from /home/tejhanagarajan/Projects/small-projects/NewsImpact/venv/lib64/python3.10/site-packages/airflow/example_dags/example_short_circuit_decorator.py
[2025-07-04T12:43:01.854+0530] {logging_mixin.py:188} INFO - [2025-07-04T12:43:01.854+0530] {dag.py:3036} INFO - Sync 1 DAGs
[2025-07-04T12:43:01.863+0530] {logging_mixin.py:188} INFO - [2025-07-04T12:43:01.863+0530] {dag.py:3823} INFO - Setting next_dagrun for example_short_circuit_decorator to 2025-07-03 00:00:00+00:00, run_after=2025-07-04 00:00:00+00:00
[2025-07-04T12:43:01.879+0530] {processor.py:183} INFO - Processing /home/tejhanagarajan/Projects/small-projects/NewsImpact/venv/lib64/python3.10/site-packages/airflow/example_dags/example_short_circuit_decorator.py took 0.045 seconds
[2025-07-04T12:43:50.574+0530] {processor.py:161} INFO - Started process (PID=38636) to work on /home/tejhanagarajan/Projects/small-projects/NewsImpact/venv/lib64/python3.10/site-packages/airflow/example_dags/example_short_circuit_decorator.py
[2025-07-04T12:43:50.577+0530] {processor.py:830} INFO - Processing file /home/tejhanagarajan/Projects/small-projects/NewsImpact/venv/lib64/python3.10/site-packages/airflow/example_dags/example_short_circuit_decorator.py for tasks to queue
[2025-07-04T12:43:50.577+0530] {logging_mixin.py:188} INFO - [2025-07-04T12:43:50.577+0530] {dagbag.py:538} INFO - Filling up the DagBag from /home/tejhanagarajan/Projects/small-projects/NewsImpact/venv/lib64/python3.10/site-packages/airflow/example_dags/example_short_circuit_decorator.py
[2025-07-04T12:43:50.581+0530] {processor.py:840} INFO - DAG(s) 'example_short_circuit_decorator' retrieved from /home/tejhanagarajan/Projects/small-projects/NewsImpact/venv/lib64/python3.10/site-packages/airflow/example_dags/example_short_circuit_decorator.py
[2025-07-04T12:43:50.589+0530] {logging_mixin.py:188} INFO - [2025-07-04T12:43:50.589+0530] {dag.py:3036} INFO - Sync 1 DAGs
[2025-07-04T12:43:50.596+0530] {logging_mixin.py:188} INFO - [2025-07-04T12:43:50.596+0530] {dag.py:3823} INFO - Setting next_dagrun for example_short_circuit_decorator to 2025-07-03 00:00:00+00:00, run_after=2025-07-04 00:00:00+00:00
[2025-07-04T12:43:50.615+0530] {processor.py:183} INFO - Processing /home/tejhanagarajan/Projects/small-projects/NewsImpact/venv/lib64/python3.10/site-packages/airflow/example_dags/example_short_circuit_decorator.py took 0.042 seconds
[2025-07-04T12:44:41.742+0530] {processor.py:161} INFO - Started process (PID=39005) to work on /home/tejhanagarajan/Projects/small-projects/NewsImpact/venv/lib64/python3.10/site-packages/airflow/example_dags/example_short_circuit_decorator.py
[2025-07-04T12:44:41.744+0530] {processor.py:830} INFO - Processing file /home/tejhanagarajan/Projects/small-projects/NewsImpact/venv/lib64/python3.10/site-packages/airflow/example_dags/example_short_circuit_decorator.py for tasks to queue
[2025-07-04T12:44:41.745+0530] {logging_mixin.py:188} INFO - [2025-07-04T12:44:41.745+0530] {dagbag.py:538} INFO - Filling up the DagBag from /home/tejhanagarajan/Projects/small-projects/NewsImpact/venv/lib64/python3.10/site-packages/airflow/example_dags/example_short_circuit_decorator.py
[2025-07-04T12:44:41.752+0530] {processor.py:840} INFO - DAG(s) 'example_short_circuit_decorator' retrieved from /home/tejhanagarajan/Projects/small-projects/NewsImpact/venv/lib64/python3.10/site-packages/airflow/example_dags/example_short_circuit_decorator.py
[2025-07-04T12:44:41.765+0530] {logging_mixin.py:188} INFO - [2025-07-04T12:44:41.764+0530] {dag.py:3036} INFO - Sync 1 DAGs
[2025-07-04T12:44:41.773+0530] {logging_mixin.py:188} INFO - [2025-07-04T12:44:41.773+0530] {dag.py:3823} INFO - Setting next_dagrun for example_short_circuit_decorator to 2025-07-03 00:00:00+00:00, run_after=2025-07-04 00:00:00+00:00
[2025-07-04T12:44:41.790+0530] {processor.py:183} INFO - Processing /home/tejhanagarajan/Projects/small-projects/NewsImpact/venv/lib64/python3.10/site-packages/airflow/example_dags/example_short_circuit_decorator.py took 0.052 seconds
[2025-07-04T12:45:33.594+0530] {processor.py:161} INFO - Started process (PID=39387) to work on /home/tejhanagarajan/Projects/small-projects/NewsImpact/venv/lib64/python3.10/site-packages/airflow/example_dags/example_short_circuit_decorator.py
[2025-07-04T12:45:33.597+0530] {processor.py:830} INFO - Processing file /home/tejhanagarajan/Projects/small-projects/NewsImpact/venv/lib64/python3.10/site-packages/airflow/example_dags/example_short_circuit_decorator.py for tasks to queue
[2025-07-04T12:45:33.597+0530] {logging_mixin.py:188} INFO - [2025-07-04T12:45:33.597+0530] {dagbag.py:538} INFO - Filling up the DagBag from /home/tejhanagarajan/Projects/small-projects/NewsImpact/venv/lib64/python3.10/site-packages/airflow/example_dags/example_short_circuit_decorator.py
[2025-07-04T12:45:33.601+0530] {processor.py:840} INFO - DAG(s) 'example_short_circuit_decorator' retrieved from /home/tejhanagarajan/Projects/small-projects/NewsImpact/venv/lib64/python3.10/site-packages/airflow/example_dags/example_short_circuit_decorator.py
[2025-07-04T12:45:33.609+0530] {logging_mixin.py:188} INFO - [2025-07-04T12:45:33.609+0530] {dag.py:3036} INFO - Sync 1 DAGs
[2025-07-04T12:45:33.616+0530] {logging_mixin.py:188} INFO - [2025-07-04T12:45:33.616+0530] {dag.py:3823} INFO - Setting next_dagrun for example_short_circuit_decorator to 2025-07-03 00:00:00+00:00, run_after=2025-07-04 00:00:00+00:00
[2025-07-04T12:45:33.632+0530] {processor.py:183} INFO - Processing /home/tejhanagarajan/Projects/small-projects/NewsImpact/venv/lib64/python3.10/site-packages/airflow/example_dags/example_short_circuit_decorator.py took 0.040 seconds
[2025-07-04T12:46:27.418+0530] {processor.py:161} INFO - Started process (PID=39767) to work on /home/tejhanagarajan/Projects/small-projects/NewsImpact/venv/lib64/python3.10/site-packages/airflow/example_dags/example_short_circuit_decorator.py
[2025-07-04T12:46:27.420+0530] {processor.py:830} INFO - Processing file /home/tejhanagarajan/Projects/small-projects/NewsImpact/venv/lib64/python3.10/site-packages/airflow/example_dags/example_short_circuit_decorator.py for tasks to queue
[2025-07-04T12:46:27.420+0530] {logging_mixin.py:188} INFO - [2025-07-04T12:46:27.420+0530] {dagbag.py:538} INFO - Filling up the DagBag from /home/tejhanagarajan/Projects/small-projects/NewsImpact/venv/lib64/python3.10/site-packages/airflow/example_dags/example_short_circuit_decorator.py
[2025-07-04T12:46:27.425+0530] {processor.py:840} INFO - DAG(s) 'example_short_circuit_decorator' retrieved from /home/tejhanagarajan/Projects/small-projects/NewsImpact/venv/lib64/python3.10/site-packages/airflow/example_dags/example_short_circuit_decorator.py
[2025-07-04T12:46:27.433+0530] {logging_mixin.py:188} INFO - [2025-07-04T12:46:27.433+0530] {dag.py:3036} INFO - Sync 1 DAGs
[2025-07-04T12:46:27.442+0530] {logging_mixin.py:188} INFO - [2025-07-04T12:46:27.442+0530] {dag.py:3823} INFO - Setting next_dagrun for example_short_circuit_decorator to 2025-07-03 00:00:00+00:00, run_after=2025-07-04 00:00:00+00:00
[2025-07-04T12:46:27.459+0530] {processor.py:183} INFO - Processing /home/tejhanagarajan/Projects/small-projects/NewsImpact/venv/lib64/python3.10/site-packages/airflow/example_dags/example_short_circuit_decorator.py took 0.042 seconds
[2025-07-04T12:47:19.396+0530] {processor.py:161} INFO - Started process (PID=40151) to work on /home/tejhanagarajan/Projects/small-projects/NewsImpact/venv/lib64/python3.10/site-packages/airflow/example_dags/example_short_circuit_decorator.py
[2025-07-04T12:47:19.399+0530] {processor.py:830} INFO - Processing file /home/tejhanagarajan/Projects/small-projects/NewsImpact/venv/lib64/python3.10/site-packages/airflow/example_dags/example_short_circuit_decorator.py for tasks to queue
[2025-07-04T12:47:19.400+0530] {logging_mixin.py:188} INFO - [2025-07-04T12:47:19.399+0530] {dagbag.py:538} INFO - Filling up the DagBag from /home/tejhanagarajan/Projects/small-projects/NewsImpact/venv/lib64/python3.10/site-packages/airflow/example_dags/example_short_circuit_decorator.py
[2025-07-04T12:47:19.405+0530] {processor.py:840} INFO - DAG(s) 'example_short_circuit_decorator' retrieved from /home/tejhanagarajan/Projects/small-projects/NewsImpact/venv/lib64/python3.10/site-packages/airflow/example_dags/example_short_circuit_decorator.py
[2025-07-04T12:47:19.413+0530] {logging_mixin.py:188} INFO - [2025-07-04T12:47:19.413+0530] {dag.py:3036} INFO - Sync 1 DAGs
[2025-07-04T12:47:19.421+0530] {logging_mixin.py:188} INFO - [2025-07-04T12:47:19.421+0530] {dag.py:3823} INFO - Setting next_dagrun for example_short_circuit_decorator to 2025-07-03 00:00:00+00:00, run_after=2025-07-04 00:00:00+00:00
[2025-07-04T12:47:19.436+0530] {processor.py:183} INFO - Processing /home/tejhanagarajan/Projects/small-projects/NewsImpact/venv/lib64/python3.10/site-packages/airflow/example_dags/example_short_circuit_decorator.py took 0.042 seconds
[2025-07-04T12:48:09.072+0530] {processor.py:161} INFO - Started process (PID=40539) to work on /home/tejhanagarajan/Projects/small-projects/NewsImpact/venv/lib64/python3.10/site-packages/airflow/example_dags/example_short_circuit_decorator.py
[2025-07-04T12:48:09.074+0530] {processor.py:830} INFO - Processing file /home/tejhanagarajan/Projects/small-projects/NewsImpact/venv/lib64/python3.10/site-packages/airflow/example_dags/example_short_circuit_decorator.py for tasks to queue
[2025-07-04T12:48:09.075+0530] {logging_mixin.py:188} INFO - [2025-07-04T12:48:09.075+0530] {dagbag.py:538} INFO - Filling up the DagBag from /home/tejhanagarajan/Projects/small-projects/NewsImpact/venv/lib64/python3.10/site-packages/airflow/example_dags/example_short_circuit_decorator.py
[2025-07-04T12:48:09.081+0530] {processor.py:840} INFO - DAG(s) 'example_short_circuit_decorator' retrieved from /home/tejhanagarajan/Projects/small-projects/NewsImpact/venv/lib64/python3.10/site-packages/airflow/example_dags/example_short_circuit_decorator.py
[2025-07-04T12:48:09.089+0530] {logging_mixin.py:188} INFO - [2025-07-04T12:48:09.089+0530] {dag.py:3036} INFO - Sync 1 DAGs
[2025-07-04T12:48:09.097+0530] {logging_mixin.py:188} INFO - [2025-07-04T12:48:09.097+0530] {dag.py:3823} INFO - Setting next_dagrun for example_short_circuit_decorator to 2025-07-03 00:00:00+00:00, run_after=2025-07-04 00:00:00+00:00
[2025-07-04T12:48:09.114+0530] {processor.py:183} INFO - Processing /home/tejhanagarajan/Projects/small-projects/NewsImpact/venv/lib64/python3.10/site-packages/airflow/example_dags/example_short_circuit_decorator.py took 0.043 seconds
