[2025-07-04T12:26:58.377+0530] {processor.py:161} INFO - Started process (PID=25318) to work on /home/tejhanagarajan/Projects/small-projects/NewsImpact/venv/lib64/python3.10/site-packages/airflow/example_dags/example_local_kubernetes_executor.py
[2025-07-04T12:26:58.378+0530] {processor.py:830} INFO - Processing file /home/tejhanagarajan/Projects/small-projects/NewsImpact/venv/lib64/python3.10/site-packages/airflow/example_dags/example_local_kubernetes_executor.py for tasks to queue
[2025-07-04T12:26:58.378+0530] {logging_mixin.py:188} INFO - [2025-07-04T12:26:58.378+0530] {dagbag.py:538} INFO - Filling up the DagBag from /home/tejhanagarajan/Projects/small-projects/NewsImpact/venv/lib64/python3.10/site-packages/airflow/example_dags/example_local_kubernetes_executor.py
[2025-07-04T12:26:58.380+0530] {logging_mixin.py:188} INFO - [2025-07-04T12:26:58.380+0530] {example_local_kubernetes_executor.py:39} WARNING - Could not import DAGs in example_local_kubernetes_executor.py
Traceback (most recent call last):
  File "/home/tejhanagarajan/Projects/small-projects/NewsImpact/venv/lib64/python3.10/site-packages/airflow/example_dags/example_local_kubernetes_executor.py", line 37, in <module>
    from kubernetes.client import models as k8s
ModuleNotFoundError: No module named 'kubernetes'
[2025-07-04T12:26:58.381+0530] {logging_mixin.py:188} INFO - [2025-07-04T12:26:58.381+0530] {example_local_kubernetes_executor.py:40} WARNING - Install Kubernetes dependencies with: pip install apache-airflow[cncf.kubernetes]
[2025-07-04T12:26:58.381+0530] {processor.py:842} WARNING - No viable dags retrieved from /home/tejhanagarajan/Projects/small-projects/NewsImpact/venv/lib64/python3.10/site-packages/airflow/example_dags/example_local_kubernetes_executor.py
[2025-07-04T12:26:58.385+0530] {processor.py:183} INFO - Processing /home/tejhanagarajan/Projects/small-projects/NewsImpact/venv/lib64/python3.10/site-packages/airflow/example_dags/example_local_kubernetes_executor.py took 0.010 seconds
[2025-07-04T12:27:46.980+0530] {processor.py:161} INFO - Started process (PID=25683) to work on /home/tejhanagarajan/Projects/small-projects/NewsImpact/venv/lib64/python3.10/site-packages/airflow/example_dags/example_local_kubernetes_executor.py
[2025-07-04T12:27:46.981+0530] {processor.py:830} INFO - Processing file /home/tejhanagarajan/Projects/small-projects/NewsImpact/venv/lib64/python3.10/site-packages/airflow/example_dags/example_local_kubernetes_executor.py for tasks to queue
[2025-07-04T12:27:46.982+0530] {logging_mixin.py:188} INFO - [2025-07-04T12:27:46.981+0530] {dagbag.py:538} INFO - Filling up the DagBag from /home/tejhanagarajan/Projects/small-projects/NewsImpact/venv/lib64/python3.10/site-packages/airflow/example_dags/example_local_kubernetes_executor.py
[2025-07-04T12:27:46.984+0530] {logging_mixin.py:188} INFO - [2025-07-04T12:27:46.983+0530] {example_local_kubernetes_executor.py:39} WARNING - Could not import DAGs in example_local_kubernetes_executor.py
Traceback (most recent call last):
  File "/home/tejhanagarajan/Projects/small-projects/NewsImpact/venv/lib64/python3.10/site-packages/airflow/example_dags/example_local_kubernetes_executor.py", line 37, in <module>
    from kubernetes.client import models as k8s
ModuleNotFoundError: No module named 'kubernetes'
[2025-07-04T12:27:46.984+0530] {logging_mixin.py:188} INFO - [2025-07-04T12:27:46.984+0530] {example_local_kubernetes_executor.py:40} WARNING - Install Kubernetes dependencies with: pip install apache-airflow[cncf.kubernetes]
[2025-07-04T12:27:46.984+0530] {processor.py:842} WARNING - No viable dags retrieved from /home/tejhanagarajan/Projects/small-projects/NewsImpact/venv/lib64/python3.10/site-packages/airflow/example_dags/example_local_kubernetes_executor.py
[2025-07-04T12:27:46.988+0530] {processor.py:183} INFO - Processing /home/tejhanagarajan/Projects/small-projects/NewsImpact/venv/lib64/python3.10/site-packages/airflow/example_dags/example_local_kubernetes_executor.py took 0.010 seconds
[2025-07-04T12:28:43.744+0530] {processor.py:161} INFO - Started process (PID=26179) to work on /home/tejhanagarajan/Projects/small-projects/NewsImpact/venv/lib64/python3.10/site-packages/airflow/example_dags/example_local_kubernetes_executor.py
[2025-07-04T12:28:43.745+0530] {processor.py:830} INFO - Processing file /home/tejhanagarajan/Projects/small-projects/NewsImpact/venv/lib64/python3.10/site-packages/airflow/example_dags/example_local_kubernetes_executor.py for tasks to queue
[2025-07-04T12:28:43.746+0530] {logging_mixin.py:188} INFO - [2025-07-04T12:28:43.745+0530] {dagbag.py:538} INFO - Filling up the DagBag from /home/tejhanagarajan/Projects/small-projects/NewsImpact/venv/lib64/python3.10/site-packages/airflow/example_dags/example_local_kubernetes_executor.py
[2025-07-04T12:28:43.749+0530] {logging_mixin.py:188} INFO - [2025-07-04T12:28:43.749+0530] {example_local_kubernetes_executor.py:39} WARNING - Could not import DAGs in example_local_kubernetes_executor.py
Traceback (most recent call last):
  File "/home/tejhanagarajan/Projects/small-projects/NewsImpact/venv/lib64/python3.10/site-packages/airflow/example_dags/example_local_kubernetes_executor.py", line 37, in <module>
    from kubernetes.client import models as k8s
ModuleNotFoundError: No module named 'kubernetes'
[2025-07-04T12:28:43.750+0530] {logging_mixin.py:188} INFO - [2025-07-04T12:28:43.750+0530] {example_local_kubernetes_executor.py:40} WARNING - Install Kubernetes dependencies with: pip install apache-airflow[cncf.kubernetes]
[2025-07-04T12:28:43.750+0530] {processor.py:842} WARNING - No viable dags retrieved from /home/tejhanagarajan/Projects/small-projects/NewsImpact/venv/lib64/python3.10/site-packages/airflow/example_dags/example_local_kubernetes_executor.py
[2025-07-04T12:28:43.756+0530] {processor.py:183} INFO - Processing /home/tejhanagarajan/Projects/small-projects/NewsImpact/venv/lib64/python3.10/site-packages/airflow/example_dags/example_local_kubernetes_executor.py took 0.016 seconds
[2025-07-04T12:29:42.471+0530] {processor.py:161} INFO - Started process (PID=26657) to work on /home/tejhanagarajan/Projects/small-projects/NewsImpact/venv/lib64/python3.10/site-packages/airflow/example_dags/example_local_kubernetes_executor.py
[2025-07-04T12:29:42.474+0530] {processor.py:830} INFO - Processing file /home/tejhanagarajan/Projects/small-projects/NewsImpact/venv/lib64/python3.10/site-packages/airflow/example_dags/example_local_kubernetes_executor.py for tasks to queue
[2025-07-04T12:29:42.475+0530] {logging_mixin.py:188} INFO - [2025-07-04T12:29:42.475+0530] {dagbag.py:538} INFO - Filling up the DagBag from /home/tejhanagarajan/Projects/small-projects/NewsImpact/venv/lib64/python3.10/site-packages/airflow/example_dags/example_local_kubernetes_executor.py
[2025-07-04T12:29:42.478+0530] {logging_mixin.py:188} INFO - [2025-07-04T12:29:42.478+0530] {example_local_kubernetes_executor.py:39} WARNING - Could not import DAGs in example_local_kubernetes_executor.py
Traceback (most recent call last):
  File "/home/tejhanagarajan/Projects/small-projects/NewsImpact/venv/lib64/python3.10/site-packages/airflow/example_dags/example_local_kubernetes_executor.py", line 37, in <module>
    from kubernetes.client import models as k8s
ModuleNotFoundError: No module named 'kubernetes'
[2025-07-04T12:29:42.478+0530] {logging_mixin.py:188} INFO - [2025-07-04T12:29:42.478+0530] {example_local_kubernetes_executor.py:40} WARNING - Install Kubernetes dependencies with: pip install apache-airflow[cncf.kubernetes]
[2025-07-04T12:29:42.478+0530] {processor.py:842} WARNING - No viable dags retrieved from /home/tejhanagarajan/Projects/small-projects/NewsImpact/venv/lib64/python3.10/site-packages/airflow/example_dags/example_local_kubernetes_executor.py
[2025-07-04T12:29:42.484+0530] {processor.py:183} INFO - Processing /home/tejhanagarajan/Projects/small-projects/NewsImpact/venv/lib64/python3.10/site-packages/airflow/example_dags/example_local_kubernetes_executor.py took 0.016 seconds
[2025-07-04T12:30:32.843+0530] {processor.py:161} INFO - Started process (PID=27029) to work on /home/tejhanagarajan/Projects/small-projects/NewsImpact/venv/lib64/python3.10/site-packages/airflow/example_dags/example_local_kubernetes_executor.py
[2025-07-04T12:30:32.846+0530] {processor.py:830} INFO - Processing file /home/tejhanagarajan/Projects/small-projects/NewsImpact/venv/lib64/python3.10/site-packages/airflow/example_dags/example_local_kubernetes_executor.py for tasks to queue
[2025-07-04T12:30:32.847+0530] {logging_mixin.py:188} INFO - [2025-07-04T12:30:32.847+0530] {dagbag.py:538} INFO - Filling up the DagBag from /home/tejhanagarajan/Projects/small-projects/NewsImpact/venv/lib64/python3.10/site-packages/airflow/example_dags/example_local_kubernetes_executor.py
[2025-07-04T12:30:32.850+0530] {logging_mixin.py:188} INFO - [2025-07-04T12:30:32.850+0530] {example_local_kubernetes_executor.py:39} WARNING - Could not import DAGs in example_local_kubernetes_executor.py
Traceback (most recent call last):
  File "/home/tejhanagarajan/Projects/small-projects/NewsImpact/venv/lib64/python3.10/site-packages/airflow/example_dags/example_local_kubernetes_executor.py", line 37, in <module>
    from kubernetes.client import models as k8s
ModuleNotFoundError: No module named 'kubernetes'
[2025-07-04T12:30:32.850+0530] {logging_mixin.py:188} INFO - [2025-07-04T12:30:32.850+0530] {example_local_kubernetes_executor.py:40} WARNING - Install Kubernetes dependencies with: pip install apache-airflow[cncf.kubernetes]
[2025-07-04T12:30:32.851+0530] {processor.py:842} WARNING - No viable dags retrieved from /home/tejhanagarajan/Projects/small-projects/NewsImpact/venv/lib64/python3.10/site-packages/airflow/example_dags/example_local_kubernetes_executor.py
[2025-07-04T12:30:32.856+0530] {processor.py:183} INFO - Processing /home/tejhanagarajan/Projects/small-projects/NewsImpact/venv/lib64/python3.10/site-packages/airflow/example_dags/example_local_kubernetes_executor.py took 0.015 seconds
[2025-07-04T12:33:22.505+0530] {processor.py:161} INFO - Started process (PID=30179) to work on /home/tejhanagarajan/Projects/small-projects/NewsImpact/venv/lib64/python3.10/site-packages/airflow/example_dags/example_local_kubernetes_executor.py
[2025-07-04T12:33:22.508+0530] {processor.py:830} INFO - Processing file /home/tejhanagarajan/Projects/small-projects/NewsImpact/venv/lib64/python3.10/site-packages/airflow/example_dags/example_local_kubernetes_executor.py for tasks to queue
[2025-07-04T12:33:22.509+0530] {logging_mixin.py:188} INFO - [2025-07-04T12:33:22.508+0530] {dagbag.py:538} INFO - Filling up the DagBag from /home/tejhanagarajan/Projects/small-projects/NewsImpact/venv/lib64/python3.10/site-packages/airflow/example_dags/example_local_kubernetes_executor.py
[2025-07-04T12:33:22.511+0530] {logging_mixin.py:188} INFO - [2025-07-04T12:33:22.511+0530] {example_local_kubernetes_executor.py:39} WARNING - Could not import DAGs in example_local_kubernetes_executor.py
Traceback (most recent call last):
  File "/home/tejhanagarajan/Projects/small-projects/NewsImpact/venv/lib64/python3.10/site-packages/airflow/example_dags/example_local_kubernetes_executor.py", line 37, in <module>
    from kubernetes.client import models as k8s
ModuleNotFoundError: No module named 'kubernetes'
[2025-07-04T12:33:22.511+0530] {logging_mixin.py:188} INFO - [2025-07-04T12:33:22.511+0530] {example_local_kubernetes_executor.py:40} WARNING - Install Kubernetes dependencies with: pip install apache-airflow[cncf.kubernetes]
[2025-07-04T12:33:22.511+0530] {processor.py:842} WARNING - No viable dags retrieved from /home/tejhanagarajan/Projects/small-projects/NewsImpact/venv/lib64/python3.10/site-packages/airflow/example_dags/example_local_kubernetes_executor.py
[2025-07-04T12:33:22.516+0530] {processor.py:183} INFO - Processing /home/tejhanagarajan/Projects/small-projects/NewsImpact/venv/lib64/python3.10/site-packages/airflow/example_dags/example_local_kubernetes_executor.py took 0.012 seconds
[2025-07-04T12:34:09.163+0530] {processor.py:161} INFO - Started process (PID=30516) to work on /home/tejhanagarajan/Projects/small-projects/NewsImpact/venv/lib64/python3.10/site-packages/airflow/example_dags/example_local_kubernetes_executor.py
[2025-07-04T12:34:09.166+0530] {processor.py:830} INFO - Processing file /home/tejhanagarajan/Projects/small-projects/NewsImpact/venv/lib64/python3.10/site-packages/airflow/example_dags/example_local_kubernetes_executor.py for tasks to queue
[2025-07-04T12:34:09.167+0530] {logging_mixin.py:188} INFO - [2025-07-04T12:34:09.167+0530] {dagbag.py:538} INFO - Filling up the DagBag from /home/tejhanagarajan/Projects/small-projects/NewsImpact/venv/lib64/python3.10/site-packages/airflow/example_dags/example_local_kubernetes_executor.py
[2025-07-04T12:34:09.170+0530] {logging_mixin.py:188} INFO - [2025-07-04T12:34:09.170+0530] {example_local_kubernetes_executor.py:39} WARNING - Could not import DAGs in example_local_kubernetes_executor.py
Traceback (most recent call last):
  File "/home/tejhanagarajan/Projects/small-projects/NewsImpact/venv/lib64/python3.10/site-packages/airflow/example_dags/example_local_kubernetes_executor.py", line 37, in <module>
    from kubernetes.client import models as k8s
ModuleNotFoundError: No module named 'kubernetes'
[2025-07-04T12:34:09.170+0530] {logging_mixin.py:188} INFO - [2025-07-04T12:34:09.170+0530] {example_local_kubernetes_executor.py:40} WARNING - Install Kubernetes dependencies with: pip install apache-airflow[cncf.kubernetes]
[2025-07-04T12:34:09.171+0530] {processor.py:842} WARNING - No viable dags retrieved from /home/tejhanagarajan/Projects/small-projects/NewsImpact/venv/lib64/python3.10/site-packages/airflow/example_dags/example_local_kubernetes_executor.py
[2025-07-04T12:34:09.175+0530] {processor.py:183} INFO - Processing /home/tejhanagarajan/Projects/small-projects/NewsImpact/venv/lib64/python3.10/site-packages/airflow/example_dags/example_local_kubernetes_executor.py took 0.014 seconds
[2025-07-04T12:35:00.681+0530] {processor.py:161} INFO - Started process (PID=31141) to work on /home/tejhanagarajan/Projects/small-projects/NewsImpact/venv/lib64/python3.10/site-packages/airflow/example_dags/example_local_kubernetes_executor.py
[2025-07-04T12:35:00.683+0530] {processor.py:830} INFO - Processing file /home/tejhanagarajan/Projects/small-projects/NewsImpact/venv/lib64/python3.10/site-packages/airflow/example_dags/example_local_kubernetes_executor.py for tasks to queue
[2025-07-04T12:35:00.684+0530] {logging_mixin.py:188} INFO - [2025-07-04T12:35:00.684+0530] {dagbag.py:538} INFO - Filling up the DagBag from /home/tejhanagarajan/Projects/small-projects/NewsImpact/venv/lib64/python3.10/site-packages/airflow/example_dags/example_local_kubernetes_executor.py
[2025-07-04T12:35:00.685+0530] {logging_mixin.py:188} INFO - [2025-07-04T12:35:00.685+0530] {example_local_kubernetes_executor.py:39} WARNING - Could not import DAGs in example_local_kubernetes_executor.py
Traceback (most recent call last):
  File "/home/tejhanagarajan/Projects/small-projects/NewsImpact/venv/lib64/python3.10/site-packages/airflow/example_dags/example_local_kubernetes_executor.py", line 37, in <module>
    from kubernetes.client import models as k8s
ModuleNotFoundError: No module named 'kubernetes'
[2025-07-04T12:35:00.686+0530] {logging_mixin.py:188} INFO - [2025-07-04T12:35:00.685+0530] {example_local_kubernetes_executor.py:40} WARNING - Install Kubernetes dependencies with: pip install apache-airflow[cncf.kubernetes]
[2025-07-04T12:35:00.686+0530] {processor.py:842} WARNING - No viable dags retrieved from /home/tejhanagarajan/Projects/small-projects/NewsImpact/venv/lib64/python3.10/site-packages/airflow/example_dags/example_local_kubernetes_executor.py
[2025-07-04T12:35:00.690+0530] {processor.py:183} INFO - Processing /home/tejhanagarajan/Projects/small-projects/NewsImpact/venv/lib64/python3.10/site-packages/airflow/example_dags/example_local_kubernetes_executor.py took 0.010 seconds
[2025-07-04T12:35:54.501+0530] {processor.py:161} INFO - Started process (PID=31600) to work on /home/tejhanagarajan/Projects/small-projects/NewsImpact/venv/lib64/python3.10/site-packages/airflow/example_dags/example_local_kubernetes_executor.py
[2025-07-04T12:35:54.504+0530] {processor.py:830} INFO - Processing file /home/tejhanagarajan/Projects/small-projects/NewsImpact/venv/lib64/python3.10/site-packages/airflow/example_dags/example_local_kubernetes_executor.py for tasks to queue
[2025-07-04T12:35:54.505+0530] {logging_mixin.py:188} INFO - [2025-07-04T12:35:54.504+0530] {dagbag.py:538} INFO - Filling up the DagBag from /home/tejhanagarajan/Projects/small-projects/NewsImpact/venv/lib64/python3.10/site-packages/airflow/example_dags/example_local_kubernetes_executor.py
[2025-07-04T12:35:54.507+0530] {logging_mixin.py:188} INFO - [2025-07-04T12:35:54.507+0530] {example_local_kubernetes_executor.py:39} WARNING - Could not import DAGs in example_local_kubernetes_executor.py
Traceback (most recent call last):
  File "/home/tejhanagarajan/Projects/small-projects/NewsImpact/venv/lib64/python3.10/site-packages/airflow/example_dags/example_local_kubernetes_executor.py", line 37, in <module>
    from kubernetes.client import models as k8s
ModuleNotFoundError: No module named 'kubernetes'
[2025-07-04T12:35:54.508+0530] {logging_mixin.py:188} INFO - [2025-07-04T12:35:54.508+0530] {example_local_kubernetes_executor.py:40} WARNING - Install Kubernetes dependencies with: pip install apache-airflow[cncf.kubernetes]
[2025-07-04T12:35:54.508+0530] {processor.py:842} WARNING - No viable dags retrieved from /home/tejhanagarajan/Projects/small-projects/NewsImpact/venv/lib64/python3.10/site-packages/airflow/example_dags/example_local_kubernetes_executor.py
[2025-07-04T12:35:54.513+0530] {processor.py:183} INFO - Processing /home/tejhanagarajan/Projects/small-projects/NewsImpact/venv/lib64/python3.10/site-packages/airflow/example_dags/example_local_kubernetes_executor.py took 0.014 seconds
[2025-07-04T12:36:52.019+0530] {processor.py:161} INFO - Started process (PID=32162) to work on /home/tejhanagarajan/Projects/small-projects/NewsImpact/venv/lib64/python3.10/site-packages/airflow/example_dags/example_local_kubernetes_executor.py
[2025-07-04T12:36:52.024+0530] {processor.py:830} INFO - Processing file /home/tejhanagarajan/Projects/small-projects/NewsImpact/venv/lib64/python3.10/site-packages/airflow/example_dags/example_local_kubernetes_executor.py for tasks to queue
[2025-07-04T12:36:52.025+0530] {logging_mixin.py:188} INFO - [2025-07-04T12:36:52.025+0530] {dagbag.py:538} INFO - Filling up the DagBag from /home/tejhanagarajan/Projects/small-projects/NewsImpact/venv/lib64/python3.10/site-packages/airflow/example_dags/example_local_kubernetes_executor.py
[2025-07-04T12:36:52.027+0530] {logging_mixin.py:188} INFO - [2025-07-04T12:36:52.027+0530] {example_local_kubernetes_executor.py:39} WARNING - Could not import DAGs in example_local_kubernetes_executor.py
Traceback (most recent call last):
  File "/home/tejhanagarajan/Projects/small-projects/NewsImpact/venv/lib64/python3.10/site-packages/airflow/example_dags/example_local_kubernetes_executor.py", line 37, in <module>
    from kubernetes.client import models as k8s
ModuleNotFoundError: No module named 'kubernetes'
[2025-07-04T12:36:52.028+0530] {logging_mixin.py:188} INFO - [2025-07-04T12:36:52.027+0530] {example_local_kubernetes_executor.py:40} WARNING - Install Kubernetes dependencies with: pip install apache-airflow[cncf.kubernetes]
[2025-07-04T12:36:52.028+0530] {processor.py:842} WARNING - No viable dags retrieved from /home/tejhanagarajan/Projects/small-projects/NewsImpact/venv/lib64/python3.10/site-packages/airflow/example_dags/example_local_kubernetes_executor.py
[2025-07-04T12:36:52.032+0530] {processor.py:183} INFO - Processing /home/tejhanagarajan/Projects/small-projects/NewsImpact/venv/lib64/python3.10/site-packages/airflow/example_dags/example_local_kubernetes_executor.py took 0.014 seconds
[2025-07-04T12:37:35.888+0530] {processor.py:161} INFO - Started process (PID=32744) to work on /home/tejhanagarajan/Projects/small-projects/NewsImpact/venv/lib64/python3.10/site-packages/airflow/example_dags/example_local_kubernetes_executor.py
[2025-07-04T12:37:35.890+0530] {processor.py:830} INFO - Processing file /home/tejhanagarajan/Projects/small-projects/NewsImpact/venv/lib64/python3.10/site-packages/airflow/example_dags/example_local_kubernetes_executor.py for tasks to queue
[2025-07-04T12:37:35.891+0530] {logging_mixin.py:188} INFO - [2025-07-04T12:37:35.891+0530] {dagbag.py:538} INFO - Filling up the DagBag from /home/tejhanagarajan/Projects/small-projects/NewsImpact/venv/lib64/python3.10/site-packages/airflow/example_dags/example_local_kubernetes_executor.py
[2025-07-04T12:37:35.895+0530] {logging_mixin.py:188} INFO - [2025-07-04T12:37:35.895+0530] {example_local_kubernetes_executor.py:39} WARNING - Could not import DAGs in example_local_kubernetes_executor.py
Traceback (most recent call last):
  File "/home/tejhanagarajan/Projects/small-projects/NewsImpact/venv/lib64/python3.10/site-packages/airflow/example_dags/example_local_kubernetes_executor.py", line 37, in <module>
    from kubernetes.client import models as k8s
ModuleNotFoundError: No module named 'kubernetes'
[2025-07-04T12:37:35.896+0530] {logging_mixin.py:188} INFO - [2025-07-04T12:37:35.895+0530] {example_local_kubernetes_executor.py:40} WARNING - Install Kubernetes dependencies with: pip install apache-airflow[cncf.kubernetes]
[2025-07-04T12:37:35.896+0530] {processor.py:842} WARNING - No viable dags retrieved from /home/tejhanagarajan/Projects/small-projects/NewsImpact/venv/lib64/python3.10/site-packages/airflow/example_dags/example_local_kubernetes_executor.py
[2025-07-04T12:37:35.902+0530] {processor.py:183} INFO - Processing /home/tejhanagarajan/Projects/small-projects/NewsImpact/venv/lib64/python3.10/site-packages/airflow/example_dags/example_local_kubernetes_executor.py took 0.017 seconds
[2025-07-04T12:38:24.427+0530] {processor.py:161} INFO - Started process (PID=34873) to work on /home/tejhanagarajan/Projects/small-projects/NewsImpact/venv/lib64/python3.10/site-packages/airflow/example_dags/example_local_kubernetes_executor.py
[2025-07-04T12:38:24.430+0530] {processor.py:830} INFO - Processing file /home/tejhanagarajan/Projects/small-projects/NewsImpact/venv/lib64/python3.10/site-packages/airflow/example_dags/example_local_kubernetes_executor.py for tasks to queue
[2025-07-04T12:38:24.431+0530] {logging_mixin.py:188} INFO - [2025-07-04T12:38:24.431+0530] {dagbag.py:538} INFO - Filling up the DagBag from /home/tejhanagarajan/Projects/small-projects/NewsImpact/venv/lib64/python3.10/site-packages/airflow/example_dags/example_local_kubernetes_executor.py
[2025-07-04T12:38:24.434+0530] {logging_mixin.py:188} INFO - [2025-07-04T12:38:24.433+0530] {example_local_kubernetes_executor.py:39} WARNING - Could not import DAGs in example_local_kubernetes_executor.py
Traceback (most recent call last):
  File "/home/tejhanagarajan/Projects/small-projects/NewsImpact/venv/lib64/python3.10/site-packages/airflow/example_dags/example_local_kubernetes_executor.py", line 37, in <module>
    from kubernetes.client import models as k8s
ModuleNotFoundError: No module named 'kubernetes'
[2025-07-04T12:38:24.434+0530] {logging_mixin.py:188} INFO - [2025-07-04T12:38:24.434+0530] {example_local_kubernetes_executor.py:40} WARNING - Install Kubernetes dependencies with: pip install apache-airflow[cncf.kubernetes]
[2025-07-04T12:38:24.434+0530] {processor.py:842} WARNING - No viable dags retrieved from /home/tejhanagarajan/Projects/small-projects/NewsImpact/venv/lib64/python3.10/site-packages/airflow/example_dags/example_local_kubernetes_executor.py
[2025-07-04T12:38:24.442+0530] {processor.py:183} INFO - Processing /home/tejhanagarajan/Projects/small-projects/NewsImpact/venv/lib64/python3.10/site-packages/airflow/example_dags/example_local_kubernetes_executor.py took 0.016 seconds
[2025-07-04T12:38:26.577+0530] {processor.py:161} INFO - Started process (PID=34888) to work on /home/tejhanagarajan/Projects/small-projects/NewsImpact/venv/lib64/python3.10/site-packages/airflow/example_dags/example_local_kubernetes_executor.py
[2025-07-04T12:38:26.579+0530] {processor.py:830} INFO - Processing file /home/tejhanagarajan/Projects/small-projects/NewsImpact/venv/lib64/python3.10/site-packages/airflow/example_dags/example_local_kubernetes_executor.py for tasks to queue
[2025-07-04T12:38:26.579+0530] {logging_mixin.py:188} INFO - [2025-07-04T12:38:26.579+0530] {dagbag.py:538} INFO - Filling up the DagBag from /home/tejhanagarajan/Projects/small-projects/NewsImpact/venv/lib64/python3.10/site-packages/airflow/example_dags/example_local_kubernetes_executor.py
[2025-07-04T12:38:26.581+0530] {logging_mixin.py:188} INFO - [2025-07-04T12:38:26.581+0530] {example_local_kubernetes_executor.py:39} WARNING - Could not import DAGs in example_local_kubernetes_executor.py
Traceback (most recent call last):
  File "/home/tejhanagarajan/Projects/small-projects/NewsImpact/venv/lib64/python3.10/site-packages/airflow/example_dags/example_local_kubernetes_executor.py", line 37, in <module>
    from kubernetes.client import models as k8s
ModuleNotFoundError: No module named 'kubernetes'
[2025-07-04T12:38:26.581+0530] {logging_mixin.py:188} INFO - [2025-07-04T12:38:26.581+0530] {example_local_kubernetes_executor.py:40} WARNING - Install Kubernetes dependencies with: pip install apache-airflow[cncf.kubernetes]
[2025-07-04T12:38:26.581+0530] {processor.py:842} WARNING - No viable dags retrieved from /home/tejhanagarajan/Projects/small-projects/NewsImpact/venv/lib64/python3.10/site-packages/airflow/example_dags/example_local_kubernetes_executor.py
[2025-07-04T12:38:26.586+0530] {processor.py:183} INFO - Processing /home/tejhanagarajan/Projects/small-projects/NewsImpact/venv/lib64/python3.10/site-packages/airflow/example_dags/example_local_kubernetes_executor.py took 0.011 seconds
[2025-07-04T12:39:11.287+0530] {processor.py:161} INFO - Started process (PID=35321) to work on /home/tejhanagarajan/Projects/small-projects/NewsImpact/venv/lib64/python3.10/site-packages/airflow/example_dags/example_local_kubernetes_executor.py
[2025-07-04T12:39:11.288+0530] {processor.py:830} INFO - Processing file /home/tejhanagarajan/Projects/small-projects/NewsImpact/venv/lib64/python3.10/site-packages/airflow/example_dags/example_local_kubernetes_executor.py for tasks to queue
[2025-07-04T12:39:11.289+0530] {logging_mixin.py:188} INFO - [2025-07-04T12:39:11.289+0530] {dagbag.py:538} INFO - Filling up the DagBag from /home/tejhanagarajan/Projects/small-projects/NewsImpact/venv/lib64/python3.10/site-packages/airflow/example_dags/example_local_kubernetes_executor.py
[2025-07-04T12:39:11.292+0530] {logging_mixin.py:188} INFO - [2025-07-04T12:39:11.291+0530] {example_local_kubernetes_executor.py:39} WARNING - Could not import DAGs in example_local_kubernetes_executor.py
Traceback (most recent call last):
  File "/home/tejhanagarajan/Projects/small-projects/NewsImpact/venv/lib64/python3.10/site-packages/airflow/example_dags/example_local_kubernetes_executor.py", line 37, in <module>
    from kubernetes.client import models as k8s
ModuleNotFoundError: No module named 'kubernetes'
[2025-07-04T12:39:11.292+0530] {logging_mixin.py:188} INFO - [2025-07-04T12:39:11.292+0530] {example_local_kubernetes_executor.py:40} WARNING - Install Kubernetes dependencies with: pip install apache-airflow[cncf.kubernetes]
[2025-07-04T12:39:11.292+0530] {processor.py:842} WARNING - No viable dags retrieved from /home/tejhanagarajan/Projects/small-projects/NewsImpact/venv/lib64/python3.10/site-packages/airflow/example_dags/example_local_kubernetes_executor.py
[2025-07-04T12:39:11.297+0530] {processor.py:183} INFO - Processing /home/tejhanagarajan/Projects/small-projects/NewsImpact/venv/lib64/python3.10/site-packages/airflow/example_dags/example_local_kubernetes_executor.py took 0.012 seconds
[2025-07-04T12:39:18.073+0530] {processor.py:161} INFO - Started process (PID=35384) to work on /home/tejhanagarajan/Projects/small-projects/NewsImpact/venv/lib64/python3.10/site-packages/airflow/example_dags/example_local_kubernetes_executor.py
[2025-07-04T12:39:18.074+0530] {processor.py:830} INFO - Processing file /home/tejhanagarajan/Projects/small-projects/NewsImpact/venv/lib64/python3.10/site-packages/airflow/example_dags/example_local_kubernetes_executor.py for tasks to queue
[2025-07-04T12:39:18.075+0530] {logging_mixin.py:188} INFO - [2025-07-04T12:39:18.074+0530] {dagbag.py:538} INFO - Filling up the DagBag from /home/tejhanagarajan/Projects/small-projects/NewsImpact/venv/lib64/python3.10/site-packages/airflow/example_dags/example_local_kubernetes_executor.py
[2025-07-04T12:39:18.077+0530] {logging_mixin.py:188} INFO - [2025-07-04T12:39:18.076+0530] {example_local_kubernetes_executor.py:39} WARNING - Could not import DAGs in example_local_kubernetes_executor.py
Traceback (most recent call last):
  File "/home/tejhanagarajan/Projects/small-projects/NewsImpact/venv/lib64/python3.10/site-packages/airflow/example_dags/example_local_kubernetes_executor.py", line 37, in <module>
    from kubernetes.client import models as k8s
ModuleNotFoundError: No module named 'kubernetes'
[2025-07-04T12:39:18.077+0530] {logging_mixin.py:188} INFO - [2025-07-04T12:39:18.077+0530] {example_local_kubernetes_executor.py:40} WARNING - Install Kubernetes dependencies with: pip install apache-airflow[cncf.kubernetes]
[2025-07-04T12:39:18.077+0530] {processor.py:842} WARNING - No viable dags retrieved from /home/tejhanagarajan/Projects/small-projects/NewsImpact/venv/lib64/python3.10/site-packages/airflow/example_dags/example_local_kubernetes_executor.py
[2025-07-04T12:39:18.086+0530] {processor.py:183} INFO - Processing /home/tejhanagarajan/Projects/small-projects/NewsImpact/venv/lib64/python3.10/site-packages/airflow/example_dags/example_local_kubernetes_executor.py took 0.015 seconds
[2025-07-04T12:42:25.806+0530] {processor.py:161} INFO - Started process (PID=37959) to work on /home/tejhanagarajan/Projects/small-projects/NewsImpact/venv/lib64/python3.10/site-packages/airflow/example_dags/example_local_kubernetes_executor.py
[2025-07-04T12:42:25.808+0530] {processor.py:830} INFO - Processing file /home/tejhanagarajan/Projects/small-projects/NewsImpact/venv/lib64/python3.10/site-packages/airflow/example_dags/example_local_kubernetes_executor.py for tasks to queue
[2025-07-04T12:42:25.809+0530] {logging_mixin.py:188} INFO - [2025-07-04T12:42:25.808+0530] {dagbag.py:538} INFO - Filling up the DagBag from /home/tejhanagarajan/Projects/small-projects/NewsImpact/venv/lib64/python3.10/site-packages/airflow/example_dags/example_local_kubernetes_executor.py
[2025-07-04T12:42:25.811+0530] {logging_mixin.py:188} INFO - [2025-07-04T12:42:25.810+0530] {example_local_kubernetes_executor.py:39} WARNING - Could not import DAGs in example_local_kubernetes_executor.py
Traceback (most recent call last):
  File "/home/tejhanagarajan/Projects/small-projects/NewsImpact/venv/lib64/python3.10/site-packages/airflow/example_dags/example_local_kubernetes_executor.py", line 37, in <module>
    from kubernetes.client import models as k8s
ModuleNotFoundError: No module named 'kubernetes'
[2025-07-04T12:42:25.811+0530] {logging_mixin.py:188} INFO - [2025-07-04T12:42:25.811+0530] {example_local_kubernetes_executor.py:40} WARNING - Install Kubernetes dependencies with: pip install apache-airflow[cncf.kubernetes]
[2025-07-04T12:42:25.811+0530] {processor.py:842} WARNING - No viable dags retrieved from /home/tejhanagarajan/Projects/small-projects/NewsImpact/venv/lib64/python3.10/site-packages/airflow/example_dags/example_local_kubernetes_executor.py
[2025-07-04T12:42:25.815+0530] {processor.py:183} INFO - Processing /home/tejhanagarajan/Projects/small-projects/NewsImpact/venv/lib64/python3.10/site-packages/airflow/example_dags/example_local_kubernetes_executor.py took 0.012 seconds
[2025-07-04T12:43:13.211+0530] {processor.py:161} INFO - Started process (PID=38318) to work on /home/tejhanagarajan/Projects/small-projects/NewsImpact/venv/lib64/python3.10/site-packages/airflow/example_dags/example_local_kubernetes_executor.py
[2025-07-04T12:43:13.213+0530] {processor.py:830} INFO - Processing file /home/tejhanagarajan/Projects/small-projects/NewsImpact/venv/lib64/python3.10/site-packages/airflow/example_dags/example_local_kubernetes_executor.py for tasks to queue
[2025-07-04T12:43:13.214+0530] {logging_mixin.py:188} INFO - [2025-07-04T12:43:13.214+0530] {dagbag.py:538} INFO - Filling up the DagBag from /home/tejhanagarajan/Projects/small-projects/NewsImpact/venv/lib64/python3.10/site-packages/airflow/example_dags/example_local_kubernetes_executor.py
[2025-07-04T12:43:13.217+0530] {logging_mixin.py:188} INFO - [2025-07-04T12:43:13.217+0530] {example_local_kubernetes_executor.py:39} WARNING - Could not import DAGs in example_local_kubernetes_executor.py
Traceback (most recent call last):
  File "/home/tejhanagarajan/Projects/small-projects/NewsImpact/venv/lib64/python3.10/site-packages/airflow/example_dags/example_local_kubernetes_executor.py", line 37, in <module>
    from kubernetes.client import models as k8s
ModuleNotFoundError: No module named 'kubernetes'
[2025-07-04T12:43:13.218+0530] {logging_mixin.py:188} INFO - [2025-07-04T12:43:13.217+0530] {example_local_kubernetes_executor.py:40} WARNING - Install Kubernetes dependencies with: pip install apache-airflow[cncf.kubernetes]
[2025-07-04T12:43:13.218+0530] {processor.py:842} WARNING - No viable dags retrieved from /home/tejhanagarajan/Projects/small-projects/NewsImpact/venv/lib64/python3.10/site-packages/airflow/example_dags/example_local_kubernetes_executor.py
[2025-07-04T12:43:13.223+0530] {processor.py:183} INFO - Processing /home/tejhanagarajan/Projects/small-projects/NewsImpact/venv/lib64/python3.10/site-packages/airflow/example_dags/example_local_kubernetes_executor.py took 0.014 seconds
[2025-07-04T12:44:03.732+0530] {processor.py:161} INFO - Started process (PID=38747) to work on /home/tejhanagarajan/Projects/small-projects/NewsImpact/venv/lib64/python3.10/site-packages/airflow/example_dags/example_local_kubernetes_executor.py
[2025-07-04T12:44:03.733+0530] {processor.py:830} INFO - Processing file /home/tejhanagarajan/Projects/small-projects/NewsImpact/venv/lib64/python3.10/site-packages/airflow/example_dags/example_local_kubernetes_executor.py for tasks to queue
[2025-07-04T12:44:03.733+0530] {logging_mixin.py:188} INFO - [2025-07-04T12:44:03.733+0530] {dagbag.py:538} INFO - Filling up the DagBag from /home/tejhanagarajan/Projects/small-projects/NewsImpact/venv/lib64/python3.10/site-packages/airflow/example_dags/example_local_kubernetes_executor.py
[2025-07-04T12:44:03.735+0530] {logging_mixin.py:188} INFO - [2025-07-04T12:44:03.735+0530] {example_local_kubernetes_executor.py:39} WARNING - Could not import DAGs in example_local_kubernetes_executor.py
Traceback (most recent call last):
  File "/home/tejhanagarajan/Projects/small-projects/NewsImpact/venv/lib64/python3.10/site-packages/airflow/example_dags/example_local_kubernetes_executor.py", line 37, in <module>
    from kubernetes.client import models as k8s
ModuleNotFoundError: No module named 'kubernetes'
[2025-07-04T12:44:03.735+0530] {logging_mixin.py:188} INFO - [2025-07-04T12:44:03.735+0530] {example_local_kubernetes_executor.py:40} WARNING - Install Kubernetes dependencies with: pip install apache-airflow[cncf.kubernetes]
[2025-07-04T12:44:03.735+0530] {processor.py:842} WARNING - No viable dags retrieved from /home/tejhanagarajan/Projects/small-projects/NewsImpact/venv/lib64/python3.10/site-packages/airflow/example_dags/example_local_kubernetes_executor.py
[2025-07-04T12:44:03.739+0530] {processor.py:183} INFO - Processing /home/tejhanagarajan/Projects/small-projects/NewsImpact/venv/lib64/python3.10/site-packages/airflow/example_dags/example_local_kubernetes_executor.py took 0.010 seconds
[2025-07-04T12:44:57.734+0530] {processor.py:161} INFO - Started process (PID=39109) to work on /home/tejhanagarajan/Projects/small-projects/NewsImpact/venv/lib64/python3.10/site-packages/airflow/example_dags/example_local_kubernetes_executor.py
[2025-07-04T12:44:57.737+0530] {processor.py:830} INFO - Processing file /home/tejhanagarajan/Projects/small-projects/NewsImpact/venv/lib64/python3.10/site-packages/airflow/example_dags/example_local_kubernetes_executor.py for tasks to queue
[2025-07-04T12:44:57.738+0530] {logging_mixin.py:188} INFO - [2025-07-04T12:44:57.738+0530] {dagbag.py:538} INFO - Filling up the DagBag from /home/tejhanagarajan/Projects/small-projects/NewsImpact/venv/lib64/python3.10/site-packages/airflow/example_dags/example_local_kubernetes_executor.py
[2025-07-04T12:44:57.741+0530] {logging_mixin.py:188} INFO - [2025-07-04T12:44:57.740+0530] {example_local_kubernetes_executor.py:39} WARNING - Could not import DAGs in example_local_kubernetes_executor.py
Traceback (most recent call last):
  File "/home/tejhanagarajan/Projects/small-projects/NewsImpact/venv/lib64/python3.10/site-packages/airflow/example_dags/example_local_kubernetes_executor.py", line 37, in <module>
    from kubernetes.client import models as k8s
ModuleNotFoundError: No module named 'kubernetes'
[2025-07-04T12:44:57.741+0530] {logging_mixin.py:188} INFO - [2025-07-04T12:44:57.741+0530] {example_local_kubernetes_executor.py:40} WARNING - Install Kubernetes dependencies with: pip install apache-airflow[cncf.kubernetes]
[2025-07-04T12:44:57.741+0530] {processor.py:842} WARNING - No viable dags retrieved from /home/tejhanagarajan/Projects/small-projects/NewsImpact/venv/lib64/python3.10/site-packages/airflow/example_dags/example_local_kubernetes_executor.py
[2025-07-04T12:44:57.750+0530] {processor.py:183} INFO - Processing /home/tejhanagarajan/Projects/small-projects/NewsImpact/venv/lib64/python3.10/site-packages/airflow/example_dags/example_local_kubernetes_executor.py took 0.019 seconds
[2025-07-04T12:45:50.751+0530] {processor.py:161} INFO - Started process (PID=39514) to work on /home/tejhanagarajan/Projects/small-projects/NewsImpact/venv/lib64/python3.10/site-packages/airflow/example_dags/example_local_kubernetes_executor.py
[2025-07-04T12:45:50.754+0530] {processor.py:830} INFO - Processing file /home/tejhanagarajan/Projects/small-projects/NewsImpact/venv/lib64/python3.10/site-packages/airflow/example_dags/example_local_kubernetes_executor.py for tasks to queue
[2025-07-04T12:45:50.755+0530] {logging_mixin.py:188} INFO - [2025-07-04T12:45:50.754+0530] {dagbag.py:538} INFO - Filling up the DagBag from /home/tejhanagarajan/Projects/small-projects/NewsImpact/venv/lib64/python3.10/site-packages/airflow/example_dags/example_local_kubernetes_executor.py
[2025-07-04T12:45:50.757+0530] {logging_mixin.py:188} INFO - [2025-07-04T12:45:50.756+0530] {example_local_kubernetes_executor.py:39} WARNING - Could not import DAGs in example_local_kubernetes_executor.py
Traceback (most recent call last):
  File "/home/tejhanagarajan/Projects/small-projects/NewsImpact/venv/lib64/python3.10/site-packages/airflow/example_dags/example_local_kubernetes_executor.py", line 37, in <module>
    from kubernetes.client import models as k8s
ModuleNotFoundError: No module named 'kubernetes'
[2025-07-04T12:45:50.757+0530] {logging_mixin.py:188} INFO - [2025-07-04T12:45:50.757+0530] {example_local_kubernetes_executor.py:40} WARNING - Install Kubernetes dependencies with: pip install apache-airflow[cncf.kubernetes]
[2025-07-04T12:45:50.757+0530] {processor.py:842} WARNING - No viable dags retrieved from /home/tejhanagarajan/Projects/small-projects/NewsImpact/venv/lib64/python3.10/site-packages/airflow/example_dags/example_local_kubernetes_executor.py
[2025-07-04T12:45:50.761+0530] {processor.py:183} INFO - Processing /home/tejhanagarajan/Projects/small-projects/NewsImpact/venv/lib64/python3.10/site-packages/airflow/example_dags/example_local_kubernetes_executor.py took 0.011 seconds
[2025-07-04T12:46:42.826+0530] {processor.py:161} INFO - Started process (PID=39884) to work on /home/tejhanagarajan/Projects/small-projects/NewsImpact/venv/lib64/python3.10/site-packages/airflow/example_dags/example_local_kubernetes_executor.py
[2025-07-04T12:46:42.828+0530] {processor.py:830} INFO - Processing file /home/tejhanagarajan/Projects/small-projects/NewsImpact/venv/lib64/python3.10/site-packages/airflow/example_dags/example_local_kubernetes_executor.py for tasks to queue
[2025-07-04T12:46:42.828+0530] {logging_mixin.py:188} INFO - [2025-07-04T12:46:42.828+0530] {dagbag.py:538} INFO - Filling up the DagBag from /home/tejhanagarajan/Projects/small-projects/NewsImpact/venv/lib64/python3.10/site-packages/airflow/example_dags/example_local_kubernetes_executor.py
[2025-07-04T12:46:42.830+0530] {logging_mixin.py:188} INFO - [2025-07-04T12:46:42.830+0530] {example_local_kubernetes_executor.py:39} WARNING - Could not import DAGs in example_local_kubernetes_executor.py
Traceback (most recent call last):
  File "/home/tejhanagarajan/Projects/small-projects/NewsImpact/venv/lib64/python3.10/site-packages/airflow/example_dags/example_local_kubernetes_executor.py", line 37, in <module>
    from kubernetes.client import models as k8s
ModuleNotFoundError: No module named 'kubernetes'
[2025-07-04T12:46:42.830+0530] {logging_mixin.py:188} INFO - [2025-07-04T12:46:42.830+0530] {example_local_kubernetes_executor.py:40} WARNING - Install Kubernetes dependencies with: pip install apache-airflow[cncf.kubernetes]
[2025-07-04T12:46:42.830+0530] {processor.py:842} WARNING - No viable dags retrieved from /home/tejhanagarajan/Projects/small-projects/NewsImpact/venv/lib64/python3.10/site-packages/airflow/example_dags/example_local_kubernetes_executor.py
[2025-07-04T12:46:42.834+0530] {processor.py:183} INFO - Processing /home/tejhanagarajan/Projects/small-projects/NewsImpact/venv/lib64/python3.10/site-packages/airflow/example_dags/example_local_kubernetes_executor.py took 0.010 seconds
[2025-07-04T12:47:34.861+0530] {processor.py:161} INFO - Started process (PID=40277) to work on /home/tejhanagarajan/Projects/small-projects/NewsImpact/venv/lib64/python3.10/site-packages/airflow/example_dags/example_local_kubernetes_executor.py
[2025-07-04T12:47:34.863+0530] {processor.py:830} INFO - Processing file /home/tejhanagarajan/Projects/small-projects/NewsImpact/venv/lib64/python3.10/site-packages/airflow/example_dags/example_local_kubernetes_executor.py for tasks to queue
[2025-07-04T12:47:34.863+0530] {logging_mixin.py:188} INFO - [2025-07-04T12:47:34.863+0530] {dagbag.py:538} INFO - Filling up the DagBag from /home/tejhanagarajan/Projects/small-projects/NewsImpact/venv/lib64/python3.10/site-packages/airflow/example_dags/example_local_kubernetes_executor.py
[2025-07-04T12:47:34.865+0530] {logging_mixin.py:188} INFO - [2025-07-04T12:47:34.865+0530] {example_local_kubernetes_executor.py:39} WARNING - Could not import DAGs in example_local_kubernetes_executor.py
Traceback (most recent call last):
  File "/home/tejhanagarajan/Projects/small-projects/NewsImpact/venv/lib64/python3.10/site-packages/airflow/example_dags/example_local_kubernetes_executor.py", line 37, in <module>
    from kubernetes.client import models as k8s
ModuleNotFoundError: No module named 'kubernetes'
[2025-07-04T12:47:34.865+0530] {logging_mixin.py:188} INFO - [2025-07-04T12:47:34.865+0530] {example_local_kubernetes_executor.py:40} WARNING - Install Kubernetes dependencies with: pip install apache-airflow[cncf.kubernetes]
[2025-07-04T12:47:34.865+0530] {processor.py:842} WARNING - No viable dags retrieved from /home/tejhanagarajan/Projects/small-projects/NewsImpact/venv/lib64/python3.10/site-packages/airflow/example_dags/example_local_kubernetes_executor.py
[2025-07-04T12:47:34.869+0530] {processor.py:183} INFO - Processing /home/tejhanagarajan/Projects/small-projects/NewsImpact/venv/lib64/python3.10/site-packages/airflow/example_dags/example_local_kubernetes_executor.py took 0.010 seconds
[2025-07-04T12:48:22.193+0530] {processor.py:161} INFO - Started process (PID=40648) to work on /home/tejhanagarajan/Projects/small-projects/NewsImpact/venv/lib64/python3.10/site-packages/airflow/example_dags/example_local_kubernetes_executor.py
[2025-07-04T12:48:22.195+0530] {processor.py:830} INFO - Processing file /home/tejhanagarajan/Projects/small-projects/NewsImpact/venv/lib64/python3.10/site-packages/airflow/example_dags/example_local_kubernetes_executor.py for tasks to queue
[2025-07-04T12:48:22.196+0530] {logging_mixin.py:188} INFO - [2025-07-04T12:48:22.196+0530] {dagbag.py:538} INFO - Filling up the DagBag from /home/tejhanagarajan/Projects/small-projects/NewsImpact/venv/lib64/python3.10/site-packages/airflow/example_dags/example_local_kubernetes_executor.py
[2025-07-04T12:48:22.199+0530] {logging_mixin.py:188} INFO - [2025-07-04T12:48:22.198+0530] {example_local_kubernetes_executor.py:39} WARNING - Could not import DAGs in example_local_kubernetes_executor.py
Traceback (most recent call last):
  File "/home/tejhanagarajan/Projects/small-projects/NewsImpact/venv/lib64/python3.10/site-packages/airflow/example_dags/example_local_kubernetes_executor.py", line 37, in <module>
    from kubernetes.client import models as k8s
ModuleNotFoundError: No module named 'kubernetes'
[2025-07-04T12:48:22.199+0530] {logging_mixin.py:188} INFO - [2025-07-04T12:48:22.199+0530] {example_local_kubernetes_executor.py:40} WARNING - Install Kubernetes dependencies with: pip install apache-airflow[cncf.kubernetes]
[2025-07-04T12:48:22.199+0530] {processor.py:842} WARNING - No viable dags retrieved from /home/tejhanagarajan/Projects/small-projects/NewsImpact/venv/lib64/python3.10/site-packages/airflow/example_dags/example_local_kubernetes_executor.py
[2025-07-04T12:48:22.205+0530] {processor.py:183} INFO - Processing /home/tejhanagarajan/Projects/small-projects/NewsImpact/venv/lib64/python3.10/site-packages/airflow/example_dags/example_local_kubernetes_executor.py took 0.014 seconds
