[2025-07-04T12:27:14.221+0530] {processor.py:161} INFO - Started process (PID=25430) to work on /home/tejhanagarajan/Projects/small-projects/NewsImpact/venv/lib64/python3.10/site-packages/airflow/example_dags/example_branch_datetime_operator.py
[2025-07-04T12:27:14.222+0530] {processor.py:830} INFO - Processing file /home/tejhanagarajan/Projects/small-projects/NewsImpact/venv/lib64/python3.10/site-packages/airflow/example_dags/example_branch_datetime_operator.py for tasks to queue
[2025-07-04T12:27:14.222+0530] {logging_mixin.py:188} INFO - [2025-07-04T12:27:14.222+0530] {dagbag.py:538} INFO - Filling up the DagBag from /home/tejhanagarajan/Projects/small-projects/NewsImpact/venv/lib64/python3.10/site-packages/airflow/example_dags/example_branch_datetime_operator.py
[2025-07-04T12:27:14.227+0530] {processor.py:840} INFO - DAG(s) 'example_branch_datetime_operator_3', 'example_branch_datetime_operator_2', 'example_branch_datetime_operator' retrieved from /home/tejhanagarajan/Projects/small-projects/NewsImpact/venv/lib64/python3.10/site-packages/airflow/example_dags/example_branch_datetime_operator.py
[2025-07-04T12:27:14.285+0530] {logging_mixin.py:188} INFO - [2025-07-04T12:27:14.285+0530] {override.py:1769} INFO - Created Permission View: can read on DAG:example_branch_datetime_operator_3
[2025-07-04T12:27:14.297+0530] {logging_mixin.py:188} INFO - [2025-07-04T12:27:14.297+0530] {override.py:1769} INFO - Created Permission View: can edit on DAG:example_branch_datetime_operator_3
[2025-07-04T12:27:14.310+0530] {logging_mixin.py:188} INFO - [2025-07-04T12:27:14.310+0530] {override.py:1769} INFO - Created Permission View: can delete on DAG:example_branch_datetime_operator_3
[2025-07-04T12:27:14.337+0530] {logging_mixin.py:188} INFO - [2025-07-04T12:27:14.336+0530] {override.py:1769} INFO - Created Permission View: can read on DAG:example_branch_datetime_operator_2
[2025-07-04T12:27:14.354+0530] {logging_mixin.py:188} INFO - [2025-07-04T12:27:14.353+0530] {override.py:1769} INFO - Created Permission View: can edit on DAG:example_branch_datetime_operator_2
[2025-07-04T12:27:14.367+0530] {logging_mixin.py:188} INFO - [2025-07-04T12:27:14.367+0530] {override.py:1769} INFO - Created Permission View: can delete on DAG:example_branch_datetime_operator_2
[2025-07-04T12:27:14.395+0530] {logging_mixin.py:188} INFO - [2025-07-04T12:27:14.395+0530] {override.py:1769} INFO - Created Permission View: can read on DAG:example_branch_datetime_operator
[2025-07-04T12:27:14.416+0530] {logging_mixin.py:188} INFO - [2025-07-04T12:27:14.415+0530] {override.py:1769} INFO - Created Permission View: can edit on DAG:example_branch_datetime_operator
[2025-07-04T12:27:14.431+0530] {logging_mixin.py:188} INFO - [2025-07-04T12:27:14.431+0530] {override.py:1769} INFO - Created Permission View: can delete on DAG:example_branch_datetime_operator
[2025-07-04T12:27:14.432+0530] {logging_mixin.py:188} INFO - [2025-07-04T12:27:14.431+0530] {dag.py:3036} INFO - Sync 3 DAGs
[2025-07-04T12:27:14.443+0530] {logging_mixin.py:188} INFO - [2025-07-04T12:27:14.442+0530] {dag.py:3058} INFO - Creating ORM DAG for example_branch_datetime_operator
[2025-07-04T12:27:14.443+0530] {logging_mixin.py:188} INFO - [2025-07-04T12:27:14.443+0530] {dag.py:3058} INFO - Creating ORM DAG for example_branch_datetime_operator_3
[2025-07-04T12:27:14.443+0530] {logging_mixin.py:188} INFO - [2025-07-04T12:27:14.443+0530] {dag.py:3058} INFO - Creating ORM DAG for example_branch_datetime_operator_2
[2025-07-04T12:27:14.447+0530] {logging_mixin.py:188} INFO - [2025-07-04T12:27:14.447+0530] {dag.py:3823} INFO - Setting next_dagrun for example_branch_datetime_operator to 2025-07-03 00:00:00+00:00, run_after=2025-07-04 00:00:00+00:00
[2025-07-04T12:27:14.448+0530] {logging_mixin.py:188} INFO - [2025-07-04T12:27:14.448+0530] {dag.py:3823} INFO - Setting next_dagrun for example_branch_datetime_operator_2 to 2025-07-03 00:00:00+00:00, run_after=2025-07-04 00:00:00+00:00
[2025-07-04T12:27:14.449+0530] {logging_mixin.py:188} INFO - [2025-07-04T12:27:14.449+0530] {dag.py:3823} INFO - Setting next_dagrun for example_branch_datetime_operator_3 to 2025-07-03 00:00:00+00:00, run_after=2025-07-04 00:00:00+00:00
[2025-07-04T12:27:14.463+0530] {processor.py:183} INFO - Processing /home/tejhanagarajan/Projects/small-projects/NewsImpact/venv/lib64/python3.10/site-packages/airflow/example_dags/example_branch_datetime_operator.py took 0.243 seconds
[2025-07-04T12:28:11.829+0530] {processor.py:161} INFO - Started process (PID=25896) to work on /home/tejhanagarajan/Projects/small-projects/NewsImpact/venv/lib64/python3.10/site-packages/airflow/example_dags/example_branch_datetime_operator.py
[2025-07-04T12:28:11.830+0530] {processor.py:830} INFO - Processing file /home/tejhanagarajan/Projects/small-projects/NewsImpact/venv/lib64/python3.10/site-packages/airflow/example_dags/example_branch_datetime_operator.py for tasks to queue
[2025-07-04T12:28:11.830+0530] {logging_mixin.py:188} INFO - [2025-07-04T12:28:11.830+0530] {dagbag.py:538} INFO - Filling up the DagBag from /home/tejhanagarajan/Projects/small-projects/NewsImpact/venv/lib64/python3.10/site-packages/airflow/example_dags/example_branch_datetime_operator.py
[2025-07-04T12:28:11.835+0530] {processor.py:840} INFO - DAG(s) 'example_branch_datetime_operator_2', 'example_branch_datetime_operator_3', 'example_branch_datetime_operator' retrieved from /home/tejhanagarajan/Projects/small-projects/NewsImpact/venv/lib64/python3.10/site-packages/airflow/example_dags/example_branch_datetime_operator.py
[2025-07-04T12:28:11.865+0530] {logging_mixin.py:188} INFO - [2025-07-04T12:28:11.865+0530] {dag.py:3036} INFO - Sync 3 DAGs
[2025-07-04T12:28:11.877+0530] {logging_mixin.py:188} INFO - [2025-07-04T12:28:11.877+0530] {dag.py:3823} INFO - Setting next_dagrun for example_branch_datetime_operator to 2025-07-03 00:00:00+00:00, run_after=2025-07-04 00:00:00+00:00
[2025-07-04T12:28:11.888+0530] {logging_mixin.py:188} INFO - [2025-07-04T12:28:11.887+0530] {dag.py:3823} INFO - Setting next_dagrun for example_branch_datetime_operator_2 to 2025-07-03 00:00:00+00:00, run_after=2025-07-04 00:00:00+00:00
[2025-07-04T12:28:11.889+0530] {logging_mixin.py:188} INFO - [2025-07-04T12:28:11.889+0530] {dag.py:3823} INFO - Setting next_dagrun for example_branch_datetime_operator_3 to 2025-07-03 00:00:00+00:00, run_after=2025-07-04 00:00:00+00:00
[2025-07-04T12:28:11.905+0530] {processor.py:183} INFO - Processing /home/tejhanagarajan/Projects/small-projects/NewsImpact/venv/lib64/python3.10/site-packages/airflow/example_dags/example_branch_datetime_operator.py took 0.077 seconds
[2025-07-04T12:29:10.018+0530] {processor.py:161} INFO - Started process (PID=26371) to work on /home/tejhanagarajan/Projects/small-projects/NewsImpact/venv/lib64/python3.10/site-packages/airflow/example_dags/example_branch_datetime_operator.py
[2025-07-04T12:29:10.022+0530] {processor.py:830} INFO - Processing file /home/tejhanagarajan/Projects/small-projects/NewsImpact/venv/lib64/python3.10/site-packages/airflow/example_dags/example_branch_datetime_operator.py for tasks to queue
[2025-07-04T12:29:10.023+0530] {logging_mixin.py:188} INFO - [2025-07-04T12:29:10.023+0530] {dagbag.py:538} INFO - Filling up the DagBag from /home/tejhanagarajan/Projects/small-projects/NewsImpact/venv/lib64/python3.10/site-packages/airflow/example_dags/example_branch_datetime_operator.py
[2025-07-04T12:29:10.028+0530] {processor.py:840} INFO - DAG(s) 'example_branch_datetime_operator', 'example_branch_datetime_operator_3', 'example_branch_datetime_operator_2' retrieved from /home/tejhanagarajan/Projects/small-projects/NewsImpact/venv/lib64/python3.10/site-packages/airflow/example_dags/example_branch_datetime_operator.py
[2025-07-04T12:29:10.038+0530] {logging_mixin.py:188} INFO - [2025-07-04T12:29:10.038+0530] {dag.py:3036} INFO - Sync 3 DAGs
[2025-07-04T12:29:10.047+0530] {logging_mixin.py:188} INFO - [2025-07-04T12:29:10.047+0530] {dag.py:3823} INFO - Setting next_dagrun for example_branch_datetime_operator to 2025-07-03 00:00:00+00:00, run_after=2025-07-04 00:00:00+00:00
[2025-07-04T12:29:10.049+0530] {logging_mixin.py:188} INFO - [2025-07-04T12:29:10.049+0530] {dag.py:3823} INFO - Setting next_dagrun for example_branch_datetime_operator_2 to 2025-07-03 00:00:00+00:00, run_after=2025-07-04 00:00:00+00:00
[2025-07-04T12:29:10.050+0530] {logging_mixin.py:188} INFO - [2025-07-04T12:29:10.050+0530] {dag.py:3823} INFO - Setting next_dagrun for example_branch_datetime_operator_3 to 2025-07-03 00:00:00+00:00, run_after=2025-07-04 00:00:00+00:00
[2025-07-04T12:29:10.067+0530] {processor.py:183} INFO - Processing /home/tejhanagarajan/Projects/small-projects/NewsImpact/venv/lib64/python3.10/site-packages/airflow/example_dags/example_branch_datetime_operator.py took 0.051 seconds
[2025-07-04T12:30:03.094+0530] {processor.py:161} INFO - Started process (PID=26825) to work on /home/tejhanagarajan/Projects/small-projects/NewsImpact/venv/lib64/python3.10/site-packages/airflow/example_dags/example_branch_datetime_operator.py
[2025-07-04T12:30:03.096+0530] {processor.py:830} INFO - Processing file /home/tejhanagarajan/Projects/small-projects/NewsImpact/venv/lib64/python3.10/site-packages/airflow/example_dags/example_branch_datetime_operator.py for tasks to queue
[2025-07-04T12:30:03.097+0530] {logging_mixin.py:188} INFO - [2025-07-04T12:30:03.097+0530] {dagbag.py:538} INFO - Filling up the DagBag from /home/tejhanagarajan/Projects/small-projects/NewsImpact/venv/lib64/python3.10/site-packages/airflow/example_dags/example_branch_datetime_operator.py
[2025-07-04T12:30:03.106+0530] {processor.py:840} INFO - DAG(s) 'example_branch_datetime_operator', 'example_branch_datetime_operator_2', 'example_branch_datetime_operator_3' retrieved from /home/tejhanagarajan/Projects/small-projects/NewsImpact/venv/lib64/python3.10/site-packages/airflow/example_dags/example_branch_datetime_operator.py
[2025-07-04T12:30:03.116+0530] {logging_mixin.py:188} INFO - [2025-07-04T12:30:03.116+0530] {dag.py:3036} INFO - Sync 3 DAGs
[2025-07-04T12:30:03.125+0530] {logging_mixin.py:188} INFO - [2025-07-04T12:30:03.125+0530] {dag.py:3823} INFO - Setting next_dagrun for example_branch_datetime_operator to 2025-07-03 00:00:00+00:00, run_after=2025-07-04 00:00:00+00:00
[2025-07-04T12:30:03.127+0530] {logging_mixin.py:188} INFO - [2025-07-04T12:30:03.126+0530] {dag.py:3823} INFO - Setting next_dagrun for example_branch_datetime_operator_2 to 2025-07-03 00:00:00+00:00, run_after=2025-07-04 00:00:00+00:00
[2025-07-04T12:30:03.127+0530] {logging_mixin.py:188} INFO - [2025-07-04T12:30:03.127+0530] {dag.py:3823} INFO - Setting next_dagrun for example_branch_datetime_operator_3 to 2025-07-03 00:00:00+00:00, run_after=2025-07-04 00:00:00+00:00
[2025-07-04T12:30:03.143+0530] {processor.py:183} INFO - Processing /home/tejhanagarajan/Projects/small-projects/NewsImpact/venv/lib64/python3.10/site-packages/airflow/example_dags/example_branch_datetime_operator.py took 0.052 seconds
[2025-07-04T12:30:56.846+0530] {processor.py:161} INFO - Started process (PID=27180) to work on /home/tejhanagarajan/Projects/small-projects/NewsImpact/venv/lib64/python3.10/site-packages/airflow/example_dags/example_branch_datetime_operator.py
[2025-07-04T12:30:56.849+0530] {processor.py:830} INFO - Processing file /home/tejhanagarajan/Projects/small-projects/NewsImpact/venv/lib64/python3.10/site-packages/airflow/example_dags/example_branch_datetime_operator.py for tasks to queue
[2025-07-04T12:30:56.850+0530] {logging_mixin.py:188} INFO - [2025-07-04T12:30:56.850+0530] {dagbag.py:538} INFO - Filling up the DagBag from /home/tejhanagarajan/Projects/small-projects/NewsImpact/venv/lib64/python3.10/site-packages/airflow/example_dags/example_branch_datetime_operator.py
[2025-07-04T12:30:56.857+0530] {processor.py:840} INFO - DAG(s) 'example_branch_datetime_operator', 'example_branch_datetime_operator_3', 'example_branch_datetime_operator_2' retrieved from /home/tejhanagarajan/Projects/small-projects/NewsImpact/venv/lib64/python3.10/site-packages/airflow/example_dags/example_branch_datetime_operator.py
[2025-07-04T12:30:56.867+0530] {logging_mixin.py:188} INFO - [2025-07-04T12:30:56.867+0530] {dag.py:3036} INFO - Sync 3 DAGs
[2025-07-04T12:30:56.877+0530] {logging_mixin.py:188} INFO - [2025-07-04T12:30:56.877+0530] {dag.py:3823} INFO - Setting next_dagrun for example_branch_datetime_operator to 2025-07-03 00:00:00+00:00, run_after=2025-07-04 00:00:00+00:00
[2025-07-04T12:30:56.879+0530] {logging_mixin.py:188} INFO - [2025-07-04T12:30:56.879+0530] {dag.py:3823} INFO - Setting next_dagrun for example_branch_datetime_operator_2 to 2025-07-03 00:00:00+00:00, run_after=2025-07-04 00:00:00+00:00
[2025-07-04T12:30:56.880+0530] {logging_mixin.py:188} INFO - [2025-07-04T12:30:56.880+0530] {dag.py:3823} INFO - Setting next_dagrun for example_branch_datetime_operator_3 to 2025-07-03 00:00:00+00:00, run_after=2025-07-04 00:00:00+00:00
[2025-07-04T12:30:56.895+0530] {processor.py:183} INFO - Processing /home/tejhanagarajan/Projects/small-projects/NewsImpact/venv/lib64/python3.10/site-packages/airflow/example_dags/example_branch_datetime_operator.py took 0.052 seconds
[2025-07-04T12:33:37.364+0530] {processor.py:161} INFO - Started process (PID=30278) to work on /home/tejhanagarajan/Projects/small-projects/NewsImpact/venv/lib64/python3.10/site-packages/airflow/example_dags/example_branch_datetime_operator.py
[2025-07-04T12:33:37.366+0530] {processor.py:830} INFO - Processing file /home/tejhanagarajan/Projects/small-projects/NewsImpact/venv/lib64/python3.10/site-packages/airflow/example_dags/example_branch_datetime_operator.py for tasks to queue
[2025-07-04T12:33:37.367+0530] {logging_mixin.py:188} INFO - [2025-07-04T12:33:37.367+0530] {dagbag.py:538} INFO - Filling up the DagBag from /home/tejhanagarajan/Projects/small-projects/NewsImpact/venv/lib64/python3.10/site-packages/airflow/example_dags/example_branch_datetime_operator.py
[2025-07-04T12:33:37.373+0530] {processor.py:840} INFO - DAG(s) 'example_branch_datetime_operator', 'example_branch_datetime_operator_2', 'example_branch_datetime_operator_3' retrieved from /home/tejhanagarajan/Projects/small-projects/NewsImpact/venv/lib64/python3.10/site-packages/airflow/example_dags/example_branch_datetime_operator.py
[2025-07-04T12:33:37.382+0530] {logging_mixin.py:188} INFO - [2025-07-04T12:33:37.382+0530] {dag.py:3036} INFO - Sync 3 DAGs
[2025-07-04T12:33:37.390+0530] {logging_mixin.py:188} INFO - [2025-07-04T12:33:37.390+0530] {dag.py:3823} INFO - Setting next_dagrun for example_branch_datetime_operator to 2025-07-03 00:00:00+00:00, run_after=2025-07-04 00:00:00+00:00
[2025-07-04T12:33:37.392+0530] {logging_mixin.py:188} INFO - [2025-07-04T12:33:37.392+0530] {dag.py:3823} INFO - Setting next_dagrun for example_branch_datetime_operator_2 to 2025-07-03 00:00:00+00:00, run_after=2025-07-04 00:00:00+00:00
[2025-07-04T12:33:37.393+0530] {logging_mixin.py:188} INFO - [2025-07-04T12:33:37.393+0530] {dag.py:3823} INFO - Setting next_dagrun for example_branch_datetime_operator_3 to 2025-07-03 00:00:00+00:00, run_after=2025-07-04 00:00:00+00:00
[2025-07-04T12:33:37.410+0530] {processor.py:183} INFO - Processing /home/tejhanagarajan/Projects/small-projects/NewsImpact/venv/lib64/python3.10/site-packages/airflow/example_dags/example_branch_datetime_operator.py took 0.049 seconds
[2025-07-04T12:34:28.047+0530] {processor.py:161} INFO - Started process (PID=30919) to work on /home/tejhanagarajan/Projects/small-projects/NewsImpact/venv/lib64/python3.10/site-packages/airflow/example_dags/example_branch_datetime_operator.py
[2025-07-04T12:34:28.050+0530] {processor.py:830} INFO - Processing file /home/tejhanagarajan/Projects/small-projects/NewsImpact/venv/lib64/python3.10/site-packages/airflow/example_dags/example_branch_datetime_operator.py for tasks to queue
[2025-07-04T12:34:28.051+0530] {logging_mixin.py:188} INFO - [2025-07-04T12:34:28.050+0530] {dagbag.py:538} INFO - Filling up the DagBag from /home/tejhanagarajan/Projects/small-projects/NewsImpact/venv/lib64/python3.10/site-packages/airflow/example_dags/example_branch_datetime_operator.py
[2025-07-04T12:34:28.057+0530] {processor.py:840} INFO - DAG(s) 'example_branch_datetime_operator', 'example_branch_datetime_operator_3', 'example_branch_datetime_operator_2' retrieved from /home/tejhanagarajan/Projects/small-projects/NewsImpact/venv/lib64/python3.10/site-packages/airflow/example_dags/example_branch_datetime_operator.py
[2025-07-04T12:34:28.066+0530] {logging_mixin.py:188} INFO - [2025-07-04T12:34:28.066+0530] {dag.py:3036} INFO - Sync 3 DAGs
[2025-07-04T12:34:28.075+0530] {logging_mixin.py:188} INFO - [2025-07-04T12:34:28.075+0530] {dag.py:3823} INFO - Setting next_dagrun for example_branch_datetime_operator to 2025-07-03 00:00:00+00:00, run_after=2025-07-04 00:00:00+00:00
[2025-07-04T12:34:28.076+0530] {logging_mixin.py:188} INFO - [2025-07-04T12:34:28.076+0530] {dag.py:3823} INFO - Setting next_dagrun for example_branch_datetime_operator_2 to 2025-07-03 00:00:00+00:00, run_after=2025-07-04 00:00:00+00:00
[2025-07-04T12:34:28.077+0530] {logging_mixin.py:188} INFO - [2025-07-04T12:34:28.077+0530] {dag.py:3823} INFO - Setting next_dagrun for example_branch_datetime_operator_3 to 2025-07-03 00:00:00+00:00, run_after=2025-07-04 00:00:00+00:00
[2025-07-04T12:34:28.094+0530] {processor.py:183} INFO - Processing /home/tejhanagarajan/Projects/small-projects/NewsImpact/venv/lib64/python3.10/site-packages/airflow/example_dags/example_branch_datetime_operator.py took 0.050 seconds
[2025-07-04T12:35:22.449+0530] {processor.py:161} INFO - Started process (PID=31283) to work on /home/tejhanagarajan/Projects/small-projects/NewsImpact/venv/lib64/python3.10/site-packages/airflow/example_dags/example_branch_datetime_operator.py
[2025-07-04T12:35:22.451+0530] {processor.py:830} INFO - Processing file /home/tejhanagarajan/Projects/small-projects/NewsImpact/venv/lib64/python3.10/site-packages/airflow/example_dags/example_branch_datetime_operator.py for tasks to queue
[2025-07-04T12:35:22.451+0530] {logging_mixin.py:188} INFO - [2025-07-04T12:35:22.451+0530] {dagbag.py:538} INFO - Filling up the DagBag from /home/tejhanagarajan/Projects/small-projects/NewsImpact/venv/lib64/python3.10/site-packages/airflow/example_dags/example_branch_datetime_operator.py
[2025-07-04T12:35:22.456+0530] {processor.py:840} INFO - DAG(s) 'example_branch_datetime_operator_2', 'example_branch_datetime_operator', 'example_branch_datetime_operator_3' retrieved from /home/tejhanagarajan/Projects/small-projects/NewsImpact/venv/lib64/python3.10/site-packages/airflow/example_dags/example_branch_datetime_operator.py
[2025-07-04T12:35:22.465+0530] {logging_mixin.py:188} INFO - [2025-07-04T12:35:22.465+0530] {dag.py:3036} INFO - Sync 3 DAGs
[2025-07-04T12:35:22.473+0530] {logging_mixin.py:188} INFO - [2025-07-04T12:35:22.473+0530] {dag.py:3823} INFO - Setting next_dagrun for example_branch_datetime_operator to 2025-07-03 00:00:00+00:00, run_after=2025-07-04 00:00:00+00:00
[2025-07-04T12:35:22.475+0530] {logging_mixin.py:188} INFO - [2025-07-04T12:35:22.475+0530] {dag.py:3823} INFO - Setting next_dagrun for example_branch_datetime_operator_2 to 2025-07-03 00:00:00+00:00, run_after=2025-07-04 00:00:00+00:00
[2025-07-04T12:35:22.476+0530] {logging_mixin.py:188} INFO - [2025-07-04T12:35:22.476+0530] {dag.py:3823} INFO - Setting next_dagrun for example_branch_datetime_operator_3 to 2025-07-03 00:00:00+00:00, run_after=2025-07-04 00:00:00+00:00
[2025-07-04T12:35:22.491+0530] {processor.py:183} INFO - Processing /home/tejhanagarajan/Projects/small-projects/NewsImpact/venv/lib64/python3.10/site-packages/airflow/example_dags/example_branch_datetime_operator.py took 0.044 seconds
[2025-07-04T12:36:17.067+0530] {processor.py:161} INFO - Started process (PID=31773) to work on /home/tejhanagarajan/Projects/small-projects/NewsImpact/venv/lib64/python3.10/site-packages/airflow/example_dags/example_branch_datetime_operator.py
[2025-07-04T12:36:17.069+0530] {processor.py:830} INFO - Processing file /home/tejhanagarajan/Projects/small-projects/NewsImpact/venv/lib64/python3.10/site-packages/airflow/example_dags/example_branch_datetime_operator.py for tasks to queue
[2025-07-04T12:36:17.070+0530] {logging_mixin.py:188} INFO - [2025-07-04T12:36:17.070+0530] {dagbag.py:538} INFO - Filling up the DagBag from /home/tejhanagarajan/Projects/small-projects/NewsImpact/venv/lib64/python3.10/site-packages/airflow/example_dags/example_branch_datetime_operator.py
[2025-07-04T12:36:17.076+0530] {processor.py:840} INFO - DAG(s) 'example_branch_datetime_operator_3', 'example_branch_datetime_operator', 'example_branch_datetime_operator_2' retrieved from /home/tejhanagarajan/Projects/small-projects/NewsImpact/venv/lib64/python3.10/site-packages/airflow/example_dags/example_branch_datetime_operator.py
[2025-07-04T12:36:17.085+0530] {logging_mixin.py:188} INFO - [2025-07-04T12:36:17.085+0530] {dag.py:3036} INFO - Sync 3 DAGs
[2025-07-04T12:36:17.094+0530] {logging_mixin.py:188} INFO - [2025-07-04T12:36:17.094+0530] {dag.py:3823} INFO - Setting next_dagrun for example_branch_datetime_operator to 2025-07-03 00:00:00+00:00, run_after=2025-07-04 00:00:00+00:00
[2025-07-04T12:36:17.096+0530] {logging_mixin.py:188} INFO - [2025-07-04T12:36:17.095+0530] {dag.py:3823} INFO - Setting next_dagrun for example_branch_datetime_operator_2 to 2025-07-03 00:00:00+00:00, run_after=2025-07-04 00:00:00+00:00
[2025-07-04T12:36:17.096+0530] {logging_mixin.py:188} INFO - [2025-07-04T12:36:17.096+0530] {dag.py:3823} INFO - Setting next_dagrun for example_branch_datetime_operator_3 to 2025-07-03 00:00:00+00:00, run_after=2025-07-04 00:00:00+00:00
[2025-07-04T12:36:17.111+0530] {processor.py:183} INFO - Processing /home/tejhanagarajan/Projects/small-projects/NewsImpact/venv/lib64/python3.10/site-packages/airflow/example_dags/example_branch_datetime_operator.py took 0.047 seconds
[2025-07-04T12:37:09.193+0530] {processor.py:161} INFO - Started process (PID=32285) to work on /home/tejhanagarajan/Projects/small-projects/NewsImpact/venv/lib64/python3.10/site-packages/airflow/example_dags/example_branch_datetime_operator.py
[2025-07-04T12:37:09.195+0530] {processor.py:830} INFO - Processing file /home/tejhanagarajan/Projects/small-projects/NewsImpact/venv/lib64/python3.10/site-packages/airflow/example_dags/example_branch_datetime_operator.py for tasks to queue
[2025-07-04T12:37:09.196+0530] {logging_mixin.py:188} INFO - [2025-07-04T12:37:09.196+0530] {dagbag.py:538} INFO - Filling up the DagBag from /home/tejhanagarajan/Projects/small-projects/NewsImpact/venv/lib64/python3.10/site-packages/airflow/example_dags/example_branch_datetime_operator.py
[2025-07-04T12:37:09.202+0530] {processor.py:840} INFO - DAG(s) 'example_branch_datetime_operator_2', 'example_branch_datetime_operator', 'example_branch_datetime_operator_3' retrieved from /home/tejhanagarajan/Projects/small-projects/NewsImpact/venv/lib64/python3.10/site-packages/airflow/example_dags/example_branch_datetime_operator.py
[2025-07-04T12:37:09.213+0530] {logging_mixin.py:188} INFO - [2025-07-04T12:37:09.213+0530] {dag.py:3036} INFO - Sync 3 DAGs
[2025-07-04T12:37:09.223+0530] {logging_mixin.py:188} INFO - [2025-07-04T12:37:09.223+0530] {dag.py:3823} INFO - Setting next_dagrun for example_branch_datetime_operator to 2025-07-03 00:00:00+00:00, run_after=2025-07-04 00:00:00+00:00
[2025-07-04T12:37:09.225+0530] {logging_mixin.py:188} INFO - [2025-07-04T12:37:09.225+0530] {dag.py:3823} INFO - Setting next_dagrun for example_branch_datetime_operator_2 to 2025-07-03 00:00:00+00:00, run_after=2025-07-04 00:00:00+00:00
[2025-07-04T12:37:09.226+0530] {logging_mixin.py:188} INFO - [2025-07-04T12:37:09.226+0530] {dag.py:3823} INFO - Setting next_dagrun for example_branch_datetime_operator_3 to 2025-07-03 00:00:00+00:00, run_after=2025-07-04 00:00:00+00:00
[2025-07-04T12:37:09.243+0530] {processor.py:183} INFO - Processing /home/tejhanagarajan/Projects/small-projects/NewsImpact/venv/lib64/python3.10/site-packages/airflow/example_dags/example_branch_datetime_operator.py took 0.053 seconds
[2025-07-04T12:37:56.172+0530] {processor.py:161} INFO - Started process (PID=34640) to work on /home/tejhanagarajan/Projects/small-projects/NewsImpact/venv/lib64/python3.10/site-packages/airflow/example_dags/example_branch_datetime_operator.py
[2025-07-04T12:37:56.174+0530] {processor.py:830} INFO - Processing file /home/tejhanagarajan/Projects/small-projects/NewsImpact/venv/lib64/python3.10/site-packages/airflow/example_dags/example_branch_datetime_operator.py for tasks to queue
[2025-07-04T12:37:56.174+0530] {logging_mixin.py:188} INFO - [2025-07-04T12:37:56.174+0530] {dagbag.py:538} INFO - Filling up the DagBag from /home/tejhanagarajan/Projects/small-projects/NewsImpact/venv/lib64/python3.10/site-packages/airflow/example_dags/example_branch_datetime_operator.py
[2025-07-04T12:37:56.179+0530] {processor.py:840} INFO - DAG(s) 'example_branch_datetime_operator_2', 'example_branch_datetime_operator', 'example_branch_datetime_operator_3' retrieved from /home/tejhanagarajan/Projects/small-projects/NewsImpact/venv/lib64/python3.10/site-packages/airflow/example_dags/example_branch_datetime_operator.py
[2025-07-04T12:37:56.189+0530] {logging_mixin.py:188} INFO - [2025-07-04T12:37:56.189+0530] {dag.py:3036} INFO - Sync 3 DAGs
[2025-07-04T12:37:56.197+0530] {logging_mixin.py:188} INFO - [2025-07-04T12:37:56.197+0530] {dag.py:3823} INFO - Setting next_dagrun for example_branch_datetime_operator to 2025-07-03 00:00:00+00:00, run_after=2025-07-04 00:00:00+00:00
[2025-07-04T12:37:56.199+0530] {logging_mixin.py:188} INFO - [2025-07-04T12:37:56.199+0530] {dag.py:3823} INFO - Setting next_dagrun for example_branch_datetime_operator_2 to 2025-07-03 00:00:00+00:00, run_after=2025-07-04 00:00:00+00:00
[2025-07-04T12:37:56.200+0530] {logging_mixin.py:188} INFO - [2025-07-04T12:37:56.200+0530] {dag.py:3823} INFO - Setting next_dagrun for example_branch_datetime_operator_3 to 2025-07-03 00:00:00+00:00, run_after=2025-07-04 00:00:00+00:00
[2025-07-04T12:37:56.215+0530] {processor.py:183} INFO - Processing /home/tejhanagarajan/Projects/small-projects/NewsImpact/venv/lib64/python3.10/site-packages/airflow/example_dags/example_branch_datetime_operator.py took 0.046 seconds
[2025-07-04T12:38:39.577+0530] {processor.py:161} INFO - Started process (PID=35006) to work on /home/tejhanagarajan/Projects/small-projects/NewsImpact/venv/lib64/python3.10/site-packages/airflow/example_dags/example_branch_datetime_operator.py
[2025-07-04T12:38:39.580+0530] {processor.py:830} INFO - Processing file /home/tejhanagarajan/Projects/small-projects/NewsImpact/venv/lib64/python3.10/site-packages/airflow/example_dags/example_branch_datetime_operator.py for tasks to queue
[2025-07-04T12:38:39.581+0530] {logging_mixin.py:188} INFO - [2025-07-04T12:38:39.580+0530] {dagbag.py:538} INFO - Filling up the DagBag from /home/tejhanagarajan/Projects/small-projects/NewsImpact/venv/lib64/python3.10/site-packages/airflow/example_dags/example_branch_datetime_operator.py
[2025-07-04T12:38:39.587+0530] {processor.py:840} INFO - DAG(s) 'example_branch_datetime_operator_2', 'example_branch_datetime_operator_3', 'example_branch_datetime_operator' retrieved from /home/tejhanagarajan/Projects/small-projects/NewsImpact/venv/lib64/python3.10/site-packages/airflow/example_dags/example_branch_datetime_operator.py
[2025-07-04T12:38:39.597+0530] {logging_mixin.py:188} INFO - [2025-07-04T12:38:39.597+0530] {dag.py:3036} INFO - Sync 3 DAGs
[2025-07-04T12:38:39.606+0530] {logging_mixin.py:188} INFO - [2025-07-04T12:38:39.606+0530] {dag.py:3823} INFO - Setting next_dagrun for example_branch_datetime_operator to 2025-07-03 00:00:00+00:00, run_after=2025-07-04 00:00:00+00:00
[2025-07-04T12:38:39.608+0530] {logging_mixin.py:188} INFO - [2025-07-04T12:38:39.608+0530] {dag.py:3823} INFO - Setting next_dagrun for example_branch_datetime_operator_2 to 2025-07-03 00:00:00+00:00, run_after=2025-07-04 00:00:00+00:00
[2025-07-04T12:38:39.609+0530] {logging_mixin.py:188} INFO - [2025-07-04T12:38:39.609+0530] {dag.py:3823} INFO - Setting next_dagrun for example_branch_datetime_operator_3 to 2025-07-03 00:00:00+00:00, run_after=2025-07-04 00:00:00+00:00
[2025-07-04T12:38:39.624+0530] {processor.py:183} INFO - Processing /home/tejhanagarajan/Projects/small-projects/NewsImpact/venv/lib64/python3.10/site-packages/airflow/example_dags/example_branch_datetime_operator.py took 0.049 seconds
[2025-07-04T12:38:48.328+0530] {processor.py:161} INFO - Started process (PID=35101) to work on /home/tejhanagarajan/Projects/small-projects/NewsImpact/venv/lib64/python3.10/site-packages/airflow/example_dags/example_branch_datetime_operator.py
[2025-07-04T12:38:48.330+0530] {processor.py:830} INFO - Processing file /home/tejhanagarajan/Projects/small-projects/NewsImpact/venv/lib64/python3.10/site-packages/airflow/example_dags/example_branch_datetime_operator.py for tasks to queue
[2025-07-04T12:38:48.330+0530] {logging_mixin.py:188} INFO - [2025-07-04T12:38:48.330+0530] {dagbag.py:538} INFO - Filling up the DagBag from /home/tejhanagarajan/Projects/small-projects/NewsImpact/venv/lib64/python3.10/site-packages/airflow/example_dags/example_branch_datetime_operator.py
[2025-07-04T12:38:48.335+0530] {processor.py:840} INFO - DAG(s) 'example_branch_datetime_operator', 'example_branch_datetime_operator_3', 'example_branch_datetime_operator_2' retrieved from /home/tejhanagarajan/Projects/small-projects/NewsImpact/venv/lib64/python3.10/site-packages/airflow/example_dags/example_branch_datetime_operator.py
[2025-07-04T12:38:48.344+0530] {logging_mixin.py:188} INFO - [2025-07-04T12:38:48.344+0530] {dag.py:3036} INFO - Sync 3 DAGs
[2025-07-04T12:38:48.352+0530] {logging_mixin.py:188} INFO - [2025-07-04T12:38:48.352+0530] {dag.py:3823} INFO - Setting next_dagrun for example_branch_datetime_operator to 2025-07-03 00:00:00+00:00, run_after=2025-07-04 00:00:00+00:00
[2025-07-04T12:38:48.354+0530] {logging_mixin.py:188} INFO - [2025-07-04T12:38:48.354+0530] {dag.py:3823} INFO - Setting next_dagrun for example_branch_datetime_operator_2 to 2025-07-03 00:00:00+00:00, run_after=2025-07-04 00:00:00+00:00
[2025-07-04T12:38:48.355+0530] {logging_mixin.py:188} INFO - [2025-07-04T12:38:48.355+0530] {dag.py:3823} INFO - Setting next_dagrun for example_branch_datetime_operator_3 to 2025-07-03 00:00:00+00:00, run_after=2025-07-04 00:00:00+00:00
[2025-07-04T12:38:48.372+0530] {processor.py:183} INFO - Processing /home/tejhanagarajan/Projects/small-projects/NewsImpact/venv/lib64/python3.10/site-packages/airflow/example_dags/example_branch_datetime_operator.py took 0.045 seconds
[2025-07-04T12:39:31.275+0530] {processor.py:161} INFO - Started process (PID=35499) to work on /home/tejhanagarajan/Projects/small-projects/NewsImpact/venv/lib64/python3.10/site-packages/airflow/example_dags/example_branch_datetime_operator.py
[2025-07-04T12:39:31.277+0530] {processor.py:830} INFO - Processing file /home/tejhanagarajan/Projects/small-projects/NewsImpact/venv/lib64/python3.10/site-packages/airflow/example_dags/example_branch_datetime_operator.py for tasks to queue
[2025-07-04T12:39:31.278+0530] {logging_mixin.py:188} INFO - [2025-07-04T12:39:31.277+0530] {dagbag.py:538} INFO - Filling up the DagBag from /home/tejhanagarajan/Projects/small-projects/NewsImpact/venv/lib64/python3.10/site-packages/airflow/example_dags/example_branch_datetime_operator.py
[2025-07-04T12:39:31.282+0530] {processor.py:840} INFO - DAG(s) 'example_branch_datetime_operator', 'example_branch_datetime_operator_3', 'example_branch_datetime_operator_2' retrieved from /home/tejhanagarajan/Projects/small-projects/NewsImpact/venv/lib64/python3.10/site-packages/airflow/example_dags/example_branch_datetime_operator.py
[2025-07-04T12:39:31.293+0530] {logging_mixin.py:188} INFO - [2025-07-04T12:39:31.293+0530] {dag.py:3036} INFO - Sync 3 DAGs
[2025-07-04T12:39:31.303+0530] {logging_mixin.py:188} INFO - [2025-07-04T12:39:31.303+0530] {dag.py:3823} INFO - Setting next_dagrun for example_branch_datetime_operator to 2025-07-03 00:00:00+00:00, run_after=2025-07-04 00:00:00+00:00
[2025-07-04T12:39:31.305+0530] {logging_mixin.py:188} INFO - [2025-07-04T12:39:31.305+0530] {dag.py:3823} INFO - Setting next_dagrun for example_branch_datetime_operator_2 to 2025-07-03 00:00:00+00:00, run_after=2025-07-04 00:00:00+00:00
[2025-07-04T12:39:31.306+0530] {logging_mixin.py:188} INFO - [2025-07-04T12:39:31.306+0530] {dag.py:3823} INFO - Setting next_dagrun for example_branch_datetime_operator_3 to 2025-07-03 00:00:00+00:00, run_after=2025-07-04 00:00:00+00:00
[2025-07-04T12:39:31.322+0530] {processor.py:183} INFO - Processing /home/tejhanagarajan/Projects/small-projects/NewsImpact/venv/lib64/python3.10/site-packages/airflow/example_dags/example_branch_datetime_operator.py took 0.049 seconds
[2025-07-04T12:39:43.813+0530] {processor.py:161} INFO - Started process (PID=35592) to work on /home/tejhanagarajan/Projects/small-projects/NewsImpact/venv/lib64/python3.10/site-packages/airflow/example_dags/example_branch_datetime_operator.py
[2025-07-04T12:39:43.813+0530] {processor.py:830} INFO - Processing file /home/tejhanagarajan/Projects/small-projects/NewsImpact/venv/lib64/python3.10/site-packages/airflow/example_dags/example_branch_datetime_operator.py for tasks to queue
[2025-07-04T12:39:43.814+0530] {logging_mixin.py:188} INFO - [2025-07-04T12:39:43.814+0530] {dagbag.py:538} INFO - Filling up the DagBag from /home/tejhanagarajan/Projects/small-projects/NewsImpact/venv/lib64/python3.10/site-packages/airflow/example_dags/example_branch_datetime_operator.py
[2025-07-04T12:39:43.820+0530] {processor.py:840} INFO - DAG(s) 'example_branch_datetime_operator', 'example_branch_datetime_operator_3', 'example_branch_datetime_operator_2' retrieved from /home/tejhanagarajan/Projects/small-projects/NewsImpact/venv/lib64/python3.10/site-packages/airflow/example_dags/example_branch_datetime_operator.py
[2025-07-04T12:39:43.829+0530] {logging_mixin.py:188} INFO - [2025-07-04T12:39:43.829+0530] {dag.py:3036} INFO - Sync 3 DAGs
[2025-07-04T12:39:43.839+0530] {logging_mixin.py:188} INFO - [2025-07-04T12:39:43.839+0530] {dag.py:3823} INFO - Setting next_dagrun for example_branch_datetime_operator to 2025-07-03 00:00:00+00:00, run_after=2025-07-04 00:00:00+00:00
[2025-07-04T12:39:43.841+0530] {logging_mixin.py:188} INFO - [2025-07-04T12:39:43.841+0530] {dag.py:3823} INFO - Setting next_dagrun for example_branch_datetime_operator_2 to 2025-07-03 00:00:00+00:00, run_after=2025-07-04 00:00:00+00:00
[2025-07-04T12:39:43.842+0530] {logging_mixin.py:188} INFO - [2025-07-04T12:39:43.842+0530] {dag.py:3823} INFO - Setting next_dagrun for example_branch_datetime_operator_3 to 2025-07-03 00:00:00+00:00, run_after=2025-07-04 00:00:00+00:00
[2025-07-04T12:39:43.859+0530] {processor.py:183} INFO - Processing /home/tejhanagarajan/Projects/small-projects/NewsImpact/venv/lib64/python3.10/site-packages/airflow/example_dags/example_branch_datetime_operator.py took 0.048 seconds
[2025-07-04T12:42:40.654+0530] {processor.py:161} INFO - Started process (PID=38087) to work on /home/tejhanagarajan/Projects/small-projects/NewsImpact/venv/lib64/python3.10/site-packages/airflow/example_dags/example_branch_datetime_operator.py
[2025-07-04T12:42:40.656+0530] {processor.py:830} INFO - Processing file /home/tejhanagarajan/Projects/small-projects/NewsImpact/venv/lib64/python3.10/site-packages/airflow/example_dags/example_branch_datetime_operator.py for tasks to queue
[2025-07-04T12:42:40.657+0530] {logging_mixin.py:188} INFO - [2025-07-04T12:42:40.656+0530] {dagbag.py:538} INFO - Filling up the DagBag from /home/tejhanagarajan/Projects/small-projects/NewsImpact/venv/lib64/python3.10/site-packages/airflow/example_dags/example_branch_datetime_operator.py
[2025-07-04T12:42:40.661+0530] {processor.py:840} INFO - DAG(s) 'example_branch_datetime_operator', 'example_branch_datetime_operator_3', 'example_branch_datetime_operator_2' retrieved from /home/tejhanagarajan/Projects/small-projects/NewsImpact/venv/lib64/python3.10/site-packages/airflow/example_dags/example_branch_datetime_operator.py
[2025-07-04T12:42:40.670+0530] {logging_mixin.py:188} INFO - [2025-07-04T12:42:40.670+0530] {dag.py:3036} INFO - Sync 3 DAGs
[2025-07-04T12:42:40.678+0530] {logging_mixin.py:188} INFO - [2025-07-04T12:42:40.678+0530] {dag.py:3823} INFO - Setting next_dagrun for example_branch_datetime_operator to 2025-07-03 00:00:00+00:00, run_after=2025-07-04 00:00:00+00:00
[2025-07-04T12:42:40.680+0530] {logging_mixin.py:188} INFO - [2025-07-04T12:42:40.680+0530] {dag.py:3823} INFO - Setting next_dagrun for example_branch_datetime_operator_2 to 2025-07-03 00:00:00+00:00, run_after=2025-07-04 00:00:00+00:00
[2025-07-04T12:42:40.681+0530] {logging_mixin.py:188} INFO - [2025-07-04T12:42:40.681+0530] {dag.py:3823} INFO - Setting next_dagrun for example_branch_datetime_operator_3 to 2025-07-03 00:00:00+00:00, run_after=2025-07-04 00:00:00+00:00
[2025-07-04T12:42:40.696+0530] {processor.py:183} INFO - Processing /home/tejhanagarajan/Projects/small-projects/NewsImpact/venv/lib64/python3.10/site-packages/airflow/example_dags/example_branch_datetime_operator.py took 0.044 seconds
[2025-07-04T12:43:32.232+0530] {processor.py:161} INFO - Started process (PID=38510) to work on /home/tejhanagarajan/Projects/small-projects/NewsImpact/venv/lib64/python3.10/site-packages/airflow/example_dags/example_branch_datetime_operator.py
[2025-07-04T12:43:32.234+0530] {processor.py:830} INFO - Processing file /home/tejhanagarajan/Projects/small-projects/NewsImpact/venv/lib64/python3.10/site-packages/airflow/example_dags/example_branch_datetime_operator.py for tasks to queue
[2025-07-04T12:43:32.234+0530] {logging_mixin.py:188} INFO - [2025-07-04T12:43:32.234+0530] {dagbag.py:538} INFO - Filling up the DagBag from /home/tejhanagarajan/Projects/small-projects/NewsImpact/venv/lib64/python3.10/site-packages/airflow/example_dags/example_branch_datetime_operator.py
[2025-07-04T12:43:32.240+0530] {processor.py:840} INFO - DAG(s) 'example_branch_datetime_operator', 'example_branch_datetime_operator_2', 'example_branch_datetime_operator_3' retrieved from /home/tejhanagarajan/Projects/small-projects/NewsImpact/venv/lib64/python3.10/site-packages/airflow/example_dags/example_branch_datetime_operator.py
[2025-07-04T12:43:32.251+0530] {logging_mixin.py:188} INFO - [2025-07-04T12:43:32.251+0530] {dag.py:3036} INFO - Sync 3 DAGs
[2025-07-04T12:43:32.262+0530] {logging_mixin.py:188} INFO - [2025-07-04T12:43:32.262+0530] {dag.py:3823} INFO - Setting next_dagrun for example_branch_datetime_operator to 2025-07-03 00:00:00+00:00, run_after=2025-07-04 00:00:00+00:00
[2025-07-04T12:43:32.264+0530] {logging_mixin.py:188} INFO - [2025-07-04T12:43:32.264+0530] {dag.py:3823} INFO - Setting next_dagrun for example_branch_datetime_operator_2 to 2025-07-03 00:00:00+00:00, run_after=2025-07-04 00:00:00+00:00
[2025-07-04T12:43:32.265+0530] {logging_mixin.py:188} INFO - [2025-07-04T12:43:32.265+0530] {dag.py:3823} INFO - Setting next_dagrun for example_branch_datetime_operator_3 to 2025-07-03 00:00:00+00:00, run_after=2025-07-04 00:00:00+00:00
[2025-07-04T12:43:32.282+0530] {processor.py:183} INFO - Processing /home/tejhanagarajan/Projects/small-projects/NewsImpact/venv/lib64/python3.10/site-packages/airflow/example_dags/example_branch_datetime_operator.py took 0.052 seconds
[2025-07-04T12:44:25.472+0530] {processor.py:161} INFO - Started process (PID=38877) to work on /home/tejhanagarajan/Projects/small-projects/NewsImpact/venv/lib64/python3.10/site-packages/airflow/example_dags/example_branch_datetime_operator.py
[2025-07-04T12:44:25.475+0530] {processor.py:830} INFO - Processing file /home/tejhanagarajan/Projects/small-projects/NewsImpact/venv/lib64/python3.10/site-packages/airflow/example_dags/example_branch_datetime_operator.py for tasks to queue
[2025-07-04T12:44:25.476+0530] {logging_mixin.py:188} INFO - [2025-07-04T12:44:25.475+0530] {dagbag.py:538} INFO - Filling up the DagBag from /home/tejhanagarajan/Projects/small-projects/NewsImpact/venv/lib64/python3.10/site-packages/airflow/example_dags/example_branch_datetime_operator.py
[2025-07-04T12:44:25.483+0530] {processor.py:840} INFO - DAG(s) 'example_branch_datetime_operator_3', 'example_branch_datetime_operator_2', 'example_branch_datetime_operator' retrieved from /home/tejhanagarajan/Projects/small-projects/NewsImpact/venv/lib64/python3.10/site-packages/airflow/example_dags/example_branch_datetime_operator.py
[2025-07-04T12:44:25.493+0530] {logging_mixin.py:188} INFO - [2025-07-04T12:44:25.493+0530] {dag.py:3036} INFO - Sync 3 DAGs
[2025-07-04T12:44:25.502+0530] {logging_mixin.py:188} INFO - [2025-07-04T12:44:25.502+0530] {dag.py:3823} INFO - Setting next_dagrun for example_branch_datetime_operator to 2025-07-03 00:00:00+00:00, run_after=2025-07-04 00:00:00+00:00
[2025-07-04T12:44:25.504+0530] {logging_mixin.py:188} INFO - [2025-07-04T12:44:25.504+0530] {dag.py:3823} INFO - Setting next_dagrun for example_branch_datetime_operator_2 to 2025-07-03 00:00:00+00:00, run_after=2025-07-04 00:00:00+00:00
[2025-07-04T12:44:25.505+0530] {logging_mixin.py:188} INFO - [2025-07-04T12:44:25.505+0530] {dag.py:3823} INFO - Setting next_dagrun for example_branch_datetime_operator_3 to 2025-07-03 00:00:00+00:00, run_after=2025-07-04 00:00:00+00:00
[2025-07-04T12:44:25.523+0530] {processor.py:183} INFO - Processing /home/tejhanagarajan/Projects/small-projects/NewsImpact/venv/lib64/python3.10/site-packages/airflow/example_dags/example_branch_datetime_operator.py took 0.053 seconds
[2025-07-04T12:45:19.170+0530] {processor.py:161} INFO - Started process (PID=39294) to work on /home/tejhanagarajan/Projects/small-projects/NewsImpact/venv/lib64/python3.10/site-packages/airflow/example_dags/example_branch_datetime_operator.py
[2025-07-04T12:45:19.173+0530] {processor.py:830} INFO - Processing file /home/tejhanagarajan/Projects/small-projects/NewsImpact/venv/lib64/python3.10/site-packages/airflow/example_dags/example_branch_datetime_operator.py for tasks to queue
[2025-07-04T12:45:19.174+0530] {logging_mixin.py:188} INFO - [2025-07-04T12:45:19.173+0530] {dagbag.py:538} INFO - Filling up the DagBag from /home/tejhanagarajan/Projects/small-projects/NewsImpact/venv/lib64/python3.10/site-packages/airflow/example_dags/example_branch_datetime_operator.py
[2025-07-04T12:45:19.181+0530] {processor.py:840} INFO - DAG(s) 'example_branch_datetime_operator', 'example_branch_datetime_operator_3', 'example_branch_datetime_operator_2' retrieved from /home/tejhanagarajan/Projects/small-projects/NewsImpact/venv/lib64/python3.10/site-packages/airflow/example_dags/example_branch_datetime_operator.py
[2025-07-04T12:45:19.195+0530] {logging_mixin.py:188} INFO - [2025-07-04T12:45:19.195+0530] {dag.py:3036} INFO - Sync 3 DAGs
[2025-07-04T12:45:19.203+0530] {logging_mixin.py:188} INFO - [2025-07-04T12:45:19.203+0530] {dag.py:3823} INFO - Setting next_dagrun for example_branch_datetime_operator to 2025-07-03 00:00:00+00:00, run_after=2025-07-04 00:00:00+00:00
[2025-07-04T12:45:19.205+0530] {logging_mixin.py:188} INFO - [2025-07-04T12:45:19.205+0530] {dag.py:3823} INFO - Setting next_dagrun for example_branch_datetime_operator_2 to 2025-07-03 00:00:00+00:00, run_after=2025-07-04 00:00:00+00:00
[2025-07-04T12:45:19.206+0530] {logging_mixin.py:188} INFO - [2025-07-04T12:45:19.206+0530] {dag.py:3823} INFO - Setting next_dagrun for example_branch_datetime_operator_3 to 2025-07-03 00:00:00+00:00, run_after=2025-07-04 00:00:00+00:00
[2025-07-04T12:45:19.222+0530] {processor.py:183} INFO - Processing /home/tejhanagarajan/Projects/small-projects/NewsImpact/venv/lib64/python3.10/site-packages/airflow/example_dags/example_branch_datetime_operator.py took 0.054 seconds
[2025-07-04T12:46:12.526+0530] {processor.py:161} INFO - Started process (PID=39653) to work on /home/tejhanagarajan/Projects/small-projects/NewsImpact/venv/lib64/python3.10/site-packages/airflow/example_dags/example_branch_datetime_operator.py
[2025-07-04T12:46:12.529+0530] {processor.py:830} INFO - Processing file /home/tejhanagarajan/Projects/small-projects/NewsImpact/venv/lib64/python3.10/site-packages/airflow/example_dags/example_branch_datetime_operator.py for tasks to queue
[2025-07-04T12:46:12.530+0530] {logging_mixin.py:188} INFO - [2025-07-04T12:46:12.529+0530] {dagbag.py:538} INFO - Filling up the DagBag from /home/tejhanagarajan/Projects/small-projects/NewsImpact/venv/lib64/python3.10/site-packages/airflow/example_dags/example_branch_datetime_operator.py
[2025-07-04T12:46:12.535+0530] {processor.py:840} INFO - DAG(s) 'example_branch_datetime_operator', 'example_branch_datetime_operator_3', 'example_branch_datetime_operator_2' retrieved from /home/tejhanagarajan/Projects/small-projects/NewsImpact/venv/lib64/python3.10/site-packages/airflow/example_dags/example_branch_datetime_operator.py
[2025-07-04T12:46:12.544+0530] {logging_mixin.py:188} INFO - [2025-07-04T12:46:12.544+0530] {dag.py:3036} INFO - Sync 3 DAGs
[2025-07-04T12:46:12.553+0530] {logging_mixin.py:188} INFO - [2025-07-04T12:46:12.552+0530] {dag.py:3823} INFO - Setting next_dagrun for example_branch_datetime_operator to 2025-07-03 00:00:00+00:00, run_after=2025-07-04 00:00:00+00:00
[2025-07-04T12:46:12.554+0530] {logging_mixin.py:188} INFO - [2025-07-04T12:46:12.554+0530] {dag.py:3823} INFO - Setting next_dagrun for example_branch_datetime_operator_2 to 2025-07-03 00:00:00+00:00, run_after=2025-07-04 00:00:00+00:00
[2025-07-04T12:46:12.555+0530] {logging_mixin.py:188} INFO - [2025-07-04T12:46:12.555+0530] {dag.py:3823} INFO - Setting next_dagrun for example_branch_datetime_operator_3 to 2025-07-03 00:00:00+00:00, run_after=2025-07-04 00:00:00+00:00
[2025-07-04T12:46:12.571+0530] {processor.py:183} INFO - Processing /home/tejhanagarajan/Projects/small-projects/NewsImpact/venv/lib64/python3.10/site-packages/airflow/example_dags/example_branch_datetime_operator.py took 0.047 seconds
[2025-07-04T12:47:05.102+0530] {processor.py:161} INFO - Started process (PID=40058) to work on /home/tejhanagarajan/Projects/small-projects/NewsImpact/venv/lib64/python3.10/site-packages/airflow/example_dags/example_branch_datetime_operator.py
[2025-07-04T12:47:05.105+0530] {processor.py:830} INFO - Processing file /home/tejhanagarajan/Projects/small-projects/NewsImpact/venv/lib64/python3.10/site-packages/airflow/example_dags/example_branch_datetime_operator.py for tasks to queue
[2025-07-04T12:47:05.106+0530] {logging_mixin.py:188} INFO - [2025-07-04T12:47:05.105+0530] {dagbag.py:538} INFO - Filling up the DagBag from /home/tejhanagarajan/Projects/small-projects/NewsImpact/venv/lib64/python3.10/site-packages/airflow/example_dags/example_branch_datetime_operator.py
[2025-07-04T12:47:05.113+0530] {processor.py:840} INFO - DAG(s) 'example_branch_datetime_operator_3', 'example_branch_datetime_operator_2', 'example_branch_datetime_operator' retrieved from /home/tejhanagarajan/Projects/small-projects/NewsImpact/venv/lib64/python3.10/site-packages/airflow/example_dags/example_branch_datetime_operator.py
[2025-07-04T12:47:05.123+0530] {logging_mixin.py:188} INFO - [2025-07-04T12:47:05.123+0530] {dag.py:3036} INFO - Sync 3 DAGs
[2025-07-04T12:47:05.132+0530] {logging_mixin.py:188} INFO - [2025-07-04T12:47:05.132+0530] {dag.py:3823} INFO - Setting next_dagrun for example_branch_datetime_operator to 2025-07-03 00:00:00+00:00, run_after=2025-07-04 00:00:00+00:00
[2025-07-04T12:47:05.134+0530] {logging_mixin.py:188} INFO - [2025-07-04T12:47:05.134+0530] {dag.py:3823} INFO - Setting next_dagrun for example_branch_datetime_operator_2 to 2025-07-03 00:00:00+00:00, run_after=2025-07-04 00:00:00+00:00
[2025-07-04T12:47:05.135+0530] {logging_mixin.py:188} INFO - [2025-07-04T12:47:05.135+0530] {dag.py:3823} INFO - Setting next_dagrun for example_branch_datetime_operator_3 to 2025-07-03 00:00:00+00:00, run_after=2025-07-04 00:00:00+00:00
[2025-07-04T12:47:05.150+0530] {processor.py:183} INFO - Processing /home/tejhanagarajan/Projects/small-projects/NewsImpact/venv/lib64/python3.10/site-packages/airflow/example_dags/example_branch_datetime_operator.py took 0.052 seconds
[2025-07-04T12:47:56.918+0530] {processor.py:161} INFO - Started process (PID=40442) to work on /home/tejhanagarajan/Projects/small-projects/NewsImpact/venv/lib64/python3.10/site-packages/airflow/example_dags/example_branch_datetime_operator.py
[2025-07-04T12:47:56.920+0530] {processor.py:830} INFO - Processing file /home/tejhanagarajan/Projects/small-projects/NewsImpact/venv/lib64/python3.10/site-packages/airflow/example_dags/example_branch_datetime_operator.py for tasks to queue
[2025-07-04T12:47:56.921+0530] {logging_mixin.py:188} INFO - [2025-07-04T12:47:56.920+0530] {dagbag.py:538} INFO - Filling up the DagBag from /home/tejhanagarajan/Projects/small-projects/NewsImpact/venv/lib64/python3.10/site-packages/airflow/example_dags/example_branch_datetime_operator.py
[2025-07-04T12:47:56.926+0530] {processor.py:840} INFO - DAG(s) 'example_branch_datetime_operator_3', 'example_branch_datetime_operator_2', 'example_branch_datetime_operator' retrieved from /home/tejhanagarajan/Projects/small-projects/NewsImpact/venv/lib64/python3.10/site-packages/airflow/example_dags/example_branch_datetime_operator.py
[2025-07-04T12:47:56.936+0530] {logging_mixin.py:188} INFO - [2025-07-04T12:47:56.935+0530] {dag.py:3036} INFO - Sync 3 DAGs
[2025-07-04T12:47:56.945+0530] {logging_mixin.py:188} INFO - [2025-07-04T12:47:56.945+0530] {dag.py:3823} INFO - Setting next_dagrun for example_branch_datetime_operator to 2025-07-03 00:00:00+00:00, run_after=2025-07-04 00:00:00+00:00
[2025-07-04T12:47:56.947+0530] {logging_mixin.py:188} INFO - [2025-07-04T12:47:56.947+0530] {dag.py:3823} INFO - Setting next_dagrun for example_branch_datetime_operator_2 to 2025-07-03 00:00:00+00:00, run_after=2025-07-04 00:00:00+00:00
[2025-07-04T12:47:56.948+0530] {logging_mixin.py:188} INFO - [2025-07-04T12:47:56.948+0530] {dag.py:3823} INFO - Setting next_dagrun for example_branch_datetime_operator_3 to 2025-07-03 00:00:00+00:00, run_after=2025-07-04 00:00:00+00:00
[2025-07-04T12:47:56.964+0530] {processor.py:183} INFO - Processing /home/tejhanagarajan/Projects/small-projects/NewsImpact/venv/lib64/python3.10/site-packages/airflow/example_dags/example_branch_datetime_operator.py took 0.047 seconds
