[2025-07-04T12:26:49.084+0530] {processor.py:161} INFO - Started process (PID=25265) to work on /home/tejhanagarajan/Projects/small-projects/NewsImpact/venv/lib64/python3.10/site-packages/airflow/example_dags/example_sensors.py
[2025-07-04T12:26:49.085+0530] {processor.py:830} INFO - Processing file /home/tejhanagarajan/Projects/small-projects/NewsImpact/venv/lib64/python3.10/site-packages/airflow/example_dags/example_sensors.py for tasks to queue
[2025-07-04T12:26:49.086+0530] {logging_mixin.py:188} INFO - [2025-07-04T12:26:49.086+0530] {dagbag.py:538} INFO - Filling up the DagBag from /home/tejhanagarajan/Projects/small-projects/NewsImpact/venv/lib64/python3.10/site-packages/airflow/example_dags/example_sensors.py
[2025-07-04T12:26:49.092+0530] {processor.py:840} INFO - DAG(s) 'example_sensors' retrieved from /home/tejhanagarajan/Projects/small-projects/NewsImpact/venv/lib64/python3.10/site-packages/airflow/example_dags/example_sensors.py
[2025-07-04T12:26:49.155+0530] {logging_mixin.py:188} INFO - [2025-07-04T12:26:49.155+0530] {override.py:1769} INFO - Created Permission View: can read on DAG:example_sensors
[2025-07-04T12:26:49.168+0530] {logging_mixin.py:188} INFO - [2025-07-04T12:26:49.168+0530] {override.py:1769} INFO - Created Permission View: can edit on DAG:example_sensors
[2025-07-04T12:26:49.178+0530] {logging_mixin.py:188} INFO - [2025-07-04T12:26:49.178+0530] {override.py:1769} INFO - Created Permission View: can delete on DAG:example_sensors
[2025-07-04T12:26:49.179+0530] {logging_mixin.py:188} INFO - [2025-07-04T12:26:49.178+0530] {dag.py:3036} INFO - Sync 1 DAGs
[2025-07-04T12:26:49.187+0530] {logging_mixin.py:188} INFO - [2025-07-04T12:26:49.187+0530] {dag.py:3058} INFO - Creating ORM DAG for example_sensors
[2025-07-04T12:26:49.187+0530] {logging_mixin.py:188} INFO - [2025-07-04T12:26:49.187+0530] {dag.py:3823} INFO - Setting next_dagrun for example_sensors to None, run_after=None
[2025-07-04T12:26:49.208+0530] {processor.py:183} INFO - Processing /home/tejhanagarajan/Projects/small-projects/NewsImpact/venv/lib64/python3.10/site-packages/airflow/example_dags/example_sensors.py took 0.127 seconds
[2025-07-04T12:27:39.345+0530] {processor.py:161} INFO - Started process (PID=25641) to work on /home/tejhanagarajan/Projects/small-projects/NewsImpact/venv/lib64/python3.10/site-packages/airflow/example_dags/example_sensors.py
[2025-07-04T12:27:39.346+0530] {processor.py:830} INFO - Processing file /home/tejhanagarajan/Projects/small-projects/NewsImpact/venv/lib64/python3.10/site-packages/airflow/example_dags/example_sensors.py for tasks to queue
[2025-07-04T12:27:39.346+0530] {logging_mixin.py:188} INFO - [2025-07-04T12:27:39.346+0530] {dagbag.py:538} INFO - Filling up the DagBag from /home/tejhanagarajan/Projects/small-projects/NewsImpact/venv/lib64/python3.10/site-packages/airflow/example_dags/example_sensors.py
[2025-07-04T12:27:39.354+0530] {processor.py:840} INFO - DAG(s) 'example_sensors' retrieved from /home/tejhanagarajan/Projects/small-projects/NewsImpact/venv/lib64/python3.10/site-packages/airflow/example_dags/example_sensors.py
[2025-07-04T12:27:39.362+0530] {logging_mixin.py:188} INFO - [2025-07-04T12:27:39.362+0530] {dag.py:3036} INFO - Sync 1 DAGs
[2025-07-04T12:27:39.366+0530] {logging_mixin.py:188} INFO - [2025-07-04T12:27:39.366+0530] {dag.py:3823} INFO - Setting next_dagrun for example_sensors to None, run_after=None
[2025-07-04T12:27:39.387+0530] {processor.py:183} INFO - Processing /home/tejhanagarajan/Projects/small-projects/NewsImpact/venv/lib64/python3.10/site-packages/airflow/example_dags/example_sensors.py took 0.044 seconds
[2025-07-04T12:28:27.536+0530] {processor.py:161} INFO - Started process (PID=26034) to work on /home/tejhanagarajan/Projects/small-projects/NewsImpact/venv/lib64/python3.10/site-packages/airflow/example_dags/example_sensors.py
[2025-07-04T12:28:27.536+0530] {processor.py:830} INFO - Processing file /home/tejhanagarajan/Projects/small-projects/NewsImpact/venv/lib64/python3.10/site-packages/airflow/example_dags/example_sensors.py for tasks to queue
[2025-07-04T12:28:27.536+0530] {logging_mixin.py:188} INFO - [2025-07-04T12:28:27.536+0530] {dagbag.py:538} INFO - Filling up the DagBag from /home/tejhanagarajan/Projects/small-projects/NewsImpact/venv/lib64/python3.10/site-packages/airflow/example_dags/example_sensors.py
[2025-07-04T12:28:27.541+0530] {processor.py:840} INFO - DAG(s) 'example_sensors' retrieved from /home/tejhanagarajan/Projects/small-projects/NewsImpact/venv/lib64/python3.10/site-packages/airflow/example_dags/example_sensors.py
[2025-07-04T12:28:27.549+0530] {logging_mixin.py:188} INFO - [2025-07-04T12:28:27.549+0530] {dag.py:3036} INFO - Sync 1 DAGs
[2025-07-04T12:28:27.554+0530] {logging_mixin.py:188} INFO - [2025-07-04T12:28:27.554+0530] {dag.py:3823} INFO - Setting next_dagrun for example_sensors to None, run_after=None
[2025-07-04T12:28:27.572+0530] {processor.py:183} INFO - Processing /home/tejhanagarajan/Projects/small-projects/NewsImpact/venv/lib64/python3.10/site-packages/airflow/example_dags/example_sensors.py took 0.038 seconds
[2025-07-04T12:29:25.156+0530] {processor.py:161} INFO - Started process (PID=26545) to work on /home/tejhanagarajan/Projects/small-projects/NewsImpact/venv/lib64/python3.10/site-packages/airflow/example_dags/example_sensors.py
[2025-07-04T12:29:25.158+0530] {processor.py:830} INFO - Processing file /home/tejhanagarajan/Projects/small-projects/NewsImpact/venv/lib64/python3.10/site-packages/airflow/example_dags/example_sensors.py for tasks to queue
[2025-07-04T12:29:25.159+0530] {logging_mixin.py:188} INFO - [2025-07-04T12:29:25.158+0530] {dagbag.py:538} INFO - Filling up the DagBag from /home/tejhanagarajan/Projects/small-projects/NewsImpact/venv/lib64/python3.10/site-packages/airflow/example_dags/example_sensors.py
[2025-07-04T12:29:25.162+0530] {processor.py:840} INFO - DAG(s) 'example_sensors' retrieved from /home/tejhanagarajan/Projects/small-projects/NewsImpact/venv/lib64/python3.10/site-packages/airflow/example_dags/example_sensors.py
[2025-07-04T12:29:25.171+0530] {logging_mixin.py:188} INFO - [2025-07-04T12:29:25.170+0530] {dag.py:3036} INFO - Sync 1 DAGs
[2025-07-04T12:29:25.175+0530] {logging_mixin.py:188} INFO - [2025-07-04T12:29:25.175+0530] {dag.py:3823} INFO - Setting next_dagrun for example_sensors to None, run_after=None
[2025-07-04T12:29:25.191+0530] {processor.py:183} INFO - Processing /home/tejhanagarajan/Projects/small-projects/NewsImpact/venv/lib64/python3.10/site-packages/airflow/example_dags/example_sensors.py took 0.036 seconds
[2025-07-04T12:30:15.685+0530] {processor.py:161} INFO - Started process (PID=26902) to work on /home/tejhanagarajan/Projects/small-projects/NewsImpact/venv/lib64/python3.10/site-packages/airflow/example_dags/example_sensors.py
[2025-07-04T12:30:15.688+0530] {processor.py:830} INFO - Processing file /home/tejhanagarajan/Projects/small-projects/NewsImpact/venv/lib64/python3.10/site-packages/airflow/example_dags/example_sensors.py for tasks to queue
[2025-07-04T12:30:15.688+0530] {logging_mixin.py:188} INFO - [2025-07-04T12:30:15.688+0530] {dagbag.py:538} INFO - Filling up the DagBag from /home/tejhanagarajan/Projects/small-projects/NewsImpact/venv/lib64/python3.10/site-packages/airflow/example_dags/example_sensors.py
[2025-07-04T12:30:15.693+0530] {processor.py:840} INFO - DAG(s) 'example_sensors' retrieved from /home/tejhanagarajan/Projects/small-projects/NewsImpact/venv/lib64/python3.10/site-packages/airflow/example_dags/example_sensors.py
[2025-07-04T12:30:15.701+0530] {logging_mixin.py:188} INFO - [2025-07-04T12:30:15.701+0530] {dag.py:3036} INFO - Sync 1 DAGs
[2025-07-04T12:30:15.705+0530] {logging_mixin.py:188} INFO - [2025-07-04T12:30:15.705+0530] {dag.py:3823} INFO - Setting next_dagrun for example_sensors to None, run_after=None
[2025-07-04T12:30:15.723+0530] {processor.py:183} INFO - Processing /home/tejhanagarajan/Projects/small-projects/NewsImpact/venv/lib64/python3.10/site-packages/airflow/example_dags/example_sensors.py took 0.041 seconds
[2025-07-04T12:31:08.878+0530] {processor.py:161} INFO - Started process (PID=27302) to work on /home/tejhanagarajan/Projects/small-projects/NewsImpact/venv/lib64/python3.10/site-packages/airflow/example_dags/example_sensors.py
[2025-07-04T12:31:08.880+0530] {processor.py:830} INFO - Processing file /home/tejhanagarajan/Projects/small-projects/NewsImpact/venv/lib64/python3.10/site-packages/airflow/example_dags/example_sensors.py for tasks to queue
[2025-07-04T12:31:08.881+0530] {logging_mixin.py:188} INFO - [2025-07-04T12:31:08.881+0530] {dagbag.py:538} INFO - Filling up the DagBag from /home/tejhanagarajan/Projects/small-projects/NewsImpact/venv/lib64/python3.10/site-packages/airflow/example_dags/example_sensors.py
[2025-07-04T12:31:08.885+0530] {processor.py:840} INFO - DAG(s) 'example_sensors' retrieved from /home/tejhanagarajan/Projects/small-projects/NewsImpact/venv/lib64/python3.10/site-packages/airflow/example_dags/example_sensors.py
[2025-07-04T12:31:08.893+0530] {logging_mixin.py:188} INFO - [2025-07-04T12:31:08.893+0530] {dag.py:3036} INFO - Sync 1 DAGs
[2025-07-04T12:31:08.898+0530] {logging_mixin.py:188} INFO - [2025-07-04T12:31:08.898+0530] {dag.py:3823} INFO - Setting next_dagrun for example_sensors to None, run_after=None
[2025-07-04T12:31:08.913+0530] {processor.py:183} INFO - Processing /home/tejhanagarajan/Projects/small-projects/NewsImpact/venv/lib64/python3.10/site-packages/airflow/example_dags/example_sensors.py took 0.036 seconds
[2025-07-04T12:33:14.814+0530] {processor.py:161} INFO - Started process (PID=30124) to work on /home/tejhanagarajan/Projects/small-projects/NewsImpact/venv/lib64/python3.10/site-packages/airflow/example_dags/example_sensors.py
[2025-07-04T12:33:14.817+0530] {processor.py:830} INFO - Processing file /home/tejhanagarajan/Projects/small-projects/NewsImpact/venv/lib64/python3.10/site-packages/airflow/example_dags/example_sensors.py for tasks to queue
[2025-07-04T12:33:14.818+0530] {logging_mixin.py:188} INFO - [2025-07-04T12:33:14.818+0530] {dagbag.py:538} INFO - Filling up the DagBag from /home/tejhanagarajan/Projects/small-projects/NewsImpact/venv/lib64/python3.10/site-packages/airflow/example_dags/example_sensors.py
[2025-07-04T12:33:14.824+0530] {processor.py:840} INFO - DAG(s) 'example_sensors' retrieved from /home/tejhanagarajan/Projects/small-projects/NewsImpact/venv/lib64/python3.10/site-packages/airflow/example_dags/example_sensors.py
[2025-07-04T12:33:14.833+0530] {logging_mixin.py:188} INFO - [2025-07-04T12:33:14.833+0530] {dag.py:3036} INFO - Sync 1 DAGs
[2025-07-04T12:33:14.838+0530] {logging_mixin.py:188} INFO - [2025-07-04T12:33:14.838+0530] {dag.py:3823} INFO - Setting next_dagrun for example_sensors to None, run_after=None
[2025-07-04T12:33:14.854+0530] {processor.py:183} INFO - Processing /home/tejhanagarajan/Projects/small-projects/NewsImpact/venv/lib64/python3.10/site-packages/airflow/example_dags/example_sensors.py took 0.043 seconds
[2025-07-04T12:34:02.284+0530] {processor.py:161} INFO - Started process (PID=30477) to work on /home/tejhanagarajan/Projects/small-projects/NewsImpact/venv/lib64/python3.10/site-packages/airflow/example_dags/example_sensors.py
[2025-07-04T12:34:02.287+0530] {processor.py:830} INFO - Processing file /home/tejhanagarajan/Projects/small-projects/NewsImpact/venv/lib64/python3.10/site-packages/airflow/example_dags/example_sensors.py for tasks to queue
[2025-07-04T12:34:02.287+0530] {logging_mixin.py:188} INFO - [2025-07-04T12:34:02.287+0530] {dagbag.py:538} INFO - Filling up the DagBag from /home/tejhanagarajan/Projects/small-projects/NewsImpact/venv/lib64/python3.10/site-packages/airflow/example_dags/example_sensors.py
[2025-07-04T12:34:02.292+0530] {processor.py:840} INFO - DAG(s) 'example_sensors' retrieved from /home/tejhanagarajan/Projects/small-projects/NewsImpact/venv/lib64/python3.10/site-packages/airflow/example_dags/example_sensors.py
[2025-07-04T12:34:02.299+0530] {logging_mixin.py:188} INFO - [2025-07-04T12:34:02.299+0530] {dag.py:3036} INFO - Sync 1 DAGs
[2025-07-04T12:34:02.304+0530] {logging_mixin.py:188} INFO - [2025-07-04T12:34:02.304+0530] {dag.py:3823} INFO - Setting next_dagrun for example_sensors to None, run_after=None
[2025-07-04T12:34:02.321+0530] {processor.py:183} INFO - Processing /home/tejhanagarajan/Projects/small-projects/NewsImpact/venv/lib64/python3.10/site-packages/airflow/example_dags/example_sensors.py took 0.038 seconds
[2025-07-04T12:34:53.083+0530] {processor.py:161} INFO - Started process (PID=31104) to work on /home/tejhanagarajan/Projects/small-projects/NewsImpact/venv/lib64/python3.10/site-packages/airflow/example_dags/example_sensors.py
[2025-07-04T12:34:53.086+0530] {processor.py:830} INFO - Processing file /home/tejhanagarajan/Projects/small-projects/NewsImpact/venv/lib64/python3.10/site-packages/airflow/example_dags/example_sensors.py for tasks to queue
[2025-07-04T12:34:53.086+0530] {logging_mixin.py:188} INFO - [2025-07-04T12:34:53.086+0530] {dagbag.py:538} INFO - Filling up the DagBag from /home/tejhanagarajan/Projects/small-projects/NewsImpact/venv/lib64/python3.10/site-packages/airflow/example_dags/example_sensors.py
[2025-07-04T12:34:53.092+0530] {processor.py:840} INFO - DAG(s) 'example_sensors' retrieved from /home/tejhanagarajan/Projects/small-projects/NewsImpact/venv/lib64/python3.10/site-packages/airflow/example_dags/example_sensors.py
[2025-07-04T12:34:53.102+0530] {logging_mixin.py:188} INFO - [2025-07-04T12:34:53.102+0530] {dag.py:3036} INFO - Sync 1 DAGs
[2025-07-04T12:34:53.107+0530] {logging_mixin.py:188} INFO - [2025-07-04T12:34:53.107+0530] {dag.py:3823} INFO - Setting next_dagrun for example_sensors to None, run_after=None
[2025-07-04T12:34:53.125+0530] {processor.py:183} INFO - Processing /home/tejhanagarajan/Projects/small-projects/NewsImpact/venv/lib64/python3.10/site-packages/airflow/example_dags/example_sensors.py took 0.043 seconds
[2025-07-04T12:35:41.780+0530] {processor.py:161} INFO - Started process (PID=31511) to work on /home/tejhanagarajan/Projects/small-projects/NewsImpact/venv/lib64/python3.10/site-packages/airflow/example_dags/example_sensors.py
[2025-07-04T12:35:41.783+0530] {processor.py:830} INFO - Processing file /home/tejhanagarajan/Projects/small-projects/NewsImpact/venv/lib64/python3.10/site-packages/airflow/example_dags/example_sensors.py for tasks to queue
[2025-07-04T12:35:41.784+0530] {logging_mixin.py:188} INFO - [2025-07-04T12:35:41.783+0530] {dagbag.py:538} INFO - Filling up the DagBag from /home/tejhanagarajan/Projects/small-projects/NewsImpact/venv/lib64/python3.10/site-packages/airflow/example_dags/example_sensors.py
[2025-07-04T12:35:41.790+0530] {processor.py:840} INFO - DAG(s) 'example_sensors' retrieved from /home/tejhanagarajan/Projects/small-projects/NewsImpact/venv/lib64/python3.10/site-packages/airflow/example_dags/example_sensors.py
[2025-07-04T12:35:41.798+0530] {logging_mixin.py:188} INFO - [2025-07-04T12:35:41.798+0530] {dag.py:3036} INFO - Sync 1 DAGs
[2025-07-04T12:35:41.803+0530] {logging_mixin.py:188} INFO - [2025-07-04T12:35:41.803+0530] {dag.py:3823} INFO - Setting next_dagrun for example_sensors to None, run_after=None
[2025-07-04T12:35:41.820+0530] {processor.py:183} INFO - Processing /home/tejhanagarajan/Projects/small-projects/NewsImpact/venv/lib64/python3.10/site-packages/airflow/example_dags/example_sensors.py took 0.042 seconds
[2025-07-04T12:36:36.214+0530] {processor.py:161} INFO - Started process (PID=31925) to work on /home/tejhanagarajan/Projects/small-projects/NewsImpact/venv/lib64/python3.10/site-packages/airflow/example_dags/example_sensors.py
[2025-07-04T12:36:36.216+0530] {processor.py:830} INFO - Processing file /home/tejhanagarajan/Projects/small-projects/NewsImpact/venv/lib64/python3.10/site-packages/airflow/example_dags/example_sensors.py for tasks to queue
[2025-07-04T12:36:36.216+0530] {logging_mixin.py:188} INFO - [2025-07-04T12:36:36.216+0530] {dagbag.py:538} INFO - Filling up the DagBag from /home/tejhanagarajan/Projects/small-projects/NewsImpact/venv/lib64/python3.10/site-packages/airflow/example_dags/example_sensors.py
[2025-07-04T12:36:36.222+0530] {processor.py:840} INFO - DAG(s) 'example_sensors' retrieved from /home/tejhanagarajan/Projects/small-projects/NewsImpact/venv/lib64/python3.10/site-packages/airflow/example_dags/example_sensors.py
[2025-07-04T12:36:36.231+0530] {logging_mixin.py:188} INFO - [2025-07-04T12:36:36.231+0530] {dag.py:3036} INFO - Sync 1 DAGs
[2025-07-04T12:36:36.236+0530] {logging_mixin.py:188} INFO - [2025-07-04T12:36:36.236+0530] {dag.py:3823} INFO - Setting next_dagrun for example_sensors to None, run_after=None
[2025-07-04T12:36:36.251+0530] {processor.py:183} INFO - Processing /home/tejhanagarajan/Projects/small-projects/NewsImpact/venv/lib64/python3.10/site-packages/airflow/example_dags/example_sensors.py took 0.039 seconds
[2025-07-04T12:37:24.340+0530] {processor.py:161} INFO - Started process (PID=32399) to work on /home/tejhanagarajan/Projects/small-projects/NewsImpact/venv/lib64/python3.10/site-packages/airflow/example_dags/example_sensors.py
[2025-07-04T12:37:24.342+0530] {processor.py:830} INFO - Processing file /home/tejhanagarajan/Projects/small-projects/NewsImpact/venv/lib64/python3.10/site-packages/airflow/example_dags/example_sensors.py for tasks to queue
[2025-07-04T12:37:24.343+0530] {logging_mixin.py:188} INFO - [2025-07-04T12:37:24.342+0530] {dagbag.py:538} INFO - Filling up the DagBag from /home/tejhanagarajan/Projects/small-projects/NewsImpact/venv/lib64/python3.10/site-packages/airflow/example_dags/example_sensors.py
[2025-07-04T12:37:24.347+0530] {processor.py:840} INFO - DAG(s) 'example_sensors' retrieved from /home/tejhanagarajan/Projects/small-projects/NewsImpact/venv/lib64/python3.10/site-packages/airflow/example_dags/example_sensors.py
[2025-07-04T12:37:24.356+0530] {logging_mixin.py:188} INFO - [2025-07-04T12:37:24.356+0530] {dag.py:3036} INFO - Sync 1 DAGs
[2025-07-04T12:37:24.361+0530] {logging_mixin.py:188} INFO - [2025-07-04T12:37:24.361+0530] {dag.py:3823} INFO - Setting next_dagrun for example_sensors to None, run_after=None
[2025-07-04T12:37:24.376+0530] {processor.py:183} INFO - Processing /home/tejhanagarajan/Projects/small-projects/NewsImpact/venv/lib64/python3.10/site-packages/airflow/example_dags/example_sensors.py took 0.038 seconds
[2025-07-04T12:38:14.539+0530] {processor.py:161} INFO - Started process (PID=34800) to work on /home/tejhanagarajan/Projects/small-projects/NewsImpact/venv/lib64/python3.10/site-packages/airflow/example_dags/example_sensors.py
[2025-07-04T12:38:14.540+0530] {processor.py:830} INFO - Processing file /home/tejhanagarajan/Projects/small-projects/NewsImpact/venv/lib64/python3.10/site-packages/airflow/example_dags/example_sensors.py for tasks to queue
[2025-07-04T12:38:14.541+0530] {logging_mixin.py:188} INFO - [2025-07-04T12:38:14.541+0530] {dagbag.py:538} INFO - Filling up the DagBag from /home/tejhanagarajan/Projects/small-projects/NewsImpact/venv/lib64/python3.10/site-packages/airflow/example_dags/example_sensors.py
[2025-07-04T12:38:14.546+0530] {processor.py:840} INFO - DAG(s) 'example_sensors' retrieved from /home/tejhanagarajan/Projects/small-projects/NewsImpact/venv/lib64/python3.10/site-packages/airflow/example_dags/example_sensors.py
[2025-07-04T12:38:14.554+0530] {logging_mixin.py:188} INFO - [2025-07-04T12:38:14.554+0530] {dag.py:3036} INFO - Sync 1 DAGs
[2025-07-04T12:38:14.559+0530] {logging_mixin.py:188} INFO - [2025-07-04T12:38:14.559+0530] {dag.py:3823} INFO - Setting next_dagrun for example_sensors to None, run_after=None
[2025-07-04T12:38:14.575+0530] {processor.py:183} INFO - Processing /home/tejhanagarajan/Projects/small-projects/NewsImpact/venv/lib64/python3.10/site-packages/airflow/example_dags/example_sensors.py took 0.037 seconds
[2025-07-04T12:38:16.869+0530] {processor.py:161} INFO - Started process (PID=34818) to work on /home/tejhanagarajan/Projects/small-projects/NewsImpact/venv/lib64/python3.10/site-packages/airflow/example_dags/example_sensors.py
[2025-07-04T12:38:16.869+0530] {processor.py:830} INFO - Processing file /home/tejhanagarajan/Projects/small-projects/NewsImpact/venv/lib64/python3.10/site-packages/airflow/example_dags/example_sensors.py for tasks to queue
[2025-07-04T12:38:16.870+0530] {logging_mixin.py:188} INFO - [2025-07-04T12:38:16.870+0530] {dagbag.py:538} INFO - Filling up the DagBag from /home/tejhanagarajan/Projects/small-projects/NewsImpact/venv/lib64/python3.10/site-packages/airflow/example_dags/example_sensors.py
[2025-07-04T12:38:16.876+0530] {processor.py:840} INFO - DAG(s) 'example_sensors' retrieved from /home/tejhanagarajan/Projects/small-projects/NewsImpact/venv/lib64/python3.10/site-packages/airflow/example_dags/example_sensors.py
[2025-07-04T12:38:16.886+0530] {logging_mixin.py:188} INFO - [2025-07-04T12:38:16.886+0530] {dag.py:3036} INFO - Sync 1 DAGs
[2025-07-04T12:38:16.891+0530] {logging_mixin.py:188} INFO - [2025-07-04T12:38:16.891+0530] {dag.py:3823} INFO - Setting next_dagrun for example_sensors to None, run_after=None
[2025-07-04T12:38:16.910+0530] {processor.py:183} INFO - Processing /home/tejhanagarajan/Projects/small-projects/NewsImpact/venv/lib64/python3.10/site-packages/airflow/example_dags/example_sensors.py took 0.042 seconds
[2025-07-04T12:39:04.843+0530] {processor.py:161} INFO - Started process (PID=35258) to work on /home/tejhanagarajan/Projects/small-projects/NewsImpact/venv/lib64/python3.10/site-packages/airflow/example_dags/example_sensors.py
[2025-07-04T12:39:04.845+0530] {processor.py:830} INFO - Processing file /home/tejhanagarajan/Projects/small-projects/NewsImpact/venv/lib64/python3.10/site-packages/airflow/example_dags/example_sensors.py for tasks to queue
[2025-07-04T12:39:04.846+0530] {logging_mixin.py:188} INFO - [2025-07-04T12:39:04.845+0530] {dagbag.py:538} INFO - Filling up the DagBag from /home/tejhanagarajan/Projects/small-projects/NewsImpact/venv/lib64/python3.10/site-packages/airflow/example_dags/example_sensors.py
[2025-07-04T12:39:04.850+0530] {processor.py:840} INFO - DAG(s) 'example_sensors' retrieved from /home/tejhanagarajan/Projects/small-projects/NewsImpact/venv/lib64/python3.10/site-packages/airflow/example_dags/example_sensors.py
[2025-07-04T12:39:04.858+0530] {logging_mixin.py:188} INFO - [2025-07-04T12:39:04.858+0530] {dag.py:3036} INFO - Sync 1 DAGs
[2025-07-04T12:39:04.863+0530] {logging_mixin.py:188} INFO - [2025-07-04T12:39:04.863+0530] {dag.py:3823} INFO - Setting next_dagrun for example_sensors to None, run_after=None
[2025-07-04T12:39:04.881+0530] {processor.py:183} INFO - Processing /home/tejhanagarajan/Projects/small-projects/NewsImpact/venv/lib64/python3.10/site-packages/airflow/example_dags/example_sensors.py took 0.040 seconds
[2025-07-04T12:39:04.887+0530] {processor.py:161} INFO - Started process (PID=35259) to work on /home/tejhanagarajan/Projects/small-projects/NewsImpact/venv/lib64/python3.10/site-packages/airflow/example_dags/example_sensors.py
[2025-07-04T12:39:04.887+0530] {processor.py:830} INFO - Processing file /home/tejhanagarajan/Projects/small-projects/NewsImpact/venv/lib64/python3.10/site-packages/airflow/example_dags/example_sensors.py for tasks to queue
[2025-07-04T12:39:04.887+0530] {logging_mixin.py:188} INFO - [2025-07-04T12:39:04.887+0530] {dagbag.py:538} INFO - Filling up the DagBag from /home/tejhanagarajan/Projects/small-projects/NewsImpact/venv/lib64/python3.10/site-packages/airflow/example_dags/example_sensors.py
[2025-07-04T12:39:04.892+0530] {processor.py:840} INFO - DAG(s) 'example_sensors' retrieved from /home/tejhanagarajan/Projects/small-projects/NewsImpact/venv/lib64/python3.10/site-packages/airflow/example_dags/example_sensors.py
[2025-07-04T12:39:04.901+0530] {logging_mixin.py:188} INFO - [2025-07-04T12:39:04.901+0530] {dag.py:3036} INFO - Sync 1 DAGs
[2025-07-04T12:39:04.906+0530] {logging_mixin.py:188} INFO - [2025-07-04T12:39:04.905+0530] {dag.py:3823} INFO - Setting next_dagrun for example_sensors to None, run_after=None
[2025-07-04T12:39:04.923+0530] {processor.py:183} INFO - Processing /home/tejhanagarajan/Projects/small-projects/NewsImpact/venv/lib64/python3.10/site-packages/airflow/example_dags/example_sensors.py took 0.039 seconds
[2025-07-04T12:39:58.948+0530] {processor.py:161} INFO - Started process (PID=35914) to work on /home/tejhanagarajan/Projects/small-projects/NewsImpact/venv/lib64/python3.10/site-packages/airflow/example_dags/example_sensors.py
[2025-07-04T12:39:58.950+0530] {processor.py:830} INFO - Processing file /home/tejhanagarajan/Projects/small-projects/NewsImpact/venv/lib64/python3.10/site-packages/airflow/example_dags/example_sensors.py for tasks to queue
[2025-07-04T12:39:58.951+0530] {logging_mixin.py:188} INFO - [2025-07-04T12:39:58.951+0530] {dagbag.py:538} INFO - Filling up the DagBag from /home/tejhanagarajan/Projects/small-projects/NewsImpact/venv/lib64/python3.10/site-packages/airflow/example_dags/example_sensors.py
[2025-07-04T12:39:58.958+0530] {processor.py:840} INFO - DAG(s) 'example_sensors' retrieved from /home/tejhanagarajan/Projects/small-projects/NewsImpact/venv/lib64/python3.10/site-packages/airflow/example_dags/example_sensors.py
[2025-07-04T12:39:58.967+0530] {logging_mixin.py:188} INFO - [2025-07-04T12:39:58.967+0530] {dag.py:3036} INFO - Sync 1 DAGs
[2025-07-04T12:39:58.972+0530] {logging_mixin.py:188} INFO - [2025-07-04T12:39:58.972+0530] {dag.py:3823} INFO - Setting next_dagrun for example_sensors to None, run_after=None
[2025-07-04T12:39:58.988+0530] {processor.py:183} INFO - Processing /home/tejhanagarajan/Projects/small-projects/NewsImpact/venv/lib64/python3.10/site-packages/airflow/example_dags/example_sensors.py took 0.043 seconds
[2025-07-04T12:42:20.078+0530] {processor.py:161} INFO - Started process (PID=37915) to work on /home/tejhanagarajan/Projects/small-projects/NewsImpact/venv/lib64/python3.10/site-packages/airflow/example_dags/example_sensors.py
[2025-07-04T12:42:20.081+0530] {processor.py:830} INFO - Processing file /home/tejhanagarajan/Projects/small-projects/NewsImpact/venv/lib64/python3.10/site-packages/airflow/example_dags/example_sensors.py for tasks to queue
[2025-07-04T12:42:20.082+0530] {logging_mixin.py:188} INFO - [2025-07-04T12:42:20.082+0530] {dagbag.py:538} INFO - Filling up the DagBag from /home/tejhanagarajan/Projects/small-projects/NewsImpact/venv/lib64/python3.10/site-packages/airflow/example_dags/example_sensors.py
[2025-07-04T12:42:20.089+0530] {processor.py:840} INFO - DAG(s) 'example_sensors' retrieved from /home/tejhanagarajan/Projects/small-projects/NewsImpact/venv/lib64/python3.10/site-packages/airflow/example_dags/example_sensors.py
[2025-07-04T12:42:20.098+0530] {logging_mixin.py:188} INFO - [2025-07-04T12:42:20.098+0530] {dag.py:3036} INFO - Sync 1 DAGs
[2025-07-04T12:42:20.103+0530] {logging_mixin.py:188} INFO - [2025-07-04T12:42:20.103+0530] {dag.py:3823} INFO - Setting next_dagrun for example_sensors to None, run_after=None
[2025-07-04T12:42:20.119+0530] {processor.py:183} INFO - Processing /home/tejhanagarajan/Projects/small-projects/NewsImpact/venv/lib64/python3.10/site-packages/airflow/example_dags/example_sensors.py took 0.045 seconds
[2025-07-04T12:43:05.269+0530] {processor.py:161} INFO - Started process (PID=38266) to work on /home/tejhanagarajan/Projects/small-projects/NewsImpact/venv/lib64/python3.10/site-packages/airflow/example_dags/example_sensors.py
[2025-07-04T12:43:05.272+0530] {processor.py:830} INFO - Processing file /home/tejhanagarajan/Projects/small-projects/NewsImpact/venv/lib64/python3.10/site-packages/airflow/example_dags/example_sensors.py for tasks to queue
[2025-07-04T12:43:05.273+0530] {logging_mixin.py:188} INFO - [2025-07-04T12:43:05.272+0530] {dagbag.py:538} INFO - Filling up the DagBag from /home/tejhanagarajan/Projects/small-projects/NewsImpact/venv/lib64/python3.10/site-packages/airflow/example_dags/example_sensors.py
[2025-07-04T12:43:05.281+0530] {processor.py:840} INFO - DAG(s) 'example_sensors' retrieved from /home/tejhanagarajan/Projects/small-projects/NewsImpact/venv/lib64/python3.10/site-packages/airflow/example_dags/example_sensors.py
[2025-07-04T12:43:05.290+0530] {logging_mixin.py:188} INFO - [2025-07-04T12:43:05.289+0530] {dag.py:3036} INFO - Sync 1 DAGs
[2025-07-04T12:43:05.294+0530] {logging_mixin.py:188} INFO - [2025-07-04T12:43:05.294+0530] {dag.py:3823} INFO - Setting next_dagrun for example_sensors to None, run_after=None
[2025-07-04T12:43:05.310+0530] {processor.py:183} INFO - Processing /home/tejhanagarajan/Projects/small-projects/NewsImpact/venv/lib64/python3.10/site-packages/airflow/example_dags/example_sensors.py took 0.043 seconds
[2025-07-04T12:43:56.336+0530] {processor.py:161} INFO - Started process (PID=38691) to work on /home/tejhanagarajan/Projects/small-projects/NewsImpact/venv/lib64/python3.10/site-packages/airflow/example_dags/example_sensors.py
[2025-07-04T12:43:56.338+0530] {processor.py:830} INFO - Processing file /home/tejhanagarajan/Projects/small-projects/NewsImpact/venv/lib64/python3.10/site-packages/airflow/example_dags/example_sensors.py for tasks to queue
[2025-07-04T12:43:56.339+0530] {logging_mixin.py:188} INFO - [2025-07-04T12:43:56.339+0530] {dagbag.py:538} INFO - Filling up the DagBag from /home/tejhanagarajan/Projects/small-projects/NewsImpact/venv/lib64/python3.10/site-packages/airflow/example_dags/example_sensors.py
[2025-07-04T12:43:56.344+0530] {processor.py:840} INFO - DAG(s) 'example_sensors' retrieved from /home/tejhanagarajan/Projects/small-projects/NewsImpact/venv/lib64/python3.10/site-packages/airflow/example_dags/example_sensors.py
[2025-07-04T12:43:56.353+0530] {logging_mixin.py:188} INFO - [2025-07-04T12:43:56.353+0530] {dag.py:3036} INFO - Sync 1 DAGs
[2025-07-04T12:43:56.358+0530] {logging_mixin.py:188} INFO - [2025-07-04T12:43:56.358+0530] {dag.py:3823} INFO - Setting next_dagrun for example_sensors to None, run_after=None
[2025-07-04T12:43:56.375+0530] {processor.py:183} INFO - Processing /home/tejhanagarajan/Projects/small-projects/NewsImpact/venv/lib64/python3.10/site-packages/airflow/example_dags/example_sensors.py took 0.040 seconds
[2025-07-04T12:44:44.895+0530] {processor.py:161} INFO - Started process (PID=39032) to work on /home/tejhanagarajan/Projects/small-projects/NewsImpact/venv/lib64/python3.10/site-packages/airflow/example_dags/example_sensors.py
[2025-07-04T12:44:44.897+0530] {processor.py:830} INFO - Processing file /home/tejhanagarajan/Projects/small-projects/NewsImpact/venv/lib64/python3.10/site-packages/airflow/example_dags/example_sensors.py for tasks to queue
[2025-07-04T12:44:44.898+0530] {logging_mixin.py:188} INFO - [2025-07-04T12:44:44.898+0530] {dagbag.py:538} INFO - Filling up the DagBag from /home/tejhanagarajan/Projects/small-projects/NewsImpact/venv/lib64/python3.10/site-packages/airflow/example_dags/example_sensors.py
[2025-07-04T12:44:44.904+0530] {processor.py:840} INFO - DAG(s) 'example_sensors' retrieved from /home/tejhanagarajan/Projects/small-projects/NewsImpact/venv/lib64/python3.10/site-packages/airflow/example_dags/example_sensors.py
[2025-07-04T12:44:44.913+0530] {logging_mixin.py:188} INFO - [2025-07-04T12:44:44.913+0530] {dag.py:3036} INFO - Sync 1 DAGs
[2025-07-04T12:44:44.919+0530] {logging_mixin.py:188} INFO - [2025-07-04T12:44:44.918+0530] {dag.py:3823} INFO - Setting next_dagrun for example_sensors to None, run_after=None
[2025-07-04T12:44:44.937+0530] {processor.py:183} INFO - Processing /home/tejhanagarajan/Projects/small-projects/NewsImpact/venv/lib64/python3.10/site-packages/airflow/example_dags/example_sensors.py took 0.046 seconds
[2025-07-04T12:45:36.446+0530] {processor.py:161} INFO - Started process (PID=39401) to work on /home/tejhanagarajan/Projects/small-projects/NewsImpact/venv/lib64/python3.10/site-packages/airflow/example_dags/example_sensors.py
[2025-07-04T12:45:36.449+0530] {processor.py:830} INFO - Processing file /home/tejhanagarajan/Projects/small-projects/NewsImpact/venv/lib64/python3.10/site-packages/airflow/example_dags/example_sensors.py for tasks to queue
[2025-07-04T12:45:36.449+0530] {logging_mixin.py:188} INFO - [2025-07-04T12:45:36.449+0530] {dagbag.py:538} INFO - Filling up the DagBag from /home/tejhanagarajan/Projects/small-projects/NewsImpact/venv/lib64/python3.10/site-packages/airflow/example_dags/example_sensors.py
[2025-07-04T12:45:36.454+0530] {processor.py:840} INFO - DAG(s) 'example_sensors' retrieved from /home/tejhanagarajan/Projects/small-projects/NewsImpact/venv/lib64/python3.10/site-packages/airflow/example_dags/example_sensors.py
[2025-07-04T12:45:36.462+0530] {logging_mixin.py:188} INFO - [2025-07-04T12:45:36.462+0530] {dag.py:3036} INFO - Sync 1 DAGs
[2025-07-04T12:45:36.467+0530] {logging_mixin.py:188} INFO - [2025-07-04T12:45:36.466+0530] {dag.py:3823} INFO - Setting next_dagrun for example_sensors to None, run_after=None
[2025-07-04T12:45:36.483+0530] {processor.py:183} INFO - Processing /home/tejhanagarajan/Projects/small-projects/NewsImpact/venv/lib64/python3.10/site-packages/airflow/example_dags/example_sensors.py took 0.039 seconds
[2025-07-04T12:46:28.988+0530] {processor.py:161} INFO - Started process (PID=39781) to work on /home/tejhanagarajan/Projects/small-projects/NewsImpact/venv/lib64/python3.10/site-packages/airflow/example_dags/example_sensors.py
[2025-07-04T12:46:28.991+0530] {processor.py:830} INFO - Processing file /home/tejhanagarajan/Projects/small-projects/NewsImpact/venv/lib64/python3.10/site-packages/airflow/example_dags/example_sensors.py for tasks to queue
[2025-07-04T12:46:28.992+0530] {logging_mixin.py:188} INFO - [2025-07-04T12:46:28.991+0530] {dagbag.py:538} INFO - Filling up the DagBag from /home/tejhanagarajan/Projects/small-projects/NewsImpact/venv/lib64/python3.10/site-packages/airflow/example_dags/example_sensors.py
[2025-07-04T12:46:28.999+0530] {processor.py:840} INFO - DAG(s) 'example_sensors' retrieved from /home/tejhanagarajan/Projects/small-projects/NewsImpact/venv/lib64/python3.10/site-packages/airflow/example_dags/example_sensors.py
[2025-07-04T12:46:29.008+0530] {logging_mixin.py:188} INFO - [2025-07-04T12:46:29.008+0530] {dag.py:3036} INFO - Sync 1 DAGs
[2025-07-04T12:46:29.012+0530] {logging_mixin.py:188} INFO - [2025-07-04T12:46:29.012+0530] {dag.py:3823} INFO - Setting next_dagrun for example_sensors to None, run_after=None
[2025-07-04T12:46:29.028+0530] {processor.py:183} INFO - Processing /home/tejhanagarajan/Projects/small-projects/NewsImpact/venv/lib64/python3.10/site-packages/airflow/example_dags/example_sensors.py took 0.043 seconds
[2025-07-04T12:47:21.967+0530] {processor.py:161} INFO - Started process (PID=40166) to work on /home/tejhanagarajan/Projects/small-projects/NewsImpact/venv/lib64/python3.10/site-packages/airflow/example_dags/example_sensors.py
[2025-07-04T12:47:21.970+0530] {processor.py:830} INFO - Processing file /home/tejhanagarajan/Projects/small-projects/NewsImpact/venv/lib64/python3.10/site-packages/airflow/example_dags/example_sensors.py for tasks to queue
[2025-07-04T12:47:21.971+0530] {logging_mixin.py:188} INFO - [2025-07-04T12:47:21.970+0530] {dagbag.py:538} INFO - Filling up the DagBag from /home/tejhanagarajan/Projects/small-projects/NewsImpact/venv/lib64/python3.10/site-packages/airflow/example_dags/example_sensors.py
[2025-07-04T12:47:21.975+0530] {processor.py:840} INFO - DAG(s) 'example_sensors' retrieved from /home/tejhanagarajan/Projects/small-projects/NewsImpact/venv/lib64/python3.10/site-packages/airflow/example_dags/example_sensors.py
[2025-07-04T12:47:21.983+0530] {logging_mixin.py:188} INFO - [2025-07-04T12:47:21.983+0530] {dag.py:3036} INFO - Sync 1 DAGs
[2025-07-04T12:47:21.988+0530] {logging_mixin.py:188} INFO - [2025-07-04T12:47:21.988+0530] {dag.py:3823} INFO - Setting next_dagrun for example_sensors to None, run_after=None
[2025-07-04T12:47:22.004+0530] {processor.py:183} INFO - Processing /home/tejhanagarajan/Projects/small-projects/NewsImpact/venv/lib64/python3.10/site-packages/airflow/example_dags/example_sensors.py took 0.039 seconds
[2025-07-04T12:48:10.802+0530] {processor.py:161} INFO - Started process (PID=40542) to work on /home/tejhanagarajan/Projects/small-projects/NewsImpact/venv/lib64/python3.10/site-packages/airflow/example_dags/example_sensors.py
[2025-07-04T12:48:10.804+0530] {processor.py:830} INFO - Processing file /home/tejhanagarajan/Projects/small-projects/NewsImpact/venv/lib64/python3.10/site-packages/airflow/example_dags/example_sensors.py for tasks to queue
[2025-07-04T12:48:10.805+0530] {logging_mixin.py:188} INFO - [2025-07-04T12:48:10.805+0530] {dagbag.py:538} INFO - Filling up the DagBag from /home/tejhanagarajan/Projects/small-projects/NewsImpact/venv/lib64/python3.10/site-packages/airflow/example_dags/example_sensors.py
[2025-07-04T12:48:10.810+0530] {processor.py:840} INFO - DAG(s) 'example_sensors' retrieved from /home/tejhanagarajan/Projects/small-projects/NewsImpact/venv/lib64/python3.10/site-packages/airflow/example_dags/example_sensors.py
[2025-07-04T12:48:10.819+0530] {logging_mixin.py:188} INFO - [2025-07-04T12:48:10.819+0530] {dag.py:3036} INFO - Sync 1 DAGs
[2025-07-04T12:48:10.823+0530] {logging_mixin.py:188} INFO - [2025-07-04T12:48:10.823+0530] {dag.py:3823} INFO - Setting next_dagrun for example_sensors to None, run_after=None
[2025-07-04T12:48:10.840+0530] {processor.py:183} INFO - Processing /home/tejhanagarajan/Projects/small-projects/NewsImpact/venv/lib64/python3.10/site-packages/airflow/example_dags/example_sensors.py took 0.039 seconds
