[2025-07-04T12:27:06.604+0530] {processor.py:161} INFO - Started process (PID=25374) to work on /home/tejhanagarajan/Projects/small-projects/NewsImpact/venv/lib64/python3.10/site-packages/airflow/example_dags/example_dag_decorator.py
[2025-07-04T12:27:06.604+0530] {processor.py:830} INFO - Processing file /home/tejhanagarajan/Projects/small-projects/NewsImpact/venv/lib64/python3.10/site-packages/airflow/example_dags/example_dag_decorator.py for tasks to queue
[2025-07-04T12:27:06.605+0530] {logging_mixin.py:188} INFO - [2025-07-04T12:27:06.605+0530] {dagbag.py:538} INFO - Filling up the DagBag from /home/tejhanagarajan/Projects/small-projects/NewsImpact/venv/lib64/python3.10/site-packages/airflow/example_dags/example_dag_decorator.py
[2025-07-04T12:27:06.639+0530] {processor.py:840} INFO - DAG(s) 'example_dag_decorator' retrieved from /home/tejhanagarajan/Projects/small-projects/NewsImpact/venv/lib64/python3.10/site-packages/airflow/example_dags/example_dag_decorator.py
[2025-07-04T12:27:06.697+0530] {logging_mixin.py:188} INFO - [2025-07-04T12:27:06.696+0530] {override.py:1769} INFO - Created Permission View: can read on DAG:example_dag_decorator
[2025-07-04T12:27:06.709+0530] {logging_mixin.py:188} INFO - [2025-07-04T12:27:06.709+0530] {override.py:1769} INFO - Created Permission View: can edit on DAG:example_dag_decorator
[2025-07-04T12:27:06.721+0530] {logging_mixin.py:188} INFO - [2025-07-04T12:27:06.720+0530] {override.py:1769} INFO - Created Permission View: can delete on DAG:example_dag_decorator
[2025-07-04T12:27:06.721+0530] {logging_mixin.py:188} INFO - [2025-07-04T12:27:06.721+0530] {dag.py:3036} INFO - Sync 1 DAGs
[2025-07-04T12:27:06.726+0530] {logging_mixin.py:188} INFO - [2025-07-04T12:27:06.726+0530] {dag.py:3058} INFO - Creating ORM DAG for example_dag_decorator
[2025-07-04T12:27:06.727+0530] {logging_mixin.py:188} INFO - [2025-07-04T12:27:06.727+0530] {dag.py:3823} INFO - Setting next_dagrun for example_dag_decorator to None, run_after=None
[2025-07-04T12:27:06.741+0530] {processor.py:183} INFO - Processing /home/tejhanagarajan/Projects/small-projects/NewsImpact/venv/lib64/python3.10/site-packages/airflow/example_dags/example_dag_decorator.py took 0.139 seconds
[2025-07-04T12:27:54.989+0530] {processor.py:161} INFO - Started process (PID=25734) to work on /home/tejhanagarajan/Projects/small-projects/NewsImpact/venv/lib64/python3.10/site-packages/airflow/example_dags/example_dag_decorator.py
[2025-07-04T12:27:54.990+0530] {processor.py:830} INFO - Processing file /home/tejhanagarajan/Projects/small-projects/NewsImpact/venv/lib64/python3.10/site-packages/airflow/example_dags/example_dag_decorator.py for tasks to queue
[2025-07-04T12:27:54.990+0530] {logging_mixin.py:188} INFO - [2025-07-04T12:27:54.990+0530] {dagbag.py:538} INFO - Filling up the DagBag from /home/tejhanagarajan/Projects/small-projects/NewsImpact/venv/lib64/python3.10/site-packages/airflow/example_dags/example_dag_decorator.py
[2025-07-04T12:27:55.024+0530] {processor.py:840} INFO - DAG(s) 'example_dag_decorator' retrieved from /home/tejhanagarajan/Projects/small-projects/NewsImpact/venv/lib64/python3.10/site-packages/airflow/example_dags/example_dag_decorator.py
[2025-07-04T12:27:55.061+0530] {logging_mixin.py:188} INFO - [2025-07-04T12:27:55.061+0530] {dag.py:3036} INFO - Sync 1 DAGs
[2025-07-04T12:27:55.065+0530] {logging_mixin.py:188} INFO - [2025-07-04T12:27:55.065+0530] {dag.py:3823} INFO - Setting next_dagrun for example_dag_decorator to None, run_after=None
[2025-07-04T12:27:55.085+0530] {processor.py:183} INFO - Processing /home/tejhanagarajan/Projects/small-projects/NewsImpact/venv/lib64/python3.10/site-packages/airflow/example_dags/example_dag_decorator.py took 0.097 seconds
[2025-07-04T12:28:52.305+0530] {processor.py:161} INFO - Started process (PID=26254) to work on /home/tejhanagarajan/Projects/small-projects/NewsImpact/venv/lib64/python3.10/site-packages/airflow/example_dags/example_dag_decorator.py
[2025-07-04T12:28:52.306+0530] {processor.py:830} INFO - Processing file /home/tejhanagarajan/Projects/small-projects/NewsImpact/venv/lib64/python3.10/site-packages/airflow/example_dags/example_dag_decorator.py for tasks to queue
[2025-07-04T12:28:52.307+0530] {logging_mixin.py:188} INFO - [2025-07-04T12:28:52.306+0530] {dagbag.py:538} INFO - Filling up the DagBag from /home/tejhanagarajan/Projects/small-projects/NewsImpact/venv/lib64/python3.10/site-packages/airflow/example_dags/example_dag_decorator.py
[2025-07-04T12:28:52.345+0530] {processor.py:840} INFO - DAG(s) 'example_dag_decorator' retrieved from /home/tejhanagarajan/Projects/small-projects/NewsImpact/venv/lib64/python3.10/site-packages/airflow/example_dags/example_dag_decorator.py
[2025-07-04T12:28:52.382+0530] {logging_mixin.py:188} INFO - [2025-07-04T12:28:52.382+0530] {dag.py:3036} INFO - Sync 1 DAGs
[2025-07-04T12:28:52.386+0530] {logging_mixin.py:188} INFO - [2025-07-04T12:28:52.386+0530] {dag.py:3823} INFO - Setting next_dagrun for example_dag_decorator to None, run_after=None
[2025-07-04T12:28:52.404+0530] {processor.py:183} INFO - Processing /home/tejhanagarajan/Projects/small-projects/NewsImpact/venv/lib64/python3.10/site-packages/airflow/example_dags/example_dag_decorator.py took 0.101 seconds
[2025-07-04T12:29:50.177+0530] {processor.py:161} INFO - Started process (PID=26713) to work on /home/tejhanagarajan/Projects/small-projects/NewsImpact/venv/lib64/python3.10/site-packages/airflow/example_dags/example_dag_decorator.py
[2025-07-04T12:29:50.179+0530] {processor.py:830} INFO - Processing file /home/tejhanagarajan/Projects/small-projects/NewsImpact/venv/lib64/python3.10/site-packages/airflow/example_dags/example_dag_decorator.py for tasks to queue
[2025-07-04T12:29:50.180+0530] {logging_mixin.py:188} INFO - [2025-07-04T12:29:50.180+0530] {dagbag.py:538} INFO - Filling up the DagBag from /home/tejhanagarajan/Projects/small-projects/NewsImpact/venv/lib64/python3.10/site-packages/airflow/example_dags/example_dag_decorator.py
[2025-07-04T12:29:50.220+0530] {processor.py:840} INFO - DAG(s) 'example_dag_decorator' retrieved from /home/tejhanagarajan/Projects/small-projects/NewsImpact/venv/lib64/python3.10/site-packages/airflow/example_dags/example_dag_decorator.py
[2025-07-04T12:29:50.262+0530] {logging_mixin.py:188} INFO - [2025-07-04T12:29:50.261+0530] {dag.py:3036} INFO - Sync 1 DAGs
[2025-07-04T12:29:50.266+0530] {logging_mixin.py:188} INFO - [2025-07-04T12:29:50.265+0530] {dag.py:3823} INFO - Setting next_dagrun for example_dag_decorator to None, run_after=None
[2025-07-04T12:29:50.283+0530] {processor.py:183} INFO - Processing /home/tejhanagarajan/Projects/small-projects/NewsImpact/venv/lib64/python3.10/site-packages/airflow/example_dags/example_dag_decorator.py took 0.109 seconds
[2025-07-04T12:30:40.631+0530] {processor.py:161} INFO - Started process (PID=27077) to work on /home/tejhanagarajan/Projects/small-projects/NewsImpact/venv/lib64/python3.10/site-packages/airflow/example_dags/example_dag_decorator.py
[2025-07-04T12:30:40.634+0530] {processor.py:830} INFO - Processing file /home/tejhanagarajan/Projects/small-projects/NewsImpact/venv/lib64/python3.10/site-packages/airflow/example_dags/example_dag_decorator.py for tasks to queue
[2025-07-04T12:30:40.634+0530] {logging_mixin.py:188} INFO - [2025-07-04T12:30:40.634+0530] {dagbag.py:538} INFO - Filling up the DagBag from /home/tejhanagarajan/Projects/small-projects/NewsImpact/venv/lib64/python3.10/site-packages/airflow/example_dags/example_dag_decorator.py
[2025-07-04T12:30:40.669+0530] {processor.py:840} INFO - DAG(s) 'example_dag_decorator' retrieved from /home/tejhanagarajan/Projects/small-projects/NewsImpact/venv/lib64/python3.10/site-packages/airflow/example_dags/example_dag_decorator.py
[2025-07-04T12:30:40.706+0530] {logging_mixin.py:188} INFO - [2025-07-04T12:30:40.706+0530] {dag.py:3036} INFO - Sync 1 DAGs
[2025-07-04T12:30:40.710+0530] {logging_mixin.py:188} INFO - [2025-07-04T12:30:40.710+0530] {dag.py:3823} INFO - Setting next_dagrun for example_dag_decorator to None, run_after=None
[2025-07-04T12:30:40.726+0530] {processor.py:183} INFO - Processing /home/tejhanagarajan/Projects/small-projects/NewsImpact/venv/lib64/python3.10/site-packages/airflow/example_dags/example_dag_decorator.py took 0.096 seconds
[2025-07-04T12:33:30.230+0530] {processor.py:161} INFO - Started process (PID=30231) to work on /home/tejhanagarajan/Projects/small-projects/NewsImpact/venv/lib64/python3.10/site-packages/airflow/example_dags/example_dag_decorator.py
[2025-07-04T12:33:30.232+0530] {processor.py:830} INFO - Processing file /home/tejhanagarajan/Projects/small-projects/NewsImpact/venv/lib64/python3.10/site-packages/airflow/example_dags/example_dag_decorator.py for tasks to queue
[2025-07-04T12:33:30.233+0530] {logging_mixin.py:188} INFO - [2025-07-04T12:33:30.232+0530] {dagbag.py:538} INFO - Filling up the DagBag from /home/tejhanagarajan/Projects/small-projects/NewsImpact/venv/lib64/python3.10/site-packages/airflow/example_dags/example_dag_decorator.py
[2025-07-04T12:33:30.274+0530] {processor.py:840} INFO - DAG(s) 'example_dag_decorator' retrieved from /home/tejhanagarajan/Projects/small-projects/NewsImpact/venv/lib64/python3.10/site-packages/airflow/example_dags/example_dag_decorator.py
[2025-07-04T12:33:30.316+0530] {logging_mixin.py:188} INFO - [2025-07-04T12:33:30.316+0530] {dag.py:3036} INFO - Sync 1 DAGs
[2025-07-04T12:33:30.320+0530] {logging_mixin.py:188} INFO - [2025-07-04T12:33:30.320+0530] {dag.py:3823} INFO - Setting next_dagrun for example_dag_decorator to None, run_after=None
[2025-07-04T12:33:30.335+0530] {processor.py:183} INFO - Processing /home/tejhanagarajan/Projects/small-projects/NewsImpact/venv/lib64/python3.10/site-packages/airflow/example_dags/example_dag_decorator.py took 0.108 seconds
[2025-07-04T12:34:21.742+0530] {processor.py:161} INFO - Started process (PID=30878) to work on /home/tejhanagarajan/Projects/small-projects/NewsImpact/venv/lib64/python3.10/site-packages/airflow/example_dags/example_dag_decorator.py
[2025-07-04T12:34:21.744+0530] {processor.py:830} INFO - Processing file /home/tejhanagarajan/Projects/small-projects/NewsImpact/venv/lib64/python3.10/site-packages/airflow/example_dags/example_dag_decorator.py for tasks to queue
[2025-07-04T12:34:21.744+0530] {logging_mixin.py:188} INFO - [2025-07-04T12:34:21.744+0530] {dagbag.py:538} INFO - Filling up the DagBag from /home/tejhanagarajan/Projects/small-projects/NewsImpact/venv/lib64/python3.10/site-packages/airflow/example_dags/example_dag_decorator.py
[2025-07-04T12:34:21.781+0530] {processor.py:840} INFO - DAG(s) 'example_dag_decorator' retrieved from /home/tejhanagarajan/Projects/small-projects/NewsImpact/venv/lib64/python3.10/site-packages/airflow/example_dags/example_dag_decorator.py
[2025-07-04T12:34:21.827+0530] {logging_mixin.py:188} INFO - [2025-07-04T12:34:21.827+0530] {dag.py:3036} INFO - Sync 1 DAGs
[2025-07-04T12:34:21.832+0530] {logging_mixin.py:188} INFO - [2025-07-04T12:34:21.832+0530] {dag.py:3823} INFO - Setting next_dagrun for example_dag_decorator to None, run_after=None
[2025-07-04T12:34:21.850+0530] {processor.py:183} INFO - Processing /home/tejhanagarajan/Projects/small-projects/NewsImpact/venv/lib64/python3.10/site-packages/airflow/example_dags/example_dag_decorator.py took 0.110 seconds
[2025-07-04T12:35:15.094+0530] {processor.py:161} INFO - Started process (PID=31235) to work on /home/tejhanagarajan/Projects/small-projects/NewsImpact/venv/lib64/python3.10/site-packages/airflow/example_dags/example_dag_decorator.py
[2025-07-04T12:35:15.096+0530] {processor.py:830} INFO - Processing file /home/tejhanagarajan/Projects/small-projects/NewsImpact/venv/lib64/python3.10/site-packages/airflow/example_dags/example_dag_decorator.py for tasks to queue
[2025-07-04T12:35:15.097+0530] {logging_mixin.py:188} INFO - [2025-07-04T12:35:15.097+0530] {dagbag.py:538} INFO - Filling up the DagBag from /home/tejhanagarajan/Projects/small-projects/NewsImpact/venv/lib64/python3.10/site-packages/airflow/example_dags/example_dag_decorator.py
[2025-07-04T12:35:15.133+0530] {processor.py:840} INFO - DAG(s) 'example_dag_decorator' retrieved from /home/tejhanagarajan/Projects/small-projects/NewsImpact/venv/lib64/python3.10/site-packages/airflow/example_dags/example_dag_decorator.py
[2025-07-04T12:35:15.170+0530] {logging_mixin.py:188} INFO - [2025-07-04T12:35:15.170+0530] {dag.py:3036} INFO - Sync 1 DAGs
[2025-07-04T12:35:15.174+0530] {logging_mixin.py:188} INFO - [2025-07-04T12:35:15.174+0530] {dag.py:3823} INFO - Setting next_dagrun for example_dag_decorator to None, run_after=None
[2025-07-04T12:35:15.191+0530] {processor.py:183} INFO - Processing /home/tejhanagarajan/Projects/small-projects/NewsImpact/venv/lib64/python3.10/site-packages/airflow/example_dags/example_dag_decorator.py took 0.099 seconds
[2025-07-04T12:36:09.793+0530] {processor.py:161} INFO - Started process (PID=31721) to work on /home/tejhanagarajan/Projects/small-projects/NewsImpact/venv/lib64/python3.10/site-packages/airflow/example_dags/example_dag_decorator.py
[2025-07-04T12:36:09.795+0530] {processor.py:830} INFO - Processing file /home/tejhanagarajan/Projects/small-projects/NewsImpact/venv/lib64/python3.10/site-packages/airflow/example_dags/example_dag_decorator.py for tasks to queue
[2025-07-04T12:36:09.796+0530] {logging_mixin.py:188} INFO - [2025-07-04T12:36:09.796+0530] {dagbag.py:538} INFO - Filling up the DagBag from /home/tejhanagarajan/Projects/small-projects/NewsImpact/venv/lib64/python3.10/site-packages/airflow/example_dags/example_dag_decorator.py
[2025-07-04T12:36:09.831+0530] {processor.py:840} INFO - DAG(s) 'example_dag_decorator' retrieved from /home/tejhanagarajan/Projects/small-projects/NewsImpact/venv/lib64/python3.10/site-packages/airflow/example_dags/example_dag_decorator.py
[2025-07-04T12:36:09.872+0530] {logging_mixin.py:188} INFO - [2025-07-04T12:36:09.871+0530] {dag.py:3036} INFO - Sync 1 DAGs
[2025-07-04T12:36:09.876+0530] {logging_mixin.py:188} INFO - [2025-07-04T12:36:09.876+0530] {dag.py:3823} INFO - Setting next_dagrun for example_dag_decorator to None, run_after=None
[2025-07-04T12:36:09.890+0530] {processor.py:183} INFO - Processing /home/tejhanagarajan/Projects/small-projects/NewsImpact/venv/lib64/python3.10/site-packages/airflow/example_dags/example_dag_decorator.py took 0.099 seconds
[2025-07-04T12:37:03.447+0530] {processor.py:161} INFO - Started process (PID=32241) to work on /home/tejhanagarajan/Projects/small-projects/NewsImpact/venv/lib64/python3.10/site-packages/airflow/example_dags/example_dag_decorator.py
[2025-07-04T12:37:03.449+0530] {processor.py:830} INFO - Processing file /home/tejhanagarajan/Projects/small-projects/NewsImpact/venv/lib64/python3.10/site-packages/airflow/example_dags/example_dag_decorator.py for tasks to queue
[2025-07-04T12:37:03.450+0530] {logging_mixin.py:188} INFO - [2025-07-04T12:37:03.450+0530] {dagbag.py:538} INFO - Filling up the DagBag from /home/tejhanagarajan/Projects/small-projects/NewsImpact/venv/lib64/python3.10/site-packages/airflow/example_dags/example_dag_decorator.py
[2025-07-04T12:37:03.488+0530] {processor.py:840} INFO - DAG(s) 'example_dag_decorator' retrieved from /home/tejhanagarajan/Projects/small-projects/NewsImpact/venv/lib64/python3.10/site-packages/airflow/example_dags/example_dag_decorator.py
[2025-07-04T12:37:03.531+0530] {logging_mixin.py:188} INFO - [2025-07-04T12:37:03.531+0530] {dag.py:3036} INFO - Sync 1 DAGs
[2025-07-04T12:37:03.536+0530] {logging_mixin.py:188} INFO - [2025-07-04T12:37:03.536+0530] {dag.py:3823} INFO - Setting next_dagrun for example_dag_decorator to None, run_after=None
[2025-07-04T12:37:03.556+0530] {processor.py:183} INFO - Processing /home/tejhanagarajan/Projects/small-projects/NewsImpact/venv/lib64/python3.10/site-packages/airflow/example_dags/example_dag_decorator.py took 0.111 seconds
[2025-07-04T12:37:50.420+0530] {processor.py:161} INFO - Started process (PID=33807) to work on /home/tejhanagarajan/Projects/small-projects/NewsImpact/venv/lib64/python3.10/site-packages/airflow/example_dags/example_dag_decorator.py
[2025-07-04T12:37:50.422+0530] {processor.py:830} INFO - Processing file /home/tejhanagarajan/Projects/small-projects/NewsImpact/venv/lib64/python3.10/site-packages/airflow/example_dags/example_dag_decorator.py for tasks to queue
[2025-07-04T12:37:50.423+0530] {logging_mixin.py:188} INFO - [2025-07-04T12:37:50.423+0530] {dagbag.py:538} INFO - Filling up the DagBag from /home/tejhanagarajan/Projects/small-projects/NewsImpact/venv/lib64/python3.10/site-packages/airflow/example_dags/example_dag_decorator.py
[2025-07-04T12:37:50.465+0530] {processor.py:840} INFO - DAG(s) 'example_dag_decorator' retrieved from /home/tejhanagarajan/Projects/small-projects/NewsImpact/venv/lib64/python3.10/site-packages/airflow/example_dags/example_dag_decorator.py
[2025-07-04T12:37:50.507+0530] {logging_mixin.py:188} INFO - [2025-07-04T12:37:50.507+0530] {dag.py:3036} INFO - Sync 1 DAGs
[2025-07-04T12:37:50.512+0530] {logging_mixin.py:188} INFO - [2025-07-04T12:37:50.512+0530] {dag.py:3823} INFO - Setting next_dagrun for example_dag_decorator to None, run_after=None
[2025-07-04T12:37:50.528+0530] {processor.py:183} INFO - Processing /home/tejhanagarajan/Projects/small-projects/NewsImpact/venv/lib64/python3.10/site-packages/airflow/example_dags/example_dag_decorator.py took 0.111 seconds
[2025-07-04T12:38:32.287+0530] {processor.py:161} INFO - Started process (PID=34930) to work on /home/tejhanagarajan/Projects/small-projects/NewsImpact/venv/lib64/python3.10/site-packages/airflow/example_dags/example_dag_decorator.py
[2025-07-04T12:38:32.290+0530] {processor.py:830} INFO - Processing file /home/tejhanagarajan/Projects/small-projects/NewsImpact/venv/lib64/python3.10/site-packages/airflow/example_dags/example_dag_decorator.py for tasks to queue
[2025-07-04T12:38:32.291+0530] {logging_mixin.py:188} INFO - [2025-07-04T12:38:32.290+0530] {dagbag.py:538} INFO - Filling up the DagBag from /home/tejhanagarajan/Projects/small-projects/NewsImpact/venv/lib64/python3.10/site-packages/airflow/example_dags/example_dag_decorator.py
[2025-07-04T12:38:32.325+0530] {processor.py:840} INFO - DAG(s) 'example_dag_decorator' retrieved from /home/tejhanagarajan/Projects/small-projects/NewsImpact/venv/lib64/python3.10/site-packages/airflow/example_dags/example_dag_decorator.py
[2025-07-04T12:38:32.363+0530] {logging_mixin.py:188} INFO - [2025-07-04T12:38:32.363+0530] {dag.py:3036} INFO - Sync 1 DAGs
[2025-07-04T12:38:32.367+0530] {logging_mixin.py:188} INFO - [2025-07-04T12:38:32.367+0530] {dag.py:3823} INFO - Setting next_dagrun for example_dag_decorator to None, run_after=None
[2025-07-04T12:38:32.383+0530] {processor.py:183} INFO - Processing /home/tejhanagarajan/Projects/small-projects/NewsImpact/venv/lib64/python3.10/site-packages/airflow/example_dags/example_dag_decorator.py took 0.097 seconds
[2025-07-04T12:38:42.029+0530] {processor.py:161} INFO - Started process (PID=35031) to work on /home/tejhanagarajan/Projects/small-projects/NewsImpact/venv/lib64/python3.10/site-packages/airflow/example_dags/example_dag_decorator.py
[2025-07-04T12:38:42.029+0530] {processor.py:830} INFO - Processing file /home/tejhanagarajan/Projects/small-projects/NewsImpact/venv/lib64/python3.10/site-packages/airflow/example_dags/example_dag_decorator.py for tasks to queue
[2025-07-04T12:38:42.030+0530] {logging_mixin.py:188} INFO - [2025-07-04T12:38:42.029+0530] {dagbag.py:538} INFO - Filling up the DagBag from /home/tejhanagarajan/Projects/small-projects/NewsImpact/venv/lib64/python3.10/site-packages/airflow/example_dags/example_dag_decorator.py
[2025-07-04T12:38:42.069+0530] {processor.py:840} INFO - DAG(s) 'example_dag_decorator' retrieved from /home/tejhanagarajan/Projects/small-projects/NewsImpact/venv/lib64/python3.10/site-packages/airflow/example_dags/example_dag_decorator.py
[2025-07-04T12:38:42.073+0530] {logging_mixin.py:188} INFO - [2025-07-04T12:38:42.073+0530] {dag.py:3036} INFO - Sync 1 DAGs
[2025-07-04T12:38:42.079+0530] {logging_mixin.py:188} INFO - [2025-07-04T12:38:42.079+0530] {dag.py:3823} INFO - Setting next_dagrun for example_dag_decorator to None, run_after=None
[2025-07-04T12:38:42.097+0530] {processor.py:183} INFO - Processing /home/tejhanagarajan/Projects/small-projects/NewsImpact/venv/lib64/python3.10/site-packages/airflow/example_dags/example_dag_decorator.py took 0.070 seconds
[2025-07-04T12:39:23.860+0530] {processor.py:161} INFO - Started process (PID=35432) to work on /home/tejhanagarajan/Projects/small-projects/NewsImpact/venv/lib64/python3.10/site-packages/airflow/example_dags/example_dag_decorator.py
[2025-07-04T12:39:23.863+0530] {processor.py:830} INFO - Processing file /home/tejhanagarajan/Projects/small-projects/NewsImpact/venv/lib64/python3.10/site-packages/airflow/example_dags/example_dag_decorator.py for tasks to queue
[2025-07-04T12:39:23.864+0530] {logging_mixin.py:188} INFO - [2025-07-04T12:39:23.864+0530] {dagbag.py:538} INFO - Filling up the DagBag from /home/tejhanagarajan/Projects/small-projects/NewsImpact/venv/lib64/python3.10/site-packages/airflow/example_dags/example_dag_decorator.py
[2025-07-04T12:39:23.902+0530] {processor.py:840} INFO - DAG(s) 'example_dag_decorator' retrieved from /home/tejhanagarajan/Projects/small-projects/NewsImpact/venv/lib64/python3.10/site-packages/airflow/example_dags/example_dag_decorator.py
[2025-07-04T12:39:23.940+0530] {logging_mixin.py:188} INFO - [2025-07-04T12:39:23.940+0530] {dag.py:3036} INFO - Sync 1 DAGs
[2025-07-04T12:39:23.944+0530] {logging_mixin.py:188} INFO - [2025-07-04T12:39:23.943+0530] {dag.py:3823} INFO - Setting next_dagrun for example_dag_decorator to None, run_after=None
[2025-07-04T12:39:23.959+0530] {processor.py:183} INFO - Processing /home/tejhanagarajan/Projects/small-projects/NewsImpact/venv/lib64/python3.10/site-packages/airflow/example_dags/example_dag_decorator.py took 0.101 seconds
[2025-07-04T12:39:36.928+0530] {processor.py:161} INFO - Started process (PID=35541) to work on /home/tejhanagarajan/Projects/small-projects/NewsImpact/venv/lib64/python3.10/site-packages/airflow/example_dags/example_dag_decorator.py
[2025-07-04T12:39:36.928+0530] {processor.py:830} INFO - Processing file /home/tejhanagarajan/Projects/small-projects/NewsImpact/venv/lib64/python3.10/site-packages/airflow/example_dags/example_dag_decorator.py for tasks to queue
[2025-07-04T12:39:36.929+0530] {logging_mixin.py:188} INFO - [2025-07-04T12:39:36.929+0530] {dagbag.py:538} INFO - Filling up the DagBag from /home/tejhanagarajan/Projects/small-projects/NewsImpact/venv/lib64/python3.10/site-packages/airflow/example_dags/example_dag_decorator.py
[2025-07-04T12:39:36.966+0530] {processor.py:840} INFO - DAG(s) 'example_dag_decorator' retrieved from /home/tejhanagarajan/Projects/small-projects/NewsImpact/venv/lib64/python3.10/site-packages/airflow/example_dags/example_dag_decorator.py
[2025-07-04T12:39:36.969+0530] {logging_mixin.py:188} INFO - [2025-07-04T12:39:36.969+0530] {dag.py:3036} INFO - Sync 1 DAGs
[2025-07-04T12:39:36.975+0530] {logging_mixin.py:188} INFO - [2025-07-04T12:39:36.975+0530] {dag.py:3823} INFO - Setting next_dagrun for example_dag_decorator to None, run_after=None
[2025-07-04T12:39:36.993+0530] {processor.py:183} INFO - Processing /home/tejhanagarajan/Projects/small-projects/NewsImpact/venv/lib64/python3.10/site-packages/airflow/example_dags/example_dag_decorator.py took 0.068 seconds
[2025-07-04T12:42:34.398+0530] {processor.py:161} INFO - Started process (PID=38020) to work on /home/tejhanagarajan/Projects/small-projects/NewsImpact/venv/lib64/python3.10/site-packages/airflow/example_dags/example_dag_decorator.py
[2025-07-04T12:42:34.400+0530] {processor.py:830} INFO - Processing file /home/tejhanagarajan/Projects/small-projects/NewsImpact/venv/lib64/python3.10/site-packages/airflow/example_dags/example_dag_decorator.py for tasks to queue
[2025-07-04T12:42:34.401+0530] {logging_mixin.py:188} INFO - [2025-07-04T12:42:34.401+0530] {dagbag.py:538} INFO - Filling up the DagBag from /home/tejhanagarajan/Projects/small-projects/NewsImpact/venv/lib64/python3.10/site-packages/airflow/example_dags/example_dag_decorator.py
[2025-07-04T12:42:34.439+0530] {processor.py:840} INFO - DAG(s) 'example_dag_decorator' retrieved from /home/tejhanagarajan/Projects/small-projects/NewsImpact/venv/lib64/python3.10/site-packages/airflow/example_dags/example_dag_decorator.py
[2025-07-04T12:42:34.479+0530] {logging_mixin.py:188} INFO - [2025-07-04T12:42:34.479+0530] {dag.py:3036} INFO - Sync 1 DAGs
[2025-07-04T12:42:34.483+0530] {logging_mixin.py:188} INFO - [2025-07-04T12:42:34.483+0530] {dag.py:3823} INFO - Setting next_dagrun for example_dag_decorator to None, run_after=None
[2025-07-04T12:42:34.500+0530] {processor.py:183} INFO - Processing /home/tejhanagarajan/Projects/small-projects/NewsImpact/venv/lib64/python3.10/site-packages/airflow/example_dags/example_dag_decorator.py took 0.104 seconds
[2025-07-04T12:43:24.832+0530] {processor.py:161} INFO - Started process (PID=38461) to work on /home/tejhanagarajan/Projects/small-projects/NewsImpact/venv/lib64/python3.10/site-packages/airflow/example_dags/example_dag_decorator.py
[2025-07-04T12:43:24.834+0530] {processor.py:830} INFO - Processing file /home/tejhanagarajan/Projects/small-projects/NewsImpact/venv/lib64/python3.10/site-packages/airflow/example_dags/example_dag_decorator.py for tasks to queue
[2025-07-04T12:43:24.834+0530] {logging_mixin.py:188} INFO - [2025-07-04T12:43:24.834+0530] {dagbag.py:538} INFO - Filling up the DagBag from /home/tejhanagarajan/Projects/small-projects/NewsImpact/venv/lib64/python3.10/site-packages/airflow/example_dags/example_dag_decorator.py
[2025-07-04T12:43:24.869+0530] {processor.py:840} INFO - DAG(s) 'example_dag_decorator' retrieved from /home/tejhanagarajan/Projects/small-projects/NewsImpact/venv/lib64/python3.10/site-packages/airflow/example_dags/example_dag_decorator.py
[2025-07-04T12:43:24.907+0530] {logging_mixin.py:188} INFO - [2025-07-04T12:43:24.907+0530] {dag.py:3036} INFO - Sync 1 DAGs
[2025-07-04T12:43:24.911+0530] {logging_mixin.py:188} INFO - [2025-07-04T12:43:24.911+0530] {dag.py:3823} INFO - Setting next_dagrun for example_dag_decorator to None, run_after=None
[2025-07-04T12:43:24.928+0530] {processor.py:183} INFO - Processing /home/tejhanagarajan/Projects/small-projects/NewsImpact/venv/lib64/python3.10/site-packages/airflow/example_dags/example_dag_decorator.py took 0.099 seconds
[2025-07-04T12:44:18.304+0530] {processor.py:161} INFO - Started process (PID=38836) to work on /home/tejhanagarajan/Projects/small-projects/NewsImpact/venv/lib64/python3.10/site-packages/airflow/example_dags/example_dag_decorator.py
[2025-07-04T12:44:18.307+0530] {processor.py:830} INFO - Processing file /home/tejhanagarajan/Projects/small-projects/NewsImpact/venv/lib64/python3.10/site-packages/airflow/example_dags/example_dag_decorator.py for tasks to queue
[2025-07-04T12:44:18.308+0530] {logging_mixin.py:188} INFO - [2025-07-04T12:44:18.307+0530] {dagbag.py:538} INFO - Filling up the DagBag from /home/tejhanagarajan/Projects/small-projects/NewsImpact/venv/lib64/python3.10/site-packages/airflow/example_dags/example_dag_decorator.py
[2025-07-04T12:44:18.347+0530] {processor.py:840} INFO - DAG(s) 'example_dag_decorator' retrieved from /home/tejhanagarajan/Projects/small-projects/NewsImpact/venv/lib64/python3.10/site-packages/airflow/example_dags/example_dag_decorator.py
[2025-07-04T12:44:18.386+0530] {logging_mixin.py:188} INFO - [2025-07-04T12:44:18.386+0530] {dag.py:3036} INFO - Sync 1 DAGs
[2025-07-04T12:44:18.390+0530] {logging_mixin.py:188} INFO - [2025-07-04T12:44:18.390+0530] {dag.py:3823} INFO - Setting next_dagrun for example_dag_decorator to None, run_after=None
[2025-07-04T12:44:18.407+0530] {processor.py:183} INFO - Processing /home/tejhanagarajan/Projects/small-projects/NewsImpact/venv/lib64/python3.10/site-packages/airflow/example_dags/example_dag_decorator.py took 0.105 seconds
[2025-07-04T12:45:12.031+0530] {processor.py:161} INFO - Started process (PID=39235) to work on /home/tejhanagarajan/Projects/small-projects/NewsImpact/venv/lib64/python3.10/site-packages/airflow/example_dags/example_dag_decorator.py
[2025-07-04T12:45:12.032+0530] {processor.py:830} INFO - Processing file /home/tejhanagarajan/Projects/small-projects/NewsImpact/venv/lib64/python3.10/site-packages/airflow/example_dags/example_dag_decorator.py for tasks to queue
[2025-07-04T12:45:12.032+0530] {logging_mixin.py:188} INFO - [2025-07-04T12:45:12.032+0530] {dagbag.py:538} INFO - Filling up the DagBag from /home/tejhanagarajan/Projects/small-projects/NewsImpact/venv/lib64/python3.10/site-packages/airflow/example_dags/example_dag_decorator.py
[2025-07-04T12:45:12.069+0530] {processor.py:840} INFO - DAG(s) 'example_dag_decorator' retrieved from /home/tejhanagarajan/Projects/small-projects/NewsImpact/venv/lib64/python3.10/site-packages/airflow/example_dags/example_dag_decorator.py
[2025-07-04T12:45:12.106+0530] {logging_mixin.py:188} INFO - [2025-07-04T12:45:12.106+0530] {dag.py:3036} INFO - Sync 1 DAGs
[2025-07-04T12:45:12.109+0530] {logging_mixin.py:188} INFO - [2025-07-04T12:45:12.109+0530] {dag.py:3823} INFO - Setting next_dagrun for example_dag_decorator to None, run_after=None
[2025-07-04T12:45:12.126+0530] {processor.py:183} INFO - Processing /home/tejhanagarajan/Projects/small-projects/NewsImpact/venv/lib64/python3.10/site-packages/airflow/example_dags/example_dag_decorator.py took 0.097 seconds
[2025-07-04T12:46:06.784+0530] {processor.py:161} INFO - Started process (PID=39615) to work on /home/tejhanagarajan/Projects/small-projects/NewsImpact/venv/lib64/python3.10/site-packages/airflow/example_dags/example_dag_decorator.py
[2025-07-04T12:46:06.788+0530] {processor.py:830} INFO - Processing file /home/tejhanagarajan/Projects/small-projects/NewsImpact/venv/lib64/python3.10/site-packages/airflow/example_dags/example_dag_decorator.py for tasks to queue
[2025-07-04T12:46:06.789+0530] {logging_mixin.py:188} INFO - [2025-07-04T12:46:06.789+0530] {dagbag.py:538} INFO - Filling up the DagBag from /home/tejhanagarajan/Projects/small-projects/NewsImpact/venv/lib64/python3.10/site-packages/airflow/example_dags/example_dag_decorator.py
[2025-07-04T12:46:06.828+0530] {processor.py:840} INFO - DAG(s) 'example_dag_decorator' retrieved from /home/tejhanagarajan/Projects/small-projects/NewsImpact/venv/lib64/python3.10/site-packages/airflow/example_dags/example_dag_decorator.py
[2025-07-04T12:46:06.866+0530] {logging_mixin.py:188} INFO - [2025-07-04T12:46:06.866+0530] {dag.py:3036} INFO - Sync 1 DAGs
[2025-07-04T12:46:06.869+0530] {logging_mixin.py:188} INFO - [2025-07-04T12:46:06.869+0530] {dag.py:3823} INFO - Setting next_dagrun for example_dag_decorator to None, run_after=None
[2025-07-04T12:46:06.886+0530] {processor.py:183} INFO - Processing /home/tejhanagarajan/Projects/small-projects/NewsImpact/venv/lib64/python3.10/site-packages/airflow/example_dags/example_dag_decorator.py took 0.105 seconds
[2025-07-04T12:46:57.925+0530] {processor.py:161} INFO - Started process (PID=40011) to work on /home/tejhanagarajan/Projects/small-projects/NewsImpact/venv/lib64/python3.10/site-packages/airflow/example_dags/example_dag_decorator.py
[2025-07-04T12:46:57.927+0530] {processor.py:830} INFO - Processing file /home/tejhanagarajan/Projects/small-projects/NewsImpact/venv/lib64/python3.10/site-packages/airflow/example_dags/example_dag_decorator.py for tasks to queue
[2025-07-04T12:46:57.928+0530] {logging_mixin.py:188} INFO - [2025-07-04T12:46:57.928+0530] {dagbag.py:538} INFO - Filling up the DagBag from /home/tejhanagarajan/Projects/small-projects/NewsImpact/venv/lib64/python3.10/site-packages/airflow/example_dags/example_dag_decorator.py
[2025-07-04T12:46:57.980+0530] {processor.py:840} INFO - DAG(s) 'example_dag_decorator' retrieved from /home/tejhanagarajan/Projects/small-projects/NewsImpact/venv/lib64/python3.10/site-packages/airflow/example_dags/example_dag_decorator.py
[2025-07-04T12:46:58.023+0530] {logging_mixin.py:188} INFO - [2025-07-04T12:46:58.022+0530] {dag.py:3036} INFO - Sync 1 DAGs
[2025-07-04T12:46:58.027+0530] {logging_mixin.py:188} INFO - [2025-07-04T12:46:58.026+0530] {dag.py:3823} INFO - Setting next_dagrun for example_dag_decorator to None, run_after=None
[2025-07-04T12:46:58.045+0530] {processor.py:183} INFO - Processing /home/tejhanagarajan/Projects/small-projects/NewsImpact/venv/lib64/python3.10/site-packages/airflow/example_dags/example_dag_decorator.py took 0.124 seconds
[2025-07-04T12:47:51.347+0530] {processor.py:161} INFO - Started process (PID=40398) to work on /home/tejhanagarajan/Projects/small-projects/NewsImpact/venv/lib64/python3.10/site-packages/airflow/example_dags/example_dag_decorator.py
[2025-07-04T12:47:51.349+0530] {processor.py:830} INFO - Processing file /home/tejhanagarajan/Projects/small-projects/NewsImpact/venv/lib64/python3.10/site-packages/airflow/example_dags/example_dag_decorator.py for tasks to queue
[2025-07-04T12:47:51.350+0530] {logging_mixin.py:188} INFO - [2025-07-04T12:47:51.350+0530] {dagbag.py:538} INFO - Filling up the DagBag from /home/tejhanagarajan/Projects/small-projects/NewsImpact/venv/lib64/python3.10/site-packages/airflow/example_dags/example_dag_decorator.py
[2025-07-04T12:47:51.385+0530] {processor.py:840} INFO - DAG(s) 'example_dag_decorator' retrieved from /home/tejhanagarajan/Projects/small-projects/NewsImpact/venv/lib64/python3.10/site-packages/airflow/example_dags/example_dag_decorator.py
[2025-07-04T12:47:51.423+0530] {logging_mixin.py:188} INFO - [2025-07-04T12:47:51.422+0530] {dag.py:3036} INFO - Sync 1 DAGs
[2025-07-04T12:47:51.426+0530] {logging_mixin.py:188} INFO - [2025-07-04T12:47:51.426+0530] {dag.py:3823} INFO - Setting next_dagrun for example_dag_decorator to None, run_after=None
[2025-07-04T12:47:51.444+0530] {processor.py:183} INFO - Processing /home/tejhanagarajan/Projects/small-projects/NewsImpact/venv/lib64/python3.10/site-packages/airflow/example_dags/example_dag_decorator.py took 0.099 seconds
