[2025-07-04T12:27:13.086+0530] {processor.py:161} INFO - Started process (PID=25428) to work on /home/tejhanagarajan/Projects/small-projects/NewsImpact/venv/lib64/python3.10/site-packages/airflow/example_dags/example_branch_day_of_week_operator.py
[2025-07-04T12:27:13.087+0530] {processor.py:830} INFO - Processing file /home/tejhanagarajan/Projects/small-projects/NewsImpact/venv/lib64/python3.10/site-packages/airflow/example_dags/example_branch_day_of_week_operator.py for tasks to queue
[2025-07-04T12:27:13.087+0530] {logging_mixin.py:188} INFO - [2025-07-04T12:27:13.087+0530] {dagbag.py:538} INFO - Filling up the DagBag from /home/tejhanagarajan/Projects/small-projects/NewsImpact/venv/lib64/python3.10/site-packages/airflow/example_dags/example_branch_day_of_week_operator.py
[2025-07-04T12:27:13.091+0530] {processor.py:840} INFO - DAG(s) 'example_weekday_branch_operator' retrieved from /home/tejhanagarajan/Projects/small-projects/NewsImpact/venv/lib64/python3.10/site-packages/airflow/example_dags/example_branch_day_of_week_operator.py
[2025-07-04T12:27:13.149+0530] {logging_mixin.py:188} INFO - [2025-07-04T12:27:13.149+0530] {override.py:1769} INFO - Created Permission View: can read on DAG:example_weekday_branch_operator
[2025-07-04T12:27:13.162+0530] {logging_mixin.py:188} INFO - [2025-07-04T12:27:13.162+0530] {override.py:1769} INFO - Created Permission View: can edit on DAG:example_weekday_branch_operator
[2025-07-04T12:27:13.172+0530] {logging_mixin.py:188} INFO - [2025-07-04T12:27:13.172+0530] {override.py:1769} INFO - Created Permission View: can delete on DAG:example_weekday_branch_operator
[2025-07-04T12:27:13.173+0530] {logging_mixin.py:188} INFO - [2025-07-04T12:27:13.172+0530] {dag.py:3036} INFO - Sync 1 DAGs
[2025-07-04T12:27:13.177+0530] {logging_mixin.py:188} INFO - [2025-07-04T12:27:13.177+0530] {dag.py:3058} INFO - Creating ORM DAG for example_weekday_branch_operator
[2025-07-04T12:27:13.182+0530] {logging_mixin.py:188} INFO - [2025-07-04T12:27:13.181+0530] {dag.py:3823} INFO - Setting next_dagrun for example_weekday_branch_operator to 2025-07-03 00:00:00+00:00, run_after=2025-07-04 00:00:00+00:00
[2025-07-04T12:27:13.197+0530] {processor.py:183} INFO - Processing /home/tejhanagarajan/Projects/small-projects/NewsImpact/venv/lib64/python3.10/site-packages/airflow/example_dags/example_branch_day_of_week_operator.py took 0.113 seconds
[2025-07-04T12:28:10.697+0530] {processor.py:161} INFO - Started process (PID=25865) to work on /home/tejhanagarajan/Projects/small-projects/NewsImpact/venv/lib64/python3.10/site-packages/airflow/example_dags/example_branch_day_of_week_operator.py
[2025-07-04T12:28:10.698+0530] {processor.py:830} INFO - Processing file /home/tejhanagarajan/Projects/small-projects/NewsImpact/venv/lib64/python3.10/site-packages/airflow/example_dags/example_branch_day_of_week_operator.py for tasks to queue
[2025-07-04T12:28:10.698+0530] {logging_mixin.py:188} INFO - [2025-07-04T12:28:10.698+0530] {dagbag.py:538} INFO - Filling up the DagBag from /home/tejhanagarajan/Projects/small-projects/NewsImpact/venv/lib64/python3.10/site-packages/airflow/example_dags/example_branch_day_of_week_operator.py
[2025-07-04T12:28:10.701+0530] {processor.py:840} INFO - DAG(s) 'example_weekday_branch_operator' retrieved from /home/tejhanagarajan/Projects/small-projects/NewsImpact/venv/lib64/python3.10/site-packages/airflow/example_dags/example_branch_day_of_week_operator.py
[2025-07-04T12:28:10.709+0530] {logging_mixin.py:188} INFO - [2025-07-04T12:28:10.709+0530] {dag.py:3036} INFO - Sync 1 DAGs
[2025-07-04T12:28:10.718+0530] {logging_mixin.py:188} INFO - [2025-07-04T12:28:10.718+0530] {dag.py:3823} INFO - Setting next_dagrun for example_weekday_branch_operator to 2025-07-03 00:00:00+00:00, run_after=2025-07-04 00:00:00+00:00
[2025-07-04T12:28:10.736+0530] {processor.py:183} INFO - Processing /home/tejhanagarajan/Projects/small-projects/NewsImpact/venv/lib64/python3.10/site-packages/airflow/example_dags/example_branch_day_of_week_operator.py took 0.040 seconds
[2025-07-04T12:29:09.341+0530] {processor.py:161} INFO - Started process (PID=26366) to work on /home/tejhanagarajan/Projects/small-projects/NewsImpact/venv/lib64/python3.10/site-packages/airflow/example_dags/example_branch_day_of_week_operator.py
[2025-07-04T12:29:09.341+0530] {processor.py:830} INFO - Processing file /home/tejhanagarajan/Projects/small-projects/NewsImpact/venv/lib64/python3.10/site-packages/airflow/example_dags/example_branch_day_of_week_operator.py for tasks to queue
[2025-07-04T12:29:09.342+0530] {logging_mixin.py:188} INFO - [2025-07-04T12:29:09.342+0530] {dagbag.py:538} INFO - Filling up the DagBag from /home/tejhanagarajan/Projects/small-projects/NewsImpact/venv/lib64/python3.10/site-packages/airflow/example_dags/example_branch_day_of_week_operator.py
[2025-07-04T12:29:09.347+0530] {processor.py:840} INFO - DAG(s) 'example_weekday_branch_operator' retrieved from /home/tejhanagarajan/Projects/small-projects/NewsImpact/venv/lib64/python3.10/site-packages/airflow/example_dags/example_branch_day_of_week_operator.py
[2025-07-04T12:29:09.354+0530] {logging_mixin.py:188} INFO - [2025-07-04T12:29:09.354+0530] {dag.py:3036} INFO - Sync 1 DAGs
[2025-07-04T12:29:09.364+0530] {logging_mixin.py:188} INFO - [2025-07-04T12:29:09.364+0530] {dag.py:3823} INFO - Setting next_dagrun for example_weekday_branch_operator to 2025-07-03 00:00:00+00:00, run_after=2025-07-04 00:00:00+00:00
[2025-07-04T12:29:09.382+0530] {processor.py:183} INFO - Processing /home/tejhanagarajan/Projects/small-projects/NewsImpact/venv/lib64/python3.10/site-packages/airflow/example_dags/example_branch_day_of_week_operator.py took 0.043 seconds
[2025-07-04T12:30:01.958+0530] {processor.py:161} INFO - Started process (PID=26814) to work on /home/tejhanagarajan/Projects/small-projects/NewsImpact/venv/lib64/python3.10/site-packages/airflow/example_dags/example_branch_day_of_week_operator.py
[2025-07-04T12:30:01.960+0530] {processor.py:830} INFO - Processing file /home/tejhanagarajan/Projects/small-projects/NewsImpact/venv/lib64/python3.10/site-packages/airflow/example_dags/example_branch_day_of_week_operator.py for tasks to queue
[2025-07-04T12:30:01.961+0530] {logging_mixin.py:188} INFO - [2025-07-04T12:30:01.961+0530] {dagbag.py:538} INFO - Filling up the DagBag from /home/tejhanagarajan/Projects/small-projects/NewsImpact/venv/lib64/python3.10/site-packages/airflow/example_dags/example_branch_day_of_week_operator.py
[2025-07-04T12:30:01.968+0530] {processor.py:840} INFO - DAG(s) 'example_weekday_branch_operator' retrieved from /home/tejhanagarajan/Projects/small-projects/NewsImpact/venv/lib64/python3.10/site-packages/airflow/example_dags/example_branch_day_of_week_operator.py
[2025-07-04T12:30:01.977+0530] {logging_mixin.py:188} INFO - [2025-07-04T12:30:01.977+0530] {dag.py:3036} INFO - Sync 1 DAGs
[2025-07-04T12:30:01.986+0530] {logging_mixin.py:188} INFO - [2025-07-04T12:30:01.985+0530] {dag.py:3823} INFO - Setting next_dagrun for example_weekday_branch_operator to 2025-07-03 00:00:00+00:00, run_after=2025-07-04 00:00:00+00:00
[2025-07-04T12:30:02.003+0530] {processor.py:183} INFO - Processing /home/tejhanagarajan/Projects/small-projects/NewsImpact/venv/lib64/python3.10/site-packages/airflow/example_dags/example_branch_day_of_week_operator.py took 0.049 seconds
[2025-07-04T12:30:55.700+0530] {processor.py:161} INFO - Started process (PID=27179) to work on /home/tejhanagarajan/Projects/small-projects/NewsImpact/venv/lib64/python3.10/site-packages/airflow/example_dags/example_branch_day_of_week_operator.py
[2025-07-04T12:30:55.702+0530] {processor.py:830} INFO - Processing file /home/tejhanagarajan/Projects/small-projects/NewsImpact/venv/lib64/python3.10/site-packages/airflow/example_dags/example_branch_day_of_week_operator.py for tasks to queue
[2025-07-04T12:30:55.703+0530] {logging_mixin.py:188} INFO - [2025-07-04T12:30:55.702+0530] {dagbag.py:538} INFO - Filling up the DagBag from /home/tejhanagarajan/Projects/small-projects/NewsImpact/venv/lib64/python3.10/site-packages/airflow/example_dags/example_branch_day_of_week_operator.py
[2025-07-04T12:30:55.707+0530] {processor.py:840} INFO - DAG(s) 'example_weekday_branch_operator' retrieved from /home/tejhanagarajan/Projects/small-projects/NewsImpact/venv/lib64/python3.10/site-packages/airflow/example_dags/example_branch_day_of_week_operator.py
[2025-07-04T12:30:55.714+0530] {logging_mixin.py:188} INFO - [2025-07-04T12:30:55.714+0530] {dag.py:3036} INFO - Sync 1 DAGs
[2025-07-04T12:30:55.723+0530] {logging_mixin.py:188} INFO - [2025-07-04T12:30:55.723+0530] {dag.py:3823} INFO - Setting next_dagrun for example_weekday_branch_operator to 2025-07-03 00:00:00+00:00, run_after=2025-07-04 00:00:00+00:00
[2025-07-04T12:30:55.739+0530] {processor.py:183} INFO - Processing /home/tejhanagarajan/Projects/small-projects/NewsImpact/venv/lib64/python3.10/site-packages/airflow/example_dags/example_branch_day_of_week_operator.py took 0.040 seconds
[2025-07-04T12:33:36.495+0530] {processor.py:161} INFO - Started process (PID=30277) to work on /home/tejhanagarajan/Projects/small-projects/NewsImpact/venv/lib64/python3.10/site-packages/airflow/example_dags/example_branch_day_of_week_operator.py
[2025-07-04T12:33:36.498+0530] {processor.py:830} INFO - Processing file /home/tejhanagarajan/Projects/small-projects/NewsImpact/venv/lib64/python3.10/site-packages/airflow/example_dags/example_branch_day_of_week_operator.py for tasks to queue
[2025-07-04T12:33:36.498+0530] {logging_mixin.py:188} INFO - [2025-07-04T12:33:36.498+0530] {dagbag.py:538} INFO - Filling up the DagBag from /home/tejhanagarajan/Projects/small-projects/NewsImpact/venv/lib64/python3.10/site-packages/airflow/example_dags/example_branch_day_of_week_operator.py
[2025-07-04T12:33:36.503+0530] {processor.py:840} INFO - DAG(s) 'example_weekday_branch_operator' retrieved from /home/tejhanagarajan/Projects/small-projects/NewsImpact/venv/lib64/python3.10/site-packages/airflow/example_dags/example_branch_day_of_week_operator.py
[2025-07-04T12:33:36.511+0530] {logging_mixin.py:188} INFO - [2025-07-04T12:33:36.510+0530] {dag.py:3036} INFO - Sync 1 DAGs
[2025-07-04T12:33:36.519+0530] {logging_mixin.py:188} INFO - [2025-07-04T12:33:36.519+0530] {dag.py:3823} INFO - Setting next_dagrun for example_weekday_branch_operator to 2025-07-03 00:00:00+00:00, run_after=2025-07-04 00:00:00+00:00
[2025-07-04T12:33:36.536+0530] {processor.py:183} INFO - Processing /home/tejhanagarajan/Projects/small-projects/NewsImpact/venv/lib64/python3.10/site-packages/airflow/example_dags/example_branch_day_of_week_operator.py took 0.043 seconds
[2025-07-04T12:34:26.904+0530] {processor.py:161} INFO - Started process (PID=30917) to work on /home/tejhanagarajan/Projects/small-projects/NewsImpact/venv/lib64/python3.10/site-packages/airflow/example_dags/example_branch_day_of_week_operator.py
[2025-07-04T12:34:26.908+0530] {processor.py:830} INFO - Processing file /home/tejhanagarajan/Projects/small-projects/NewsImpact/venv/lib64/python3.10/site-packages/airflow/example_dags/example_branch_day_of_week_operator.py for tasks to queue
[2025-07-04T12:34:26.908+0530] {logging_mixin.py:188} INFO - [2025-07-04T12:34:26.908+0530] {dagbag.py:538} INFO - Filling up the DagBag from /home/tejhanagarajan/Projects/small-projects/NewsImpact/venv/lib64/python3.10/site-packages/airflow/example_dags/example_branch_day_of_week_operator.py
[2025-07-04T12:34:26.912+0530] {processor.py:840} INFO - DAG(s) 'example_weekday_branch_operator' retrieved from /home/tejhanagarajan/Projects/small-projects/NewsImpact/venv/lib64/python3.10/site-packages/airflow/example_dags/example_branch_day_of_week_operator.py
[2025-07-04T12:34:26.919+0530] {logging_mixin.py:188} INFO - [2025-07-04T12:34:26.919+0530] {dag.py:3036} INFO - Sync 1 DAGs
[2025-07-04T12:34:26.928+0530] {logging_mixin.py:188} INFO - [2025-07-04T12:34:26.928+0530] {dag.py:3823} INFO - Setting next_dagrun for example_weekday_branch_operator to 2025-07-03 00:00:00+00:00, run_after=2025-07-04 00:00:00+00:00
[2025-07-04T12:34:26.943+0530] {processor.py:183} INFO - Processing /home/tejhanagarajan/Projects/small-projects/NewsImpact/venv/lib64/python3.10/site-packages/airflow/example_dags/example_branch_day_of_week_operator.py took 0.042 seconds
[2025-07-04T12:35:21.289+0530] {processor.py:161} INFO - Started process (PID=31272) to work on /home/tejhanagarajan/Projects/small-projects/NewsImpact/venv/lib64/python3.10/site-packages/airflow/example_dags/example_branch_day_of_week_operator.py
[2025-07-04T12:35:21.291+0530] {processor.py:830} INFO - Processing file /home/tejhanagarajan/Projects/small-projects/NewsImpact/venv/lib64/python3.10/site-packages/airflow/example_dags/example_branch_day_of_week_operator.py for tasks to queue
[2025-07-04T12:35:21.292+0530] {logging_mixin.py:188} INFO - [2025-07-04T12:35:21.292+0530] {dagbag.py:538} INFO - Filling up the DagBag from /home/tejhanagarajan/Projects/small-projects/NewsImpact/venv/lib64/python3.10/site-packages/airflow/example_dags/example_branch_day_of_week_operator.py
[2025-07-04T12:35:21.297+0530] {processor.py:840} INFO - DAG(s) 'example_weekday_branch_operator' retrieved from /home/tejhanagarajan/Projects/small-projects/NewsImpact/venv/lib64/python3.10/site-packages/airflow/example_dags/example_branch_day_of_week_operator.py
[2025-07-04T12:35:21.305+0530] {logging_mixin.py:188} INFO - [2025-07-04T12:35:21.304+0530] {dag.py:3036} INFO - Sync 1 DAGs
[2025-07-04T12:35:21.313+0530] {logging_mixin.py:188} INFO - [2025-07-04T12:35:21.313+0530] {dag.py:3823} INFO - Setting next_dagrun for example_weekday_branch_operator to 2025-07-03 00:00:00+00:00, run_after=2025-07-04 00:00:00+00:00
[2025-07-04T12:35:21.331+0530] {processor.py:183} INFO - Processing /home/tejhanagarajan/Projects/small-projects/NewsImpact/venv/lib64/python3.10/site-packages/airflow/example_dags/example_branch_day_of_week_operator.py took 0.045 seconds
[2025-07-04T12:36:15.923+0530] {processor.py:161} INFO - Started process (PID=31771) to work on /home/tejhanagarajan/Projects/small-projects/NewsImpact/venv/lib64/python3.10/site-packages/airflow/example_dags/example_branch_day_of_week_operator.py
[2025-07-04T12:36:15.928+0530] {processor.py:830} INFO - Processing file /home/tejhanagarajan/Projects/small-projects/NewsImpact/venv/lib64/python3.10/site-packages/airflow/example_dags/example_branch_day_of_week_operator.py for tasks to queue
[2025-07-04T12:36:15.928+0530] {logging_mixin.py:188} INFO - [2025-07-04T12:36:15.928+0530] {dagbag.py:538} INFO - Filling up the DagBag from /home/tejhanagarajan/Projects/small-projects/NewsImpact/venv/lib64/python3.10/site-packages/airflow/example_dags/example_branch_day_of_week_operator.py
[2025-07-04T12:36:15.932+0530] {processor.py:840} INFO - DAG(s) 'example_weekday_branch_operator' retrieved from /home/tejhanagarajan/Projects/small-projects/NewsImpact/venv/lib64/python3.10/site-packages/airflow/example_dags/example_branch_day_of_week_operator.py
[2025-07-04T12:36:15.940+0530] {logging_mixin.py:188} INFO - [2025-07-04T12:36:15.940+0530] {dag.py:3036} INFO - Sync 1 DAGs
[2025-07-04T12:36:15.948+0530] {logging_mixin.py:188} INFO - [2025-07-04T12:36:15.948+0530] {dag.py:3823} INFO - Setting next_dagrun for example_weekday_branch_operator to 2025-07-03 00:00:00+00:00, run_after=2025-07-04 00:00:00+00:00
[2025-07-04T12:36:15.965+0530] {processor.py:183} INFO - Processing /home/tejhanagarajan/Projects/small-projects/NewsImpact/venv/lib64/python3.10/site-packages/airflow/example_dags/example_branch_day_of_week_operator.py took 0.043 seconds
[2025-07-04T12:37:08.881+0530] {processor.py:161} INFO - Started process (PID=32282) to work on /home/tejhanagarajan/Projects/small-projects/NewsImpact/venv/lib64/python3.10/site-packages/airflow/example_dags/example_branch_day_of_week_operator.py
[2025-07-04T12:37:08.882+0530] {processor.py:830} INFO - Processing file /home/tejhanagarajan/Projects/small-projects/NewsImpact/venv/lib64/python3.10/site-packages/airflow/example_dags/example_branch_day_of_week_operator.py for tasks to queue
[2025-07-04T12:37:08.883+0530] {logging_mixin.py:188} INFO - [2025-07-04T12:37:08.883+0530] {dagbag.py:538} INFO - Filling up the DagBag from /home/tejhanagarajan/Projects/small-projects/NewsImpact/venv/lib64/python3.10/site-packages/airflow/example_dags/example_branch_day_of_week_operator.py
[2025-07-04T12:37:08.888+0530] {processor.py:840} INFO - DAG(s) 'example_weekday_branch_operator' retrieved from /home/tejhanagarajan/Projects/small-projects/NewsImpact/venv/lib64/python3.10/site-packages/airflow/example_dags/example_branch_day_of_week_operator.py
[2025-07-04T12:37:08.896+0530] {logging_mixin.py:188} INFO - [2025-07-04T12:37:08.896+0530] {dag.py:3036} INFO - Sync 1 DAGs
[2025-07-04T12:37:08.906+0530] {logging_mixin.py:188} INFO - [2025-07-04T12:37:08.906+0530] {dag.py:3823} INFO - Setting next_dagrun for example_weekday_branch_operator to 2025-07-03 00:00:00+00:00, run_after=2025-07-04 00:00:00+00:00
[2025-07-04T12:37:08.922+0530] {processor.py:183} INFO - Processing /home/tejhanagarajan/Projects/small-projects/NewsImpact/venv/lib64/python3.10/site-packages/airflow/example_dags/example_branch_day_of_week_operator.py took 0.044 seconds
[2025-07-04T12:37:55.658+0530] {processor.py:161} INFO - Started process (PID=34506) to work on /home/tejhanagarajan/Projects/small-projects/NewsImpact/venv/lib64/python3.10/site-packages/airflow/example_dags/example_branch_day_of_week_operator.py
[2025-07-04T12:37:55.660+0530] {processor.py:830} INFO - Processing file /home/tejhanagarajan/Projects/small-projects/NewsImpact/venv/lib64/python3.10/site-packages/airflow/example_dags/example_branch_day_of_week_operator.py for tasks to queue
[2025-07-04T12:37:55.661+0530] {logging_mixin.py:188} INFO - [2025-07-04T12:37:55.661+0530] {dagbag.py:538} INFO - Filling up the DagBag from /home/tejhanagarajan/Projects/small-projects/NewsImpact/venv/lib64/python3.10/site-packages/airflow/example_dags/example_branch_day_of_week_operator.py
[2025-07-04T12:37:55.665+0530] {processor.py:840} INFO - DAG(s) 'example_weekday_branch_operator' retrieved from /home/tejhanagarajan/Projects/small-projects/NewsImpact/venv/lib64/python3.10/site-packages/airflow/example_dags/example_branch_day_of_week_operator.py
[2025-07-04T12:37:55.676+0530] {logging_mixin.py:188} INFO - [2025-07-04T12:37:55.675+0530] {dag.py:3036} INFO - Sync 1 DAGs
[2025-07-04T12:37:55.688+0530] {logging_mixin.py:188} INFO - [2025-07-04T12:37:55.687+0530] {dag.py:3823} INFO - Setting next_dagrun for example_weekday_branch_operator to 2025-07-03 00:00:00+00:00, run_after=2025-07-04 00:00:00+00:00
[2025-07-04T12:37:55.707+0530] {processor.py:183} INFO - Processing /home/tejhanagarajan/Projects/small-projects/NewsImpact/venv/lib64/python3.10/site-packages/airflow/example_dags/example_branch_day_of_week_operator.py took 0.051 seconds
[2025-07-04T12:38:38.660+0530] {processor.py:161} INFO - Started process (PID=35003) to work on /home/tejhanagarajan/Projects/small-projects/NewsImpact/venv/lib64/python3.10/site-packages/airflow/example_dags/example_branch_day_of_week_operator.py
[2025-07-04T12:38:38.662+0530] {processor.py:830} INFO - Processing file /home/tejhanagarajan/Projects/small-projects/NewsImpact/venv/lib64/python3.10/site-packages/airflow/example_dags/example_branch_day_of_week_operator.py for tasks to queue
[2025-07-04T12:38:38.662+0530] {logging_mixin.py:188} INFO - [2025-07-04T12:38:38.662+0530] {dagbag.py:538} INFO - Filling up the DagBag from /home/tejhanagarajan/Projects/small-projects/NewsImpact/venv/lib64/python3.10/site-packages/airflow/example_dags/example_branch_day_of_week_operator.py
[2025-07-04T12:38:38.666+0530] {processor.py:840} INFO - DAG(s) 'example_weekday_branch_operator' retrieved from /home/tejhanagarajan/Projects/small-projects/NewsImpact/venv/lib64/python3.10/site-packages/airflow/example_dags/example_branch_day_of_week_operator.py
[2025-07-04T12:38:38.675+0530] {logging_mixin.py:188} INFO - [2025-07-04T12:38:38.675+0530] {dag.py:3036} INFO - Sync 1 DAGs
[2025-07-04T12:38:38.684+0530] {logging_mixin.py:188} INFO - [2025-07-04T12:38:38.684+0530] {dag.py:3823} INFO - Setting next_dagrun for example_weekday_branch_operator to 2025-07-03 00:00:00+00:00, run_after=2025-07-04 00:00:00+00:00
[2025-07-04T12:38:38.701+0530] {processor.py:183} INFO - Processing /home/tejhanagarajan/Projects/small-projects/NewsImpact/venv/lib64/python3.10/site-packages/airflow/example_dags/example_branch_day_of_week_operator.py took 0.042 seconds
[2025-07-04T12:38:47.176+0530] {processor.py:161} INFO - Started process (PID=35089) to work on /home/tejhanagarajan/Projects/small-projects/NewsImpact/venv/lib64/python3.10/site-packages/airflow/example_dags/example_branch_day_of_week_operator.py
[2025-07-04T12:38:47.177+0530] {processor.py:830} INFO - Processing file /home/tejhanagarajan/Projects/small-projects/NewsImpact/venv/lib64/python3.10/site-packages/airflow/example_dags/example_branch_day_of_week_operator.py for tasks to queue
[2025-07-04T12:38:47.177+0530] {logging_mixin.py:188} INFO - [2025-07-04T12:38:47.177+0530] {dagbag.py:538} INFO - Filling up the DagBag from /home/tejhanagarajan/Projects/small-projects/NewsImpact/venv/lib64/python3.10/site-packages/airflow/example_dags/example_branch_day_of_week_operator.py
[2025-07-04T12:38:47.183+0530] {processor.py:840} INFO - DAG(s) 'example_weekday_branch_operator' retrieved from /home/tejhanagarajan/Projects/small-projects/NewsImpact/venv/lib64/python3.10/site-packages/airflow/example_dags/example_branch_day_of_week_operator.py
[2025-07-04T12:38:47.190+0530] {logging_mixin.py:188} INFO - [2025-07-04T12:38:47.190+0530] {dag.py:3036} INFO - Sync 1 DAGs
[2025-07-04T12:38:47.198+0530] {logging_mixin.py:188} INFO - [2025-07-04T12:38:47.198+0530] {dag.py:3823} INFO - Setting next_dagrun for example_weekday_branch_operator to 2025-07-03 00:00:00+00:00, run_after=2025-07-04 00:00:00+00:00
[2025-07-04T12:38:47.215+0530] {processor.py:183} INFO - Processing /home/tejhanagarajan/Projects/small-projects/NewsImpact/venv/lib64/python3.10/site-packages/airflow/example_dags/example_branch_day_of_week_operator.py took 0.041 seconds
[2025-07-04T12:39:30.146+0530] {processor.py:161} INFO - Started process (PID=35495) to work on /home/tejhanagarajan/Projects/small-projects/NewsImpact/venv/lib64/python3.10/site-packages/airflow/example_dags/example_branch_day_of_week_operator.py
[2025-07-04T12:39:30.147+0530] {processor.py:830} INFO - Processing file /home/tejhanagarajan/Projects/small-projects/NewsImpact/venv/lib64/python3.10/site-packages/airflow/example_dags/example_branch_day_of_week_operator.py for tasks to queue
[2025-07-04T12:39:30.148+0530] {logging_mixin.py:188} INFO - [2025-07-04T12:39:30.148+0530] {dagbag.py:538} INFO - Filling up the DagBag from /home/tejhanagarajan/Projects/small-projects/NewsImpact/venv/lib64/python3.10/site-packages/airflow/example_dags/example_branch_day_of_week_operator.py
[2025-07-04T12:39:30.152+0530] {processor.py:840} INFO - DAG(s) 'example_weekday_branch_operator' retrieved from /home/tejhanagarajan/Projects/small-projects/NewsImpact/venv/lib64/python3.10/site-packages/airflow/example_dags/example_branch_day_of_week_operator.py
[2025-07-04T12:39:30.160+0530] {logging_mixin.py:188} INFO - [2025-07-04T12:39:30.160+0530] {dag.py:3036} INFO - Sync 1 DAGs
[2025-07-04T12:39:30.169+0530] {logging_mixin.py:188} INFO - [2025-07-04T12:39:30.169+0530] {dag.py:3823} INFO - Setting next_dagrun for example_weekday_branch_operator to 2025-07-03 00:00:00+00:00, run_after=2025-07-04 00:00:00+00:00
[2025-07-04T12:39:30.187+0530] {processor.py:183} INFO - Processing /home/tejhanagarajan/Projects/small-projects/NewsImpact/venv/lib64/python3.10/site-packages/airflow/example_dags/example_branch_day_of_week_operator.py took 0.043 seconds
[2025-07-04T12:39:42.710+0530] {processor.py:161} INFO - Started process (PID=35589) to work on /home/tejhanagarajan/Projects/small-projects/NewsImpact/venv/lib64/python3.10/site-packages/airflow/example_dags/example_branch_day_of_week_operator.py
[2025-07-04T12:39:42.713+0530] {processor.py:830} INFO - Processing file /home/tejhanagarajan/Projects/small-projects/NewsImpact/venv/lib64/python3.10/site-packages/airflow/example_dags/example_branch_day_of_week_operator.py for tasks to queue
[2025-07-04T12:39:42.713+0530] {logging_mixin.py:188} INFO - [2025-07-04T12:39:42.713+0530] {dagbag.py:538} INFO - Filling up the DagBag from /home/tejhanagarajan/Projects/small-projects/NewsImpact/venv/lib64/python3.10/site-packages/airflow/example_dags/example_branch_day_of_week_operator.py
[2025-07-04T12:39:42.718+0530] {processor.py:840} INFO - DAG(s) 'example_weekday_branch_operator' retrieved from /home/tejhanagarajan/Projects/small-projects/NewsImpact/venv/lib64/python3.10/site-packages/airflow/example_dags/example_branch_day_of_week_operator.py
[2025-07-04T12:39:42.726+0530] {logging_mixin.py:188} INFO - [2025-07-04T12:39:42.726+0530] {dag.py:3036} INFO - Sync 1 DAGs
[2025-07-04T12:39:42.735+0530] {logging_mixin.py:188} INFO - [2025-07-04T12:39:42.735+0530] {dag.py:3823} INFO - Setting next_dagrun for example_weekday_branch_operator to 2025-07-03 00:00:00+00:00, run_after=2025-07-04 00:00:00+00:00
[2025-07-04T12:39:42.752+0530] {processor.py:183} INFO - Processing /home/tejhanagarajan/Projects/small-projects/NewsImpact/venv/lib64/python3.10/site-packages/airflow/example_dags/example_branch_day_of_week_operator.py took 0.045 seconds
[2025-07-04T12:42:39.534+0530] {processor.py:161} INFO - Started process (PID=38075) to work on /home/tejhanagarajan/Projects/small-projects/NewsImpact/venv/lib64/python3.10/site-packages/airflow/example_dags/example_branch_day_of_week_operator.py
[2025-07-04T12:42:39.537+0530] {processor.py:830} INFO - Processing file /home/tejhanagarajan/Projects/small-projects/NewsImpact/venv/lib64/python3.10/site-packages/airflow/example_dags/example_branch_day_of_week_operator.py for tasks to queue
[2025-07-04T12:42:39.538+0530] {logging_mixin.py:188} INFO - [2025-07-04T12:42:39.538+0530] {dagbag.py:538} INFO - Filling up the DagBag from /home/tejhanagarajan/Projects/small-projects/NewsImpact/venv/lib64/python3.10/site-packages/airflow/example_dags/example_branch_day_of_week_operator.py
[2025-07-04T12:42:39.544+0530] {processor.py:840} INFO - DAG(s) 'example_weekday_branch_operator' retrieved from /home/tejhanagarajan/Projects/small-projects/NewsImpact/venv/lib64/python3.10/site-packages/airflow/example_dags/example_branch_day_of_week_operator.py
[2025-07-04T12:42:39.553+0530] {logging_mixin.py:188} INFO - [2025-07-04T12:42:39.553+0530] {dag.py:3036} INFO - Sync 1 DAGs
[2025-07-04T12:42:39.562+0530] {logging_mixin.py:188} INFO - [2025-07-04T12:42:39.562+0530] {dag.py:3823} INFO - Setting next_dagrun for example_weekday_branch_operator to 2025-07-03 00:00:00+00:00, run_after=2025-07-04 00:00:00+00:00
[2025-07-04T12:42:39.577+0530] {processor.py:183} INFO - Processing /home/tejhanagarajan/Projects/small-projects/NewsImpact/venv/lib64/python3.10/site-packages/airflow/example_dags/example_branch_day_of_week_operator.py took 0.046 seconds
[2025-07-04T12:43:31.101+0530] {processor.py:161} INFO - Started process (PID=38500) to work on /home/tejhanagarajan/Projects/small-projects/NewsImpact/venv/lib64/python3.10/site-packages/airflow/example_dags/example_branch_day_of_week_operator.py
[2025-07-04T12:43:31.102+0530] {processor.py:830} INFO - Processing file /home/tejhanagarajan/Projects/small-projects/NewsImpact/venv/lib64/python3.10/site-packages/airflow/example_dags/example_branch_day_of_week_operator.py for tasks to queue
[2025-07-04T12:43:31.102+0530] {logging_mixin.py:188} INFO - [2025-07-04T12:43:31.102+0530] {dagbag.py:538} INFO - Filling up the DagBag from /home/tejhanagarajan/Projects/small-projects/NewsImpact/venv/lib64/python3.10/site-packages/airflow/example_dags/example_branch_day_of_week_operator.py
[2025-07-04T12:43:31.107+0530] {processor.py:840} INFO - DAG(s) 'example_weekday_branch_operator' retrieved from /home/tejhanagarajan/Projects/small-projects/NewsImpact/venv/lib64/python3.10/site-packages/airflow/example_dags/example_branch_day_of_week_operator.py
[2025-07-04T12:43:31.115+0530] {logging_mixin.py:188} INFO - [2025-07-04T12:43:31.115+0530] {dag.py:3036} INFO - Sync 1 DAGs
[2025-07-04T12:43:31.126+0530] {logging_mixin.py:188} INFO - [2025-07-04T12:43:31.126+0530] {dag.py:3823} INFO - Setting next_dagrun for example_weekday_branch_operator to 2025-07-03 00:00:00+00:00, run_after=2025-07-04 00:00:00+00:00
[2025-07-04T12:43:31.144+0530] {processor.py:183} INFO - Processing /home/tejhanagarajan/Projects/small-projects/NewsImpact/venv/lib64/python3.10/site-packages/airflow/example_dags/example_branch_day_of_week_operator.py took 0.045 seconds
[2025-07-04T12:44:24.333+0530] {processor.py:161} INFO - Started process (PID=38875) to work on /home/tejhanagarajan/Projects/small-projects/NewsImpact/venv/lib64/python3.10/site-packages/airflow/example_dags/example_branch_day_of_week_operator.py
[2025-07-04T12:44:24.335+0530] {processor.py:830} INFO - Processing file /home/tejhanagarajan/Projects/small-projects/NewsImpact/venv/lib64/python3.10/site-packages/airflow/example_dags/example_branch_day_of_week_operator.py for tasks to queue
[2025-07-04T12:44:24.336+0530] {logging_mixin.py:188} INFO - [2025-07-04T12:44:24.335+0530] {dagbag.py:538} INFO - Filling up the DagBag from /home/tejhanagarajan/Projects/small-projects/NewsImpact/venv/lib64/python3.10/site-packages/airflow/example_dags/example_branch_day_of_week_operator.py
[2025-07-04T12:44:24.341+0530] {processor.py:840} INFO - DAG(s) 'example_weekday_branch_operator' retrieved from /home/tejhanagarajan/Projects/small-projects/NewsImpact/venv/lib64/python3.10/site-packages/airflow/example_dags/example_branch_day_of_week_operator.py
[2025-07-04T12:44:24.349+0530] {logging_mixin.py:188} INFO - [2025-07-04T12:44:24.349+0530] {dag.py:3036} INFO - Sync 1 DAGs
[2025-07-04T12:44:24.359+0530] {logging_mixin.py:188} INFO - [2025-07-04T12:44:24.359+0530] {dag.py:3823} INFO - Setting next_dagrun for example_weekday_branch_operator to 2025-07-03 00:00:00+00:00, run_after=2025-07-04 00:00:00+00:00
[2025-07-04T12:44:24.376+0530] {processor.py:183} INFO - Processing /home/tejhanagarajan/Projects/small-projects/NewsImpact/venv/lib64/python3.10/site-packages/airflow/example_dags/example_branch_day_of_week_operator.py took 0.046 seconds
[2025-07-04T12:45:18.021+0530] {processor.py:161} INFO - Started process (PID=39282) to work on /home/tejhanagarajan/Projects/small-projects/NewsImpact/venv/lib64/python3.10/site-packages/airflow/example_dags/example_branch_day_of_week_operator.py
[2025-07-04T12:45:18.024+0530] {processor.py:830} INFO - Processing file /home/tejhanagarajan/Projects/small-projects/NewsImpact/venv/lib64/python3.10/site-packages/airflow/example_dags/example_branch_day_of_week_operator.py for tasks to queue
[2025-07-04T12:45:18.025+0530] {logging_mixin.py:188} INFO - [2025-07-04T12:45:18.024+0530] {dagbag.py:538} INFO - Filling up the DagBag from /home/tejhanagarajan/Projects/small-projects/NewsImpact/venv/lib64/python3.10/site-packages/airflow/example_dags/example_branch_day_of_week_operator.py
[2025-07-04T12:45:18.030+0530] {processor.py:840} INFO - DAG(s) 'example_weekday_branch_operator' retrieved from /home/tejhanagarajan/Projects/small-projects/NewsImpact/venv/lib64/python3.10/site-packages/airflow/example_dags/example_branch_day_of_week_operator.py
[2025-07-04T12:45:18.038+0530] {logging_mixin.py:188} INFO - [2025-07-04T12:45:18.038+0530] {dag.py:3036} INFO - Sync 1 DAGs
[2025-07-04T12:45:18.046+0530] {logging_mixin.py:188} INFO - [2025-07-04T12:45:18.046+0530] {dag.py:3823} INFO - Setting next_dagrun for example_weekday_branch_operator to 2025-07-03 00:00:00+00:00, run_after=2025-07-04 00:00:00+00:00
[2025-07-04T12:45:18.063+0530] {processor.py:183} INFO - Processing /home/tejhanagarajan/Projects/small-projects/NewsImpact/venv/lib64/python3.10/site-packages/airflow/example_dags/example_branch_day_of_week_operator.py took 0.045 seconds
[2025-07-04T12:46:12.189+0530] {processor.py:161} INFO - Started process (PID=39652) to work on /home/tejhanagarajan/Projects/small-projects/NewsImpact/venv/lib64/python3.10/site-packages/airflow/example_dags/example_branch_day_of_week_operator.py
[2025-07-04T12:46:12.192+0530] {processor.py:830} INFO - Processing file /home/tejhanagarajan/Projects/small-projects/NewsImpact/venv/lib64/python3.10/site-packages/airflow/example_dags/example_branch_day_of_week_operator.py for tasks to queue
[2025-07-04T12:46:12.193+0530] {logging_mixin.py:188} INFO - [2025-07-04T12:46:12.192+0530] {dagbag.py:538} INFO - Filling up the DagBag from /home/tejhanagarajan/Projects/small-projects/NewsImpact/venv/lib64/python3.10/site-packages/airflow/example_dags/example_branch_day_of_week_operator.py
[2025-07-04T12:46:12.196+0530] {processor.py:840} INFO - DAG(s) 'example_weekday_branch_operator' retrieved from /home/tejhanagarajan/Projects/small-projects/NewsImpact/venv/lib64/python3.10/site-packages/airflow/example_dags/example_branch_day_of_week_operator.py
[2025-07-04T12:46:12.203+0530] {logging_mixin.py:188} INFO - [2025-07-04T12:46:12.203+0530] {dag.py:3036} INFO - Sync 1 DAGs
[2025-07-04T12:46:12.212+0530] {logging_mixin.py:188} INFO - [2025-07-04T12:46:12.211+0530] {dag.py:3823} INFO - Setting next_dagrun for example_weekday_branch_operator to 2025-07-03 00:00:00+00:00, run_after=2025-07-04 00:00:00+00:00
[2025-07-04T12:46:12.230+0530] {processor.py:183} INFO - Processing /home/tejhanagarajan/Projects/small-projects/NewsImpact/venv/lib64/python3.10/site-packages/airflow/example_dags/example_branch_day_of_week_operator.py took 0.043 seconds
[2025-07-04T12:47:03.951+0530] {processor.py:161} INFO - Started process (PID=40056) to work on /home/tejhanagarajan/Projects/small-projects/NewsImpact/venv/lib64/python3.10/site-packages/airflow/example_dags/example_branch_day_of_week_operator.py
[2025-07-04T12:47:03.953+0530] {processor.py:830} INFO - Processing file /home/tejhanagarajan/Projects/small-projects/NewsImpact/venv/lib64/python3.10/site-packages/airflow/example_dags/example_branch_day_of_week_operator.py for tasks to queue
[2025-07-04T12:47:03.954+0530] {logging_mixin.py:188} INFO - [2025-07-04T12:47:03.954+0530] {dagbag.py:538} INFO - Filling up the DagBag from /home/tejhanagarajan/Projects/small-projects/NewsImpact/venv/lib64/python3.10/site-packages/airflow/example_dags/example_branch_day_of_week_operator.py
[2025-07-04T12:47:03.960+0530] {processor.py:840} INFO - DAG(s) 'example_weekday_branch_operator' retrieved from /home/tejhanagarajan/Projects/small-projects/NewsImpact/venv/lib64/python3.10/site-packages/airflow/example_dags/example_branch_day_of_week_operator.py
[2025-07-04T12:47:03.968+0530] {logging_mixin.py:188} INFO - [2025-07-04T12:47:03.968+0530] {dag.py:3036} INFO - Sync 1 DAGs
[2025-07-04T12:47:03.978+0530] {logging_mixin.py:188} INFO - [2025-07-04T12:47:03.978+0530] {dag.py:3823} INFO - Setting next_dagrun for example_weekday_branch_operator to 2025-07-03 00:00:00+00:00, run_after=2025-07-04 00:00:00+00:00
[2025-07-04T12:47:03.995+0530] {processor.py:183} INFO - Processing /home/tejhanagarajan/Projects/small-projects/NewsImpact/venv/lib64/python3.10/site-packages/airflow/example_dags/example_branch_day_of_week_operator.py took 0.047 seconds
[2025-07-04T12:47:55.778+0530] {processor.py:161} INFO - Started process (PID=40430) to work on /home/tejhanagarajan/Projects/small-projects/NewsImpact/venv/lib64/python3.10/site-packages/airflow/example_dags/example_branch_day_of_week_operator.py
[2025-07-04T12:47:55.781+0530] {processor.py:830} INFO - Processing file /home/tejhanagarajan/Projects/small-projects/NewsImpact/venv/lib64/python3.10/site-packages/airflow/example_dags/example_branch_day_of_week_operator.py for tasks to queue
[2025-07-04T12:47:55.783+0530] {logging_mixin.py:188} INFO - [2025-07-04T12:47:55.782+0530] {dagbag.py:538} INFO - Filling up the DagBag from /home/tejhanagarajan/Projects/small-projects/NewsImpact/venv/lib64/python3.10/site-packages/airflow/example_dags/example_branch_day_of_week_operator.py
[2025-07-04T12:47:55.791+0530] {processor.py:840} INFO - DAG(s) 'example_weekday_branch_operator' retrieved from /home/tejhanagarajan/Projects/small-projects/NewsImpact/venv/lib64/python3.10/site-packages/airflow/example_dags/example_branch_day_of_week_operator.py
[2025-07-04T12:47:55.798+0530] {logging_mixin.py:188} INFO - [2025-07-04T12:47:55.798+0530] {dag.py:3036} INFO - Sync 1 DAGs
[2025-07-04T12:47:55.807+0530] {logging_mixin.py:188} INFO - [2025-07-04T12:47:55.807+0530] {dag.py:3823} INFO - Setting next_dagrun for example_weekday_branch_operator to 2025-07-03 00:00:00+00:00, run_after=2025-07-04 00:00:00+00:00
[2025-07-04T12:47:55.823+0530] {processor.py:183} INFO - Processing /home/tejhanagarajan/Projects/small-projects/NewsImpact/venv/lib64/python3.10/site-packages/airflow/example_dags/example_branch_day_of_week_operator.py took 0.047 seconds
