[2025-07-04T12:26:52.907+0530] {processor.py:161} INFO - Started process (PID=25291) to work on /home/tejhanagarajan/Projects/small-projects/NewsImpact/venv/lib64/python3.10/site-packages/airflow/example_dags/example_python_decorator.py
[2025-07-04T12:26:52.907+0530] {processor.py:830} INFO - Processing file /home/tejhanagarajan/Projects/small-projects/NewsImpact/venv/lib64/python3.10/site-packages/airflow/example_dags/example_python_decorator.py for tasks to queue
[2025-07-04T12:26:52.908+0530] {logging_mixin.py:188} INFO - [2025-07-04T12:26:52.907+0530] {dagbag.py:538} INFO - Filling up the DagBag from /home/tejhanagarajan/Projects/small-projects/NewsImpact/venv/lib64/python3.10/site-packages/airflow/example_dags/example_python_decorator.py
[2025-07-04T12:26:52.913+0530] {processor.py:840} INFO - DAG(s) 'example_python_decorator' retrieved from /home/tejhanagarajan/Projects/small-projects/NewsImpact/venv/lib64/python3.10/site-packages/airflow/example_dags/example_python_decorator.py
[2025-07-04T12:26:53.054+0530] {logging_mixin.py:188} INFO - [2025-07-04T12:26:53.053+0530] {override.py:1769} INFO - Created Permission View: can read on DAG:example_python_decorator
[2025-07-04T12:26:53.084+0530] {logging_mixin.py:188} INFO - [2025-07-04T12:26:53.083+0530] {override.py:1769} INFO - Created Permission View: can edit on DAG:example_python_decorator
[2025-07-04T12:26:53.105+0530] {logging_mixin.py:188} INFO - [2025-07-04T12:26:53.105+0530] {override.py:1769} INFO - Created Permission View: can delete on DAG:example_python_decorator
[2025-07-04T12:26:53.106+0530] {logging_mixin.py:188} INFO - [2025-07-04T12:26:53.106+0530] {dag.py:3036} INFO - Sync 1 DAGs
[2025-07-04T12:26:53.121+0530] {logging_mixin.py:188} INFO - [2025-07-04T12:26:53.121+0530] {dag.py:3058} INFO - Creating ORM DAG for example_python_decorator
[2025-07-04T12:26:53.121+0530] {logging_mixin.py:188} INFO - [2025-07-04T12:26:53.121+0530] {dag.py:3823} INFO - Setting next_dagrun for example_python_decorator to None, run_after=None
[2025-07-04T12:26:53.159+0530] {processor.py:183} INFO - Processing /home/tejhanagarajan/Projects/small-projects/NewsImpact/venv/lib64/python3.10/site-packages/airflow/example_dags/example_python_decorator.py took 0.254 seconds
[2025-07-04T12:27:41.835+0530] {processor.py:161} INFO - Started process (PID=25654) to work on /home/tejhanagarajan/Projects/small-projects/NewsImpact/venv/lib64/python3.10/site-packages/airflow/example_dags/example_python_decorator.py
[2025-07-04T12:27:41.836+0530] {processor.py:830} INFO - Processing file /home/tejhanagarajan/Projects/small-projects/NewsImpact/venv/lib64/python3.10/site-packages/airflow/example_dags/example_python_decorator.py for tasks to queue
[2025-07-04T12:27:41.837+0530] {logging_mixin.py:188} INFO - [2025-07-04T12:27:41.836+0530] {dagbag.py:538} INFO - Filling up the DagBag from /home/tejhanagarajan/Projects/small-projects/NewsImpact/venv/lib64/python3.10/site-packages/airflow/example_dags/example_python_decorator.py
[2025-07-04T12:27:41.845+0530] {processor.py:840} INFO - DAG(s) 'example_python_decorator' retrieved from /home/tejhanagarajan/Projects/small-projects/NewsImpact/venv/lib64/python3.10/site-packages/airflow/example_dags/example_python_decorator.py
[2025-07-04T12:27:41.853+0530] {logging_mixin.py:188} INFO - [2025-07-04T12:27:41.853+0530] {dag.py:3036} INFO - Sync 1 DAGs
[2025-07-04T12:27:41.857+0530] {logging_mixin.py:188} INFO - [2025-07-04T12:27:41.857+0530] {dag.py:3823} INFO - Setting next_dagrun for example_python_decorator to None, run_after=None
[2025-07-04T12:27:41.876+0530] {processor.py:183} INFO - Processing /home/tejhanagarajan/Projects/small-projects/NewsImpact/venv/lib64/python3.10/site-packages/airflow/example_dags/example_python_decorator.py took 0.043 seconds
[2025-07-04T12:28:30.690+0530] {processor.py:161} INFO - Started process (PID=26069) to work on /home/tejhanagarajan/Projects/small-projects/NewsImpact/venv/lib64/python3.10/site-packages/airflow/example_dags/example_python_decorator.py
[2025-07-04T12:28:30.691+0530] {processor.py:830} INFO - Processing file /home/tejhanagarajan/Projects/small-projects/NewsImpact/venv/lib64/python3.10/site-packages/airflow/example_dags/example_python_decorator.py for tasks to queue
[2025-07-04T12:28:30.691+0530] {logging_mixin.py:188} INFO - [2025-07-04T12:28:30.691+0530] {dagbag.py:538} INFO - Filling up the DagBag from /home/tejhanagarajan/Projects/small-projects/NewsImpact/venv/lib64/python3.10/site-packages/airflow/example_dags/example_python_decorator.py
[2025-07-04T12:28:30.699+0530] {processor.py:840} INFO - DAG(s) 'example_python_decorator' retrieved from /home/tejhanagarajan/Projects/small-projects/NewsImpact/venv/lib64/python3.10/site-packages/airflow/example_dags/example_python_decorator.py
[2025-07-04T12:28:30.706+0530] {logging_mixin.py:188} INFO - [2025-07-04T12:28:30.706+0530] {dag.py:3036} INFO - Sync 1 DAGs
[2025-07-04T12:28:30.710+0530] {logging_mixin.py:188} INFO - [2025-07-04T12:28:30.710+0530] {dag.py:3823} INFO - Setting next_dagrun for example_python_decorator to None, run_after=None
[2025-07-04T12:28:30.728+0530] {processor.py:183} INFO - Processing /home/tejhanagarajan/Projects/small-projects/NewsImpact/venv/lib64/python3.10/site-packages/airflow/example_dags/example_python_decorator.py took 0.040 seconds
[2025-07-04T12:29:27.614+0530] {processor.py:161} INFO - Started process (PID=26559) to work on /home/tejhanagarajan/Projects/small-projects/NewsImpact/venv/lib64/python3.10/site-packages/airflow/example_dags/example_python_decorator.py
[2025-07-04T12:29:27.615+0530] {processor.py:830} INFO - Processing file /home/tejhanagarajan/Projects/small-projects/NewsImpact/venv/lib64/python3.10/site-packages/airflow/example_dags/example_python_decorator.py for tasks to queue
[2025-07-04T12:29:27.616+0530] {logging_mixin.py:188} INFO - [2025-07-04T12:29:27.616+0530] {dagbag.py:538} INFO - Filling up the DagBag from /home/tejhanagarajan/Projects/small-projects/NewsImpact/venv/lib64/python3.10/site-packages/airflow/example_dags/example_python_decorator.py
[2025-07-04T12:29:27.622+0530] {processor.py:840} INFO - DAG(s) 'example_python_decorator' retrieved from /home/tejhanagarajan/Projects/small-projects/NewsImpact/venv/lib64/python3.10/site-packages/airflow/example_dags/example_python_decorator.py
[2025-07-04T12:29:27.631+0530] {logging_mixin.py:188} INFO - [2025-07-04T12:29:27.630+0530] {dag.py:3036} INFO - Sync 1 DAGs
[2025-07-04T12:29:27.635+0530] {logging_mixin.py:188} INFO - [2025-07-04T12:29:27.635+0530] {dag.py:3823} INFO - Setting next_dagrun for example_python_decorator to None, run_after=None
[2025-07-04T12:29:27.654+0530] {processor.py:183} INFO - Processing /home/tejhanagarajan/Projects/small-projects/NewsImpact/venv/lib64/python3.10/site-packages/airflow/example_dags/example_python_decorator.py took 0.041 seconds
[2025-07-04T12:30:18.225+0530] {processor.py:161} INFO - Started process (PID=26915) to work on /home/tejhanagarajan/Projects/small-projects/NewsImpact/venv/lib64/python3.10/site-packages/airflow/example_dags/example_python_decorator.py
[2025-07-04T12:30:18.228+0530] {processor.py:830} INFO - Processing file /home/tejhanagarajan/Projects/small-projects/NewsImpact/venv/lib64/python3.10/site-packages/airflow/example_dags/example_python_decorator.py for tasks to queue
[2025-07-04T12:30:18.228+0530] {logging_mixin.py:188} INFO - [2025-07-04T12:30:18.228+0530] {dagbag.py:538} INFO - Filling up the DagBag from /home/tejhanagarajan/Projects/small-projects/NewsImpact/venv/lib64/python3.10/site-packages/airflow/example_dags/example_python_decorator.py
[2025-07-04T12:30:18.234+0530] {processor.py:840} INFO - DAG(s) 'example_python_decorator' retrieved from /home/tejhanagarajan/Projects/small-projects/NewsImpact/venv/lib64/python3.10/site-packages/airflow/example_dags/example_python_decorator.py
[2025-07-04T12:30:18.241+0530] {logging_mixin.py:188} INFO - [2025-07-04T12:30:18.241+0530] {dag.py:3036} INFO - Sync 1 DAGs
[2025-07-04T12:30:18.246+0530] {logging_mixin.py:188} INFO - [2025-07-04T12:30:18.246+0530] {dag.py:3823} INFO - Setting next_dagrun for example_python_decorator to None, run_after=None
[2025-07-04T12:30:18.264+0530] {processor.py:183} INFO - Processing /home/tejhanagarajan/Projects/small-projects/NewsImpact/venv/lib64/python3.10/site-packages/airflow/example_dags/example_python_decorator.py took 0.041 seconds
[2025-07-04T12:33:17.661+0530] {processor.py:161} INFO - Started process (PID=30139) to work on /home/tejhanagarajan/Projects/small-projects/NewsImpact/venv/lib64/python3.10/site-packages/airflow/example_dags/example_python_decorator.py
[2025-07-04T12:33:17.663+0530] {processor.py:830} INFO - Processing file /home/tejhanagarajan/Projects/small-projects/NewsImpact/venv/lib64/python3.10/site-packages/airflow/example_dags/example_python_decorator.py for tasks to queue
[2025-07-04T12:33:17.664+0530] {logging_mixin.py:188} INFO - [2025-07-04T12:33:17.664+0530] {dagbag.py:538} INFO - Filling up the DagBag from /home/tejhanagarajan/Projects/small-projects/NewsImpact/venv/lib64/python3.10/site-packages/airflow/example_dags/example_python_decorator.py
[2025-07-04T12:33:17.671+0530] {processor.py:840} INFO - DAG(s) 'example_python_decorator' retrieved from /home/tejhanagarajan/Projects/small-projects/NewsImpact/venv/lib64/python3.10/site-packages/airflow/example_dags/example_python_decorator.py
[2025-07-04T12:33:17.710+0530] {logging_mixin.py:188} INFO - [2025-07-04T12:33:17.710+0530] {dag.py:3036} INFO - Sync 1 DAGs
[2025-07-04T12:33:17.714+0530] {logging_mixin.py:188} INFO - [2025-07-04T12:33:17.713+0530] {dag.py:3823} INFO - Setting next_dagrun for example_python_decorator to None, run_after=None
[2025-07-04T12:33:17.729+0530] {processor.py:183} INFO - Processing /home/tejhanagarajan/Projects/small-projects/NewsImpact/venv/lib64/python3.10/site-packages/airflow/example_dags/example_python_decorator.py took 0.071 seconds
[2025-07-04T12:34:05.169+0530] {processor.py:161} INFO - Started process (PID=30491) to work on /home/tejhanagarajan/Projects/small-projects/NewsImpact/venv/lib64/python3.10/site-packages/airflow/example_dags/example_python_decorator.py
[2025-07-04T12:34:05.171+0530] {processor.py:830} INFO - Processing file /home/tejhanagarajan/Projects/small-projects/NewsImpact/venv/lib64/python3.10/site-packages/airflow/example_dags/example_python_decorator.py for tasks to queue
[2025-07-04T12:34:05.171+0530] {logging_mixin.py:188} INFO - [2025-07-04T12:34:05.171+0530] {dagbag.py:538} INFO - Filling up the DagBag from /home/tejhanagarajan/Projects/small-projects/NewsImpact/venv/lib64/python3.10/site-packages/airflow/example_dags/example_python_decorator.py
[2025-07-04T12:34:05.177+0530] {processor.py:840} INFO - DAG(s) 'example_python_decorator' retrieved from /home/tejhanagarajan/Projects/small-projects/NewsImpact/venv/lib64/python3.10/site-packages/airflow/example_dags/example_python_decorator.py
[2025-07-04T12:34:05.185+0530] {logging_mixin.py:188} INFO - [2025-07-04T12:34:05.184+0530] {dag.py:3036} INFO - Sync 1 DAGs
[2025-07-04T12:34:05.189+0530] {logging_mixin.py:188} INFO - [2025-07-04T12:34:05.189+0530] {dag.py:3823} INFO - Setting next_dagrun for example_python_decorator to None, run_after=None
[2025-07-04T12:34:05.205+0530] {processor.py:183} INFO - Processing /home/tejhanagarajan/Projects/small-projects/NewsImpact/venv/lib64/python3.10/site-packages/airflow/example_dags/example_python_decorator.py took 0.037 seconds
[2025-07-04T12:34:55.538+0530] {processor.py:161} INFO - Started process (PID=31117) to work on /home/tejhanagarajan/Projects/small-projects/NewsImpact/venv/lib64/python3.10/site-packages/airflow/example_dags/example_python_decorator.py
[2025-07-04T12:34:55.541+0530] {processor.py:830} INFO - Processing file /home/tejhanagarajan/Projects/small-projects/NewsImpact/venv/lib64/python3.10/site-packages/airflow/example_dags/example_python_decorator.py for tasks to queue
[2025-07-04T12:34:55.541+0530] {logging_mixin.py:188} INFO - [2025-07-04T12:34:55.541+0530] {dagbag.py:538} INFO - Filling up the DagBag from /home/tejhanagarajan/Projects/small-projects/NewsImpact/venv/lib64/python3.10/site-packages/airflow/example_dags/example_python_decorator.py
[2025-07-04T12:34:55.549+0530] {processor.py:840} INFO - DAG(s) 'example_python_decorator' retrieved from /home/tejhanagarajan/Projects/small-projects/NewsImpact/venv/lib64/python3.10/site-packages/airflow/example_dags/example_python_decorator.py
[2025-07-04T12:34:55.556+0530] {logging_mixin.py:188} INFO - [2025-07-04T12:34:55.556+0530] {dag.py:3036} INFO - Sync 1 DAGs
[2025-07-04T12:34:55.561+0530] {logging_mixin.py:188} INFO - [2025-07-04T12:34:55.561+0530] {dag.py:3823} INFO - Setting next_dagrun for example_python_decorator to None, run_after=None
[2025-07-04T12:34:55.578+0530] {processor.py:183} INFO - Processing /home/tejhanagarajan/Projects/small-projects/NewsImpact/venv/lib64/python3.10/site-packages/airflow/example_dags/example_python_decorator.py took 0.042 seconds
[2025-07-04T12:35:50.331+0530] {processor.py:161} INFO - Started process (PID=31573) to work on /home/tejhanagarajan/Projects/small-projects/NewsImpact/venv/lib64/python3.10/site-packages/airflow/example_dags/example_python_decorator.py
[2025-07-04T12:35:50.331+0530] {processor.py:830} INFO - Processing file /home/tejhanagarajan/Projects/small-projects/NewsImpact/venv/lib64/python3.10/site-packages/airflow/example_dags/example_python_decorator.py for tasks to queue
[2025-07-04T12:35:50.332+0530] {logging_mixin.py:188} INFO - [2025-07-04T12:35:50.332+0530] {dagbag.py:538} INFO - Filling up the DagBag from /home/tejhanagarajan/Projects/small-projects/NewsImpact/venv/lib64/python3.10/site-packages/airflow/example_dags/example_python_decorator.py
[2025-07-04T12:35:50.339+0530] {processor.py:840} INFO - DAG(s) 'example_python_decorator' retrieved from /home/tejhanagarajan/Projects/small-projects/NewsImpact/venv/lib64/python3.10/site-packages/airflow/example_dags/example_python_decorator.py
[2025-07-04T12:35:50.347+0530] {logging_mixin.py:188} INFO - [2025-07-04T12:35:50.347+0530] {dag.py:3036} INFO - Sync 1 DAGs
[2025-07-04T12:35:50.353+0530] {logging_mixin.py:188} INFO - [2025-07-04T12:35:50.353+0530] {dag.py:3823} INFO - Setting next_dagrun for example_python_decorator to None, run_after=None
[2025-07-04T12:35:50.370+0530] {processor.py:183} INFO - Processing /home/tejhanagarajan/Projects/small-projects/NewsImpact/venv/lib64/python3.10/site-packages/airflow/example_dags/example_python_decorator.py took 0.041 seconds
[2025-07-04T12:36:46.355+0530] {processor.py:161} INFO - Started process (PID=32136) to work on /home/tejhanagarajan/Projects/small-projects/NewsImpact/venv/lib64/python3.10/site-packages/airflow/example_dags/example_python_decorator.py
[2025-07-04T12:36:46.357+0530] {processor.py:830} INFO - Processing file /home/tejhanagarajan/Projects/small-projects/NewsImpact/venv/lib64/python3.10/site-packages/airflow/example_dags/example_python_decorator.py for tasks to queue
[2025-07-04T12:36:46.358+0530] {logging_mixin.py:188} INFO - [2025-07-04T12:36:46.358+0530] {dagbag.py:538} INFO - Filling up the DagBag from /home/tejhanagarajan/Projects/small-projects/NewsImpact/venv/lib64/python3.10/site-packages/airflow/example_dags/example_python_decorator.py
[2025-07-04T12:36:46.365+0530] {processor.py:840} INFO - DAG(s) 'example_python_decorator' retrieved from /home/tejhanagarajan/Projects/small-projects/NewsImpact/venv/lib64/python3.10/site-packages/airflow/example_dags/example_python_decorator.py
[2025-07-04T12:36:46.373+0530] {logging_mixin.py:188} INFO - [2025-07-04T12:36:46.373+0530] {dag.py:3036} INFO - Sync 1 DAGs
[2025-07-04T12:36:46.378+0530] {logging_mixin.py:188} INFO - [2025-07-04T12:36:46.378+0530] {dag.py:3823} INFO - Setting next_dagrun for example_python_decorator to None, run_after=None
[2025-07-04T12:36:46.394+0530] {processor.py:183} INFO - Processing /home/tejhanagarajan/Projects/small-projects/NewsImpact/venv/lib64/python3.10/site-packages/airflow/example_dags/example_python_decorator.py took 0.040 seconds
[2025-07-04T12:37:30.957+0530] {processor.py:161} INFO - Started process (PID=32706) to work on /home/tejhanagarajan/Projects/small-projects/NewsImpact/venv/lib64/python3.10/site-packages/airflow/example_dags/example_python_decorator.py
[2025-07-04T12:37:30.960+0530] {processor.py:830} INFO - Processing file /home/tejhanagarajan/Projects/small-projects/NewsImpact/venv/lib64/python3.10/site-packages/airflow/example_dags/example_python_decorator.py for tasks to queue
[2025-07-04T12:37:30.960+0530] {logging_mixin.py:188} INFO - [2025-07-04T12:37:30.960+0530] {dagbag.py:538} INFO - Filling up the DagBag from /home/tejhanagarajan/Projects/small-projects/NewsImpact/venv/lib64/python3.10/site-packages/airflow/example_dags/example_python_decorator.py
[2025-07-04T12:37:30.970+0530] {processor.py:840} INFO - DAG(s) 'example_python_decorator' retrieved from /home/tejhanagarajan/Projects/small-projects/NewsImpact/venv/lib64/python3.10/site-packages/airflow/example_dags/example_python_decorator.py
[2025-07-04T12:37:30.978+0530] {logging_mixin.py:188} INFO - [2025-07-04T12:37:30.978+0530] {dag.py:3036} INFO - Sync 1 DAGs
[2025-07-04T12:37:30.983+0530] {logging_mixin.py:188} INFO - [2025-07-04T12:37:30.983+0530] {dag.py:3823} INFO - Setting next_dagrun for example_python_decorator to None, run_after=None
[2025-07-04T12:37:30.999+0530] {processor.py:183} INFO - Processing /home/tejhanagarajan/Projects/small-projects/NewsImpact/venv/lib64/python3.10/site-packages/airflow/example_dags/example_python_decorator.py took 0.044 seconds
[2025-07-04T12:38:19.731+0530] {processor.py:161} INFO - Started process (PID=34843) to work on /home/tejhanagarajan/Projects/small-projects/NewsImpact/venv/lib64/python3.10/site-packages/airflow/example_dags/example_python_decorator.py
[2025-07-04T12:38:19.733+0530] {processor.py:830} INFO - Processing file /home/tejhanagarajan/Projects/small-projects/NewsImpact/venv/lib64/python3.10/site-packages/airflow/example_dags/example_python_decorator.py for tasks to queue
[2025-07-04T12:38:19.734+0530] {logging_mixin.py:188} INFO - [2025-07-04T12:38:19.733+0530] {dagbag.py:538} INFO - Filling up the DagBag from /home/tejhanagarajan/Projects/small-projects/NewsImpact/venv/lib64/python3.10/site-packages/airflow/example_dags/example_python_decorator.py
[2025-07-04T12:38:19.739+0530] {processor.py:840} INFO - DAG(s) 'example_python_decorator' retrieved from /home/tejhanagarajan/Projects/small-projects/NewsImpact/venv/lib64/python3.10/site-packages/airflow/example_dags/example_python_decorator.py
[2025-07-04T12:38:19.780+0530] {logging_mixin.py:188} INFO - [2025-07-04T12:38:19.780+0530] {dag.py:3036} INFO - Sync 1 DAGs
[2025-07-04T12:38:19.784+0530] {logging_mixin.py:188} INFO - [2025-07-04T12:38:19.784+0530] {dag.py:3823} INFO - Setting next_dagrun for example_python_decorator to None, run_after=None
[2025-07-04T12:38:19.801+0530] {processor.py:183} INFO - Processing /home/tejhanagarajan/Projects/small-projects/NewsImpact/venv/lib64/python3.10/site-packages/airflow/example_dags/example_python_decorator.py took 0.072 seconds
[2025-07-04T12:38:21.421+0530] {processor.py:161} INFO - Started process (PID=34857) to work on /home/tejhanagarajan/Projects/small-projects/NewsImpact/venv/lib64/python3.10/site-packages/airflow/example_dags/example_python_decorator.py
[2025-07-04T12:38:21.422+0530] {processor.py:830} INFO - Processing file /home/tejhanagarajan/Projects/small-projects/NewsImpact/venv/lib64/python3.10/site-packages/airflow/example_dags/example_python_decorator.py for tasks to queue
[2025-07-04T12:38:21.422+0530] {logging_mixin.py:188} INFO - [2025-07-04T12:38:21.422+0530] {dagbag.py:538} INFO - Filling up the DagBag from /home/tejhanagarajan/Projects/small-projects/NewsImpact/venv/lib64/python3.10/site-packages/airflow/example_dags/example_python_decorator.py
[2025-07-04T12:38:21.430+0530] {processor.py:840} INFO - DAG(s) 'example_python_decorator' retrieved from /home/tejhanagarajan/Projects/small-projects/NewsImpact/venv/lib64/python3.10/site-packages/airflow/example_dags/example_python_decorator.py
[2025-07-04T12:38:21.435+0530] {logging_mixin.py:188} INFO - [2025-07-04T12:38:21.435+0530] {dag.py:3036} INFO - Sync 1 DAGs
[2025-07-04T12:38:21.440+0530] {logging_mixin.py:188} INFO - [2025-07-04T12:38:21.440+0530] {dag.py:3823} INFO - Setting next_dagrun for example_python_decorator to None, run_after=None
[2025-07-04T12:38:21.456+0530] {processor.py:183} INFO - Processing /home/tejhanagarajan/Projects/small-projects/NewsImpact/venv/lib64/python3.10/site-packages/airflow/example_dags/example_python_decorator.py took 0.037 seconds
[2025-07-04T12:39:07.285+0530] {processor.py:161} INFO - Started process (PID=35276) to work on /home/tejhanagarajan/Projects/small-projects/NewsImpact/venv/lib64/python3.10/site-packages/airflow/example_dags/example_python_decorator.py
[2025-07-04T12:39:07.286+0530] {processor.py:830} INFO - Processing file /home/tejhanagarajan/Projects/small-projects/NewsImpact/venv/lib64/python3.10/site-packages/airflow/example_dags/example_python_decorator.py for tasks to queue
[2025-07-04T12:39:07.287+0530] {logging_mixin.py:188} INFO - [2025-07-04T12:39:07.287+0530] {dagbag.py:538} INFO - Filling up the DagBag from /home/tejhanagarajan/Projects/small-projects/NewsImpact/venv/lib64/python3.10/site-packages/airflow/example_dags/example_python_decorator.py
[2025-07-04T12:39:07.294+0530] {processor.py:840} INFO - DAG(s) 'example_python_decorator' retrieved from /home/tejhanagarajan/Projects/small-projects/NewsImpact/venv/lib64/python3.10/site-packages/airflow/example_dags/example_python_decorator.py
[2025-07-04T12:39:07.301+0530] {logging_mixin.py:188} INFO - [2025-07-04T12:39:07.301+0530] {dag.py:3036} INFO - Sync 1 DAGs
[2025-07-04T12:39:07.306+0530] {logging_mixin.py:188} INFO - [2025-07-04T12:39:07.306+0530] {dag.py:3823} INFO - Setting next_dagrun for example_python_decorator to None, run_after=None
[2025-07-04T12:39:07.323+0530] {processor.py:183} INFO - Processing /home/tejhanagarajan/Projects/small-projects/NewsImpact/venv/lib64/python3.10/site-packages/airflow/example_dags/example_python_decorator.py took 0.039 seconds
[2025-07-04T12:39:07.764+0530] {processor.py:161} INFO - Started process (PID=35277) to work on /home/tejhanagarajan/Projects/small-projects/NewsImpact/venv/lib64/python3.10/site-packages/airflow/example_dags/example_python_decorator.py
[2025-07-04T12:39:07.764+0530] {processor.py:830} INFO - Processing file /home/tejhanagarajan/Projects/small-projects/NewsImpact/venv/lib64/python3.10/site-packages/airflow/example_dags/example_python_decorator.py for tasks to queue
[2025-07-04T12:39:07.765+0530] {logging_mixin.py:188} INFO - [2025-07-04T12:39:07.765+0530] {dagbag.py:538} INFO - Filling up the DagBag from /home/tejhanagarajan/Projects/small-projects/NewsImpact/venv/lib64/python3.10/site-packages/airflow/example_dags/example_python_decorator.py
[2025-07-04T12:39:07.772+0530] {processor.py:840} INFO - DAG(s) 'example_python_decorator' retrieved from /home/tejhanagarajan/Projects/small-projects/NewsImpact/venv/lib64/python3.10/site-packages/airflow/example_dags/example_python_decorator.py
[2025-07-04T12:39:07.813+0530] {logging_mixin.py:188} INFO - [2025-07-04T12:39:07.813+0530] {dag.py:3036} INFO - Sync 1 DAGs
[2025-07-04T12:39:07.817+0530] {logging_mixin.py:188} INFO - [2025-07-04T12:39:07.817+0530] {dag.py:3823} INFO - Setting next_dagrun for example_python_decorator to None, run_after=None
[2025-07-04T12:39:07.833+0530] {processor.py:183} INFO - Processing /home/tejhanagarajan/Projects/small-projects/NewsImpact/venv/lib64/python3.10/site-packages/airflow/example_dags/example_python_decorator.py took 0.071 seconds
[2025-07-04T12:40:01.482+0530] {processor.py:161} INFO - Started process (PID=35929) to work on /home/tejhanagarajan/Projects/small-projects/NewsImpact/venv/lib64/python3.10/site-packages/airflow/example_dags/example_python_decorator.py
[2025-07-04T12:40:01.484+0530] {processor.py:830} INFO - Processing file /home/tejhanagarajan/Projects/small-projects/NewsImpact/venv/lib64/python3.10/site-packages/airflow/example_dags/example_python_decorator.py for tasks to queue
[2025-07-04T12:40:01.486+0530] {logging_mixin.py:188} INFO - [2025-07-04T12:40:01.485+0530] {dagbag.py:538} INFO - Filling up the DagBag from /home/tejhanagarajan/Projects/small-projects/NewsImpact/venv/lib64/python3.10/site-packages/airflow/example_dags/example_python_decorator.py
[2025-07-04T12:40:01.494+0530] {processor.py:840} INFO - DAG(s) 'example_python_decorator' retrieved from /home/tejhanagarajan/Projects/small-projects/NewsImpact/venv/lib64/python3.10/site-packages/airflow/example_dags/example_python_decorator.py
[2025-07-04T12:40:01.502+0530] {logging_mixin.py:188} INFO - [2025-07-04T12:40:01.502+0530] {dag.py:3036} INFO - Sync 1 DAGs
[2025-07-04T12:40:01.507+0530] {logging_mixin.py:188} INFO - [2025-07-04T12:40:01.507+0530] {dag.py:3823} INFO - Setting next_dagrun for example_python_decorator to None, run_after=None
[2025-07-04T12:40:01.525+0530] {processor.py:183} INFO - Processing /home/tejhanagarajan/Projects/small-projects/NewsImpact/venv/lib64/python3.10/site-packages/airflow/example_dags/example_python_decorator.py took 0.046 seconds
[2025-07-04T12:42:22.940+0530] {processor.py:161} INFO - Started process (PID=37940) to work on /home/tejhanagarajan/Projects/small-projects/NewsImpact/venv/lib64/python3.10/site-packages/airflow/example_dags/example_python_decorator.py
[2025-07-04T12:42:22.942+0530] {processor.py:830} INFO - Processing file /home/tejhanagarajan/Projects/small-projects/NewsImpact/venv/lib64/python3.10/site-packages/airflow/example_dags/example_python_decorator.py for tasks to queue
[2025-07-04T12:42:22.943+0530] {logging_mixin.py:188} INFO - [2025-07-04T12:42:22.942+0530] {dagbag.py:538} INFO - Filling up the DagBag from /home/tejhanagarajan/Projects/small-projects/NewsImpact/venv/lib64/python3.10/site-packages/airflow/example_dags/example_python_decorator.py
[2025-07-04T12:42:22.948+0530] {processor.py:840} INFO - DAG(s) 'example_python_decorator' retrieved from /home/tejhanagarajan/Projects/small-projects/NewsImpact/venv/lib64/python3.10/site-packages/airflow/example_dags/example_python_decorator.py
[2025-07-04T12:42:22.988+0530] {logging_mixin.py:188} INFO - [2025-07-04T12:42:22.988+0530] {dag.py:3036} INFO - Sync 1 DAGs
[2025-07-04T12:42:22.992+0530] {logging_mixin.py:188} INFO - [2025-07-04T12:42:22.992+0530] {dag.py:3823} INFO - Setting next_dagrun for example_python_decorator to None, run_after=None
[2025-07-04T12:42:23.008+0530] {processor.py:183} INFO - Processing /home/tejhanagarajan/Projects/small-projects/NewsImpact/venv/lib64/python3.10/site-packages/airflow/example_dags/example_python_decorator.py took 0.070 seconds
[2025-07-04T12:43:08.142+0530] {processor.py:161} INFO - Started process (PID=38280) to work on /home/tejhanagarajan/Projects/small-projects/NewsImpact/venv/lib64/python3.10/site-packages/airflow/example_dags/example_python_decorator.py
[2025-07-04T12:43:08.145+0530] {processor.py:830} INFO - Processing file /home/tejhanagarajan/Projects/small-projects/NewsImpact/venv/lib64/python3.10/site-packages/airflow/example_dags/example_python_decorator.py for tasks to queue
[2025-07-04T12:43:08.145+0530] {logging_mixin.py:188} INFO - [2025-07-04T12:43:08.145+0530] {dagbag.py:538} INFO - Filling up the DagBag from /home/tejhanagarajan/Projects/small-projects/NewsImpact/venv/lib64/python3.10/site-packages/airflow/example_dags/example_python_decorator.py
[2025-07-04T12:43:08.151+0530] {processor.py:840} INFO - DAG(s) 'example_python_decorator' retrieved from /home/tejhanagarajan/Projects/small-projects/NewsImpact/venv/lib64/python3.10/site-packages/airflow/example_dags/example_python_decorator.py
[2025-07-04T12:43:08.158+0530] {logging_mixin.py:188} INFO - [2025-07-04T12:43:08.158+0530] {dag.py:3036} INFO - Sync 1 DAGs
[2025-07-04T12:43:08.163+0530] {logging_mixin.py:188} INFO - [2025-07-04T12:43:08.163+0530] {dag.py:3823} INFO - Setting next_dagrun for example_python_decorator to None, run_after=None
[2025-07-04T12:43:08.179+0530] {processor.py:183} INFO - Processing /home/tejhanagarajan/Projects/small-projects/NewsImpact/venv/lib64/python3.10/site-packages/airflow/example_dags/example_python_decorator.py took 0.038 seconds
[2025-07-04T12:43:58.582+0530] {processor.py:161} INFO - Started process (PID=38705) to work on /home/tejhanagarajan/Projects/small-projects/NewsImpact/venv/lib64/python3.10/site-packages/airflow/example_dags/example_python_decorator.py
[2025-07-04T12:43:58.582+0530] {processor.py:830} INFO - Processing file /home/tejhanagarajan/Projects/small-projects/NewsImpact/venv/lib64/python3.10/site-packages/airflow/example_dags/example_python_decorator.py for tasks to queue
[2025-07-04T12:43:58.583+0530] {logging_mixin.py:188} INFO - [2025-07-04T12:43:58.583+0530] {dagbag.py:538} INFO - Filling up the DagBag from /home/tejhanagarajan/Projects/small-projects/NewsImpact/venv/lib64/python3.10/site-packages/airflow/example_dags/example_python_decorator.py
[2025-07-04T12:43:58.590+0530] {processor.py:840} INFO - DAG(s) 'example_python_decorator' retrieved from /home/tejhanagarajan/Projects/small-projects/NewsImpact/venv/lib64/python3.10/site-packages/airflow/example_dags/example_python_decorator.py
[2025-07-04T12:43:58.598+0530] {logging_mixin.py:188} INFO - [2025-07-04T12:43:58.598+0530] {dag.py:3036} INFO - Sync 1 DAGs
[2025-07-04T12:43:58.602+0530] {logging_mixin.py:188} INFO - [2025-07-04T12:43:58.602+0530] {dag.py:3823} INFO - Setting next_dagrun for example_python_decorator to None, run_after=None
[2025-07-04T12:43:58.620+0530] {processor.py:183} INFO - Processing /home/tejhanagarajan/Projects/small-projects/NewsImpact/venv/lib64/python3.10/site-packages/airflow/example_dags/example_python_decorator.py took 0.039 seconds
[2025-07-04T12:44:54.660+0530] {processor.py:161} INFO - Started process (PID=39091) to work on /home/tejhanagarajan/Projects/small-projects/NewsImpact/venv/lib64/python3.10/site-packages/airflow/example_dags/example_python_decorator.py
[2025-07-04T12:44:54.662+0530] {processor.py:830} INFO - Processing file /home/tejhanagarajan/Projects/small-projects/NewsImpact/venv/lib64/python3.10/site-packages/airflow/example_dags/example_python_decorator.py for tasks to queue
[2025-07-04T12:44:54.664+0530] {logging_mixin.py:188} INFO - [2025-07-04T12:44:54.663+0530] {dagbag.py:538} INFO - Filling up the DagBag from /home/tejhanagarajan/Projects/small-projects/NewsImpact/venv/lib64/python3.10/site-packages/airflow/example_dags/example_python_decorator.py
[2025-07-04T12:44:54.672+0530] {processor.py:840} INFO - DAG(s) 'example_python_decorator' retrieved from /home/tejhanagarajan/Projects/small-projects/NewsImpact/venv/lib64/python3.10/site-packages/airflow/example_dags/example_python_decorator.py
[2025-07-04T12:44:54.680+0530] {logging_mixin.py:188} INFO - [2025-07-04T12:44:54.679+0530] {dag.py:3036} INFO - Sync 1 DAGs
[2025-07-04T12:44:54.684+0530] {logging_mixin.py:188} INFO - [2025-07-04T12:44:54.684+0530] {dag.py:3823} INFO - Setting next_dagrun for example_python_decorator to None, run_after=None
[2025-07-04T12:44:54.700+0530] {processor.py:183} INFO - Processing /home/tejhanagarajan/Projects/small-projects/NewsImpact/venv/lib64/python3.10/site-packages/airflow/example_dags/example_python_decorator.py took 0.043 seconds
[2025-07-04T12:45:45.751+0530] {processor.py:161} INFO - Started process (PID=39485) to work on /home/tejhanagarajan/Projects/small-projects/NewsImpact/venv/lib64/python3.10/site-packages/airflow/example_dags/example_python_decorator.py
[2025-07-04T12:45:45.755+0530] {processor.py:830} INFO - Processing file /home/tejhanagarajan/Projects/small-projects/NewsImpact/venv/lib64/python3.10/site-packages/airflow/example_dags/example_python_decorator.py for tasks to queue
[2025-07-04T12:45:45.756+0530] {logging_mixin.py:188} INFO - [2025-07-04T12:45:45.755+0530] {dagbag.py:538} INFO - Filling up the DagBag from /home/tejhanagarajan/Projects/small-projects/NewsImpact/venv/lib64/python3.10/site-packages/airflow/example_dags/example_python_decorator.py
[2025-07-04T12:45:45.769+0530] {processor.py:840} INFO - DAG(s) 'example_python_decorator' retrieved from /home/tejhanagarajan/Projects/small-projects/NewsImpact/venv/lib64/python3.10/site-packages/airflow/example_dags/example_python_decorator.py
[2025-07-04T12:45:45.776+0530] {logging_mixin.py:188} INFO - [2025-07-04T12:45:45.776+0530] {dag.py:3036} INFO - Sync 1 DAGs
[2025-07-04T12:45:45.781+0530] {logging_mixin.py:188} INFO - [2025-07-04T12:45:45.781+0530] {dag.py:3823} INFO - Setting next_dagrun for example_python_decorator to None, run_after=None
[2025-07-04T12:45:45.798+0530] {processor.py:183} INFO - Processing /home/tejhanagarajan/Projects/small-projects/NewsImpact/venv/lib64/python3.10/site-packages/airflow/example_dags/example_python_decorator.py took 0.049 seconds
[2025-07-04T12:46:32.395+0530] {processor.py:161} INFO - Started process (PID=39813) to work on /home/tejhanagarajan/Projects/small-projects/NewsImpact/venv/lib64/python3.10/site-packages/airflow/example_dags/example_python_decorator.py
[2025-07-04T12:46:32.398+0530] {processor.py:830} INFO - Processing file /home/tejhanagarajan/Projects/small-projects/NewsImpact/venv/lib64/python3.10/site-packages/airflow/example_dags/example_python_decorator.py for tasks to queue
[2025-07-04T12:46:32.398+0530] {logging_mixin.py:188} INFO - [2025-07-04T12:46:32.398+0530] {dagbag.py:538} INFO - Filling up the DagBag from /home/tejhanagarajan/Projects/small-projects/NewsImpact/venv/lib64/python3.10/site-packages/airflow/example_dags/example_python_decorator.py
[2025-07-04T12:46:32.405+0530] {processor.py:840} INFO - DAG(s) 'example_python_decorator' retrieved from /home/tejhanagarajan/Projects/small-projects/NewsImpact/venv/lib64/python3.10/site-packages/airflow/example_dags/example_python_decorator.py
[2025-07-04T12:46:32.412+0530] {logging_mixin.py:188} INFO - [2025-07-04T12:46:32.412+0530] {dag.py:3036} INFO - Sync 1 DAGs
[2025-07-04T12:46:32.417+0530] {logging_mixin.py:188} INFO - [2025-07-04T12:46:32.417+0530] {dag.py:3823} INFO - Setting next_dagrun for example_python_decorator to None, run_after=None
[2025-07-04T12:46:32.432+0530] {processor.py:183} INFO - Processing /home/tejhanagarajan/Projects/small-projects/NewsImpact/venv/lib64/python3.10/site-packages/airflow/example_dags/example_python_decorator.py took 0.038 seconds
[2025-07-04T12:47:24.543+0530] {processor.py:161} INFO - Started process (PID=40194) to work on /home/tejhanagarajan/Projects/small-projects/NewsImpact/venv/lib64/python3.10/site-packages/airflow/example_dags/example_python_decorator.py
[2025-07-04T12:47:24.545+0530] {processor.py:830} INFO - Processing file /home/tejhanagarajan/Projects/small-projects/NewsImpact/venv/lib64/python3.10/site-packages/airflow/example_dags/example_python_decorator.py for tasks to queue
[2025-07-04T12:47:24.546+0530] {logging_mixin.py:188} INFO - [2025-07-04T12:47:24.546+0530] {dagbag.py:538} INFO - Filling up the DagBag from /home/tejhanagarajan/Projects/small-projects/NewsImpact/venv/lib64/python3.10/site-packages/airflow/example_dags/example_python_decorator.py
[2025-07-04T12:47:24.552+0530] {processor.py:840} INFO - DAG(s) 'example_python_decorator' retrieved from /home/tejhanagarajan/Projects/small-projects/NewsImpact/venv/lib64/python3.10/site-packages/airflow/example_dags/example_python_decorator.py
[2025-07-04T12:47:24.561+0530] {logging_mixin.py:188} INFO - [2025-07-04T12:47:24.561+0530] {dag.py:3036} INFO - Sync 1 DAGs
[2025-07-04T12:47:24.566+0530] {logging_mixin.py:188} INFO - [2025-07-04T12:47:24.565+0530] {dag.py:3823} INFO - Setting next_dagrun for example_python_decorator to None, run_after=None
[2025-07-04T12:47:24.582+0530] {processor.py:183} INFO - Processing /home/tejhanagarajan/Projects/small-projects/NewsImpact/venv/lib64/python3.10/site-packages/airflow/example_dags/example_python_decorator.py took 0.040 seconds
[2025-07-04T12:48:13.602+0530] {processor.py:161} INFO - Started process (PID=40566) to work on /home/tejhanagarajan/Projects/small-projects/NewsImpact/venv/lib64/python3.10/site-packages/airflow/example_dags/example_python_decorator.py
[2025-07-04T12:48:13.605+0530] {processor.py:830} INFO - Processing file /home/tejhanagarajan/Projects/small-projects/NewsImpact/venv/lib64/python3.10/site-packages/airflow/example_dags/example_python_decorator.py for tasks to queue
[2025-07-04T12:48:13.606+0530] {logging_mixin.py:188} INFO - [2025-07-04T12:48:13.605+0530] {dagbag.py:538} INFO - Filling up the DagBag from /home/tejhanagarajan/Projects/small-projects/NewsImpact/venv/lib64/python3.10/site-packages/airflow/example_dags/example_python_decorator.py
[2025-07-04T12:48:13.617+0530] {processor.py:840} INFO - DAG(s) 'example_python_decorator' retrieved from /home/tejhanagarajan/Projects/small-projects/NewsImpact/venv/lib64/python3.10/site-packages/airflow/example_dags/example_python_decorator.py
[2025-07-04T12:48:13.624+0530] {logging_mixin.py:188} INFO - [2025-07-04T12:48:13.624+0530] {dag.py:3036} INFO - Sync 1 DAGs
[2025-07-04T12:48:13.628+0530] {logging_mixin.py:188} INFO - [2025-07-04T12:48:13.628+0530] {dag.py:3823} INFO - Setting next_dagrun for example_python_decorator to None, run_after=None
[2025-07-04T12:48:13.645+0530] {processor.py:183} INFO - Processing /home/tejhanagarajan/Projects/small-projects/NewsImpact/venv/lib64/python3.10/site-packages/airflow/example_dags/example_python_decorator.py took 0.046 seconds
