[2025-07-04T12:26:43.563+0530] {processor.py:161} INFO - Started process (PID=25226) to work on /home/tejhanagarajan/Projects/small-projects/NewsImpact/venv/lib64/python3.10/site-packages/airflow/example_dags/example_sla_dag.py
[2025-07-04T12:26:43.564+0530] {processor.py:830} INFO - Processing file /home/tejhanagarajan/Projects/small-projects/NewsImpact/venv/lib64/python3.10/site-packages/airflow/example_dags/example_sla_dag.py for tasks to queue
[2025-07-04T12:26:43.564+0530] {logging_mixin.py:188} INFO - [2025-07-04T12:26:43.564+0530] {dagbag.py:538} INFO - Filling up the DagBag from /home/tejhanagarajan/Projects/small-projects/NewsImpact/venv/lib64/python3.10/site-packages/airflow/example_dags/example_sla_dag.py
[2025-07-04T12:26:43.568+0530] {processor.py:840} INFO - DAG(s) 'example_sla_dag' retrieved from /home/tejhanagarajan/Projects/small-projects/NewsImpact/venv/lib64/python3.10/site-packages/airflow/example_dags/example_sla_dag.py
[2025-07-04T12:26:43.628+0530] {logging_mixin.py:188} INFO - [2025-07-04T12:26:43.628+0530] {override.py:1769} INFO - Created Permission View: can read on DAG:example_sla_dag
[2025-07-04T12:26:43.641+0530] {logging_mixin.py:188} INFO - [2025-07-04T12:26:43.641+0530] {override.py:1769} INFO - Created Permission View: can edit on DAG:example_sla_dag
[2025-07-04T12:26:43.652+0530] {logging_mixin.py:188} INFO - [2025-07-04T12:26:43.652+0530] {override.py:1769} INFO - Created Permission View: can delete on DAG:example_sla_dag
[2025-07-04T12:26:43.652+0530] {logging_mixin.py:188} INFO - [2025-07-04T12:26:43.652+0530] {dag.py:3036} INFO - Sync 1 DAGs
[2025-07-04T12:26:43.658+0530] {logging_mixin.py:188} INFO - [2025-07-04T12:26:43.658+0530] {dag.py:3058} INFO - Creating ORM DAG for example_sla_dag
[2025-07-04T12:26:43.663+0530] {logging_mixin.py:188} INFO - [2025-07-04T12:26:43.663+0530] {dag.py:3823} INFO - Setting next_dagrun for example_sla_dag to 2025-07-04 06:54:00+00:00, run_after=2025-07-04 06:56:00+00:00
[2025-07-04T12:26:43.681+0530] {processor.py:183} INFO - Processing /home/tejhanagarajan/Projects/small-projects/NewsImpact/venv/lib64/python3.10/site-packages/airflow/example_dags/example_sla_dag.py took 0.119 seconds
[2025-07-04T12:27:33.812+0530] {processor.py:161} INFO - Started process (PID=25600) to work on /home/tejhanagarajan/Projects/small-projects/NewsImpact/venv/lib64/python3.10/site-packages/airflow/example_dags/example_sla_dag.py
[2025-07-04T12:27:33.813+0530] {processor.py:830} INFO - Processing file /home/tejhanagarajan/Projects/small-projects/NewsImpact/venv/lib64/python3.10/site-packages/airflow/example_dags/example_sla_dag.py for tasks to queue
[2025-07-04T12:27:33.813+0530] {logging_mixin.py:188} INFO - [2025-07-04T12:27:33.813+0530] {dagbag.py:538} INFO - Filling up the DagBag from /home/tejhanagarajan/Projects/small-projects/NewsImpact/venv/lib64/python3.10/site-packages/airflow/example_dags/example_sla_dag.py
[2025-07-04T12:27:33.818+0530] {processor.py:840} INFO - DAG(s) 'example_sla_dag' retrieved from /home/tejhanagarajan/Projects/small-projects/NewsImpact/venv/lib64/python3.10/site-packages/airflow/example_dags/example_sla_dag.py
[2025-07-04T12:27:33.824+0530] {logging_mixin.py:188} INFO - [2025-07-04T12:27:33.824+0530] {dag.py:3036} INFO - Sync 1 DAGs
[2025-07-04T12:27:33.834+0530] {logging_mixin.py:188} INFO - [2025-07-04T12:27:33.834+0530] {dag.py:3823} INFO - Setting next_dagrun for example_sla_dag to 2025-07-04 06:54:00+00:00, run_after=2025-07-04 06:56:00+00:00
[2025-07-04T12:27:33.852+0530] {processor.py:183} INFO - Processing /home/tejhanagarajan/Projects/small-projects/NewsImpact/venv/lib64/python3.10/site-packages/airflow/example_dags/example_sla_dag.py took 0.042 seconds
[2025-07-04T12:28:22.544+0530] {processor.py:161} INFO - Started process (PID=26003) to work on /home/tejhanagarajan/Projects/small-projects/NewsImpact/venv/lib64/python3.10/site-packages/airflow/example_dags/example_sla_dag.py
[2025-07-04T12:28:22.544+0530] {processor.py:830} INFO - Processing file /home/tejhanagarajan/Projects/small-projects/NewsImpact/venv/lib64/python3.10/site-packages/airflow/example_dags/example_sla_dag.py for tasks to queue
[2025-07-04T12:28:22.544+0530] {logging_mixin.py:188} INFO - [2025-07-04T12:28:22.544+0530] {dagbag.py:538} INFO - Filling up the DagBag from /home/tejhanagarajan/Projects/small-projects/NewsImpact/venv/lib64/python3.10/site-packages/airflow/example_dags/example_sla_dag.py
[2025-07-04T12:28:22.548+0530] {processor.py:840} INFO - DAG(s) 'example_sla_dag' retrieved from /home/tejhanagarajan/Projects/small-projects/NewsImpact/venv/lib64/python3.10/site-packages/airflow/example_dags/example_sla_dag.py
[2025-07-04T12:28:22.554+0530] {logging_mixin.py:188} INFO - [2025-07-04T12:28:22.554+0530] {dag.py:3036} INFO - Sync 1 DAGs
[2025-07-04T12:28:22.564+0530] {logging_mixin.py:188} INFO - [2025-07-04T12:28:22.563+0530] {dag.py:3823} INFO - Setting next_dagrun for example_sla_dag to 2025-07-04 06:56:00+00:00, run_after=2025-07-04 06:58:00+00:00
[2025-07-04T12:28:22.581+0530] {processor.py:183} INFO - Processing /home/tejhanagarajan/Projects/small-projects/NewsImpact/venv/lib64/python3.10/site-packages/airflow/example_dags/example_sla_dag.py took 0.039 seconds
[2025-07-04T12:29:02.626+0530] {processor.py:161} INFO - Started process (PID=26324) to work on /home/tejhanagarajan/Projects/small-projects/NewsImpact/venv/lib64/python3.10/site-packages/airflow/example_dags/example_sla_dag.py
[2025-07-04T12:29:02.627+0530] {processor.py:830} INFO - Processing file /home/tejhanagarajan/Projects/small-projects/NewsImpact/venv/lib64/python3.10/site-packages/airflow/example_dags/example_sla_dag.py for tasks to queue
[2025-07-04T12:29:02.627+0530] {logging_mixin.py:188} INFO - [2025-07-04T12:29:02.627+0530] {dagbag.py:538} INFO - Filling up the DagBag from /home/tejhanagarajan/Projects/small-projects/NewsImpact/venv/lib64/python3.10/site-packages/airflow/example_dags/example_sla_dag.py
[2025-07-04T12:29:02.632+0530] {processor.py:840} INFO - DAG(s) 'example_sla_dag' retrieved from /home/tejhanagarajan/Projects/small-projects/NewsImpact/venv/lib64/python3.10/site-packages/airflow/example_dags/example_sla_dag.py
[2025-07-04T12:29:02.648+0530] {logging_mixin.py:188} INFO - [2025-07-04T12:29:02.648+0530] {dag.py:3036} INFO - Sync 1 DAGs
[2025-07-04T12:29:02.841+0530] {logging_mixin.py:188} INFO - [2025-07-04T12:29:02.841+0530] {dag.py:3823} INFO - Setting next_dagrun for example_sla_dag to 2025-07-04 06:56:00+00:00, run_after=2025-07-04 06:58:00+00:00
[2025-07-04T12:29:03.038+0530] {processor.py:183} INFO - Processing /home/tejhanagarajan/Projects/small-projects/NewsImpact/venv/lib64/python3.10/site-packages/airflow/example_dags/example_sla_dag.py took 0.413 seconds
[2025-07-04T12:29:41.334+0530] {processor.py:161} INFO - Started process (PID=26654) to work on /home/tejhanagarajan/Projects/small-projects/NewsImpact/venv/lib64/python3.10/site-packages/airflow/example_dags/example_sla_dag.py
[2025-07-04T12:29:41.337+0530] {processor.py:830} INFO - Processing file /home/tejhanagarajan/Projects/small-projects/NewsImpact/venv/lib64/python3.10/site-packages/airflow/example_dags/example_sla_dag.py for tasks to queue
[2025-07-04T12:29:41.338+0530] {logging_mixin.py:188} INFO - [2025-07-04T12:29:41.338+0530] {dagbag.py:538} INFO - Filling up the DagBag from /home/tejhanagarajan/Projects/small-projects/NewsImpact/venv/lib64/python3.10/site-packages/airflow/example_dags/example_sla_dag.py
[2025-07-04T12:29:41.348+0530] {processor.py:840} INFO - DAG(s) 'example_sla_dag' retrieved from /home/tejhanagarajan/Projects/small-projects/NewsImpact/venv/lib64/python3.10/site-packages/airflow/example_dags/example_sla_dag.py
[2025-07-04T12:29:41.355+0530] {logging_mixin.py:188} INFO - [2025-07-04T12:29:41.355+0530] {dag.py:3036} INFO - Sync 1 DAGs
[2025-07-04T12:29:41.365+0530] {logging_mixin.py:188} INFO - [2025-07-04T12:29:41.365+0530] {dag.py:3823} INFO - Setting next_dagrun for example_sla_dag to 2025-07-04 06:56:00+00:00, run_after=2025-07-04 06:58:00+00:00
[2025-07-04T12:29:41.383+0530] {processor.py:183} INFO - Processing /home/tejhanagarajan/Projects/small-projects/NewsImpact/venv/lib64/python3.10/site-packages/airflow/example_dags/example_sla_dag.py took 0.051 seconds
[2025-07-04T12:30:31.692+0530] {processor.py:161} INFO - Started process (PID=27028) to work on /home/tejhanagarajan/Projects/small-projects/NewsImpact/venv/lib64/python3.10/site-packages/airflow/example_dags/example_sla_dag.py
[2025-07-04T12:30:31.693+0530] {processor.py:830} INFO - Processing file /home/tejhanagarajan/Projects/small-projects/NewsImpact/venv/lib64/python3.10/site-packages/airflow/example_dags/example_sla_dag.py for tasks to queue
[2025-07-04T12:30:31.694+0530] {logging_mixin.py:188} INFO - [2025-07-04T12:30:31.694+0530] {dagbag.py:538} INFO - Filling up the DagBag from /home/tejhanagarajan/Projects/small-projects/NewsImpact/venv/lib64/python3.10/site-packages/airflow/example_dags/example_sla_dag.py
[2025-07-04T12:30:31.698+0530] {processor.py:840} INFO - DAG(s) 'example_sla_dag' retrieved from /home/tejhanagarajan/Projects/small-projects/NewsImpact/venv/lib64/python3.10/site-packages/airflow/example_dags/example_sla_dag.py
[2025-07-04T12:30:31.705+0530] {logging_mixin.py:188} INFO - [2025-07-04T12:30:31.705+0530] {dag.py:3036} INFO - Sync 1 DAGs
[2025-07-04T12:30:31.715+0530] {logging_mixin.py:188} INFO - [2025-07-04T12:30:31.715+0530] {dag.py:3823} INFO - Setting next_dagrun for example_sla_dag to 2025-07-04 06:58:00+00:00, run_after=2025-07-04 07:00:00+00:00
[2025-07-04T12:30:31.731+0530] {processor.py:183} INFO - Processing /home/tejhanagarajan/Projects/small-projects/NewsImpact/venv/lib64/python3.10/site-packages/airflow/example_dags/example_sla_dag.py took 0.040 seconds
[2025-07-04T12:33:09.656+0530] {processor.py:161} INFO - Started process (PID=30089) to work on /home/tejhanagarajan/Projects/small-projects/NewsImpact/venv/lib64/python3.10/site-packages/airflow/example_dags/example_sla_dag.py
[2025-07-04T12:33:09.659+0530] {processor.py:830} INFO - Processing file /home/tejhanagarajan/Projects/small-projects/NewsImpact/venv/lib64/python3.10/site-packages/airflow/example_dags/example_sla_dag.py for tasks to queue
[2025-07-04T12:33:09.660+0530] {logging_mixin.py:188} INFO - [2025-07-04T12:33:09.659+0530] {dagbag.py:538} INFO - Filling up the DagBag from /home/tejhanagarajan/Projects/small-projects/NewsImpact/venv/lib64/python3.10/site-packages/airflow/example_dags/example_sla_dag.py
[2025-07-04T12:33:09.664+0530] {processor.py:840} INFO - DAG(s) 'example_sla_dag' retrieved from /home/tejhanagarajan/Projects/small-projects/NewsImpact/venv/lib64/python3.10/site-packages/airflow/example_dags/example_sla_dag.py
[2025-07-04T12:33:09.674+0530] {logging_mixin.py:188} INFO - [2025-07-04T12:33:09.674+0530] {dag.py:3036} INFO - Sync 1 DAGs
[2025-07-04T12:33:09.685+0530] {logging_mixin.py:188} INFO - [2025-07-04T12:33:09.685+0530] {dag.py:3823} INFO - Setting next_dagrun for example_sla_dag to 2025-07-04 07:00:00+00:00, run_after=2025-07-04 07:02:00+00:00
[2025-07-04T12:33:09.703+0530] {processor.py:183} INFO - Processing /home/tejhanagarajan/Projects/small-projects/NewsImpact/venv/lib64/python3.10/site-packages/airflow/example_dags/example_sla_dag.py took 0.048 seconds
[2025-07-04T12:33:56.002+0530] {processor.py:161} INFO - Started process (PID=30429) to work on /home/tejhanagarajan/Projects/small-projects/NewsImpact/venv/lib64/python3.10/site-packages/airflow/example_dags/example_sla_dag.py
[2025-07-04T12:33:56.004+0530] {processor.py:830} INFO - Processing file /home/tejhanagarajan/Projects/small-projects/NewsImpact/venv/lib64/python3.10/site-packages/airflow/example_dags/example_sla_dag.py for tasks to queue
[2025-07-04T12:33:56.005+0530] {logging_mixin.py:188} INFO - [2025-07-04T12:33:56.005+0530] {dagbag.py:538} INFO - Filling up the DagBag from /home/tejhanagarajan/Projects/small-projects/NewsImpact/venv/lib64/python3.10/site-packages/airflow/example_dags/example_sla_dag.py
[2025-07-04T12:33:56.010+0530] {processor.py:840} INFO - DAG(s) 'example_sla_dag' retrieved from /home/tejhanagarajan/Projects/small-projects/NewsImpact/venv/lib64/python3.10/site-packages/airflow/example_dags/example_sla_dag.py
[2025-07-04T12:33:56.017+0530] {logging_mixin.py:188} INFO - [2025-07-04T12:33:56.017+0530] {dag.py:3036} INFO - Sync 1 DAGs
[2025-07-04T12:33:56.026+0530] {logging_mixin.py:188} INFO - [2025-07-04T12:33:56.026+0530] {dag.py:3823} INFO - Setting next_dagrun for example_sla_dag to 2025-07-04 07:00:00+00:00, run_after=2025-07-04 07:02:00+00:00
[2025-07-04T12:33:56.042+0530] {processor.py:183} INFO - Processing /home/tejhanagarajan/Projects/small-projects/NewsImpact/venv/lib64/python3.10/site-packages/airflow/example_dags/example_sla_dag.py took 0.043 seconds
[2025-07-04T12:34:43.524+0530] {processor.py:161} INFO - Started process (PID=31021) to work on /home/tejhanagarajan/Projects/small-projects/NewsImpact/venv/lib64/python3.10/site-packages/airflow/example_dags/example_sla_dag.py
[2025-07-04T12:34:43.527+0530] {processor.py:830} INFO - Processing file /home/tejhanagarajan/Projects/small-projects/NewsImpact/venv/lib64/python3.10/site-packages/airflow/example_dags/example_sla_dag.py for tasks to queue
[2025-07-04T12:34:43.527+0530] {logging_mixin.py:188} INFO - [2025-07-04T12:34:43.527+0530] {dagbag.py:538} INFO - Filling up the DagBag from /home/tejhanagarajan/Projects/small-projects/NewsImpact/venv/lib64/python3.10/site-packages/airflow/example_dags/example_sla_dag.py
[2025-07-04T12:34:43.531+0530] {processor.py:840} INFO - DAG(s) 'example_sla_dag' retrieved from /home/tejhanagarajan/Projects/small-projects/NewsImpact/venv/lib64/python3.10/site-packages/airflow/example_dags/example_sla_dag.py
[2025-07-04T12:34:43.537+0530] {logging_mixin.py:188} INFO - [2025-07-04T12:34:43.537+0530] {dag.py:3036} INFO - Sync 1 DAGs
[2025-07-04T12:34:43.546+0530] {logging_mixin.py:188} INFO - [2025-07-04T12:34:43.546+0530] {dag.py:3823} INFO - Setting next_dagrun for example_sla_dag to 2025-07-04 07:02:00+00:00, run_after=2025-07-04 07:04:00+00:00
[2025-07-04T12:34:43.564+0530] {processor.py:183} INFO - Processing /home/tejhanagarajan/Projects/small-projects/NewsImpact/venv/lib64/python3.10/site-packages/airflow/example_dags/example_sla_dag.py took 0.041 seconds
[2025-07-04T12:35:36.511+0530] {processor.py:161} INFO - Started process (PID=31470) to work on /home/tejhanagarajan/Projects/small-projects/NewsImpact/venv/lib64/python3.10/site-packages/airflow/example_dags/example_sla_dag.py
[2025-07-04T12:35:36.513+0530] {processor.py:830} INFO - Processing file /home/tejhanagarajan/Projects/small-projects/NewsImpact/venv/lib64/python3.10/site-packages/airflow/example_dags/example_sla_dag.py for tasks to queue
[2025-07-04T12:35:36.513+0530] {logging_mixin.py:188} INFO - [2025-07-04T12:35:36.513+0530] {dagbag.py:538} INFO - Filling up the DagBag from /home/tejhanagarajan/Projects/small-projects/NewsImpact/venv/lib64/python3.10/site-packages/airflow/example_dags/example_sla_dag.py
[2025-07-04T12:35:36.517+0530] {processor.py:840} INFO - DAG(s) 'example_sla_dag' retrieved from /home/tejhanagarajan/Projects/small-projects/NewsImpact/venv/lib64/python3.10/site-packages/airflow/example_dags/example_sla_dag.py
[2025-07-04T12:35:36.523+0530] {logging_mixin.py:188} INFO - [2025-07-04T12:35:36.523+0530] {dag.py:3036} INFO - Sync 1 DAGs
[2025-07-04T12:35:36.533+0530] {logging_mixin.py:188} INFO - [2025-07-04T12:35:36.533+0530] {dag.py:3823} INFO - Setting next_dagrun for example_sla_dag to 2025-07-04 07:02:00+00:00, run_after=2025-07-04 07:04:00+00:00
[2025-07-04T12:35:36.548+0530] {processor.py:183} INFO - Processing /home/tejhanagarajan/Projects/small-projects/NewsImpact/venv/lib64/python3.10/site-packages/airflow/example_dags/example_sla_dag.py took 0.039 seconds
[2025-07-04T12:36:30.430+0530] {processor.py:161} INFO - Started process (PID=31871) to work on /home/tejhanagarajan/Projects/small-projects/NewsImpact/venv/lib64/python3.10/site-packages/airflow/example_dags/example_sla_dag.py
[2025-07-04T12:36:30.432+0530] {processor.py:830} INFO - Processing file /home/tejhanagarajan/Projects/small-projects/NewsImpact/venv/lib64/python3.10/site-packages/airflow/example_dags/example_sla_dag.py for tasks to queue
[2025-07-04T12:36:30.433+0530] {logging_mixin.py:188} INFO - [2025-07-04T12:36:30.433+0530] {dagbag.py:538} INFO - Filling up the DagBag from /home/tejhanagarajan/Projects/small-projects/NewsImpact/venv/lib64/python3.10/site-packages/airflow/example_dags/example_sla_dag.py
[2025-07-04T12:36:30.437+0530] {processor.py:840} INFO - DAG(s) 'example_sla_dag' retrieved from /home/tejhanagarajan/Projects/small-projects/NewsImpact/venv/lib64/python3.10/site-packages/airflow/example_dags/example_sla_dag.py
[2025-07-04T12:36:30.444+0530] {logging_mixin.py:188} INFO - [2025-07-04T12:36:30.444+0530] {dag.py:3036} INFO - Sync 1 DAGs
[2025-07-04T12:36:30.453+0530] {logging_mixin.py:188} INFO - [2025-07-04T12:36:30.453+0530] {dag.py:3823} INFO - Setting next_dagrun for example_sla_dag to 2025-07-04 07:04:00+00:00, run_after=2025-07-04 07:06:00+00:00
[2025-07-04T12:36:30.471+0530] {processor.py:183} INFO - Processing /home/tejhanagarajan/Projects/small-projects/NewsImpact/venv/lib64/python3.10/site-packages/airflow/example_dags/example_sla_dag.py took 0.042 seconds
[2025-07-04T12:37:19.005+0530] {processor.py:161} INFO - Started process (PID=32367) to work on /home/tejhanagarajan/Projects/small-projects/NewsImpact/venv/lib64/python3.10/site-packages/airflow/example_dags/example_sla_dag.py
[2025-07-04T12:37:19.007+0530] {processor.py:830} INFO - Processing file /home/tejhanagarajan/Projects/small-projects/NewsImpact/venv/lib64/python3.10/site-packages/airflow/example_dags/example_sla_dag.py for tasks to queue
[2025-07-04T12:37:19.007+0530] {logging_mixin.py:188} INFO - [2025-07-04T12:37:19.007+0530] {dagbag.py:538} INFO - Filling up the DagBag from /home/tejhanagarajan/Projects/small-projects/NewsImpact/venv/lib64/python3.10/site-packages/airflow/example_dags/example_sla_dag.py
[2025-07-04T12:37:19.011+0530] {processor.py:840} INFO - DAG(s) 'example_sla_dag' retrieved from /home/tejhanagarajan/Projects/small-projects/NewsImpact/venv/lib64/python3.10/site-packages/airflow/example_dags/example_sla_dag.py
[2025-07-04T12:37:19.019+0530] {logging_mixin.py:188} INFO - [2025-07-04T12:37:19.019+0530] {dag.py:3036} INFO - Sync 1 DAGs
[2025-07-04T12:37:19.029+0530] {logging_mixin.py:188} INFO - [2025-07-04T12:37:19.029+0530] {dag.py:3823} INFO - Setting next_dagrun for example_sla_dag to 2025-07-04 07:04:00+00:00, run_after=2025-07-04 07:06:00+00:00
[2025-07-04T12:37:19.047+0530] {processor.py:183} INFO - Processing /home/tejhanagarajan/Projects/small-projects/NewsImpact/venv/lib64/python3.10/site-packages/airflow/example_dags/example_sla_dag.py took 0.044 seconds
[2025-07-04T12:38:08.570+0530] {processor.py:161} INFO - Started process (PID=34750) to work on /home/tejhanagarajan/Projects/small-projects/NewsImpact/venv/lib64/python3.10/site-packages/airflow/example_dags/example_sla_dag.py
[2025-07-04T12:38:08.572+0530] {processor.py:830} INFO - Processing file /home/tejhanagarajan/Projects/small-projects/NewsImpact/venv/lib64/python3.10/site-packages/airflow/example_dags/example_sla_dag.py for tasks to queue
[2025-07-04T12:38:08.573+0530] {logging_mixin.py:188} INFO - [2025-07-04T12:38:08.573+0530] {dagbag.py:538} INFO - Filling up the DagBag from /home/tejhanagarajan/Projects/small-projects/NewsImpact/venv/lib64/python3.10/site-packages/airflow/example_dags/example_sla_dag.py
[2025-07-04T12:38:08.579+0530] {processor.py:840} INFO - DAG(s) 'example_sla_dag' retrieved from /home/tejhanagarajan/Projects/small-projects/NewsImpact/venv/lib64/python3.10/site-packages/airflow/example_dags/example_sla_dag.py
[2025-07-04T12:38:08.586+0530] {logging_mixin.py:188} INFO - [2025-07-04T12:38:08.586+0530] {dag.py:3036} INFO - Sync 1 DAGs
[2025-07-04T12:38:08.596+0530] {logging_mixin.py:188} INFO - [2025-07-04T12:38:08.596+0530] {dag.py:3823} INFO - Setting next_dagrun for example_sla_dag to 2025-07-04 07:06:00+00:00, run_after=2025-07-04 07:08:00+00:00
[2025-07-04T12:38:08.612+0530] {processor.py:183} INFO - Processing /home/tejhanagarajan/Projects/small-projects/NewsImpact/venv/lib64/python3.10/site-packages/airflow/example_dags/example_sla_dag.py took 0.044 seconds
[2025-07-04T12:38:11.714+0530] {processor.py:161} INFO - Started process (PID=34783) to work on /home/tejhanagarajan/Projects/small-projects/NewsImpact/venv/lib64/python3.10/site-packages/airflow/example_dags/example_sla_dag.py
[2025-07-04T12:38:11.715+0530] {processor.py:830} INFO - Processing file /home/tejhanagarajan/Projects/small-projects/NewsImpact/venv/lib64/python3.10/site-packages/airflow/example_dags/example_sla_dag.py for tasks to queue
[2025-07-04T12:38:11.716+0530] {logging_mixin.py:188} INFO - [2025-07-04T12:38:11.716+0530] {dagbag.py:538} INFO - Filling up the DagBag from /home/tejhanagarajan/Projects/small-projects/NewsImpact/venv/lib64/python3.10/site-packages/airflow/example_dags/example_sla_dag.py
[2025-07-04T12:38:11.721+0530] {processor.py:840} INFO - DAG(s) 'example_sla_dag' retrieved from /home/tejhanagarajan/Projects/small-projects/NewsImpact/venv/lib64/python3.10/site-packages/airflow/example_dags/example_sla_dag.py
[2025-07-04T12:38:11.728+0530] {logging_mixin.py:188} INFO - [2025-07-04T12:38:11.728+0530] {dag.py:3036} INFO - Sync 1 DAGs
[2025-07-04T12:38:11.738+0530] {logging_mixin.py:188} INFO - [2025-07-04T12:38:11.738+0530] {dag.py:3823} INFO - Setting next_dagrun for example_sla_dag to 2025-07-04 07:06:00+00:00, run_after=2025-07-04 07:08:00+00:00
[2025-07-04T12:38:11.755+0530] {processor.py:183} INFO - Processing /home/tejhanagarajan/Projects/small-projects/NewsImpact/venv/lib64/python3.10/site-packages/airflow/example_dags/example_sla_dag.py took 0.043 seconds
[2025-07-04T12:38:58.628+0530] {processor.py:161} INFO - Started process (PID=35182) to work on /home/tejhanagarajan/Projects/small-projects/NewsImpact/venv/lib64/python3.10/site-packages/airflow/example_dags/example_sla_dag.py
[2025-07-04T12:38:58.631+0530] {processor.py:830} INFO - Processing file /home/tejhanagarajan/Projects/small-projects/NewsImpact/venv/lib64/python3.10/site-packages/airflow/example_dags/example_sla_dag.py for tasks to queue
[2025-07-04T12:38:58.632+0530] {logging_mixin.py:188} INFO - [2025-07-04T12:38:58.631+0530] {dagbag.py:538} INFO - Filling up the DagBag from /home/tejhanagarajan/Projects/small-projects/NewsImpact/venv/lib64/python3.10/site-packages/airflow/example_dags/example_sla_dag.py
[2025-07-04T12:38:58.636+0530] {processor.py:840} INFO - DAG(s) 'example_sla_dag' retrieved from /home/tejhanagarajan/Projects/small-projects/NewsImpact/venv/lib64/python3.10/site-packages/airflow/example_dags/example_sla_dag.py
[2025-07-04T12:38:58.643+0530] {logging_mixin.py:188} INFO - [2025-07-04T12:38:58.643+0530] {dag.py:3036} INFO - Sync 1 DAGs
[2025-07-04T12:38:58.653+0530] {logging_mixin.py:188} INFO - [2025-07-04T12:38:58.653+0530] {dag.py:3823} INFO - Setting next_dagrun for example_sla_dag to 2025-07-04 07:06:00+00:00, run_after=2025-07-04 07:08:00+00:00
[2025-07-04T12:38:58.669+0530] {processor.py:183} INFO - Processing /home/tejhanagarajan/Projects/small-projects/NewsImpact/venv/lib64/python3.10/site-packages/airflow/example_dags/example_sla_dag.py took 0.043 seconds
[2025-07-04T12:38:59.227+0530] {processor.py:161} INFO - Started process (PID=35183) to work on /home/tejhanagarajan/Projects/small-projects/NewsImpact/venv/lib64/python3.10/site-packages/airflow/example_dags/example_sla_dag.py
[2025-07-04T12:38:59.228+0530] {processor.py:830} INFO - Processing file /home/tejhanagarajan/Projects/small-projects/NewsImpact/venv/lib64/python3.10/site-packages/airflow/example_dags/example_sla_dag.py for tasks to queue
[2025-07-04T12:38:59.229+0530] {logging_mixin.py:188} INFO - [2025-07-04T12:38:59.229+0530] {dagbag.py:538} INFO - Filling up the DagBag from /home/tejhanagarajan/Projects/small-projects/NewsImpact/venv/lib64/python3.10/site-packages/airflow/example_dags/example_sla_dag.py
[2025-07-04T12:38:59.234+0530] {processor.py:840} INFO - DAG(s) 'example_sla_dag' retrieved from /home/tejhanagarajan/Projects/small-projects/NewsImpact/venv/lib64/python3.10/site-packages/airflow/example_dags/example_sla_dag.py
[2025-07-04T12:38:59.241+0530] {logging_mixin.py:188} INFO - [2025-07-04T12:38:59.240+0530] {dag.py:3036} INFO - Sync 1 DAGs
[2025-07-04T12:38:59.250+0530] {logging_mixin.py:188} INFO - [2025-07-04T12:38:59.250+0530] {dag.py:3823} INFO - Setting next_dagrun for example_sla_dag to 2025-07-04 07:06:00+00:00, run_after=2025-07-04 07:08:00+00:00
[2025-07-04T12:38:59.265+0530] {processor.py:183} INFO - Processing /home/tejhanagarajan/Projects/small-projects/NewsImpact/venv/lib64/python3.10/site-packages/airflow/example_dags/example_sla_dag.py took 0.041 seconds
[2025-07-04T12:39:46.383+0530] {processor.py:161} INFO - Started process (PID=35618) to work on /home/tejhanagarajan/Projects/small-projects/NewsImpact/venv/lib64/python3.10/site-packages/airflow/example_dags/example_sla_dag.py
[2025-07-04T12:39:46.385+0530] {processor.py:830} INFO - Processing file /home/tejhanagarajan/Projects/small-projects/NewsImpact/venv/lib64/python3.10/site-packages/airflow/example_dags/example_sla_dag.py for tasks to queue
[2025-07-04T12:39:46.386+0530] {logging_mixin.py:188} INFO - [2025-07-04T12:39:46.385+0530] {dagbag.py:538} INFO - Filling up the DagBag from /home/tejhanagarajan/Projects/small-projects/NewsImpact/venv/lib64/python3.10/site-packages/airflow/example_dags/example_sla_dag.py
[2025-07-04T12:39:46.390+0530] {processor.py:840} INFO - DAG(s) 'example_sla_dag' retrieved from /home/tejhanagarajan/Projects/small-projects/NewsImpact/venv/lib64/python3.10/site-packages/airflow/example_dags/example_sla_dag.py
[2025-07-04T12:39:46.397+0530] {logging_mixin.py:188} INFO - [2025-07-04T12:39:46.396+0530] {dag.py:3036} INFO - Sync 1 DAGs
[2025-07-04T12:39:46.407+0530] {logging_mixin.py:188} INFO - [2025-07-04T12:39:46.407+0530] {dag.py:3823} INFO - Setting next_dagrun for example_sla_dag to 2025-07-04 07:06:00+00:00, run_after=2025-07-04 07:08:00+00:00
[2025-07-04T12:39:46.423+0530] {processor.py:183} INFO - Processing /home/tejhanagarajan/Projects/small-projects/NewsImpact/venv/lib64/python3.10/site-packages/airflow/example_dags/example_sla_dag.py took 0.041 seconds
[2025-07-04T12:39:52.899+0530] {processor.py:161} INFO - Started process (PID=35705) to work on /home/tejhanagarajan/Projects/small-projects/NewsImpact/venv/lib64/python3.10/site-packages/airflow/example_dags/example_sla_dag.py
[2025-07-04T12:39:52.900+0530] {processor.py:830} INFO - Processing file /home/tejhanagarajan/Projects/small-projects/NewsImpact/venv/lib64/python3.10/site-packages/airflow/example_dags/example_sla_dag.py for tasks to queue
[2025-07-04T12:39:52.900+0530] {logging_mixin.py:188} INFO - [2025-07-04T12:39:52.900+0530] {dagbag.py:538} INFO - Filling up the DagBag from /home/tejhanagarajan/Projects/small-projects/NewsImpact/venv/lib64/python3.10/site-packages/airflow/example_dags/example_sla_dag.py
[2025-07-04T12:39:52.904+0530] {processor.py:840} INFO - DAG(s) 'example_sla_dag' retrieved from /home/tejhanagarajan/Projects/small-projects/NewsImpact/venv/lib64/python3.10/site-packages/airflow/example_dags/example_sla_dag.py
[2025-07-04T12:39:52.912+0530] {logging_mixin.py:188} INFO - [2025-07-04T12:39:52.911+0530] {dag.py:3036} INFO - Sync 1 DAGs
[2025-07-04T12:39:52.922+0530] {logging_mixin.py:188} INFO - [2025-07-04T12:39:52.922+0530] {dag.py:3823} INFO - Setting next_dagrun for example_sla_dag to 2025-07-04 07:06:00+00:00, run_after=2025-07-04 07:08:00+00:00
[2025-07-04T12:39:52.939+0530] {processor.py:183} INFO - Processing /home/tejhanagarajan/Projects/small-projects/NewsImpact/venv/lib64/python3.10/site-packages/airflow/example_dags/example_sla_dag.py took 0.041 seconds
[2025-07-04T12:42:13.782+0530] {processor.py:161} INFO - Started process (PID=37877) to work on /home/tejhanagarajan/Projects/small-projects/NewsImpact/venv/lib64/python3.10/site-packages/airflow/example_dags/example_sla_dag.py
[2025-07-04T12:42:13.786+0530] {processor.py:830} INFO - Processing file /home/tejhanagarajan/Projects/small-projects/NewsImpact/venv/lib64/python3.10/site-packages/airflow/example_dags/example_sla_dag.py for tasks to queue
[2025-07-04T12:42:13.787+0530] {logging_mixin.py:188} INFO - [2025-07-04T12:42:13.787+0530] {dagbag.py:538} INFO - Filling up the DagBag from /home/tejhanagarajan/Projects/small-projects/NewsImpact/venv/lib64/python3.10/site-packages/airflow/example_dags/example_sla_dag.py
[2025-07-04T12:42:13.792+0530] {processor.py:840} INFO - DAG(s) 'example_sla_dag' retrieved from /home/tejhanagarajan/Projects/small-projects/NewsImpact/venv/lib64/python3.10/site-packages/airflow/example_dags/example_sla_dag.py
[2025-07-04T12:42:13.800+0530] {logging_mixin.py:188} INFO - [2025-07-04T12:42:13.800+0530] {dag.py:3036} INFO - Sync 1 DAGs
[2025-07-04T12:42:13.810+0530] {logging_mixin.py:188} INFO - [2025-07-04T12:42:13.810+0530] {dag.py:3823} INFO - Setting next_dagrun for example_sla_dag to 2025-07-04 07:10:00+00:00, run_after=2025-07-04 07:12:00+00:00
[2025-07-04T12:42:13.828+0530] {processor.py:183} INFO - Processing /home/tejhanagarajan/Projects/small-projects/NewsImpact/venv/lib64/python3.10/site-packages/airflow/example_dags/example_sla_dag.py took 0.048 seconds
[2025-07-04T12:42:58.974+0530] {processor.py:161} INFO - Started process (PID=38225) to work on /home/tejhanagarajan/Projects/small-projects/NewsImpact/venv/lib64/python3.10/site-packages/airflow/example_dags/example_sla_dag.py
[2025-07-04T12:42:58.976+0530] {processor.py:830} INFO - Processing file /home/tejhanagarajan/Projects/small-projects/NewsImpact/venv/lib64/python3.10/site-packages/airflow/example_dags/example_sla_dag.py for tasks to queue
[2025-07-04T12:42:58.977+0530] {logging_mixin.py:188} INFO - [2025-07-04T12:42:58.977+0530] {dagbag.py:538} INFO - Filling up the DagBag from /home/tejhanagarajan/Projects/small-projects/NewsImpact/venv/lib64/python3.10/site-packages/airflow/example_dags/example_sla_dag.py
[2025-07-04T12:42:58.981+0530] {processor.py:840} INFO - DAG(s) 'example_sla_dag' retrieved from /home/tejhanagarajan/Projects/small-projects/NewsImpact/venv/lib64/python3.10/site-packages/airflow/example_dags/example_sla_dag.py
[2025-07-04T12:42:58.989+0530] {logging_mixin.py:188} INFO - [2025-07-04T12:42:58.989+0530] {dag.py:3036} INFO - Sync 1 DAGs
[2025-07-04T12:42:58.998+0530] {logging_mixin.py:188} INFO - [2025-07-04T12:42:58.998+0530] {dag.py:3823} INFO - Setting next_dagrun for example_sla_dag to 2025-07-04 07:10:00+00:00, run_after=2025-07-04 07:12:00+00:00
[2025-07-04T12:42:59.016+0530] {processor.py:183} INFO - Processing /home/tejhanagarajan/Projects/small-projects/NewsImpact/venv/lib64/python3.10/site-packages/airflow/example_dags/example_sla_dag.py took 0.043 seconds
[2025-07-04T12:43:47.890+0530] {processor.py:161} INFO - Started process (PID=38619) to work on /home/tejhanagarajan/Projects/small-projects/NewsImpact/venv/lib64/python3.10/site-packages/airflow/example_dags/example_sla_dag.py
[2025-07-04T12:43:47.893+0530] {processor.py:830} INFO - Processing file /home/tejhanagarajan/Projects/small-projects/NewsImpact/venv/lib64/python3.10/site-packages/airflow/example_dags/example_sla_dag.py for tasks to queue
[2025-07-04T12:43:47.894+0530] {logging_mixin.py:188} INFO - [2025-07-04T12:43:47.894+0530] {dagbag.py:538} INFO - Filling up the DagBag from /home/tejhanagarajan/Projects/small-projects/NewsImpact/venv/lib64/python3.10/site-packages/airflow/example_dags/example_sla_dag.py
[2025-07-04T12:43:47.902+0530] {processor.py:840} INFO - DAG(s) 'example_sla_dag' retrieved from /home/tejhanagarajan/Projects/small-projects/NewsImpact/venv/lib64/python3.10/site-packages/airflow/example_dags/example_sla_dag.py
[2025-07-04T12:43:47.908+0530] {logging_mixin.py:188} INFO - [2025-07-04T12:43:47.908+0530] {dag.py:3036} INFO - Sync 1 DAGs
[2025-07-04T12:43:47.918+0530] {logging_mixin.py:188} INFO - [2025-07-04T12:43:47.917+0530] {dag.py:3823} INFO - Setting next_dagrun for example_sla_dag to 2025-07-04 07:10:00+00:00, run_after=2025-07-04 07:12:00+00:00
[2025-07-04T12:43:47.933+0530] {processor.py:183} INFO - Processing /home/tejhanagarajan/Projects/small-projects/NewsImpact/venv/lib64/python3.10/site-packages/airflow/example_dags/example_sla_dag.py took 0.045 seconds
[2025-07-04T12:44:38.586+0530] {processor.py:161} INFO - Started process (PID=38987) to work on /home/tejhanagarajan/Projects/small-projects/NewsImpact/venv/lib64/python3.10/site-packages/airflow/example_dags/example_sla_dag.py
[2025-07-04T12:44:38.588+0530] {processor.py:830} INFO - Processing file /home/tejhanagarajan/Projects/small-projects/NewsImpact/venv/lib64/python3.10/site-packages/airflow/example_dags/example_sla_dag.py for tasks to queue
[2025-07-04T12:44:38.590+0530] {logging_mixin.py:188} INFO - [2025-07-04T12:44:38.589+0530] {dagbag.py:538} INFO - Filling up the DagBag from /home/tejhanagarajan/Projects/small-projects/NewsImpact/venv/lib64/python3.10/site-packages/airflow/example_dags/example_sla_dag.py
[2025-07-04T12:44:38.596+0530] {processor.py:840} INFO - DAG(s) 'example_sla_dag' retrieved from /home/tejhanagarajan/Projects/small-projects/NewsImpact/venv/lib64/python3.10/site-packages/airflow/example_dags/example_sla_dag.py
[2025-07-04T12:44:38.606+0530] {logging_mixin.py:188} INFO - [2025-07-04T12:44:38.606+0530] {dag.py:3036} INFO - Sync 1 DAGs
[2025-07-04T12:44:38.616+0530] {logging_mixin.py:188} INFO - [2025-07-04T12:44:38.616+0530] {dag.py:3823} INFO - Setting next_dagrun for example_sla_dag to 2025-07-04 07:12:00+00:00, run_after=2025-07-04 07:14:00+00:00
[2025-07-04T12:44:38.632+0530] {processor.py:183} INFO - Processing /home/tejhanagarajan/Projects/small-projects/NewsImpact/venv/lib64/python3.10/site-packages/airflow/example_dags/example_sla_dag.py took 0.049 seconds
[2025-07-04T12:45:30.452+0530] {processor.py:161} INFO - Started process (PID=39363) to work on /home/tejhanagarajan/Projects/small-projects/NewsImpact/venv/lib64/python3.10/site-packages/airflow/example_dags/example_sla_dag.py
[2025-07-04T12:45:30.455+0530] {processor.py:830} INFO - Processing file /home/tejhanagarajan/Projects/small-projects/NewsImpact/venv/lib64/python3.10/site-packages/airflow/example_dags/example_sla_dag.py for tasks to queue
[2025-07-04T12:45:30.456+0530] {logging_mixin.py:188} INFO - [2025-07-04T12:45:30.456+0530] {dagbag.py:538} INFO - Filling up the DagBag from /home/tejhanagarajan/Projects/small-projects/NewsImpact/venv/lib64/python3.10/site-packages/airflow/example_dags/example_sla_dag.py
[2025-07-04T12:45:30.462+0530] {processor.py:840} INFO - DAG(s) 'example_sla_dag' retrieved from /home/tejhanagarajan/Projects/small-projects/NewsImpact/venv/lib64/python3.10/site-packages/airflow/example_dags/example_sla_dag.py
[2025-07-04T12:45:30.468+0530] {logging_mixin.py:188} INFO - [2025-07-04T12:45:30.468+0530] {dag.py:3036} INFO - Sync 1 DAGs
[2025-07-04T12:45:30.477+0530] {logging_mixin.py:188} INFO - [2025-07-04T12:45:30.477+0530] {dag.py:3823} INFO - Setting next_dagrun for example_sla_dag to 2025-07-04 07:12:00+00:00, run_after=2025-07-04 07:14:00+00:00
[2025-07-04T12:45:30.492+0530] {processor.py:183} INFO - Processing /home/tejhanagarajan/Projects/small-projects/NewsImpact/venv/lib64/python3.10/site-packages/airflow/example_dags/example_sla_dag.py took 0.041 seconds
[2025-07-04T12:46:23.997+0530] {processor.py:161} INFO - Started process (PID=39752) to work on /home/tejhanagarajan/Projects/small-projects/NewsImpact/venv/lib64/python3.10/site-packages/airflow/example_dags/example_sla_dag.py
[2025-07-04T12:46:24.000+0530] {processor.py:830} INFO - Processing file /home/tejhanagarajan/Projects/small-projects/NewsImpact/venv/lib64/python3.10/site-packages/airflow/example_dags/example_sla_dag.py for tasks to queue
[2025-07-04T12:46:24.001+0530] {logging_mixin.py:188} INFO - [2025-07-04T12:46:24.001+0530] {dagbag.py:538} INFO - Filling up the DagBag from /home/tejhanagarajan/Projects/small-projects/NewsImpact/venv/lib64/python3.10/site-packages/airflow/example_dags/example_sla_dag.py
[2025-07-04T12:46:24.008+0530] {processor.py:840} INFO - DAG(s) 'example_sla_dag' retrieved from /home/tejhanagarajan/Projects/small-projects/NewsImpact/venv/lib64/python3.10/site-packages/airflow/example_dags/example_sla_dag.py
[2025-07-04T12:46:24.015+0530] {logging_mixin.py:188} INFO - [2025-07-04T12:46:24.015+0530] {dag.py:3036} INFO - Sync 1 DAGs
[2025-07-04T12:46:24.024+0530] {logging_mixin.py:188} INFO - [2025-07-04T12:46:24.024+0530] {dag.py:3823} INFO - Setting next_dagrun for example_sla_dag to 2025-07-04 07:14:00+00:00, run_after=2025-07-04 07:16:00+00:00
[2025-07-04T12:46:24.040+0530] {processor.py:183} INFO - Processing /home/tejhanagarajan/Projects/small-projects/NewsImpact/venv/lib64/python3.10/site-packages/airflow/example_dags/example_sla_dag.py took 0.047 seconds
[2025-07-04T12:47:16.527+0530] {processor.py:161} INFO - Started process (PID=40138) to work on /home/tejhanagarajan/Projects/small-projects/NewsImpact/venv/lib64/python3.10/site-packages/airflow/example_dags/example_sla_dag.py
[2025-07-04T12:47:16.529+0530] {processor.py:830} INFO - Processing file /home/tejhanagarajan/Projects/small-projects/NewsImpact/venv/lib64/python3.10/site-packages/airflow/example_dags/example_sla_dag.py for tasks to queue
[2025-07-04T12:47:16.530+0530] {logging_mixin.py:188} INFO - [2025-07-04T12:47:16.530+0530] {dagbag.py:538} INFO - Filling up the DagBag from /home/tejhanagarajan/Projects/small-projects/NewsImpact/venv/lib64/python3.10/site-packages/airflow/example_dags/example_sla_dag.py
[2025-07-04T12:47:16.536+0530] {processor.py:840} INFO - DAG(s) 'example_sla_dag' retrieved from /home/tejhanagarajan/Projects/small-projects/NewsImpact/venv/lib64/python3.10/site-packages/airflow/example_dags/example_sla_dag.py
[2025-07-04T12:47:16.544+0530] {logging_mixin.py:188} INFO - [2025-07-04T12:47:16.544+0530] {dag.py:3036} INFO - Sync 1 DAGs
[2025-07-04T12:47:16.554+0530] {logging_mixin.py:188} INFO - [2025-07-04T12:47:16.554+0530] {dag.py:3823} INFO - Setting next_dagrun for example_sla_dag to 2025-07-04 07:14:00+00:00, run_after=2025-07-04 07:16:00+00:00
[2025-07-04T12:47:16.571+0530] {processor.py:183} INFO - Processing /home/tejhanagarajan/Projects/small-projects/NewsImpact/venv/lib64/python3.10/site-packages/airflow/example_dags/example_sla_dag.py took 0.047 seconds
[2025-07-04T12:48:05.648+0530] {processor.py:161} INFO - Started process (PID=40516) to work on /home/tejhanagarajan/Projects/small-projects/NewsImpact/venv/lib64/python3.10/site-packages/airflow/example_dags/example_sla_dag.py
[2025-07-04T12:48:05.650+0530] {processor.py:830} INFO - Processing file /home/tejhanagarajan/Projects/small-projects/NewsImpact/venv/lib64/python3.10/site-packages/airflow/example_dags/example_sla_dag.py for tasks to queue
[2025-07-04T12:48:05.651+0530] {logging_mixin.py:188} INFO - [2025-07-04T12:48:05.651+0530] {dagbag.py:538} INFO - Filling up the DagBag from /home/tejhanagarajan/Projects/small-projects/NewsImpact/venv/lib64/python3.10/site-packages/airflow/example_dags/example_sla_dag.py
[2025-07-04T12:48:05.655+0530] {processor.py:840} INFO - DAG(s) 'example_sla_dag' retrieved from /home/tejhanagarajan/Projects/small-projects/NewsImpact/venv/lib64/python3.10/site-packages/airflow/example_dags/example_sla_dag.py
[2025-07-04T12:48:05.661+0530] {logging_mixin.py:188} INFO - [2025-07-04T12:48:05.661+0530] {dag.py:3036} INFO - Sync 1 DAGs
[2025-07-04T12:48:05.671+0530] {logging_mixin.py:188} INFO - [2025-07-04T12:48:05.671+0530] {dag.py:3823} INFO - Setting next_dagrun for example_sla_dag to 2025-07-04 07:16:00+00:00, run_after=2025-07-04 07:18:00+00:00
[2025-07-04T12:48:05.687+0530] {processor.py:183} INFO - Processing /home/tejhanagarajan/Projects/small-projects/NewsImpact/venv/lib64/python3.10/site-packages/airflow/example_dags/example_sla_dag.py took 0.043 seconds
