[2025-07-04T12:27:11.848+0530] {processor.py:161} INFO - Started process (PID=25417) to work on /home/tejhanagarajan/Projects/small-projects/NewsImpact/venv/lib64/python3.10/site-packages/airflow/example_dags/example_branch_labels.py
[2025-07-04T12:27:11.848+0530] {processor.py:830} INFO - Processing file /home/tejhanagarajan/Projects/small-projects/NewsImpact/venv/lib64/python3.10/site-packages/airflow/example_dags/example_branch_labels.py for tasks to queue
[2025-07-04T12:27:11.849+0530] {logging_mixin.py:188} INFO - [2025-07-04T12:27:11.849+0530] {dagbag.py:538} INFO - Filling up the DagBag from /home/tejhanagarajan/Projects/small-projects/NewsImpact/venv/lib64/python3.10/site-packages/airflow/example_dags/example_branch_labels.py
[2025-07-04T12:27:11.853+0530] {processor.py:840} INFO - DAG(s) 'example_branch_labels' retrieved from /home/tejhanagarajan/Projects/small-projects/NewsImpact/venv/lib64/python3.10/site-packages/airflow/example_dags/example_branch_labels.py
[2025-07-04T12:27:11.916+0530] {logging_mixin.py:188} INFO - [2025-07-04T12:27:11.916+0530] {override.py:1769} INFO - Created Permission View: can read on DAG:example_branch_labels
[2025-07-04T12:27:11.929+0530] {logging_mixin.py:188} INFO - [2025-07-04T12:27:11.928+0530] {override.py:1769} INFO - Created Permission View: can edit on DAG:example_branch_labels
[2025-07-04T12:27:11.940+0530] {logging_mixin.py:188} INFO - [2025-07-04T12:27:11.939+0530] {override.py:1769} INFO - Created Permission View: can delete on DAG:example_branch_labels
[2025-07-04T12:27:11.940+0530] {logging_mixin.py:188} INFO - [2025-07-04T12:27:11.940+0530] {dag.py:3036} INFO - Sync 1 DAGs
[2025-07-04T12:27:11.946+0530] {logging_mixin.py:188} INFO - [2025-07-04T12:27:11.946+0530] {dag.py:3058} INFO - Creating ORM DAG for example_branch_labels
[2025-07-04T12:27:11.951+0530] {logging_mixin.py:188} INFO - [2025-07-04T12:27:11.951+0530] {dag.py:3823} INFO - Setting next_dagrun for example_branch_labels to 2025-07-03 00:00:00+00:00, run_after=2025-07-04 00:00:00+00:00
[2025-07-04T12:27:11.967+0530] {processor.py:183} INFO - Processing /home/tejhanagarajan/Projects/small-projects/NewsImpact/venv/lib64/python3.10/site-packages/airflow/example_dags/example_branch_labels.py took 0.121 seconds
[2025-07-04T12:28:09.556+0530] {processor.py:161} INFO - Started process (PID=25854) to work on /home/tejhanagarajan/Projects/small-projects/NewsImpact/venv/lib64/python3.10/site-packages/airflow/example_dags/example_branch_labels.py
[2025-07-04T12:28:09.556+0530] {processor.py:830} INFO - Processing file /home/tejhanagarajan/Projects/small-projects/NewsImpact/venv/lib64/python3.10/site-packages/airflow/example_dags/example_branch_labels.py for tasks to queue
[2025-07-04T12:28:09.556+0530] {logging_mixin.py:188} INFO - [2025-07-04T12:28:09.556+0530] {dagbag.py:538} INFO - Filling up the DagBag from /home/tejhanagarajan/Projects/small-projects/NewsImpact/venv/lib64/python3.10/site-packages/airflow/example_dags/example_branch_labels.py
[2025-07-04T12:28:09.560+0530] {processor.py:840} INFO - DAG(s) 'example_branch_labels' retrieved from /home/tejhanagarajan/Projects/small-projects/NewsImpact/venv/lib64/python3.10/site-packages/airflow/example_dags/example_branch_labels.py
[2025-07-04T12:28:09.567+0530] {logging_mixin.py:188} INFO - [2025-07-04T12:28:09.567+0530] {dag.py:3036} INFO - Sync 1 DAGs
[2025-07-04T12:28:09.576+0530] {logging_mixin.py:188} INFO - [2025-07-04T12:28:09.576+0530] {dag.py:3823} INFO - Setting next_dagrun for example_branch_labels to 2025-07-03 00:00:00+00:00, run_after=2025-07-04 00:00:00+00:00
[2025-07-04T12:28:09.593+0530] {processor.py:183} INFO - Processing /home/tejhanagarajan/Projects/small-projects/NewsImpact/venv/lib64/python3.10/site-packages/airflow/example_dags/example_branch_labels.py took 0.040 seconds
[2025-07-04T12:29:08.195+0530] {processor.py:161} INFO - Started process (PID=26355) to work on /home/tejhanagarajan/Projects/small-projects/NewsImpact/venv/lib64/python3.10/site-packages/airflow/example_dags/example_branch_labels.py
[2025-07-04T12:29:08.195+0530] {processor.py:830} INFO - Processing file /home/tejhanagarajan/Projects/small-projects/NewsImpact/venv/lib64/python3.10/site-packages/airflow/example_dags/example_branch_labels.py for tasks to queue
[2025-07-04T12:29:08.196+0530] {logging_mixin.py:188} INFO - [2025-07-04T12:29:08.196+0530] {dagbag.py:538} INFO - Filling up the DagBag from /home/tejhanagarajan/Projects/small-projects/NewsImpact/venv/lib64/python3.10/site-packages/airflow/example_dags/example_branch_labels.py
[2025-07-04T12:29:08.201+0530] {processor.py:840} INFO - DAG(s) 'example_branch_labels' retrieved from /home/tejhanagarajan/Projects/small-projects/NewsImpact/venv/lib64/python3.10/site-packages/airflow/example_dags/example_branch_labels.py
[2025-07-04T12:29:08.208+0530] {logging_mixin.py:188} INFO - [2025-07-04T12:29:08.208+0530] {dag.py:3036} INFO - Sync 1 DAGs
[2025-07-04T12:29:08.217+0530] {logging_mixin.py:188} INFO - [2025-07-04T12:29:08.217+0530] {dag.py:3823} INFO - Setting next_dagrun for example_branch_labels to 2025-07-03 00:00:00+00:00, run_after=2025-07-04 00:00:00+00:00
[2025-07-04T12:29:08.234+0530] {processor.py:183} INFO - Processing /home/tejhanagarajan/Projects/small-projects/NewsImpact/venv/lib64/python3.10/site-packages/airflow/example_dags/example_branch_labels.py took 0.042 seconds
[2025-07-04T12:30:00.803+0530] {processor.py:161} INFO - Started process (PID=26800) to work on /home/tejhanagarajan/Projects/small-projects/NewsImpact/venv/lib64/python3.10/site-packages/airflow/example_dags/example_branch_labels.py
[2025-07-04T12:30:00.805+0530] {processor.py:830} INFO - Processing file /home/tejhanagarajan/Projects/small-projects/NewsImpact/venv/lib64/python3.10/site-packages/airflow/example_dags/example_branch_labels.py for tasks to queue
[2025-07-04T12:30:00.806+0530] {logging_mixin.py:188} INFO - [2025-07-04T12:30:00.805+0530] {dagbag.py:538} INFO - Filling up the DagBag from /home/tejhanagarajan/Projects/small-projects/NewsImpact/venv/lib64/python3.10/site-packages/airflow/example_dags/example_branch_labels.py
[2025-07-04T12:30:00.809+0530] {processor.py:840} INFO - DAG(s) 'example_branch_labels' retrieved from /home/tejhanagarajan/Projects/small-projects/NewsImpact/venv/lib64/python3.10/site-packages/airflow/example_dags/example_branch_labels.py
[2025-07-04T12:30:00.817+0530] {logging_mixin.py:188} INFO - [2025-07-04T12:30:00.817+0530] {dag.py:3036} INFO - Sync 1 DAGs
[2025-07-04T12:30:00.825+0530] {logging_mixin.py:188} INFO - [2025-07-04T12:30:00.825+0530] {dag.py:3823} INFO - Setting next_dagrun for example_branch_labels to 2025-07-03 00:00:00+00:00, run_after=2025-07-04 00:00:00+00:00
[2025-07-04T12:30:00.842+0530] {processor.py:183} INFO - Processing /home/tejhanagarajan/Projects/small-projects/NewsImpact/venv/lib64/python3.10/site-packages/airflow/example_dags/example_branch_labels.py took 0.042 seconds
[2025-07-04T12:30:54.567+0530] {processor.py:161} INFO - Started process (PID=27168) to work on /home/tejhanagarajan/Projects/small-projects/NewsImpact/venv/lib64/python3.10/site-packages/airflow/example_dags/example_branch_labels.py
[2025-07-04T12:30:54.571+0530] {processor.py:830} INFO - Processing file /home/tejhanagarajan/Projects/small-projects/NewsImpact/venv/lib64/python3.10/site-packages/airflow/example_dags/example_branch_labels.py for tasks to queue
[2025-07-04T12:30:54.572+0530] {logging_mixin.py:188} INFO - [2025-07-04T12:30:54.571+0530] {dagbag.py:538} INFO - Filling up the DagBag from /home/tejhanagarajan/Projects/small-projects/NewsImpact/venv/lib64/python3.10/site-packages/airflow/example_dags/example_branch_labels.py
[2025-07-04T12:30:54.577+0530] {processor.py:840} INFO - DAG(s) 'example_branch_labels' retrieved from /home/tejhanagarajan/Projects/small-projects/NewsImpact/venv/lib64/python3.10/site-packages/airflow/example_dags/example_branch_labels.py
[2025-07-04T12:30:54.584+0530] {logging_mixin.py:188} INFO - [2025-07-04T12:30:54.584+0530] {dag.py:3036} INFO - Sync 1 DAGs
[2025-07-04T12:30:54.592+0530] {logging_mixin.py:188} INFO - [2025-07-04T12:30:54.592+0530] {dag.py:3823} INFO - Setting next_dagrun for example_branch_labels to 2025-07-03 00:00:00+00:00, run_after=2025-07-04 00:00:00+00:00
[2025-07-04T12:30:54.609+0530] {processor.py:183} INFO - Processing /home/tejhanagarajan/Projects/small-projects/NewsImpact/venv/lib64/python3.10/site-packages/airflow/example_dags/example_branch_labels.py took 0.044 seconds
[2025-07-04T12:33:35.364+0530] {processor.py:161} INFO - Started process (PID=30266) to work on /home/tejhanagarajan/Projects/small-projects/NewsImpact/venv/lib64/python3.10/site-packages/airflow/example_dags/example_branch_labels.py
[2025-07-04T12:33:35.367+0530] {processor.py:830} INFO - Processing file /home/tejhanagarajan/Projects/small-projects/NewsImpact/venv/lib64/python3.10/site-packages/airflow/example_dags/example_branch_labels.py for tasks to queue
[2025-07-04T12:33:35.368+0530] {logging_mixin.py:188} INFO - [2025-07-04T12:33:35.367+0530] {dagbag.py:538} INFO - Filling up the DagBag from /home/tejhanagarajan/Projects/small-projects/NewsImpact/venv/lib64/python3.10/site-packages/airflow/example_dags/example_branch_labels.py
[2025-07-04T12:33:35.374+0530] {processor.py:840} INFO - DAG(s) 'example_branch_labels' retrieved from /home/tejhanagarajan/Projects/small-projects/NewsImpact/venv/lib64/python3.10/site-packages/airflow/example_dags/example_branch_labels.py
[2025-07-04T12:33:35.382+0530] {logging_mixin.py:188} INFO - [2025-07-04T12:33:35.381+0530] {dag.py:3036} INFO - Sync 1 DAGs
[2025-07-04T12:33:35.390+0530] {logging_mixin.py:188} INFO - [2025-07-04T12:33:35.390+0530] {dag.py:3823} INFO - Setting next_dagrun for example_branch_labels to 2025-07-03 00:00:00+00:00, run_after=2025-07-04 00:00:00+00:00
[2025-07-04T12:33:35.407+0530] {processor.py:183} INFO - Processing /home/tejhanagarajan/Projects/small-projects/NewsImpact/venv/lib64/python3.10/site-packages/airflow/example_dags/example_branch_labels.py took 0.045 seconds
[2025-07-04T12:34:25.763+0530] {processor.py:161} INFO - Started process (PID=30905) to work on /home/tejhanagarajan/Projects/small-projects/NewsImpact/venv/lib64/python3.10/site-packages/airflow/example_dags/example_branch_labels.py
[2025-07-04T12:34:25.765+0530] {processor.py:830} INFO - Processing file /home/tejhanagarajan/Projects/small-projects/NewsImpact/venv/lib64/python3.10/site-packages/airflow/example_dags/example_branch_labels.py for tasks to queue
[2025-07-04T12:34:25.765+0530] {logging_mixin.py:188} INFO - [2025-07-04T12:34:25.765+0530] {dagbag.py:538} INFO - Filling up the DagBag from /home/tejhanagarajan/Projects/small-projects/NewsImpact/venv/lib64/python3.10/site-packages/airflow/example_dags/example_branch_labels.py
[2025-07-04T12:34:25.769+0530] {processor.py:840} INFO - DAG(s) 'example_branch_labels' retrieved from /home/tejhanagarajan/Projects/small-projects/NewsImpact/venv/lib64/python3.10/site-packages/airflow/example_dags/example_branch_labels.py
[2025-07-04T12:34:25.775+0530] {logging_mixin.py:188} INFO - [2025-07-04T12:34:25.775+0530] {dag.py:3036} INFO - Sync 1 DAGs
[2025-07-04T12:34:25.784+0530] {logging_mixin.py:188} INFO - [2025-07-04T12:34:25.784+0530] {dag.py:3823} INFO - Setting next_dagrun for example_branch_labels to 2025-07-03 00:00:00+00:00, run_after=2025-07-04 00:00:00+00:00
[2025-07-04T12:34:25.801+0530] {processor.py:183} INFO - Processing /home/tejhanagarajan/Projects/small-projects/NewsImpact/venv/lib64/python3.10/site-packages/airflow/example_dags/example_branch_labels.py took 0.039 seconds
[2025-07-04T12:35:20.691+0530] {processor.py:161} INFO - Started process (PID=31271) to work on /home/tejhanagarajan/Projects/small-projects/NewsImpact/venv/lib64/python3.10/site-packages/airflow/example_dags/example_branch_labels.py
[2025-07-04T12:35:20.694+0530] {processor.py:830} INFO - Processing file /home/tejhanagarajan/Projects/small-projects/NewsImpact/venv/lib64/python3.10/site-packages/airflow/example_dags/example_branch_labels.py for tasks to queue
[2025-07-04T12:35:20.694+0530] {logging_mixin.py:188} INFO - [2025-07-04T12:35:20.694+0530] {dagbag.py:538} INFO - Filling up the DagBag from /home/tejhanagarajan/Projects/small-projects/NewsImpact/venv/lib64/python3.10/site-packages/airflow/example_dags/example_branch_labels.py
[2025-07-04T12:35:20.698+0530] {processor.py:840} INFO - DAG(s) 'example_branch_labels' retrieved from /home/tejhanagarajan/Projects/small-projects/NewsImpact/venv/lib64/python3.10/site-packages/airflow/example_dags/example_branch_labels.py
[2025-07-04T12:35:20.705+0530] {logging_mixin.py:188} INFO - [2025-07-04T12:35:20.704+0530] {dag.py:3036} INFO - Sync 1 DAGs
[2025-07-04T12:35:20.713+0530] {logging_mixin.py:188} INFO - [2025-07-04T12:35:20.713+0530] {dag.py:3823} INFO - Setting next_dagrun for example_branch_labels to 2025-07-03 00:00:00+00:00, run_after=2025-07-04 00:00:00+00:00
[2025-07-04T12:35:20.729+0530] {processor.py:183} INFO - Processing /home/tejhanagarajan/Projects/small-projects/NewsImpact/venv/lib64/python3.10/site-packages/airflow/example_dags/example_branch_labels.py took 0.039 seconds
[2025-07-04T12:36:14.794+0530] {processor.py:161} INFO - Started process (PID=31759) to work on /home/tejhanagarajan/Projects/small-projects/NewsImpact/venv/lib64/python3.10/site-packages/airflow/example_dags/example_branch_labels.py
[2025-07-04T12:36:14.796+0530] {processor.py:830} INFO - Processing file /home/tejhanagarajan/Projects/small-projects/NewsImpact/venv/lib64/python3.10/site-packages/airflow/example_dags/example_branch_labels.py for tasks to queue
[2025-07-04T12:36:14.796+0530] {logging_mixin.py:188} INFO - [2025-07-04T12:36:14.796+0530] {dagbag.py:538} INFO - Filling up the DagBag from /home/tejhanagarajan/Projects/small-projects/NewsImpact/venv/lib64/python3.10/site-packages/airflow/example_dags/example_branch_labels.py
[2025-07-04T12:36:14.800+0530] {processor.py:840} INFO - DAG(s) 'example_branch_labels' retrieved from /home/tejhanagarajan/Projects/small-projects/NewsImpact/venv/lib64/python3.10/site-packages/airflow/example_dags/example_branch_labels.py
[2025-07-04T12:36:14.807+0530] {logging_mixin.py:188} INFO - [2025-07-04T12:36:14.807+0530] {dag.py:3036} INFO - Sync 1 DAGs
[2025-07-04T12:36:14.815+0530] {logging_mixin.py:188} INFO - [2025-07-04T12:36:14.815+0530] {dag.py:3823} INFO - Setting next_dagrun for example_branch_labels to 2025-07-03 00:00:00+00:00, run_after=2025-07-04 00:00:00+00:00
[2025-07-04T12:36:14.830+0530] {processor.py:183} INFO - Processing /home/tejhanagarajan/Projects/small-projects/NewsImpact/venv/lib64/python3.10/site-packages/airflow/example_dags/example_branch_labels.py took 0.038 seconds
[2025-07-04T12:37:07.751+0530] {processor.py:161} INFO - Started process (PID=32270) to work on /home/tejhanagarajan/Projects/small-projects/NewsImpact/venv/lib64/python3.10/site-packages/airflow/example_dags/example_branch_labels.py
[2025-07-04T12:37:07.753+0530] {processor.py:830} INFO - Processing file /home/tejhanagarajan/Projects/small-projects/NewsImpact/venv/lib64/python3.10/site-packages/airflow/example_dags/example_branch_labels.py for tasks to queue
[2025-07-04T12:37:07.754+0530] {logging_mixin.py:188} INFO - [2025-07-04T12:37:07.753+0530] {dagbag.py:538} INFO - Filling up the DagBag from /home/tejhanagarajan/Projects/small-projects/NewsImpact/venv/lib64/python3.10/site-packages/airflow/example_dags/example_branch_labels.py
[2025-07-04T12:37:07.757+0530] {processor.py:840} INFO - DAG(s) 'example_branch_labels' retrieved from /home/tejhanagarajan/Projects/small-projects/NewsImpact/venv/lib64/python3.10/site-packages/airflow/example_dags/example_branch_labels.py
[2025-07-04T12:37:07.764+0530] {logging_mixin.py:188} INFO - [2025-07-04T12:37:07.764+0530] {dag.py:3036} INFO - Sync 1 DAGs
[2025-07-04T12:37:07.773+0530] {logging_mixin.py:188} INFO - [2025-07-04T12:37:07.773+0530] {dag.py:3823} INFO - Setting next_dagrun for example_branch_labels to 2025-07-03 00:00:00+00:00, run_after=2025-07-04 00:00:00+00:00
[2025-07-04T12:37:07.789+0530] {processor.py:183} INFO - Processing /home/tejhanagarajan/Projects/small-projects/NewsImpact/venv/lib64/python3.10/site-packages/airflow/example_dags/example_branch_labels.py took 0.041 seconds
[2025-07-04T12:37:54.624+0530] {processor.py:161} INFO - Started process (PID=34269) to work on /home/tejhanagarajan/Projects/small-projects/NewsImpact/venv/lib64/python3.10/site-packages/airflow/example_dags/example_branch_labels.py
[2025-07-04T12:37:54.626+0530] {processor.py:830} INFO - Processing file /home/tejhanagarajan/Projects/small-projects/NewsImpact/venv/lib64/python3.10/site-packages/airflow/example_dags/example_branch_labels.py for tasks to queue
[2025-07-04T12:37:54.626+0530] {logging_mixin.py:188} INFO - [2025-07-04T12:37:54.626+0530] {dagbag.py:538} INFO - Filling up the DagBag from /home/tejhanagarajan/Projects/small-projects/NewsImpact/venv/lib64/python3.10/site-packages/airflow/example_dags/example_branch_labels.py
[2025-07-04T12:37:54.631+0530] {processor.py:840} INFO - DAG(s) 'example_branch_labels' retrieved from /home/tejhanagarajan/Projects/small-projects/NewsImpact/venv/lib64/python3.10/site-packages/airflow/example_dags/example_branch_labels.py
[2025-07-04T12:37:54.639+0530] {logging_mixin.py:188} INFO - [2025-07-04T12:37:54.639+0530] {dag.py:3036} INFO - Sync 1 DAGs
[2025-07-04T12:37:54.649+0530] {logging_mixin.py:188} INFO - [2025-07-04T12:37:54.648+0530] {dag.py:3823} INFO - Setting next_dagrun for example_branch_labels to 2025-07-03 00:00:00+00:00, run_after=2025-07-04 00:00:00+00:00
[2025-07-04T12:37:54.665+0530] {processor.py:183} INFO - Processing /home/tejhanagarajan/Projects/small-projects/NewsImpact/venv/lib64/python3.10/site-packages/airflow/example_dags/example_branch_labels.py took 0.043 seconds
[2025-07-04T12:38:37.527+0530] {processor.py:161} INFO - Started process (PID=34992) to work on /home/tejhanagarajan/Projects/small-projects/NewsImpact/venv/lib64/python3.10/site-packages/airflow/example_dags/example_branch_labels.py
[2025-07-04T12:38:37.529+0530] {processor.py:830} INFO - Processing file /home/tejhanagarajan/Projects/small-projects/NewsImpact/venv/lib64/python3.10/site-packages/airflow/example_dags/example_branch_labels.py for tasks to queue
[2025-07-04T12:38:37.530+0530] {logging_mixin.py:188} INFO - [2025-07-04T12:38:37.530+0530] {dagbag.py:538} INFO - Filling up the DagBag from /home/tejhanagarajan/Projects/small-projects/NewsImpact/venv/lib64/python3.10/site-packages/airflow/example_dags/example_branch_labels.py
[2025-07-04T12:38:37.536+0530] {processor.py:840} INFO - DAG(s) 'example_branch_labels' retrieved from /home/tejhanagarajan/Projects/small-projects/NewsImpact/venv/lib64/python3.10/site-packages/airflow/example_dags/example_branch_labels.py
[2025-07-04T12:38:37.544+0530] {logging_mixin.py:188} INFO - [2025-07-04T12:38:37.544+0530] {dag.py:3036} INFO - Sync 1 DAGs
[2025-07-04T12:38:37.552+0530] {logging_mixin.py:188} INFO - [2025-07-04T12:38:37.552+0530] {dag.py:3823} INFO - Setting next_dagrun for example_branch_labels to 2025-07-03 00:00:00+00:00, run_after=2025-07-04 00:00:00+00:00
[2025-07-04T12:38:37.570+0530] {processor.py:183} INFO - Processing /home/tejhanagarajan/Projects/small-projects/NewsImpact/venv/lib64/python3.10/site-packages/airflow/example_dags/example_branch_labels.py took 0.046 seconds
[2025-07-04T12:38:46.866+0530] {processor.py:161} INFO - Started process (PID=35088) to work on /home/tejhanagarajan/Projects/small-projects/NewsImpact/venv/lib64/python3.10/site-packages/airflow/example_dags/example_branch_labels.py
[2025-07-04T12:38:46.866+0530] {processor.py:830} INFO - Processing file /home/tejhanagarajan/Projects/small-projects/NewsImpact/venv/lib64/python3.10/site-packages/airflow/example_dags/example_branch_labels.py for tasks to queue
[2025-07-04T12:38:46.867+0530] {logging_mixin.py:188} INFO - [2025-07-04T12:38:46.867+0530] {dagbag.py:538} INFO - Filling up the DagBag from /home/tejhanagarajan/Projects/small-projects/NewsImpact/venv/lib64/python3.10/site-packages/airflow/example_dags/example_branch_labels.py
[2025-07-04T12:38:46.871+0530] {processor.py:840} INFO - DAG(s) 'example_branch_labels' retrieved from /home/tejhanagarajan/Projects/small-projects/NewsImpact/venv/lib64/python3.10/site-packages/airflow/example_dags/example_branch_labels.py
[2025-07-04T12:38:46.879+0530] {logging_mixin.py:188} INFO - [2025-07-04T12:38:46.879+0530] {dag.py:3036} INFO - Sync 1 DAGs
[2025-07-04T12:38:46.887+0530] {logging_mixin.py:188} INFO - [2025-07-04T12:38:46.887+0530] {dag.py:3823} INFO - Setting next_dagrun for example_branch_labels to 2025-07-03 00:00:00+00:00, run_after=2025-07-04 00:00:00+00:00
[2025-07-04T12:38:46.903+0530] {processor.py:183} INFO - Processing /home/tejhanagarajan/Projects/small-projects/NewsImpact/venv/lib64/python3.10/site-packages/airflow/example_dags/example_branch_labels.py took 0.040 seconds
[2025-07-04T12:39:29.012+0530] {processor.py:161} INFO - Started process (PID=35483) to work on /home/tejhanagarajan/Projects/small-projects/NewsImpact/venv/lib64/python3.10/site-packages/airflow/example_dags/example_branch_labels.py
[2025-07-04T12:39:29.015+0530] {processor.py:830} INFO - Processing file /home/tejhanagarajan/Projects/small-projects/NewsImpact/venv/lib64/python3.10/site-packages/airflow/example_dags/example_branch_labels.py for tasks to queue
[2025-07-04T12:39:29.016+0530] {logging_mixin.py:188} INFO - [2025-07-04T12:39:29.016+0530] {dagbag.py:538} INFO - Filling up the DagBag from /home/tejhanagarajan/Projects/small-projects/NewsImpact/venv/lib64/python3.10/site-packages/airflow/example_dags/example_branch_labels.py
[2025-07-04T12:39:29.021+0530] {processor.py:840} INFO - DAG(s) 'example_branch_labels' retrieved from /home/tejhanagarajan/Projects/small-projects/NewsImpact/venv/lib64/python3.10/site-packages/airflow/example_dags/example_branch_labels.py
[2025-07-04T12:39:29.028+0530] {logging_mixin.py:188} INFO - [2025-07-04T12:39:29.028+0530] {dag.py:3036} INFO - Sync 1 DAGs
[2025-07-04T12:39:29.036+0530] {logging_mixin.py:188} INFO - [2025-07-04T12:39:29.036+0530] {dag.py:3823} INFO - Setting next_dagrun for example_branch_labels to 2025-07-03 00:00:00+00:00, run_after=2025-07-04 00:00:00+00:00
[2025-07-04T12:39:29.052+0530] {processor.py:183} INFO - Processing /home/tejhanagarajan/Projects/small-projects/NewsImpact/venv/lib64/python3.10/site-packages/airflow/example_dags/example_branch_labels.py took 0.042 seconds
[2025-07-04T12:39:41.580+0530] {processor.py:161} INFO - Started process (PID=35578) to work on /home/tejhanagarajan/Projects/small-projects/NewsImpact/venv/lib64/python3.10/site-packages/airflow/example_dags/example_branch_labels.py
[2025-07-04T12:39:41.581+0530] {processor.py:830} INFO - Processing file /home/tejhanagarajan/Projects/small-projects/NewsImpact/venv/lib64/python3.10/site-packages/airflow/example_dags/example_branch_labels.py for tasks to queue
[2025-07-04T12:39:41.581+0530] {logging_mixin.py:188} INFO - [2025-07-04T12:39:41.581+0530] {dagbag.py:538} INFO - Filling up the DagBag from /home/tejhanagarajan/Projects/small-projects/NewsImpact/venv/lib64/python3.10/site-packages/airflow/example_dags/example_branch_labels.py
[2025-07-04T12:39:41.585+0530] {processor.py:840} INFO - DAG(s) 'example_branch_labels' retrieved from /home/tejhanagarajan/Projects/small-projects/NewsImpact/venv/lib64/python3.10/site-packages/airflow/example_dags/example_branch_labels.py
[2025-07-04T12:39:41.594+0530] {logging_mixin.py:188} INFO - [2025-07-04T12:39:41.594+0530] {dag.py:3036} INFO - Sync 1 DAGs
[2025-07-04T12:39:41.604+0530] {logging_mixin.py:188} INFO - [2025-07-04T12:39:41.604+0530] {dag.py:3823} INFO - Setting next_dagrun for example_branch_labels to 2025-07-03 00:00:00+00:00, run_after=2025-07-04 00:00:00+00:00
[2025-07-04T12:39:41.622+0530] {processor.py:183} INFO - Processing /home/tejhanagarajan/Projects/small-projects/NewsImpact/venv/lib64/python3.10/site-packages/airflow/example_dags/example_branch_labels.py took 0.044 seconds
[2025-07-04T12:42:38.399+0530] {processor.py:161} INFO - Started process (PID=38063) to work on /home/tejhanagarajan/Projects/small-projects/NewsImpact/venv/lib64/python3.10/site-packages/airflow/example_dags/example_branch_labels.py
[2025-07-04T12:42:38.403+0530] {processor.py:830} INFO - Processing file /home/tejhanagarajan/Projects/small-projects/NewsImpact/venv/lib64/python3.10/site-packages/airflow/example_dags/example_branch_labels.py for tasks to queue
[2025-07-04T12:42:38.403+0530] {logging_mixin.py:188} INFO - [2025-07-04T12:42:38.403+0530] {dagbag.py:538} INFO - Filling up the DagBag from /home/tejhanagarajan/Projects/small-projects/NewsImpact/venv/lib64/python3.10/site-packages/airflow/example_dags/example_branch_labels.py
[2025-07-04T12:42:38.407+0530] {processor.py:840} INFO - DAG(s) 'example_branch_labels' retrieved from /home/tejhanagarajan/Projects/small-projects/NewsImpact/venv/lib64/python3.10/site-packages/airflow/example_dags/example_branch_labels.py
[2025-07-04T12:42:38.414+0530] {logging_mixin.py:188} INFO - [2025-07-04T12:42:38.414+0530] {dag.py:3036} INFO - Sync 1 DAGs
[2025-07-04T12:42:38.422+0530] {logging_mixin.py:188} INFO - [2025-07-04T12:42:38.422+0530] {dag.py:3823} INFO - Setting next_dagrun for example_branch_labels to 2025-07-03 00:00:00+00:00, run_after=2025-07-04 00:00:00+00:00
[2025-07-04T12:42:38.438+0530] {processor.py:183} INFO - Processing /home/tejhanagarajan/Projects/small-projects/NewsImpact/venv/lib64/python3.10/site-packages/airflow/example_dags/example_branch_labels.py took 0.041 seconds
[2025-07-04T12:43:29.977+0530] {processor.py:161} INFO - Started process (PID=38498) to work on /home/tejhanagarajan/Projects/small-projects/NewsImpact/venv/lib64/python3.10/site-packages/airflow/example_dags/example_branch_labels.py
[2025-07-04T12:43:29.979+0530] {processor.py:830} INFO - Processing file /home/tejhanagarajan/Projects/small-projects/NewsImpact/venv/lib64/python3.10/site-packages/airflow/example_dags/example_branch_labels.py for tasks to queue
[2025-07-04T12:43:29.980+0530] {logging_mixin.py:188} INFO - [2025-07-04T12:43:29.980+0530] {dagbag.py:538} INFO - Filling up the DagBag from /home/tejhanagarajan/Projects/small-projects/NewsImpact/venv/lib64/python3.10/site-packages/airflow/example_dags/example_branch_labels.py
[2025-07-04T12:43:29.988+0530] {processor.py:840} INFO - DAG(s) 'example_branch_labels' retrieved from /home/tejhanagarajan/Projects/small-projects/NewsImpact/venv/lib64/python3.10/site-packages/airflow/example_dags/example_branch_labels.py
[2025-07-04T12:43:29.997+0530] {logging_mixin.py:188} INFO - [2025-07-04T12:43:29.997+0530] {dag.py:3036} INFO - Sync 1 DAGs
[2025-07-04T12:43:30.007+0530] {logging_mixin.py:188} INFO - [2025-07-04T12:43:30.007+0530] {dag.py:3823} INFO - Setting next_dagrun for example_branch_labels to 2025-07-03 00:00:00+00:00, run_after=2025-07-04 00:00:00+00:00
[2025-07-04T12:43:30.024+0530] {processor.py:183} INFO - Processing /home/tejhanagarajan/Projects/small-projects/NewsImpact/venv/lib64/python3.10/site-packages/airflow/example_dags/example_branch_labels.py took 0.051 seconds
[2025-07-04T12:44:23.726+0530] {processor.py:161} INFO - Started process (PID=38874) to work on /home/tejhanagarajan/Projects/small-projects/NewsImpact/venv/lib64/python3.10/site-packages/airflow/example_dags/example_branch_labels.py
[2025-07-04T12:44:23.729+0530] {processor.py:830} INFO - Processing file /home/tejhanagarajan/Projects/small-projects/NewsImpact/venv/lib64/python3.10/site-packages/airflow/example_dags/example_branch_labels.py for tasks to queue
[2025-07-04T12:44:23.729+0530] {logging_mixin.py:188} INFO - [2025-07-04T12:44:23.729+0530] {dagbag.py:538} INFO - Filling up the DagBag from /home/tejhanagarajan/Projects/small-projects/NewsImpact/venv/lib64/python3.10/site-packages/airflow/example_dags/example_branch_labels.py
[2025-07-04T12:44:23.734+0530] {processor.py:840} INFO - DAG(s) 'example_branch_labels' retrieved from /home/tejhanagarajan/Projects/small-projects/NewsImpact/venv/lib64/python3.10/site-packages/airflow/example_dags/example_branch_labels.py
[2025-07-04T12:44:23.741+0530] {logging_mixin.py:188} INFO - [2025-07-04T12:44:23.741+0530] {dag.py:3036} INFO - Sync 1 DAGs
[2025-07-04T12:44:23.750+0530] {logging_mixin.py:188} INFO - [2025-07-04T12:44:23.750+0530] {dag.py:3823} INFO - Setting next_dagrun for example_branch_labels to 2025-07-03 00:00:00+00:00, run_after=2025-07-04 00:00:00+00:00
[2025-07-04T12:44:23.768+0530] {processor.py:183} INFO - Processing /home/tejhanagarajan/Projects/small-projects/NewsImpact/venv/lib64/python3.10/site-packages/airflow/example_dags/example_branch_labels.py took 0.043 seconds
[2025-07-04T12:45:16.998+0530] {processor.py:161} INFO - Started process (PID=39280) to work on /home/tejhanagarajan/Projects/small-projects/NewsImpact/venv/lib64/python3.10/site-packages/airflow/example_dags/example_branch_labels.py
[2025-07-04T12:45:17.001+0530] {processor.py:830} INFO - Processing file /home/tejhanagarajan/Projects/small-projects/NewsImpact/venv/lib64/python3.10/site-packages/airflow/example_dags/example_branch_labels.py for tasks to queue
[2025-07-04T12:45:17.003+0530] {logging_mixin.py:188} INFO - [2025-07-04T12:45:17.002+0530] {dagbag.py:538} INFO - Filling up the DagBag from /home/tejhanagarajan/Projects/small-projects/NewsImpact/venv/lib64/python3.10/site-packages/airflow/example_dags/example_branch_labels.py
[2025-07-04T12:45:17.008+0530] {processor.py:840} INFO - DAG(s) 'example_branch_labels' retrieved from /home/tejhanagarajan/Projects/small-projects/NewsImpact/venv/lib64/python3.10/site-packages/airflow/example_dags/example_branch_labels.py
[2025-07-04T12:45:17.017+0530] {logging_mixin.py:188} INFO - [2025-07-04T12:45:17.017+0530] {dag.py:3036} INFO - Sync 1 DAGs
[2025-07-04T12:45:17.025+0530] {logging_mixin.py:188} INFO - [2025-07-04T12:45:17.025+0530] {dag.py:3823} INFO - Setting next_dagrun for example_branch_labels to 2025-07-03 00:00:00+00:00, run_after=2025-07-04 00:00:00+00:00
[2025-07-04T12:45:17.041+0530] {processor.py:183} INFO - Processing /home/tejhanagarajan/Projects/small-projects/NewsImpact/venv/lib64/python3.10/site-packages/airflow/example_dags/example_branch_labels.py took 0.046 seconds
[2025-07-04T12:46:11.048+0530] {processor.py:161} INFO - Started process (PID=39641) to work on /home/tejhanagarajan/Projects/small-projects/NewsImpact/venv/lib64/python3.10/site-packages/airflow/example_dags/example_branch_labels.py
[2025-07-04T12:46:11.051+0530] {processor.py:830} INFO - Processing file /home/tejhanagarajan/Projects/small-projects/NewsImpact/venv/lib64/python3.10/site-packages/airflow/example_dags/example_branch_labels.py for tasks to queue
[2025-07-04T12:46:11.051+0530] {logging_mixin.py:188} INFO - [2025-07-04T12:46:11.051+0530] {dagbag.py:538} INFO - Filling up the DagBag from /home/tejhanagarajan/Projects/small-projects/NewsImpact/venv/lib64/python3.10/site-packages/airflow/example_dags/example_branch_labels.py
[2025-07-04T12:46:11.054+0530] {processor.py:840} INFO - DAG(s) 'example_branch_labels' retrieved from /home/tejhanagarajan/Projects/small-projects/NewsImpact/venv/lib64/python3.10/site-packages/airflow/example_dags/example_branch_labels.py
[2025-07-04T12:46:11.062+0530] {logging_mixin.py:188} INFO - [2025-07-04T12:46:11.061+0530] {dag.py:3036} INFO - Sync 1 DAGs
[2025-07-04T12:46:11.070+0530] {logging_mixin.py:188} INFO - [2025-07-04T12:46:11.070+0530] {dag.py:3823} INFO - Setting next_dagrun for example_branch_labels to 2025-07-03 00:00:00+00:00, run_after=2025-07-04 00:00:00+00:00
[2025-07-04T12:46:11.086+0530] {processor.py:183} INFO - Processing /home/tejhanagarajan/Projects/small-projects/NewsImpact/venv/lib64/python3.10/site-packages/airflow/example_dags/example_branch_labels.py took 0.039 seconds
[2025-07-04T12:47:02.823+0530] {processor.py:161} INFO - Started process (PID=40040) to work on /home/tejhanagarajan/Projects/small-projects/NewsImpact/venv/lib64/python3.10/site-packages/airflow/example_dags/example_branch_labels.py
[2025-07-04T12:47:02.825+0530] {processor.py:830} INFO - Processing file /home/tejhanagarajan/Projects/small-projects/NewsImpact/venv/lib64/python3.10/site-packages/airflow/example_dags/example_branch_labels.py for tasks to queue
[2025-07-04T12:47:02.826+0530] {logging_mixin.py:188} INFO - [2025-07-04T12:47:02.825+0530] {dagbag.py:538} INFO - Filling up the DagBag from /home/tejhanagarajan/Projects/small-projects/NewsImpact/venv/lib64/python3.10/site-packages/airflow/example_dags/example_branch_labels.py
[2025-07-04T12:47:02.831+0530] {processor.py:840} INFO - DAG(s) 'example_branch_labels' retrieved from /home/tejhanagarajan/Projects/small-projects/NewsImpact/venv/lib64/python3.10/site-packages/airflow/example_dags/example_branch_labels.py
[2025-07-04T12:47:02.838+0530] {logging_mixin.py:188} INFO - [2025-07-04T12:47:02.837+0530] {dag.py:3036} INFO - Sync 1 DAGs
[2025-07-04T12:47:02.846+0530] {logging_mixin.py:188} INFO - [2025-07-04T12:47:02.846+0530] {dag.py:3823} INFO - Setting next_dagrun for example_branch_labels to 2025-07-03 00:00:00+00:00, run_after=2025-07-04 00:00:00+00:00
[2025-07-04T12:47:02.862+0530] {processor.py:183} INFO - Processing /home/tejhanagarajan/Projects/small-projects/NewsImpact/venv/lib64/python3.10/site-packages/airflow/example_dags/example_branch_labels.py took 0.041 seconds
[2025-07-04T12:47:55.641+0530] {processor.py:161} INFO - Started process (PID=40428) to work on /home/tejhanagarajan/Projects/small-projects/NewsImpact/venv/lib64/python3.10/site-packages/airflow/example_dags/example_branch_labels.py
[2025-07-04T12:47:55.644+0530] {processor.py:830} INFO - Processing file /home/tejhanagarajan/Projects/small-projects/NewsImpact/venv/lib64/python3.10/site-packages/airflow/example_dags/example_branch_labels.py for tasks to queue
[2025-07-04T12:47:55.645+0530] {logging_mixin.py:188} INFO - [2025-07-04T12:47:55.644+0530] {dagbag.py:538} INFO - Filling up the DagBag from /home/tejhanagarajan/Projects/small-projects/NewsImpact/venv/lib64/python3.10/site-packages/airflow/example_dags/example_branch_labels.py
[2025-07-04T12:47:55.652+0530] {processor.py:840} INFO - DAG(s) 'example_branch_labels' retrieved from /home/tejhanagarajan/Projects/small-projects/NewsImpact/venv/lib64/python3.10/site-packages/airflow/example_dags/example_branch_labels.py
[2025-07-04T12:47:55.659+0530] {logging_mixin.py:188} INFO - [2025-07-04T12:47:55.659+0530] {dag.py:3036} INFO - Sync 1 DAGs
[2025-07-04T12:47:55.668+0530] {logging_mixin.py:188} INFO - [2025-07-04T12:47:55.667+0530] {dag.py:3823} INFO - Setting next_dagrun for example_branch_labels to 2025-07-03 00:00:00+00:00, run_after=2025-07-04 00:00:00+00:00
[2025-07-04T12:47:55.683+0530] {processor.py:183} INFO - Processing /home/tejhanagarajan/Projects/small-projects/NewsImpact/venv/lib64/python3.10/site-packages/airflow/example_dags/example_branch_labels.py took 0.046 seconds
