[2025-07-04T12:26:38.574+0530] {processor.py:161} INFO - Started process (PID=25183) to work on /home/tejhanagarajan/Projects/small-projects/NewsImpact/venv/lib64/python3.10/site-packages/airflow/example_dags/example_time_delta_sensor_async.py
[2025-07-04T12:26:38.574+0530] {processor.py:830} INFO - Processing file /home/tejhanagarajan/Projects/small-projects/NewsImpact/venv/lib64/python3.10/site-packages/airflow/example_dags/example_time_delta_sensor_async.py for tasks to queue
[2025-07-04T12:26:38.575+0530] {logging_mixin.py:188} INFO - [2025-07-04T12:26:38.575+0530] {dagbag.py:538} INFO - Filling up the DagBag from /home/tejhanagarajan/Projects/small-projects/NewsImpact/venv/lib64/python3.10/site-packages/airflow/example_dags/example_time_delta_sensor_async.py
[2025-07-04T12:26:38.578+0530] {processor.py:840} INFO - DAG(s) 'example_time_delta_sensor_async' retrieved from /home/tejhanagarajan/Projects/small-projects/NewsImpact/venv/lib64/python3.10/site-packages/airflow/example_dags/example_time_delta_sensor_async.py
[2025-07-04T12:26:38.636+0530] {logging_mixin.py:188} INFO - [2025-07-04T12:26:38.635+0530] {override.py:1769} INFO - Created Permission View: can read on DAG:example_time_delta_sensor_async
[2025-07-04T12:26:38.647+0530] {logging_mixin.py:188} INFO - [2025-07-04T12:26:38.647+0530] {override.py:1769} INFO - Created Permission View: can edit on DAG:example_time_delta_sensor_async
[2025-07-04T12:26:38.657+0530] {logging_mixin.py:188} INFO - [2025-07-04T12:26:38.657+0530] {override.py:1769} INFO - Created Permission View: can delete on DAG:example_time_delta_sensor_async
[2025-07-04T12:26:38.657+0530] {logging_mixin.py:188} INFO - [2025-07-04T12:26:38.657+0530] {dag.py:3036} INFO - Sync 1 DAGs
[2025-07-04T12:26:38.662+0530] {logging_mixin.py:188} INFO - [2025-07-04T12:26:38.662+0530] {dag.py:3058} INFO - Creating ORM DAG for example_time_delta_sensor_async
[2025-07-04T12:26:38.662+0530] {logging_mixin.py:188} INFO - [2025-07-04T12:26:38.662+0530] {dag.py:3823} INFO - Setting next_dagrun for example_time_delta_sensor_async to None, run_after=None
[2025-07-04T12:26:38.678+0530] {processor.py:183} INFO - Processing /home/tejhanagarajan/Projects/small-projects/NewsImpact/venv/lib64/python3.10/site-packages/airflow/example_dags/example_time_delta_sensor_async.py took 0.107 seconds
[2025-07-04T12:27:29.823+0530] {processor.py:161} INFO - Started process (PID=25571) to work on /home/tejhanagarajan/Projects/small-projects/NewsImpact/venv/lib64/python3.10/site-packages/airflow/example_dags/example_time_delta_sensor_async.py
[2025-07-04T12:27:29.824+0530] {processor.py:830} INFO - Processing file /home/tejhanagarajan/Projects/small-projects/NewsImpact/venv/lib64/python3.10/site-packages/airflow/example_dags/example_time_delta_sensor_async.py for tasks to queue
[2025-07-04T12:27:29.825+0530] {logging_mixin.py:188} INFO - [2025-07-04T12:27:29.824+0530] {dagbag.py:538} INFO - Filling up the DagBag from /home/tejhanagarajan/Projects/small-projects/NewsImpact/venv/lib64/python3.10/site-packages/airflow/example_dags/example_time_delta_sensor_async.py
[2025-07-04T12:27:29.829+0530] {processor.py:840} INFO - DAG(s) 'example_time_delta_sensor_async' retrieved from /home/tejhanagarajan/Projects/small-projects/NewsImpact/venv/lib64/python3.10/site-packages/airflow/example_dags/example_time_delta_sensor_async.py
[2025-07-04T12:27:29.836+0530] {logging_mixin.py:188} INFO - [2025-07-04T12:27:29.836+0530] {dag.py:3036} INFO - Sync 1 DAGs
[2025-07-04T12:27:29.841+0530] {logging_mixin.py:188} INFO - [2025-07-04T12:27:29.841+0530] {dag.py:3823} INFO - Setting next_dagrun for example_time_delta_sensor_async to None, run_after=None
[2025-07-04T12:27:29.858+0530] {processor.py:183} INFO - Processing /home/tejhanagarajan/Projects/small-projects/NewsImpact/venv/lib64/python3.10/site-packages/airflow/example_dags/example_time_delta_sensor_async.py took 0.036 seconds
[2025-07-04T12:28:17.988+0530] {processor.py:161} INFO - Started process (PID=25975) to work on /home/tejhanagarajan/Projects/small-projects/NewsImpact/venv/lib64/python3.10/site-packages/airflow/example_dags/example_time_delta_sensor_async.py
[2025-07-04T12:28:17.989+0530] {processor.py:830} INFO - Processing file /home/tejhanagarajan/Projects/small-projects/NewsImpact/venv/lib64/python3.10/site-packages/airflow/example_dags/example_time_delta_sensor_async.py for tasks to queue
[2025-07-04T12:28:17.989+0530] {logging_mixin.py:188} INFO - [2025-07-04T12:28:17.989+0530] {dagbag.py:538} INFO - Filling up the DagBag from /home/tejhanagarajan/Projects/small-projects/NewsImpact/venv/lib64/python3.10/site-packages/airflow/example_dags/example_time_delta_sensor_async.py
[2025-07-04T12:28:17.992+0530] {processor.py:840} INFO - DAG(s) 'example_time_delta_sensor_async' retrieved from /home/tejhanagarajan/Projects/small-projects/NewsImpact/venv/lib64/python3.10/site-packages/airflow/example_dags/example_time_delta_sensor_async.py
[2025-07-04T12:28:18.001+0530] {logging_mixin.py:188} INFO - [2025-07-04T12:28:18.000+0530] {dag.py:3036} INFO - Sync 1 DAGs
[2025-07-04T12:28:18.007+0530] {logging_mixin.py:188} INFO - [2025-07-04T12:28:18.006+0530] {dag.py:3823} INFO - Setting next_dagrun for example_time_delta_sensor_async to None, run_after=None
[2025-07-04T12:28:18.024+0530] {processor.py:183} INFO - Processing /home/tejhanagarajan/Projects/small-projects/NewsImpact/venv/lib64/python3.10/site-packages/airflow/example_dags/example_time_delta_sensor_async.py took 0.040 seconds
[2025-07-04T12:28:58.049+0530] {processor.py:161} INFO - Started process (PID=26290) to work on /home/tejhanagarajan/Projects/small-projects/NewsImpact/venv/lib64/python3.10/site-packages/airflow/example_dags/example_time_delta_sensor_async.py
[2025-07-04T12:28:58.053+0530] {processor.py:830} INFO - Processing file /home/tejhanagarajan/Projects/small-projects/NewsImpact/venv/lib64/python3.10/site-packages/airflow/example_dags/example_time_delta_sensor_async.py for tasks to queue
[2025-07-04T12:28:58.055+0530] {logging_mixin.py:188} INFO - [2025-07-04T12:28:58.054+0530] {dagbag.py:538} INFO - Filling up the DagBag from /home/tejhanagarajan/Projects/small-projects/NewsImpact/venv/lib64/python3.10/site-packages/airflow/example_dags/example_time_delta_sensor_async.py
[2025-07-04T12:28:58.061+0530] {processor.py:840} INFO - DAG(s) 'example_time_delta_sensor_async' retrieved from /home/tejhanagarajan/Projects/small-projects/NewsImpact/venv/lib64/python3.10/site-packages/airflow/example_dags/example_time_delta_sensor_async.py
[2025-07-04T12:28:58.069+0530] {logging_mixin.py:188} INFO - [2025-07-04T12:28:58.069+0530] {dag.py:3036} INFO - Sync 1 DAGs
[2025-07-04T12:28:58.074+0530] {logging_mixin.py:188} INFO - [2025-07-04T12:28:58.074+0530] {dag.py:3823} INFO - Setting next_dagrun for example_time_delta_sensor_async to None, run_after=None
[2025-07-04T12:28:58.092+0530] {processor.py:183} INFO - Processing /home/tejhanagarajan/Projects/small-projects/NewsImpact/venv/lib64/python3.10/site-packages/airflow/example_dags/example_time_delta_sensor_async.py took 0.047 seconds
[2025-07-04T12:29:37.753+0530] {processor.py:161} INFO - Started process (PID=26625) to work on /home/tejhanagarajan/Projects/small-projects/NewsImpact/venv/lib64/python3.10/site-packages/airflow/example_dags/example_time_delta_sensor_async.py
[2025-07-04T12:29:37.755+0530] {processor.py:830} INFO - Processing file /home/tejhanagarajan/Projects/small-projects/NewsImpact/venv/lib64/python3.10/site-packages/airflow/example_dags/example_time_delta_sensor_async.py for tasks to queue
[2025-07-04T12:29:37.756+0530] {logging_mixin.py:188} INFO - [2025-07-04T12:29:37.756+0530] {dagbag.py:538} INFO - Filling up the DagBag from /home/tejhanagarajan/Projects/small-projects/NewsImpact/venv/lib64/python3.10/site-packages/airflow/example_dags/example_time_delta_sensor_async.py
[2025-07-04T12:29:37.760+0530] {processor.py:840} INFO - DAG(s) 'example_time_delta_sensor_async' retrieved from /home/tejhanagarajan/Projects/small-projects/NewsImpact/venv/lib64/python3.10/site-packages/airflow/example_dags/example_time_delta_sensor_async.py
[2025-07-04T12:29:37.769+0530] {logging_mixin.py:188} INFO - [2025-07-04T12:29:37.769+0530] {dag.py:3036} INFO - Sync 1 DAGs
[2025-07-04T12:29:37.773+0530] {logging_mixin.py:188} INFO - [2025-07-04T12:29:37.773+0530] {dag.py:3823} INFO - Setting next_dagrun for example_time_delta_sensor_async to None, run_after=None
[2025-07-04T12:29:37.789+0530] {processor.py:183} INFO - Processing /home/tejhanagarajan/Projects/small-projects/NewsImpact/venv/lib64/python3.10/site-packages/airflow/example_dags/example_time_delta_sensor_async.py took 0.039 seconds
[2025-07-04T12:30:27.698+0530] {processor.py:161} INFO - Started process (PID=26999) to work on /home/tejhanagarajan/Projects/small-projects/NewsImpact/venv/lib64/python3.10/site-packages/airflow/example_dags/example_time_delta_sensor_async.py
[2025-07-04T12:30:27.700+0530] {processor.py:830} INFO - Processing file /home/tejhanagarajan/Projects/small-projects/NewsImpact/venv/lib64/python3.10/site-packages/airflow/example_dags/example_time_delta_sensor_async.py for tasks to queue
[2025-07-04T12:30:27.701+0530] {logging_mixin.py:188} INFO - [2025-07-04T12:30:27.701+0530] {dagbag.py:538} INFO - Filling up the DagBag from /home/tejhanagarajan/Projects/small-projects/NewsImpact/venv/lib64/python3.10/site-packages/airflow/example_dags/example_time_delta_sensor_async.py
[2025-07-04T12:30:27.703+0530] {processor.py:840} INFO - DAG(s) 'example_time_delta_sensor_async' retrieved from /home/tejhanagarajan/Projects/small-projects/NewsImpact/venv/lib64/python3.10/site-packages/airflow/example_dags/example_time_delta_sensor_async.py
[2025-07-04T12:30:27.710+0530] {logging_mixin.py:188} INFO - [2025-07-04T12:30:27.710+0530] {dag.py:3036} INFO - Sync 1 DAGs
[2025-07-04T12:30:27.715+0530] {logging_mixin.py:188} INFO - [2025-07-04T12:30:27.715+0530] {dag.py:3823} INFO - Setting next_dagrun for example_time_delta_sensor_async to None, run_after=None
[2025-07-04T12:30:27.732+0530] {processor.py:183} INFO - Processing /home/tejhanagarajan/Projects/small-projects/NewsImpact/venv/lib64/python3.10/site-packages/airflow/example_dags/example_time_delta_sensor_async.py took 0.035 seconds
[2025-07-04T12:31:03.714+0530] {processor.py:161} INFO - Started process (PID=27260) to work on /home/tejhanagarajan/Projects/small-projects/NewsImpact/venv/lib64/python3.10/site-packages/airflow/example_dags/example_time_delta_sensor_async.py
[2025-07-04T12:31:03.717+0530] {processor.py:830} INFO - Processing file /home/tejhanagarajan/Projects/small-projects/NewsImpact/venv/lib64/python3.10/site-packages/airflow/example_dags/example_time_delta_sensor_async.py for tasks to queue
[2025-07-04T12:31:03.717+0530] {logging_mixin.py:188} INFO - [2025-07-04T12:31:03.717+0530] {dagbag.py:538} INFO - Filling up the DagBag from /home/tejhanagarajan/Projects/small-projects/NewsImpact/venv/lib64/python3.10/site-packages/airflow/example_dags/example_time_delta_sensor_async.py
[2025-07-04T12:31:03.720+0530] {processor.py:840} INFO - DAG(s) 'example_time_delta_sensor_async' retrieved from /home/tejhanagarajan/Projects/small-projects/NewsImpact/venv/lib64/python3.10/site-packages/airflow/example_dags/example_time_delta_sensor_async.py
[2025-07-04T12:31:03.727+0530] {logging_mixin.py:188} INFO - [2025-07-04T12:31:03.727+0530] {dag.py:3036} INFO - Sync 1 DAGs
[2025-07-04T12:31:03.731+0530] {logging_mixin.py:188} INFO - [2025-07-04T12:31:03.731+0530] {dag.py:3823} INFO - Setting next_dagrun for example_time_delta_sensor_async to None, run_after=None
[2025-07-04T12:31:03.747+0530] {processor.py:183} INFO - Processing /home/tejhanagarajan/Projects/small-projects/NewsImpact/venv/lib64/python3.10/site-packages/airflow/example_dags/example_time_delta_sensor_async.py took 0.035 seconds
[2025-07-04T12:33:06.787+0530] {processor.py:161} INFO - Started process (PID=30065) to work on /home/tejhanagarajan/Projects/small-projects/NewsImpact/venv/lib64/python3.10/site-packages/airflow/example_dags/example_time_delta_sensor_async.py
[2025-07-04T12:33:06.789+0530] {processor.py:830} INFO - Processing file /home/tejhanagarajan/Projects/small-projects/NewsImpact/venv/lib64/python3.10/site-packages/airflow/example_dags/example_time_delta_sensor_async.py for tasks to queue
[2025-07-04T12:33:06.790+0530] {logging_mixin.py:188} INFO - [2025-07-04T12:33:06.789+0530] {dagbag.py:538} INFO - Filling up the DagBag from /home/tejhanagarajan/Projects/small-projects/NewsImpact/venv/lib64/python3.10/site-packages/airflow/example_dags/example_time_delta_sensor_async.py
[2025-07-04T12:33:06.794+0530] {processor.py:840} INFO - DAG(s) 'example_time_delta_sensor_async' retrieved from /home/tejhanagarajan/Projects/small-projects/NewsImpact/venv/lib64/python3.10/site-packages/airflow/example_dags/example_time_delta_sensor_async.py
[2025-07-04T12:33:06.802+0530] {logging_mixin.py:188} INFO - [2025-07-04T12:33:06.802+0530] {dag.py:3036} INFO - Sync 1 DAGs
[2025-07-04T12:33:06.806+0530] {logging_mixin.py:188} INFO - [2025-07-04T12:33:06.806+0530] {dag.py:3823} INFO - Setting next_dagrun for example_time_delta_sensor_async to None, run_after=None
[2025-07-04T12:33:06.822+0530] {processor.py:183} INFO - Processing /home/tejhanagarajan/Projects/small-projects/NewsImpact/venv/lib64/python3.10/site-packages/airflow/example_dags/example_time_delta_sensor_async.py took 0.038 seconds
[2025-07-04T12:33:52.502+0530] {processor.py:161} INFO - Started process (PID=30414) to work on /home/tejhanagarajan/Projects/small-projects/NewsImpact/venv/lib64/python3.10/site-packages/airflow/example_dags/example_time_delta_sensor_async.py
[2025-07-04T12:33:52.505+0530] {processor.py:830} INFO - Processing file /home/tejhanagarajan/Projects/small-projects/NewsImpact/venv/lib64/python3.10/site-packages/airflow/example_dags/example_time_delta_sensor_async.py for tasks to queue
[2025-07-04T12:33:52.506+0530] {logging_mixin.py:188} INFO - [2025-07-04T12:33:52.506+0530] {dagbag.py:538} INFO - Filling up the DagBag from /home/tejhanagarajan/Projects/small-projects/NewsImpact/venv/lib64/python3.10/site-packages/airflow/example_dags/example_time_delta_sensor_async.py
[2025-07-04T12:33:52.511+0530] {processor.py:840} INFO - DAG(s) 'example_time_delta_sensor_async' retrieved from /home/tejhanagarajan/Projects/small-projects/NewsImpact/venv/lib64/python3.10/site-packages/airflow/example_dags/example_time_delta_sensor_async.py
[2025-07-04T12:33:52.520+0530] {logging_mixin.py:188} INFO - [2025-07-04T12:33:52.520+0530] {dag.py:3036} INFO - Sync 1 DAGs
[2025-07-04T12:33:52.525+0530] {logging_mixin.py:188} INFO - [2025-07-04T12:33:52.524+0530] {dag.py:3823} INFO - Setting next_dagrun for example_time_delta_sensor_async to None, run_after=None
[2025-07-04T12:33:52.541+0530] {processor.py:183} INFO - Processing /home/tejhanagarajan/Projects/small-projects/NewsImpact/venv/lib64/python3.10/site-packages/airflow/example_dags/example_time_delta_sensor_async.py took 0.042 seconds
[2025-07-04T12:34:39.084+0530] {processor.py:161} INFO - Started process (PID=30995) to work on /home/tejhanagarajan/Projects/small-projects/NewsImpact/venv/lib64/python3.10/site-packages/airflow/example_dags/example_time_delta_sensor_async.py
[2025-07-04T12:34:39.088+0530] {processor.py:830} INFO - Processing file /home/tejhanagarajan/Projects/small-projects/NewsImpact/venv/lib64/python3.10/site-packages/airflow/example_dags/example_time_delta_sensor_async.py for tasks to queue
[2025-07-04T12:34:39.089+0530] {logging_mixin.py:188} INFO - [2025-07-04T12:34:39.089+0530] {dagbag.py:538} INFO - Filling up the DagBag from /home/tejhanagarajan/Projects/small-projects/NewsImpact/venv/lib64/python3.10/site-packages/airflow/example_dags/example_time_delta_sensor_async.py
[2025-07-04T12:34:39.092+0530] {processor.py:840} INFO - DAG(s) 'example_time_delta_sensor_async' retrieved from /home/tejhanagarajan/Projects/small-projects/NewsImpact/venv/lib64/python3.10/site-packages/airflow/example_dags/example_time_delta_sensor_async.py
[2025-07-04T12:34:39.099+0530] {logging_mixin.py:188} INFO - [2025-07-04T12:34:39.099+0530] {dag.py:3036} INFO - Sync 1 DAGs
[2025-07-04T12:34:39.104+0530] {logging_mixin.py:188} INFO - [2025-07-04T12:34:39.104+0530] {dag.py:3823} INFO - Setting next_dagrun for example_time_delta_sensor_async to None, run_after=None
[2025-07-04T12:34:39.121+0530] {processor.py:183} INFO - Processing /home/tejhanagarajan/Projects/small-projects/NewsImpact/venv/lib64/python3.10/site-packages/airflow/example_dags/example_time_delta_sensor_async.py took 0.040 seconds
[2025-07-04T12:35:32.777+0530] {processor.py:161} INFO - Started process (PID=31445) to work on /home/tejhanagarajan/Projects/small-projects/NewsImpact/venv/lib64/python3.10/site-packages/airflow/example_dags/example_time_delta_sensor_async.py
[2025-07-04T12:35:32.779+0530] {processor.py:830} INFO - Processing file /home/tejhanagarajan/Projects/small-projects/NewsImpact/venv/lib64/python3.10/site-packages/airflow/example_dags/example_time_delta_sensor_async.py for tasks to queue
[2025-07-04T12:35:32.780+0530] {logging_mixin.py:188} INFO - [2025-07-04T12:35:32.779+0530] {dagbag.py:538} INFO - Filling up the DagBag from /home/tejhanagarajan/Projects/small-projects/NewsImpact/venv/lib64/python3.10/site-packages/airflow/example_dags/example_time_delta_sensor_async.py
[2025-07-04T12:35:32.784+0530] {processor.py:840} INFO - DAG(s) 'example_time_delta_sensor_async' retrieved from /home/tejhanagarajan/Projects/small-projects/NewsImpact/venv/lib64/python3.10/site-packages/airflow/example_dags/example_time_delta_sensor_async.py
[2025-07-04T12:35:32.791+0530] {logging_mixin.py:188} INFO - [2025-07-04T12:35:32.791+0530] {dag.py:3036} INFO - Sync 1 DAGs
[2025-07-04T12:35:32.795+0530] {logging_mixin.py:188} INFO - [2025-07-04T12:35:32.795+0530] {dag.py:3823} INFO - Setting next_dagrun for example_time_delta_sensor_async to None, run_after=None
[2025-07-04T12:35:32.811+0530] {processor.py:183} INFO - Processing /home/tejhanagarajan/Projects/small-projects/NewsImpact/venv/lib64/python3.10/site-packages/airflow/example_dags/example_time_delta_sensor_async.py took 0.037 seconds
[2025-07-04T12:36:26.090+0530] {processor.py:161} INFO - Started process (PID=31836) to work on /home/tejhanagarajan/Projects/small-projects/NewsImpact/venv/lib64/python3.10/site-packages/airflow/example_dags/example_time_delta_sensor_async.py
[2025-07-04T12:36:26.094+0530] {processor.py:830} INFO - Processing file /home/tejhanagarajan/Projects/small-projects/NewsImpact/venv/lib64/python3.10/site-packages/airflow/example_dags/example_time_delta_sensor_async.py for tasks to queue
[2025-07-04T12:36:26.095+0530] {logging_mixin.py:188} INFO - [2025-07-04T12:36:26.095+0530] {dagbag.py:538} INFO - Filling up the DagBag from /home/tejhanagarajan/Projects/small-projects/NewsImpact/venv/lib64/python3.10/site-packages/airflow/example_dags/example_time_delta_sensor_async.py
[2025-07-04T12:36:26.104+0530] {processor.py:840} INFO - DAG(s) 'example_time_delta_sensor_async' retrieved from /home/tejhanagarajan/Projects/small-projects/NewsImpact/venv/lib64/python3.10/site-packages/airflow/example_dags/example_time_delta_sensor_async.py
[2025-07-04T12:36:26.111+0530] {logging_mixin.py:188} INFO - [2025-07-04T12:36:26.111+0530] {dag.py:3036} INFO - Sync 1 DAGs
[2025-07-04T12:36:26.115+0530] {logging_mixin.py:188} INFO - [2025-07-04T12:36:26.115+0530] {dag.py:3823} INFO - Setting next_dagrun for example_time_delta_sensor_async to None, run_after=None
[2025-07-04T12:36:26.130+0530] {processor.py:183} INFO - Processing /home/tejhanagarajan/Projects/small-projects/NewsImpact/venv/lib64/python3.10/site-packages/airflow/example_dags/example_time_delta_sensor_async.py took 0.044 seconds
[2025-07-04T12:37:02.316+0530] {processor.py:161} INFO - Started process (PID=32230) to work on /home/tejhanagarajan/Projects/small-projects/NewsImpact/venv/lib64/python3.10/site-packages/airflow/example_dags/example_time_delta_sensor_async.py
[2025-07-04T12:37:02.318+0530] {processor.py:830} INFO - Processing file /home/tejhanagarajan/Projects/small-projects/NewsImpact/venv/lib64/python3.10/site-packages/airflow/example_dags/example_time_delta_sensor_async.py for tasks to queue
[2025-07-04T12:37:02.318+0530] {logging_mixin.py:188} INFO - [2025-07-04T12:37:02.318+0530] {dagbag.py:538} INFO - Filling up the DagBag from /home/tejhanagarajan/Projects/small-projects/NewsImpact/venv/lib64/python3.10/site-packages/airflow/example_dags/example_time_delta_sensor_async.py
[2025-07-04T12:37:02.321+0530] {processor.py:840} INFO - DAG(s) 'example_time_delta_sensor_async' retrieved from /home/tejhanagarajan/Projects/small-projects/NewsImpact/venv/lib64/python3.10/site-packages/airflow/example_dags/example_time_delta_sensor_async.py
[2025-07-04T12:37:02.328+0530] {logging_mixin.py:188} INFO - [2025-07-04T12:37:02.328+0530] {dag.py:3036} INFO - Sync 1 DAGs
[2025-07-04T12:37:02.333+0530] {logging_mixin.py:188} INFO - [2025-07-04T12:37:02.333+0530] {dag.py:3823} INFO - Setting next_dagrun for example_time_delta_sensor_async to None, run_after=None
[2025-07-04T12:37:02.350+0530] {processor.py:183} INFO - Processing /home/tejhanagarajan/Projects/small-projects/NewsImpact/venv/lib64/python3.10/site-packages/airflow/example_dags/example_time_delta_sensor_async.py took 0.036 seconds
[2025-07-04T12:37:49.449+0530] {processor.py:161} INFO - Started process (PID=33335) to work on /home/tejhanagarajan/Projects/small-projects/NewsImpact/venv/lib64/python3.10/site-packages/airflow/example_dags/example_time_delta_sensor_async.py
[2025-07-04T12:37:49.452+0530] {processor.py:830} INFO - Processing file /home/tejhanagarajan/Projects/small-projects/NewsImpact/venv/lib64/python3.10/site-packages/airflow/example_dags/example_time_delta_sensor_async.py for tasks to queue
[2025-07-04T12:37:49.453+0530] {logging_mixin.py:188} INFO - [2025-07-04T12:37:49.452+0530] {dagbag.py:538} INFO - Filling up the DagBag from /home/tejhanagarajan/Projects/small-projects/NewsImpact/venv/lib64/python3.10/site-packages/airflow/example_dags/example_time_delta_sensor_async.py
[2025-07-04T12:37:49.460+0530] {processor.py:840} INFO - DAG(s) 'example_time_delta_sensor_async' retrieved from /home/tejhanagarajan/Projects/small-projects/NewsImpact/venv/lib64/python3.10/site-packages/airflow/example_dags/example_time_delta_sensor_async.py
[2025-07-04T12:37:49.468+0530] {logging_mixin.py:188} INFO - [2025-07-04T12:37:49.468+0530] {dag.py:3036} INFO - Sync 1 DAGs
[2025-07-04T12:37:49.472+0530] {logging_mixin.py:188} INFO - [2025-07-04T12:37:49.472+0530] {dag.py:3823} INFO - Setting next_dagrun for example_time_delta_sensor_async to None, run_after=None
[2025-07-04T12:37:49.488+0530] {processor.py:183} INFO - Processing /home/tejhanagarajan/Projects/small-projects/NewsImpact/venv/lib64/python3.10/site-packages/airflow/example_dags/example_time_delta_sensor_async.py took 0.042 seconds
[2025-07-04T12:38:08.844+0530] {processor.py:161} INFO - Started process (PID=34751) to work on /home/tejhanagarajan/Projects/small-projects/NewsImpact/venv/lib64/python3.10/site-packages/airflow/example_dags/example_time_delta_sensor_async.py
[2025-07-04T12:38:08.845+0530] {processor.py:830} INFO - Processing file /home/tejhanagarajan/Projects/small-projects/NewsImpact/venv/lib64/python3.10/site-packages/airflow/example_dags/example_time_delta_sensor_async.py for tasks to queue
[2025-07-04T12:38:08.846+0530] {logging_mixin.py:188} INFO - [2025-07-04T12:38:08.845+0530] {dagbag.py:538} INFO - Filling up the DagBag from /home/tejhanagarajan/Projects/small-projects/NewsImpact/venv/lib64/python3.10/site-packages/airflow/example_dags/example_time_delta_sensor_async.py
[2025-07-04T12:38:08.850+0530] {processor.py:840} INFO - DAG(s) 'example_time_delta_sensor_async' retrieved from /home/tejhanagarajan/Projects/small-projects/NewsImpact/venv/lib64/python3.10/site-packages/airflow/example_dags/example_time_delta_sensor_async.py
[2025-07-04T12:38:08.861+0530] {logging_mixin.py:188} INFO - [2025-07-04T12:38:08.860+0530] {dag.py:3036} INFO - Sync 1 DAGs
[2025-07-04T12:38:08.865+0530] {logging_mixin.py:188} INFO - [2025-07-04T12:38:08.865+0530] {dag.py:3823} INFO - Setting next_dagrun for example_time_delta_sensor_async to None, run_after=None
[2025-07-04T12:38:08.881+0530] {processor.py:183} INFO - Processing /home/tejhanagarajan/Projects/small-projects/NewsImpact/venv/lib64/python3.10/site-packages/airflow/example_dags/example_time_delta_sensor_async.py took 0.038 seconds
[2025-07-04T12:38:41.093+0530] {processor.py:161} INFO - Started process (PID=35019) to work on /home/tejhanagarajan/Projects/small-projects/NewsImpact/venv/lib64/python3.10/site-packages/airflow/example_dags/example_time_delta_sensor_async.py
[2025-07-04T12:38:41.098+0530] {processor.py:830} INFO - Processing file /home/tejhanagarajan/Projects/small-projects/NewsImpact/venv/lib64/python3.10/site-packages/airflow/example_dags/example_time_delta_sensor_async.py for tasks to queue
[2025-07-04T12:38:41.098+0530] {logging_mixin.py:188} INFO - [2025-07-04T12:38:41.098+0530] {dagbag.py:538} INFO - Filling up the DagBag from /home/tejhanagarajan/Projects/small-projects/NewsImpact/venv/lib64/python3.10/site-packages/airflow/example_dags/example_time_delta_sensor_async.py
[2025-07-04T12:38:41.101+0530] {processor.py:840} INFO - DAG(s) 'example_time_delta_sensor_async' retrieved from /home/tejhanagarajan/Projects/small-projects/NewsImpact/venv/lib64/python3.10/site-packages/airflow/example_dags/example_time_delta_sensor_async.py
[2025-07-04T12:38:41.107+0530] {logging_mixin.py:188} INFO - [2025-07-04T12:38:41.107+0530] {dag.py:3036} INFO - Sync 1 DAGs
[2025-07-04T12:38:41.112+0530] {logging_mixin.py:188} INFO - [2025-07-04T12:38:41.112+0530] {dag.py:3823} INFO - Setting next_dagrun for example_time_delta_sensor_async to None, run_after=None
[2025-07-04T12:38:41.129+0530] {processor.py:183} INFO - Processing /home/tejhanagarajan/Projects/small-projects/NewsImpact/venv/lib64/python3.10/site-packages/airflow/example_dags/example_time_delta_sensor_async.py took 0.037 seconds
[2025-07-04T12:38:54.708+0530] {processor.py:161} INFO - Started process (PID=35153) to work on /home/tejhanagarajan/Projects/small-projects/NewsImpact/venv/lib64/python3.10/site-packages/airflow/example_dags/example_time_delta_sensor_async.py
[2025-07-04T12:38:54.710+0530] {processor.py:830} INFO - Processing file /home/tejhanagarajan/Projects/small-projects/NewsImpact/venv/lib64/python3.10/site-packages/airflow/example_dags/example_time_delta_sensor_async.py for tasks to queue
[2025-07-04T12:38:54.710+0530] {logging_mixin.py:188} INFO - [2025-07-04T12:38:54.710+0530] {dagbag.py:538} INFO - Filling up the DagBag from /home/tejhanagarajan/Projects/small-projects/NewsImpact/venv/lib64/python3.10/site-packages/airflow/example_dags/example_time_delta_sensor_async.py
[2025-07-04T12:38:54.713+0530] {processor.py:840} INFO - DAG(s) 'example_time_delta_sensor_async' retrieved from /home/tejhanagarajan/Projects/small-projects/NewsImpact/venv/lib64/python3.10/site-packages/airflow/example_dags/example_time_delta_sensor_async.py
[2025-07-04T12:38:54.721+0530] {logging_mixin.py:188} INFO - [2025-07-04T12:38:54.721+0530] {dag.py:3036} INFO - Sync 1 DAGs
[2025-07-04T12:38:54.726+0530] {logging_mixin.py:188} INFO - [2025-07-04T12:38:54.726+0530] {dag.py:3823} INFO - Setting next_dagrun for example_time_delta_sensor_async to None, run_after=None
[2025-07-04T12:38:54.743+0530] {processor.py:183} INFO - Processing /home/tejhanagarajan/Projects/small-projects/NewsImpact/venv/lib64/python3.10/site-packages/airflow/example_dags/example_time_delta_sensor_async.py took 0.038 seconds
[2025-07-04T12:39:34.667+0530] {processor.py:161} INFO - Started process (PID=35526) to work on /home/tejhanagarajan/Projects/small-projects/NewsImpact/venv/lib64/python3.10/site-packages/airflow/example_dags/example_time_delta_sensor_async.py
[2025-07-04T12:39:34.668+0530] {processor.py:830} INFO - Processing file /home/tejhanagarajan/Projects/small-projects/NewsImpact/venv/lib64/python3.10/site-packages/airflow/example_dags/example_time_delta_sensor_async.py for tasks to queue
[2025-07-04T12:39:34.668+0530] {logging_mixin.py:188} INFO - [2025-07-04T12:39:34.668+0530] {dagbag.py:538} INFO - Filling up the DagBag from /home/tejhanagarajan/Projects/small-projects/NewsImpact/venv/lib64/python3.10/site-packages/airflow/example_dags/example_time_delta_sensor_async.py
[2025-07-04T12:39:34.671+0530] {processor.py:840} INFO - DAG(s) 'example_time_delta_sensor_async' retrieved from /home/tejhanagarajan/Projects/small-projects/NewsImpact/venv/lib64/python3.10/site-packages/airflow/example_dags/example_time_delta_sensor_async.py
[2025-07-04T12:39:34.678+0530] {logging_mixin.py:188} INFO - [2025-07-04T12:39:34.678+0530] {dag.py:3036} INFO - Sync 1 DAGs
[2025-07-04T12:39:34.683+0530] {logging_mixin.py:188} INFO - [2025-07-04T12:39:34.683+0530] {dag.py:3823} INFO - Setting next_dagrun for example_time_delta_sensor_async to None, run_after=None
[2025-07-04T12:39:34.699+0530] {processor.py:183} INFO - Processing /home/tejhanagarajan/Projects/small-projects/NewsImpact/venv/lib64/python3.10/site-packages/airflow/example_dags/example_time_delta_sensor_async.py took 0.034 seconds
[2025-07-04T12:39:42.144+0530] {processor.py:161} INFO - Started process (PID=35579) to work on /home/tejhanagarajan/Projects/small-projects/NewsImpact/venv/lib64/python3.10/site-packages/airflow/example_dags/example_time_delta_sensor_async.py
[2025-07-04T12:39:42.145+0530] {processor.py:830} INFO - Processing file /home/tejhanagarajan/Projects/small-projects/NewsImpact/venv/lib64/python3.10/site-packages/airflow/example_dags/example_time_delta_sensor_async.py for tasks to queue
[2025-07-04T12:39:42.146+0530] {logging_mixin.py:188} INFO - [2025-07-04T12:39:42.145+0530] {dagbag.py:538} INFO - Filling up the DagBag from /home/tejhanagarajan/Projects/small-projects/NewsImpact/venv/lib64/python3.10/site-packages/airflow/example_dags/example_time_delta_sensor_async.py
[2025-07-04T12:39:42.148+0530] {processor.py:840} INFO - DAG(s) 'example_time_delta_sensor_async' retrieved from /home/tejhanagarajan/Projects/small-projects/NewsImpact/venv/lib64/python3.10/site-packages/airflow/example_dags/example_time_delta_sensor_async.py
[2025-07-04T12:39:42.157+0530] {logging_mixin.py:188} INFO - [2025-07-04T12:39:42.157+0530] {dag.py:3036} INFO - Sync 1 DAGs
[2025-07-04T12:39:42.162+0530] {logging_mixin.py:188} INFO - [2025-07-04T12:39:42.162+0530] {dag.py:3823} INFO - Setting next_dagrun for example_time_delta_sensor_async to None, run_after=None
[2025-07-04T12:39:42.179+0530] {processor.py:183} INFO - Processing /home/tejhanagarajan/Projects/small-projects/NewsImpact/venv/lib64/python3.10/site-packages/airflow/example_dags/example_time_delta_sensor_async.py took 0.036 seconds
[2025-07-04T12:42:09.934+0530] {processor.py:161} INFO - Started process (PID=37852) to work on /home/tejhanagarajan/Projects/small-projects/NewsImpact/venv/lib64/python3.10/site-packages/airflow/example_dags/example_time_delta_sensor_async.py
[2025-07-04T12:42:09.937+0530] {processor.py:830} INFO - Processing file /home/tejhanagarajan/Projects/small-projects/NewsImpact/venv/lib64/python3.10/site-packages/airflow/example_dags/example_time_delta_sensor_async.py for tasks to queue
[2025-07-04T12:42:09.937+0530] {logging_mixin.py:188} INFO - [2025-07-04T12:42:09.937+0530] {dagbag.py:538} INFO - Filling up the DagBag from /home/tejhanagarajan/Projects/small-projects/NewsImpact/venv/lib64/python3.10/site-packages/airflow/example_dags/example_time_delta_sensor_async.py
[2025-07-04T12:42:09.940+0530] {processor.py:840} INFO - DAG(s) 'example_time_delta_sensor_async' retrieved from /home/tejhanagarajan/Projects/small-projects/NewsImpact/venv/lib64/python3.10/site-packages/airflow/example_dags/example_time_delta_sensor_async.py
[2025-07-04T12:42:09.948+0530] {logging_mixin.py:188} INFO - [2025-07-04T12:42:09.948+0530] {dag.py:3036} INFO - Sync 1 DAGs
[2025-07-04T12:42:09.952+0530] {logging_mixin.py:188} INFO - [2025-07-04T12:42:09.952+0530] {dag.py:3823} INFO - Setting next_dagrun for example_time_delta_sensor_async to None, run_after=None
[2025-07-04T12:42:09.970+0530] {processor.py:183} INFO - Processing /home/tejhanagarajan/Projects/small-projects/NewsImpact/venv/lib64/python3.10/site-packages/airflow/example_dags/example_time_delta_sensor_async.py took 0.038 seconds
[2025-07-04T12:42:55.792+0530] {processor.py:161} INFO - Started process (PID=38198) to work on /home/tejhanagarajan/Projects/small-projects/NewsImpact/venv/lib64/python3.10/site-packages/airflow/example_dags/example_time_delta_sensor_async.py
[2025-07-04T12:42:55.794+0530] {processor.py:830} INFO - Processing file /home/tejhanagarajan/Projects/small-projects/NewsImpact/venv/lib64/python3.10/site-packages/airflow/example_dags/example_time_delta_sensor_async.py for tasks to queue
[2025-07-04T12:42:55.795+0530] {logging_mixin.py:188} INFO - [2025-07-04T12:42:55.795+0530] {dagbag.py:538} INFO - Filling up the DagBag from /home/tejhanagarajan/Projects/small-projects/NewsImpact/venv/lib64/python3.10/site-packages/airflow/example_dags/example_time_delta_sensor_async.py
[2025-07-04T12:42:55.801+0530] {processor.py:840} INFO - DAG(s) 'example_time_delta_sensor_async' retrieved from /home/tejhanagarajan/Projects/small-projects/NewsImpact/venv/lib64/python3.10/site-packages/airflow/example_dags/example_time_delta_sensor_async.py
[2025-07-04T12:42:55.808+0530] {logging_mixin.py:188} INFO - [2025-07-04T12:42:55.808+0530] {dag.py:3036} INFO - Sync 1 DAGs
[2025-07-04T12:42:55.813+0530] {logging_mixin.py:188} INFO - [2025-07-04T12:42:55.813+0530] {dag.py:3823} INFO - Setting next_dagrun for example_time_delta_sensor_async to None, run_after=None
[2025-07-04T12:42:55.834+0530] {processor.py:183} INFO - Processing /home/tejhanagarajan/Projects/small-projects/NewsImpact/venv/lib64/python3.10/site-packages/airflow/example_dags/example_time_delta_sensor_async.py took 0.046 seconds
[2025-07-04T12:43:44.283+0530] {processor.py:161} INFO - Started process (PID=38592) to work on /home/tejhanagarajan/Projects/small-projects/NewsImpact/venv/lib64/python3.10/site-packages/airflow/example_dags/example_time_delta_sensor_async.py
[2025-07-04T12:43:44.285+0530] {processor.py:830} INFO - Processing file /home/tejhanagarajan/Projects/small-projects/NewsImpact/venv/lib64/python3.10/site-packages/airflow/example_dags/example_time_delta_sensor_async.py for tasks to queue
[2025-07-04T12:43:44.285+0530] {logging_mixin.py:188} INFO - [2025-07-04T12:43:44.285+0530] {dagbag.py:538} INFO - Filling up the DagBag from /home/tejhanagarajan/Projects/small-projects/NewsImpact/venv/lib64/python3.10/site-packages/airflow/example_dags/example_time_delta_sensor_async.py
[2025-07-04T12:43:44.288+0530] {processor.py:840} INFO - DAG(s) 'example_time_delta_sensor_async' retrieved from /home/tejhanagarajan/Projects/small-projects/NewsImpact/venv/lib64/python3.10/site-packages/airflow/example_dags/example_time_delta_sensor_async.py
[2025-07-04T12:43:44.296+0530] {logging_mixin.py:188} INFO - [2025-07-04T12:43:44.296+0530] {dag.py:3036} INFO - Sync 1 DAGs
[2025-07-04T12:43:44.301+0530] {logging_mixin.py:188} INFO - [2025-07-04T12:43:44.301+0530] {dag.py:3823} INFO - Setting next_dagrun for example_time_delta_sensor_async to None, run_after=None
[2025-07-04T12:43:44.317+0530] {processor.py:183} INFO - Processing /home/tejhanagarajan/Projects/small-projects/NewsImpact/venv/lib64/python3.10/site-packages/airflow/example_dags/example_time_delta_sensor_async.py took 0.036 seconds
[2025-07-04T12:44:34.722+0530] {processor.py:161} INFO - Started process (PID=38959) to work on /home/tejhanagarajan/Projects/small-projects/NewsImpact/venv/lib64/python3.10/site-packages/airflow/example_dags/example_time_delta_sensor_async.py
[2025-07-04T12:44:34.725+0530] {processor.py:830} INFO - Processing file /home/tejhanagarajan/Projects/small-projects/NewsImpact/venv/lib64/python3.10/site-packages/airflow/example_dags/example_time_delta_sensor_async.py for tasks to queue
[2025-07-04T12:44:34.725+0530] {logging_mixin.py:188} INFO - [2025-07-04T12:44:34.725+0530] {dagbag.py:538} INFO - Filling up the DagBag from /home/tejhanagarajan/Projects/small-projects/NewsImpact/venv/lib64/python3.10/site-packages/airflow/example_dags/example_time_delta_sensor_async.py
[2025-07-04T12:44:34.728+0530] {processor.py:840} INFO - DAG(s) 'example_time_delta_sensor_async' retrieved from /home/tejhanagarajan/Projects/small-projects/NewsImpact/venv/lib64/python3.10/site-packages/airflow/example_dags/example_time_delta_sensor_async.py
[2025-07-04T12:44:34.735+0530] {logging_mixin.py:188} INFO - [2025-07-04T12:44:34.735+0530] {dag.py:3036} INFO - Sync 1 DAGs
[2025-07-04T12:44:34.740+0530] {logging_mixin.py:188} INFO - [2025-07-04T12:44:34.740+0530] {dag.py:3823} INFO - Setting next_dagrun for example_time_delta_sensor_async to None, run_after=None
[2025-07-04T12:44:34.757+0530] {processor.py:183} INFO - Processing /home/tejhanagarajan/Projects/small-projects/NewsImpact/venv/lib64/python3.10/site-packages/airflow/example_dags/example_time_delta_sensor_async.py took 0.037 seconds
[2025-07-04T12:45:11.852+0530] {processor.py:161} INFO - Started process (PID=39226) to work on /home/tejhanagarajan/Projects/small-projects/NewsImpact/venv/lib64/python3.10/site-packages/airflow/example_dags/example_time_delta_sensor_async.py
[2025-07-04T12:45:11.856+0530] {processor.py:830} INFO - Processing file /home/tejhanagarajan/Projects/small-projects/NewsImpact/venv/lib64/python3.10/site-packages/airflow/example_dags/example_time_delta_sensor_async.py for tasks to queue
[2025-07-04T12:45:11.858+0530] {logging_mixin.py:188} INFO - [2025-07-04T12:45:11.857+0530] {dagbag.py:538} INFO - Filling up the DagBag from /home/tejhanagarajan/Projects/small-projects/NewsImpact/venv/lib64/python3.10/site-packages/airflow/example_dags/example_time_delta_sensor_async.py
[2025-07-04T12:45:11.862+0530] {processor.py:840} INFO - DAG(s) 'example_time_delta_sensor_async' retrieved from /home/tejhanagarajan/Projects/small-projects/NewsImpact/venv/lib64/python3.10/site-packages/airflow/example_dags/example_time_delta_sensor_async.py
[2025-07-04T12:45:11.870+0530] {logging_mixin.py:188} INFO - [2025-07-04T12:45:11.869+0530] {dag.py:3036} INFO - Sync 1 DAGs
[2025-07-04T12:45:11.874+0530] {logging_mixin.py:188} INFO - [2025-07-04T12:45:11.874+0530] {dag.py:3823} INFO - Setting next_dagrun for example_time_delta_sensor_async to None, run_after=None
[2025-07-04T12:45:11.890+0530] {processor.py:183} INFO - Processing /home/tejhanagarajan/Projects/small-projects/NewsImpact/venv/lib64/python3.10/site-packages/airflow/example_dags/example_time_delta_sensor_async.py took 0.043 seconds
[2025-07-04T12:46:04.490+0530] {processor.py:161} INFO - Started process (PID=39602) to work on /home/tejhanagarajan/Projects/small-projects/NewsImpact/venv/lib64/python3.10/site-packages/airflow/example_dags/example_time_delta_sensor_async.py
[2025-07-04T12:46:04.493+0530] {processor.py:830} INFO - Processing file /home/tejhanagarajan/Projects/small-projects/NewsImpact/venv/lib64/python3.10/site-packages/airflow/example_dags/example_time_delta_sensor_async.py for tasks to queue
[2025-07-04T12:46:04.494+0530] {logging_mixin.py:188} INFO - [2025-07-04T12:46:04.494+0530] {dagbag.py:538} INFO - Filling up the DagBag from /home/tejhanagarajan/Projects/small-projects/NewsImpact/venv/lib64/python3.10/site-packages/airflow/example_dags/example_time_delta_sensor_async.py
[2025-07-04T12:46:04.497+0530] {processor.py:840} INFO - DAG(s) 'example_time_delta_sensor_async' retrieved from /home/tejhanagarajan/Projects/small-projects/NewsImpact/venv/lib64/python3.10/site-packages/airflow/example_dags/example_time_delta_sensor_async.py
[2025-07-04T12:46:04.504+0530] {logging_mixin.py:188} INFO - [2025-07-04T12:46:04.504+0530] {dag.py:3036} INFO - Sync 1 DAGs
[2025-07-04T12:46:04.509+0530] {logging_mixin.py:188} INFO - [2025-07-04T12:46:04.509+0530] {dag.py:3823} INFO - Setting next_dagrun for example_time_delta_sensor_async to None, run_after=None
[2025-07-04T12:46:04.525+0530] {processor.py:183} INFO - Processing /home/tejhanagarajan/Projects/small-projects/NewsImpact/venv/lib64/python3.10/site-packages/airflow/example_dags/example_time_delta_sensor_async.py took 0.038 seconds
[2025-07-04T12:46:55.639+0530] {processor.py:161} INFO - Started process (PID=39987) to work on /home/tejhanagarajan/Projects/small-projects/NewsImpact/venv/lib64/python3.10/site-packages/airflow/example_dags/example_time_delta_sensor_async.py
[2025-07-04T12:46:55.642+0530] {processor.py:830} INFO - Processing file /home/tejhanagarajan/Projects/small-projects/NewsImpact/venv/lib64/python3.10/site-packages/airflow/example_dags/example_time_delta_sensor_async.py for tasks to queue
[2025-07-04T12:46:55.642+0530] {logging_mixin.py:188} INFO - [2025-07-04T12:46:55.642+0530] {dagbag.py:538} INFO - Filling up the DagBag from /home/tejhanagarajan/Projects/small-projects/NewsImpact/venv/lib64/python3.10/site-packages/airflow/example_dags/example_time_delta_sensor_async.py
[2025-07-04T12:46:55.645+0530] {processor.py:840} INFO - DAG(s) 'example_time_delta_sensor_async' retrieved from /home/tejhanagarajan/Projects/small-projects/NewsImpact/venv/lib64/python3.10/site-packages/airflow/example_dags/example_time_delta_sensor_async.py
[2025-07-04T12:46:55.653+0530] {logging_mixin.py:188} INFO - [2025-07-04T12:46:55.652+0530] {dag.py:3036} INFO - Sync 1 DAGs
[2025-07-04T12:46:55.658+0530] {logging_mixin.py:188} INFO - [2025-07-04T12:46:55.657+0530] {dag.py:3823} INFO - Setting next_dagrun for example_time_delta_sensor_async to None, run_after=None
[2025-07-04T12:46:55.675+0530] {processor.py:183} INFO - Processing /home/tejhanagarajan/Projects/small-projects/NewsImpact/venv/lib64/python3.10/site-packages/airflow/example_dags/example_time_delta_sensor_async.py took 0.038 seconds
[2025-07-04T12:47:50.020+0530] {processor.py:161} INFO - Started process (PID=40386) to work on /home/tejhanagarajan/Projects/small-projects/NewsImpact/venv/lib64/python3.10/site-packages/airflow/example_dags/example_time_delta_sensor_async.py
[2025-07-04T12:47:50.022+0530] {processor.py:830} INFO - Processing file /home/tejhanagarajan/Projects/small-projects/NewsImpact/venv/lib64/python3.10/site-packages/airflow/example_dags/example_time_delta_sensor_async.py for tasks to queue
[2025-07-04T12:47:50.022+0530] {logging_mixin.py:188} INFO - [2025-07-04T12:47:50.022+0530] {dagbag.py:538} INFO - Filling up the DagBag from /home/tejhanagarajan/Projects/small-projects/NewsImpact/venv/lib64/python3.10/site-packages/airflow/example_dags/example_time_delta_sensor_async.py
[2025-07-04T12:47:50.026+0530] {processor.py:840} INFO - DAG(s) 'example_time_delta_sensor_async' retrieved from /home/tejhanagarajan/Projects/small-projects/NewsImpact/venv/lib64/python3.10/site-packages/airflow/example_dags/example_time_delta_sensor_async.py
[2025-07-04T12:47:50.034+0530] {logging_mixin.py:188} INFO - [2025-07-04T12:47:50.034+0530] {dag.py:3036} INFO - Sync 1 DAGs
[2025-07-04T12:47:50.038+0530] {logging_mixin.py:188} INFO - [2025-07-04T12:47:50.038+0530] {dag.py:3823} INFO - Setting next_dagrun for example_time_delta_sensor_async to None, run_after=None
[2025-07-04T12:47:50.054+0530] {processor.py:183} INFO - Processing /home/tejhanagarajan/Projects/small-projects/NewsImpact/venv/lib64/python3.10/site-packages/airflow/example_dags/example_time_delta_sensor_async.py took 0.036 seconds
