[2025-07-04T12:26:29.481+0530] {processor.py:161} INFO - Started process (PID=25119) to work on /home/tejhanagarajan/Projects/small-projects/NewsImpact/venv/lib64/python3.10/site-packages/airflow/example_dags/tutorial_taskflow_api.py
[2025-07-04T12:26:29.482+0530] {processor.py:830} INFO - Processing file /home/tejhanagarajan/Projects/small-projects/NewsImpact/venv/lib64/python3.10/site-packages/airflow/example_dags/tutorial_taskflow_api.py for tasks to queue
[2025-07-04T12:26:29.482+0530] {logging_mixin.py:188} INFO - [2025-07-04T12:26:29.482+0530] {dagbag.py:538} INFO - Filling up the DagBag from /home/tejhanagarajan/Projects/small-projects/NewsImpact/venv/lib64/python3.10/site-packages/airflow/example_dags/tutorial_taskflow_api.py
[2025-07-04T12:26:29.486+0530] {processor.py:840} INFO - DAG(s) 'tutorial_taskflow_api' retrieved from /home/tejhanagarajan/Projects/small-projects/NewsImpact/venv/lib64/python3.10/site-packages/airflow/example_dags/tutorial_taskflow_api.py
[2025-07-04T12:26:29.592+0530] {logging_mixin.py:188} INFO - [2025-07-04T12:26:29.592+0530] {override.py:1769} INFO - Created Permission View: can read on DAG:tutorial_taskflow_api
[2025-07-04T12:26:29.604+0530] {logging_mixin.py:188} INFO - [2025-07-04T12:26:29.604+0530] {override.py:1769} INFO - Created Permission View: can edit on DAG:tutorial_taskflow_api
[2025-07-04T12:26:29.616+0530] {logging_mixin.py:188} INFO - [2025-07-04T12:26:29.615+0530] {override.py:1769} INFO - Created Permission View: can delete on DAG:tutorial_taskflow_api
[2025-07-04T12:26:29.616+0530] {logging_mixin.py:188} INFO - [2025-07-04T12:26:29.616+0530] {dag.py:3036} INFO - Sync 1 DAGs
[2025-07-04T12:26:29.620+0530] {logging_mixin.py:188} INFO - [2025-07-04T12:26:29.620+0530] {dag.py:3058} INFO - Creating ORM DAG for tutorial_taskflow_api
[2025-07-04T12:26:29.620+0530] {logging_mixin.py:188} INFO - [2025-07-04T12:26:29.620+0530] {dag.py:3823} INFO - Setting next_dagrun for tutorial_taskflow_api to None, run_after=None
[2025-07-04T12:26:29.636+0530] {processor.py:183} INFO - Processing /home/tejhanagarajan/Projects/small-projects/NewsImpact/venv/lib64/python3.10/site-packages/airflow/example_dags/tutorial_taskflow_api.py took 0.156 seconds
[2025-07-04T12:27:22.388+0530] {processor.py:161} INFO - Started process (PID=25515) to work on /home/tejhanagarajan/Projects/small-projects/NewsImpact/venv/lib64/python3.10/site-packages/airflow/example_dags/tutorial_taskflow_api.py
[2025-07-04T12:27:22.389+0530] {processor.py:830} INFO - Processing file /home/tejhanagarajan/Projects/small-projects/NewsImpact/venv/lib64/python3.10/site-packages/airflow/example_dags/tutorial_taskflow_api.py for tasks to queue
[2025-07-04T12:27:22.390+0530] {logging_mixin.py:188} INFO - [2025-07-04T12:27:22.390+0530] {dagbag.py:538} INFO - Filling up the DagBag from /home/tejhanagarajan/Projects/small-projects/NewsImpact/venv/lib64/python3.10/site-packages/airflow/example_dags/tutorial_taskflow_api.py
[2025-07-04T12:27:22.394+0530] {processor.py:840} INFO - DAG(s) 'tutorial_taskflow_api' retrieved from /home/tejhanagarajan/Projects/small-projects/NewsImpact/venv/lib64/python3.10/site-packages/airflow/example_dags/tutorial_taskflow_api.py
[2025-07-04T12:27:22.401+0530] {logging_mixin.py:188} INFO - [2025-07-04T12:27:22.401+0530] {dag.py:3036} INFO - Sync 1 DAGs
[2025-07-04T12:27:22.405+0530] {logging_mixin.py:188} INFO - [2025-07-04T12:27:22.405+0530] {dag.py:3823} INFO - Setting next_dagrun for tutorial_taskflow_api to None, run_after=None
[2025-07-04T12:27:22.423+0530] {processor.py:183} INFO - Processing /home/tejhanagarajan/Projects/small-projects/NewsImpact/venv/lib64/python3.10/site-packages/airflow/example_dags/tutorial_taskflow_api.py took 0.038 seconds
[2025-07-04T12:28:01.956+0530] {processor.py:161} INFO - Started process (PID=25800) to work on /home/tejhanagarajan/Projects/small-projects/NewsImpact/venv/lib64/python3.10/site-packages/airflow/example_dags/tutorial_taskflow_api.py
[2025-07-04T12:28:01.957+0530] {processor.py:830} INFO - Processing file /home/tejhanagarajan/Projects/small-projects/NewsImpact/venv/lib64/python3.10/site-packages/airflow/example_dags/tutorial_taskflow_api.py for tasks to queue
[2025-07-04T12:28:01.958+0530] {logging_mixin.py:188} INFO - [2025-07-04T12:28:01.957+0530] {dagbag.py:538} INFO - Filling up the DagBag from /home/tejhanagarajan/Projects/small-projects/NewsImpact/venv/lib64/python3.10/site-packages/airflow/example_dags/tutorial_taskflow_api.py
[2025-07-04T12:28:01.961+0530] {processor.py:840} INFO - DAG(s) 'tutorial_taskflow_api' retrieved from /home/tejhanagarajan/Projects/small-projects/NewsImpact/venv/lib64/python3.10/site-packages/airflow/example_dags/tutorial_taskflow_api.py
[2025-07-04T12:28:01.968+0530] {logging_mixin.py:188} INFO - [2025-07-04T12:28:01.968+0530] {dag.py:3036} INFO - Sync 1 DAGs
[2025-07-04T12:28:01.973+0530] {logging_mixin.py:188} INFO - [2025-07-04T12:28:01.972+0530] {dag.py:3823} INFO - Setting next_dagrun for tutorial_taskflow_api to None, run_after=None
[2025-07-04T12:28:01.991+0530] {processor.py:183} INFO - Processing /home/tejhanagarajan/Projects/small-projects/NewsImpact/venv/lib64/python3.10/site-packages/airflow/example_dags/tutorial_taskflow_api.py took 0.037 seconds
[2025-07-04T12:28:39.745+0530] {processor.py:161} INFO - Started process (PID=26152) to work on /home/tejhanagarajan/Projects/small-projects/NewsImpact/venv/lib64/python3.10/site-packages/airflow/example_dags/tutorial_taskflow_api.py
[2025-07-04T12:28:39.748+0530] {processor.py:830} INFO - Processing file /home/tejhanagarajan/Projects/small-projects/NewsImpact/venv/lib64/python3.10/site-packages/airflow/example_dags/tutorial_taskflow_api.py for tasks to queue
[2025-07-04T12:28:39.749+0530] {logging_mixin.py:188} INFO - [2025-07-04T12:28:39.748+0530] {dagbag.py:538} INFO - Filling up the DagBag from /home/tejhanagarajan/Projects/small-projects/NewsImpact/venv/lib64/python3.10/site-packages/airflow/example_dags/tutorial_taskflow_api.py
[2025-07-04T12:28:39.752+0530] {processor.py:840} INFO - DAG(s) 'tutorial_taskflow_api' retrieved from /home/tejhanagarajan/Projects/small-projects/NewsImpact/venv/lib64/python3.10/site-packages/airflow/example_dags/tutorial_taskflow_api.py
[2025-07-04T12:28:39.759+0530] {logging_mixin.py:188} INFO - [2025-07-04T12:28:39.759+0530] {dag.py:3036} INFO - Sync 1 DAGs
[2025-07-04T12:28:39.763+0530] {logging_mixin.py:188} INFO - [2025-07-04T12:28:39.763+0530] {dag.py:3823} INFO - Setting next_dagrun for tutorial_taskflow_api to None, run_after=None
[2025-07-04T12:28:39.780+0530] {processor.py:183} INFO - Processing /home/tejhanagarajan/Projects/small-projects/NewsImpact/venv/lib64/python3.10/site-packages/airflow/example_dags/tutorial_taskflow_api.py took 0.037 seconds
[2025-07-04T12:29:19.736+0530] {processor.py:161} INFO - Started process (PID=26496) to work on /home/tejhanagarajan/Projects/small-projects/NewsImpact/venv/lib64/python3.10/site-packages/airflow/example_dags/tutorial_taskflow_api.py
[2025-07-04T12:29:19.737+0530] {processor.py:830} INFO - Processing file /home/tejhanagarajan/Projects/small-projects/NewsImpact/venv/lib64/python3.10/site-packages/airflow/example_dags/tutorial_taskflow_api.py for tasks to queue
[2025-07-04T12:29:19.738+0530] {logging_mixin.py:188} INFO - [2025-07-04T12:29:19.738+0530] {dagbag.py:538} INFO - Filling up the DagBag from /home/tejhanagarajan/Projects/small-projects/NewsImpact/venv/lib64/python3.10/site-packages/airflow/example_dags/tutorial_taskflow_api.py
[2025-07-04T12:29:19.742+0530] {processor.py:840} INFO - DAG(s) 'tutorial_taskflow_api' retrieved from /home/tejhanagarajan/Projects/small-projects/NewsImpact/venv/lib64/python3.10/site-packages/airflow/example_dags/tutorial_taskflow_api.py
[2025-07-04T12:29:19.750+0530] {logging_mixin.py:188} INFO - [2025-07-04T12:29:19.749+0530] {dag.py:3036} INFO - Sync 1 DAGs
[2025-07-04T12:29:19.754+0530] {logging_mixin.py:188} INFO - [2025-07-04T12:29:19.754+0530] {dag.py:3823} INFO - Setting next_dagrun for tutorial_taskflow_api to None, run_after=None
[2025-07-04T12:29:19.772+0530] {processor.py:183} INFO - Processing /home/tejhanagarajan/Projects/small-projects/NewsImpact/venv/lib64/python3.10/site-packages/airflow/example_dags/tutorial_taskflow_api.py took 0.038 seconds
[2025-07-04T12:29:55.326+0530] {processor.py:161} INFO - Started process (PID=26772) to work on /home/tejhanagarajan/Projects/small-projects/NewsImpact/venv/lib64/python3.10/site-packages/airflow/example_dags/tutorial_taskflow_api.py
[2025-07-04T12:29:55.329+0530] {processor.py:830} INFO - Processing file /home/tejhanagarajan/Projects/small-projects/NewsImpact/venv/lib64/python3.10/site-packages/airflow/example_dags/tutorial_taskflow_api.py for tasks to queue
[2025-07-04T12:29:55.330+0530] {logging_mixin.py:188} INFO - [2025-07-04T12:29:55.330+0530] {dagbag.py:538} INFO - Filling up the DagBag from /home/tejhanagarajan/Projects/small-projects/NewsImpact/venv/lib64/python3.10/site-packages/airflow/example_dags/tutorial_taskflow_api.py
[2025-07-04T12:29:55.335+0530] {processor.py:840} INFO - DAG(s) 'tutorial_taskflow_api' retrieved from /home/tejhanagarajan/Projects/small-projects/NewsImpact/venv/lib64/python3.10/site-packages/airflow/example_dags/tutorial_taskflow_api.py
[2025-07-04T12:29:55.342+0530] {logging_mixin.py:188} INFO - [2025-07-04T12:29:55.342+0530] {dag.py:3036} INFO - Sync 1 DAGs
[2025-07-04T12:29:55.346+0530] {logging_mixin.py:188} INFO - [2025-07-04T12:29:55.346+0530] {dag.py:3823} INFO - Setting next_dagrun for tutorial_taskflow_api to None, run_after=None
[2025-07-04T12:29:55.364+0530] {processor.py:183} INFO - Processing /home/tejhanagarajan/Projects/small-projects/NewsImpact/venv/lib64/python3.10/site-packages/airflow/example_dags/tutorial_taskflow_api.py took 0.040 seconds
[2025-07-04T12:30:43.137+0530] {processor.py:161} INFO - Started process (PID=27092) to work on /home/tejhanagarajan/Projects/small-projects/NewsImpact/venv/lib64/python3.10/site-packages/airflow/example_dags/tutorial_taskflow_api.py
[2025-07-04T12:30:43.139+0530] {processor.py:830} INFO - Processing file /home/tejhanagarajan/Projects/small-projects/NewsImpact/venv/lib64/python3.10/site-packages/airflow/example_dags/tutorial_taskflow_api.py for tasks to queue
[2025-07-04T12:30:43.140+0530] {logging_mixin.py:188} INFO - [2025-07-04T12:30:43.140+0530] {dagbag.py:538} INFO - Filling up the DagBag from /home/tejhanagarajan/Projects/small-projects/NewsImpact/venv/lib64/python3.10/site-packages/airflow/example_dags/tutorial_taskflow_api.py
[2025-07-04T12:30:43.147+0530] {processor.py:840} INFO - DAG(s) 'tutorial_taskflow_api' retrieved from /home/tejhanagarajan/Projects/small-projects/NewsImpact/venv/lib64/python3.10/site-packages/airflow/example_dags/tutorial_taskflow_api.py
[2025-07-04T12:30:43.159+0530] {logging_mixin.py:188} INFO - [2025-07-04T12:30:43.159+0530] {dag.py:3036} INFO - Sync 1 DAGs
[2025-07-04T12:30:43.164+0530] {logging_mixin.py:188} INFO - [2025-07-04T12:30:43.164+0530] {dag.py:3823} INFO - Setting next_dagrun for tutorial_taskflow_api to None, run_after=None
[2025-07-04T12:30:43.180+0530] {processor.py:183} INFO - Processing /home/tejhanagarajan/Projects/small-projects/NewsImpact/venv/lib64/python3.10/site-packages/airflow/example_dags/tutorial_taskflow_api.py took 0.045 seconds
[2025-07-04T12:32:58.238+0530] {processor.py:161} INFO - Started process (PID=30016) to work on /home/tejhanagarajan/Projects/small-projects/NewsImpact/venv/lib64/python3.10/site-packages/airflow/example_dags/tutorial_taskflow_api.py
[2025-07-04T12:32:58.240+0530] {processor.py:830} INFO - Processing file /home/tejhanagarajan/Projects/small-projects/NewsImpact/venv/lib64/python3.10/site-packages/airflow/example_dags/tutorial_taskflow_api.py for tasks to queue
[2025-07-04T12:32:58.241+0530] {logging_mixin.py:188} INFO - [2025-07-04T12:32:58.241+0530] {dagbag.py:538} INFO - Filling up the DagBag from /home/tejhanagarajan/Projects/small-projects/NewsImpact/venv/lib64/python3.10/site-packages/airflow/example_dags/tutorial_taskflow_api.py
[2025-07-04T12:32:58.246+0530] {processor.py:840} INFO - DAG(s) 'tutorial_taskflow_api' retrieved from /home/tejhanagarajan/Projects/small-projects/NewsImpact/venv/lib64/python3.10/site-packages/airflow/example_dags/tutorial_taskflow_api.py
[2025-07-04T12:32:58.307+0530] {logging_mixin.py:188} INFO - [2025-07-04T12:32:58.307+0530] {dag.py:3036} INFO - Sync 1 DAGs
[2025-07-04T12:32:58.311+0530] {logging_mixin.py:188} INFO - [2025-07-04T12:32:58.311+0530] {dag.py:3823} INFO - Setting next_dagrun for tutorial_taskflow_api to None, run_after=None
[2025-07-04T12:32:58.327+0530] {processor.py:183} INFO - Processing /home/tejhanagarajan/Projects/small-projects/NewsImpact/venv/lib64/python3.10/site-packages/airflow/example_dags/tutorial_taskflow_api.py took 0.091 seconds
[2025-07-04T12:33:45.667+0530] {processor.py:161} INFO - Started process (PID=30350) to work on /home/tejhanagarajan/Projects/small-projects/NewsImpact/venv/lib64/python3.10/site-packages/airflow/example_dags/tutorial_taskflow_api.py
[2025-07-04T12:33:45.669+0530] {processor.py:830} INFO - Processing file /home/tejhanagarajan/Projects/small-projects/NewsImpact/venv/lib64/python3.10/site-packages/airflow/example_dags/tutorial_taskflow_api.py for tasks to queue
[2025-07-04T12:33:45.670+0530] {logging_mixin.py:188} INFO - [2025-07-04T12:33:45.670+0530] {dagbag.py:538} INFO - Filling up the DagBag from /home/tejhanagarajan/Projects/small-projects/NewsImpact/venv/lib64/python3.10/site-packages/airflow/example_dags/tutorial_taskflow_api.py
[2025-07-04T12:33:45.675+0530] {processor.py:840} INFO - DAG(s) 'tutorial_taskflow_api' retrieved from /home/tejhanagarajan/Projects/small-projects/NewsImpact/venv/lib64/python3.10/site-packages/airflow/example_dags/tutorial_taskflow_api.py
[2025-07-04T12:33:45.682+0530] {logging_mixin.py:188} INFO - [2025-07-04T12:33:45.681+0530] {dag.py:3036} INFO - Sync 1 DAGs
[2025-07-04T12:33:45.686+0530] {logging_mixin.py:188} INFO - [2025-07-04T12:33:45.686+0530] {dag.py:3823} INFO - Setting next_dagrun for tutorial_taskflow_api to None, run_after=None
[2025-07-04T12:33:45.702+0530] {processor.py:183} INFO - Processing /home/tejhanagarajan/Projects/small-projects/NewsImpact/venv/lib64/python3.10/site-packages/airflow/example_dags/tutorial_taskflow_api.py took 0.037 seconds
[2025-07-04T12:34:32.053+0530] {processor.py:161} INFO - Started process (PID=30943) to work on /home/tejhanagarajan/Projects/small-projects/NewsImpact/venv/lib64/python3.10/site-packages/airflow/example_dags/tutorial_taskflow_api.py
[2025-07-04T12:34:32.056+0530] {processor.py:830} INFO - Processing file /home/tejhanagarajan/Projects/small-projects/NewsImpact/venv/lib64/python3.10/site-packages/airflow/example_dags/tutorial_taskflow_api.py for tasks to queue
[2025-07-04T12:34:32.057+0530] {logging_mixin.py:188} INFO - [2025-07-04T12:34:32.056+0530] {dagbag.py:538} INFO - Filling up the DagBag from /home/tejhanagarajan/Projects/small-projects/NewsImpact/venv/lib64/python3.10/site-packages/airflow/example_dags/tutorial_taskflow_api.py
[2025-07-04T12:34:32.061+0530] {processor.py:840} INFO - DAG(s) 'tutorial_taskflow_api' retrieved from /home/tejhanagarajan/Projects/small-projects/NewsImpact/venv/lib64/python3.10/site-packages/airflow/example_dags/tutorial_taskflow_api.py
[2025-07-04T12:34:32.068+0530] {logging_mixin.py:188} INFO - [2025-07-04T12:34:32.068+0530] {dag.py:3036} INFO - Sync 1 DAGs
[2025-07-04T12:34:32.073+0530] {logging_mixin.py:188} INFO - [2025-07-04T12:34:32.073+0530] {dag.py:3823} INFO - Setting next_dagrun for tutorial_taskflow_api to None, run_after=None
[2025-07-04T12:34:32.091+0530] {processor.py:183} INFO - Processing /home/tejhanagarajan/Projects/small-projects/NewsImpact/venv/lib64/python3.10/site-packages/airflow/example_dags/tutorial_taskflow_api.py took 0.040 seconds
[2025-07-04T12:35:06.972+0530] {processor.py:161} INFO - Started process (PID=31180) to work on /home/tejhanagarajan/Projects/small-projects/NewsImpact/venv/lib64/python3.10/site-packages/airflow/example_dags/tutorial_taskflow_api.py
[2025-07-04T12:35:06.975+0530] {processor.py:830} INFO - Processing file /home/tejhanagarajan/Projects/small-projects/NewsImpact/venv/lib64/python3.10/site-packages/airflow/example_dags/tutorial_taskflow_api.py for tasks to queue
[2025-07-04T12:35:06.976+0530] {logging_mixin.py:188} INFO - [2025-07-04T12:35:06.975+0530] {dagbag.py:538} INFO - Filling up the DagBag from /home/tejhanagarajan/Projects/small-projects/NewsImpact/venv/lib64/python3.10/site-packages/airflow/example_dags/tutorial_taskflow_api.py
[2025-07-04T12:35:06.979+0530] {processor.py:840} INFO - DAG(s) 'tutorial_taskflow_api' retrieved from /home/tejhanagarajan/Projects/small-projects/NewsImpact/venv/lib64/python3.10/site-packages/airflow/example_dags/tutorial_taskflow_api.py
[2025-07-04T12:35:06.985+0530] {logging_mixin.py:188} INFO - [2025-07-04T12:35:06.985+0530] {dag.py:3036} INFO - Sync 1 DAGs
[2025-07-04T12:35:06.989+0530] {logging_mixin.py:188} INFO - [2025-07-04T12:35:06.989+0530] {dag.py:3823} INFO - Setting next_dagrun for tutorial_taskflow_api to None, run_after=None
[2025-07-04T12:35:07.007+0530] {processor.py:183} INFO - Processing /home/tejhanagarajan/Projects/small-projects/NewsImpact/venv/lib64/python3.10/site-packages/airflow/example_dags/tutorial_taskflow_api.py took 0.037 seconds
[2025-07-04T12:35:45.497+0530] {processor.py:161} INFO - Started process (PID=31528) to work on /home/tejhanagarajan/Projects/small-projects/NewsImpact/venv/lib64/python3.10/site-packages/airflow/example_dags/tutorial_taskflow_api.py
[2025-07-04T12:35:45.500+0530] {processor.py:830} INFO - Processing file /home/tejhanagarajan/Projects/small-projects/NewsImpact/venv/lib64/python3.10/site-packages/airflow/example_dags/tutorial_taskflow_api.py for tasks to queue
[2025-07-04T12:35:45.501+0530] {logging_mixin.py:188} INFO - [2025-07-04T12:35:45.500+0530] {dagbag.py:538} INFO - Filling up the DagBag from /home/tejhanagarajan/Projects/small-projects/NewsImpact/venv/lib64/python3.10/site-packages/airflow/example_dags/tutorial_taskflow_api.py
[2025-07-04T12:35:45.505+0530] {processor.py:840} INFO - DAG(s) 'tutorial_taskflow_api' retrieved from /home/tejhanagarajan/Projects/small-projects/NewsImpact/venv/lib64/python3.10/site-packages/airflow/example_dags/tutorial_taskflow_api.py
[2025-07-04T12:35:45.512+0530] {logging_mixin.py:188} INFO - [2025-07-04T12:35:45.512+0530] {dag.py:3036} INFO - Sync 1 DAGs
[2025-07-04T12:35:45.516+0530] {logging_mixin.py:188} INFO - [2025-07-04T12:35:45.516+0530] {dag.py:3823} INFO - Setting next_dagrun for tutorial_taskflow_api to None, run_after=None
[2025-07-04T12:35:45.533+0530] {processor.py:183} INFO - Processing /home/tejhanagarajan/Projects/small-projects/NewsImpact/venv/lib64/python3.10/site-packages/airflow/example_dags/tutorial_taskflow_api.py took 0.038 seconds
[2025-07-04T12:36:21.247+0530] {processor.py:161} INFO - Started process (PID=31800) to work on /home/tejhanagarajan/Projects/small-projects/NewsImpact/venv/lib64/python3.10/site-packages/airflow/example_dags/tutorial_taskflow_api.py
[2025-07-04T12:36:21.249+0530] {processor.py:830} INFO - Processing file /home/tejhanagarajan/Projects/small-projects/NewsImpact/venv/lib64/python3.10/site-packages/airflow/example_dags/tutorial_taskflow_api.py for tasks to queue
[2025-07-04T12:36:21.250+0530] {logging_mixin.py:188} INFO - [2025-07-04T12:36:21.250+0530] {dagbag.py:538} INFO - Filling up the DagBag from /home/tejhanagarajan/Projects/small-projects/NewsImpact/venv/lib64/python3.10/site-packages/airflow/example_dags/tutorial_taskflow_api.py
[2025-07-04T12:36:21.254+0530] {processor.py:840} INFO - DAG(s) 'tutorial_taskflow_api' retrieved from /home/tejhanagarajan/Projects/small-projects/NewsImpact/venv/lib64/python3.10/site-packages/airflow/example_dags/tutorial_taskflow_api.py
[2025-07-04T12:36:21.261+0530] {logging_mixin.py:188} INFO - [2025-07-04T12:36:21.261+0530] {dag.py:3036} INFO - Sync 1 DAGs
[2025-07-04T12:36:21.266+0530] {logging_mixin.py:188} INFO - [2025-07-04T12:36:21.266+0530] {dag.py:3823} INFO - Setting next_dagrun for tutorial_taskflow_api to None, run_after=None
[2025-07-04T12:36:21.282+0530] {processor.py:183} INFO - Processing /home/tejhanagarajan/Projects/small-projects/NewsImpact/venv/lib64/python3.10/site-packages/airflow/example_dags/tutorial_taskflow_api.py took 0.037 seconds
[2025-07-04T12:36:57.612+0530] {processor.py:161} INFO - Started process (PID=32204) to work on /home/tejhanagarajan/Projects/small-projects/NewsImpact/venv/lib64/python3.10/site-packages/airflow/example_dags/tutorial_taskflow_api.py
[2025-07-04T12:36:57.614+0530] {processor.py:830} INFO - Processing file /home/tejhanagarajan/Projects/small-projects/NewsImpact/venv/lib64/python3.10/site-packages/airflow/example_dags/tutorial_taskflow_api.py for tasks to queue
[2025-07-04T12:36:57.614+0530] {logging_mixin.py:188} INFO - [2025-07-04T12:36:57.614+0530] {dagbag.py:538} INFO - Filling up the DagBag from /home/tejhanagarajan/Projects/small-projects/NewsImpact/venv/lib64/python3.10/site-packages/airflow/example_dags/tutorial_taskflow_api.py
[2025-07-04T12:36:57.618+0530] {processor.py:840} INFO - DAG(s) 'tutorial_taskflow_api' retrieved from /home/tejhanagarajan/Projects/small-projects/NewsImpact/venv/lib64/python3.10/site-packages/airflow/example_dags/tutorial_taskflow_api.py
[2025-07-04T12:36:57.626+0530] {logging_mixin.py:188} INFO - [2025-07-04T12:36:57.626+0530] {dag.py:3036} INFO - Sync 1 DAGs
[2025-07-04T12:36:57.632+0530] {logging_mixin.py:188} INFO - [2025-07-04T12:36:57.631+0530] {dag.py:3823} INFO - Setting next_dagrun for tutorial_taskflow_api to None, run_after=None
[2025-07-04T12:36:57.647+0530] {processor.py:183} INFO - Processing /home/tejhanagarajan/Projects/small-projects/NewsImpact/venv/lib64/python3.10/site-packages/airflow/example_dags/tutorial_taskflow_api.py took 0.038 seconds
[2025-07-04T12:37:44.698+0530] {processor.py:161} INFO - Started process (PID=32810) to work on /home/tejhanagarajan/Projects/small-projects/NewsImpact/venv/lib64/python3.10/site-packages/airflow/example_dags/tutorial_taskflow_api.py
[2025-07-04T12:37:44.701+0530] {processor.py:830} INFO - Processing file /home/tejhanagarajan/Projects/small-projects/NewsImpact/venv/lib64/python3.10/site-packages/airflow/example_dags/tutorial_taskflow_api.py for tasks to queue
[2025-07-04T12:37:44.701+0530] {logging_mixin.py:188} INFO - [2025-07-04T12:37:44.701+0530] {dagbag.py:538} INFO - Filling up the DagBag from /home/tejhanagarajan/Projects/small-projects/NewsImpact/venv/lib64/python3.10/site-packages/airflow/example_dags/tutorial_taskflow_api.py
[2025-07-04T12:37:44.704+0530] {processor.py:840} INFO - DAG(s) 'tutorial_taskflow_api' retrieved from /home/tejhanagarajan/Projects/small-projects/NewsImpact/venv/lib64/python3.10/site-packages/airflow/example_dags/tutorial_taskflow_api.py
[2025-07-04T12:37:44.711+0530] {logging_mixin.py:188} INFO - [2025-07-04T12:37:44.711+0530] {dag.py:3036} INFO - Sync 1 DAGs
[2025-07-04T12:37:44.715+0530] {logging_mixin.py:188} INFO - [2025-07-04T12:37:44.715+0530] {dag.py:3823} INFO - Setting next_dagrun for tutorial_taskflow_api to None, run_after=None
[2025-07-04T12:37:44.733+0530] {processor.py:183} INFO - Processing /home/tejhanagarajan/Projects/small-projects/NewsImpact/venv/lib64/python3.10/site-packages/airflow/example_dags/tutorial_taskflow_api.py took 0.036 seconds
[2025-07-04T12:38:00.354+0530] {processor.py:161} INFO - Started process (PID=34687) to work on /home/tejhanagarajan/Projects/small-projects/NewsImpact/venv/lib64/python3.10/site-packages/airflow/example_dags/tutorial_taskflow_api.py
[2025-07-04T12:38:00.354+0530] {processor.py:830} INFO - Processing file /home/tejhanagarajan/Projects/small-projects/NewsImpact/venv/lib64/python3.10/site-packages/airflow/example_dags/tutorial_taskflow_api.py for tasks to queue
[2025-07-04T12:38:00.354+0530] {logging_mixin.py:188} INFO - [2025-07-04T12:38:00.354+0530] {dagbag.py:538} INFO - Filling up the DagBag from /home/tejhanagarajan/Projects/small-projects/NewsImpact/venv/lib64/python3.10/site-packages/airflow/example_dags/tutorial_taskflow_api.py
[2025-07-04T12:38:00.359+0530] {processor.py:840} INFO - DAG(s) 'tutorial_taskflow_api' retrieved from /home/tejhanagarajan/Projects/small-projects/NewsImpact/venv/lib64/python3.10/site-packages/airflow/example_dags/tutorial_taskflow_api.py
[2025-07-04T12:38:00.423+0530] {logging_mixin.py:188} INFO - [2025-07-04T12:38:00.423+0530] {dag.py:3036} INFO - Sync 1 DAGs
[2025-07-04T12:38:00.427+0530] {logging_mixin.py:188} INFO - [2025-07-04T12:38:00.427+0530] {dag.py:3823} INFO - Setting next_dagrun for tutorial_taskflow_api to None, run_after=None
[2025-07-04T12:38:00.445+0530] {processor.py:183} INFO - Processing /home/tejhanagarajan/Projects/small-projects/NewsImpact/venv/lib64/python3.10/site-packages/airflow/example_dags/tutorial_taskflow_api.py took 0.092 seconds
[2025-07-04T12:38:17.572+0530] {processor.py:161} INFO - Started process (PID=34829) to work on /home/tejhanagarajan/Projects/small-projects/NewsImpact/venv/lib64/python3.10/site-packages/airflow/example_dags/tutorial_taskflow_api.py
[2025-07-04T12:38:17.575+0530] {processor.py:830} INFO - Processing file /home/tejhanagarajan/Projects/small-projects/NewsImpact/venv/lib64/python3.10/site-packages/airflow/example_dags/tutorial_taskflow_api.py for tasks to queue
[2025-07-04T12:38:17.576+0530] {logging_mixin.py:188} INFO - [2025-07-04T12:38:17.575+0530] {dagbag.py:538} INFO - Filling up the DagBag from /home/tejhanagarajan/Projects/small-projects/NewsImpact/venv/lib64/python3.10/site-packages/airflow/example_dags/tutorial_taskflow_api.py
[2025-07-04T12:38:17.579+0530] {processor.py:840} INFO - DAG(s) 'tutorial_taskflow_api' retrieved from /home/tejhanagarajan/Projects/small-projects/NewsImpact/venv/lib64/python3.10/site-packages/airflow/example_dags/tutorial_taskflow_api.py
[2025-07-04T12:38:17.586+0530] {logging_mixin.py:188} INFO - [2025-07-04T12:38:17.585+0530] {dag.py:3036} INFO - Sync 1 DAGs
[2025-07-04T12:38:17.590+0530] {logging_mixin.py:188} INFO - [2025-07-04T12:38:17.590+0530] {dag.py:3823} INFO - Setting next_dagrun for tutorial_taskflow_api to None, run_after=None
[2025-07-04T12:38:17.606+0530] {processor.py:183} INFO - Processing /home/tejhanagarajan/Projects/small-projects/NewsImpact/venv/lib64/python3.10/site-packages/airflow/example_dags/tutorial_taskflow_api.py took 0.036 seconds
[2025-07-04T12:38:47.825+0530] {processor.py:161} INFO - Started process (PID=35100) to work on /home/tejhanagarajan/Projects/small-projects/NewsImpact/venv/lib64/python3.10/site-packages/airflow/example_dags/tutorial_taskflow_api.py
[2025-07-04T12:38:47.825+0530] {processor.py:830} INFO - Processing file /home/tejhanagarajan/Projects/small-projects/NewsImpact/venv/lib64/python3.10/site-packages/airflow/example_dags/tutorial_taskflow_api.py for tasks to queue
[2025-07-04T12:38:47.825+0530] {logging_mixin.py:188} INFO - [2025-07-04T12:38:47.825+0530] {dagbag.py:538} INFO - Filling up the DagBag from /home/tejhanagarajan/Projects/small-projects/NewsImpact/venv/lib64/python3.10/site-packages/airflow/example_dags/tutorial_taskflow_api.py
[2025-07-04T12:38:47.828+0530] {processor.py:840} INFO - DAG(s) 'tutorial_taskflow_api' retrieved from /home/tejhanagarajan/Projects/small-projects/NewsImpact/venv/lib64/python3.10/site-packages/airflow/example_dags/tutorial_taskflow_api.py
[2025-07-04T12:38:47.835+0530] {logging_mixin.py:188} INFO - [2025-07-04T12:38:47.835+0530] {dag.py:3036} INFO - Sync 1 DAGs
[2025-07-04T12:38:47.839+0530] {logging_mixin.py:188} INFO - [2025-07-04T12:38:47.839+0530] {dag.py:3823} INFO - Setting next_dagrun for tutorial_taskflow_api to None, run_after=None
[2025-07-04T12:38:47.856+0530] {processor.py:183} INFO - Processing /home/tejhanagarajan/Projects/small-projects/NewsImpact/venv/lib64/python3.10/site-packages/airflow/example_dags/tutorial_taskflow_api.py took 0.033 seconds
[2025-07-04T12:38:52.334+0530] {processor.py:161} INFO - Started process (PID=35134) to work on /home/tejhanagarajan/Projects/small-projects/NewsImpact/venv/lib64/python3.10/site-packages/airflow/example_dags/tutorial_taskflow_api.py
[2025-07-04T12:38:52.336+0530] {processor.py:830} INFO - Processing file /home/tejhanagarajan/Projects/small-projects/NewsImpact/venv/lib64/python3.10/site-packages/airflow/example_dags/tutorial_taskflow_api.py for tasks to queue
[2025-07-04T12:38:52.337+0530] {logging_mixin.py:188} INFO - [2025-07-04T12:38:52.337+0530] {dagbag.py:538} INFO - Filling up the DagBag from /home/tejhanagarajan/Projects/small-projects/NewsImpact/venv/lib64/python3.10/site-packages/airflow/example_dags/tutorial_taskflow_api.py
[2025-07-04T12:38:52.341+0530] {processor.py:840} INFO - DAG(s) 'tutorial_taskflow_api' retrieved from /home/tejhanagarajan/Projects/small-projects/NewsImpact/venv/lib64/python3.10/site-packages/airflow/example_dags/tutorial_taskflow_api.py
[2025-07-04T12:38:52.348+0530] {logging_mixin.py:188} INFO - [2025-07-04T12:38:52.348+0530] {dag.py:3036} INFO - Sync 1 DAGs
[2025-07-04T12:38:52.353+0530] {logging_mixin.py:188} INFO - [2025-07-04T12:38:52.353+0530] {dag.py:3823} INFO - Setting next_dagrun for tutorial_taskflow_api to None, run_after=None
[2025-07-04T12:38:52.370+0530] {processor.py:183} INFO - Processing /home/tejhanagarajan/Projects/small-projects/NewsImpact/venv/lib64/python3.10/site-packages/airflow/example_dags/tutorial_taskflow_api.py took 0.039 seconds
[2025-07-04T12:39:27.394+0530] {processor.py:161} INFO - Started process (PID=35469) to work on /home/tejhanagarajan/Projects/small-projects/NewsImpact/venv/lib64/python3.10/site-packages/airflow/example_dags/tutorial_taskflow_api.py
[2025-07-04T12:39:27.396+0530] {processor.py:830} INFO - Processing file /home/tejhanagarajan/Projects/small-projects/NewsImpact/venv/lib64/python3.10/site-packages/airflow/example_dags/tutorial_taskflow_api.py for tasks to queue
[2025-07-04T12:39:27.397+0530] {logging_mixin.py:188} INFO - [2025-07-04T12:39:27.397+0530] {dagbag.py:538} INFO - Filling up the DagBag from /home/tejhanagarajan/Projects/small-projects/NewsImpact/venv/lib64/python3.10/site-packages/airflow/example_dags/tutorial_taskflow_api.py
[2025-07-04T12:39:27.400+0530] {processor.py:840} INFO - DAG(s) 'tutorial_taskflow_api' retrieved from /home/tejhanagarajan/Projects/small-projects/NewsImpact/venv/lib64/python3.10/site-packages/airflow/example_dags/tutorial_taskflow_api.py
[2025-07-04T12:39:27.407+0530] {logging_mixin.py:188} INFO - [2025-07-04T12:39:27.407+0530] {dag.py:3036} INFO - Sync 1 DAGs
[2025-07-04T12:39:27.412+0530] {logging_mixin.py:188} INFO - [2025-07-04T12:39:27.412+0530] {dag.py:3823} INFO - Setting next_dagrun for tutorial_taskflow_api to None, run_after=None
[2025-07-04T12:39:27.428+0530] {processor.py:183} INFO - Processing /home/tejhanagarajan/Projects/small-projects/NewsImpact/venv/lib64/python3.10/site-packages/airflow/example_dags/tutorial_taskflow_api.py took 0.035 seconds
[2025-07-04T12:39:34.151+0530] {processor.py:161} INFO - Started process (PID=35515) to work on /home/tejhanagarajan/Projects/small-projects/NewsImpact/venv/lib64/python3.10/site-packages/airflow/example_dags/tutorial_taskflow_api.py
[2025-07-04T12:39:34.152+0530] {processor.py:830} INFO - Processing file /home/tejhanagarajan/Projects/small-projects/NewsImpact/venv/lib64/python3.10/site-packages/airflow/example_dags/tutorial_taskflow_api.py for tasks to queue
[2025-07-04T12:39:34.152+0530] {logging_mixin.py:188} INFO - [2025-07-04T12:39:34.152+0530] {dagbag.py:538} INFO - Filling up the DagBag from /home/tejhanagarajan/Projects/small-projects/NewsImpact/venv/lib64/python3.10/site-packages/airflow/example_dags/tutorial_taskflow_api.py
[2025-07-04T12:39:34.155+0530] {processor.py:840} INFO - DAG(s) 'tutorial_taskflow_api' retrieved from /home/tejhanagarajan/Projects/small-projects/NewsImpact/venv/lib64/python3.10/site-packages/airflow/example_dags/tutorial_taskflow_api.py
[2025-07-04T12:39:34.163+0530] {logging_mixin.py:188} INFO - [2025-07-04T12:39:34.163+0530] {dag.py:3036} INFO - Sync 1 DAGs
[2025-07-04T12:39:34.168+0530] {logging_mixin.py:188} INFO - [2025-07-04T12:39:34.168+0530] {dag.py:3823} INFO - Setting next_dagrun for tutorial_taskflow_api to None, run_after=None
[2025-07-04T12:39:34.186+0530] {processor.py:183} INFO - Processing /home/tejhanagarajan/Projects/small-projects/NewsImpact/venv/lib64/python3.10/site-packages/airflow/example_dags/tutorial_taskflow_api.py took 0.037 seconds
[2025-07-04T12:42:01.377+0530] {processor.py:161} INFO - Started process (PID=37756) to work on /home/tejhanagarajan/Projects/small-projects/NewsImpact/venv/lib64/python3.10/site-packages/airflow/example_dags/tutorial_taskflow_api.py
[2025-07-04T12:42:01.382+0530] {processor.py:830} INFO - Processing file /home/tejhanagarajan/Projects/small-projects/NewsImpact/venv/lib64/python3.10/site-packages/airflow/example_dags/tutorial_taskflow_api.py for tasks to queue
[2025-07-04T12:42:01.383+0530] {logging_mixin.py:188} INFO - [2025-07-04T12:42:01.383+0530] {dagbag.py:538} INFO - Filling up the DagBag from /home/tejhanagarajan/Projects/small-projects/NewsImpact/venv/lib64/python3.10/site-packages/airflow/example_dags/tutorial_taskflow_api.py
[2025-07-04T12:42:01.391+0530] {processor.py:840} INFO - DAG(s) 'tutorial_taskflow_api' retrieved from /home/tejhanagarajan/Projects/small-projects/NewsImpact/venv/lib64/python3.10/site-packages/airflow/example_dags/tutorial_taskflow_api.py
[2025-07-04T12:42:01.446+0530] {logging_mixin.py:188} INFO - [2025-07-04T12:42:01.446+0530] {dag.py:3036} INFO - Sync 1 DAGs
[2025-07-04T12:42:01.450+0530] {logging_mixin.py:188} INFO - [2025-07-04T12:42:01.450+0530] {dag.py:3823} INFO - Setting next_dagrun for tutorial_taskflow_api to None, run_after=None
[2025-07-04T12:42:01.465+0530] {processor.py:183} INFO - Processing /home/tejhanagarajan/Projects/small-projects/NewsImpact/venv/lib64/python3.10/site-packages/airflow/example_dags/tutorial_taskflow_api.py took 0.091 seconds
[2025-07-04T12:42:48.676+0530] {processor.py:161} INFO - Started process (PID=38156) to work on /home/tejhanagarajan/Projects/small-projects/NewsImpact/venv/lib64/python3.10/site-packages/airflow/example_dags/tutorial_taskflow_api.py
[2025-07-04T12:42:48.677+0530] {processor.py:830} INFO - Processing file /home/tejhanagarajan/Projects/small-projects/NewsImpact/venv/lib64/python3.10/site-packages/airflow/example_dags/tutorial_taskflow_api.py for tasks to queue
[2025-07-04T12:42:48.678+0530] {logging_mixin.py:188} INFO - [2025-07-04T12:42:48.677+0530] {dagbag.py:538} INFO - Filling up the DagBag from /home/tejhanagarajan/Projects/small-projects/NewsImpact/venv/lib64/python3.10/site-packages/airflow/example_dags/tutorial_taskflow_api.py
[2025-07-04T12:42:48.681+0530] {processor.py:840} INFO - DAG(s) 'tutorial_taskflow_api' retrieved from /home/tejhanagarajan/Projects/small-projects/NewsImpact/venv/lib64/python3.10/site-packages/airflow/example_dags/tutorial_taskflow_api.py
[2025-07-04T12:42:48.689+0530] {logging_mixin.py:188} INFO - [2025-07-04T12:42:48.689+0530] {dag.py:3036} INFO - Sync 1 DAGs
[2025-07-04T12:42:48.694+0530] {logging_mixin.py:188} INFO - [2025-07-04T12:42:48.694+0530] {dag.py:3823} INFO - Setting next_dagrun for tutorial_taskflow_api to None, run_after=None
[2025-07-04T12:42:48.711+0530] {processor.py:183} INFO - Processing /home/tejhanagarajan/Projects/small-projects/NewsImpact/venv/lib64/python3.10/site-packages/airflow/example_dags/tutorial_taskflow_api.py took 0.036 seconds
[2025-07-04T12:43:36.599+0530] {processor.py:161} INFO - Started process (PID=38539) to work on /home/tejhanagarajan/Projects/small-projects/NewsImpact/venv/lib64/python3.10/site-packages/airflow/example_dags/tutorial_taskflow_api.py
[2025-07-04T12:43:36.602+0530] {processor.py:830} INFO - Processing file /home/tejhanagarajan/Projects/small-projects/NewsImpact/venv/lib64/python3.10/site-packages/airflow/example_dags/tutorial_taskflow_api.py for tasks to queue
[2025-07-04T12:43:36.603+0530] {logging_mixin.py:188} INFO - [2025-07-04T12:43:36.603+0530] {dagbag.py:538} INFO - Filling up the DagBag from /home/tejhanagarajan/Projects/small-projects/NewsImpact/venv/lib64/python3.10/site-packages/airflow/example_dags/tutorial_taskflow_api.py
[2025-07-04T12:43:36.608+0530] {processor.py:840} INFO - DAG(s) 'tutorial_taskflow_api' retrieved from /home/tejhanagarajan/Projects/small-projects/NewsImpact/venv/lib64/python3.10/site-packages/airflow/example_dags/tutorial_taskflow_api.py
[2025-07-04T12:43:36.614+0530] {logging_mixin.py:188} INFO - [2025-07-04T12:43:36.614+0530] {dag.py:3036} INFO - Sync 1 DAGs
[2025-07-04T12:43:36.619+0530] {logging_mixin.py:188} INFO - [2025-07-04T12:43:36.619+0530] {dag.py:3823} INFO - Setting next_dagrun for tutorial_taskflow_api to None, run_after=None
[2025-07-04T12:43:36.637+0530] {processor.py:183} INFO - Processing /home/tejhanagarajan/Projects/small-projects/NewsImpact/venv/lib64/python3.10/site-packages/airflow/example_dags/tutorial_taskflow_api.py took 0.040 seconds
[2025-07-04T12:44:12.612+0530] {processor.py:161} INFO - Started process (PID=38797) to work on /home/tejhanagarajan/Projects/small-projects/NewsImpact/venv/lib64/python3.10/site-packages/airflow/example_dags/tutorial_taskflow_api.py
[2025-07-04T12:44:12.614+0530] {processor.py:830} INFO - Processing file /home/tejhanagarajan/Projects/small-projects/NewsImpact/venv/lib64/python3.10/site-packages/airflow/example_dags/tutorial_taskflow_api.py for tasks to queue
[2025-07-04T12:44:12.614+0530] {logging_mixin.py:188} INFO - [2025-07-04T12:44:12.614+0530] {dagbag.py:538} INFO - Filling up the DagBag from /home/tejhanagarajan/Projects/small-projects/NewsImpact/venv/lib64/python3.10/site-packages/airflow/example_dags/tutorial_taskflow_api.py
[2025-07-04T12:44:12.618+0530] {processor.py:840} INFO - DAG(s) 'tutorial_taskflow_api' retrieved from /home/tejhanagarajan/Projects/small-projects/NewsImpact/venv/lib64/python3.10/site-packages/airflow/example_dags/tutorial_taskflow_api.py
[2025-07-04T12:44:12.625+0530] {logging_mixin.py:188} INFO - [2025-07-04T12:44:12.625+0530] {dag.py:3036} INFO - Sync 1 DAGs
[2025-07-04T12:44:12.630+0530] {logging_mixin.py:188} INFO - [2025-07-04T12:44:12.630+0530] {dag.py:3823} INFO - Setting next_dagrun for tutorial_taskflow_api to None, run_after=None
[2025-07-04T12:44:12.648+0530] {processor.py:183} INFO - Processing /home/tejhanagarajan/Projects/small-projects/NewsImpact/venv/lib64/python3.10/site-packages/airflow/example_dags/tutorial_taskflow_api.py took 0.038 seconds
[2025-07-04T12:44:49.877+0530] {processor.py:161} INFO - Started process (PID=39058) to work on /home/tejhanagarajan/Projects/small-projects/NewsImpact/venv/lib64/python3.10/site-packages/airflow/example_dags/tutorial_taskflow_api.py
[2025-07-04T12:44:49.880+0530] {processor.py:830} INFO - Processing file /home/tejhanagarajan/Projects/small-projects/NewsImpact/venv/lib64/python3.10/site-packages/airflow/example_dags/tutorial_taskflow_api.py for tasks to queue
[2025-07-04T12:44:49.881+0530] {logging_mixin.py:188} INFO - [2025-07-04T12:44:49.880+0530] {dagbag.py:538} INFO - Filling up the DagBag from /home/tejhanagarajan/Projects/small-projects/NewsImpact/venv/lib64/python3.10/site-packages/airflow/example_dags/tutorial_taskflow_api.py
[2025-07-04T12:44:49.884+0530] {processor.py:840} INFO - DAG(s) 'tutorial_taskflow_api' retrieved from /home/tejhanagarajan/Projects/small-projects/NewsImpact/venv/lib64/python3.10/site-packages/airflow/example_dags/tutorial_taskflow_api.py
[2025-07-04T12:44:49.891+0530] {logging_mixin.py:188} INFO - [2025-07-04T12:44:49.891+0530] {dag.py:3036} INFO - Sync 1 DAGs
[2025-07-04T12:44:49.896+0530] {logging_mixin.py:188} INFO - [2025-07-04T12:44:49.896+0530] {dag.py:3823} INFO - Setting next_dagrun for tutorial_taskflow_api to None, run_after=None
[2025-07-04T12:44:49.912+0530] {processor.py:183} INFO - Processing /home/tejhanagarajan/Projects/small-projects/NewsImpact/venv/lib64/python3.10/site-packages/airflow/example_dags/tutorial_taskflow_api.py took 0.036 seconds
[2025-07-04T12:45:24.442+0530] {processor.py:161} INFO - Started process (PID=39323) to work on /home/tejhanagarajan/Projects/small-projects/NewsImpact/venv/lib64/python3.10/site-packages/airflow/example_dags/tutorial_taskflow_api.py
[2025-07-04T12:45:24.445+0530] {processor.py:830} INFO - Processing file /home/tejhanagarajan/Projects/small-projects/NewsImpact/venv/lib64/python3.10/site-packages/airflow/example_dags/tutorial_taskflow_api.py for tasks to queue
[2025-07-04T12:45:24.445+0530] {logging_mixin.py:188} INFO - [2025-07-04T12:45:24.445+0530] {dagbag.py:538} INFO - Filling up the DagBag from /home/tejhanagarajan/Projects/small-projects/NewsImpact/venv/lib64/python3.10/site-packages/airflow/example_dags/tutorial_taskflow_api.py
[2025-07-04T12:45:24.448+0530] {processor.py:840} INFO - DAG(s) 'tutorial_taskflow_api' retrieved from /home/tejhanagarajan/Projects/small-projects/NewsImpact/venv/lib64/python3.10/site-packages/airflow/example_dags/tutorial_taskflow_api.py
[2025-07-04T12:45:24.455+0530] {logging_mixin.py:188} INFO - [2025-07-04T12:45:24.455+0530] {dag.py:3036} INFO - Sync 1 DAGs
[2025-07-04T12:45:24.459+0530] {logging_mixin.py:188} INFO - [2025-07-04T12:45:24.459+0530] {dag.py:3823} INFO - Setting next_dagrun for tutorial_taskflow_api to None, run_after=None
[2025-07-04T12:45:24.475+0530] {processor.py:183} INFO - Processing /home/tejhanagarajan/Projects/small-projects/NewsImpact/venv/lib64/python3.10/site-packages/airflow/example_dags/tutorial_taskflow_api.py took 0.034 seconds
[2025-07-04T12:45:59.756+0530] {processor.py:161} INFO - Started process (PID=39576) to work on /home/tejhanagarajan/Projects/small-projects/NewsImpact/venv/lib64/python3.10/site-packages/airflow/example_dags/tutorial_taskflow_api.py
[2025-07-04T12:45:59.758+0530] {processor.py:830} INFO - Processing file /home/tejhanagarajan/Projects/small-projects/NewsImpact/venv/lib64/python3.10/site-packages/airflow/example_dags/tutorial_taskflow_api.py for tasks to queue
[2025-07-04T12:45:59.759+0530] {logging_mixin.py:188} INFO - [2025-07-04T12:45:59.758+0530] {dagbag.py:538} INFO - Filling up the DagBag from /home/tejhanagarajan/Projects/small-projects/NewsImpact/venv/lib64/python3.10/site-packages/airflow/example_dags/tutorial_taskflow_api.py
[2025-07-04T12:45:59.761+0530] {processor.py:840} INFO - DAG(s) 'tutorial_taskflow_api' retrieved from /home/tejhanagarajan/Projects/small-projects/NewsImpact/venv/lib64/python3.10/site-packages/airflow/example_dags/tutorial_taskflow_api.py
[2025-07-04T12:45:59.768+0530] {logging_mixin.py:188} INFO - [2025-07-04T12:45:59.768+0530] {dag.py:3036} INFO - Sync 1 DAGs
[2025-07-04T12:45:59.772+0530] {logging_mixin.py:188} INFO - [2025-07-04T12:45:59.772+0530] {dag.py:3823} INFO - Setting next_dagrun for tutorial_taskflow_api to None, run_after=None
[2025-07-04T12:45:59.788+0530] {processor.py:183} INFO - Processing /home/tejhanagarajan/Projects/small-projects/NewsImpact/venv/lib64/python3.10/site-packages/airflow/example_dags/tutorial_taskflow_api.py took 0.034 seconds
[2025-07-04T12:46:35.422+0530] {processor.py:161} INFO - Started process (PID=39826) to work on /home/tejhanagarajan/Projects/small-projects/NewsImpact/venv/lib64/python3.10/site-packages/airflow/example_dags/tutorial_taskflow_api.py
[2025-07-04T12:46:35.424+0530] {processor.py:830} INFO - Processing file /home/tejhanagarajan/Projects/small-projects/NewsImpact/venv/lib64/python3.10/site-packages/airflow/example_dags/tutorial_taskflow_api.py for tasks to queue
[2025-07-04T12:46:35.425+0530] {logging_mixin.py:188} INFO - [2025-07-04T12:46:35.425+0530] {dagbag.py:538} INFO - Filling up the DagBag from /home/tejhanagarajan/Projects/small-projects/NewsImpact/venv/lib64/python3.10/site-packages/airflow/example_dags/tutorial_taskflow_api.py
[2025-07-04T12:46:35.428+0530] {processor.py:840} INFO - DAG(s) 'tutorial_taskflow_api' retrieved from /home/tejhanagarajan/Projects/small-projects/NewsImpact/venv/lib64/python3.10/site-packages/airflow/example_dags/tutorial_taskflow_api.py
[2025-07-04T12:46:35.436+0530] {logging_mixin.py:188} INFO - [2025-07-04T12:46:35.435+0530] {dag.py:3036} INFO - Sync 1 DAGs
[2025-07-04T12:46:35.441+0530] {logging_mixin.py:188} INFO - [2025-07-04T12:46:35.441+0530] {dag.py:3823} INFO - Setting next_dagrun for tutorial_taskflow_api to None, run_after=None
[2025-07-04T12:46:35.459+0530] {processor.py:183} INFO - Processing /home/tejhanagarajan/Projects/small-projects/NewsImpact/venv/lib64/python3.10/site-packages/airflow/example_dags/tutorial_taskflow_api.py took 0.038 seconds
[2025-07-04T12:47:09.542+0530] {processor.py:161} INFO - Started process (PID=40089) to work on /home/tejhanagarajan/Projects/small-projects/NewsImpact/venv/lib64/python3.10/site-packages/airflow/example_dags/tutorial_taskflow_api.py
[2025-07-04T12:47:09.544+0530] {processor.py:830} INFO - Processing file /home/tejhanagarajan/Projects/small-projects/NewsImpact/venv/lib64/python3.10/site-packages/airflow/example_dags/tutorial_taskflow_api.py for tasks to queue
[2025-07-04T12:47:09.545+0530] {logging_mixin.py:188} INFO - [2025-07-04T12:47:09.545+0530] {dagbag.py:538} INFO - Filling up the DagBag from /home/tejhanagarajan/Projects/small-projects/NewsImpact/venv/lib64/python3.10/site-packages/airflow/example_dags/tutorial_taskflow_api.py
[2025-07-04T12:47:09.550+0530] {processor.py:840} INFO - DAG(s) 'tutorial_taskflow_api' retrieved from /home/tejhanagarajan/Projects/small-projects/NewsImpact/venv/lib64/python3.10/site-packages/airflow/example_dags/tutorial_taskflow_api.py
[2025-07-04T12:47:09.557+0530] {logging_mixin.py:188} INFO - [2025-07-04T12:47:09.557+0530] {dag.py:3036} INFO - Sync 1 DAGs
[2025-07-04T12:47:09.563+0530] {logging_mixin.py:188} INFO - [2025-07-04T12:47:09.563+0530] {dag.py:3823} INFO - Setting next_dagrun for tutorial_taskflow_api to None, run_after=None
[2025-07-04T12:47:09.579+0530] {processor.py:183} INFO - Processing /home/tejhanagarajan/Projects/small-projects/NewsImpact/venv/lib64/python3.10/site-packages/airflow/example_dags/tutorial_taskflow_api.py took 0.039 seconds
[2025-07-04T12:47:45.032+0530] {processor.py:161} INFO - Started process (PID=40351) to work on /home/tejhanagarajan/Projects/small-projects/NewsImpact/venv/lib64/python3.10/site-packages/airflow/example_dags/tutorial_taskflow_api.py
[2025-07-04T12:47:45.035+0530] {processor.py:830} INFO - Processing file /home/tejhanagarajan/Projects/small-projects/NewsImpact/venv/lib64/python3.10/site-packages/airflow/example_dags/tutorial_taskflow_api.py for tasks to queue
[2025-07-04T12:47:45.036+0530] {logging_mixin.py:188} INFO - [2025-07-04T12:47:45.035+0530] {dagbag.py:538} INFO - Filling up the DagBag from /home/tejhanagarajan/Projects/small-projects/NewsImpact/venv/lib64/python3.10/site-packages/airflow/example_dags/tutorial_taskflow_api.py
[2025-07-04T12:47:45.040+0530] {processor.py:840} INFO - DAG(s) 'tutorial_taskflow_api' retrieved from /home/tejhanagarajan/Projects/small-projects/NewsImpact/venv/lib64/python3.10/site-packages/airflow/example_dags/tutorial_taskflow_api.py
[2025-07-04T12:47:45.047+0530] {logging_mixin.py:188} INFO - [2025-07-04T12:47:45.047+0530] {dag.py:3036} INFO - Sync 1 DAGs
[2025-07-04T12:47:45.052+0530] {logging_mixin.py:188} INFO - [2025-07-04T12:47:45.052+0530] {dag.py:3823} INFO - Setting next_dagrun for tutorial_taskflow_api to None, run_after=None
[2025-07-04T12:47:45.068+0530] {processor.py:183} INFO - Processing /home/tejhanagarajan/Projects/small-projects/NewsImpact/venv/lib64/python3.10/site-packages/airflow/example_dags/tutorial_taskflow_api.py took 0.039 seconds
[2025-07-04T12:48:30.569+0530] {processor.py:161} INFO - Started process (PID=40702) to work on /home/tejhanagarajan/Projects/small-projects/NewsImpact/venv/lib64/python3.10/site-packages/airflow/example_dags/tutorial_taskflow_api.py
[2025-07-04T12:48:30.572+0530] {processor.py:830} INFO - Processing file /home/tejhanagarajan/Projects/small-projects/NewsImpact/venv/lib64/python3.10/site-packages/airflow/example_dags/tutorial_taskflow_api.py for tasks to queue
[2025-07-04T12:48:30.573+0530] {logging_mixin.py:188} INFO - [2025-07-04T12:48:30.572+0530] {dagbag.py:538} INFO - Filling up the DagBag from /home/tejhanagarajan/Projects/small-projects/NewsImpact/venv/lib64/python3.10/site-packages/airflow/example_dags/tutorial_taskflow_api.py
[2025-07-04T12:48:30.579+0530] {processor.py:840} INFO - DAG(s) 'tutorial_taskflow_api' retrieved from /home/tejhanagarajan/Projects/small-projects/NewsImpact/venv/lib64/python3.10/site-packages/airflow/example_dags/tutorial_taskflow_api.py
[2025-07-04T12:48:30.586+0530] {logging_mixin.py:188} INFO - [2025-07-04T12:48:30.586+0530] {dag.py:3036} INFO - Sync 1 DAGs
[2025-07-04T12:48:30.591+0530] {logging_mixin.py:188} INFO - [2025-07-04T12:48:30.591+0530] {dag.py:3823} INFO - Setting next_dagrun for tutorial_taskflow_api to None, run_after=None
[2025-07-04T12:48:30.610+0530] {processor.py:183} INFO - Processing /home/tejhanagarajan/Projects/small-projects/NewsImpact/venv/lib64/python3.10/site-packages/airflow/example_dags/tutorial_taskflow_api.py took 0.043 seconds
