[2025-07-04T12:26:33.314+0530] {processor.py:161} INFO - Started process (PID=25142) to work on /home/tejhanagarajan/Projects/small-projects/NewsImpact/venv/lib64/python3.10/site-packages/airflow/example_dags/tutorial.py
[2025-07-04T12:26:33.315+0530] {processor.py:830} INFO - Processing file /home/tejhanagarajan/Projects/small-projects/NewsImpact/venv/lib64/python3.10/site-packages/airflow/example_dags/tutorial.py for tasks to queue
[2025-07-04T12:26:33.315+0530] {logging_mixin.py:188} INFO - [2025-07-04T12:26:33.315+0530] {dagbag.py:538} INFO - Filling up the DagBag from /home/tejhanagarajan/Projects/small-projects/NewsImpact/venv/lib64/python3.10/site-packages/airflow/example_dags/tutorial.py
[2025-07-04T12:26:33.319+0530] {processor.py:840} INFO - DAG(s) 'tutorial' retrieved from /home/tejhanagarajan/Projects/small-projects/NewsImpact/venv/lib64/python3.10/site-packages/airflow/example_dags/tutorial.py
[2025-07-04T12:26:33.375+0530] {logging_mixin.py:188} INFO - [2025-07-04T12:26:33.375+0530] {override.py:1769} INFO - Created Permission View: can read on DAG:tutorial
[2025-07-04T12:26:33.386+0530] {logging_mixin.py:188} INFO - [2025-07-04T12:26:33.386+0530] {override.py:1769} INFO - Created Permission View: can edit on DAG:tutorial
[2025-07-04T12:26:33.396+0530] {logging_mixin.py:188} INFO - [2025-07-04T12:26:33.396+0530] {override.py:1769} INFO - Created Permission View: can delete on DAG:tutorial
[2025-07-04T12:26:33.397+0530] {logging_mixin.py:188} INFO - [2025-07-04T12:26:33.396+0530] {dag.py:3036} INFO - Sync 1 DAGs
[2025-07-04T12:26:33.401+0530] {logging_mixin.py:188} INFO - [2025-07-04T12:26:33.401+0530] {dag.py:3058} INFO - Creating ORM DAG for tutorial
[2025-07-04T12:26:33.405+0530] {logging_mixin.py:188} INFO - [2025-07-04T12:26:33.405+0530] {dag.py:3823} INFO - Setting next_dagrun for tutorial to 2025-07-03 00:00:00+00:00, run_after=2025-07-04 00:00:00+00:00
[2025-07-04T12:26:33.421+0530] {processor.py:183} INFO - Processing /home/tejhanagarajan/Projects/small-projects/NewsImpact/venv/lib64/python3.10/site-packages/airflow/example_dags/tutorial.py took 0.108 seconds
[2025-07-04T12:27:24.566+0530] {processor.py:161} INFO - Started process (PID=25529) to work on /home/tejhanagarajan/Projects/small-projects/NewsImpact/venv/lib64/python3.10/site-packages/airflow/example_dags/tutorial.py
[2025-07-04T12:27:24.567+0530] {processor.py:830} INFO - Processing file /home/tejhanagarajan/Projects/small-projects/NewsImpact/venv/lib64/python3.10/site-packages/airflow/example_dags/tutorial.py for tasks to queue
[2025-07-04T12:27:24.567+0530] {logging_mixin.py:188} INFO - [2025-07-04T12:27:24.567+0530] {dagbag.py:538} INFO - Filling up the DagBag from /home/tejhanagarajan/Projects/small-projects/NewsImpact/venv/lib64/python3.10/site-packages/airflow/example_dags/tutorial.py
[2025-07-04T12:27:24.570+0530] {processor.py:840} INFO - DAG(s) 'tutorial' retrieved from /home/tejhanagarajan/Projects/small-projects/NewsImpact/venv/lib64/python3.10/site-packages/airflow/example_dags/tutorial.py
[2025-07-04T12:27:24.578+0530] {logging_mixin.py:188} INFO - [2025-07-04T12:27:24.578+0530] {dag.py:3036} INFO - Sync 1 DAGs
[2025-07-04T12:27:24.586+0530] {logging_mixin.py:188} INFO - [2025-07-04T12:27:24.586+0530] {dag.py:3823} INFO - Setting next_dagrun for tutorial to 2025-07-03 00:00:00+00:00, run_after=2025-07-04 00:00:00+00:00
[2025-07-04T12:27:24.605+0530] {processor.py:183} INFO - Processing /home/tejhanagarajan/Projects/small-projects/NewsImpact/venv/lib64/python3.10/site-packages/airflow/example_dags/tutorial.py took 0.040 seconds
[2025-07-04T12:28:04.836+0530] {processor.py:161} INFO - Started process (PID=25814) to work on /home/tejhanagarajan/Projects/small-projects/NewsImpact/venv/lib64/python3.10/site-packages/airflow/example_dags/tutorial.py
[2025-07-04T12:28:04.837+0530] {processor.py:830} INFO - Processing file /home/tejhanagarajan/Projects/small-projects/NewsImpact/venv/lib64/python3.10/site-packages/airflow/example_dags/tutorial.py for tasks to queue
[2025-07-04T12:28:04.837+0530] {logging_mixin.py:188} INFO - [2025-07-04T12:28:04.837+0530] {dagbag.py:538} INFO - Filling up the DagBag from /home/tejhanagarajan/Projects/small-projects/NewsImpact/venv/lib64/python3.10/site-packages/airflow/example_dags/tutorial.py
[2025-07-04T12:28:04.840+0530] {processor.py:840} INFO - DAG(s) 'tutorial' retrieved from /home/tejhanagarajan/Projects/small-projects/NewsImpact/venv/lib64/python3.10/site-packages/airflow/example_dags/tutorial.py
[2025-07-04T12:28:04.848+0530] {logging_mixin.py:188} INFO - [2025-07-04T12:28:04.847+0530] {dag.py:3036} INFO - Sync 1 DAGs
[2025-07-04T12:28:04.857+0530] {logging_mixin.py:188} INFO - [2025-07-04T12:28:04.857+0530] {dag.py:3823} INFO - Setting next_dagrun for tutorial to 2025-07-03 00:00:00+00:00, run_after=2025-07-04 00:00:00+00:00
[2025-07-04T12:28:04.875+0530] {processor.py:183} INFO - Processing /home/tejhanagarajan/Projects/small-projects/NewsImpact/venv/lib64/python3.10/site-packages/airflow/example_dags/tutorial.py took 0.042 seconds
[2025-07-04T12:28:53.546+0530] {processor.py:161} INFO - Started process (PID=26255) to work on /home/tejhanagarajan/Projects/small-projects/NewsImpact/venv/lib64/python3.10/site-packages/airflow/example_dags/tutorial.py
[2025-07-04T12:28:53.548+0530] {processor.py:830} INFO - Processing file /home/tejhanagarajan/Projects/small-projects/NewsImpact/venv/lib64/python3.10/site-packages/airflow/example_dags/tutorial.py for tasks to queue
[2025-07-04T12:28:53.549+0530] {logging_mixin.py:188} INFO - [2025-07-04T12:28:53.549+0530] {dagbag.py:538} INFO - Filling up the DagBag from /home/tejhanagarajan/Projects/small-projects/NewsImpact/venv/lib64/python3.10/site-packages/airflow/example_dags/tutorial.py
[2025-07-04T12:28:53.555+0530] {processor.py:840} INFO - DAG(s) 'tutorial' retrieved from /home/tejhanagarajan/Projects/small-projects/NewsImpact/venv/lib64/python3.10/site-packages/airflow/example_dags/tutorial.py
[2025-07-04T12:28:53.562+0530] {logging_mixin.py:188} INFO - [2025-07-04T12:28:53.562+0530] {dag.py:3036} INFO - Sync 1 DAGs
[2025-07-04T12:28:53.570+0530] {logging_mixin.py:188} INFO - [2025-07-04T12:28:53.570+0530] {dag.py:3823} INFO - Setting next_dagrun for tutorial to 2025-07-03 00:00:00+00:00, run_after=2025-07-04 00:00:00+00:00
[2025-07-04T12:28:53.586+0530] {processor.py:183} INFO - Processing /home/tejhanagarajan/Projects/small-projects/NewsImpact/venv/lib64/python3.10/site-packages/airflow/example_dags/tutorial.py took 0.042 seconds
[2025-07-04T12:29:33.304+0530] {processor.py:161} INFO - Started process (PID=26597) to work on /home/tejhanagarajan/Projects/small-projects/NewsImpact/venv/lib64/python3.10/site-packages/airflow/example_dags/tutorial.py
[2025-07-04T12:29:33.307+0530] {processor.py:830} INFO - Processing file /home/tejhanagarajan/Projects/small-projects/NewsImpact/venv/lib64/python3.10/site-packages/airflow/example_dags/tutorial.py for tasks to queue
[2025-07-04T12:29:33.308+0530] {logging_mixin.py:188} INFO - [2025-07-04T12:29:33.307+0530] {dagbag.py:538} INFO - Filling up the DagBag from /home/tejhanagarajan/Projects/small-projects/NewsImpact/venv/lib64/python3.10/site-packages/airflow/example_dags/tutorial.py
[2025-07-04T12:29:33.314+0530] {processor.py:840} INFO - DAG(s) 'tutorial' retrieved from /home/tejhanagarajan/Projects/small-projects/NewsImpact/venv/lib64/python3.10/site-packages/airflow/example_dags/tutorial.py
[2025-07-04T12:29:33.321+0530] {logging_mixin.py:188} INFO - [2025-07-04T12:29:33.321+0530] {dag.py:3036} INFO - Sync 1 DAGs
[2025-07-04T12:29:33.330+0530] {logging_mixin.py:188} INFO - [2025-07-04T12:29:33.330+0530] {dag.py:3823} INFO - Setting next_dagrun for tutorial to 2025-07-03 00:00:00+00:00, run_after=2025-07-04 00:00:00+00:00
[2025-07-04T12:29:33.346+0530] {processor.py:183} INFO - Processing /home/tejhanagarajan/Projects/small-projects/NewsImpact/venv/lib64/python3.10/site-packages/airflow/example_dags/tutorial.py took 0.044 seconds
[2025-07-04T12:30:08.072+0530] {processor.py:161} INFO - Started process (PID=26852) to work on /home/tejhanagarajan/Projects/small-projects/NewsImpact/venv/lib64/python3.10/site-packages/airflow/example_dags/tutorial.py
[2025-07-04T12:30:08.074+0530] {processor.py:830} INFO - Processing file /home/tejhanagarajan/Projects/small-projects/NewsImpact/venv/lib64/python3.10/site-packages/airflow/example_dags/tutorial.py for tasks to queue
[2025-07-04T12:30:08.074+0530] {logging_mixin.py:188} INFO - [2025-07-04T12:30:08.074+0530] {dagbag.py:538} INFO - Filling up the DagBag from /home/tejhanagarajan/Projects/small-projects/NewsImpact/venv/lib64/python3.10/site-packages/airflow/example_dags/tutorial.py
[2025-07-04T12:30:08.077+0530] {processor.py:840} INFO - DAG(s) 'tutorial' retrieved from /home/tejhanagarajan/Projects/small-projects/NewsImpact/venv/lib64/python3.10/site-packages/airflow/example_dags/tutorial.py
[2025-07-04T12:30:08.083+0530] {logging_mixin.py:188} INFO - [2025-07-04T12:30:08.083+0530] {dag.py:3036} INFO - Sync 1 DAGs
[2025-07-04T12:30:08.092+0530] {logging_mixin.py:188} INFO - [2025-07-04T12:30:08.092+0530] {dag.py:3823} INFO - Setting next_dagrun for tutorial to 2025-07-03 00:00:00+00:00, run_after=2025-07-04 00:00:00+00:00
[2025-07-04T12:30:08.111+0530] {processor.py:183} INFO - Processing /home/tejhanagarajan/Projects/small-projects/NewsImpact/venv/lib64/python3.10/site-packages/airflow/example_dags/tutorial.py took 0.040 seconds
[2025-07-04T12:30:46.549+0530] {processor.py:161} INFO - Started process (PID=27116) to work on /home/tejhanagarajan/Projects/small-projects/NewsImpact/venv/lib64/python3.10/site-packages/airflow/example_dags/tutorial.py
[2025-07-04T12:30:46.551+0530] {processor.py:830} INFO - Processing file /home/tejhanagarajan/Projects/small-projects/NewsImpact/venv/lib64/python3.10/site-packages/airflow/example_dags/tutorial.py for tasks to queue
[2025-07-04T12:30:46.552+0530] {logging_mixin.py:188} INFO - [2025-07-04T12:30:46.552+0530] {dagbag.py:538} INFO - Filling up the DagBag from /home/tejhanagarajan/Projects/small-projects/NewsImpact/venv/lib64/python3.10/site-packages/airflow/example_dags/tutorial.py
[2025-07-04T12:30:46.556+0530] {processor.py:840} INFO - DAG(s) 'tutorial' retrieved from /home/tejhanagarajan/Projects/small-projects/NewsImpact/venv/lib64/python3.10/site-packages/airflow/example_dags/tutorial.py
[2025-07-04T12:30:46.563+0530] {logging_mixin.py:188} INFO - [2025-07-04T12:30:46.563+0530] {dag.py:3036} INFO - Sync 1 DAGs
[2025-07-04T12:30:46.572+0530] {logging_mixin.py:188} INFO - [2025-07-04T12:30:46.572+0530] {dag.py:3823} INFO - Setting next_dagrun for tutorial to 2025-07-03 00:00:00+00:00, run_after=2025-07-04 00:00:00+00:00
[2025-07-04T12:30:46.587+0530] {processor.py:183} INFO - Processing /home/tejhanagarajan/Projects/small-projects/NewsImpact/venv/lib64/python3.10/site-packages/airflow/example_dags/tutorial.py took 0.040 seconds
[2025-07-04T12:33:01.760+0530] {processor.py:161} INFO - Started process (PID=30037) to work on /home/tejhanagarajan/Projects/small-projects/NewsImpact/venv/lib64/python3.10/site-packages/airflow/example_dags/tutorial.py
[2025-07-04T12:33:01.764+0530] {processor.py:830} INFO - Processing file /home/tejhanagarajan/Projects/small-projects/NewsImpact/venv/lib64/python3.10/site-packages/airflow/example_dags/tutorial.py for tasks to queue
[2025-07-04T12:33:01.765+0530] {logging_mixin.py:188} INFO - [2025-07-04T12:33:01.765+0530] {dagbag.py:538} INFO - Filling up the DagBag from /home/tejhanagarajan/Projects/small-projects/NewsImpact/venv/lib64/python3.10/site-packages/airflow/example_dags/tutorial.py
[2025-07-04T12:33:01.775+0530] {processor.py:840} INFO - DAG(s) 'tutorial' retrieved from /home/tejhanagarajan/Projects/small-projects/NewsImpact/venv/lib64/python3.10/site-packages/airflow/example_dags/tutorial.py
[2025-07-04T12:33:01.786+0530] {logging_mixin.py:188} INFO - [2025-07-04T12:33:01.785+0530] {dag.py:3036} INFO - Sync 1 DAGs
[2025-07-04T12:33:01.794+0530] {logging_mixin.py:188} INFO - [2025-07-04T12:33:01.794+0530] {dag.py:3823} INFO - Setting next_dagrun for tutorial to 2025-07-03 00:00:00+00:00, run_after=2025-07-04 00:00:00+00:00
[2025-07-04T12:33:01.809+0530] {processor.py:183} INFO - Processing /home/tejhanagarajan/Projects/small-projects/NewsImpact/venv/lib64/python3.10/site-packages/airflow/example_dags/tutorial.py took 0.052 seconds
[2025-07-04T12:33:48.533+0530] {processor.py:161} INFO - Started process (PID=30387) to work on /home/tejhanagarajan/Projects/small-projects/NewsImpact/venv/lib64/python3.10/site-packages/airflow/example_dags/tutorial.py
[2025-07-04T12:33:48.536+0530] {processor.py:830} INFO - Processing file /home/tejhanagarajan/Projects/small-projects/NewsImpact/venv/lib64/python3.10/site-packages/airflow/example_dags/tutorial.py for tasks to queue
[2025-07-04T12:33:48.537+0530] {logging_mixin.py:188} INFO - [2025-07-04T12:33:48.537+0530] {dagbag.py:538} INFO - Filling up the DagBag from /home/tejhanagarajan/Projects/small-projects/NewsImpact/venv/lib64/python3.10/site-packages/airflow/example_dags/tutorial.py
[2025-07-04T12:33:48.542+0530] {processor.py:840} INFO - DAG(s) 'tutorial' retrieved from /home/tejhanagarajan/Projects/small-projects/NewsImpact/venv/lib64/python3.10/site-packages/airflow/example_dags/tutorial.py
[2025-07-04T12:33:48.549+0530] {logging_mixin.py:188} INFO - [2025-07-04T12:33:48.549+0530] {dag.py:3036} INFO - Sync 1 DAGs
[2025-07-04T12:33:48.557+0530] {logging_mixin.py:188} INFO - [2025-07-04T12:33:48.557+0530] {dag.py:3823} INFO - Setting next_dagrun for tutorial to 2025-07-03 00:00:00+00:00, run_after=2025-07-04 00:00:00+00:00
[2025-07-04T12:33:48.572+0530] {processor.py:183} INFO - Processing /home/tejhanagarajan/Projects/small-projects/NewsImpact/venv/lib64/python3.10/site-packages/airflow/example_dags/tutorial.py took 0.041 seconds
[2025-07-04T12:34:34.595+0530] {processor.py:161} INFO - Started process (PID=30957) to work on /home/tejhanagarajan/Projects/small-projects/NewsImpact/venv/lib64/python3.10/site-packages/airflow/example_dags/tutorial.py
[2025-07-04T12:34:34.598+0530] {processor.py:830} INFO - Processing file /home/tejhanagarajan/Projects/small-projects/NewsImpact/venv/lib64/python3.10/site-packages/airflow/example_dags/tutorial.py for tasks to queue
[2025-07-04T12:34:34.598+0530] {logging_mixin.py:188} INFO - [2025-07-04T12:34:34.598+0530] {dagbag.py:538} INFO - Filling up the DagBag from /home/tejhanagarajan/Projects/small-projects/NewsImpact/venv/lib64/python3.10/site-packages/airflow/example_dags/tutorial.py
[2025-07-04T12:34:34.602+0530] {processor.py:840} INFO - DAG(s) 'tutorial' retrieved from /home/tejhanagarajan/Projects/small-projects/NewsImpact/venv/lib64/python3.10/site-packages/airflow/example_dags/tutorial.py
[2025-07-04T12:34:34.612+0530] {logging_mixin.py:188} INFO - [2025-07-04T12:34:34.612+0530] {dag.py:3036} INFO - Sync 1 DAGs
[2025-07-04T12:34:34.622+0530] {logging_mixin.py:188} INFO - [2025-07-04T12:34:34.621+0530] {dag.py:3823} INFO - Setting next_dagrun for tutorial to 2025-07-03 00:00:00+00:00, run_after=2025-07-04 00:00:00+00:00
[2025-07-04T12:34:34.637+0530] {processor.py:183} INFO - Processing /home/tejhanagarajan/Projects/small-projects/NewsImpact/venv/lib64/python3.10/site-packages/airflow/example_dags/tutorial.py took 0.044 seconds
[2025-07-04T12:35:10.409+0530] {processor.py:161} INFO - Started process (PID=31207) to work on /home/tejhanagarajan/Projects/small-projects/NewsImpact/venv/lib64/python3.10/site-packages/airflow/example_dags/tutorial.py
[2025-07-04T12:35:10.412+0530] {processor.py:830} INFO - Processing file /home/tejhanagarajan/Projects/small-projects/NewsImpact/venv/lib64/python3.10/site-packages/airflow/example_dags/tutorial.py for tasks to queue
[2025-07-04T12:35:10.413+0530] {logging_mixin.py:188} INFO - [2025-07-04T12:35:10.412+0530] {dagbag.py:538} INFO - Filling up the DagBag from /home/tejhanagarajan/Projects/small-projects/NewsImpact/venv/lib64/python3.10/site-packages/airflow/example_dags/tutorial.py
[2025-07-04T12:35:10.417+0530] {processor.py:840} INFO - DAG(s) 'tutorial' retrieved from /home/tejhanagarajan/Projects/small-projects/NewsImpact/venv/lib64/python3.10/site-packages/airflow/example_dags/tutorial.py
[2025-07-04T12:35:10.423+0530] {logging_mixin.py:188} INFO - [2025-07-04T12:35:10.423+0530] {dag.py:3036} INFO - Sync 1 DAGs
[2025-07-04T12:35:10.431+0530] {logging_mixin.py:188} INFO - [2025-07-04T12:35:10.431+0530] {dag.py:3823} INFO - Setting next_dagrun for tutorial to 2025-07-03 00:00:00+00:00, run_after=2025-07-04 00:00:00+00:00
[2025-07-04T12:35:10.446+0530] {processor.py:183} INFO - Processing /home/tejhanagarajan/Projects/small-projects/NewsImpact/venv/lib64/python3.10/site-packages/airflow/example_dags/tutorial.py took 0.039 seconds
[2025-07-04T12:35:48.071+0530] {processor.py:161} INFO - Started process (PID=31557) to work on /home/tejhanagarajan/Projects/small-projects/NewsImpact/venv/lib64/python3.10/site-packages/airflow/example_dags/tutorial.py
[2025-07-04T12:35:48.073+0530] {processor.py:830} INFO - Processing file /home/tejhanagarajan/Projects/small-projects/NewsImpact/venv/lib64/python3.10/site-packages/airflow/example_dags/tutorial.py for tasks to queue
[2025-07-04T12:35:48.073+0530] {logging_mixin.py:188} INFO - [2025-07-04T12:35:48.073+0530] {dagbag.py:538} INFO - Filling up the DagBag from /home/tejhanagarajan/Projects/small-projects/NewsImpact/venv/lib64/python3.10/site-packages/airflow/example_dags/tutorial.py
[2025-07-04T12:35:48.076+0530] {processor.py:840} INFO - DAG(s) 'tutorial' retrieved from /home/tejhanagarajan/Projects/small-projects/NewsImpact/venv/lib64/python3.10/site-packages/airflow/example_dags/tutorial.py
[2025-07-04T12:35:48.083+0530] {logging_mixin.py:188} INFO - [2025-07-04T12:35:48.083+0530] {dag.py:3036} INFO - Sync 1 DAGs
[2025-07-04T12:35:48.091+0530] {logging_mixin.py:188} INFO - [2025-07-04T12:35:48.091+0530] {dag.py:3823} INFO - Setting next_dagrun for tutorial to 2025-07-03 00:00:00+00:00, run_after=2025-07-04 00:00:00+00:00
[2025-07-04T12:35:48.107+0530] {processor.py:183} INFO - Processing /home/tejhanagarajan/Projects/small-projects/NewsImpact/venv/lib64/python3.10/site-packages/airflow/example_dags/tutorial.py took 0.039 seconds
[2025-07-04T12:36:23.798+0530] {processor.py:161} INFO - Started process (PID=31814) to work on /home/tejhanagarajan/Projects/small-projects/NewsImpact/venv/lib64/python3.10/site-packages/airflow/example_dags/tutorial.py
[2025-07-04T12:36:23.801+0530] {processor.py:830} INFO - Processing file /home/tejhanagarajan/Projects/small-projects/NewsImpact/venv/lib64/python3.10/site-packages/airflow/example_dags/tutorial.py for tasks to queue
[2025-07-04T12:36:23.802+0530] {logging_mixin.py:188} INFO - [2025-07-04T12:36:23.802+0530] {dagbag.py:538} INFO - Filling up the DagBag from /home/tejhanagarajan/Projects/small-projects/NewsImpact/venv/lib64/python3.10/site-packages/airflow/example_dags/tutorial.py
[2025-07-04T12:36:23.807+0530] {processor.py:840} INFO - DAG(s) 'tutorial' retrieved from /home/tejhanagarajan/Projects/small-projects/NewsImpact/venv/lib64/python3.10/site-packages/airflow/example_dags/tutorial.py
[2025-07-04T12:36:23.815+0530] {logging_mixin.py:188} INFO - [2025-07-04T12:36:23.815+0530] {dag.py:3036} INFO - Sync 1 DAGs
[2025-07-04T12:36:23.822+0530] {logging_mixin.py:188} INFO - [2025-07-04T12:36:23.822+0530] {dag.py:3823} INFO - Setting next_dagrun for tutorial to 2025-07-03 00:00:00+00:00, run_after=2025-07-04 00:00:00+00:00
[2025-07-04T12:36:23.839+0530] {processor.py:183} INFO - Processing /home/tejhanagarajan/Projects/small-projects/NewsImpact/venv/lib64/python3.10/site-packages/airflow/example_dags/tutorial.py took 0.044 seconds
[2025-07-04T12:37:00.045+0530] {processor.py:161} INFO - Started process (PID=32218) to work on /home/tejhanagarajan/Projects/small-projects/NewsImpact/venv/lib64/python3.10/site-packages/airflow/example_dags/tutorial.py
[2025-07-04T12:37:00.047+0530] {processor.py:830} INFO - Processing file /home/tejhanagarajan/Projects/small-projects/NewsImpact/venv/lib64/python3.10/site-packages/airflow/example_dags/tutorial.py for tasks to queue
[2025-07-04T12:37:00.048+0530] {logging_mixin.py:188} INFO - [2025-07-04T12:37:00.047+0530] {dagbag.py:538} INFO - Filling up the DagBag from /home/tejhanagarajan/Projects/small-projects/NewsImpact/venv/lib64/python3.10/site-packages/airflow/example_dags/tutorial.py
[2025-07-04T12:37:00.053+0530] {processor.py:840} INFO - DAG(s) 'tutorial' retrieved from /home/tejhanagarajan/Projects/small-projects/NewsImpact/venv/lib64/python3.10/site-packages/airflow/example_dags/tutorial.py
[2025-07-04T12:37:00.061+0530] {logging_mixin.py:188} INFO - [2025-07-04T12:37:00.061+0530] {dag.py:3036} INFO - Sync 1 DAGs
[2025-07-04T12:37:00.070+0530] {logging_mixin.py:188} INFO - [2025-07-04T12:37:00.070+0530] {dag.py:3823} INFO - Setting next_dagrun for tutorial to 2025-07-03 00:00:00+00:00, run_after=2025-07-04 00:00:00+00:00
[2025-07-04T12:37:00.087+0530] {processor.py:183} INFO - Processing /home/tejhanagarajan/Projects/small-projects/NewsImpact/venv/lib64/python3.10/site-packages/airflow/example_dags/tutorial.py took 0.044 seconds
[2025-07-04T12:37:47.168+0530] {processor.py:161} INFO - Started process (PID=33293) to work on /home/tejhanagarajan/Projects/small-projects/NewsImpact/venv/lib64/python3.10/site-packages/airflow/example_dags/tutorial.py
[2025-07-04T12:37:47.171+0530] {processor.py:830} INFO - Processing file /home/tejhanagarajan/Projects/small-projects/NewsImpact/venv/lib64/python3.10/site-packages/airflow/example_dags/tutorial.py for tasks to queue
[2025-07-04T12:37:47.171+0530] {logging_mixin.py:188} INFO - [2025-07-04T12:37:47.171+0530] {dagbag.py:538} INFO - Filling up the DagBag from /home/tejhanagarajan/Projects/small-projects/NewsImpact/venv/lib64/python3.10/site-packages/airflow/example_dags/tutorial.py
[2025-07-04T12:37:47.174+0530] {processor.py:840} INFO - DAG(s) 'tutorial' retrieved from /home/tejhanagarajan/Projects/small-projects/NewsImpact/venv/lib64/python3.10/site-packages/airflow/example_dags/tutorial.py
[2025-07-04T12:37:47.181+0530] {logging_mixin.py:188} INFO - [2025-07-04T12:37:47.181+0530] {dag.py:3036} INFO - Sync 1 DAGs
[2025-07-04T12:37:47.190+0530] {logging_mixin.py:188} INFO - [2025-07-04T12:37:47.190+0530] {dag.py:3823} INFO - Setting next_dagrun for tutorial to 2025-07-03 00:00:00+00:00, run_after=2025-07-04 00:00:00+00:00
[2025-07-04T12:37:47.207+0530] {processor.py:183} INFO - Processing /home/tejhanagarajan/Projects/small-projects/NewsImpact/venv/lib64/python3.10/site-packages/airflow/example_dags/tutorial.py took 0.040 seconds
[2025-07-04T12:38:03.887+0530] {processor.py:161} INFO - Started process (PID=34713) to work on /home/tejhanagarajan/Projects/small-projects/NewsImpact/venv/lib64/python3.10/site-packages/airflow/example_dags/tutorial.py
[2025-07-04T12:38:03.888+0530] {processor.py:830} INFO - Processing file /home/tejhanagarajan/Projects/small-projects/NewsImpact/venv/lib64/python3.10/site-packages/airflow/example_dags/tutorial.py for tasks to queue
[2025-07-04T12:38:03.888+0530] {logging_mixin.py:188} INFO - [2025-07-04T12:38:03.888+0530] {dagbag.py:538} INFO - Filling up the DagBag from /home/tejhanagarajan/Projects/small-projects/NewsImpact/venv/lib64/python3.10/site-packages/airflow/example_dags/tutorial.py
[2025-07-04T12:38:03.892+0530] {processor.py:840} INFO - DAG(s) 'tutorial' retrieved from /home/tejhanagarajan/Projects/small-projects/NewsImpact/venv/lib64/python3.10/site-packages/airflow/example_dags/tutorial.py
[2025-07-04T12:38:03.901+0530] {logging_mixin.py:188} INFO - [2025-07-04T12:38:03.901+0530] {dag.py:3036} INFO - Sync 1 DAGs
[2025-07-04T12:38:03.909+0530] {logging_mixin.py:188} INFO - [2025-07-04T12:38:03.908+0530] {dag.py:3823} INFO - Setting next_dagrun for tutorial to 2025-07-03 00:00:00+00:00, run_after=2025-07-04 00:00:00+00:00
[2025-07-04T12:38:03.926+0530] {processor.py:183} INFO - Processing /home/tejhanagarajan/Projects/small-projects/NewsImpact/venv/lib64/python3.10/site-packages/airflow/example_dags/tutorial.py took 0.040 seconds
[2025-07-04T12:38:38.030+0530] {processor.py:161} INFO - Started process (PID=35001) to work on /home/tejhanagarajan/Projects/small-projects/NewsImpact/venv/lib64/python3.10/site-packages/airflow/example_dags/tutorial.py
[2025-07-04T12:38:38.032+0530] {processor.py:830} INFO - Processing file /home/tejhanagarajan/Projects/small-projects/NewsImpact/venv/lib64/python3.10/site-packages/airflow/example_dags/tutorial.py for tasks to queue
[2025-07-04T12:38:38.033+0530] {logging_mixin.py:188} INFO - [2025-07-04T12:38:38.033+0530] {dagbag.py:538} INFO - Filling up the DagBag from /home/tejhanagarajan/Projects/small-projects/NewsImpact/venv/lib64/python3.10/site-packages/airflow/example_dags/tutorial.py
[2025-07-04T12:38:38.036+0530] {processor.py:840} INFO - DAG(s) 'tutorial' retrieved from /home/tejhanagarajan/Projects/small-projects/NewsImpact/venv/lib64/python3.10/site-packages/airflow/example_dags/tutorial.py
[2025-07-04T12:38:38.043+0530] {logging_mixin.py:188} INFO - [2025-07-04T12:38:38.043+0530] {dag.py:3036} INFO - Sync 1 DAGs
[2025-07-04T12:38:38.051+0530] {logging_mixin.py:188} INFO - [2025-07-04T12:38:38.051+0530] {dag.py:3823} INFO - Setting next_dagrun for tutorial to 2025-07-03 00:00:00+00:00, run_after=2025-07-04 00:00:00+00:00
[2025-07-04T12:38:38.067+0530] {processor.py:183} INFO - Processing /home/tejhanagarajan/Projects/small-projects/NewsImpact/venv/lib64/python3.10/site-packages/airflow/example_dags/tutorial.py took 0.039 seconds
[2025-07-04T12:38:50.687+0530] {processor.py:161} INFO - Started process (PID=35117) to work on /home/tejhanagarajan/Projects/small-projects/NewsImpact/venv/lib64/python3.10/site-packages/airflow/example_dags/tutorial.py
[2025-07-04T12:38:50.688+0530] {processor.py:830} INFO - Processing file /home/tejhanagarajan/Projects/small-projects/NewsImpact/venv/lib64/python3.10/site-packages/airflow/example_dags/tutorial.py for tasks to queue
[2025-07-04T12:38:50.688+0530] {logging_mixin.py:188} INFO - [2025-07-04T12:38:50.688+0530] {dagbag.py:538} INFO - Filling up the DagBag from /home/tejhanagarajan/Projects/small-projects/NewsImpact/venv/lib64/python3.10/site-packages/airflow/example_dags/tutorial.py
[2025-07-04T12:38:50.691+0530] {processor.py:840} INFO - DAG(s) 'tutorial' retrieved from /home/tejhanagarajan/Projects/small-projects/NewsImpact/venv/lib64/python3.10/site-packages/airflow/example_dags/tutorial.py
[2025-07-04T12:38:50.698+0530] {logging_mixin.py:188} INFO - [2025-07-04T12:38:50.698+0530] {dag.py:3036} INFO - Sync 1 DAGs
[2025-07-04T12:38:50.706+0530] {logging_mixin.py:188} INFO - [2025-07-04T12:38:50.706+0530] {dag.py:3823} INFO - Setting next_dagrun for tutorial to 2025-07-03 00:00:00+00:00, run_after=2025-07-04 00:00:00+00:00
[2025-07-04T12:38:50.723+0530] {processor.py:183} INFO - Processing /home/tejhanagarajan/Projects/small-projects/NewsImpact/venv/lib64/python3.10/site-packages/airflow/example_dags/tutorial.py took 0.038 seconds
[2025-07-04T12:39:12.914+0530] {processor.py:161} INFO - Started process (PID=35335) to work on /home/tejhanagarajan/Projects/small-projects/NewsImpact/venv/lib64/python3.10/site-packages/airflow/example_dags/tutorial.py
[2025-07-04T12:39:12.916+0530] {processor.py:830} INFO - Processing file /home/tejhanagarajan/Projects/small-projects/NewsImpact/venv/lib64/python3.10/site-packages/airflow/example_dags/tutorial.py for tasks to queue
[2025-07-04T12:39:12.918+0530] {logging_mixin.py:188} INFO - [2025-07-04T12:39:12.917+0530] {dagbag.py:538} INFO - Filling up the DagBag from /home/tejhanagarajan/Projects/small-projects/NewsImpact/venv/lib64/python3.10/site-packages/airflow/example_dags/tutorial.py
[2025-07-04T12:39:12.922+0530] {processor.py:840} INFO - DAG(s) 'tutorial' retrieved from /home/tejhanagarajan/Projects/small-projects/NewsImpact/venv/lib64/python3.10/site-packages/airflow/example_dags/tutorial.py
[2025-07-04T12:39:12.929+0530] {logging_mixin.py:188} INFO - [2025-07-04T12:39:12.929+0530] {dag.py:3036} INFO - Sync 1 DAGs
[2025-07-04T12:39:12.936+0530] {logging_mixin.py:188} INFO - [2025-07-04T12:39:12.936+0530] {dag.py:3823} INFO - Setting next_dagrun for tutorial to 2025-07-03 00:00:00+00:00, run_after=2025-07-04 00:00:00+00:00
[2025-07-04T12:39:12.953+0530] {processor.py:183} INFO - Processing /home/tejhanagarajan/Projects/small-projects/NewsImpact/venv/lib64/python3.10/site-packages/airflow/example_dags/tutorial.py took 0.041 seconds
[2025-07-04T12:39:37.008+0530] {processor.py:161} INFO - Started process (PID=35542) to work on /home/tejhanagarajan/Projects/small-projects/NewsImpact/venv/lib64/python3.10/site-packages/airflow/example_dags/tutorial.py
[2025-07-04T12:39:37.009+0530] {processor.py:830} INFO - Processing file /home/tejhanagarajan/Projects/small-projects/NewsImpact/venv/lib64/python3.10/site-packages/airflow/example_dags/tutorial.py for tasks to queue
[2025-07-04T12:39:37.009+0530] {logging_mixin.py:188} INFO - [2025-07-04T12:39:37.009+0530] {dagbag.py:538} INFO - Filling up the DagBag from /home/tejhanagarajan/Projects/small-projects/NewsImpact/venv/lib64/python3.10/site-packages/airflow/example_dags/tutorial.py
[2025-07-04T12:39:37.014+0530] {processor.py:840} INFO - DAG(s) 'tutorial' retrieved from /home/tejhanagarajan/Projects/small-projects/NewsImpact/venv/lib64/python3.10/site-packages/airflow/example_dags/tutorial.py
[2025-07-04T12:39:37.020+0530] {logging_mixin.py:188} INFO - [2025-07-04T12:39:37.020+0530] {dag.py:3036} INFO - Sync 1 DAGs
[2025-07-04T12:39:37.029+0530] {logging_mixin.py:188} INFO - [2025-07-04T12:39:37.029+0530] {dag.py:3823} INFO - Setting next_dagrun for tutorial to 2025-07-03 00:00:00+00:00, run_after=2025-07-04 00:00:00+00:00
[2025-07-04T12:39:37.045+0530] {processor.py:183} INFO - Processing /home/tejhanagarajan/Projects/small-projects/NewsImpact/venv/lib64/python3.10/site-packages/airflow/example_dags/tutorial.py took 0.039 seconds
[2025-07-04T12:39:50.091+0530] {processor.py:161} INFO - Started process (PID=35656) to work on /home/tejhanagarajan/Projects/small-projects/NewsImpact/venv/lib64/python3.10/site-packages/airflow/example_dags/tutorial.py
[2025-07-04T12:39:50.093+0530] {processor.py:830} INFO - Processing file /home/tejhanagarajan/Projects/small-projects/NewsImpact/venv/lib64/python3.10/site-packages/airflow/example_dags/tutorial.py for tasks to queue
[2025-07-04T12:39:50.093+0530] {logging_mixin.py:188} INFO - [2025-07-04T12:39:50.093+0530] {dagbag.py:538} INFO - Filling up the DagBag from /home/tejhanagarajan/Projects/small-projects/NewsImpact/venv/lib64/python3.10/site-packages/airflow/example_dags/tutorial.py
[2025-07-04T12:39:50.097+0530] {processor.py:840} INFO - DAG(s) 'tutorial' retrieved from /home/tejhanagarajan/Projects/small-projects/NewsImpact/venv/lib64/python3.10/site-packages/airflow/example_dags/tutorial.py
[2025-07-04T12:39:50.104+0530] {logging_mixin.py:188} INFO - [2025-07-04T12:39:50.104+0530] {dag.py:3036} INFO - Sync 1 DAGs
[2025-07-04T12:39:50.113+0530] {logging_mixin.py:188} INFO - [2025-07-04T12:39:50.112+0530] {dag.py:3823} INFO - Setting next_dagrun for tutorial to 2025-07-03 00:00:00+00:00, run_after=2025-07-04 00:00:00+00:00
[2025-07-04T12:39:50.129+0530] {processor.py:183} INFO - Processing /home/tejhanagarajan/Projects/small-projects/NewsImpact/venv/lib64/python3.10/site-packages/airflow/example_dags/tutorial.py took 0.040 seconds
[2025-07-04T12:42:04.895+0530] {processor.py:161} INFO - Started process (PID=37822) to work on /home/tejhanagarajan/Projects/small-projects/NewsImpact/venv/lib64/python3.10/site-packages/airflow/example_dags/tutorial.py
[2025-07-04T12:42:04.896+0530] {processor.py:830} INFO - Processing file /home/tejhanagarajan/Projects/small-projects/NewsImpact/venv/lib64/python3.10/site-packages/airflow/example_dags/tutorial.py for tasks to queue
[2025-07-04T12:42:04.896+0530] {logging_mixin.py:188} INFO - [2025-07-04T12:42:04.896+0530] {dagbag.py:538} INFO - Filling up the DagBag from /home/tejhanagarajan/Projects/small-projects/NewsImpact/venv/lib64/python3.10/site-packages/airflow/example_dags/tutorial.py
[2025-07-04T12:42:04.901+0530] {processor.py:840} INFO - DAG(s) 'tutorial' retrieved from /home/tejhanagarajan/Projects/small-projects/NewsImpact/venv/lib64/python3.10/site-packages/airflow/example_dags/tutorial.py
[2025-07-04T12:42:04.911+0530] {logging_mixin.py:188} INFO - [2025-07-04T12:42:04.911+0530] {dag.py:3036} INFO - Sync 1 DAGs
[2025-07-04T12:42:04.920+0530] {logging_mixin.py:188} INFO - [2025-07-04T12:42:04.919+0530] {dag.py:3823} INFO - Setting next_dagrun for tutorial to 2025-07-03 00:00:00+00:00, run_after=2025-07-04 00:00:00+00:00
[2025-07-04T12:42:04.937+0530] {processor.py:183} INFO - Processing /home/tejhanagarajan/Projects/small-projects/NewsImpact/venv/lib64/python3.10/site-packages/airflow/example_dags/tutorial.py took 0.043 seconds
[2025-07-04T12:42:51.551+0530] {processor.py:161} INFO - Started process (PID=38169) to work on /home/tejhanagarajan/Projects/small-projects/NewsImpact/venv/lib64/python3.10/site-packages/airflow/example_dags/tutorial.py
[2025-07-04T12:42:51.554+0530] {processor.py:830} INFO - Processing file /home/tejhanagarajan/Projects/small-projects/NewsImpact/venv/lib64/python3.10/site-packages/airflow/example_dags/tutorial.py for tasks to queue
[2025-07-04T12:42:51.555+0530] {logging_mixin.py:188} INFO - [2025-07-04T12:42:51.554+0530] {dagbag.py:538} INFO - Filling up the DagBag from /home/tejhanagarajan/Projects/small-projects/NewsImpact/venv/lib64/python3.10/site-packages/airflow/example_dags/tutorial.py
[2025-07-04T12:42:51.560+0530] {processor.py:840} INFO - DAG(s) 'tutorial' retrieved from /home/tejhanagarajan/Projects/small-projects/NewsImpact/venv/lib64/python3.10/site-packages/airflow/example_dags/tutorial.py
[2025-07-04T12:42:51.568+0530] {logging_mixin.py:188} INFO - [2025-07-04T12:42:51.568+0530] {dag.py:3036} INFO - Sync 1 DAGs
[2025-07-04T12:42:51.578+0530] {logging_mixin.py:188} INFO - [2025-07-04T12:42:51.578+0530] {dag.py:3823} INFO - Setting next_dagrun for tutorial to 2025-07-03 00:00:00+00:00, run_after=2025-07-04 00:00:00+00:00
[2025-07-04T12:42:51.597+0530] {processor.py:183} INFO - Processing /home/tejhanagarajan/Projects/small-projects/NewsImpact/venv/lib64/python3.10/site-packages/airflow/example_dags/tutorial.py took 0.050 seconds
[2025-07-04T12:43:39.131+0530] {processor.py:161} INFO - Started process (PID=38553) to work on /home/tejhanagarajan/Projects/small-projects/NewsImpact/venv/lib64/python3.10/site-packages/airflow/example_dags/tutorial.py
[2025-07-04T12:43:39.134+0530] {processor.py:830} INFO - Processing file /home/tejhanagarajan/Projects/small-projects/NewsImpact/venv/lib64/python3.10/site-packages/airflow/example_dags/tutorial.py for tasks to queue
[2025-07-04T12:43:39.134+0530] {logging_mixin.py:188} INFO - [2025-07-04T12:43:39.134+0530] {dagbag.py:538} INFO - Filling up the DagBag from /home/tejhanagarajan/Projects/small-projects/NewsImpact/venv/lib64/python3.10/site-packages/airflow/example_dags/tutorial.py
[2025-07-04T12:43:39.139+0530] {processor.py:840} INFO - DAG(s) 'tutorial' retrieved from /home/tejhanagarajan/Projects/small-projects/NewsImpact/venv/lib64/python3.10/site-packages/airflow/example_dags/tutorial.py
[2025-07-04T12:43:39.146+0530] {logging_mixin.py:188} INFO - [2025-07-04T12:43:39.146+0530] {dag.py:3036} INFO - Sync 1 DAGs
[2025-07-04T12:43:39.156+0530] {logging_mixin.py:188} INFO - [2025-07-04T12:43:39.155+0530] {dag.py:3823} INFO - Setting next_dagrun for tutorial to 2025-07-03 00:00:00+00:00, run_after=2025-07-04 00:00:00+00:00
[2025-07-04T12:43:39.175+0530] {processor.py:183} INFO - Processing /home/tejhanagarajan/Projects/small-projects/NewsImpact/venv/lib64/python3.10/site-packages/airflow/example_dags/tutorial.py took 0.047 seconds
[2025-07-04T12:44:15.183+0530] {processor.py:161} INFO - Started process (PID=38811) to work on /home/tejhanagarajan/Projects/small-projects/NewsImpact/venv/lib64/python3.10/site-packages/airflow/example_dags/tutorial.py
[2025-07-04T12:44:15.186+0530] {processor.py:830} INFO - Processing file /home/tejhanagarajan/Projects/small-projects/NewsImpact/venv/lib64/python3.10/site-packages/airflow/example_dags/tutorial.py for tasks to queue
[2025-07-04T12:44:15.186+0530] {logging_mixin.py:188} INFO - [2025-07-04T12:44:15.186+0530] {dagbag.py:538} INFO - Filling up the DagBag from /home/tejhanagarajan/Projects/small-projects/NewsImpact/venv/lib64/python3.10/site-packages/airflow/example_dags/tutorial.py
[2025-07-04T12:44:15.190+0530] {processor.py:840} INFO - DAG(s) 'tutorial' retrieved from /home/tejhanagarajan/Projects/small-projects/NewsImpact/venv/lib64/python3.10/site-packages/airflow/example_dags/tutorial.py
[2025-07-04T12:44:15.198+0530] {logging_mixin.py:188} INFO - [2025-07-04T12:44:15.197+0530] {dag.py:3036} INFO - Sync 1 DAGs
[2025-07-04T12:44:15.206+0530] {logging_mixin.py:188} INFO - [2025-07-04T12:44:15.206+0530] {dag.py:3823} INFO - Setting next_dagrun for tutorial to 2025-07-03 00:00:00+00:00, run_after=2025-07-04 00:00:00+00:00
[2025-07-04T12:44:15.223+0530] {processor.py:183} INFO - Processing /home/tejhanagarajan/Projects/small-projects/NewsImpact/venv/lib64/python3.10/site-packages/airflow/example_dags/tutorial.py took 0.042 seconds
[2025-07-04T12:44:52.357+0530] {processor.py:161} INFO - Started process (PID=39079) to work on /home/tejhanagarajan/Projects/small-projects/NewsImpact/venv/lib64/python3.10/site-packages/airflow/example_dags/tutorial.py
[2025-07-04T12:44:52.358+0530] {processor.py:830} INFO - Processing file /home/tejhanagarajan/Projects/small-projects/NewsImpact/venv/lib64/python3.10/site-packages/airflow/example_dags/tutorial.py for tasks to queue
[2025-07-04T12:44:52.359+0530] {logging_mixin.py:188} INFO - [2025-07-04T12:44:52.359+0530] {dagbag.py:538} INFO - Filling up the DagBag from /home/tejhanagarajan/Projects/small-projects/NewsImpact/venv/lib64/python3.10/site-packages/airflow/example_dags/tutorial.py
[2025-07-04T12:44:52.363+0530] {processor.py:840} INFO - DAG(s) 'tutorial' retrieved from /home/tejhanagarajan/Projects/small-projects/NewsImpact/venv/lib64/python3.10/site-packages/airflow/example_dags/tutorial.py
[2025-07-04T12:44:52.369+0530] {logging_mixin.py:188} INFO - [2025-07-04T12:44:52.369+0530] {dag.py:3036} INFO - Sync 1 DAGs
[2025-07-04T12:44:52.377+0530] {logging_mixin.py:188} INFO - [2025-07-04T12:44:52.377+0530] {dag.py:3823} INFO - Setting next_dagrun for tutorial to 2025-07-03 00:00:00+00:00, run_after=2025-07-04 00:00:00+00:00
[2025-07-04T12:44:52.393+0530] {processor.py:183} INFO - Processing /home/tejhanagarajan/Projects/small-projects/NewsImpact/venv/lib64/python3.10/site-packages/airflow/example_dags/tutorial.py took 0.038 seconds
[2025-07-04T12:45:42.324+0530] {processor.py:161} INFO - Started process (PID=39459) to work on /home/tejhanagarajan/Projects/small-projects/NewsImpact/venv/lib64/python3.10/site-packages/airflow/example_dags/tutorial.py
[2025-07-04T12:45:42.327+0530] {processor.py:830} INFO - Processing file /home/tejhanagarajan/Projects/small-projects/NewsImpact/venv/lib64/python3.10/site-packages/airflow/example_dags/tutorial.py for tasks to queue
[2025-07-04T12:45:42.328+0530] {logging_mixin.py:188} INFO - [2025-07-04T12:45:42.328+0530] {dagbag.py:538} INFO - Filling up the DagBag from /home/tejhanagarajan/Projects/small-projects/NewsImpact/venv/lib64/python3.10/site-packages/airflow/example_dags/tutorial.py
[2025-07-04T12:45:42.333+0530] {processor.py:840} INFO - DAG(s) 'tutorial' retrieved from /home/tejhanagarajan/Projects/small-projects/NewsImpact/venv/lib64/python3.10/site-packages/airflow/example_dags/tutorial.py
[2025-07-04T12:45:42.340+0530] {logging_mixin.py:188} INFO - [2025-07-04T12:45:42.339+0530] {dag.py:3036} INFO - Sync 1 DAGs
[2025-07-04T12:45:42.348+0530] {logging_mixin.py:188} INFO - [2025-07-04T12:45:42.348+0530] {dag.py:3823} INFO - Setting next_dagrun for tutorial to 2025-07-03 00:00:00+00:00, run_after=2025-07-04 00:00:00+00:00
[2025-07-04T12:45:42.363+0530] {processor.py:183} INFO - Processing /home/tejhanagarajan/Projects/small-projects/NewsImpact/venv/lib64/python3.10/site-packages/airflow/example_dags/tutorial.py took 0.042 seconds
[2025-07-04T12:46:18.836+0530] {processor.py:161} INFO - Started process (PID=39713) to work on /home/tejhanagarajan/Projects/small-projects/NewsImpact/venv/lib64/python3.10/site-packages/airflow/example_dags/tutorial.py
[2025-07-04T12:46:18.841+0530] {processor.py:830} INFO - Processing file /home/tejhanagarajan/Projects/small-projects/NewsImpact/venv/lib64/python3.10/site-packages/airflow/example_dags/tutorial.py for tasks to queue
[2025-07-04T12:46:18.843+0530] {logging_mixin.py:188} INFO - [2025-07-04T12:46:18.842+0530] {dagbag.py:538} INFO - Filling up the DagBag from /home/tejhanagarajan/Projects/small-projects/NewsImpact/venv/lib64/python3.10/site-packages/airflow/example_dags/tutorial.py
[2025-07-04T12:46:18.847+0530] {processor.py:840} INFO - DAG(s) 'tutorial' retrieved from /home/tejhanagarajan/Projects/small-projects/NewsImpact/venv/lib64/python3.10/site-packages/airflow/example_dags/tutorial.py
[2025-07-04T12:46:18.856+0530] {logging_mixin.py:188} INFO - [2025-07-04T12:46:18.855+0530] {dag.py:3036} INFO - Sync 1 DAGs
[2025-07-04T12:46:18.863+0530] {logging_mixin.py:188} INFO - [2025-07-04T12:46:18.863+0530] {dag.py:3823} INFO - Setting next_dagrun for tutorial to 2025-07-03 00:00:00+00:00, run_after=2025-07-04 00:00:00+00:00
[2025-07-04T12:46:18.880+0530] {processor.py:183} INFO - Processing /home/tejhanagarajan/Projects/small-projects/NewsImpact/venv/lib64/python3.10/site-packages/airflow/example_dags/tutorial.py took 0.046 seconds
[2025-07-04T12:46:53.738+0530] {processor.py:161} INFO - Started process (PID=39974) to work on /home/tejhanagarajan/Projects/small-projects/NewsImpact/venv/lib64/python3.10/site-packages/airflow/example_dags/tutorial.py
[2025-07-04T12:46:53.740+0530] {processor.py:830} INFO - Processing file /home/tejhanagarajan/Projects/small-projects/NewsImpact/venv/lib64/python3.10/site-packages/airflow/example_dags/tutorial.py for tasks to queue
[2025-07-04T12:46:53.741+0530] {logging_mixin.py:188} INFO - [2025-07-04T12:46:53.741+0530] {dagbag.py:538} INFO - Filling up the DagBag from /home/tejhanagarajan/Projects/small-projects/NewsImpact/venv/lib64/python3.10/site-packages/airflow/example_dags/tutorial.py
[2025-07-04T12:46:53.744+0530] {processor.py:840} INFO - DAG(s) 'tutorial' retrieved from /home/tejhanagarajan/Projects/small-projects/NewsImpact/venv/lib64/python3.10/site-packages/airflow/example_dags/tutorial.py
[2025-07-04T12:46:53.751+0530] {logging_mixin.py:188} INFO - [2025-07-04T12:46:53.751+0530] {dag.py:3036} INFO - Sync 1 DAGs
[2025-07-04T12:46:53.760+0530] {logging_mixin.py:188} INFO - [2025-07-04T12:46:53.759+0530] {dag.py:3823} INFO - Setting next_dagrun for tutorial to 2025-07-03 00:00:00+00:00, run_after=2025-07-04 00:00:00+00:00
[2025-07-04T12:46:53.776+0530] {processor.py:183} INFO - Processing /home/tejhanagarajan/Projects/small-projects/NewsImpact/venv/lib64/python3.10/site-packages/airflow/example_dags/tutorial.py took 0.040 seconds
[2025-07-04T12:47:28.298+0530] {processor.py:161} INFO - Started process (PID=40237) to work on /home/tejhanagarajan/Projects/small-projects/NewsImpact/venv/lib64/python3.10/site-packages/airflow/example_dags/tutorial.py
[2025-07-04T12:47:28.299+0530] {processor.py:830} INFO - Processing file /home/tejhanagarajan/Projects/small-projects/NewsImpact/venv/lib64/python3.10/site-packages/airflow/example_dags/tutorial.py for tasks to queue
[2025-07-04T12:47:28.299+0530] {logging_mixin.py:188} INFO - [2025-07-04T12:47:28.299+0530] {dagbag.py:538} INFO - Filling up the DagBag from /home/tejhanagarajan/Projects/small-projects/NewsImpact/venv/lib64/python3.10/site-packages/airflow/example_dags/tutorial.py
[2025-07-04T12:47:28.303+0530] {processor.py:840} INFO - DAG(s) 'tutorial' retrieved from /home/tejhanagarajan/Projects/small-projects/NewsImpact/venv/lib64/python3.10/site-packages/airflow/example_dags/tutorial.py
[2025-07-04T12:47:28.310+0530] {logging_mixin.py:188} INFO - [2025-07-04T12:47:28.309+0530] {dag.py:3036} INFO - Sync 1 DAGs
[2025-07-04T12:47:28.318+0530] {logging_mixin.py:188} INFO - [2025-07-04T12:47:28.318+0530] {dag.py:3823} INFO - Setting next_dagrun for tutorial to 2025-07-03 00:00:00+00:00, run_after=2025-07-04 00:00:00+00:00
[2025-07-04T12:47:28.336+0530] {processor.py:183} INFO - Processing /home/tejhanagarajan/Projects/small-projects/NewsImpact/venv/lib64/python3.10/site-packages/airflow/example_dags/tutorial.py took 0.039 seconds
[2025-07-04T12:48:01.645+0530] {processor.py:161} INFO - Started process (PID=40490) to work on /home/tejhanagarajan/Projects/small-projects/NewsImpact/venv/lib64/python3.10/site-packages/airflow/example_dags/tutorial.py
[2025-07-04T12:48:01.648+0530] {processor.py:830} INFO - Processing file /home/tejhanagarajan/Projects/small-projects/NewsImpact/venv/lib64/python3.10/site-packages/airflow/example_dags/tutorial.py for tasks to queue
[2025-07-04T12:48:01.649+0530] {logging_mixin.py:188} INFO - [2025-07-04T12:48:01.649+0530] {dagbag.py:538} INFO - Filling up the DagBag from /home/tejhanagarajan/Projects/small-projects/NewsImpact/venv/lib64/python3.10/site-packages/airflow/example_dags/tutorial.py
[2025-07-04T12:48:01.654+0530] {processor.py:840} INFO - DAG(s) 'tutorial' retrieved from /home/tejhanagarajan/Projects/small-projects/NewsImpact/venv/lib64/python3.10/site-packages/airflow/example_dags/tutorial.py
[2025-07-04T12:48:01.661+0530] {logging_mixin.py:188} INFO - [2025-07-04T12:48:01.661+0530] {dag.py:3036} INFO - Sync 1 DAGs
[2025-07-04T12:48:01.669+0530] {logging_mixin.py:188} INFO - [2025-07-04T12:48:01.669+0530] {dag.py:3823} INFO - Setting next_dagrun for tutorial to 2025-07-03 00:00:00+00:00, run_after=2025-07-04 00:00:00+00:00
[2025-07-04T12:48:01.688+0530] {processor.py:183} INFO - Processing /home/tejhanagarajan/Projects/small-projects/NewsImpact/venv/lib64/python3.10/site-packages/airflow/example_dags/tutorial.py took 0.046 seconds
