[2025-07-04T12:26:30.826+0530] {processor.py:161} INFO - Started process (PID=25130) to work on /home/tejhanagarajan/Projects/small-projects/NewsImpact/venv/lib64/python3.10/site-packages/airflow/example_dags/tutorial_objectstorage.py
[2025-07-04T12:26:30.826+0530] {processor.py:830} INFO - Processing file /home/tejhanagarajan/Projects/small-projects/NewsImpact/venv/lib64/python3.10/site-packages/airflow/example_dags/tutorial_objectstorage.py for tasks to queue
[2025-07-04T12:26:30.827+0530] {logging_mixin.py:188} INFO - [2025-07-04T12:26:30.826+0530] {dagbag.py:538} INFO - Filling up the DagBag from /home/tejhanagarajan/Projects/small-projects/NewsImpact/venv/lib64/python3.10/site-packages/airflow/example_dags/tutorial_objectstorage.py
[2025-07-04T12:26:30.831+0530] {processor.py:840} INFO - DAG(s) 'tutorial_objectstorage' retrieved from /home/tejhanagarajan/Projects/small-projects/NewsImpact/venv/lib64/python3.10/site-packages/airflow/example_dags/tutorial_objectstorage.py
[2025-07-04T12:26:30.892+0530] {logging_mixin.py:188} INFO - [2025-07-04T12:26:30.892+0530] {override.py:1769} INFO - Created Permission View: can read on DAG:tutorial_objectstorage
[2025-07-04T12:26:30.905+0530] {logging_mixin.py:188} INFO - [2025-07-04T12:26:30.905+0530] {override.py:1769} INFO - Created Permission View: can edit on DAG:tutorial_objectstorage
[2025-07-04T12:26:30.917+0530] {logging_mixin.py:188} INFO - [2025-07-04T12:26:30.917+0530] {override.py:1769} INFO - Created Permission View: can delete on DAG:tutorial_objectstorage
[2025-07-04T12:26:30.917+0530] {logging_mixin.py:188} INFO - [2025-07-04T12:26:30.917+0530] {dag.py:3036} INFO - Sync 1 DAGs
[2025-07-04T12:26:30.922+0530] {logging_mixin.py:188} INFO - [2025-07-04T12:26:30.922+0530] {dag.py:3058} INFO - Creating ORM DAG for tutorial_objectstorage
[2025-07-04T12:26:30.922+0530] {logging_mixin.py:188} INFO - [2025-07-04T12:26:30.922+0530] {dag.py:3823} INFO - Setting next_dagrun for tutorial_objectstorage to None, run_after=None
[2025-07-04T12:26:30.939+0530] {processor.py:183} INFO - Processing /home/tejhanagarajan/Projects/small-projects/NewsImpact/venv/lib64/python3.10/site-packages/airflow/example_dags/tutorial_objectstorage.py took 0.115 seconds
[2025-07-04T12:27:23.449+0530] {processor.py:161} INFO - Started process (PID=25526) to work on /home/tejhanagarajan/Projects/small-projects/NewsImpact/venv/lib64/python3.10/site-packages/airflow/example_dags/tutorial_objectstorage.py
[2025-07-04T12:27:23.449+0530] {processor.py:830} INFO - Processing file /home/tejhanagarajan/Projects/small-projects/NewsImpact/venv/lib64/python3.10/site-packages/airflow/example_dags/tutorial_objectstorage.py for tasks to queue
[2025-07-04T12:27:23.450+0530] {logging_mixin.py:188} INFO - [2025-07-04T12:27:23.450+0530] {dagbag.py:538} INFO - Filling up the DagBag from /home/tejhanagarajan/Projects/small-projects/NewsImpact/venv/lib64/python3.10/site-packages/airflow/example_dags/tutorial_objectstorage.py
[2025-07-04T12:27:23.455+0530] {processor.py:840} INFO - DAG(s) 'tutorial_objectstorage' retrieved from /home/tejhanagarajan/Projects/small-projects/NewsImpact/venv/lib64/python3.10/site-packages/airflow/example_dags/tutorial_objectstorage.py
[2025-07-04T12:27:23.464+0530] {logging_mixin.py:188} INFO - [2025-07-04T12:27:23.464+0530] {dag.py:3036} INFO - Sync 1 DAGs
[2025-07-04T12:27:23.468+0530] {logging_mixin.py:188} INFO - [2025-07-04T12:27:23.468+0530] {dag.py:3823} INFO - Setting next_dagrun for tutorial_objectstorage to None, run_after=None
[2025-07-04T12:27:23.486+0530] {processor.py:183} INFO - Processing /home/tejhanagarajan/Projects/small-projects/NewsImpact/venv/lib64/python3.10/site-packages/airflow/example_dags/tutorial_objectstorage.py took 0.041 seconds
[2025-07-04T12:28:02.526+0530] {processor.py:161} INFO - Started process (PID=25801) to work on /home/tejhanagarajan/Projects/small-projects/NewsImpact/venv/lib64/python3.10/site-packages/airflow/example_dags/tutorial_objectstorage.py
[2025-07-04T12:28:02.526+0530] {processor.py:830} INFO - Processing file /home/tejhanagarajan/Projects/small-projects/NewsImpact/venv/lib64/python3.10/site-packages/airflow/example_dags/tutorial_objectstorage.py for tasks to queue
[2025-07-04T12:28:02.526+0530] {logging_mixin.py:188} INFO - [2025-07-04T12:28:02.526+0530] {dagbag.py:538} INFO - Filling up the DagBag from /home/tejhanagarajan/Projects/small-projects/NewsImpact/venv/lib64/python3.10/site-packages/airflow/example_dags/tutorial_objectstorage.py
[2025-07-04T12:28:02.530+0530] {processor.py:840} INFO - DAG(s) 'tutorial_objectstorage' retrieved from /home/tejhanagarajan/Projects/small-projects/NewsImpact/venv/lib64/python3.10/site-packages/airflow/example_dags/tutorial_objectstorage.py
[2025-07-04T12:28:02.536+0530] {logging_mixin.py:188} INFO - [2025-07-04T12:28:02.536+0530] {dag.py:3036} INFO - Sync 1 DAGs
[2025-07-04T12:28:02.540+0530] {logging_mixin.py:188} INFO - [2025-07-04T12:28:02.540+0530] {dag.py:3823} INFO - Setting next_dagrun for tutorial_objectstorage to None, run_after=None
[2025-07-04T12:28:02.559+0530] {processor.py:183} INFO - Processing /home/tejhanagarajan/Projects/small-projects/NewsImpact/venv/lib64/python3.10/site-packages/airflow/example_dags/tutorial_objectstorage.py took 0.034 seconds
[2025-07-04T12:28:40.890+0530] {processor.py:161} INFO - Started process (PID=26164) to work on /home/tejhanagarajan/Projects/small-projects/NewsImpact/venv/lib64/python3.10/site-packages/airflow/example_dags/tutorial_objectstorage.py
[2025-07-04T12:28:40.893+0530] {processor.py:830} INFO - Processing file /home/tejhanagarajan/Projects/small-projects/NewsImpact/venv/lib64/python3.10/site-packages/airflow/example_dags/tutorial_objectstorage.py for tasks to queue
[2025-07-04T12:28:40.893+0530] {logging_mixin.py:188} INFO - [2025-07-04T12:28:40.893+0530] {dagbag.py:538} INFO - Filling up the DagBag from /home/tejhanagarajan/Projects/small-projects/NewsImpact/venv/lib64/python3.10/site-packages/airflow/example_dags/tutorial_objectstorage.py
[2025-07-04T12:28:40.897+0530] {processor.py:840} INFO - DAG(s) 'tutorial_objectstorage' retrieved from /home/tejhanagarajan/Projects/small-projects/NewsImpact/venv/lib64/python3.10/site-packages/airflow/example_dags/tutorial_objectstorage.py
[2025-07-04T12:28:40.903+0530] {logging_mixin.py:188} INFO - [2025-07-04T12:28:40.903+0530] {dag.py:3036} INFO - Sync 1 DAGs
[2025-07-04T12:28:40.908+0530] {logging_mixin.py:188} INFO - [2025-07-04T12:28:40.908+0530] {dag.py:3823} INFO - Setting next_dagrun for tutorial_objectstorage to None, run_after=None
[2025-07-04T12:28:40.924+0530] {processor.py:183} INFO - Processing /home/tejhanagarajan/Projects/small-projects/NewsImpact/venv/lib64/python3.10/site-packages/airflow/example_dags/tutorial_objectstorage.py took 0.036 seconds
[2025-07-04T12:29:20.880+0530] {processor.py:161} INFO - Started process (PID=26508) to work on /home/tejhanagarajan/Projects/small-projects/NewsImpact/venv/lib64/python3.10/site-packages/airflow/example_dags/tutorial_objectstorage.py
[2025-07-04T12:29:20.882+0530] {processor.py:830} INFO - Processing file /home/tejhanagarajan/Projects/small-projects/NewsImpact/venv/lib64/python3.10/site-packages/airflow/example_dags/tutorial_objectstorage.py for tasks to queue
[2025-07-04T12:29:20.883+0530] {logging_mixin.py:188} INFO - [2025-07-04T12:29:20.883+0530] {dagbag.py:538} INFO - Filling up the DagBag from /home/tejhanagarajan/Projects/small-projects/NewsImpact/venv/lib64/python3.10/site-packages/airflow/example_dags/tutorial_objectstorage.py
[2025-07-04T12:29:20.887+0530] {processor.py:840} INFO - DAG(s) 'tutorial_objectstorage' retrieved from /home/tejhanagarajan/Projects/small-projects/NewsImpact/venv/lib64/python3.10/site-packages/airflow/example_dags/tutorial_objectstorage.py
[2025-07-04T12:29:20.893+0530] {logging_mixin.py:188} INFO - [2025-07-04T12:29:20.893+0530] {dag.py:3036} INFO - Sync 1 DAGs
[2025-07-04T12:29:20.898+0530] {logging_mixin.py:188} INFO - [2025-07-04T12:29:20.898+0530] {dag.py:3823} INFO - Setting next_dagrun for tutorial_objectstorage to None, run_after=None
[2025-07-04T12:29:20.914+0530] {processor.py:183} INFO - Processing /home/tejhanagarajan/Projects/small-projects/NewsImpact/venv/lib64/python3.10/site-packages/airflow/example_dags/tutorial_objectstorage.py took 0.036 seconds
[2025-07-04T12:30:05.957+0530] {processor.py:161} INFO - Started process (PID=26840) to work on /home/tejhanagarajan/Projects/small-projects/NewsImpact/venv/lib64/python3.10/site-packages/airflow/example_dags/tutorial_objectstorage.py
[2025-07-04T12:30:05.959+0530] {processor.py:830} INFO - Processing file /home/tejhanagarajan/Projects/small-projects/NewsImpact/venv/lib64/python3.10/site-packages/airflow/example_dags/tutorial_objectstorage.py for tasks to queue
[2025-07-04T12:30:05.960+0530] {logging_mixin.py:188} INFO - [2025-07-04T12:30:05.960+0530] {dagbag.py:538} INFO - Filling up the DagBag from /home/tejhanagarajan/Projects/small-projects/NewsImpact/venv/lib64/python3.10/site-packages/airflow/example_dags/tutorial_objectstorage.py
[2025-07-04T12:30:05.964+0530] {processor.py:840} INFO - DAG(s) 'tutorial_objectstorage' retrieved from /home/tejhanagarajan/Projects/small-projects/NewsImpact/venv/lib64/python3.10/site-packages/airflow/example_dags/tutorial_objectstorage.py
[2025-07-04T12:30:05.970+0530] {logging_mixin.py:188} INFO - [2025-07-04T12:30:05.970+0530] {dag.py:3036} INFO - Sync 1 DAGs
[2025-07-04T12:30:05.974+0530] {logging_mixin.py:188} INFO - [2025-07-04T12:30:05.974+0530] {dag.py:3823} INFO - Setting next_dagrun for tutorial_objectstorage to None, run_after=None
[2025-07-04T12:30:05.992+0530] {processor.py:183} INFO - Processing /home/tejhanagarajan/Projects/small-projects/NewsImpact/venv/lib64/python3.10/site-packages/airflow/example_dags/tutorial_objectstorage.py took 0.037 seconds
[2025-07-04T12:30:44.268+0530] {processor.py:161} INFO - Started process (PID=27104) to work on /home/tejhanagarajan/Projects/small-projects/NewsImpact/venv/lib64/python3.10/site-packages/airflow/example_dags/tutorial_objectstorage.py
[2025-07-04T12:30:44.270+0530] {processor.py:830} INFO - Processing file /home/tejhanagarajan/Projects/small-projects/NewsImpact/venv/lib64/python3.10/site-packages/airflow/example_dags/tutorial_objectstorage.py for tasks to queue
[2025-07-04T12:30:44.271+0530] {logging_mixin.py:188} INFO - [2025-07-04T12:30:44.271+0530] {dagbag.py:538} INFO - Filling up the DagBag from /home/tejhanagarajan/Projects/small-projects/NewsImpact/venv/lib64/python3.10/site-packages/airflow/example_dags/tutorial_objectstorage.py
[2025-07-04T12:30:44.279+0530] {processor.py:840} INFO - DAG(s) 'tutorial_objectstorage' retrieved from /home/tejhanagarajan/Projects/small-projects/NewsImpact/venv/lib64/python3.10/site-packages/airflow/example_dags/tutorial_objectstorage.py
[2025-07-04T12:30:44.286+0530] {logging_mixin.py:188} INFO - [2025-07-04T12:30:44.286+0530] {dag.py:3036} INFO - Sync 1 DAGs
[2025-07-04T12:30:44.290+0530] {logging_mixin.py:188} INFO - [2025-07-04T12:30:44.290+0530] {dag.py:3823} INFO - Setting next_dagrun for tutorial_objectstorage to None, run_after=None
[2025-07-04T12:30:44.308+0530] {processor.py:183} INFO - Processing /home/tejhanagarajan/Projects/small-projects/NewsImpact/venv/lib64/python3.10/site-packages/airflow/example_dags/tutorial_objectstorage.py took 0.043 seconds
[2025-07-04T12:32:59.479+0530] {processor.py:161} INFO - Started process (PID=30027) to work on /home/tejhanagarajan/Projects/small-projects/NewsImpact/venv/lib64/python3.10/site-packages/airflow/example_dags/tutorial_objectstorage.py
[2025-07-04T12:32:59.481+0530] {processor.py:830} INFO - Processing file /home/tejhanagarajan/Projects/small-projects/NewsImpact/venv/lib64/python3.10/site-packages/airflow/example_dags/tutorial_objectstorage.py for tasks to queue
[2025-07-04T12:32:59.482+0530] {logging_mixin.py:188} INFO - [2025-07-04T12:32:59.481+0530] {dagbag.py:538} INFO - Filling up the DagBag from /home/tejhanagarajan/Projects/small-projects/NewsImpact/venv/lib64/python3.10/site-packages/airflow/example_dags/tutorial_objectstorage.py
[2025-07-04T12:32:59.486+0530] {processor.py:840} INFO - DAG(s) 'tutorial_objectstorage' retrieved from /home/tejhanagarajan/Projects/small-projects/NewsImpact/venv/lib64/python3.10/site-packages/airflow/example_dags/tutorial_objectstorage.py
[2025-07-04T12:32:59.496+0530] {logging_mixin.py:188} INFO - [2025-07-04T12:32:59.496+0530] {dag.py:3036} INFO - Sync 1 DAGs
[2025-07-04T12:32:59.500+0530] {logging_mixin.py:188} INFO - [2025-07-04T12:32:59.500+0530] {dag.py:3823} INFO - Setting next_dagrun for tutorial_objectstorage to None, run_after=None
[2025-07-04T12:32:59.516+0530] {processor.py:183} INFO - Processing /home/tejhanagarajan/Projects/small-projects/NewsImpact/venv/lib64/python3.10/site-packages/airflow/example_dags/tutorial_objectstorage.py took 0.038 seconds
[2025-07-04T12:33:46.817+0530] {processor.py:161} INFO - Started process (PID=30371) to work on /home/tejhanagarajan/Projects/small-projects/NewsImpact/venv/lib64/python3.10/site-packages/airflow/example_dags/tutorial_objectstorage.py
[2025-07-04T12:33:46.820+0530] {processor.py:830} INFO - Processing file /home/tejhanagarajan/Projects/small-projects/NewsImpact/venv/lib64/python3.10/site-packages/airflow/example_dags/tutorial_objectstorage.py for tasks to queue
[2025-07-04T12:33:46.821+0530] {logging_mixin.py:188} INFO - [2025-07-04T12:33:46.820+0530] {dagbag.py:538} INFO - Filling up the DagBag from /home/tejhanagarajan/Projects/small-projects/NewsImpact/venv/lib64/python3.10/site-packages/airflow/example_dags/tutorial_objectstorage.py
[2025-07-04T12:33:46.825+0530] {processor.py:840} INFO - DAG(s) 'tutorial_objectstorage' retrieved from /home/tejhanagarajan/Projects/small-projects/NewsImpact/venv/lib64/python3.10/site-packages/airflow/example_dags/tutorial_objectstorage.py
[2025-07-04T12:33:46.831+0530] {logging_mixin.py:188} INFO - [2025-07-04T12:33:46.831+0530] {dag.py:3036} INFO - Sync 1 DAGs
[2025-07-04T12:33:46.835+0530] {logging_mixin.py:188} INFO - [2025-07-04T12:33:46.835+0530] {dag.py:3823} INFO - Setting next_dagrun for tutorial_objectstorage to None, run_after=None
[2025-07-04T12:33:46.852+0530] {processor.py:183} INFO - Processing /home/tejhanagarajan/Projects/small-projects/NewsImpact/venv/lib64/python3.10/site-packages/airflow/example_dags/tutorial_objectstorage.py took 0.037 seconds
[2025-07-04T12:34:33.190+0530] {processor.py:161} INFO - Started process (PID=30954) to work on /home/tejhanagarajan/Projects/small-projects/NewsImpact/venv/lib64/python3.10/site-packages/airflow/example_dags/tutorial_objectstorage.py
[2025-07-04T12:34:33.193+0530] {processor.py:830} INFO - Processing file /home/tejhanagarajan/Projects/small-projects/NewsImpact/venv/lib64/python3.10/site-packages/airflow/example_dags/tutorial_objectstorage.py for tasks to queue
[2025-07-04T12:34:33.194+0530] {logging_mixin.py:188} INFO - [2025-07-04T12:34:33.194+0530] {dagbag.py:538} INFO - Filling up the DagBag from /home/tejhanagarajan/Projects/small-projects/NewsImpact/venv/lib64/python3.10/site-packages/airflow/example_dags/tutorial_objectstorage.py
[2025-07-04T12:34:33.198+0530] {processor.py:840} INFO - DAG(s) 'tutorial_objectstorage' retrieved from /home/tejhanagarajan/Projects/small-projects/NewsImpact/venv/lib64/python3.10/site-packages/airflow/example_dags/tutorial_objectstorage.py
[2025-07-04T12:34:33.204+0530] {logging_mixin.py:188} INFO - [2025-07-04T12:34:33.204+0530] {dag.py:3036} INFO - Sync 1 DAGs
[2025-07-04T12:34:33.209+0530] {logging_mixin.py:188} INFO - [2025-07-04T12:34:33.209+0530] {dag.py:3823} INFO - Setting next_dagrun for tutorial_objectstorage to None, run_after=None
[2025-07-04T12:34:33.227+0530] {processor.py:183} INFO - Processing /home/tejhanagarajan/Projects/small-projects/NewsImpact/venv/lib64/python3.10/site-packages/airflow/example_dags/tutorial_objectstorage.py took 0.038 seconds
[2025-07-04T12:35:08.118+0530] {processor.py:161} INFO - Started process (PID=31192) to work on /home/tejhanagarajan/Projects/small-projects/NewsImpact/venv/lib64/python3.10/site-packages/airflow/example_dags/tutorial_objectstorage.py
[2025-07-04T12:35:08.121+0530] {processor.py:830} INFO - Processing file /home/tejhanagarajan/Projects/small-projects/NewsImpact/venv/lib64/python3.10/site-packages/airflow/example_dags/tutorial_objectstorage.py for tasks to queue
[2025-07-04T12:35:08.121+0530] {logging_mixin.py:188} INFO - [2025-07-04T12:35:08.121+0530] {dagbag.py:538} INFO - Filling up the DagBag from /home/tejhanagarajan/Projects/small-projects/NewsImpact/venv/lib64/python3.10/site-packages/airflow/example_dags/tutorial_objectstorage.py
[2025-07-04T12:35:08.125+0530] {processor.py:840} INFO - DAG(s) 'tutorial_objectstorage' retrieved from /home/tejhanagarajan/Projects/small-projects/NewsImpact/venv/lib64/python3.10/site-packages/airflow/example_dags/tutorial_objectstorage.py
[2025-07-04T12:35:08.132+0530] {logging_mixin.py:188} INFO - [2025-07-04T12:35:08.132+0530] {dag.py:3036} INFO - Sync 1 DAGs
[2025-07-04T12:35:08.136+0530] {logging_mixin.py:188} INFO - [2025-07-04T12:35:08.136+0530] {dag.py:3823} INFO - Setting next_dagrun for tutorial_objectstorage to None, run_after=None
[2025-07-04T12:35:08.152+0530] {processor.py:183} INFO - Processing /home/tejhanagarajan/Projects/small-projects/NewsImpact/venv/lib64/python3.10/site-packages/airflow/example_dags/tutorial_objectstorage.py took 0.035 seconds
[2025-07-04T12:35:46.627+0530] {processor.py:161} INFO - Started process (PID=31541) to work on /home/tejhanagarajan/Projects/small-projects/NewsImpact/venv/lib64/python3.10/site-packages/airflow/example_dags/tutorial_objectstorage.py
[2025-07-04T12:35:46.627+0530] {processor.py:830} INFO - Processing file /home/tejhanagarajan/Projects/small-projects/NewsImpact/venv/lib64/python3.10/site-packages/airflow/example_dags/tutorial_objectstorage.py for tasks to queue
[2025-07-04T12:35:46.628+0530] {logging_mixin.py:188} INFO - [2025-07-04T12:35:46.628+0530] {dagbag.py:538} INFO - Filling up the DagBag from /home/tejhanagarajan/Projects/small-projects/NewsImpact/venv/lib64/python3.10/site-packages/airflow/example_dags/tutorial_objectstorage.py
[2025-07-04T12:35:46.632+0530] {processor.py:840} INFO - DAG(s) 'tutorial_objectstorage' retrieved from /home/tejhanagarajan/Projects/small-projects/NewsImpact/venv/lib64/python3.10/site-packages/airflow/example_dags/tutorial_objectstorage.py
[2025-07-04T12:35:46.638+0530] {logging_mixin.py:188} INFO - [2025-07-04T12:35:46.638+0530] {dag.py:3036} INFO - Sync 1 DAGs
[2025-07-04T12:35:46.643+0530] {logging_mixin.py:188} INFO - [2025-07-04T12:35:46.643+0530] {dag.py:3823} INFO - Setting next_dagrun for tutorial_objectstorage to None, run_after=None
[2025-07-04T12:35:46.658+0530] {processor.py:183} INFO - Processing /home/tejhanagarajan/Projects/small-projects/NewsImpact/venv/lib64/python3.10/site-packages/airflow/example_dags/tutorial_objectstorage.py took 0.032 seconds
[2025-07-04T12:36:22.391+0530] {processor.py:161} INFO - Started process (PID=31812) to work on /home/tejhanagarajan/Projects/small-projects/NewsImpact/venv/lib64/python3.10/site-packages/airflow/example_dags/tutorial_objectstorage.py
[2025-07-04T12:36:22.391+0530] {processor.py:830} INFO - Processing file /home/tejhanagarajan/Projects/small-projects/NewsImpact/venv/lib64/python3.10/site-packages/airflow/example_dags/tutorial_objectstorage.py for tasks to queue
[2025-07-04T12:36:22.392+0530] {logging_mixin.py:188} INFO - [2025-07-04T12:36:22.392+0530] {dagbag.py:538} INFO - Filling up the DagBag from /home/tejhanagarajan/Projects/small-projects/NewsImpact/venv/lib64/python3.10/site-packages/airflow/example_dags/tutorial_objectstorage.py
[2025-07-04T12:36:22.396+0530] {processor.py:840} INFO - DAG(s) 'tutorial_objectstorage' retrieved from /home/tejhanagarajan/Projects/small-projects/NewsImpact/venv/lib64/python3.10/site-packages/airflow/example_dags/tutorial_objectstorage.py
[2025-07-04T12:36:22.403+0530] {logging_mixin.py:188} INFO - [2025-07-04T12:36:22.403+0530] {dag.py:3036} INFO - Sync 1 DAGs
[2025-07-04T12:36:22.408+0530] {logging_mixin.py:188} INFO - [2025-07-04T12:36:22.408+0530] {dag.py:3823} INFO - Setting next_dagrun for tutorial_objectstorage to None, run_after=None
[2025-07-04T12:36:22.424+0530] {processor.py:183} INFO - Processing /home/tejhanagarajan/Projects/small-projects/NewsImpact/venv/lib64/python3.10/site-packages/airflow/example_dags/tutorial_objectstorage.py took 0.035 seconds
[2025-07-04T12:36:58.742+0530] {processor.py:161} INFO - Started process (PID=32216) to work on /home/tejhanagarajan/Projects/small-projects/NewsImpact/venv/lib64/python3.10/site-packages/airflow/example_dags/tutorial_objectstorage.py
[2025-07-04T12:36:58.744+0530] {processor.py:830} INFO - Processing file /home/tejhanagarajan/Projects/small-projects/NewsImpact/venv/lib64/python3.10/site-packages/airflow/example_dags/tutorial_objectstorage.py for tasks to queue
[2025-07-04T12:36:58.745+0530] {logging_mixin.py:188} INFO - [2025-07-04T12:36:58.744+0530] {dagbag.py:538} INFO - Filling up the DagBag from /home/tejhanagarajan/Projects/small-projects/NewsImpact/venv/lib64/python3.10/site-packages/airflow/example_dags/tutorial_objectstorage.py
[2025-07-04T12:36:58.750+0530] {processor.py:840} INFO - DAG(s) 'tutorial_objectstorage' retrieved from /home/tejhanagarajan/Projects/small-projects/NewsImpact/venv/lib64/python3.10/site-packages/airflow/example_dags/tutorial_objectstorage.py
[2025-07-04T12:36:58.758+0530] {logging_mixin.py:188} INFO - [2025-07-04T12:36:58.758+0530] {dag.py:3036} INFO - Sync 1 DAGs
[2025-07-04T12:36:58.764+0530] {logging_mixin.py:188} INFO - [2025-07-04T12:36:58.764+0530] {dag.py:3823} INFO - Setting next_dagrun for tutorial_objectstorage to None, run_after=None
[2025-07-04T12:36:58.782+0530] {processor.py:183} INFO - Processing /home/tejhanagarajan/Projects/small-projects/NewsImpact/venv/lib64/python3.10/site-packages/airflow/example_dags/tutorial_objectstorage.py took 0.042 seconds
[2025-07-04T12:37:45.268+0530] {processor.py:161} INFO - Started process (PID=32822) to work on /home/tejhanagarajan/Projects/small-projects/NewsImpact/venv/lib64/python3.10/site-packages/airflow/example_dags/tutorial_objectstorage.py
[2025-07-04T12:37:45.270+0530] {processor.py:830} INFO - Processing file /home/tejhanagarajan/Projects/small-projects/NewsImpact/venv/lib64/python3.10/site-packages/airflow/example_dags/tutorial_objectstorage.py for tasks to queue
[2025-07-04T12:37:45.271+0530] {logging_mixin.py:188} INFO - [2025-07-04T12:37:45.271+0530] {dagbag.py:538} INFO - Filling up the DagBag from /home/tejhanagarajan/Projects/small-projects/NewsImpact/venv/lib64/python3.10/site-packages/airflow/example_dags/tutorial_objectstorage.py
[2025-07-04T12:37:45.274+0530] {processor.py:840} INFO - DAG(s) 'tutorial_objectstorage' retrieved from /home/tejhanagarajan/Projects/small-projects/NewsImpact/venv/lib64/python3.10/site-packages/airflow/example_dags/tutorial_objectstorage.py
[2025-07-04T12:37:45.280+0530] {logging_mixin.py:188} INFO - [2025-07-04T12:37:45.280+0530] {dag.py:3036} INFO - Sync 1 DAGs
[2025-07-04T12:37:45.285+0530] {logging_mixin.py:188} INFO - [2025-07-04T12:37:45.285+0530] {dag.py:3823} INFO - Setting next_dagrun for tutorial_objectstorage to None, run_after=None
[2025-07-04T12:37:45.301+0530] {processor.py:183} INFO - Processing /home/tejhanagarajan/Projects/small-projects/NewsImpact/venv/lib64/python3.10/site-packages/airflow/example_dags/tutorial_objectstorage.py took 0.035 seconds
[2025-07-04T12:38:01.602+0530] {processor.py:161} INFO - Started process (PID=34699) to work on /home/tejhanagarajan/Projects/small-projects/NewsImpact/venv/lib64/python3.10/site-packages/airflow/example_dags/tutorial_objectstorage.py
[2025-07-04T12:38:01.603+0530] {processor.py:830} INFO - Processing file /home/tejhanagarajan/Projects/small-projects/NewsImpact/venv/lib64/python3.10/site-packages/airflow/example_dags/tutorial_objectstorage.py for tasks to queue
[2025-07-04T12:38:01.603+0530] {logging_mixin.py:188} INFO - [2025-07-04T12:38:01.603+0530] {dagbag.py:538} INFO - Filling up the DagBag from /home/tejhanagarajan/Projects/small-projects/NewsImpact/venv/lib64/python3.10/site-packages/airflow/example_dags/tutorial_objectstorage.py
[2025-07-04T12:38:01.608+0530] {processor.py:840} INFO - DAG(s) 'tutorial_objectstorage' retrieved from /home/tejhanagarajan/Projects/small-projects/NewsImpact/venv/lib64/python3.10/site-packages/airflow/example_dags/tutorial_objectstorage.py
[2025-07-04T12:38:01.619+0530] {logging_mixin.py:188} INFO - [2025-07-04T12:38:01.619+0530] {dag.py:3036} INFO - Sync 1 DAGs
[2025-07-04T12:38:01.624+0530] {logging_mixin.py:188} INFO - [2025-07-04T12:38:01.624+0530] {dag.py:3823} INFO - Setting next_dagrun for tutorial_objectstorage to None, run_after=None
[2025-07-04T12:38:01.640+0530] {processor.py:183} INFO - Processing /home/tejhanagarajan/Projects/small-projects/NewsImpact/venv/lib64/python3.10/site-packages/airflow/example_dags/tutorial_objectstorage.py took 0.040 seconds
[2025-07-04T12:38:18.715+0530] {processor.py:161} INFO - Started process (PID=34831) to work on /home/tejhanagarajan/Projects/small-projects/NewsImpact/venv/lib64/python3.10/site-packages/airflow/example_dags/tutorial_objectstorage.py
[2025-07-04T12:38:18.715+0530] {processor.py:830} INFO - Processing file /home/tejhanagarajan/Projects/small-projects/NewsImpact/venv/lib64/python3.10/site-packages/airflow/example_dags/tutorial_objectstorage.py for tasks to queue
[2025-07-04T12:38:18.715+0530] {logging_mixin.py:188} INFO - [2025-07-04T12:38:18.715+0530] {dagbag.py:538} INFO - Filling up the DagBag from /home/tejhanagarajan/Projects/small-projects/NewsImpact/venv/lib64/python3.10/site-packages/airflow/example_dags/tutorial_objectstorage.py
[2025-07-04T12:38:18.719+0530] {processor.py:840} INFO - DAG(s) 'tutorial_objectstorage' retrieved from /home/tejhanagarajan/Projects/small-projects/NewsImpact/venv/lib64/python3.10/site-packages/airflow/example_dags/tutorial_objectstorage.py
[2025-07-04T12:38:18.725+0530] {logging_mixin.py:188} INFO - [2025-07-04T12:38:18.725+0530] {dag.py:3036} INFO - Sync 1 DAGs
[2025-07-04T12:38:18.730+0530] {logging_mixin.py:188} INFO - [2025-07-04T12:38:18.730+0530] {dag.py:3823} INFO - Setting next_dagrun for tutorial_objectstorage to None, run_after=None
[2025-07-04T12:38:18.749+0530] {processor.py:183} INFO - Processing /home/tejhanagarajan/Projects/small-projects/NewsImpact/venv/lib64/python3.10/site-packages/airflow/example_dags/tutorial_objectstorage.py took 0.036 seconds
[2025-07-04T12:38:48.959+0530] {processor.py:161} INFO - Started process (PID=35102) to work on /home/tejhanagarajan/Projects/small-projects/NewsImpact/venv/lib64/python3.10/site-packages/airflow/example_dags/tutorial_objectstorage.py
[2025-07-04T12:38:48.962+0530] {processor.py:830} INFO - Processing file /home/tejhanagarajan/Projects/small-projects/NewsImpact/venv/lib64/python3.10/site-packages/airflow/example_dags/tutorial_objectstorage.py for tasks to queue
[2025-07-04T12:38:48.962+0530] {logging_mixin.py:188} INFO - [2025-07-04T12:38:48.962+0530] {dagbag.py:538} INFO - Filling up the DagBag from /home/tejhanagarajan/Projects/small-projects/NewsImpact/venv/lib64/python3.10/site-packages/airflow/example_dags/tutorial_objectstorage.py
[2025-07-04T12:38:48.966+0530] {processor.py:840} INFO - DAG(s) 'tutorial_objectstorage' retrieved from /home/tejhanagarajan/Projects/small-projects/NewsImpact/venv/lib64/python3.10/site-packages/airflow/example_dags/tutorial_objectstorage.py
[2025-07-04T12:38:48.973+0530] {logging_mixin.py:188} INFO - [2025-07-04T12:38:48.973+0530] {dag.py:3036} INFO - Sync 1 DAGs
[2025-07-04T12:38:48.977+0530] {logging_mixin.py:188} INFO - [2025-07-04T12:38:48.977+0530] {dag.py:3823} INFO - Setting next_dagrun for tutorial_objectstorage to None, run_after=None
[2025-07-04T12:38:48.995+0530] {processor.py:183} INFO - Processing /home/tejhanagarajan/Projects/small-projects/NewsImpact/venv/lib64/python3.10/site-packages/airflow/example_dags/tutorial_objectstorage.py took 0.037 seconds
[2025-07-04T12:38:52.488+0530] {processor.py:161} INFO - Started process (PID=35135) to work on /home/tejhanagarajan/Projects/small-projects/NewsImpact/venv/lib64/python3.10/site-packages/airflow/example_dags/tutorial_objectstorage.py
[2025-07-04T12:38:52.488+0530] {processor.py:830} INFO - Processing file /home/tejhanagarajan/Projects/small-projects/NewsImpact/venv/lib64/python3.10/site-packages/airflow/example_dags/tutorial_objectstorage.py for tasks to queue
[2025-07-04T12:38:52.489+0530] {logging_mixin.py:188} INFO - [2025-07-04T12:38:52.488+0530] {dagbag.py:538} INFO - Filling up the DagBag from /home/tejhanagarajan/Projects/small-projects/NewsImpact/venv/lib64/python3.10/site-packages/airflow/example_dags/tutorial_objectstorage.py
[2025-07-04T12:38:52.493+0530] {processor.py:840} INFO - DAG(s) 'tutorial_objectstorage' retrieved from /home/tejhanagarajan/Projects/small-projects/NewsImpact/venv/lib64/python3.10/site-packages/airflow/example_dags/tutorial_objectstorage.py
[2025-07-04T12:38:52.500+0530] {logging_mixin.py:188} INFO - [2025-07-04T12:38:52.500+0530] {dag.py:3036} INFO - Sync 1 DAGs
[2025-07-04T12:38:52.505+0530] {logging_mixin.py:188} INFO - [2025-07-04T12:38:52.505+0530] {dag.py:3823} INFO - Setting next_dagrun for tutorial_objectstorage to None, run_after=None
[2025-07-04T12:38:52.521+0530] {processor.py:183} INFO - Processing /home/tejhanagarajan/Projects/small-projects/NewsImpact/venv/lib64/python3.10/site-packages/airflow/example_dags/tutorial_objectstorage.py took 0.035 seconds
[2025-07-04T12:39:28.373+0530] {processor.py:161} INFO - Started process (PID=35482) to work on /home/tejhanagarajan/Projects/small-projects/NewsImpact/venv/lib64/python3.10/site-packages/airflow/example_dags/tutorial_objectstorage.py
[2025-07-04T12:39:28.375+0530] {processor.py:830} INFO - Processing file /home/tejhanagarajan/Projects/small-projects/NewsImpact/venv/lib64/python3.10/site-packages/airflow/example_dags/tutorial_objectstorage.py for tasks to queue
[2025-07-04T12:39:28.376+0530] {logging_mixin.py:188} INFO - [2025-07-04T12:39:28.376+0530] {dagbag.py:538} INFO - Filling up the DagBag from /home/tejhanagarajan/Projects/small-projects/NewsImpact/venv/lib64/python3.10/site-packages/airflow/example_dags/tutorial_objectstorage.py
[2025-07-04T12:39:28.380+0530] {processor.py:840} INFO - DAG(s) 'tutorial_objectstorage' retrieved from /home/tejhanagarajan/Projects/small-projects/NewsImpact/venv/lib64/python3.10/site-packages/airflow/example_dags/tutorial_objectstorage.py
[2025-07-04T12:39:28.387+0530] {logging_mixin.py:188} INFO - [2025-07-04T12:39:28.387+0530] {dag.py:3036} INFO - Sync 1 DAGs
[2025-07-04T12:39:28.392+0530] {logging_mixin.py:188} INFO - [2025-07-04T12:39:28.392+0530] {dag.py:3823} INFO - Setting next_dagrun for tutorial_objectstorage to None, run_after=None
[2025-07-04T12:39:28.411+0530] {processor.py:183} INFO - Processing /home/tejhanagarajan/Projects/small-projects/NewsImpact/venv/lib64/python3.10/site-packages/airflow/example_dags/tutorial_objectstorage.py took 0.039 seconds
[2025-07-04T12:39:35.119+0530] {processor.py:161} INFO - Started process (PID=35527) to work on /home/tejhanagarajan/Projects/small-projects/NewsImpact/venv/lib64/python3.10/site-packages/airflow/example_dags/tutorial_objectstorage.py
[2025-07-04T12:39:35.120+0530] {processor.py:830} INFO - Processing file /home/tejhanagarajan/Projects/small-projects/NewsImpact/venv/lib64/python3.10/site-packages/airflow/example_dags/tutorial_objectstorage.py for tasks to queue
[2025-07-04T12:39:35.120+0530] {logging_mixin.py:188} INFO - [2025-07-04T12:39:35.120+0530] {dagbag.py:538} INFO - Filling up the DagBag from /home/tejhanagarajan/Projects/small-projects/NewsImpact/venv/lib64/python3.10/site-packages/airflow/example_dags/tutorial_objectstorage.py
[2025-07-04T12:39:35.124+0530] {processor.py:840} INFO - DAG(s) 'tutorial_objectstorage' retrieved from /home/tejhanagarajan/Projects/small-projects/NewsImpact/venv/lib64/python3.10/site-packages/airflow/example_dags/tutorial_objectstorage.py
[2025-07-04T12:39:35.131+0530] {logging_mixin.py:188} INFO - [2025-07-04T12:39:35.131+0530] {dag.py:3036} INFO - Sync 1 DAGs
[2025-07-04T12:39:35.136+0530] {logging_mixin.py:188} INFO - [2025-07-04T12:39:35.136+0530] {dag.py:3823} INFO - Setting next_dagrun for tutorial_objectstorage to None, run_after=None
[2025-07-04T12:39:35.154+0530] {processor.py:183} INFO - Processing /home/tejhanagarajan/Projects/small-projects/NewsImpact/venv/lib64/python3.10/site-packages/airflow/example_dags/tutorial_objectstorage.py took 0.036 seconds
[2025-07-04T12:42:02.619+0530] {processor.py:161} INFO - Started process (PID=37769) to work on /home/tejhanagarajan/Projects/small-projects/NewsImpact/venv/lib64/python3.10/site-packages/airflow/example_dags/tutorial_objectstorage.py
[2025-07-04T12:42:02.619+0530] {processor.py:830} INFO - Processing file /home/tejhanagarajan/Projects/small-projects/NewsImpact/venv/lib64/python3.10/site-packages/airflow/example_dags/tutorial_objectstorage.py for tasks to queue
[2025-07-04T12:42:02.620+0530] {logging_mixin.py:188} INFO - [2025-07-04T12:42:02.620+0530] {dagbag.py:538} INFO - Filling up the DagBag from /home/tejhanagarajan/Projects/small-projects/NewsImpact/venv/lib64/python3.10/site-packages/airflow/example_dags/tutorial_objectstorage.py
[2025-07-04T12:42:02.625+0530] {processor.py:840} INFO - DAG(s) 'tutorial_objectstorage' retrieved from /home/tejhanagarajan/Projects/small-projects/NewsImpact/venv/lib64/python3.10/site-packages/airflow/example_dags/tutorial_objectstorage.py
[2025-07-04T12:42:02.636+0530] {logging_mixin.py:188} INFO - [2025-07-04T12:42:02.636+0530] {dag.py:3036} INFO - Sync 1 DAGs
[2025-07-04T12:42:02.641+0530] {logging_mixin.py:188} INFO - [2025-07-04T12:42:02.641+0530] {dag.py:3823} INFO - Setting next_dagrun for tutorial_objectstorage to None, run_after=None
[2025-07-04T12:42:02.660+0530] {processor.py:183} INFO - Processing /home/tejhanagarajan/Projects/small-projects/NewsImpact/venv/lib64/python3.10/site-packages/airflow/example_dags/tutorial_objectstorage.py took 0.043 seconds
[2025-07-04T12:42:49.807+0530] {processor.py:161} INFO - Started process (PID=38157) to work on /home/tejhanagarajan/Projects/small-projects/NewsImpact/venv/lib64/python3.10/site-packages/airflow/example_dags/tutorial_objectstorage.py
[2025-07-04T12:42:49.810+0530] {processor.py:830} INFO - Processing file /home/tejhanagarajan/Projects/small-projects/NewsImpact/venv/lib64/python3.10/site-packages/airflow/example_dags/tutorial_objectstorage.py for tasks to queue
[2025-07-04T12:42:49.810+0530] {logging_mixin.py:188} INFO - [2025-07-04T12:42:49.810+0530] {dagbag.py:538} INFO - Filling up the DagBag from /home/tejhanagarajan/Projects/small-projects/NewsImpact/venv/lib64/python3.10/site-packages/airflow/example_dags/tutorial_objectstorage.py
[2025-07-04T12:42:49.815+0530] {processor.py:840} INFO - DAG(s) 'tutorial_objectstorage' retrieved from /home/tejhanagarajan/Projects/small-projects/NewsImpact/venv/lib64/python3.10/site-packages/airflow/example_dags/tutorial_objectstorage.py
[2025-07-04T12:42:49.822+0530] {logging_mixin.py:188} INFO - [2025-07-04T12:42:49.822+0530] {dag.py:3036} INFO - Sync 1 DAGs
[2025-07-04T12:42:49.827+0530] {logging_mixin.py:188} INFO - [2025-07-04T12:42:49.827+0530] {dag.py:3823} INFO - Setting next_dagrun for tutorial_objectstorage to None, run_after=None
[2025-07-04T12:42:49.845+0530] {processor.py:183} INFO - Processing /home/tejhanagarajan/Projects/small-projects/NewsImpact/venv/lib64/python3.10/site-packages/airflow/example_dags/tutorial_objectstorage.py took 0.039 seconds
[2025-07-04T12:43:37.745+0530] {processor.py:161} INFO - Started process (PID=38550) to work on /home/tejhanagarajan/Projects/small-projects/NewsImpact/venv/lib64/python3.10/site-packages/airflow/example_dags/tutorial_objectstorage.py
[2025-07-04T12:43:37.747+0530] {processor.py:830} INFO - Processing file /home/tejhanagarajan/Projects/small-projects/NewsImpact/venv/lib64/python3.10/site-packages/airflow/example_dags/tutorial_objectstorage.py for tasks to queue
[2025-07-04T12:43:37.747+0530] {logging_mixin.py:188} INFO - [2025-07-04T12:43:37.747+0530] {dagbag.py:538} INFO - Filling up the DagBag from /home/tejhanagarajan/Projects/small-projects/NewsImpact/venv/lib64/python3.10/site-packages/airflow/example_dags/tutorial_objectstorage.py
[2025-07-04T12:43:37.751+0530] {processor.py:840} INFO - DAG(s) 'tutorial_objectstorage' retrieved from /home/tejhanagarajan/Projects/small-projects/NewsImpact/venv/lib64/python3.10/site-packages/airflow/example_dags/tutorial_objectstorage.py
[2025-07-04T12:43:37.757+0530] {logging_mixin.py:188} INFO - [2025-07-04T12:43:37.757+0530] {dag.py:3036} INFO - Sync 1 DAGs
[2025-07-04T12:43:37.761+0530] {logging_mixin.py:188} INFO - [2025-07-04T12:43:37.761+0530] {dag.py:3823} INFO - Setting next_dagrun for tutorial_objectstorage to None, run_after=None
[2025-07-04T12:43:37.777+0530] {processor.py:183} INFO - Processing /home/tejhanagarajan/Projects/small-projects/NewsImpact/venv/lib64/python3.10/site-packages/airflow/example_dags/tutorial_objectstorage.py took 0.033 seconds
[2025-07-04T12:44:13.742+0530] {processor.py:161} INFO - Started process (PID=38808) to work on /home/tejhanagarajan/Projects/small-projects/NewsImpact/venv/lib64/python3.10/site-packages/airflow/example_dags/tutorial_objectstorage.py
[2025-07-04T12:44:13.745+0530] {processor.py:830} INFO - Processing file /home/tejhanagarajan/Projects/small-projects/NewsImpact/venv/lib64/python3.10/site-packages/airflow/example_dags/tutorial_objectstorage.py for tasks to queue
[2025-07-04T12:44:13.746+0530] {logging_mixin.py:188} INFO - [2025-07-04T12:44:13.745+0530] {dagbag.py:538} INFO - Filling up the DagBag from /home/tejhanagarajan/Projects/small-projects/NewsImpact/venv/lib64/python3.10/site-packages/airflow/example_dags/tutorial_objectstorage.py
[2025-07-04T12:44:13.751+0530] {processor.py:840} INFO - DAG(s) 'tutorial_objectstorage' retrieved from /home/tejhanagarajan/Projects/small-projects/NewsImpact/venv/lib64/python3.10/site-packages/airflow/example_dags/tutorial_objectstorage.py
[2025-07-04T12:44:13.758+0530] {logging_mixin.py:188} INFO - [2025-07-04T12:44:13.758+0530] {dag.py:3036} INFO - Sync 1 DAGs
[2025-07-04T12:44:13.764+0530] {logging_mixin.py:188} INFO - [2025-07-04T12:44:13.763+0530] {dag.py:3823} INFO - Setting next_dagrun for tutorial_objectstorage to None, run_after=None
[2025-07-04T12:44:13.781+0530] {processor.py:183} INFO - Processing /home/tejhanagarajan/Projects/small-projects/NewsImpact/venv/lib64/python3.10/site-packages/airflow/example_dags/tutorial_objectstorage.py took 0.042 seconds
[2025-07-04T12:44:50.042+0530] {processor.py:161} INFO - Started process (PID=39060) to work on /home/tejhanagarajan/Projects/small-projects/NewsImpact/venv/lib64/python3.10/site-packages/airflow/example_dags/tutorial_objectstorage.py
[2025-07-04T12:44:50.044+0530] {processor.py:830} INFO - Processing file /home/tejhanagarajan/Projects/small-projects/NewsImpact/venv/lib64/python3.10/site-packages/airflow/example_dags/tutorial_objectstorage.py for tasks to queue
[2025-07-04T12:44:50.044+0530] {logging_mixin.py:188} INFO - [2025-07-04T12:44:50.044+0530] {dagbag.py:538} INFO - Filling up the DagBag from /home/tejhanagarajan/Projects/small-projects/NewsImpact/venv/lib64/python3.10/site-packages/airflow/example_dags/tutorial_objectstorage.py
[2025-07-04T12:44:50.048+0530] {processor.py:840} INFO - DAG(s) 'tutorial_objectstorage' retrieved from /home/tejhanagarajan/Projects/small-projects/NewsImpact/venv/lib64/python3.10/site-packages/airflow/example_dags/tutorial_objectstorage.py
[2025-07-04T12:44:50.055+0530] {logging_mixin.py:188} INFO - [2025-07-04T12:44:50.054+0530] {dag.py:3036} INFO - Sync 1 DAGs
[2025-07-04T12:44:50.059+0530] {logging_mixin.py:188} INFO - [2025-07-04T12:44:50.059+0530] {dag.py:3823} INFO - Setting next_dagrun for tutorial_objectstorage to None, run_after=None
[2025-07-04T12:44:50.075+0530] {processor.py:183} INFO - Processing /home/tejhanagarajan/Projects/small-projects/NewsImpact/venv/lib64/python3.10/site-packages/airflow/example_dags/tutorial_objectstorage.py took 0.036 seconds
[2025-07-04T12:45:25.580+0530] {processor.py:161} INFO - Started process (PID=39334) to work on /home/tejhanagarajan/Projects/small-projects/NewsImpact/venv/lib64/python3.10/site-packages/airflow/example_dags/tutorial_objectstorage.py
[2025-07-04T12:45:25.581+0530] {processor.py:830} INFO - Processing file /home/tejhanagarajan/Projects/small-projects/NewsImpact/venv/lib64/python3.10/site-packages/airflow/example_dags/tutorial_objectstorage.py for tasks to queue
[2025-07-04T12:45:25.582+0530] {logging_mixin.py:188} INFO - [2025-07-04T12:45:25.582+0530] {dagbag.py:538} INFO - Filling up the DagBag from /home/tejhanagarajan/Projects/small-projects/NewsImpact/venv/lib64/python3.10/site-packages/airflow/example_dags/tutorial_objectstorage.py
[2025-07-04T12:45:25.588+0530] {processor.py:840} INFO - DAG(s) 'tutorial_objectstorage' retrieved from /home/tejhanagarajan/Projects/small-projects/NewsImpact/venv/lib64/python3.10/site-packages/airflow/example_dags/tutorial_objectstorage.py
[2025-07-04T12:45:25.594+0530] {logging_mixin.py:188} INFO - [2025-07-04T12:45:25.594+0530] {dag.py:3036} INFO - Sync 1 DAGs
[2025-07-04T12:45:25.599+0530] {logging_mixin.py:188} INFO - [2025-07-04T12:45:25.599+0530] {dag.py:3823} INFO - Setting next_dagrun for tutorial_objectstorage to None, run_after=None
[2025-07-04T12:45:25.615+0530] {processor.py:183} INFO - Processing /home/tejhanagarajan/Projects/small-projects/NewsImpact/venv/lib64/python3.10/site-packages/airflow/example_dags/tutorial_objectstorage.py took 0.038 seconds
[2025-07-04T12:46:00.897+0530] {processor.py:161} INFO - Started process (PID=39577) to work on /home/tejhanagarajan/Projects/small-projects/NewsImpact/venv/lib64/python3.10/site-packages/airflow/example_dags/tutorial_objectstorage.py
[2025-07-04T12:46:00.900+0530] {processor.py:830} INFO - Processing file /home/tejhanagarajan/Projects/small-projects/NewsImpact/venv/lib64/python3.10/site-packages/airflow/example_dags/tutorial_objectstorage.py for tasks to queue
[2025-07-04T12:46:00.901+0530] {logging_mixin.py:188} INFO - [2025-07-04T12:46:00.901+0530] {dagbag.py:538} INFO - Filling up the DagBag from /home/tejhanagarajan/Projects/small-projects/NewsImpact/venv/lib64/python3.10/site-packages/airflow/example_dags/tutorial_objectstorage.py
[2025-07-04T12:46:00.907+0530] {processor.py:840} INFO - DAG(s) 'tutorial_objectstorage' retrieved from /home/tejhanagarajan/Projects/small-projects/NewsImpact/venv/lib64/python3.10/site-packages/airflow/example_dags/tutorial_objectstorage.py
[2025-07-04T12:46:00.913+0530] {logging_mixin.py:188} INFO - [2025-07-04T12:46:00.912+0530] {dag.py:3036} INFO - Sync 1 DAGs
[2025-07-04T12:46:00.917+0530] {logging_mixin.py:188} INFO - [2025-07-04T12:46:00.917+0530] {dag.py:3823} INFO - Setting next_dagrun for tutorial_objectstorage to None, run_after=None
[2025-07-04T12:46:00.934+0530] {processor.py:183} INFO - Processing /home/tejhanagarajan/Projects/small-projects/NewsImpact/venv/lib64/python3.10/site-packages/airflow/example_dags/tutorial_objectstorage.py took 0.039 seconds
[2025-07-04T12:46:36.563+0530] {processor.py:161} INFO - Started process (PID=39839) to work on /home/tejhanagarajan/Projects/small-projects/NewsImpact/venv/lib64/python3.10/site-packages/airflow/example_dags/tutorial_objectstorage.py
[2025-07-04T12:46:36.565+0530] {processor.py:830} INFO - Processing file /home/tejhanagarajan/Projects/small-projects/NewsImpact/venv/lib64/python3.10/site-packages/airflow/example_dags/tutorial_objectstorage.py for tasks to queue
[2025-07-04T12:46:36.565+0530] {logging_mixin.py:188} INFO - [2025-07-04T12:46:36.565+0530] {dagbag.py:538} INFO - Filling up the DagBag from /home/tejhanagarajan/Projects/small-projects/NewsImpact/venv/lib64/python3.10/site-packages/airflow/example_dags/tutorial_objectstorage.py
[2025-07-04T12:46:36.569+0530] {processor.py:840} INFO - DAG(s) 'tutorial_objectstorage' retrieved from /home/tejhanagarajan/Projects/small-projects/NewsImpact/venv/lib64/python3.10/site-packages/airflow/example_dags/tutorial_objectstorage.py
[2025-07-04T12:46:36.577+0530] {logging_mixin.py:188} INFO - [2025-07-04T12:46:36.577+0530] {dag.py:3036} INFO - Sync 1 DAGs
[2025-07-04T12:46:36.581+0530] {logging_mixin.py:188} INFO - [2025-07-04T12:46:36.581+0530] {dag.py:3823} INFO - Setting next_dagrun for tutorial_objectstorage to None, run_after=None
[2025-07-04T12:46:36.597+0530] {processor.py:183} INFO - Processing /home/tejhanagarajan/Projects/small-projects/NewsImpact/venv/lib64/python3.10/site-packages/airflow/example_dags/tutorial_objectstorage.py took 0.036 seconds
[2025-07-04T12:47:10.679+0530] {processor.py:161} INFO - Started process (PID=40100) to work on /home/tejhanagarajan/Projects/small-projects/NewsImpact/venv/lib64/python3.10/site-packages/airflow/example_dags/tutorial_objectstorage.py
[2025-07-04T12:47:10.681+0530] {processor.py:830} INFO - Processing file /home/tejhanagarajan/Projects/small-projects/NewsImpact/venv/lib64/python3.10/site-packages/airflow/example_dags/tutorial_objectstorage.py for tasks to queue
[2025-07-04T12:47:10.682+0530] {logging_mixin.py:188} INFO - [2025-07-04T12:47:10.682+0530] {dagbag.py:538} INFO - Filling up the DagBag from /home/tejhanagarajan/Projects/small-projects/NewsImpact/venv/lib64/python3.10/site-packages/airflow/example_dags/tutorial_objectstorage.py
[2025-07-04T12:47:10.687+0530] {processor.py:840} INFO - DAG(s) 'tutorial_objectstorage' retrieved from /home/tejhanagarajan/Projects/small-projects/NewsImpact/venv/lib64/python3.10/site-packages/airflow/example_dags/tutorial_objectstorage.py
[2025-07-04T12:47:10.694+0530] {logging_mixin.py:188} INFO - [2025-07-04T12:47:10.694+0530] {dag.py:3036} INFO - Sync 1 DAGs
[2025-07-04T12:47:10.699+0530] {logging_mixin.py:188} INFO - [2025-07-04T12:47:10.699+0530] {dag.py:3823} INFO - Setting next_dagrun for tutorial_objectstorage to None, run_after=None
[2025-07-04T12:47:10.715+0530] {processor.py:183} INFO - Processing /home/tejhanagarajan/Projects/small-projects/NewsImpact/venv/lib64/python3.10/site-packages/airflow/example_dags/tutorial_objectstorage.py took 0.039 seconds
[2025-07-04T12:47:46.196+0530] {processor.py:161} INFO - Started process (PID=40352) to work on /home/tejhanagarajan/Projects/small-projects/NewsImpact/venv/lib64/python3.10/site-packages/airflow/example_dags/tutorial_objectstorage.py
[2025-07-04T12:47:46.199+0530] {processor.py:830} INFO - Processing file /home/tejhanagarajan/Projects/small-projects/NewsImpact/venv/lib64/python3.10/site-packages/airflow/example_dags/tutorial_objectstorage.py for tasks to queue
[2025-07-04T12:47:46.200+0530] {logging_mixin.py:188} INFO - [2025-07-04T12:47:46.200+0530] {dagbag.py:538} INFO - Filling up the DagBag from /home/tejhanagarajan/Projects/small-projects/NewsImpact/venv/lib64/python3.10/site-packages/airflow/example_dags/tutorial_objectstorage.py
[2025-07-04T12:47:46.205+0530] {processor.py:840} INFO - DAG(s) 'tutorial_objectstorage' retrieved from /home/tejhanagarajan/Projects/small-projects/NewsImpact/venv/lib64/python3.10/site-packages/airflow/example_dags/tutorial_objectstorage.py
[2025-07-04T12:47:46.214+0530] {logging_mixin.py:188} INFO - [2025-07-04T12:47:46.213+0530] {dag.py:3036} INFO - Sync 1 DAGs
[2025-07-04T12:47:46.218+0530] {logging_mixin.py:188} INFO - [2025-07-04T12:47:46.218+0530] {dag.py:3823} INFO - Setting next_dagrun for tutorial_objectstorage to None, run_after=None
[2025-07-04T12:47:46.234+0530] {processor.py:183} INFO - Processing /home/tejhanagarajan/Projects/small-projects/NewsImpact/venv/lib64/python3.10/site-packages/airflow/example_dags/tutorial_objectstorage.py took 0.040 seconds
