[2025-07-04T12:26:32.072+0530] {processor.py:161} INFO - Started process (PID=25131) to work on /home/tejhanagarajan/Projects/small-projects/NewsImpact/venv/lib64/python3.10/site-packages/airflow/example_dags/tutorial_dag.py
[2025-07-04T12:26:32.072+0530] {processor.py:830} INFO - Processing file /home/tejhanagarajan/Projects/small-projects/NewsImpact/venv/lib64/python3.10/site-packages/airflow/example_dags/tutorial_dag.py for tasks to queue
[2025-07-04T12:26:32.073+0530] {logging_mixin.py:188} INFO - [2025-07-04T12:26:32.073+0530] {dagbag.py:538} INFO - Filling up the DagBag from /home/tejhanagarajan/Projects/small-projects/NewsImpact/venv/lib64/python3.10/site-packages/airflow/example_dags/tutorial_dag.py
[2025-07-04T12:26:32.079+0530] {processor.py:840} INFO - DAG(s) 'tutorial_dag' retrieved from /home/tejhanagarajan/Projects/small-projects/NewsImpact/venv/lib64/python3.10/site-packages/airflow/example_dags/tutorial_dag.py
[2025-07-04T12:26:32.139+0530] {logging_mixin.py:188} INFO - [2025-07-04T12:26:32.139+0530] {override.py:1769} INFO - Created Permission View: can read on DAG:tutorial_dag
[2025-07-04T12:26:32.150+0530] {logging_mixin.py:188} INFO - [2025-07-04T12:26:32.150+0530] {override.py:1769} INFO - Created Permission View: can edit on DAG:tutorial_dag
[2025-07-04T12:26:32.160+0530] {logging_mixin.py:188} INFO - [2025-07-04T12:26:32.160+0530] {override.py:1769} INFO - Created Permission View: can delete on DAG:tutorial_dag
[2025-07-04T12:26:32.160+0530] {logging_mixin.py:188} INFO - [2025-07-04T12:26:32.160+0530] {dag.py:3036} INFO - Sync 1 DAGs
[2025-07-04T12:26:32.166+0530] {logging_mixin.py:188} INFO - [2025-07-04T12:26:32.166+0530] {dag.py:3058} INFO - Creating ORM DAG for tutorial_dag
[2025-07-04T12:26:32.166+0530] {logging_mixin.py:188} INFO - [2025-07-04T12:26:32.166+0530] {dag.py:3823} INFO - Setting next_dagrun for tutorial_dag to None, run_after=None
[2025-07-04T12:26:32.183+0530] {processor.py:183} INFO - Processing /home/tejhanagarajan/Projects/small-projects/NewsImpact/venv/lib64/python3.10/site-packages/airflow/example_dags/tutorial_dag.py took 0.113 seconds
[2025-07-04T12:27:24.204+0530] {processor.py:161} INFO - Started process (PID=25528) to work on /home/tejhanagarajan/Projects/small-projects/NewsImpact/venv/lib64/python3.10/site-packages/airflow/example_dags/tutorial_dag.py
[2025-07-04T12:27:24.205+0530] {processor.py:830} INFO - Processing file /home/tejhanagarajan/Projects/small-projects/NewsImpact/venv/lib64/python3.10/site-packages/airflow/example_dags/tutorial_dag.py for tasks to queue
[2025-07-04T12:27:24.206+0530] {logging_mixin.py:188} INFO - [2025-07-04T12:27:24.205+0530] {dagbag.py:538} INFO - Filling up the DagBag from /home/tejhanagarajan/Projects/small-projects/NewsImpact/venv/lib64/python3.10/site-packages/airflow/example_dags/tutorial_dag.py
[2025-07-04T12:27:24.209+0530] {processor.py:840} INFO - DAG(s) 'tutorial_dag' retrieved from /home/tejhanagarajan/Projects/small-projects/NewsImpact/venv/lib64/python3.10/site-packages/airflow/example_dags/tutorial_dag.py
[2025-07-04T12:27:24.219+0530] {logging_mixin.py:188} INFO - [2025-07-04T12:27:24.219+0530] {dag.py:3036} INFO - Sync 1 DAGs
[2025-07-04T12:27:24.224+0530] {logging_mixin.py:188} INFO - [2025-07-04T12:27:24.224+0530] {dag.py:3823} INFO - Setting next_dagrun for tutorial_dag to None, run_after=None
[2025-07-04T12:27:24.241+0530] {processor.py:183} INFO - Processing /home/tejhanagarajan/Projects/small-projects/NewsImpact/venv/lib64/python3.10/site-packages/airflow/example_dags/tutorial_dag.py took 0.039 seconds
[2025-07-04T12:28:03.694+0530] {processor.py:161} INFO - Started process (PID=25812) to work on /home/tejhanagarajan/Projects/small-projects/NewsImpact/venv/lib64/python3.10/site-packages/airflow/example_dags/tutorial_dag.py
[2025-07-04T12:28:03.695+0530] {processor.py:830} INFO - Processing file /home/tejhanagarajan/Projects/small-projects/NewsImpact/venv/lib64/python3.10/site-packages/airflow/example_dags/tutorial_dag.py for tasks to queue
[2025-07-04T12:28:03.696+0530] {logging_mixin.py:188} INFO - [2025-07-04T12:28:03.695+0530] {dagbag.py:538} INFO - Filling up the DagBag from /home/tejhanagarajan/Projects/small-projects/NewsImpact/venv/lib64/python3.10/site-packages/airflow/example_dags/tutorial_dag.py
[2025-07-04T12:28:03.702+0530] {processor.py:840} INFO - DAG(s) 'tutorial_dag' retrieved from /home/tejhanagarajan/Projects/small-projects/NewsImpact/venv/lib64/python3.10/site-packages/airflow/example_dags/tutorial_dag.py
[2025-07-04T12:28:03.709+0530] {logging_mixin.py:188} INFO - [2025-07-04T12:28:03.709+0530] {dag.py:3036} INFO - Sync 1 DAGs
[2025-07-04T12:28:03.714+0530] {logging_mixin.py:188} INFO - [2025-07-04T12:28:03.714+0530] {dag.py:3823} INFO - Setting next_dagrun for tutorial_dag to None, run_after=None
[2025-07-04T12:28:03.734+0530] {processor.py:183} INFO - Processing /home/tejhanagarajan/Projects/small-projects/NewsImpact/venv/lib64/python3.10/site-packages/airflow/example_dags/tutorial_dag.py took 0.044 seconds
[2025-07-04T12:28:42.035+0530] {processor.py:161} INFO - Started process (PID=26175) to work on /home/tejhanagarajan/Projects/small-projects/NewsImpact/venv/lib64/python3.10/site-packages/airflow/example_dags/tutorial_dag.py
[2025-07-04T12:28:42.038+0530] {processor.py:830} INFO - Processing file /home/tejhanagarajan/Projects/small-projects/NewsImpact/venv/lib64/python3.10/site-packages/airflow/example_dags/tutorial_dag.py for tasks to queue
[2025-07-04T12:28:42.038+0530] {logging_mixin.py:188} INFO - [2025-07-04T12:28:42.038+0530] {dagbag.py:538} INFO - Filling up the DagBag from /home/tejhanagarajan/Projects/small-projects/NewsImpact/venv/lib64/python3.10/site-packages/airflow/example_dags/tutorial_dag.py
[2025-07-04T12:28:42.042+0530] {processor.py:840} INFO - DAG(s) 'tutorial_dag' retrieved from /home/tejhanagarajan/Projects/small-projects/NewsImpact/venv/lib64/python3.10/site-packages/airflow/example_dags/tutorial_dag.py
[2025-07-04T12:28:42.049+0530] {logging_mixin.py:188} INFO - [2025-07-04T12:28:42.049+0530] {dag.py:3036} INFO - Sync 1 DAGs
[2025-07-04T12:28:42.054+0530] {logging_mixin.py:188} INFO - [2025-07-04T12:28:42.054+0530] {dag.py:3823} INFO - Setting next_dagrun for tutorial_dag to None, run_after=None
[2025-07-04T12:28:42.070+0530] {processor.py:183} INFO - Processing /home/tejhanagarajan/Projects/small-projects/NewsImpact/venv/lib64/python3.10/site-packages/airflow/example_dags/tutorial_dag.py took 0.038 seconds
[2025-07-04T12:29:22.009+0530] {processor.py:161} INFO - Started process (PID=26509) to work on /home/tejhanagarajan/Projects/small-projects/NewsImpact/venv/lib64/python3.10/site-packages/airflow/example_dags/tutorial_dag.py
[2025-07-04T12:29:22.013+0530] {processor.py:830} INFO - Processing file /home/tejhanagarajan/Projects/small-projects/NewsImpact/venv/lib64/python3.10/site-packages/airflow/example_dags/tutorial_dag.py for tasks to queue
[2025-07-04T12:29:22.014+0530] {logging_mixin.py:188} INFO - [2025-07-04T12:29:22.013+0530] {dagbag.py:538} INFO - Filling up the DagBag from /home/tejhanagarajan/Projects/small-projects/NewsImpact/venv/lib64/python3.10/site-packages/airflow/example_dags/tutorial_dag.py
[2025-07-04T12:29:22.017+0530] {processor.py:840} INFO - DAG(s) 'tutorial_dag' retrieved from /home/tejhanagarajan/Projects/small-projects/NewsImpact/venv/lib64/python3.10/site-packages/airflow/example_dags/tutorial_dag.py
[2025-07-04T12:29:22.024+0530] {logging_mixin.py:188} INFO - [2025-07-04T12:29:22.024+0530] {dag.py:3036} INFO - Sync 1 DAGs
[2025-07-04T12:29:22.030+0530] {logging_mixin.py:188} INFO - [2025-07-04T12:29:22.029+0530] {dag.py:3823} INFO - Setting next_dagrun for tutorial_dag to None, run_after=None
[2025-07-04T12:29:22.046+0530] {processor.py:183} INFO - Processing /home/tejhanagarajan/Projects/small-projects/NewsImpact/venv/lib64/python3.10/site-packages/airflow/example_dags/tutorial_dag.py took 0.039 seconds
[2025-07-04T12:30:07.118+0530] {processor.py:161} INFO - Started process (PID=26851) to work on /home/tejhanagarajan/Projects/small-projects/NewsImpact/venv/lib64/python3.10/site-packages/airflow/example_dags/tutorial_dag.py
[2025-07-04T12:30:07.121+0530] {processor.py:830} INFO - Processing file /home/tejhanagarajan/Projects/small-projects/NewsImpact/venv/lib64/python3.10/site-packages/airflow/example_dags/tutorial_dag.py for tasks to queue
[2025-07-04T12:30:07.121+0530] {logging_mixin.py:188} INFO - [2025-07-04T12:30:07.121+0530] {dagbag.py:538} INFO - Filling up the DagBag from /home/tejhanagarajan/Projects/small-projects/NewsImpact/venv/lib64/python3.10/site-packages/airflow/example_dags/tutorial_dag.py
[2025-07-04T12:30:07.124+0530] {processor.py:840} INFO - DAG(s) 'tutorial_dag' retrieved from /home/tejhanagarajan/Projects/small-projects/NewsImpact/venv/lib64/python3.10/site-packages/airflow/example_dags/tutorial_dag.py
[2025-07-04T12:30:07.130+0530] {logging_mixin.py:188} INFO - [2025-07-04T12:30:07.130+0530] {dag.py:3036} INFO - Sync 1 DAGs
[2025-07-04T12:30:07.135+0530] {logging_mixin.py:188} INFO - [2025-07-04T12:30:07.135+0530] {dag.py:3823} INFO - Setting next_dagrun for tutorial_dag to None, run_after=None
[2025-07-04T12:30:07.153+0530] {processor.py:183} INFO - Processing /home/tejhanagarajan/Projects/small-projects/NewsImpact/venv/lib64/python3.10/site-packages/airflow/example_dags/tutorial_dag.py took 0.036 seconds
[2025-07-04T12:30:45.406+0530] {processor.py:161} INFO - Started process (PID=27105) to work on /home/tejhanagarajan/Projects/small-projects/NewsImpact/venv/lib64/python3.10/site-packages/airflow/example_dags/tutorial_dag.py
[2025-07-04T12:30:45.409+0530] {processor.py:830} INFO - Processing file /home/tejhanagarajan/Projects/small-projects/NewsImpact/venv/lib64/python3.10/site-packages/airflow/example_dags/tutorial_dag.py for tasks to queue
[2025-07-04T12:30:45.410+0530] {logging_mixin.py:188} INFO - [2025-07-04T12:30:45.410+0530] {dagbag.py:538} INFO - Filling up the DagBag from /home/tejhanagarajan/Projects/small-projects/NewsImpact/venv/lib64/python3.10/site-packages/airflow/example_dags/tutorial_dag.py
[2025-07-04T12:30:45.416+0530] {processor.py:840} INFO - DAG(s) 'tutorial_dag' retrieved from /home/tejhanagarajan/Projects/small-projects/NewsImpact/venv/lib64/python3.10/site-packages/airflow/example_dags/tutorial_dag.py
[2025-07-04T12:30:45.430+0530] {logging_mixin.py:188} INFO - [2025-07-04T12:30:45.430+0530] {dag.py:3036} INFO - Sync 1 DAGs
[2025-07-04T12:30:45.435+0530] {logging_mixin.py:188} INFO - [2025-07-04T12:30:45.435+0530] {dag.py:3823} INFO - Setting next_dagrun for tutorial_dag to None, run_after=None
[2025-07-04T12:30:45.451+0530] {processor.py:183} INFO - Processing /home/tejhanagarajan/Projects/small-projects/NewsImpact/venv/lib64/python3.10/site-packages/airflow/example_dags/tutorial_dag.py took 0.048 seconds
[2025-07-04T12:33:00.624+0530] {processor.py:161} INFO - Started process (PID=30028) to work on /home/tejhanagarajan/Projects/small-projects/NewsImpact/venv/lib64/python3.10/site-packages/airflow/example_dags/tutorial_dag.py
[2025-07-04T12:33:00.627+0530] {processor.py:830} INFO - Processing file /home/tejhanagarajan/Projects/small-projects/NewsImpact/venv/lib64/python3.10/site-packages/airflow/example_dags/tutorial_dag.py for tasks to queue
[2025-07-04T12:33:00.629+0530] {logging_mixin.py:188} INFO - [2025-07-04T12:33:00.628+0530] {dagbag.py:538} INFO - Filling up the DagBag from /home/tejhanagarajan/Projects/small-projects/NewsImpact/venv/lib64/python3.10/site-packages/airflow/example_dags/tutorial_dag.py
[2025-07-04T12:33:00.634+0530] {processor.py:840} INFO - DAG(s) 'tutorial_dag' retrieved from /home/tejhanagarajan/Projects/small-projects/NewsImpact/venv/lib64/python3.10/site-packages/airflow/example_dags/tutorial_dag.py
[2025-07-04T12:33:00.649+0530] {logging_mixin.py:188} INFO - [2025-07-04T12:33:00.648+0530] {dag.py:3036} INFO - Sync 1 DAGs
[2025-07-04T12:33:00.653+0530] {logging_mixin.py:188} INFO - [2025-07-04T12:33:00.653+0530] {dag.py:3823} INFO - Setting next_dagrun for tutorial_dag to None, run_after=None
[2025-07-04T12:33:00.669+0530] {processor.py:183} INFO - Processing /home/tejhanagarajan/Projects/small-projects/NewsImpact/venv/lib64/python3.10/site-packages/airflow/example_dags/tutorial_dag.py took 0.048 seconds
[2025-07-04T12:33:47.956+0530] {processor.py:161} INFO - Started process (PID=30375) to work on /home/tejhanagarajan/Projects/small-projects/NewsImpact/venv/lib64/python3.10/site-packages/airflow/example_dags/tutorial_dag.py
[2025-07-04T12:33:47.959+0530] {processor.py:830} INFO - Processing file /home/tejhanagarajan/Projects/small-projects/NewsImpact/venv/lib64/python3.10/site-packages/airflow/example_dags/tutorial_dag.py for tasks to queue
[2025-07-04T12:33:47.959+0530] {logging_mixin.py:188} INFO - [2025-07-04T12:33:47.959+0530] {dagbag.py:538} INFO - Filling up the DagBag from /home/tejhanagarajan/Projects/small-projects/NewsImpact/venv/lib64/python3.10/site-packages/airflow/example_dags/tutorial_dag.py
[2025-07-04T12:33:47.962+0530] {processor.py:840} INFO - DAG(s) 'tutorial_dag' retrieved from /home/tejhanagarajan/Projects/small-projects/NewsImpact/venv/lib64/python3.10/site-packages/airflow/example_dags/tutorial_dag.py
[2025-07-04T12:33:47.969+0530] {logging_mixin.py:188} INFO - [2025-07-04T12:33:47.969+0530] {dag.py:3036} INFO - Sync 1 DAGs
[2025-07-04T12:33:47.974+0530] {logging_mixin.py:188} INFO - [2025-07-04T12:33:47.974+0530] {dag.py:3823} INFO - Setting next_dagrun for tutorial_dag to None, run_after=None
[2025-07-04T12:33:47.989+0530] {processor.py:183} INFO - Processing /home/tejhanagarajan/Projects/small-projects/NewsImpact/venv/lib64/python3.10/site-packages/airflow/example_dags/tutorial_dag.py took 0.034 seconds
[2025-07-04T12:34:33.452+0530] {processor.py:161} INFO - Started process (PID=30956) to work on /home/tejhanagarajan/Projects/small-projects/NewsImpact/venv/lib64/python3.10/site-packages/airflow/example_dags/tutorial_dag.py
[2025-07-04T12:34:33.454+0530] {processor.py:830} INFO - Processing file /home/tejhanagarajan/Projects/small-projects/NewsImpact/venv/lib64/python3.10/site-packages/airflow/example_dags/tutorial_dag.py for tasks to queue
[2025-07-04T12:34:33.455+0530] {logging_mixin.py:188} INFO - [2025-07-04T12:34:33.454+0530] {dagbag.py:538} INFO - Filling up the DagBag from /home/tejhanagarajan/Projects/small-projects/NewsImpact/venv/lib64/python3.10/site-packages/airflow/example_dags/tutorial_dag.py
[2025-07-04T12:34:33.461+0530] {processor.py:840} INFO - DAG(s) 'tutorial_dag' retrieved from /home/tejhanagarajan/Projects/small-projects/NewsImpact/venv/lib64/python3.10/site-packages/airflow/example_dags/tutorial_dag.py
[2025-07-04T12:34:33.469+0530] {logging_mixin.py:188} INFO - [2025-07-04T12:34:33.469+0530] {dag.py:3036} INFO - Sync 1 DAGs
[2025-07-04T12:34:33.474+0530] {logging_mixin.py:188} INFO - [2025-07-04T12:34:33.474+0530] {dag.py:3823} INFO - Setting next_dagrun for tutorial_dag to None, run_after=None
[2025-07-04T12:34:33.491+0530] {processor.py:183} INFO - Processing /home/tejhanagarajan/Projects/small-projects/NewsImpact/venv/lib64/python3.10/site-packages/airflow/example_dags/tutorial_dag.py took 0.041 seconds
[2025-07-04T12:35:09.265+0530] {processor.py:161} INFO - Started process (PID=31206) to work on /home/tejhanagarajan/Projects/small-projects/NewsImpact/venv/lib64/python3.10/site-packages/airflow/example_dags/tutorial_dag.py
[2025-07-04T12:35:09.268+0530] {processor.py:830} INFO - Processing file /home/tejhanagarajan/Projects/small-projects/NewsImpact/venv/lib64/python3.10/site-packages/airflow/example_dags/tutorial_dag.py for tasks to queue
[2025-07-04T12:35:09.269+0530] {logging_mixin.py:188} INFO - [2025-07-04T12:35:09.269+0530] {dagbag.py:538} INFO - Filling up the DagBag from /home/tejhanagarajan/Projects/small-projects/NewsImpact/venv/lib64/python3.10/site-packages/airflow/example_dags/tutorial_dag.py
[2025-07-04T12:35:09.274+0530] {processor.py:840} INFO - DAG(s) 'tutorial_dag' retrieved from /home/tejhanagarajan/Projects/small-projects/NewsImpact/venv/lib64/python3.10/site-packages/airflow/example_dags/tutorial_dag.py
[2025-07-04T12:35:09.282+0530] {logging_mixin.py:188} INFO - [2025-07-04T12:35:09.282+0530] {dag.py:3036} INFO - Sync 1 DAGs
[2025-07-04T12:35:09.286+0530] {logging_mixin.py:188} INFO - [2025-07-04T12:35:09.286+0530] {dag.py:3823} INFO - Setting next_dagrun for tutorial_dag to None, run_after=None
[2025-07-04T12:35:09.302+0530] {processor.py:183} INFO - Processing /home/tejhanagarajan/Projects/small-projects/NewsImpact/venv/lib64/python3.10/site-packages/airflow/example_dags/tutorial_dag.py took 0.040 seconds
[2025-07-04T12:35:46.922+0530] {processor.py:161} INFO - Started process (PID=31542) to work on /home/tejhanagarajan/Projects/small-projects/NewsImpact/venv/lib64/python3.10/site-packages/airflow/example_dags/tutorial_dag.py
[2025-07-04T12:35:46.923+0530] {processor.py:830} INFO - Processing file /home/tejhanagarajan/Projects/small-projects/NewsImpact/venv/lib64/python3.10/site-packages/airflow/example_dags/tutorial_dag.py for tasks to queue
[2025-07-04T12:35:46.924+0530] {logging_mixin.py:188} INFO - [2025-07-04T12:35:46.923+0530] {dagbag.py:538} INFO - Filling up the DagBag from /home/tejhanagarajan/Projects/small-projects/NewsImpact/venv/lib64/python3.10/site-packages/airflow/example_dags/tutorial_dag.py
[2025-07-04T12:35:46.927+0530] {processor.py:840} INFO - DAG(s) 'tutorial_dag' retrieved from /home/tejhanagarajan/Projects/small-projects/NewsImpact/venv/lib64/python3.10/site-packages/airflow/example_dags/tutorial_dag.py
[2025-07-04T12:35:46.933+0530] {logging_mixin.py:188} INFO - [2025-07-04T12:35:46.933+0530] {dag.py:3036} INFO - Sync 1 DAGs
[2025-07-04T12:35:46.938+0530] {logging_mixin.py:188} INFO - [2025-07-04T12:35:46.938+0530] {dag.py:3823} INFO - Setting next_dagrun for tutorial_dag to None, run_after=None
[2025-07-04T12:35:46.955+0530] {processor.py:183} INFO - Processing /home/tejhanagarajan/Projects/small-projects/NewsImpact/venv/lib64/python3.10/site-packages/airflow/example_dags/tutorial_dag.py took 0.034 seconds
[2025-07-04T12:36:22.990+0530] {processor.py:161} INFO - Started process (PID=31813) to work on /home/tejhanagarajan/Projects/small-projects/NewsImpact/venv/lib64/python3.10/site-packages/airflow/example_dags/tutorial_dag.py
[2025-07-04T12:36:22.991+0530] {processor.py:830} INFO - Processing file /home/tejhanagarajan/Projects/small-projects/NewsImpact/venv/lib64/python3.10/site-packages/airflow/example_dags/tutorial_dag.py for tasks to queue
[2025-07-04T12:36:22.992+0530] {logging_mixin.py:188} INFO - [2025-07-04T12:36:22.992+0530] {dagbag.py:538} INFO - Filling up the DagBag from /home/tejhanagarajan/Projects/small-projects/NewsImpact/venv/lib64/python3.10/site-packages/airflow/example_dags/tutorial_dag.py
[2025-07-04T12:36:22.998+0530] {processor.py:840} INFO - DAG(s) 'tutorial_dag' retrieved from /home/tejhanagarajan/Projects/small-projects/NewsImpact/venv/lib64/python3.10/site-packages/airflow/example_dags/tutorial_dag.py
[2025-07-04T12:36:23.005+0530] {logging_mixin.py:188} INFO - [2025-07-04T12:36:23.005+0530] {dag.py:3036} INFO - Sync 1 DAGs
[2025-07-04T12:36:23.009+0530] {logging_mixin.py:188} INFO - [2025-07-04T12:36:23.009+0530] {dag.py:3823} INFO - Setting next_dagrun for tutorial_dag to None, run_after=None
[2025-07-04T12:36:23.025+0530] {processor.py:183} INFO - Processing /home/tejhanagarajan/Projects/small-projects/NewsImpact/venv/lib64/python3.10/site-packages/airflow/example_dags/tutorial_dag.py took 0.038 seconds
[2025-07-04T12:36:58.901+0530] {processor.py:161} INFO - Started process (PID=32217) to work on /home/tejhanagarajan/Projects/small-projects/NewsImpact/venv/lib64/python3.10/site-packages/airflow/example_dags/tutorial_dag.py
[2025-07-04T12:36:58.903+0530] {processor.py:830} INFO - Processing file /home/tejhanagarajan/Projects/small-projects/NewsImpact/venv/lib64/python3.10/site-packages/airflow/example_dags/tutorial_dag.py for tasks to queue
[2025-07-04T12:36:58.904+0530] {logging_mixin.py:188} INFO - [2025-07-04T12:36:58.904+0530] {dagbag.py:538} INFO - Filling up the DagBag from /home/tejhanagarajan/Projects/small-projects/NewsImpact/venv/lib64/python3.10/site-packages/airflow/example_dags/tutorial_dag.py
[2025-07-04T12:36:58.907+0530] {processor.py:840} INFO - DAG(s) 'tutorial_dag' retrieved from /home/tejhanagarajan/Projects/small-projects/NewsImpact/venv/lib64/python3.10/site-packages/airflow/example_dags/tutorial_dag.py
[2025-07-04T12:36:58.914+0530] {logging_mixin.py:188} INFO - [2025-07-04T12:36:58.914+0530] {dag.py:3036} INFO - Sync 1 DAGs
[2025-07-04T12:36:58.919+0530] {logging_mixin.py:188} INFO - [2025-07-04T12:36:58.919+0530] {dag.py:3823} INFO - Setting next_dagrun for tutorial_dag to None, run_after=None
[2025-07-04T12:36:58.935+0530] {processor.py:183} INFO - Processing /home/tejhanagarajan/Projects/small-projects/NewsImpact/venv/lib64/python3.10/site-packages/airflow/example_dags/tutorial_dag.py took 0.035 seconds
[2025-07-04T12:37:46.035+0530] {processor.py:161} INFO - Started process (PID=32823) to work on /home/tejhanagarajan/Projects/small-projects/NewsImpact/venv/lib64/python3.10/site-packages/airflow/example_dags/tutorial_dag.py
[2025-07-04T12:37:46.037+0530] {processor.py:830} INFO - Processing file /home/tejhanagarajan/Projects/small-projects/NewsImpact/venv/lib64/python3.10/site-packages/airflow/example_dags/tutorial_dag.py for tasks to queue
[2025-07-04T12:37:46.038+0530] {logging_mixin.py:188} INFO - [2025-07-04T12:37:46.038+0530] {dagbag.py:538} INFO - Filling up the DagBag from /home/tejhanagarajan/Projects/small-projects/NewsImpact/venv/lib64/python3.10/site-packages/airflow/example_dags/tutorial_dag.py
[2025-07-04T12:37:46.040+0530] {processor.py:840} INFO - DAG(s) 'tutorial_dag' retrieved from /home/tejhanagarajan/Projects/small-projects/NewsImpact/venv/lib64/python3.10/site-packages/airflow/example_dags/tutorial_dag.py
[2025-07-04T12:37:46.047+0530] {logging_mixin.py:188} INFO - [2025-07-04T12:37:46.047+0530] {dag.py:3036} INFO - Sync 1 DAGs
[2025-07-04T12:37:46.051+0530] {logging_mixin.py:188} INFO - [2025-07-04T12:37:46.051+0530] {dag.py:3823} INFO - Setting next_dagrun for tutorial_dag to None, run_after=None
[2025-07-04T12:37:46.067+0530] {processor.py:183} INFO - Processing /home/tejhanagarajan/Projects/small-projects/NewsImpact/venv/lib64/python3.10/site-packages/airflow/example_dags/tutorial_dag.py took 0.033 seconds
[2025-07-04T12:38:02.743+0530] {processor.py:161} INFO - Started process (PID=34701) to work on /home/tejhanagarajan/Projects/small-projects/NewsImpact/venv/lib64/python3.10/site-packages/airflow/example_dags/tutorial_dag.py
[2025-07-04T12:38:02.743+0530] {processor.py:830} INFO - Processing file /home/tejhanagarajan/Projects/small-projects/NewsImpact/venv/lib64/python3.10/site-packages/airflow/example_dags/tutorial_dag.py for tasks to queue
[2025-07-04T12:38:02.744+0530] {logging_mixin.py:188} INFO - [2025-07-04T12:38:02.744+0530] {dagbag.py:538} INFO - Filling up the DagBag from /home/tejhanagarajan/Projects/small-projects/NewsImpact/venv/lib64/python3.10/site-packages/airflow/example_dags/tutorial_dag.py
[2025-07-04T12:38:02.748+0530] {processor.py:840} INFO - DAG(s) 'tutorial_dag' retrieved from /home/tejhanagarajan/Projects/small-projects/NewsImpact/venv/lib64/python3.10/site-packages/airflow/example_dags/tutorial_dag.py
[2025-07-04T12:38:02.758+0530] {logging_mixin.py:188} INFO - [2025-07-04T12:38:02.758+0530] {dag.py:3036} INFO - Sync 1 DAGs
[2025-07-04T12:38:02.762+0530] {logging_mixin.py:188} INFO - [2025-07-04T12:38:02.762+0530] {dag.py:3823} INFO - Setting next_dagrun for tutorial_dag to None, run_after=None
[2025-07-04T12:38:02.779+0530] {processor.py:183} INFO - Processing /home/tejhanagarajan/Projects/small-projects/NewsImpact/venv/lib64/python3.10/site-packages/airflow/example_dags/tutorial_dag.py took 0.039 seconds
[2025-07-04T12:38:19.851+0530] {processor.py:161} INFO - Started process (PID=34844) to work on /home/tejhanagarajan/Projects/small-projects/NewsImpact/venv/lib64/python3.10/site-packages/airflow/example_dags/tutorial_dag.py
[2025-07-04T12:38:19.851+0530] {processor.py:830} INFO - Processing file /home/tejhanagarajan/Projects/small-projects/NewsImpact/venv/lib64/python3.10/site-packages/airflow/example_dags/tutorial_dag.py for tasks to queue
[2025-07-04T12:38:19.852+0530] {logging_mixin.py:188} INFO - [2025-07-04T12:38:19.851+0530] {dagbag.py:538} INFO - Filling up the DagBag from /home/tejhanagarajan/Projects/small-projects/NewsImpact/venv/lib64/python3.10/site-packages/airflow/example_dags/tutorial_dag.py
[2025-07-04T12:38:19.855+0530] {processor.py:840} INFO - DAG(s) 'tutorial_dag' retrieved from /home/tejhanagarajan/Projects/small-projects/NewsImpact/venv/lib64/python3.10/site-packages/airflow/example_dags/tutorial_dag.py
[2025-07-04T12:38:19.861+0530] {logging_mixin.py:188} INFO - [2025-07-04T12:38:19.861+0530] {dag.py:3036} INFO - Sync 1 DAGs
[2025-07-04T12:38:19.866+0530] {logging_mixin.py:188} INFO - [2025-07-04T12:38:19.866+0530] {dag.py:3823} INFO - Setting next_dagrun for tutorial_dag to None, run_after=None
[2025-07-04T12:38:19.883+0530] {processor.py:183} INFO - Processing /home/tejhanagarajan/Projects/small-projects/NewsImpact/venv/lib64/python3.10/site-packages/airflow/example_dags/tutorial_dag.py took 0.034 seconds
[2025-07-04T12:38:50.092+0530] {processor.py:161} INFO - Started process (PID=35114) to work on /home/tejhanagarajan/Projects/small-projects/NewsImpact/venv/lib64/python3.10/site-packages/airflow/example_dags/tutorial_dag.py
[2025-07-04T12:38:50.095+0530] {processor.py:830} INFO - Processing file /home/tejhanagarajan/Projects/small-projects/NewsImpact/venv/lib64/python3.10/site-packages/airflow/example_dags/tutorial_dag.py for tasks to queue
[2025-07-04T12:38:50.095+0530] {logging_mixin.py:188} INFO - [2025-07-04T12:38:50.095+0530] {dagbag.py:538} INFO - Filling up the DagBag from /home/tejhanagarajan/Projects/small-projects/NewsImpact/venv/lib64/python3.10/site-packages/airflow/example_dags/tutorial_dag.py
[2025-07-04T12:38:50.098+0530] {processor.py:840} INFO - DAG(s) 'tutorial_dag' retrieved from /home/tejhanagarajan/Projects/small-projects/NewsImpact/venv/lib64/python3.10/site-packages/airflow/example_dags/tutorial_dag.py
[2025-07-04T12:38:50.105+0530] {logging_mixin.py:188} INFO - [2025-07-04T12:38:50.104+0530] {dag.py:3036} INFO - Sync 1 DAGs
[2025-07-04T12:38:50.109+0530] {logging_mixin.py:188} INFO - [2025-07-04T12:38:50.109+0530] {dag.py:3823} INFO - Setting next_dagrun for tutorial_dag to None, run_after=None
[2025-07-04T12:38:50.126+0530] {processor.py:183} INFO - Processing /home/tejhanagarajan/Projects/small-projects/NewsImpact/venv/lib64/python3.10/site-packages/airflow/example_dags/tutorial_dag.py took 0.035 seconds
[2025-07-04T12:38:52.766+0530] {processor.py:161} INFO - Started process (PID=35136) to work on /home/tejhanagarajan/Projects/small-projects/NewsImpact/venv/lib64/python3.10/site-packages/airflow/example_dags/tutorial_dag.py
[2025-07-04T12:38:52.766+0530] {processor.py:830} INFO - Processing file /home/tejhanagarajan/Projects/small-projects/NewsImpact/venv/lib64/python3.10/site-packages/airflow/example_dags/tutorial_dag.py for tasks to queue
[2025-07-04T12:38:52.767+0530] {logging_mixin.py:188} INFO - [2025-07-04T12:38:52.767+0530] {dagbag.py:538} INFO - Filling up the DagBag from /home/tejhanagarajan/Projects/small-projects/NewsImpact/venv/lib64/python3.10/site-packages/airflow/example_dags/tutorial_dag.py
[2025-07-04T12:38:52.771+0530] {processor.py:840} INFO - DAG(s) 'tutorial_dag' retrieved from /home/tejhanagarajan/Projects/small-projects/NewsImpact/venv/lib64/python3.10/site-packages/airflow/example_dags/tutorial_dag.py
[2025-07-04T12:38:52.778+0530] {logging_mixin.py:188} INFO - [2025-07-04T12:38:52.778+0530] {dag.py:3036} INFO - Sync 1 DAGs
[2025-07-04T12:38:52.783+0530] {logging_mixin.py:188} INFO - [2025-07-04T12:38:52.782+0530] {dag.py:3823} INFO - Setting next_dagrun for tutorial_dag to None, run_after=None
[2025-07-04T12:38:52.798+0530] {processor.py:183} INFO - Processing /home/tejhanagarajan/Projects/small-projects/NewsImpact/venv/lib64/python3.10/site-packages/airflow/example_dags/tutorial_dag.py took 0.034 seconds
[2025-07-04T12:39:29.513+0530] {processor.py:161} INFO - Started process (PID=35484) to work on /home/tejhanagarajan/Projects/small-projects/NewsImpact/venv/lib64/python3.10/site-packages/airflow/example_dags/tutorial_dag.py
[2025-07-04T12:39:29.515+0530] {processor.py:830} INFO - Processing file /home/tejhanagarajan/Projects/small-projects/NewsImpact/venv/lib64/python3.10/site-packages/airflow/example_dags/tutorial_dag.py for tasks to queue
[2025-07-04T12:39:29.516+0530] {logging_mixin.py:188} INFO - [2025-07-04T12:39:29.516+0530] {dagbag.py:538} INFO - Filling up the DagBag from /home/tejhanagarajan/Projects/small-projects/NewsImpact/venv/lib64/python3.10/site-packages/airflow/example_dags/tutorial_dag.py
[2025-07-04T12:39:29.519+0530] {processor.py:840} INFO - DAG(s) 'tutorial_dag' retrieved from /home/tejhanagarajan/Projects/small-projects/NewsImpact/venv/lib64/python3.10/site-packages/airflow/example_dags/tutorial_dag.py
[2025-07-04T12:39:29.526+0530] {logging_mixin.py:188} INFO - [2025-07-04T12:39:29.526+0530] {dag.py:3036} INFO - Sync 1 DAGs
[2025-07-04T12:39:29.531+0530] {logging_mixin.py:188} INFO - [2025-07-04T12:39:29.531+0530] {dag.py:3823} INFO - Setting next_dagrun for tutorial_dag to None, run_after=None
[2025-07-04T12:39:29.548+0530] {processor.py:183} INFO - Processing /home/tejhanagarajan/Projects/small-projects/NewsImpact/venv/lib64/python3.10/site-packages/airflow/example_dags/tutorial_dag.py took 0.036 seconds
[2025-07-04T12:39:36.255+0530] {processor.py:161} INFO - Started process (PID=35540) to work on /home/tejhanagarajan/Projects/small-projects/NewsImpact/venv/lib64/python3.10/site-packages/airflow/example_dags/tutorial_dag.py
[2025-07-04T12:39:36.255+0530] {processor.py:830} INFO - Processing file /home/tejhanagarajan/Projects/small-projects/NewsImpact/venv/lib64/python3.10/site-packages/airflow/example_dags/tutorial_dag.py for tasks to queue
[2025-07-04T12:39:36.256+0530] {logging_mixin.py:188} INFO - [2025-07-04T12:39:36.256+0530] {dagbag.py:538} INFO - Filling up the DagBag from /home/tejhanagarajan/Projects/small-projects/NewsImpact/venv/lib64/python3.10/site-packages/airflow/example_dags/tutorial_dag.py
[2025-07-04T12:39:36.259+0530] {processor.py:840} INFO - DAG(s) 'tutorial_dag' retrieved from /home/tejhanagarajan/Projects/small-projects/NewsImpact/venv/lib64/python3.10/site-packages/airflow/example_dags/tutorial_dag.py
[2025-07-04T12:39:36.265+0530] {logging_mixin.py:188} INFO - [2025-07-04T12:39:36.265+0530] {dag.py:3036} INFO - Sync 1 DAGs
[2025-07-04T12:39:36.270+0530] {logging_mixin.py:188} INFO - [2025-07-04T12:39:36.270+0530] {dag.py:3823} INFO - Setting next_dagrun for tutorial_dag to None, run_after=None
[2025-07-04T12:39:36.286+0530] {processor.py:183} INFO - Processing /home/tejhanagarajan/Projects/small-projects/NewsImpact/venv/lib64/python3.10/site-packages/airflow/example_dags/tutorial_dag.py took 0.033 seconds
[2025-07-04T12:42:03.764+0530] {processor.py:161} INFO - Started process (PID=37774) to work on /home/tejhanagarajan/Projects/small-projects/NewsImpact/venv/lib64/python3.10/site-packages/airflow/example_dags/tutorial_dag.py
[2025-07-04T12:42:03.767+0530] {processor.py:830} INFO - Processing file /home/tejhanagarajan/Projects/small-projects/NewsImpact/venv/lib64/python3.10/site-packages/airflow/example_dags/tutorial_dag.py for tasks to queue
[2025-07-04T12:42:03.767+0530] {logging_mixin.py:188} INFO - [2025-07-04T12:42:03.767+0530] {dagbag.py:538} INFO - Filling up the DagBag from /home/tejhanagarajan/Projects/small-projects/NewsImpact/venv/lib64/python3.10/site-packages/airflow/example_dags/tutorial_dag.py
[2025-07-04T12:42:03.771+0530] {processor.py:840} INFO - DAG(s) 'tutorial_dag' retrieved from /home/tejhanagarajan/Projects/small-projects/NewsImpact/venv/lib64/python3.10/site-packages/airflow/example_dags/tutorial_dag.py
[2025-07-04T12:42:03.781+0530] {logging_mixin.py:188} INFO - [2025-07-04T12:42:03.781+0530] {dag.py:3036} INFO - Sync 1 DAGs
[2025-07-04T12:42:03.785+0530] {logging_mixin.py:188} INFO - [2025-07-04T12:42:03.785+0530] {dag.py:3823} INFO - Setting next_dagrun for tutorial_dag to None, run_after=None
[2025-07-04T12:42:03.802+0530] {processor.py:183} INFO - Processing /home/tejhanagarajan/Projects/small-projects/NewsImpact/venv/lib64/python3.10/site-packages/airflow/example_dags/tutorial_dag.py took 0.040 seconds
[2025-07-04T12:42:50.943+0530] {processor.py:161} INFO - Started process (PID=38168) to work on /home/tejhanagarajan/Projects/small-projects/NewsImpact/venv/lib64/python3.10/site-packages/airflow/example_dags/tutorial_dag.py
[2025-07-04T12:42:50.948+0530] {processor.py:830} INFO - Processing file /home/tejhanagarajan/Projects/small-projects/NewsImpact/venv/lib64/python3.10/site-packages/airflow/example_dags/tutorial_dag.py for tasks to queue
[2025-07-04T12:42:50.948+0530] {logging_mixin.py:188} INFO - [2025-07-04T12:42:50.948+0530] {dagbag.py:538} INFO - Filling up the DagBag from /home/tejhanagarajan/Projects/small-projects/NewsImpact/venv/lib64/python3.10/site-packages/airflow/example_dags/tutorial_dag.py
[2025-07-04T12:42:50.952+0530] {processor.py:840} INFO - DAG(s) 'tutorial_dag' retrieved from /home/tejhanagarajan/Projects/small-projects/NewsImpact/venv/lib64/python3.10/site-packages/airflow/example_dags/tutorial_dag.py
[2025-07-04T12:42:50.959+0530] {logging_mixin.py:188} INFO - [2025-07-04T12:42:50.959+0530] {dag.py:3036} INFO - Sync 1 DAGs
[2025-07-04T12:42:50.964+0530] {logging_mixin.py:188} INFO - [2025-07-04T12:42:50.964+0530] {dag.py:3823} INFO - Setting next_dagrun for tutorial_dag to None, run_after=None
[2025-07-04T12:42:50.982+0530] {processor.py:183} INFO - Processing /home/tejhanagarajan/Projects/small-projects/NewsImpact/venv/lib64/python3.10/site-packages/airflow/example_dags/tutorial_dag.py took 0.040 seconds
[2025-07-04T12:43:37.983+0530] {processor.py:161} INFO - Started process (PID=38551) to work on /home/tejhanagarajan/Projects/small-projects/NewsImpact/venv/lib64/python3.10/site-packages/airflow/example_dags/tutorial_dag.py
[2025-07-04T12:43:37.985+0530] {processor.py:830} INFO - Processing file /home/tejhanagarajan/Projects/small-projects/NewsImpact/venv/lib64/python3.10/site-packages/airflow/example_dags/tutorial_dag.py for tasks to queue
[2025-07-04T12:43:37.986+0530] {logging_mixin.py:188} INFO - [2025-07-04T12:43:37.986+0530] {dagbag.py:538} INFO - Filling up the DagBag from /home/tejhanagarajan/Projects/small-projects/NewsImpact/venv/lib64/python3.10/site-packages/airflow/example_dags/tutorial_dag.py
[2025-07-04T12:43:37.989+0530] {processor.py:840} INFO - DAG(s) 'tutorial_dag' retrieved from /home/tejhanagarajan/Projects/small-projects/NewsImpact/venv/lib64/python3.10/site-packages/airflow/example_dags/tutorial_dag.py
[2025-07-04T12:43:37.998+0530] {logging_mixin.py:188} INFO - [2025-07-04T12:43:37.998+0530] {dag.py:3036} INFO - Sync 1 DAGs
[2025-07-04T12:43:38.003+0530] {logging_mixin.py:188} INFO - [2025-07-04T12:43:38.003+0530] {dag.py:3823} INFO - Setting next_dagrun for tutorial_dag to None, run_after=None
[2025-07-04T12:43:38.021+0530] {processor.py:183} INFO - Processing /home/tejhanagarajan/Projects/small-projects/NewsImpact/venv/lib64/python3.10/site-packages/airflow/example_dags/tutorial_dag.py took 0.040 seconds
[2025-07-04T12:44:14.041+0530] {processor.py:161} INFO - Started process (PID=38809) to work on /home/tejhanagarajan/Projects/small-projects/NewsImpact/venv/lib64/python3.10/site-packages/airflow/example_dags/tutorial_dag.py
[2025-07-04T12:44:14.043+0530] {processor.py:830} INFO - Processing file /home/tejhanagarajan/Projects/small-projects/NewsImpact/venv/lib64/python3.10/site-packages/airflow/example_dags/tutorial_dag.py for tasks to queue
[2025-07-04T12:44:14.043+0530] {logging_mixin.py:188} INFO - [2025-07-04T12:44:14.043+0530] {dagbag.py:538} INFO - Filling up the DagBag from /home/tejhanagarajan/Projects/small-projects/NewsImpact/venv/lib64/python3.10/site-packages/airflow/example_dags/tutorial_dag.py
[2025-07-04T12:44:14.047+0530] {processor.py:840} INFO - DAG(s) 'tutorial_dag' retrieved from /home/tejhanagarajan/Projects/small-projects/NewsImpact/venv/lib64/python3.10/site-packages/airflow/example_dags/tutorial_dag.py
[2025-07-04T12:44:14.053+0530] {logging_mixin.py:188} INFO - [2025-07-04T12:44:14.053+0530] {dag.py:3036} INFO - Sync 1 DAGs
[2025-07-04T12:44:14.058+0530] {logging_mixin.py:188} INFO - [2025-07-04T12:44:14.058+0530] {dag.py:3823} INFO - Setting next_dagrun for tutorial_dag to None, run_after=None
[2025-07-04T12:44:14.075+0530] {processor.py:183} INFO - Processing /home/tejhanagarajan/Projects/small-projects/NewsImpact/venv/lib64/python3.10/site-packages/airflow/example_dags/tutorial_dag.py took 0.037 seconds
[2025-07-04T12:44:51.209+0530] {processor.py:161} INFO - Started process (PID=39070) to work on /home/tejhanagarajan/Projects/small-projects/NewsImpact/venv/lib64/python3.10/site-packages/airflow/example_dags/tutorial_dag.py
[2025-07-04T12:44:51.211+0530] {processor.py:830} INFO - Processing file /home/tejhanagarajan/Projects/small-projects/NewsImpact/venv/lib64/python3.10/site-packages/airflow/example_dags/tutorial_dag.py for tasks to queue
[2025-07-04T12:44:51.211+0530] {logging_mixin.py:188} INFO - [2025-07-04T12:44:51.211+0530] {dagbag.py:538} INFO - Filling up the DagBag from /home/tejhanagarajan/Projects/small-projects/NewsImpact/venv/lib64/python3.10/site-packages/airflow/example_dags/tutorial_dag.py
[2025-07-04T12:44:51.214+0530] {processor.py:840} INFO - DAG(s) 'tutorial_dag' retrieved from /home/tejhanagarajan/Projects/small-projects/NewsImpact/venv/lib64/python3.10/site-packages/airflow/example_dags/tutorial_dag.py
[2025-07-04T12:44:51.221+0530] {logging_mixin.py:188} INFO - [2025-07-04T12:44:51.221+0530] {dag.py:3036} INFO - Sync 1 DAGs
[2025-07-04T12:44:51.226+0530] {logging_mixin.py:188} INFO - [2025-07-04T12:44:51.226+0530] {dag.py:3823} INFO - Setting next_dagrun for tutorial_dag to None, run_after=None
[2025-07-04T12:44:51.241+0530] {processor.py:183} INFO - Processing /home/tejhanagarajan/Projects/small-projects/NewsImpact/venv/lib64/python3.10/site-packages/airflow/example_dags/tutorial_dag.py took 0.034 seconds
[2025-07-04T12:45:26.147+0530] {processor.py:161} INFO - Started process (PID=39335) to work on /home/tejhanagarajan/Projects/small-projects/NewsImpact/venv/lib64/python3.10/site-packages/airflow/example_dags/tutorial_dag.py
[2025-07-04T12:45:26.150+0530] {processor.py:830} INFO - Processing file /home/tejhanagarajan/Projects/small-projects/NewsImpact/venv/lib64/python3.10/site-packages/airflow/example_dags/tutorial_dag.py for tasks to queue
[2025-07-04T12:45:26.151+0530] {logging_mixin.py:188} INFO - [2025-07-04T12:45:26.151+0530] {dagbag.py:538} INFO - Filling up the DagBag from /home/tejhanagarajan/Projects/small-projects/NewsImpact/venv/lib64/python3.10/site-packages/airflow/example_dags/tutorial_dag.py
[2025-07-04T12:45:26.155+0530] {processor.py:840} INFO - DAG(s) 'tutorial_dag' retrieved from /home/tejhanagarajan/Projects/small-projects/NewsImpact/venv/lib64/python3.10/site-packages/airflow/example_dags/tutorial_dag.py
[2025-07-04T12:45:26.162+0530] {logging_mixin.py:188} INFO - [2025-07-04T12:45:26.162+0530] {dag.py:3036} INFO - Sync 1 DAGs
[2025-07-04T12:45:26.167+0530] {logging_mixin.py:188} INFO - [2025-07-04T12:45:26.167+0530] {dag.py:3823} INFO - Setting next_dagrun for tutorial_dag to None, run_after=None
[2025-07-04T12:45:26.183+0530] {processor.py:183} INFO - Processing /home/tejhanagarajan/Projects/small-projects/NewsImpact/venv/lib64/python3.10/site-packages/airflow/example_dags/tutorial_dag.py took 0.038 seconds
[2025-07-04T12:46:02.037+0530] {processor.py:161} INFO - Started process (PID=39588) to work on /home/tejhanagarajan/Projects/small-projects/NewsImpact/venv/lib64/python3.10/site-packages/airflow/example_dags/tutorial_dag.py
[2025-07-04T12:46:02.040+0530] {processor.py:830} INFO - Processing file /home/tejhanagarajan/Projects/small-projects/NewsImpact/venv/lib64/python3.10/site-packages/airflow/example_dags/tutorial_dag.py for tasks to queue
[2025-07-04T12:46:02.041+0530] {logging_mixin.py:188} INFO - [2025-07-04T12:46:02.040+0530] {dagbag.py:538} INFO - Filling up the DagBag from /home/tejhanagarajan/Projects/small-projects/NewsImpact/venv/lib64/python3.10/site-packages/airflow/example_dags/tutorial_dag.py
[2025-07-04T12:46:02.046+0530] {processor.py:840} INFO - DAG(s) 'tutorial_dag' retrieved from /home/tejhanagarajan/Projects/small-projects/NewsImpact/venv/lib64/python3.10/site-packages/airflow/example_dags/tutorial_dag.py
[2025-07-04T12:46:02.057+0530] {logging_mixin.py:188} INFO - [2025-07-04T12:46:02.057+0530] {dag.py:3036} INFO - Sync 1 DAGs
[2025-07-04T12:46:02.062+0530] {logging_mixin.py:188} INFO - [2025-07-04T12:46:02.062+0530] {dag.py:3823} INFO - Setting next_dagrun for tutorial_dag to None, run_after=None
[2025-07-04T12:46:02.077+0530] {processor.py:183} INFO - Processing /home/tejhanagarajan/Projects/small-projects/NewsImpact/venv/lib64/python3.10/site-packages/airflow/example_dags/tutorial_dag.py took 0.044 seconds
[2025-07-04T12:46:37.703+0530] {processor.py:161} INFO - Started process (PID=39852) to work on /home/tejhanagarajan/Projects/small-projects/NewsImpact/venv/lib64/python3.10/site-packages/airflow/example_dags/tutorial_dag.py
[2025-07-04T12:46:37.706+0530] {processor.py:830} INFO - Processing file /home/tejhanagarajan/Projects/small-projects/NewsImpact/venv/lib64/python3.10/site-packages/airflow/example_dags/tutorial_dag.py for tasks to queue
[2025-07-04T12:46:37.707+0530] {logging_mixin.py:188} INFO - [2025-07-04T12:46:37.706+0530] {dagbag.py:538} INFO - Filling up the DagBag from /home/tejhanagarajan/Projects/small-projects/NewsImpact/venv/lib64/python3.10/site-packages/airflow/example_dags/tutorial_dag.py
[2025-07-04T12:46:37.710+0530] {processor.py:840} INFO - DAG(s) 'tutorial_dag' retrieved from /home/tejhanagarajan/Projects/small-projects/NewsImpact/venv/lib64/python3.10/site-packages/airflow/example_dags/tutorial_dag.py
[2025-07-04T12:46:37.717+0530] {logging_mixin.py:188} INFO - [2025-07-04T12:46:37.717+0530] {dag.py:3036} INFO - Sync 1 DAGs
[2025-07-04T12:46:37.722+0530] {logging_mixin.py:188} INFO - [2025-07-04T12:46:37.722+0530] {dag.py:3823} INFO - Setting next_dagrun for tutorial_dag to None, run_after=None
[2025-07-04T12:46:37.739+0530] {processor.py:183} INFO - Processing /home/tejhanagarajan/Projects/small-projects/NewsImpact/venv/lib64/python3.10/site-packages/airflow/example_dags/tutorial_dag.py took 0.038 seconds
[2025-07-04T12:47:11.820+0530] {processor.py:161} INFO - Started process (PID=40101) to work on /home/tejhanagarajan/Projects/small-projects/NewsImpact/venv/lib64/python3.10/site-packages/airflow/example_dags/tutorial_dag.py
[2025-07-04T12:47:11.823+0530] {processor.py:830} INFO - Processing file /home/tejhanagarajan/Projects/small-projects/NewsImpact/venv/lib64/python3.10/site-packages/airflow/example_dags/tutorial_dag.py for tasks to queue
[2025-07-04T12:47:11.824+0530] {logging_mixin.py:188} INFO - [2025-07-04T12:47:11.824+0530] {dagbag.py:538} INFO - Filling up the DagBag from /home/tejhanagarajan/Projects/small-projects/NewsImpact/venv/lib64/python3.10/site-packages/airflow/example_dags/tutorial_dag.py
[2025-07-04T12:47:11.829+0530] {processor.py:840} INFO - DAG(s) 'tutorial_dag' retrieved from /home/tejhanagarajan/Projects/small-projects/NewsImpact/venv/lib64/python3.10/site-packages/airflow/example_dags/tutorial_dag.py
[2025-07-04T12:47:11.836+0530] {logging_mixin.py:188} INFO - [2025-07-04T12:47:11.835+0530] {dag.py:3036} INFO - Sync 1 DAGs
[2025-07-04T12:47:11.840+0530] {logging_mixin.py:188} INFO - [2025-07-04T12:47:11.840+0530] {dag.py:3823} INFO - Setting next_dagrun for tutorial_dag to None, run_after=None
[2025-07-04T12:47:11.856+0530] {processor.py:183} INFO - Processing /home/tejhanagarajan/Projects/small-projects/NewsImpact/venv/lib64/python3.10/site-packages/airflow/example_dags/tutorial_dag.py took 0.040 seconds
[2025-07-04T12:47:47.339+0530] {processor.py:161} INFO - Started process (PID=40364) to work on /home/tejhanagarajan/Projects/small-projects/NewsImpact/venv/lib64/python3.10/site-packages/airflow/example_dags/tutorial_dag.py
[2025-07-04T12:47:47.341+0530] {processor.py:830} INFO - Processing file /home/tejhanagarajan/Projects/small-projects/NewsImpact/venv/lib64/python3.10/site-packages/airflow/example_dags/tutorial_dag.py for tasks to queue
[2025-07-04T12:47:47.342+0530] {logging_mixin.py:188} INFO - [2025-07-04T12:47:47.342+0530] {dagbag.py:538} INFO - Filling up the DagBag from /home/tejhanagarajan/Projects/small-projects/NewsImpact/venv/lib64/python3.10/site-packages/airflow/example_dags/tutorial_dag.py
[2025-07-04T12:47:47.347+0530] {processor.py:840} INFO - DAG(s) 'tutorial_dag' retrieved from /home/tejhanagarajan/Projects/small-projects/NewsImpact/venv/lib64/python3.10/site-packages/airflow/example_dags/tutorial_dag.py
[2025-07-04T12:47:47.357+0530] {logging_mixin.py:188} INFO - [2025-07-04T12:47:47.357+0530] {dag.py:3036} INFO - Sync 1 DAGs
[2025-07-04T12:47:47.363+0530] {logging_mixin.py:188} INFO - [2025-07-04T12:47:47.362+0530] {dag.py:3823} INFO - Setting next_dagrun for tutorial_dag to None, run_after=None
[2025-07-04T12:47:47.380+0530] {processor.py:183} INFO - Processing /home/tejhanagarajan/Projects/small-projects/NewsImpact/venv/lib64/python3.10/site-packages/airflow/example_dags/tutorial_dag.py took 0.045 seconds
