[2025-07-04T12:26:28.229+0530] {processor.py:161} INFO - Started process (PID=25108) to work on /home/tejhanagarajan/Projects/small-projects/NewsImpact/venv/lib64/python3.10/site-packages/airflow/example_dags/tutorial_taskflow_api_virtualenv.py
[2025-07-04T12:26:28.230+0530] {processor.py:830} INFO - Processing file /home/tejhanagarajan/Projects/small-projects/NewsImpact/venv/lib64/python3.10/site-packages/airflow/example_dags/tutorial_taskflow_api_virtualenv.py for tasks to queue
[2025-07-04T12:26:28.231+0530] {logging_mixin.py:188} INFO - [2025-07-04T12:26:28.230+0530] {dagbag.py:538} INFO - Filling up the DagBag from /home/tejhanagarajan/Projects/small-projects/NewsImpact/venv/lib64/python3.10/site-packages/airflow/example_dags/tutorial_taskflow_api_virtualenv.py
[2025-07-04T12:26:28.238+0530] {processor.py:840} INFO - DAG(s) 'tutorial_taskflow_api_virtualenv' retrieved from /home/tejhanagarajan/Projects/small-projects/NewsImpact/venv/lib64/python3.10/site-packages/airflow/example_dags/tutorial_taskflow_api_virtualenv.py
[2025-07-04T12:26:28.343+0530] {logging_mixin.py:188} INFO - [2025-07-04T12:26:28.343+0530] {override.py:1769} INFO - Created Permission View: can read on DAG:tutorial_taskflow_api_virtualenv
[2025-07-04T12:26:28.356+0530] {logging_mixin.py:188} INFO - [2025-07-04T12:26:28.356+0530] {override.py:1769} INFO - Created Permission View: can edit on DAG:tutorial_taskflow_api_virtualenv
[2025-07-04T12:26:28.368+0530] {logging_mixin.py:188} INFO - [2025-07-04T12:26:28.367+0530] {override.py:1769} INFO - Created Permission View: can delete on DAG:tutorial_taskflow_api_virtualenv
[2025-07-04T12:26:28.368+0530] {logging_mixin.py:188} INFO - [2025-07-04T12:26:28.368+0530] {dag.py:3036} INFO - Sync 1 DAGs
[2025-07-04T12:26:28.373+0530] {logging_mixin.py:188} INFO - [2025-07-04T12:26:28.373+0530] {dag.py:3058} INFO - Creating ORM DAG for tutorial_taskflow_api_virtualenv
[2025-07-04T12:26:28.373+0530] {logging_mixin.py:188} INFO - [2025-07-04T12:26:28.373+0530] {dag.py:3823} INFO - Setting next_dagrun for tutorial_taskflow_api_virtualenv to None, run_after=None
[2025-07-04T12:26:28.388+0530] {processor.py:183} INFO - Processing /home/tejhanagarajan/Projects/small-projects/NewsImpact/venv/lib64/python3.10/site-packages/airflow/example_dags/tutorial_taskflow_api_virtualenv.py took 0.161 seconds
[2025-07-04T12:27:21.125+0530] {processor.py:161} INFO - Started process (PID=25510) to work on /home/tejhanagarajan/Projects/small-projects/NewsImpact/venv/lib64/python3.10/site-packages/airflow/example_dags/tutorial_taskflow_api_virtualenv.py
[2025-07-04T12:27:21.126+0530] {processor.py:830} INFO - Processing file /home/tejhanagarajan/Projects/small-projects/NewsImpact/venv/lib64/python3.10/site-packages/airflow/example_dags/tutorial_taskflow_api_virtualenv.py for tasks to queue
[2025-07-04T12:27:21.126+0530] {logging_mixin.py:188} INFO - [2025-07-04T12:27:21.126+0530] {dagbag.py:538} INFO - Filling up the DagBag from /home/tejhanagarajan/Projects/small-projects/NewsImpact/venv/lib64/python3.10/site-packages/airflow/example_dags/tutorial_taskflow_api_virtualenv.py
[2025-07-04T12:27:21.134+0530] {processor.py:840} INFO - DAG(s) 'tutorial_taskflow_api_virtualenv' retrieved from /home/tejhanagarajan/Projects/small-projects/NewsImpact/venv/lib64/python3.10/site-packages/airflow/example_dags/tutorial_taskflow_api_virtualenv.py
[2025-07-04T12:27:21.141+0530] {logging_mixin.py:188} INFO - [2025-07-04T12:27:21.140+0530] {dag.py:3036} INFO - Sync 1 DAGs
[2025-07-04T12:27:21.145+0530] {logging_mixin.py:188} INFO - [2025-07-04T12:27:21.145+0530] {dag.py:3823} INFO - Setting next_dagrun for tutorial_taskflow_api_virtualenv to None, run_after=None
[2025-07-04T12:27:21.237+0530] {processor.py:183} INFO - Processing /home/tejhanagarajan/Projects/small-projects/NewsImpact/venv/lib64/python3.10/site-packages/airflow/example_dags/tutorial_taskflow_api_virtualenv.py took 0.114 seconds
[2025-07-04T12:28:00.812+0530] {processor.py:161} INFO - Started process (PID=25789) to work on /home/tejhanagarajan/Projects/small-projects/NewsImpact/venv/lib64/python3.10/site-packages/airflow/example_dags/tutorial_taskflow_api_virtualenv.py
[2025-07-04T12:28:00.812+0530] {processor.py:830} INFO - Processing file /home/tejhanagarajan/Projects/small-projects/NewsImpact/venv/lib64/python3.10/site-packages/airflow/example_dags/tutorial_taskflow_api_virtualenv.py for tasks to queue
[2025-07-04T12:28:00.813+0530] {logging_mixin.py:188} INFO - [2025-07-04T12:28:00.812+0530] {dagbag.py:538} INFO - Filling up the DagBag from /home/tejhanagarajan/Projects/small-projects/NewsImpact/venv/lib64/python3.10/site-packages/airflow/example_dags/tutorial_taskflow_api_virtualenv.py
[2025-07-04T12:28:00.817+0530] {processor.py:840} INFO - DAG(s) 'tutorial_taskflow_api_virtualenv' retrieved from /home/tejhanagarajan/Projects/small-projects/NewsImpact/venv/lib64/python3.10/site-packages/airflow/example_dags/tutorial_taskflow_api_virtualenv.py
[2025-07-04T12:28:00.824+0530] {logging_mixin.py:188} INFO - [2025-07-04T12:28:00.824+0530] {dag.py:3036} INFO - Sync 1 DAGs
[2025-07-04T12:28:00.830+0530] {logging_mixin.py:188} INFO - [2025-07-04T12:28:00.830+0530] {dag.py:3823} INFO - Setting next_dagrun for tutorial_taskflow_api_virtualenv to None, run_after=None
[2025-07-04T12:28:00.849+0530] {processor.py:183} INFO - Processing /home/tejhanagarajan/Projects/small-projects/NewsImpact/venv/lib64/python3.10/site-packages/airflow/example_dags/tutorial_taskflow_api_virtualenv.py took 0.039 seconds
[2025-07-04T12:28:38.598+0530] {processor.py:161} INFO - Started process (PID=26151) to work on /home/tejhanagarajan/Projects/small-projects/NewsImpact/venv/lib64/python3.10/site-packages/airflow/example_dags/tutorial_taskflow_api_virtualenv.py
[2025-07-04T12:28:38.637+0530] {processor.py:830} INFO - Processing file /home/tejhanagarajan/Projects/small-projects/NewsImpact/venv/lib64/python3.10/site-packages/airflow/example_dags/tutorial_taskflow_api_virtualenv.py for tasks to queue
[2025-07-04T12:28:38.641+0530] {logging_mixin.py:188} INFO - [2025-07-04T12:28:38.639+0530] {dagbag.py:538} INFO - Filling up the DagBag from /home/tejhanagarajan/Projects/small-projects/NewsImpact/venv/lib64/python3.10/site-packages/airflow/example_dags/tutorial_taskflow_api_virtualenv.py
[2025-07-04T12:28:38.651+0530] {processor.py:840} INFO - DAG(s) 'tutorial_taskflow_api_virtualenv' retrieved from /home/tejhanagarajan/Projects/small-projects/NewsImpact/venv/lib64/python3.10/site-packages/airflow/example_dags/tutorial_taskflow_api_virtualenv.py
[2025-07-04T12:28:38.658+0530] {logging_mixin.py:188} INFO - [2025-07-04T12:28:38.658+0530] {dag.py:3036} INFO - Sync 1 DAGs
[2025-07-04T12:28:38.663+0530] {logging_mixin.py:188} INFO - [2025-07-04T12:28:38.663+0530] {dag.py:3823} INFO - Setting next_dagrun for tutorial_taskflow_api_virtualenv to None, run_after=None
[2025-07-04T12:28:38.684+0530] {processor.py:183} INFO - Processing /home/tejhanagarajan/Projects/small-projects/NewsImpact/venv/lib64/python3.10/site-packages/airflow/example_dags/tutorial_taskflow_api_virtualenv.py took 0.087 seconds
[2025-07-04T12:29:18.745+0530] {processor.py:161} INFO - Started process (PID=26495) to work on /home/tejhanagarajan/Projects/small-projects/NewsImpact/venv/lib64/python3.10/site-packages/airflow/example_dags/tutorial_taskflow_api_virtualenv.py
[2025-07-04T12:29:18.748+0530] {processor.py:830} INFO - Processing file /home/tejhanagarajan/Projects/small-projects/NewsImpact/venv/lib64/python3.10/site-packages/airflow/example_dags/tutorial_taskflow_api_virtualenv.py for tasks to queue
[2025-07-04T12:29:18.748+0530] {logging_mixin.py:188} INFO - [2025-07-04T12:29:18.748+0530] {dagbag.py:538} INFO - Filling up the DagBag from /home/tejhanagarajan/Projects/small-projects/NewsImpact/venv/lib64/python3.10/site-packages/airflow/example_dags/tutorial_taskflow_api_virtualenv.py
[2025-07-04T12:29:18.753+0530] {processor.py:840} INFO - DAG(s) 'tutorial_taskflow_api_virtualenv' retrieved from /home/tejhanagarajan/Projects/small-projects/NewsImpact/venv/lib64/python3.10/site-packages/airflow/example_dags/tutorial_taskflow_api_virtualenv.py
[2025-07-04T12:29:18.760+0530] {logging_mixin.py:188} INFO - [2025-07-04T12:29:18.760+0530] {dag.py:3036} INFO - Sync 1 DAGs
[2025-07-04T12:29:18.766+0530] {logging_mixin.py:188} INFO - [2025-07-04T12:29:18.765+0530] {dag.py:3823} INFO - Setting next_dagrun for tutorial_taskflow_api_virtualenv to None, run_after=None
[2025-07-04T12:29:18.783+0530] {processor.py:183} INFO - Processing /home/tejhanagarajan/Projects/small-projects/NewsImpact/venv/lib64/python3.10/site-packages/airflow/example_dags/tutorial_taskflow_api_virtualenv.py took 0.040 seconds
[2025-07-04T12:29:55.134+0530] {processor.py:161} INFO - Started process (PID=26771) to work on /home/tejhanagarajan/Projects/small-projects/NewsImpact/venv/lib64/python3.10/site-packages/airflow/example_dags/tutorial_taskflow_api_virtualenv.py
[2025-07-04T12:29:55.137+0530] {processor.py:830} INFO - Processing file /home/tejhanagarajan/Projects/small-projects/NewsImpact/venv/lib64/python3.10/site-packages/airflow/example_dags/tutorial_taskflow_api_virtualenv.py for tasks to queue
[2025-07-04T12:29:55.138+0530] {logging_mixin.py:188} INFO - [2025-07-04T12:29:55.137+0530] {dagbag.py:538} INFO - Filling up the DagBag from /home/tejhanagarajan/Projects/small-projects/NewsImpact/venv/lib64/python3.10/site-packages/airflow/example_dags/tutorial_taskflow_api_virtualenv.py
[2025-07-04T12:29:55.144+0530] {processor.py:840} INFO - DAG(s) 'tutorial_taskflow_api_virtualenv' retrieved from /home/tejhanagarajan/Projects/small-projects/NewsImpact/venv/lib64/python3.10/site-packages/airflow/example_dags/tutorial_taskflow_api_virtualenv.py
[2025-07-04T12:29:55.152+0530] {logging_mixin.py:188} INFO - [2025-07-04T12:29:55.152+0530] {dag.py:3036} INFO - Sync 1 DAGs
[2025-07-04T12:29:55.157+0530] {logging_mixin.py:188} INFO - [2025-07-04T12:29:55.157+0530] {dag.py:3823} INFO - Setting next_dagrun for tutorial_taskflow_api_virtualenv to None, run_after=None
[2025-07-04T12:29:55.172+0530] {processor.py:183} INFO - Processing /home/tejhanagarajan/Projects/small-projects/NewsImpact/venv/lib64/python3.10/site-packages/airflow/example_dags/tutorial_taskflow_api_virtualenv.py took 0.042 seconds
[2025-07-04T12:30:41.988+0530] {processor.py:161} INFO - Started process (PID=27089) to work on /home/tejhanagarajan/Projects/small-projects/NewsImpact/venv/lib64/python3.10/site-packages/airflow/example_dags/tutorial_taskflow_api_virtualenv.py
[2025-07-04T12:30:41.990+0530] {processor.py:830} INFO - Processing file /home/tejhanagarajan/Projects/small-projects/NewsImpact/venv/lib64/python3.10/site-packages/airflow/example_dags/tutorial_taskflow_api_virtualenv.py for tasks to queue
[2025-07-04T12:30:41.991+0530] {logging_mixin.py:188} INFO - [2025-07-04T12:30:41.991+0530] {dagbag.py:538} INFO - Filling up the DagBag from /home/tejhanagarajan/Projects/small-projects/NewsImpact/venv/lib64/python3.10/site-packages/airflow/example_dags/tutorial_taskflow_api_virtualenv.py
[2025-07-04T12:30:41.996+0530] {processor.py:840} INFO - DAG(s) 'tutorial_taskflow_api_virtualenv' retrieved from /home/tejhanagarajan/Projects/small-projects/NewsImpact/venv/lib64/python3.10/site-packages/airflow/example_dags/tutorial_taskflow_api_virtualenv.py
[2025-07-04T12:30:42.004+0530] {logging_mixin.py:188} INFO - [2025-07-04T12:30:42.003+0530] {dag.py:3036} INFO - Sync 1 DAGs
[2025-07-04T12:30:42.009+0530] {logging_mixin.py:188} INFO - [2025-07-04T12:30:42.008+0530] {dag.py:3823} INFO - Setting next_dagrun for tutorial_taskflow_api_virtualenv to None, run_after=None
[2025-07-04T12:30:42.025+0530] {processor.py:183} INFO - Processing /home/tejhanagarajan/Projects/small-projects/NewsImpact/venv/lib64/python3.10/site-packages/airflow/example_dags/tutorial_taskflow_api_virtualenv.py took 0.038 seconds
[2025-07-04T12:32:56.981+0530] {processor.py:161} INFO - Started process (PID=30005) to work on /home/tejhanagarajan/Projects/small-projects/NewsImpact/venv/lib64/python3.10/site-packages/airflow/example_dags/tutorial_taskflow_api_virtualenv.py
[2025-07-04T12:32:56.984+0530] {processor.py:830} INFO - Processing file /home/tejhanagarajan/Projects/small-projects/NewsImpact/venv/lib64/python3.10/site-packages/airflow/example_dags/tutorial_taskflow_api_virtualenv.py for tasks to queue
[2025-07-04T12:32:56.984+0530] {logging_mixin.py:188} INFO - [2025-07-04T12:32:56.984+0530] {dagbag.py:538} INFO - Filling up the DagBag from /home/tejhanagarajan/Projects/small-projects/NewsImpact/venv/lib64/python3.10/site-packages/airflow/example_dags/tutorial_taskflow_api_virtualenv.py
[2025-07-04T12:32:56.990+0530] {processor.py:840} INFO - DAG(s) 'tutorial_taskflow_api_virtualenv' retrieved from /home/tejhanagarajan/Projects/small-projects/NewsImpact/venv/lib64/python3.10/site-packages/airflow/example_dags/tutorial_taskflow_api_virtualenv.py
[2025-07-04T12:32:57.076+0530] {logging_mixin.py:188} INFO - [2025-07-04T12:32:57.076+0530] {dag.py:3036} INFO - Sync 1 DAGs
[2025-07-04T12:32:57.080+0530] {logging_mixin.py:188} INFO - [2025-07-04T12:32:57.080+0530] {dag.py:3823} INFO - Setting next_dagrun for tutorial_taskflow_api_virtualenv to None, run_after=None
[2025-07-04T12:32:57.096+0530] {processor.py:183} INFO - Processing /home/tejhanagarajan/Projects/small-projects/NewsImpact/venv/lib64/python3.10/site-packages/airflow/example_dags/tutorial_taskflow_api_virtualenv.py took 0.116 seconds
[2025-07-04T12:33:44.526+0530] {processor.py:161} INFO - Started process (PID=30348) to work on /home/tejhanagarajan/Projects/small-projects/NewsImpact/venv/lib64/python3.10/site-packages/airflow/example_dags/tutorial_taskflow_api_virtualenv.py
[2025-07-04T12:33:44.529+0530] {processor.py:830} INFO - Processing file /home/tejhanagarajan/Projects/small-projects/NewsImpact/venv/lib64/python3.10/site-packages/airflow/example_dags/tutorial_taskflow_api_virtualenv.py for tasks to queue
[2025-07-04T12:33:44.530+0530] {logging_mixin.py:188} INFO - [2025-07-04T12:33:44.530+0530] {dagbag.py:538} INFO - Filling up the DagBag from /home/tejhanagarajan/Projects/small-projects/NewsImpact/venv/lib64/python3.10/site-packages/airflow/example_dags/tutorial_taskflow_api_virtualenv.py
[2025-07-04T12:33:44.537+0530] {processor.py:840} INFO - DAG(s) 'tutorial_taskflow_api_virtualenv' retrieved from /home/tejhanagarajan/Projects/small-projects/NewsImpact/venv/lib64/python3.10/site-packages/airflow/example_dags/tutorial_taskflow_api_virtualenv.py
[2025-07-04T12:33:44.545+0530] {logging_mixin.py:188} INFO - [2025-07-04T12:33:44.545+0530] {dag.py:3036} INFO - Sync 1 DAGs
[2025-07-04T12:33:44.550+0530] {logging_mixin.py:188} INFO - [2025-07-04T12:33:44.550+0530] {dag.py:3823} INFO - Setting next_dagrun for tutorial_taskflow_api_virtualenv to None, run_after=None
[2025-07-04T12:33:44.566+0530] {processor.py:183} INFO - Processing /home/tejhanagarajan/Projects/small-projects/NewsImpact/venv/lib64/python3.10/site-packages/airflow/example_dags/tutorial_taskflow_api_virtualenv.py took 0.043 seconds
[2025-07-04T12:34:30.921+0530] {processor.py:161} INFO - Started process (PID=30942) to work on /home/tejhanagarajan/Projects/small-projects/NewsImpact/venv/lib64/python3.10/site-packages/airflow/example_dags/tutorial_taskflow_api_virtualenv.py
[2025-07-04T12:34:30.924+0530] {processor.py:830} INFO - Processing file /home/tejhanagarajan/Projects/small-projects/NewsImpact/venv/lib64/python3.10/site-packages/airflow/example_dags/tutorial_taskflow_api_virtualenv.py for tasks to queue
[2025-07-04T12:34:30.926+0530] {logging_mixin.py:188} INFO - [2025-07-04T12:34:30.925+0530] {dagbag.py:538} INFO - Filling up the DagBag from /home/tejhanagarajan/Projects/small-projects/NewsImpact/venv/lib64/python3.10/site-packages/airflow/example_dags/tutorial_taskflow_api_virtualenv.py
[2025-07-04T12:34:30.934+0530] {processor.py:840} INFO - DAG(s) 'tutorial_taskflow_api_virtualenv' retrieved from /home/tejhanagarajan/Projects/small-projects/NewsImpact/venv/lib64/python3.10/site-packages/airflow/example_dags/tutorial_taskflow_api_virtualenv.py
[2025-07-04T12:34:30.941+0530] {logging_mixin.py:188} INFO - [2025-07-04T12:34:30.941+0530] {dag.py:3036} INFO - Sync 1 DAGs
[2025-07-04T12:34:30.946+0530] {logging_mixin.py:188} INFO - [2025-07-04T12:34:30.946+0530] {dag.py:3823} INFO - Setting next_dagrun for tutorial_taskflow_api_virtualenv to None, run_after=None
[2025-07-04T12:34:30.963+0530] {processor.py:183} INFO - Processing /home/tejhanagarajan/Projects/small-projects/NewsImpact/venv/lib64/python3.10/site-packages/airflow/example_dags/tutorial_taskflow_api_virtualenv.py took 0.046 seconds
[2025-07-04T12:35:05.828+0530] {processor.py:161} INFO - Started process (PID=31179) to work on /home/tejhanagarajan/Projects/small-projects/NewsImpact/venv/lib64/python3.10/site-packages/airflow/example_dags/tutorial_taskflow_api_virtualenv.py
[2025-07-04T12:35:05.830+0530] {processor.py:830} INFO - Processing file /home/tejhanagarajan/Projects/small-projects/NewsImpact/venv/lib64/python3.10/site-packages/airflow/example_dags/tutorial_taskflow_api_virtualenv.py for tasks to queue
[2025-07-04T12:35:05.830+0530] {logging_mixin.py:188} INFO - [2025-07-04T12:35:05.830+0530] {dagbag.py:538} INFO - Filling up the DagBag from /home/tejhanagarajan/Projects/small-projects/NewsImpact/venv/lib64/python3.10/site-packages/airflow/example_dags/tutorial_taskflow_api_virtualenv.py
[2025-07-04T12:35:05.835+0530] {processor.py:840} INFO - DAG(s) 'tutorial_taskflow_api_virtualenv' retrieved from /home/tejhanagarajan/Projects/small-projects/NewsImpact/venv/lib64/python3.10/site-packages/airflow/example_dags/tutorial_taskflow_api_virtualenv.py
[2025-07-04T12:35:05.843+0530] {logging_mixin.py:188} INFO - [2025-07-04T12:35:05.843+0530] {dag.py:3036} INFO - Sync 1 DAGs
[2025-07-04T12:35:05.848+0530] {logging_mixin.py:188} INFO - [2025-07-04T12:35:05.848+0530] {dag.py:3823} INFO - Setting next_dagrun for tutorial_taskflow_api_virtualenv to None, run_after=None
[2025-07-04T12:35:05.866+0530] {processor.py:183} INFO - Processing /home/tejhanagarajan/Projects/small-projects/NewsImpact/venv/lib64/python3.10/site-packages/airflow/example_dags/tutorial_taskflow_api_virtualenv.py took 0.039 seconds
[2025-07-04T12:35:44.362+0530] {processor.py:161} INFO - Started process (PID=31526) to work on /home/tejhanagarajan/Projects/small-projects/NewsImpact/venv/lib64/python3.10/site-packages/airflow/example_dags/tutorial_taskflow_api_virtualenv.py
[2025-07-04T12:35:44.364+0530] {processor.py:830} INFO - Processing file /home/tejhanagarajan/Projects/small-projects/NewsImpact/venv/lib64/python3.10/site-packages/airflow/example_dags/tutorial_taskflow_api_virtualenv.py for tasks to queue
[2025-07-04T12:35:44.364+0530] {logging_mixin.py:188} INFO - [2025-07-04T12:35:44.364+0530] {dagbag.py:538} INFO - Filling up the DagBag from /home/tejhanagarajan/Projects/small-projects/NewsImpact/venv/lib64/python3.10/site-packages/airflow/example_dags/tutorial_taskflow_api_virtualenv.py
[2025-07-04T12:35:44.370+0530] {processor.py:840} INFO - DAG(s) 'tutorial_taskflow_api_virtualenv' retrieved from /home/tejhanagarajan/Projects/small-projects/NewsImpact/venv/lib64/python3.10/site-packages/airflow/example_dags/tutorial_taskflow_api_virtualenv.py
[2025-07-04T12:35:44.377+0530] {logging_mixin.py:188} INFO - [2025-07-04T12:35:44.377+0530] {dag.py:3036} INFO - Sync 1 DAGs
[2025-07-04T12:35:44.382+0530] {logging_mixin.py:188} INFO - [2025-07-04T12:35:44.382+0530] {dag.py:3823} INFO - Setting next_dagrun for tutorial_taskflow_api_virtualenv to None, run_after=None
[2025-07-04T12:35:44.400+0530] {processor.py:183} INFO - Processing /home/tejhanagarajan/Projects/small-projects/NewsImpact/venv/lib64/python3.10/site-packages/airflow/example_dags/tutorial_taskflow_api_virtualenv.py took 0.039 seconds
[2025-07-04T12:36:20.117+0530] {processor.py:161} INFO - Started process (PID=31799) to work on /home/tejhanagarajan/Projects/small-projects/NewsImpact/venv/lib64/python3.10/site-packages/airflow/example_dags/tutorial_taskflow_api_virtualenv.py
[2025-07-04T12:36:20.119+0530] {processor.py:830} INFO - Processing file /home/tejhanagarajan/Projects/small-projects/NewsImpact/venv/lib64/python3.10/site-packages/airflow/example_dags/tutorial_taskflow_api_virtualenv.py for tasks to queue
[2025-07-04T12:36:20.120+0530] {logging_mixin.py:188} INFO - [2025-07-04T12:36:20.120+0530] {dagbag.py:538} INFO - Filling up the DagBag from /home/tejhanagarajan/Projects/small-projects/NewsImpact/venv/lib64/python3.10/site-packages/airflow/example_dags/tutorial_taskflow_api_virtualenv.py
[2025-07-04T12:36:20.125+0530] {processor.py:840} INFO - DAG(s) 'tutorial_taskflow_api_virtualenv' retrieved from /home/tejhanagarajan/Projects/small-projects/NewsImpact/venv/lib64/python3.10/site-packages/airflow/example_dags/tutorial_taskflow_api_virtualenv.py
[2025-07-04T12:36:20.133+0530] {logging_mixin.py:188} INFO - [2025-07-04T12:36:20.132+0530] {dag.py:3036} INFO - Sync 1 DAGs
[2025-07-04T12:36:20.138+0530] {logging_mixin.py:188} INFO - [2025-07-04T12:36:20.138+0530] {dag.py:3823} INFO - Setting next_dagrun for tutorial_taskflow_api_virtualenv to None, run_after=None
[2025-07-04T12:36:20.155+0530] {processor.py:183} INFO - Processing /home/tejhanagarajan/Projects/small-projects/NewsImpact/venv/lib64/python3.10/site-packages/airflow/example_dags/tutorial_taskflow_api_virtualenv.py took 0.039 seconds
[2025-07-04T12:36:56.481+0530] {processor.py:161} INFO - Started process (PID=32203) to work on /home/tejhanagarajan/Projects/small-projects/NewsImpact/venv/lib64/python3.10/site-packages/airflow/example_dags/tutorial_taskflow_api_virtualenv.py
[2025-07-04T12:36:56.484+0530] {processor.py:830} INFO - Processing file /home/tejhanagarajan/Projects/small-projects/NewsImpact/venv/lib64/python3.10/site-packages/airflow/example_dags/tutorial_taskflow_api_virtualenv.py for tasks to queue
[2025-07-04T12:36:56.484+0530] {logging_mixin.py:188} INFO - [2025-07-04T12:36:56.484+0530] {dagbag.py:538} INFO - Filling up the DagBag from /home/tejhanagarajan/Projects/small-projects/NewsImpact/venv/lib64/python3.10/site-packages/airflow/example_dags/tutorial_taskflow_api_virtualenv.py
[2025-07-04T12:36:56.490+0530] {processor.py:840} INFO - DAG(s) 'tutorial_taskflow_api_virtualenv' retrieved from /home/tejhanagarajan/Projects/small-projects/NewsImpact/venv/lib64/python3.10/site-packages/airflow/example_dags/tutorial_taskflow_api_virtualenv.py
[2025-07-04T12:36:56.498+0530] {logging_mixin.py:188} INFO - [2025-07-04T12:36:56.498+0530] {dag.py:3036} INFO - Sync 1 DAGs
[2025-07-04T12:36:56.503+0530] {logging_mixin.py:188} INFO - [2025-07-04T12:36:56.503+0530] {dag.py:3823} INFO - Setting next_dagrun for tutorial_taskflow_api_virtualenv to None, run_after=None
[2025-07-04T12:36:56.521+0530] {processor.py:183} INFO - Processing /home/tejhanagarajan/Projects/small-projects/NewsImpact/venv/lib64/python3.10/site-packages/airflow/example_dags/tutorial_taskflow_api_virtualenv.py took 0.041 seconds
[2025-07-04T12:37:26.904+0530] {processor.py:161} INFO - Started process (PID=32422) to work on /home/tejhanagarajan/Projects/small-projects/NewsImpact/venv/lib64/python3.10/site-packages/airflow/example_dags/tutorial_taskflow_api_virtualenv.py
[2025-07-04T12:37:26.904+0530] {processor.py:830} INFO - Processing file /home/tejhanagarajan/Projects/small-projects/NewsImpact/venv/lib64/python3.10/site-packages/airflow/example_dags/tutorial_taskflow_api_virtualenv.py for tasks to queue
[2025-07-04T12:37:26.905+0530] {logging_mixin.py:188} INFO - [2025-07-04T12:37:26.905+0530] {dagbag.py:538} INFO - Filling up the DagBag from /home/tejhanagarajan/Projects/small-projects/NewsImpact/venv/lib64/python3.10/site-packages/airflow/example_dags/tutorial_taskflow_api_virtualenv.py
[2025-07-04T12:37:26.909+0530] {processor.py:840} INFO - DAG(s) 'tutorial_taskflow_api_virtualenv' retrieved from /home/tejhanagarajan/Projects/small-projects/NewsImpact/venv/lib64/python3.10/site-packages/airflow/example_dags/tutorial_taskflow_api_virtualenv.py
[2025-07-04T12:37:26.916+0530] {logging_mixin.py:188} INFO - [2025-07-04T12:37:26.916+0530] {dag.py:3036} INFO - Sync 1 DAGs
[2025-07-04T12:37:26.920+0530] {logging_mixin.py:188} INFO - [2025-07-04T12:37:26.920+0530] {dag.py:3823} INFO - Setting next_dagrun for tutorial_taskflow_api_virtualenv to None, run_after=None
[2025-07-04T12:37:26.937+0530] {processor.py:183} INFO - Processing /home/tejhanagarajan/Projects/small-projects/NewsImpact/venv/lib64/python3.10/site-packages/airflow/example_dags/tutorial_taskflow_api_virtualenv.py took 0.040 seconds
[2025-07-04T12:37:59.094+0530] {processor.py:161} INFO - Started process (PID=34656) to work on /home/tejhanagarajan/Projects/small-projects/NewsImpact/venv/lib64/python3.10/site-packages/airflow/example_dags/tutorial_taskflow_api_virtualenv.py
[2025-07-04T12:37:59.096+0530] {processor.py:830} INFO - Processing file /home/tejhanagarajan/Projects/small-projects/NewsImpact/venv/lib64/python3.10/site-packages/airflow/example_dags/tutorial_taskflow_api_virtualenv.py for tasks to queue
[2025-07-04T12:37:59.096+0530] {logging_mixin.py:188} INFO - [2025-07-04T12:37:59.096+0530] {dagbag.py:538} INFO - Filling up the DagBag from /home/tejhanagarajan/Projects/small-projects/NewsImpact/venv/lib64/python3.10/site-packages/airflow/example_dags/tutorial_taskflow_api_virtualenv.py
[2025-07-04T12:37:59.103+0530] {processor.py:840} INFO - DAG(s) 'tutorial_taskflow_api_virtualenv' retrieved from /home/tejhanagarajan/Projects/small-projects/NewsImpact/venv/lib64/python3.10/site-packages/airflow/example_dags/tutorial_taskflow_api_virtualenv.py
[2025-07-04T12:37:59.198+0530] {logging_mixin.py:188} INFO - [2025-07-04T12:37:59.198+0530] {dag.py:3036} INFO - Sync 1 DAGs
[2025-07-04T12:37:59.202+0530] {logging_mixin.py:188} INFO - [2025-07-04T12:37:59.202+0530] {dag.py:3823} INFO - Setting next_dagrun for tutorial_taskflow_api_virtualenv to None, run_after=None
[2025-07-04T12:37:59.218+0530] {processor.py:183} INFO - Processing /home/tejhanagarajan/Projects/small-projects/NewsImpact/venv/lib64/python3.10/site-packages/airflow/example_dags/tutorial_taskflow_api_virtualenv.py took 0.126 seconds
[2025-07-04T12:38:03.098+0530] {processor.py:161} INFO - Started process (PID=34702) to work on /home/tejhanagarajan/Projects/small-projects/NewsImpact/venv/lib64/python3.10/site-packages/airflow/example_dags/tutorial_taskflow_api_virtualenv.py
[2025-07-04T12:38:03.101+0530] {processor.py:830} INFO - Processing file /home/tejhanagarajan/Projects/small-projects/NewsImpact/venv/lib64/python3.10/site-packages/airflow/example_dags/tutorial_taskflow_api_virtualenv.py for tasks to queue
[2025-07-04T12:38:03.102+0530] {logging_mixin.py:188} INFO - [2025-07-04T12:38:03.102+0530] {dagbag.py:538} INFO - Filling up the DagBag from /home/tejhanagarajan/Projects/small-projects/NewsImpact/venv/lib64/python3.10/site-packages/airflow/example_dags/tutorial_taskflow_api_virtualenv.py
[2025-07-04T12:38:03.111+0530] {processor.py:840} INFO - DAG(s) 'tutorial_taskflow_api_virtualenv' retrieved from /home/tejhanagarajan/Projects/small-projects/NewsImpact/venv/lib64/python3.10/site-packages/airflow/example_dags/tutorial_taskflow_api_virtualenv.py
[2025-07-04T12:38:03.114+0530] {logging_mixin.py:188} INFO - [2025-07-04T12:38:03.114+0530] {dag.py:3036} INFO - Sync 1 DAGs
[2025-07-04T12:38:03.119+0530] {logging_mixin.py:188} INFO - [2025-07-04T12:38:03.119+0530] {dag.py:3823} INFO - Setting next_dagrun for tutorial_taskflow_api_virtualenv to None, run_after=None
[2025-07-04T12:38:03.136+0530] {processor.py:183} INFO - Processing /home/tejhanagarajan/Projects/small-projects/NewsImpact/venv/lib64/python3.10/site-packages/airflow/example_dags/tutorial_taskflow_api_virtualenv.py took 0.040 seconds
[2025-07-04T12:38:36.881+0530] {processor.py:161} INFO - Started process (PID=34990) to work on /home/tejhanagarajan/Projects/small-projects/NewsImpact/venv/lib64/python3.10/site-packages/airflow/example_dags/tutorial_taskflow_api_virtualenv.py
[2025-07-04T12:38:36.883+0530] {processor.py:830} INFO - Processing file /home/tejhanagarajan/Projects/small-projects/NewsImpact/venv/lib64/python3.10/site-packages/airflow/example_dags/tutorial_taskflow_api_virtualenv.py for tasks to queue
[2025-07-04T12:38:36.883+0530] {logging_mixin.py:188} INFO - [2025-07-04T12:38:36.883+0530] {dagbag.py:538} INFO - Filling up the DagBag from /home/tejhanagarajan/Projects/small-projects/NewsImpact/venv/lib64/python3.10/site-packages/airflow/example_dags/tutorial_taskflow_api_virtualenv.py
[2025-07-04T12:38:36.889+0530] {processor.py:840} INFO - DAG(s) 'tutorial_taskflow_api_virtualenv' retrieved from /home/tejhanagarajan/Projects/small-projects/NewsImpact/venv/lib64/python3.10/site-packages/airflow/example_dags/tutorial_taskflow_api_virtualenv.py
[2025-07-04T12:38:36.932+0530] {logging_mixin.py:188} INFO - [2025-07-04T12:38:36.931+0530] {dag.py:3036} INFO - Sync 1 DAGs
[2025-07-04T12:38:36.936+0530] {logging_mixin.py:188} INFO - [2025-07-04T12:38:36.936+0530] {dag.py:3823} INFO - Setting next_dagrun for tutorial_taskflow_api_virtualenv to None, run_after=None
[2025-07-04T12:38:36.953+0530] {processor.py:183} INFO - Processing /home/tejhanagarajan/Projects/small-projects/NewsImpact/venv/lib64/python3.10/site-packages/airflow/example_dags/tutorial_taskflow_api_virtualenv.py took 0.074 seconds
[2025-07-04T12:38:46.682+0530] {processor.py:161} INFO - Started process (PID=35087) to work on /home/tejhanagarajan/Projects/small-projects/NewsImpact/venv/lib64/python3.10/site-packages/airflow/example_dags/tutorial_taskflow_api_virtualenv.py
[2025-07-04T12:38:46.683+0530] {processor.py:830} INFO - Processing file /home/tejhanagarajan/Projects/small-projects/NewsImpact/venv/lib64/python3.10/site-packages/airflow/example_dags/tutorial_taskflow_api_virtualenv.py for tasks to queue
[2025-07-04T12:38:46.683+0530] {logging_mixin.py:188} INFO - [2025-07-04T12:38:46.683+0530] {dagbag.py:538} INFO - Filling up the DagBag from /home/tejhanagarajan/Projects/small-projects/NewsImpact/venv/lib64/python3.10/site-packages/airflow/example_dags/tutorial_taskflow_api_virtualenv.py
[2025-07-04T12:38:46.688+0530] {processor.py:840} INFO - DAG(s) 'tutorial_taskflow_api_virtualenv' retrieved from /home/tejhanagarajan/Projects/small-projects/NewsImpact/venv/lib64/python3.10/site-packages/airflow/example_dags/tutorial_taskflow_api_virtualenv.py
[2025-07-04T12:38:46.691+0530] {logging_mixin.py:188} INFO - [2025-07-04T12:38:46.691+0530] {dag.py:3036} INFO - Sync 1 DAGs
[2025-07-04T12:38:46.697+0530] {logging_mixin.py:188} INFO - [2025-07-04T12:38:46.696+0530] {dag.py:3823} INFO - Setting next_dagrun for tutorial_taskflow_api_virtualenv to None, run_after=None
[2025-07-04T12:38:46.713+0530] {processor.py:183} INFO - Processing /home/tejhanagarajan/Projects/small-projects/NewsImpact/venv/lib64/python3.10/site-packages/airflow/example_dags/tutorial_taskflow_api_virtualenv.py took 0.032 seconds
[2025-07-04T12:39:12.452+0530] {processor.py:161} INFO - Started process (PID=35334) to work on /home/tejhanagarajan/Projects/small-projects/NewsImpact/venv/lib64/python3.10/site-packages/airflow/example_dags/tutorial_taskflow_api_virtualenv.py
[2025-07-04T12:39:12.452+0530] {processor.py:830} INFO - Processing file /home/tejhanagarajan/Projects/small-projects/NewsImpact/venv/lib64/python3.10/site-packages/airflow/example_dags/tutorial_taskflow_api_virtualenv.py for tasks to queue
[2025-07-04T12:39:12.453+0530] {logging_mixin.py:188} INFO - [2025-07-04T12:39:12.453+0530] {dagbag.py:538} INFO - Filling up the DagBag from /home/tejhanagarajan/Projects/small-projects/NewsImpact/venv/lib64/python3.10/site-packages/airflow/example_dags/tutorial_taskflow_api_virtualenv.py
[2025-07-04T12:39:12.458+0530] {processor.py:840} INFO - DAG(s) 'tutorial_taskflow_api_virtualenv' retrieved from /home/tejhanagarajan/Projects/small-projects/NewsImpact/venv/lib64/python3.10/site-packages/airflow/example_dags/tutorial_taskflow_api_virtualenv.py
[2025-07-04T12:39:12.464+0530] {logging_mixin.py:188} INFO - [2025-07-04T12:39:12.464+0530] {dag.py:3036} INFO - Sync 1 DAGs
[2025-07-04T12:39:12.477+0530] {logging_mixin.py:188} INFO - [2025-07-04T12:39:12.477+0530] {dag.py:3823} INFO - Setting next_dagrun for tutorial_taskflow_api_virtualenv to None, run_after=None
[2025-07-04T12:39:12.494+0530] {processor.py:183} INFO - Processing /home/tejhanagarajan/Projects/small-projects/NewsImpact/venv/lib64/python3.10/site-packages/airflow/example_dags/tutorial_taskflow_api_virtualenv.py took 0.044 seconds
[2025-07-04T12:39:21.581+0530] {processor.py:161} INFO - Started process (PID=35421) to work on /home/tejhanagarajan/Projects/small-projects/NewsImpact/venv/lib64/python3.10/site-packages/airflow/example_dags/tutorial_taskflow_api_virtualenv.py
[2025-07-04T12:39:21.581+0530] {processor.py:830} INFO - Processing file /home/tejhanagarajan/Projects/small-projects/NewsImpact/venv/lib64/python3.10/site-packages/airflow/example_dags/tutorial_taskflow_api_virtualenv.py for tasks to queue
[2025-07-04T12:39:21.582+0530] {logging_mixin.py:188} INFO - [2025-07-04T12:39:21.582+0530] {dagbag.py:538} INFO - Filling up the DagBag from /home/tejhanagarajan/Projects/small-projects/NewsImpact/venv/lib64/python3.10/site-packages/airflow/example_dags/tutorial_taskflow_api_virtualenv.py
[2025-07-04T12:39:21.587+0530] {processor.py:840} INFO - DAG(s) 'tutorial_taskflow_api_virtualenv' retrieved from /home/tejhanagarajan/Projects/small-projects/NewsImpact/venv/lib64/python3.10/site-packages/airflow/example_dags/tutorial_taskflow_api_virtualenv.py
[2025-07-04T12:39:21.625+0530] {logging_mixin.py:188} INFO - [2025-07-04T12:39:21.625+0530] {dag.py:3036} INFO - Sync 1 DAGs
[2025-07-04T12:39:21.630+0530] {logging_mixin.py:188} INFO - [2025-07-04T12:39:21.630+0530] {dag.py:3823} INFO - Setting next_dagrun for tutorial_taskflow_api_virtualenv to None, run_after=None
[2025-07-04T12:39:21.645+0530] {processor.py:183} INFO - Processing /home/tejhanagarajan/Projects/small-projects/NewsImpact/venv/lib64/python3.10/site-packages/airflow/example_dags/tutorial_taskflow_api_virtualenv.py took 0.067 seconds
[2025-07-04T12:39:48.953+0530] {processor.py:161} INFO - Started process (PID=35654) to work on /home/tejhanagarajan/Projects/small-projects/NewsImpact/venv/lib64/python3.10/site-packages/airflow/example_dags/tutorial_taskflow_api_virtualenv.py
[2025-07-04T12:39:48.955+0530] {processor.py:830} INFO - Processing file /home/tejhanagarajan/Projects/small-projects/NewsImpact/venv/lib64/python3.10/site-packages/airflow/example_dags/tutorial_taskflow_api_virtualenv.py for tasks to queue
[2025-07-04T12:39:48.955+0530] {logging_mixin.py:188} INFO - [2025-07-04T12:39:48.955+0530] {dagbag.py:538} INFO - Filling up the DagBag from /home/tejhanagarajan/Projects/small-projects/NewsImpact/venv/lib64/python3.10/site-packages/airflow/example_dags/tutorial_taskflow_api_virtualenv.py
[2025-07-04T12:39:48.961+0530] {processor.py:840} INFO - DAG(s) 'tutorial_taskflow_api_virtualenv' retrieved from /home/tejhanagarajan/Projects/small-projects/NewsImpact/venv/lib64/python3.10/site-packages/airflow/example_dags/tutorial_taskflow_api_virtualenv.py
[2025-07-04T12:39:48.965+0530] {logging_mixin.py:188} INFO - [2025-07-04T12:39:48.965+0530] {dag.py:3036} INFO - Sync 1 DAGs
[2025-07-04T12:39:48.971+0530] {logging_mixin.py:188} INFO - [2025-07-04T12:39:48.970+0530] {dag.py:3823} INFO - Setting next_dagrun for tutorial_taskflow_api_virtualenv to None, run_after=None
[2025-07-04T12:39:48.990+0530] {processor.py:183} INFO - Processing /home/tejhanagarajan/Projects/small-projects/NewsImpact/venv/lib64/python3.10/site-packages/airflow/example_dags/tutorial_taskflow_api_virtualenv.py took 0.039 seconds
[2025-07-04T12:39:54.427+0530] {processor.py:161} INFO - Started process (PID=35721) to work on /home/tejhanagarajan/Projects/small-projects/NewsImpact/venv/lib64/python3.10/site-packages/airflow/example_dags/tutorial_taskflow_api_virtualenv.py
[2025-07-04T12:39:54.427+0530] {processor.py:830} INFO - Processing file /home/tejhanagarajan/Projects/small-projects/NewsImpact/venv/lib64/python3.10/site-packages/airflow/example_dags/tutorial_taskflow_api_virtualenv.py for tasks to queue
[2025-07-04T12:39:54.428+0530] {logging_mixin.py:188} INFO - [2025-07-04T12:39:54.428+0530] {dagbag.py:538} INFO - Filling up the DagBag from /home/tejhanagarajan/Projects/small-projects/NewsImpact/venv/lib64/python3.10/site-packages/airflow/example_dags/tutorial_taskflow_api_virtualenv.py
[2025-07-04T12:39:54.433+0530] {processor.py:840} INFO - DAG(s) 'tutorial_taskflow_api_virtualenv' retrieved from /home/tejhanagarajan/Projects/small-projects/NewsImpact/venv/lib64/python3.10/site-packages/airflow/example_dags/tutorial_taskflow_api_virtualenv.py
[2025-07-04T12:39:54.442+0530] {logging_mixin.py:188} INFO - [2025-07-04T12:39:54.442+0530] {dag.py:3036} INFO - Sync 1 DAGs
[2025-07-04T12:39:54.447+0530] {logging_mixin.py:188} INFO - [2025-07-04T12:39:54.447+0530] {dag.py:3823} INFO - Setting next_dagrun for tutorial_taskflow_api_virtualenv to None, run_after=None
[2025-07-04T12:39:54.463+0530] {processor.py:183} INFO - Processing /home/tejhanagarajan/Projects/small-projects/NewsImpact/venv/lib64/python3.10/site-packages/airflow/example_dags/tutorial_taskflow_api_virtualenv.py took 0.038 seconds
[2025-07-04T12:42:00.108+0530] {processor.py:161} INFO - Started process (PID=37755) to work on /home/tejhanagarajan/Projects/small-projects/NewsImpact/venv/lib64/python3.10/site-packages/airflow/example_dags/tutorial_taskflow_api_virtualenv.py
[2025-07-04T12:42:00.110+0530] {processor.py:830} INFO - Processing file /home/tejhanagarajan/Projects/small-projects/NewsImpact/venv/lib64/python3.10/site-packages/airflow/example_dags/tutorial_taskflow_api_virtualenv.py for tasks to queue
[2025-07-04T12:42:00.110+0530] {logging_mixin.py:188} INFO - [2025-07-04T12:42:00.110+0530] {dagbag.py:538} INFO - Filling up the DagBag from /home/tejhanagarajan/Projects/small-projects/NewsImpact/venv/lib64/python3.10/site-packages/airflow/example_dags/tutorial_taskflow_api_virtualenv.py
[2025-07-04T12:42:00.116+0530] {processor.py:840} INFO - DAG(s) 'tutorial_taskflow_api_virtualenv' retrieved from /home/tejhanagarajan/Projects/small-projects/NewsImpact/venv/lib64/python3.10/site-packages/airflow/example_dags/tutorial_taskflow_api_virtualenv.py
[2025-07-04T12:42:00.202+0530] {logging_mixin.py:188} INFO - [2025-07-04T12:42:00.202+0530] {dag.py:3036} INFO - Sync 1 DAGs
[2025-07-04T12:42:00.206+0530] {logging_mixin.py:188} INFO - [2025-07-04T12:42:00.205+0530] {dag.py:3823} INFO - Setting next_dagrun for tutorial_taskflow_api_virtualenv to None, run_after=None
[2025-07-04T12:42:00.223+0530] {processor.py:183} INFO - Processing /home/tejhanagarajan/Projects/small-projects/NewsImpact/venv/lib64/python3.10/site-packages/airflow/example_dags/tutorial_taskflow_api_virtualenv.py took 0.117 seconds
[2025-07-04T12:42:47.551+0530] {processor.py:161} INFO - Started process (PID=38144) to work on /home/tejhanagarajan/Projects/small-projects/NewsImpact/venv/lib64/python3.10/site-packages/airflow/example_dags/tutorial_taskflow_api_virtualenv.py
[2025-07-04T12:42:47.553+0530] {processor.py:830} INFO - Processing file /home/tejhanagarajan/Projects/small-projects/NewsImpact/venv/lib64/python3.10/site-packages/airflow/example_dags/tutorial_taskflow_api_virtualenv.py for tasks to queue
[2025-07-04T12:42:47.553+0530] {logging_mixin.py:188} INFO - [2025-07-04T12:42:47.553+0530] {dagbag.py:538} INFO - Filling up the DagBag from /home/tejhanagarajan/Projects/small-projects/NewsImpact/venv/lib64/python3.10/site-packages/airflow/example_dags/tutorial_taskflow_api_virtualenv.py
[2025-07-04T12:42:47.560+0530] {processor.py:840} INFO - DAG(s) 'tutorial_taskflow_api_virtualenv' retrieved from /home/tejhanagarajan/Projects/small-projects/NewsImpact/venv/lib64/python3.10/site-packages/airflow/example_dags/tutorial_taskflow_api_virtualenv.py
[2025-07-04T12:42:47.568+0530] {logging_mixin.py:188} INFO - [2025-07-04T12:42:47.568+0530] {dag.py:3036} INFO - Sync 1 DAGs
[2025-07-04T12:42:47.573+0530] {logging_mixin.py:188} INFO - [2025-07-04T12:42:47.573+0530] {dag.py:3823} INFO - Setting next_dagrun for tutorial_taskflow_api_virtualenv to None, run_after=None
[2025-07-04T12:42:47.590+0530] {processor.py:183} INFO - Processing /home/tejhanagarajan/Projects/small-projects/NewsImpact/venv/lib64/python3.10/site-packages/airflow/example_dags/tutorial_taskflow_api_virtualenv.py took 0.042 seconds
[2025-07-04T12:43:36.257+0530] {processor.py:161} INFO - Started process (PID=38538) to work on /home/tejhanagarajan/Projects/small-projects/NewsImpact/venv/lib64/python3.10/site-packages/airflow/example_dags/tutorial_taskflow_api_virtualenv.py
[2025-07-04T12:43:36.260+0530] {processor.py:830} INFO - Processing file /home/tejhanagarajan/Projects/small-projects/NewsImpact/venv/lib64/python3.10/site-packages/airflow/example_dags/tutorial_taskflow_api_virtualenv.py for tasks to queue
[2025-07-04T12:43:36.260+0530] {logging_mixin.py:188} INFO - [2025-07-04T12:43:36.260+0530] {dagbag.py:538} INFO - Filling up the DagBag from /home/tejhanagarajan/Projects/small-projects/NewsImpact/venv/lib64/python3.10/site-packages/airflow/example_dags/tutorial_taskflow_api_virtualenv.py
[2025-07-04T12:43:36.266+0530] {processor.py:840} INFO - DAG(s) 'tutorial_taskflow_api_virtualenv' retrieved from /home/tejhanagarajan/Projects/small-projects/NewsImpact/venv/lib64/python3.10/site-packages/airflow/example_dags/tutorial_taskflow_api_virtualenv.py
[2025-07-04T12:43:36.274+0530] {logging_mixin.py:188} INFO - [2025-07-04T12:43:36.274+0530] {dag.py:3036} INFO - Sync 1 DAGs
[2025-07-04T12:43:36.279+0530] {logging_mixin.py:188} INFO - [2025-07-04T12:43:36.279+0530] {dag.py:3823} INFO - Setting next_dagrun for tutorial_taskflow_api_virtualenv to None, run_after=None
[2025-07-04T12:43:36.297+0530] {processor.py:183} INFO - Processing /home/tejhanagarajan/Projects/small-projects/NewsImpact/venv/lib64/python3.10/site-packages/airflow/example_dags/tutorial_taskflow_api_virtualenv.py took 0.041 seconds
[2025-07-04T12:44:11.476+0530] {processor.py:161} INFO - Started process (PID=38785) to work on /home/tejhanagarajan/Projects/small-projects/NewsImpact/venv/lib64/python3.10/site-packages/airflow/example_dags/tutorial_taskflow_api_virtualenv.py
[2025-07-04T12:44:11.478+0530] {processor.py:830} INFO - Processing file /home/tejhanagarajan/Projects/small-projects/NewsImpact/venv/lib64/python3.10/site-packages/airflow/example_dags/tutorial_taskflow_api_virtualenv.py for tasks to queue
[2025-07-04T12:44:11.479+0530] {logging_mixin.py:188} INFO - [2025-07-04T12:44:11.479+0530] {dagbag.py:538} INFO - Filling up the DagBag from /home/tejhanagarajan/Projects/small-projects/NewsImpact/venv/lib64/python3.10/site-packages/airflow/example_dags/tutorial_taskflow_api_virtualenv.py
[2025-07-04T12:44:11.488+0530] {processor.py:840} INFO - DAG(s) 'tutorial_taskflow_api_virtualenv' retrieved from /home/tejhanagarajan/Projects/small-projects/NewsImpact/venv/lib64/python3.10/site-packages/airflow/example_dags/tutorial_taskflow_api_virtualenv.py
[2025-07-04T12:44:11.495+0530] {logging_mixin.py:188} INFO - [2025-07-04T12:44:11.495+0530] {dag.py:3036} INFO - Sync 1 DAGs
[2025-07-04T12:44:11.500+0530] {logging_mixin.py:188} INFO - [2025-07-04T12:44:11.500+0530] {dag.py:3823} INFO - Setting next_dagrun for tutorial_taskflow_api_virtualenv to None, run_after=None
[2025-07-04T12:44:11.518+0530] {processor.py:183} INFO - Processing /home/tejhanagarajan/Projects/small-projects/NewsImpact/venv/lib64/python3.10/site-packages/airflow/example_dags/tutorial_taskflow_api_virtualenv.py took 0.046 seconds
[2025-07-04T12:44:48.732+0530] {processor.py:161} INFO - Started process (PID=39057) to work on /home/tejhanagarajan/Projects/small-projects/NewsImpact/venv/lib64/python3.10/site-packages/airflow/example_dags/tutorial_taskflow_api_virtualenv.py
[2025-07-04T12:44:48.734+0530] {processor.py:830} INFO - Processing file /home/tejhanagarajan/Projects/small-projects/NewsImpact/venv/lib64/python3.10/site-packages/airflow/example_dags/tutorial_taskflow_api_virtualenv.py for tasks to queue
[2025-07-04T12:44:48.735+0530] {logging_mixin.py:188} INFO - [2025-07-04T12:44:48.734+0530] {dagbag.py:538} INFO - Filling up the DagBag from /home/tejhanagarajan/Projects/small-projects/NewsImpact/venv/lib64/python3.10/site-packages/airflow/example_dags/tutorial_taskflow_api_virtualenv.py
[2025-07-04T12:44:48.739+0530] {processor.py:840} INFO - DAG(s) 'tutorial_taskflow_api_virtualenv' retrieved from /home/tejhanagarajan/Projects/small-projects/NewsImpact/venv/lib64/python3.10/site-packages/airflow/example_dags/tutorial_taskflow_api_virtualenv.py
[2025-07-04T12:44:48.746+0530] {logging_mixin.py:188} INFO - [2025-07-04T12:44:48.746+0530] {dag.py:3036} INFO - Sync 1 DAGs
[2025-07-04T12:44:48.750+0530] {logging_mixin.py:188} INFO - [2025-07-04T12:44:48.750+0530] {dag.py:3823} INFO - Setting next_dagrun for tutorial_taskflow_api_virtualenv to None, run_after=None
[2025-07-04T12:44:48.768+0530] {processor.py:183} INFO - Processing /home/tejhanagarajan/Projects/small-projects/NewsImpact/venv/lib64/python3.10/site-packages/airflow/example_dags/tutorial_taskflow_api_virtualenv.py took 0.037 seconds
[2025-07-04T12:45:23.300+0530] {processor.py:161} INFO - Started process (PID=39321) to work on /home/tejhanagarajan/Projects/small-projects/NewsImpact/venv/lib64/python3.10/site-packages/airflow/example_dags/tutorial_taskflow_api_virtualenv.py
[2025-07-04T12:45:23.303+0530] {processor.py:830} INFO - Processing file /home/tejhanagarajan/Projects/small-projects/NewsImpact/venv/lib64/python3.10/site-packages/airflow/example_dags/tutorial_taskflow_api_virtualenv.py for tasks to queue
[2025-07-04T12:45:23.303+0530] {logging_mixin.py:188} INFO - [2025-07-04T12:45:23.303+0530] {dagbag.py:538} INFO - Filling up the DagBag from /home/tejhanagarajan/Projects/small-projects/NewsImpact/venv/lib64/python3.10/site-packages/airflow/example_dags/tutorial_taskflow_api_virtualenv.py
[2025-07-04T12:45:23.308+0530] {processor.py:840} INFO - DAG(s) 'tutorial_taskflow_api_virtualenv' retrieved from /home/tejhanagarajan/Projects/small-projects/NewsImpact/venv/lib64/python3.10/site-packages/airflow/example_dags/tutorial_taskflow_api_virtualenv.py
[2025-07-04T12:45:23.314+0530] {logging_mixin.py:188} INFO - [2025-07-04T12:45:23.314+0530] {dag.py:3036} INFO - Sync 1 DAGs
[2025-07-04T12:45:23.318+0530] {logging_mixin.py:188} INFO - [2025-07-04T12:45:23.318+0530] {dag.py:3823} INFO - Setting next_dagrun for tutorial_taskflow_api_virtualenv to None, run_after=None
[2025-07-04T12:45:23.333+0530] {processor.py:183} INFO - Processing /home/tejhanagarajan/Projects/small-projects/NewsImpact/venv/lib64/python3.10/site-packages/airflow/example_dags/tutorial_taskflow_api_virtualenv.py took 0.034 seconds
[2025-07-04T12:45:58.606+0530] {processor.py:161} INFO - Started process (PID=39565) to work on /home/tejhanagarajan/Projects/small-projects/NewsImpact/venv/lib64/python3.10/site-packages/airflow/example_dags/tutorial_taskflow_api_virtualenv.py
[2025-07-04T12:45:58.609+0530] {processor.py:830} INFO - Processing file /home/tejhanagarajan/Projects/small-projects/NewsImpact/venv/lib64/python3.10/site-packages/airflow/example_dags/tutorial_taskflow_api_virtualenv.py for tasks to queue
[2025-07-04T12:45:58.611+0530] {logging_mixin.py:188} INFO - [2025-07-04T12:45:58.610+0530] {dagbag.py:538} INFO - Filling up the DagBag from /home/tejhanagarajan/Projects/small-projects/NewsImpact/venv/lib64/python3.10/site-packages/airflow/example_dags/tutorial_taskflow_api_virtualenv.py
[2025-07-04T12:45:58.620+0530] {processor.py:840} INFO - DAG(s) 'tutorial_taskflow_api_virtualenv' retrieved from /home/tejhanagarajan/Projects/small-projects/NewsImpact/venv/lib64/python3.10/site-packages/airflow/example_dags/tutorial_taskflow_api_virtualenv.py
[2025-07-04T12:45:58.627+0530] {logging_mixin.py:188} INFO - [2025-07-04T12:45:58.627+0530] {dag.py:3036} INFO - Sync 1 DAGs
[2025-07-04T12:45:58.631+0530] {logging_mixin.py:188} INFO - [2025-07-04T12:45:58.631+0530] {dag.py:3823} INFO - Setting next_dagrun for tutorial_taskflow_api_virtualenv to None, run_after=None
[2025-07-04T12:45:58.647+0530] {processor.py:183} INFO - Processing /home/tejhanagarajan/Projects/small-projects/NewsImpact/venv/lib64/python3.10/site-packages/airflow/example_dags/tutorial_taskflow_api_virtualenv.py took 0.043 seconds
[2025-07-04T12:46:34.293+0530] {processor.py:161} INFO - Started process (PID=39825) to work on /home/tejhanagarajan/Projects/small-projects/NewsImpact/venv/lib64/python3.10/site-packages/airflow/example_dags/tutorial_taskflow_api_virtualenv.py
[2025-07-04T12:46:34.296+0530] {processor.py:830} INFO - Processing file /home/tejhanagarajan/Projects/small-projects/NewsImpact/venv/lib64/python3.10/site-packages/airflow/example_dags/tutorial_taskflow_api_virtualenv.py for tasks to queue
[2025-07-04T12:46:34.297+0530] {logging_mixin.py:188} INFO - [2025-07-04T12:46:34.297+0530] {dagbag.py:538} INFO - Filling up the DagBag from /home/tejhanagarajan/Projects/small-projects/NewsImpact/venv/lib64/python3.10/site-packages/airflow/example_dags/tutorial_taskflow_api_virtualenv.py
[2025-07-04T12:46:34.304+0530] {processor.py:840} INFO - DAG(s) 'tutorial_taskflow_api_virtualenv' retrieved from /home/tejhanagarajan/Projects/small-projects/NewsImpact/venv/lib64/python3.10/site-packages/airflow/example_dags/tutorial_taskflow_api_virtualenv.py
[2025-07-04T12:46:34.310+0530] {logging_mixin.py:188} INFO - [2025-07-04T12:46:34.310+0530] {dag.py:3036} INFO - Sync 1 DAGs
[2025-07-04T12:46:34.315+0530] {logging_mixin.py:188} INFO - [2025-07-04T12:46:34.315+0530] {dag.py:3823} INFO - Setting next_dagrun for tutorial_taskflow_api_virtualenv to None, run_after=None
[2025-07-04T12:46:34.332+0530] {processor.py:183} INFO - Processing /home/tejhanagarajan/Projects/small-projects/NewsImpact/venv/lib64/python3.10/site-packages/airflow/example_dags/tutorial_taskflow_api_virtualenv.py took 0.041 seconds
[2025-07-04T12:47:09.096+0530] {processor.py:161} INFO - Started process (PID=40084) to work on /home/tejhanagarajan/Projects/small-projects/NewsImpact/venv/lib64/python3.10/site-packages/airflow/example_dags/tutorial_taskflow_api_virtualenv.py
[2025-07-04T12:47:09.098+0530] {processor.py:830} INFO - Processing file /home/tejhanagarajan/Projects/small-projects/NewsImpact/venv/lib64/python3.10/site-packages/airflow/example_dags/tutorial_taskflow_api_virtualenv.py for tasks to queue
[2025-07-04T12:47:09.099+0530] {logging_mixin.py:188} INFO - [2025-07-04T12:47:09.099+0530] {dagbag.py:538} INFO - Filling up the DagBag from /home/tejhanagarajan/Projects/small-projects/NewsImpact/venv/lib64/python3.10/site-packages/airflow/example_dags/tutorial_taskflow_api_virtualenv.py
[2025-07-04T12:47:09.104+0530] {processor.py:840} INFO - DAG(s) 'tutorial_taskflow_api_virtualenv' retrieved from /home/tejhanagarajan/Projects/small-projects/NewsImpact/venv/lib64/python3.10/site-packages/airflow/example_dags/tutorial_taskflow_api_virtualenv.py
[2025-07-04T12:47:09.111+0530] {logging_mixin.py:188} INFO - [2025-07-04T12:47:09.111+0530] {dag.py:3036} INFO - Sync 1 DAGs
[2025-07-04T12:47:09.116+0530] {logging_mixin.py:188} INFO - [2025-07-04T12:47:09.116+0530] {dag.py:3823} INFO - Setting next_dagrun for tutorial_taskflow_api_virtualenv to None, run_after=None
[2025-07-04T12:47:09.131+0530] {processor.py:183} INFO - Processing /home/tejhanagarajan/Projects/small-projects/NewsImpact/venv/lib64/python3.10/site-packages/airflow/example_dags/tutorial_taskflow_api_virtualenv.py took 0.037 seconds
[2025-07-04T12:47:44.447+0530] {processor.py:161} INFO - Started process (PID=40340) to work on /home/tejhanagarajan/Projects/small-projects/NewsImpact/venv/lib64/python3.10/site-packages/airflow/example_dags/tutorial_taskflow_api_virtualenv.py
[2025-07-04T12:47:44.450+0530] {processor.py:830} INFO - Processing file /home/tejhanagarajan/Projects/small-projects/NewsImpact/venv/lib64/python3.10/site-packages/airflow/example_dags/tutorial_taskflow_api_virtualenv.py for tasks to queue
[2025-07-04T12:47:44.451+0530] {logging_mixin.py:188} INFO - [2025-07-04T12:47:44.451+0530] {dagbag.py:538} INFO - Filling up the DagBag from /home/tejhanagarajan/Projects/small-projects/NewsImpact/venv/lib64/python3.10/site-packages/airflow/example_dags/tutorial_taskflow_api_virtualenv.py
[2025-07-04T12:47:44.456+0530] {processor.py:840} INFO - DAG(s) 'tutorial_taskflow_api_virtualenv' retrieved from /home/tejhanagarajan/Projects/small-projects/NewsImpact/venv/lib64/python3.10/site-packages/airflow/example_dags/tutorial_taskflow_api_virtualenv.py
[2025-07-04T12:47:44.463+0530] {logging_mixin.py:188} INFO - [2025-07-04T12:47:44.463+0530] {dag.py:3036} INFO - Sync 1 DAGs
[2025-07-04T12:47:44.468+0530] {logging_mixin.py:188} INFO - [2025-07-04T12:47:44.468+0530] {dag.py:3823} INFO - Setting next_dagrun for tutorial_taskflow_api_virtualenv to None, run_after=None
[2025-07-04T12:47:44.485+0530] {processor.py:183} INFO - Processing /home/tejhanagarajan/Projects/small-projects/NewsImpact/venv/lib64/python3.10/site-packages/airflow/example_dags/tutorial_taskflow_api_virtualenv.py took 0.040 seconds
[2025-07-04T12:48:15.888+0530] {processor.py:161} INFO - Started process (PID=40587) to work on /home/tejhanagarajan/Projects/small-projects/NewsImpact/venv/lib64/python3.10/site-packages/airflow/example_dags/tutorial_taskflow_api_virtualenv.py
[2025-07-04T12:48:15.891+0530] {processor.py:830} INFO - Processing file /home/tejhanagarajan/Projects/small-projects/NewsImpact/venv/lib64/python3.10/site-packages/airflow/example_dags/tutorial_taskflow_api_virtualenv.py for tasks to queue
[2025-07-04T12:48:15.892+0530] {logging_mixin.py:188} INFO - [2025-07-04T12:48:15.891+0530] {dagbag.py:538} INFO - Filling up the DagBag from /home/tejhanagarajan/Projects/small-projects/NewsImpact/venv/lib64/python3.10/site-packages/airflow/example_dags/tutorial_taskflow_api_virtualenv.py
[2025-07-04T12:48:15.899+0530] {processor.py:840} INFO - DAG(s) 'tutorial_taskflow_api_virtualenv' retrieved from /home/tejhanagarajan/Projects/small-projects/NewsImpact/venv/lib64/python3.10/site-packages/airflow/example_dags/tutorial_taskflow_api_virtualenv.py
[2025-07-04T12:48:15.905+0530] {logging_mixin.py:188} INFO - [2025-07-04T12:48:15.905+0530] {dag.py:3036} INFO - Sync 1 DAGs
[2025-07-04T12:48:15.910+0530] {logging_mixin.py:188} INFO - [2025-07-04T12:48:15.909+0530] {dag.py:3823} INFO - Setting next_dagrun for tutorial_taskflow_api_virtualenv to None, run_after=None
[2025-07-04T12:48:15.927+0530] {processor.py:183} INFO - Processing /home/tejhanagarajan/Projects/small-projects/NewsImpact/venv/lib64/python3.10/site-packages/airflow/example_dags/tutorial_taskflow_api_virtualenv.py took 0.040 seconds
